[23:16:20] START cub12-vanilla s42 gpu0
[23:16:20] START cub12-vanilla s43 gpu1
[23:16:20] START cub12-vanilla s44 gpu2
[23:16:20] START cub12-cbm s42 gpu3
[23:16:20] START cub12-cbm s43 gpu4
[23:16:20] START cub12-cbm s44 gpu5
[23:16:20] START cub12-cem s42 gpu6
[04:47:11] DONE  cub12-vanilla s43 rc=0
[04:47:20] START cub12-cem s43 gpu0
[04:47:55] DONE  cub12-cem s43 rc=0
[04:48:00] START cub12-cem s44 gpu1
[04:48:38] DONE  cub12-vanilla s44 rc=0
[04:48:40] START cub12-arhcbm s42 gpu2
[04:49:40] DONE  cub12-vanilla s42 rc=0
[04:49:40] START cub12-arhcbm s43 gpu3
[04:50:05] DONE  cub12-arhcbm s43 rc=0
[04:50:10] START cub12-arhcbm s44 gpu4
[04:50:36] DONE  cub12-arhcbm s44 rc=0
[04:50:40] START cub12-shcbm s42 gpu5
[04:51:06] DONE  cub12-shcbm s42 rc=0
[04:51:10] START cub12-shcbm s43 gpu6
[04:51:37] DONE  cub12-shcbm s43 rc=0
[04:51:40] START cub12-shcbm s44 gpu0
[05:15:41] DONE  cub12-cbm s44 rc=0
[05:15:51] START cub12-mcbm-005 s42 gpu1
[05:16:20] DONE  cub12-mcbm-005 s42 rc=0
[05:16:21] START cub12-mcbm-005 s43 gpu2
[05:16:47] DONE  cub12-mcbm-005 s43 rc=0
[05:16:51] START cub12-mcbm-005 s44 gpu3
[05:17:14] DONE  cub12-mcbm-005 s44 rc=0
[05:17:21] START cub12-mcbm-01 s42 gpu4
[05:17:45] DONE  cub12-mcbm-01 s42 rc=0
[05:17:51] START cub12-mcbm-01 s43 gpu5
[05:19:52] DONE  cub12-cbm s42 rc=0
[05:20:01] START cub12-mcbm-01 s44 gpu6
[05:20:27] DONE  cub12-mcbm-01 s44 rc=0
[05:20:31] START cub12-mcbm-03 s42 gpu0
[05:20:57] DONE  cub12-mcbm-03 s42 rc=0
[05:21:01] START cub12-mcbm-03 s43 gpu1
[05:21:17] DONE  cub12-cbm s43 rc=0
[05:21:21] START cub12-mcbm-03 s44 gpu2
[05:21:27] DONE  cub12-mcbm-03 s43 rc=0
[05:21:46] DONE  cub12-mcbm-03 s44 rc=0
[05:49:37] DONE  cub12-cem s42 rc=0
[10:36:34] DONE  cub12-shcbm s44 rc=0
[10:53:37] DONE  cub12-arhcbm s42 rc=0
[10:55:28] DONE  cub12-cem s44 rc=0
[11:20:21] DONE  cub12-mcbm-01 s43 rc=0
[11:20:21] ALL 24 CUB RUNS DONE
