
===== launch 2026-07-28 00:16:57.649443 gpu5 =====
wandb: Using wandb-core as the SDK backend.  Please refer to https://wandb.me/wandb-core for more information.
wandb: Tracking run with wandb version 0.19.0
wandb: W&B syncing is set to `offline` in this directory.  
wandb: Run `wandb online` or set WANDB_MODE=online to enable cloud syncing.
/research/hal-afsharim/miniconda3/envs/mcbm/lib/python3.10/site-packages/torchvision/models/_utils.py:208: UserWarning: The parameter 'pretrained' is deprecated since 0.13 and will be removed in 0.15, please use 'weights' instead.
  warnings.warn(
/research/hal-afsharim/miniconda3/envs/mcbm/lib/python3.10/site-packages/torchvision/models/_utils.py:223: UserWarning: Arguments other than a weight enum or `None` for 'weights' are deprecated since 0.13 and will be removed in 0.15. The current behavior is equivalent to passing `weights=ResNet50_Weights.IMAGENET1K_V1`. You can also use `weights=ResNet50_Weights.DEFAULT` to get the most up-to-date weights.
  warnings.warn(msg)
Epoch 1
losses_train/task:	2.849912166595459
losses_train/concepts:	8.47978401184082
losses_train/precision:	0.029131442308425903
losses_train/total:	3.698180913925171
losses_test/task:	1.6900314092636108
losses_test/concepts:	5.055694580078125
losses_test/precision:	0.03736137971282005
losses_test/total:	2.195974349975586
calibration_test/ece:	0.27362897992134094
calibration_test/brier:	0.618146538734436
accuracy_test/task:	62.329397973708446
accuracy_test/concepts:	94.72911834716797
map_test/concepts:	0.9070019464939832

Epoch 2
losses_train/task:	1.6442089080810547
losses_train/concepts:	5.892086029052734
losses_train/precision:	0.042379382997751236
losses_train/total:	2.2338414192199707
losses_test/task:	1.217188835144043
losses_test/concepts:	3.862729549407959
losses_test/precision:	0.04394287243485451
losses_test/total:	1.6039012670516968
calibration_test/ece:	0.14226359128952026
calibration_test/brier:	0.4643057584762573
accuracy_test/task:	68.94415138574898
accuracy_test/concepts:	94.70064544677734
map_test/concepts:	0.9349190086126328

Epoch 3
losses_train/task:	1.342853307723999
losses_train/concepts:	4.846973419189453
losses_train/precision:	0.04669610783457756
losses_train/total:	1.8280174732208252
losses_test/task:	1.0186494588851929
losses_test/concepts:	3.4541115760803223
losses_test/precision:	0.04935360699892044
losses_test/total:	1.3645540475845337
calibration_test/ece:	0.09670709818601608
calibration_test/brier:	0.3971954882144928
accuracy_test/task:	73.04697312233107
accuracy_test/concepts:	95.72511291503906
map_test/concepts:	0.9396445468068123

Epoch 4
losses_train/task:	1.2201460599899292
losses_train/concepts:	4.365091800689697
losses_train/precision:	0.051922764629125595
losses_train/total:	1.6571744680404663
losses_test/task:	0.8482664227485657
losses_test/concepts:	2.6293482780456543
losses_test/precision:	0.053760826587677
losses_test/total:	1.1117390394210815
calibration_test/ece:	0.07561492174863815
calibration_test/brier:	0.33686763048171997
accuracy_test/task:	77.0576906974797
accuracy_test/concepts:	97.05476379394531
map_test/concepts:	0.9521237015724182

Epoch 5
losses_train/task:	1.1842305660247803
losses_train/concepts:	4.316917419433594
losses_train/precision:	0.04758165031671524
losses_train/total:	1.6163983345031738
losses_test/task:	0.8936445116996765
losses_test/concepts:	2.9888665676116943
losses_test/precision:	0.047377534210681915
losses_test/total:	1.1930044889450073
calibration_test/ece:	0.053270451724529266
calibration_test/brier:	0.35358643531799316
accuracy_test/task:	75.27421920790421
accuracy_test/concepts:	96.35601806640625
map_test/concepts:	0.9447737440466881

Epoch 6
losses_train/task:	1.1092251539230347
losses_train/concepts:	3.910278081893921
losses_train/precision:	0.040793582797050476
losses_train/total:	1.5006603002548218
losses_test/task:	0.9759348034858704
losses_test/concepts:	3.368586540222168
losses_test/precision:	0.03965776786208153
losses_test/total:	1.313190221786499
calibration_test/ece:	0.03930661827325821
calibration_test/brier:	0.3772987723350525
accuracy_test/task:	72.66181026542745
accuracy_test/concepts:	95.69371032714844
map_test/concepts:	0.9443291053175926

Epoch 7
losses_train/task:	1.1465892791748047
losses_train/concepts:	4.2149739265441895
losses_train/precision:	0.04194081947207451
losses_train/total:	1.5685062408447266
losses_test/task:	1.0370389223098755
losses_test/concepts:	3.809126138687134
losses_test/precision:	0.04074805602431297
losses_test/total:	1.4183588027954102
calibration_test/ece:	0.048540353775024414
calibration_test/brier:	0.3822661340236664
accuracy_test/task:	72.87113790504898
accuracy_test/concepts:	95.95159912109375
map_test/concepts:	0.9413233622908592

Epoch 8
losses_train/task:	1.0466099977493286
losses_train/concepts:	3.6483192443847656
losses_train/precision:	0.040198586881160736
losses_train/total:	1.4118437767028809
losses_test/task:	0.8200397491455078
losses_test/concepts:	2.779442310333252
losses_test/precision:	0.03910975903272629
losses_test/total:	1.0983749628067017
calibration_test/ece:	0.04752061516046524
calibration_test/brier:	0.3262748122215271
accuracy_test/task:	77.40098802645902
accuracy_test/concepts:	96.79310607910156
map_test/concepts:	0.9500390201807022

Epoch 9
losses_train/task:	1.1839238405227661
losses_train/concepts:	4.562345027923584
losses_train/precision:	0.044196486473083496
losses_train/total:	1.6405993700027466
losses_test/task:	0.8678122758865356
losses_test/concepts:	2.95320725440979
losses_test/precision:	0.04267621412873268
losses_test/total:	1.1635596752166748
calibration_test/ece:	0.0515424944460392
calibration_test/brier:	0.3456296920776367
accuracy_test/task:	75.33283094699824
accuracy_test/concepts:	96.27354431152344
map_test/concepts:	0.9418966799974442

Epoch 10
losses_train/task:	1.0744380950927734
losses_train/concepts:	3.948549747467041
losses_train/precision:	0.04241566359996796
losses_train/total:	1.4697166681289673
losses_test/task:	0.9922015070915222
losses_test/concepts:	3.531071424484253
losses_test/precision:	0.04546022787690163
losses_test/total:	1.3457633256912231
calibration_test/ece:	0.045906271785497665
calibration_test/brier:	0.3847805857658386
accuracy_test/task:	72.41899020346646
accuracy_test/concepts:	95.13145446777344
map_test/concepts:	0.9351757019758224

Epoch 11
losses_train/task:	0.9954196810722351
losses_train/concepts:	3.5022542476654053
losses_train/precision:	0.04630022868514061
losses_train/total:	1.346108078956604
losses_test/task:	0.7522637844085693
losses_test/concepts:	2.271597385406494
losses_test/precision:	0.04539889469742775
losses_test/total:	0.9798774123191833
calibration_test/ece:	0.0401841476559639
calibration_test/brier:	0.2979573607444763
accuracy_test/task:	79.20120572720423
accuracy_test/concepts:	97.23394012451172
map_test/concepts:	0.9572747275233269

Epoch 12
losses_train/task:	1.050456166267395
losses_train/concepts:	3.79170823097229
losses_train/precision:	0.04168146476149559
losses_train/total:	1.4300435781478882
losses_test/task:	0.8078185319900513
losses_test/concepts:	2.679116725921631
losses_test/precision:	0.04283546656370163
losses_test/total:	1.0761586427688599
calibration_test/ece:	0.05050482228398323
calibration_test/brier:	0.3196401298046112
accuracy_test/task:	77.23352591476178
accuracy_test/concepts:	96.6440658569336
map_test/concepts:	0.9544978782534599

Epoch 13
losses_train/task:	1.0034537315368652
losses_train/concepts:	3.517646312713623
losses_train/precision:	0.04233654588460922
losses_train/total:	1.3556421995162964
losses_test/task:	0.7734946012496948
losses_test/concepts:	2.5376200675964355
losses_test/precision:	0.040594104677438736
losses_test/total:	1.0276626348495483
calibration_test/ece:	0.0393381267786026
calibration_test/brier:	0.3131462335586548
accuracy_test/task:	78.06246336766307
accuracy_test/concepts:	96.87181091308594
map_test/concepts:	0.9541945159435272

Epoch 14
losses_train/task:	0.9147826433181763
losses_train/concepts:	3.0778048038482666
losses_train/precision:	0.03629281744360924
losses_train/total:	1.2229256629943848
losses_test/task:	0.64302659034729
losses_test/concepts:	1.9441441297531128
losses_test/precision:	0.03305333852767944
losses_test/total:	0.8377715349197388
calibration_test/ece:	0.05110473185777664
calibration_test/brier:	0.2649764120578766
accuracy_test/task:	81.31960144017415
accuracy_test/concepts:	97.81755065917969
map_test/concepts:	0.959532716870308

Epoch 15
losses_train/task:	0.8782378435134888
losses_train/concepts:	2.9179847240448
losses_train/precision:	0.03262767940759659
losses_train/total:	1.1703627109527588
losses_test/task:	0.7807410955429077
losses_test/concepts:	2.7912518978118896
losses_test/precision:	0.03830312192440033
losses_test/total:	1.0602494478225708
calibration_test/ece:	0.03372678905725479
calibration_test/brier:	0.3130919337272644
accuracy_test/task:	78.24667169053002
accuracy_test/concepts:	96.79979705810547
map_test/concepts:	0.9458976686000824

Epoch 16
losses_train/task:	0.8895792961120605
losses_train/concepts:	2.9967777729034424
losses_train/precision:	0.03768692538142204
losses_train/total:	1.1896339654922485
losses_test/task:	0.7823015451431274
losses_test/concepts:	2.6775665283203125
losses_test/precision:	0.04036979749798775
losses_test/total:	1.050462245941162
calibration_test/ece:	0.035679690539836884
calibration_test/brier:	0.3056383728981018
accuracy_test/task:	78.1629406346814
accuracy_test/concepts:	96.78681945800781
map_test/concepts:	0.947200071811676

Epoch 17
losses_train/task:	0.8594810962677002
losses_train/concepts:	2.855980157852173
losses_train/precision:	0.03201204538345337
losses_train/total:	1.1453993320465088
losses_test/task:	0.6793214082717896
losses_test/concepts:	2.1411702632904053
losses_test/precision:	0.025959493592381477
losses_test/total:	0.8936981558799744
calibration_test/ece:	0.03353692218661308
calibration_test/brier:	0.2754591703414917
accuracy_test/task:	80.63300678221552
accuracy_test/concepts:	97.58184051513672
map_test/concepts:	0.9597595795989037

Epoch 18
losses_train/task:	0.9317528009414673
losses_train/concepts:	3.206608295440674
losses_train/precision:	0.02841341868042946
losses_train/total:	1.252697467803955
losses_test/task:	0.9278767704963684
losses_test/concepts:	3.339587450027466
losses_test/precision:	0.047821205109357834
losses_test/total:	1.2623138427734375
calibration_test/ece:	0.0404571071267128
calibration_test/brier:	0.34726375341415405
accuracy_test/task:	75.49191995311061
accuracy_test/concepts:	95.74311065673828
map_test/concepts:	0.9370071768760682

Epoch 19
losses_train/task:	0.9183500409126282
losses_train/concepts:	3.147254467010498
losses_train/precision:	0.03793327137827873
losses_train/total:	1.2334553003311157
losses_test/task:	0.7860182523727417
losses_test/concepts:	2.890953540802002
losses_test/precision:	0.03479837626218796
losses_test/total:	1.075461745262146
calibration_test/ece:	0.02625735104084015
calibration_test/brier:	0.3075100779533386
accuracy_test/task:	78.22155237377544
accuracy_test/concepts:	97.16653442382812
map_test/concepts:	0.9518690019845962

Epoch 20
losses_train/task:	0.8544072508811951
losses_train/concepts:	2.8257007598876953
losses_train/precision:	0.030646581202745438
losses_train/total:	1.1372841596603394
losses_test/task:	0.6696463227272034
losses_test/concepts:	2.3175206184387207
losses_test/precision:	0.02854934334754944
losses_test/total:	0.9016838073730469
calibration_test/ece:	0.03553900495171547
calibration_test/brier:	0.2723701596260071
accuracy_test/task:	80.64137988780038
accuracy_test/concepts:	97.69530487060547
map_test/concepts:	0.9573199540376663

Epoch 21
losses_train/task:	0.8773877024650574
losses_train/concepts:	2.9149391651153564
losses_train/precision:	0.03109964169561863
losses_train/total:	1.1691924333572388
losses_test/task:	0.699925422668457
losses_test/concepts:	2.2474524974823
losses_test/precision:	0.029686279594898224
losses_test/total:	0.9249675273895264
calibration_test/ece:	0.03174725919961929
calibration_test/brier:	0.2819731533527374
accuracy_test/task:	79.87105417399313
accuracy_test/concepts:	97.52616882324219
map_test/concepts:	0.9561805799603462

Epoch 22
losses_train/task:	0.7986271977424622
losses_train/concepts:	2.552624464035034
losses_train/precision:	0.024885427206754684
losses_train/total:	1.0541391372680664
losses_test/task:	0.697841465473175
losses_test/concepts:	2.2827906608581543
losses_test/precision:	0.02863289602100849
losses_test/total:	0.9264064431190491
calibration_test/ece:	0.03465797007083893
calibration_test/brier:	0.2772001326084137
accuracy_test/task:	80.4655446705183
accuracy_test/concepts:	97.59105682373047
map_test/concepts:	0.9590539932250977

Epoch 23
losses_train/task:	0.795624315738678
losses_train/concepts:	2.5372393131256104
losses_train/precision:	0.027315840125083923
losses_train/total:	1.0496217012405396
losses_test/task:	0.6621608734130859
losses_test/concepts:	2.2039990425109863
losses_test/precision:	0.028050662949681282
losses_test/total:	0.8828409314155579
calibration_test/ece:	0.02972811460494995
calibration_test/brier:	0.2694627344608307
accuracy_test/task:	80.85070752742192
accuracy_test/concepts:	97.88914489746094
map_test/concepts:	0.95933758020401

Epoch 24
losses_train/task:	0.8090730309486389
losses_train/concepts:	2.692739248275757
losses_train/precision:	0.030544176697731018
losses_train/total:	1.0786523818969727
losses_test/task:	0.6399275660514832
losses_test/concepts:	2.106091260910034
losses_test/precision:	0.029974456876516342
losses_test/total:	0.8508366942405701
calibration_test/ece:	0.04184454679489136
calibration_test/brier:	0.2640916407108307
accuracy_test/task:	81.02654274470402
accuracy_test/concepts:	97.91049194335938
map_test/concepts:	0.9597263842821121

Epoch 25
losses_train/task:	0.80194491147995
losses_train/concepts:	2.5745174884796143
losses_train/precision:	0.0317775197327137
losses_train/total:	1.0597143173217773
losses_test/task:	0.6599465608596802
losses_test/concepts:	2.194415330886841
losses_test/precision:	0.03191421926021576
losses_test/total:	0.8797071576118469
calibration_test/ece:	0.02071497030556202
calibration_test/brier:	0.2708930969238281
accuracy_test/task:	80.85908063300678
accuracy_test/concepts:	97.6630630493164
map_test/concepts:	0.961196368932724

Epoch 26
losses_train/task:	0.7627187371253967
losses_train/concepts:	2.422746181488037
losses_train/precision:	0.030292266979813576
losses_train/total:	1.005296230316162
losses_test/task:	0.6446508765220642
losses_test/concepts:	2.218240261077881
losses_test/precision:	0.028608625754714012
losses_test/total:	0.8667608499526978
calibration_test/ece:	0.021984070539474487
calibration_test/brier:	0.26831716299057007
accuracy_test/task:	80.79209578832788
accuracy_test/concepts:	97.7313003540039
map_test/concepts:	0.9600077584385872

Epoch 27
losses_train/task:	0.8136597275733948
losses_train/concepts:	2.6970787048339844
losses_train/precision:	0.02781723439693451
losses_train/total:	1.0836455821990967
losses_test/task:	0.669640064239502
losses_test/concepts:	2.187892198562622
losses_test/precision:	0.0265209898352623
losses_test/total:	0.8886945843696594
calibration_test/ece:	0.02179606445133686
calibration_test/brier:	0.2709594964981079
accuracy_test/task:	80.79209578832788
accuracy_test/concepts:	97.7267074584961
map_test/concepts:	0.9607030421495437

Epoch 28
losses_train/task:	0.7681291103363037
losses_train/concepts:	2.5052738189697266
losses_train/precision:	0.026028331369161606
losses_train/total:	1.018917202949524
losses_test/task:	0.7045405507087708
losses_test/concepts:	2.4415104389190674
losses_test/precision:	0.029737167060375214
losses_test/total:	0.9489888548851013
calibration_test/ece:	0.021815093234181404
calibration_test/brier:	0.2813938856124878
accuracy_test/task:	80.18085908063301
accuracy_test/concepts:	97.24356842041016
map_test/concepts:	0.9518514961004257

Epoch 29
losses_train/task:	0.7918697595596313
losses_train/concepts:	2.5397145748138428
losses_train/precision:	0.031828414648771286
losses_train/total:	1.0461595058441162
losses_test/task:	0.6394287347793579
losses_test/concepts:	2.198240280151367
losses_test/precision:	0.03050500527024269
losses_test/total:	0.8595579266548157
calibration_test/ece:	0.03579346090555191
calibration_test/brier:	0.2581576406955719
accuracy_test/task:	81.58754081888972
accuracy_test/concepts:	97.99883270263672
map_test/concepts:	0.9583731532096863

Epoch 30
losses_train/task:	0.7421932220458984
losses_train/concepts:	2.376477003097534
losses_train/precision:	0.026290299370884895
losses_train/total:	0.9801037907600403
losses_test/task:	0.6657285094261169
losses_test/concepts:	2.327153205871582
losses_test/precision:	0.02115451544523239
losses_test/total:	0.8986556529998779
calibration_test/ece:	0.034170106053352356
calibration_test/brier:	0.2670266330242157
accuracy_test/task:	81.11864690613749
accuracy_test/concepts:	97.95111846923828
map_test/concepts:	0.9619214743375778

Epoch 31
losses_train/task:	0.7520647048950195
losses_train/concepts:	2.4066147804260254
losses_train/precision:	0.02417665347456932
losses_train/total:	0.9929677248001099
losses_test/task:	0.6785629391670227
losses_test/concepts:	2.290684938430786
losses_test/precision:	0.02564970590174198
losses_test/total:	0.9078881144523621
calibration_test/ece:	0.029459882527589798
calibration_test/brier:	0.2747821509838104
accuracy_test/task:	80.17248597504815
accuracy_test/concepts:	97.67269134521484
map_test/concepts:	0.9579578042030334

Epoch 32
losses_train/task:	0.7165714502334595
losses_train/concepts:	2.1963050365448
losses_train/precision:	0.023578478023409843
losses_train/total:	0.936437726020813
losses_test/task:	0.677011251449585
losses_test/concepts:	2.2984774112701416
losses_test/precision:	0.02059280127286911
losses_test/total:	0.9070650339126587
calibration_test/ece:	0.02880430966615677
calibration_test/brier:	0.2766568660736084
accuracy_test/task:	80.4655446705183
accuracy_test/concepts:	97.69195556640625
map_test/concepts:	0.9632875263690949

Epoch 33
losses_train/task:	0.7078872323036194
losses_train/concepts:	2.1764042377471924
losses_train/precision:	0.023341238498687744
losses_train/total:	0.9257612228393555
losses_test/task:	0.6360800266265869
losses_test/concepts:	2.144031286239624
losses_test/precision:	0.02593519166111946
losses_test/total:	0.8507425785064697
calibration_test/ece:	0.026814978569746017
calibration_test/brier:	0.25537562370300293
accuracy_test/task:	81.79686845851126
accuracy_test/concepts:	98.0277099609375
map_test/concepts:	0.9572455435991287

Epoch 34
losses_train/task:	0.7136825919151306
losses_train/concepts:	2.173621654510498
losses_train/precision:	0.027536846697330475
losses_train/total:	0.9313203692436218
losses_test/task:	0.6859689950942993
losses_test/concepts:	2.4630515575408936
losses_test/precision:	0.027009176090359688
losses_test/total:	0.9325440526008606
calibration_test/ece:	0.02573195844888687
calibration_test/brier:	0.27390986680984497
accuracy_test/task:	80.23109771414218
accuracy_test/concepts:	97.63627624511719
map_test/concepts:	0.955481381714344

Epoch 35
losses_train/task:	0.7440198659896851
losses_train/concepts:	2.3606271743774414
losses_train/precision:	0.02511615678668022
losses_train/total:	0.9803339838981628
losses_test/task:	0.6206200122833252
losses_test/concepts:	1.9596116542816162
losses_test/precision:	0.02347586490213871
losses_test/total:	0.8168160915374756
calibration_test/ece:	0.0238640159368515
calibration_test/brier:	0.2557595670223236
accuracy_test/task:	81.62940634681404
accuracy_test/concepts:	98.06204223632812
map_test/concepts:	0.9598360925912857

Epoch 36
losses_train/task:	0.6828994750976562
losses_train/concepts:	2.1246116161346436
losses_train/precision:	0.022658366709947586
losses_train/total:	0.8955870866775513
losses_test/task:	0.6013413667678833
losses_test/concepts:	1.966673731803894
losses_test/precision:	0.02414584904909134
losses_test/total:	0.7982501983642578
calibration_test/ece:	0.02732459455728531
calibration_test/brier:	0.2494153529405594
accuracy_test/task:	80.81721510508247
accuracy_test/concepts:	98.0528335571289
map_test/concepts:	0.960174323618412

Epoch 37
losses_train/task:	0.7072201371192932
losses_train/concepts:	2.23761248588562
losses_train/precision:	0.02979946695268154
losses_train/total:	0.9312794208526611
losses_test/task:	0.7583466172218323
losses_test/concepts:	2.82684588432312
losses_test/precision:	0.025450941175222397
losses_test/total:	1.041285753250122
calibration_test/ece:	0.026018088683485985
calibration_test/brier:	0.29228171706199646
accuracy_test/task:	79.42727957799548
accuracy_test/concepts:	97.46336364746094
map_test/concepts:	0.9569916471838951

Epoch 38
losses_train/task:	0.6922794580459595
losses_train/concepts:	2.1437816619873047
losses_train/precision:	0.026803378015756607
losses_train/total:	0.90692538022995
losses_test/task:	0.6216002702713013
losses_test/concepts:	2.028719186782837
losses_test/precision:	0.023712070658802986
losses_test/total:	0.8247091174125671
calibration_test/ece:	0.023560620844364166
calibration_test/brier:	0.2586543560028076
accuracy_test/task:	81.57079460772
accuracy_test/concepts:	97.91216278076172
map_test/concepts:	0.9656996667385102

Epoch 39
losses_train/task:	0.6877967119216919
losses_train/concepts:	2.0672972202301025
losses_train/precision:	0.021446779370307922
losses_train/total:	0.8947407007217407
losses_test/task:	0.5877951383590698
losses_test/concepts:	1.8851546049118042
losses_test/precision:	0.016455169767141342
losses_test/total:	0.7764751315116882
calibration_test/ece:	0.04138660430908203
calibration_test/brier:	0.244194895029068
accuracy_test/task:	81.5289290797957
accuracy_test/concepts:	98.2558822631836
map_test/concepts:	0.9684741914272308

Epoch 40
losses_train/task:	0.6600810289382935
losses_train/concepts:	1.9959526062011719
losses_train/precision:	0.02112538553774357
losses_train/total:	0.8598878383636475
losses_test/task:	0.5740217566490173
losses_test/concepts:	1.9365178346633911
losses_test/precision:	0.020650260150432587
losses_test/total:	0.7678800225257874
calibration_test/ece:	0.01890973560512066
calibration_test/brier:	0.2405811995267868
accuracy_test/task:	82.960730134807
accuracy_test/concepts:	98.3257827758789
map_test/concepts:	0.9675088733434677

Epoch 41
losses_train/task:	0.6621293425559998
losses_train/concepts:	1.9944651126861572
losses_train/precision:	0.021514011546969414
losses_train/total:	0.8617910742759705
losses_test/task:	0.6384998559951782
losses_test/concepts:	2.3170156478881836
losses_test/precision:	0.03596562519669533
losses_test/total:	0.8705611228942871
calibration_test/ece:	0.020219910889863968
calibration_test/brier:	0.26159343123435974
accuracy_test/task:	81.41170560160764
accuracy_test/concepts:	97.92766571044922
map_test/concepts:	0.9616459280252456

Epoch 42
losses_train/task:	0.6841514706611633
losses_train/concepts:	2.101032018661499
losses_train/precision:	0.025270314887166023
losses_train/total:	0.8945072889328003
losses_test/task:	0.5854185819625854
losses_test/concepts:	1.9375169277191162
losses_test/precision:	0.023469101637601852
losses_test/total:	0.7794051170349121
calibration_test/ece:	0.020253708586096764
calibration_test/brier:	0.24619999527931213
accuracy_test/task:	82.11504647073599
accuracy_test/concepts:	98.05368041992188
map_test/concepts:	0.9615172863006591

Epoch 43
losses_train/task:	0.7395969033241272
losses_train/concepts:	2.4748950004577637
losses_train/precision:	0.028646493330597878
losses_train/total:	0.987372636795044
losses_test/task:	0.6189607977867126
losses_test/concepts:	2.1013145446777344
losses_test/precision:	0.023052344098687172
losses_test/total:	0.8293230533599854
calibration_test/ece:	0.03117155097424984
calibration_test/brier:	0.2536769211292267
accuracy_test/task:	81.73825671941724
accuracy_test/concepts:	98.05284118652344
map_test/concepts:	0.9556420236825943

Epoch 44
losses_train/task:	0.6872580647468567
losses_train/concepts:	2.148303508758545
losses_train/precision:	0.022823471575975418
losses_train/total:	0.9023165702819824
losses_test/task:	0.5892994999885559
losses_test/concepts:	1.8630439043045044
losses_test/precision:	0.020753853023052216
losses_test/total:	0.7758114337921143
calibration_test/ece:	0.01623666286468506
calibration_test/brier:	0.2433219850063324
accuracy_test/task:	82.45834379971531
accuracy_test/concepts:	98.01683044433594
map_test/concepts:	0.9598965540528297

Epoch 45
losses_train/task:	0.649960994720459
losses_train/concepts:	2.0008444786071777
losses_train/precision:	0.022450579330325127
losses_train/total:	0.8502697348594666
losses_test/task:	0.636579155921936
losses_test/concepts:	2.1651382446289062
losses_test/precision:	0.01810239814221859
losses_test/total:	0.8532739877700806
calibration_test/ece:	0.02291851118206978
calibration_test/brier:	0.26269540190696716
accuracy_test/task:	81.1605124340618
accuracy_test/concepts:	97.83930969238281
map_test/concepts:	0.9621379941701889

Epoch 46
losses_train/task:	0.8391279578208923
losses_train/concepts:	2.8904943466186523
losses_train/precision:	0.028270382434129715
losses_train/total:	1.1284594535827637
losses_test/task:	0.7028571367263794
losses_test/concepts:	2.516510009765625
losses_test/precision:	0.026806117966771126
losses_test/total:	0.9547759890556335
calibration_test/ece:	0.015577485784888268
calibration_test/brier:	0.27804020047187805
accuracy_test/task:	80.28133634765135
accuracy_test/concepts:	97.49433898925781
map_test/concepts:	0.955997358262539

Epoch 47
losses_train/task:	0.7301435470581055
losses_train/concepts:	2.3583922386169434
losses_train/precision:	0.0267249196767807
losses_train/total:	0.9662497043609619
losses_test/task:	0.7748768329620361
losses_test/concepts:	2.7542953491210938
losses_test/precision:	0.03139066323637962
losses_test/total:	1.0506203174591064
calibration_test/ece:	0.03498300164937973
calibration_test/brier:	0.30297818779945374
accuracy_test/task:	78.38901448547266
accuracy_test/concepts:	97.17994689941406
map_test/concepts:	0.9541637316346169

Epoch 48
losses_train/task:	0.7501940727233887
losses_train/concepts:	2.5038976669311523
losses_train/precision:	0.0368519201874733
losses_train/total:	1.0009526014328003
losses_test/task:	0.6367060542106628
losses_test/concepts:	2.2201385498046875
losses_test/precision:	0.0325004868209362
losses_test/total:	0.8590449094772339
calibration_test/ece:	0.021575214341282845
calibration_test/brier:	0.2592507302761078
accuracy_test/task:	81.66289876915349
accuracy_test/concepts:	97.72502136230469
map_test/concepts:	0.9566950842738151

Epoch 49
losses_train/task:	0.6789647936820984
losses_train/concepts:	2.0807769298553467
losses_train/precision:	0.025213832035660744
losses_train/total:	0.8872948288917542
losses_test/task:	0.6251057386398315
losses_test/concepts:	2.1929328441619873
losses_test/precision:	0.01830044761300087
losses_test/total:	0.8445819616317749
calibration_test/ece:	0.016511131078004837
calibration_test/brier:	0.254484623670578
accuracy_test/task:	81.78012224734154
accuracy_test/concepts:	98.05787658691406
map_test/concepts:	0.9643540292978287

Epoch 50
losses_train/task:	0.652683436870575
losses_train/concepts:	1.9754823446273804
losses_train/precision:	0.02149003930389881
losses_train/total:	0.8504465222358704
losses_test/task:	0.6210407018661499
losses_test/concepts:	2.132328748703003
losses_test/precision:	0.016379863023757935
losses_test/total:	0.8344372510910034
calibration_test/ece:	0.03320755064487457
calibration_test/brier:	0.25525417923927307
accuracy_test/task:	82.16528510424517
accuracy_test/concepts:	98.07376861572266
map_test/concepts:	0.9645834162831306

Epoch 51
losses_train/task:	0.5925768613815308
losses_train/concepts:	1.673176884651184
losses_train/precision:	0.0035719762090593576
losses_train/total:	0.7599303722381592
losses_test/task:	0.5066102147102356
losses_test/concepts:	1.6173303127288818
losses_test/precision:	0.001981794834136963
losses_test/total:	0.668363094329834
calibration_test/ece:	0.022246772423386574
calibration_test/brier:	0.21812424063682556
accuracy_test/task:	84.42602361215775
accuracy_test/concepts:	98.55020141601562
map_test/concepts:	0.9678473740816116

Epoch 52
losses_train/task:	0.5493119955062866
losses_train/concepts:	1.4707645177841187
losses_train/precision:	0.0015363693237304688
losses_train/total:	0.6964035630226135
losses_test/task:	0.49600979685783386
losses_test/concepts:	1.556382656097412
losses_test/precision:	0.0014019218506291509
losses_test/total:	0.6516620516777039
calibration_test/ece:	0.01795293018221855
calibration_test/brier:	0.21465809643268585
accuracy_test/task:	84.66047056853387
accuracy_test/concepts:	98.60337829589844
map_test/concepts:	0.9682405441999435

Epoch 53
losses_train/task:	0.5416797399520874
losses_train/concepts:	1.4372422695159912
losses_train/precision:	0.0015787985175848007
losses_train/total:	0.6854195594787598
losses_test/task:	0.4899887442588806
losses_test/concepts:	1.5737135410308838
losses_test/precision:	0.0018537032883614302
losses_test/total:	0.6473786234855652
calibration_test/ece:	0.018032900989055634
calibration_test/brier:	0.2134954035282135
accuracy_test/task:	84.69396299087332
accuracy_test/concepts:	98.64564514160156
map_test/concepts:	0.9680144786834717

Epoch 54
losses_train/task:	0.5266719460487366
losses_train/concepts:	1.4108823537826538
losses_train/precision:	0.001736567122861743
losses_train/total:	0.6677777767181396
losses_test/task:	0.48721998929977417
losses_test/concepts:	1.6074910163879395
losses_test/precision:	0.0013232588535174727
losses_test/total:	0.6479823589324951
calibration_test/ece:	0.019759994000196457
calibration_test/brier:	0.21230097115039825
accuracy_test/task:	84.78606715230679
accuracy_test/concepts:	98.66365051269531
map_test/concepts:	0.9684996485710144

Epoch 55
losses_train/task:	0.525650680065155
losses_train/concepts:	1.384455919265747
losses_train/precision:	0.0015289008151739836
losses_train/total:	0.6641114354133606
losses_test/task:	0.47849008440971375
losses_test/concepts:	1.580342173576355
losses_test/precision:	0.001423925394192338
losses_test/total:	0.6365386247634888
calibration_test/ece:	0.01665540412068367
calibration_test/brier:	0.2087220549583435
accuracy_test/task:	85.0874989533618
accuracy_test/concepts:	98.73902130126953
map_test/concepts:	0.9687726408243179

Epoch 56
losses_train/task:	0.5173104405403137
losses_train/concepts:	1.3579745292663574
losses_train/precision:	0.0014830970903858542
losses_train/total:	0.6531224846839905
losses_test/task:	0.4725058376789093
losses_test/concepts:	1.5458098649978638
losses_test/precision:	0.0016619621310383081
losses_test/total:	0.6271034479141235
calibration_test/ece:	0.016694646328687668
calibration_test/brier:	0.20745843648910522
accuracy_test/task:	85.14611069245584
accuracy_test/concepts:	98.74320220947266
map_test/concepts:	0.9707556694746018

Epoch 57
losses_train/task:	0.497151255607605
losses_train/concepts:	1.26491117477417
losses_train/precision:	0.0014529224717989564
losses_train/total:	0.6236566305160522
losses_test/task:	0.4757137596607208
losses_test/concepts:	1.5870462656021118
losses_test/precision:	0.0015366816660389304
losses_test/total:	0.6344337463378906
calibration_test/ece:	0.01522313617169857
calibration_test/brier:	0.20848348736763
accuracy_test/task:	84.99539479192832
accuracy_test/concepts:	98.76203155517578
map_test/concepts:	0.9709833681583404

Epoch 58
losses_train/task:	0.5023916363716125
losses_train/concepts:	1.3184353113174438
losses_train/precision:	0.002559220651164651
losses_train/total:	0.6342607140541077
losses_test/task:	0.4712294638156891
losses_test/concepts:	1.5717864036560059
losses_test/precision:	0.0029837358742952347
losses_test/total:	0.6284378170967102
calibration_test/ece:	0.017197832465171814
calibration_test/brier:	0.2072867602109909
accuracy_test/task:	85.02051410868292
accuracy_test/concepts:	98.741943359375
map_test/concepts:	0.9689403623342514

Epoch 59
losses_train/task:	0.4954684376716614
losses_train/concepts:	1.2703295946121216
losses_train/precision:	0.0019258215324953198
losses_train/total:	0.6225205063819885
losses_test/task:	0.47151443362236023
losses_test/concepts:	1.550674557685852
losses_test/precision:	0.001162439351901412
losses_test/total:	0.6265935301780701
calibration_test/ece:	0.01847299374639988
calibration_test/brier:	0.20803984999656677
accuracy_test/task:	84.96190236958888
accuracy_test/concepts:	98.75910949707031
map_test/concepts:	0.971068748831749

Epoch 60
losses_train/task:	0.49468761682510376
losses_train/concepts:	1.2698888778686523
losses_train/precision:	0.0017021778039634228
losses_train/total:	0.6216932535171509
losses_test/task:	0.4684006869792938
losses_test/concepts:	1.546434998512268
losses_test/precision:	0.0020069328602403402
losses_test/total:	0.623064398765564
calibration_train/ece:	0.022197458893060684
calibration_train/brier:	0.20180246233940125
accuracy_train/task:	85.10890151515152
calibration_test/ece:	0.01555880531668663
calibration_test/brier:	0.20642702281475067
accuracy_test/task:	85.11261827011639
accuracy_train/concepts:	98.41304016113281
map_train/concepts:	0.9834879904985427
accuracy_test/concepts:	98.7699966430664
map_test/concepts:	0.9709278970956803
accuracy_test/nuisances_task:	1.1829266181358924
accuracy_test/nuisances_nontask:	0.0
mutual_inf_test/nuisances_task:	0.048878132443020944
mutual_inf_test/nuisances_nontask:	0.0

Epoch 61
losses_train/task:	0.487977534532547
losses_train/concepts:	1.1850227117538452
losses_train/precision:	0.0015474373940378428
losses_train/total:	0.6064952611923218
losses_test/task:	0.4697030186653137
losses_test/concepts:	1.508503794670105
losses_test/precision:	0.0017268944066017866
losses_test/total:	0.620570719242096
calibration_test/ece:	0.01617100089788437
calibration_test/brier:	0.20555531978607178
accuracy_test/task:	85.20472243154987
accuracy_test/concepts:	98.78047180175781
map_test/concepts:	0.9725712448358536

Epoch 62
losses_train/task:	0.4973246157169342
losses_train/concepts:	1.2577786445617676
losses_train/precision:	0.001480665523558855
losses_train/total:	0.6231170296669006
losses_test/task:	0.47229838371276855
losses_test/concepts:	1.4963890314102173
losses_test/precision:	0.0011936796363443136
losses_test/total:	0.6219492554664612
calibration_test/ece:	0.016393255442380905
calibration_test/brier:	0.20613251626491547
accuracy_test/task:	85.20472243154987
accuracy_test/concepts:	98.76329040527344
map_test/concepts:	0.9733232200145722

Epoch 63
losses_train/task:	0.48363494873046875
losses_train/concepts:	1.212141513824463
losses_train/precision:	0.001379030873067677
losses_train/total:	0.6048628091812134
losses_test/task:	0.46199163794517517
losses_test/concepts:	1.5806701183319092
losses_test/precision:	0.0011795033933594823
losses_test/total:	0.6200703978538513
calibration_test/ece:	0.014284293167293072
calibration_test/brier:	0.20302824676036835
accuracy_test/task:	85.40567696558654
accuracy_test/concepts:	98.82232666015625
map_test/concepts:	0.9737216323614121

Epoch 64
losses_train/task:	0.4799290597438812
losses_train/concepts:	1.154826283454895
losses_train/precision:	0.0012922085588797927
losses_train/total:	0.5954243540763855
losses_test/task:	0.46518081426620483
losses_test/concepts:	1.5095139741897583
losses_test/precision:	0.001122204354032874
losses_test/total:	0.6161434054374695
calibration_test/ece:	0.014826248399913311
calibration_test/brier:	0.2033172994852066
accuracy_test/task:	85.40567696558654
accuracy_test/concepts:	98.8013916015625
map_test/concepts:	0.9723782807588577

Epoch 65
losses_train/task:	0.4850732684135437
losses_train/concepts:	1.2118810415267944
losses_train/precision:	0.0012847894104197621
losses_train/total:	0.6062741875648499
losses_test/task:	0.46207937598228455
losses_test/concepts:	1.5886634588241577
losses_test/precision:	0.0011203960748389363
losses_test/total:	0.62095707654953
calibration_test/ece:	0.01935698837041855
calibration_test/brier:	0.20265421271324158
accuracy_test/task:	85.3470652264925
accuracy_test/concepts:	98.82398986816406
map_test/concepts:	0.9723966240882873

Epoch 66
losses_train/task:	0.47757798433303833
losses_train/concepts:	1.1415576934814453
losses_train/precision:	0.0012407030444592237
losses_train/total:	0.5917461514472961
losses_test/task:	0.4661490023136139
losses_test/concepts:	1.6852129697799683
losses_test/precision:	0.0014478183584287763
losses_test/total:	0.6346849203109741
calibration_test/ece:	0.016067389398813248
calibration_test/brier:	0.2029096633195877
accuracy_test/task:	85.4140500711714
accuracy_test/concepts:	98.83989715576172
map_test/concepts:	0.9718017876148224

Epoch 67
losses_train/task:	0.4677327573299408
losses_train/concepts:	1.161346197128296
losses_train/precision:	0.001476862351410091
losses_train/total:	0.5838822722434998
losses_test/task:	0.463085412979126
losses_test/concepts:	1.5464754104614258
losses_test/precision:	0.001298403600230813
losses_test/total:	0.617746114730835
calibration_test/ece:	0.014339780434966087
calibration_test/brier:	0.20312835276126862
accuracy_test/task:	85.39730386000167
accuracy_test/concepts:	98.82400512695312
map_test/concepts:	0.9738279998302459

Epoch 68
losses_train/task:	0.4704904556274414
losses_train/concepts:	1.1478880643844604
losses_train/precision:	0.0012962300097569823
losses_train/total:	0.585291862487793
losses_test/task:	0.46297687292099
losses_test/concepts:	1.780860185623169
losses_test/precision:	0.0012584903743118048
losses_test/total:	0.6410755515098572
calibration_test/ece:	0.013727267272770405
calibration_test/brier:	0.202200785279274
accuracy_test/task:	85.44754249351084
accuracy_test/concepts:	98.84074401855469
map_test/concepts:	0.9735092014074326

Epoch 69
losses_train/task:	0.4638533890247345
losses_train/concepts:	1.1294323205947876
losses_train/precision:	0.0013306249165907502
losses_train/total:	0.5768098831176758
losses_test/task:	0.4663050174713135
losses_test/concepts:	1.8127357959747314
losses_test/precision:	0.0012894872343167663
losses_test/total:	0.6475913524627686
calibration_test/ece:	0.017165280878543854
calibration_test/brier:	0.20270715653896332
accuracy_test/task:	85.47266181026542
accuracy_test/concepts:	98.8445053100586
map_test/concepts:	0.9734659761190414

Epoch 70
losses_train/task:	0.4655960202217102
losses_train/concepts:	1.1229130029678345
losses_train/precision:	0.001362253213301301
losses_train/total:	0.5779006481170654
losses_test/task:	0.45415788888931274
losses_test/concepts:	1.7750506401062012
losses_test/precision:	0.0011809488059952855
losses_test/total:	0.6316746473312378
calibration_test/ece:	0.013253234326839447
calibration_test/brier:	0.2003505975008011
accuracy_test/task:	85.55639286611404
accuracy_test/concepts:	98.88177490234375
map_test/concepts:	0.9749252021312713

Epoch 71
losses_train/task:	0.4594942629337311
losses_train/concepts:	1.0895646810531616
losses_train/precision:	0.001316669164225459
losses_train/total:	0.5684640407562256
losses_test/task:	0.4600357115268707
losses_test/concepts:	1.7940975427627563
losses_test/precision:	0.0013748985948041081
losses_test/total:	0.6394594311714172
calibration_test/ece:	0.014438374899327755
calibration_test/brier:	0.20179224014282227
accuracy_test/task:	85.58988528845349
accuracy_test/concepts:	98.87632751464844
map_test/concepts:	0.975615131855011

Epoch 72
losses_train/task:	0.46923333406448364
losses_train/concepts:	1.1561450958251953
losses_train/precision:	0.001571498578414321
losses_train/total:	0.5848636627197266
losses_test/task:	0.4593464434146881
losses_test/concepts:	1.710936188697815
losses_test/precision:	0.0011617166455835104
losses_test/total:	0.6304514408111572
calibration_test/ece:	0.012054672464728355
calibration_test/brier:	0.20177526772022247
accuracy_test/task:	85.48940802143515
accuracy_test/concepts:	98.85289001464844
map_test/concepts:	0.9741229087114334

Epoch 73
losses_train/task:	0.4594871401786804
losses_train/concepts:	1.126456618309021
losses_train/precision:	0.0014223357429727912
losses_train/total:	0.5721471309661865
losses_test/task:	0.45750173926353455
losses_test/concepts:	1.9475741386413574
losses_test/precision:	0.0010779520962387323
losses_test/total:	0.6522698402404785
calibration_test/ece:	0.0124730933457613
calibration_test/brier:	0.2002069652080536
accuracy_test/task:	85.6066314996232
accuracy_test/concepts:	98.8863754272461
map_test/concepts:	0.973681652545929

Epoch 74
losses_train/task:	0.45926526188850403
losses_train/concepts:	1.1010411977767944
losses_train/precision:	0.001569531043060124
losses_train/total:	0.5693851709365845
losses_test/task:	0.4576862156391144
losses_test/concepts:	1.6258280277252197
losses_test/precision:	0.0018371590413153172
losses_test/total:	0.6202875375747681
calibration_test/ece:	0.010791986249387264
calibration_test/brier:	0.2011917233467102
accuracy_test/task:	85.53964665494432
accuracy_test/concepts:	98.85498046875
map_test/concepts:	0.9738942146301269

Epoch 75
losses_train/task:	0.44355127215385437
losses_train/concepts:	1.0226930379867554
losses_train/precision:	0.0011891097528859973
losses_train/total:	0.5458327531814575
losses_test/task:	0.45806431770324707
losses_test/concepts:	1.7471623420715332
losses_test/precision:	0.0014715888537466526
losses_test/total:	0.6327952742576599
calibration_test/ece:	0.013090530410408974
calibration_test/brier:	0.20097824931144714
accuracy_test/task:	85.5647659716989
accuracy_test/concepts:	98.88470458984375
map_test/concepts:	0.9736443370580673

Epoch 76
losses_train/task:	0.46872958540916443
losses_train/concepts:	1.1824218034744263
losses_train/precision:	0.0016576906200498343
losses_train/total:	0.5869882106781006
losses_test/task:	0.4566105604171753
losses_test/concepts:	1.6752214431762695
losses_test/precision:	0.0013759811408817768
losses_test/total:	0.6241465210914612
calibration_test/ece:	0.015631668269634247
calibration_test/brier:	0.2001389116048813
accuracy_test/task:	85.54801976052919
accuracy_test/concepts:	98.84367370605469
map_test/concepts:	0.9732690155506134

Epoch 77
losses_train/task:	0.46362611651420593
losses_train/concepts:	1.145518183708191
losses_train/precision:	0.0012636343017220497
losses_train/total:	0.578190803527832
losses_test/task:	0.4577319622039795
losses_test/concepts:	1.696398377418518
losses_test/precision:	0.0014686585636809468
losses_test/total:	0.6273865699768066
calibration_test/ece:	0.015575764700770378
calibration_test/brier:	0.20043714344501495
accuracy_test/task:	85.53964665494432
accuracy_test/concepts:	98.84576416015625
map_test/concepts:	0.972767773270607

Epoch 78
losses_train/task:	0.44330015778541565
losses_train/concepts:	1.0593761205673218
losses_train/precision:	0.0012218006886541843
losses_train/total:	0.5492498278617859
losses_test/task:	0.4585872292518616
losses_test/concepts:	1.669119954109192
losses_test/precision:	0.0012709354050457478
losses_test/total:	0.6255119442939758
calibration_test/ece:	0.010937970131635666
calibration_test/brier:	0.20184189081192017
accuracy_test/task:	85.53127354935945
accuracy_test/concepts:	98.86962890625
map_test/concepts:	0.9733402609825135

Epoch 79
losses_train/task:	0.44437339901924133
losses_train/concepts:	1.0699819326400757
losses_train/precision:	0.0012103720800951123
losses_train/total:	0.5513837933540344
losses_test/task:	0.4572262167930603
losses_test/concepts:	1.8303624391555786
losses_test/precision:	0.0011008823057636619
losses_test/total:	0.6402736306190491
calibration_test/ece:	0.012971863150596619
calibration_test/brier:	0.2010732889175415
accuracy_test/task:	85.5647659716989
accuracy_test/concepts:	98.87507629394531
map_test/concepts:	0.974167799949646

Epoch 80
losses_train/task:	0.44522005319595337
losses_train/concepts:	1.0703848600387573
losses_train/precision:	0.001219240017235279
losses_train/total:	0.552270770072937
losses_test/task:	0.45778051018714905
losses_test/concepts:	1.7202427387237549
losses_test/precision:	0.0011263409396633506
losses_test/total:	0.6298160552978516
calibration_test/ece:	0.012428170070052147
calibration_test/brier:	0.20125707983970642
accuracy_test/task:	85.50615423260487
accuracy_test/concepts:	98.87549591064453
map_test/concepts:	0.9745255380868911

Epoch 81
losses_train/task:	0.4421723186969757
losses_train/concepts:	1.0325899124145508
losses_train/precision:	0.0012090917443856597
losses_train/total:	0.5454435348510742
losses_test/task:	0.45856860280036926
losses_test/concepts:	1.984215259552002
losses_test/precision:	0.0013383557088673115
losses_test/total:	0.6570035219192505
calibration_test/ece:	0.013991855084896088
calibration_test/brier:	0.20132875442504883
accuracy_test/task:	85.48940802143515
accuracy_test/concepts:	98.86250305175781
map_test/concepts:	0.9737712889909744

Epoch 82
losses_train/task:	0.442474365234375
losses_train/concepts:	1.0321401357650757
losses_train/precision:	0.0011731238337233663
losses_train/total:	0.5457003712654114
losses_test/task:	0.46047329902648926
losses_test/concepts:	1.8022515773773193
losses_test/precision:	0.0014236053684726357
losses_test/total:	0.640712559223175
calibration_test/ece:	0.012249182909727097
calibration_test/brier:	0.20207594335079193
accuracy_test/task:	85.43079628234112
accuracy_test/concepts:	98.86167907714844
map_test/concepts:	0.9741830289363861

Epoch 83
losses_train/task:	0.4451025724411011
losses_train/concepts:	1.054406762123108
losses_train/precision:	0.0013050927082076669
losses_train/total:	0.5505563020706177
losses_test/task:	0.45795267820358276
losses_test/concepts:	1.727007269859314
losses_test/precision:	0.0008811551961116493
losses_test/total:	0.6306620836257935
calibration_test/ece:	0.016189565882086754
calibration_test/brier:	0.20240230858325958
accuracy_test/task:	85.40567696558654
accuracy_test/concepts:	98.85999298095703
map_test/concepts:	0.9736909300088883

Epoch 84
losses_train/task:	0.4416126012802124
losses_train/concepts:	1.072176456451416
losses_train/precision:	0.0012167136883363128
losses_train/total:	0.5488424301147461
losses_test/task:	0.4609539210796356
losses_test/concepts:	1.8487067222595215
losses_test/precision:	0.0014496658695861697
losses_test/total:	0.6458390355110168
calibration_test/ece:	0.009611949324607849
calibration_test/brier:	0.20174278318881989
accuracy_test/task:	85.24658795947417
accuracy_test/concepts:	98.86962890625
map_test/concepts:	0.9751685470342636

Epoch 85
losses_train/task:	0.4439535439014435
losses_train/concepts:	1.0508400201797485
losses_train/precision:	0.001399218337610364
losses_train/total:	0.5490512251853943
losses_test/task:	0.4634576737880707
losses_test/concepts:	1.8459550142288208
losses_test/precision:	0.001279129064641893
losses_test/total:	0.6480660438537598
calibration_test/ece:	0.01243579015135765
calibration_test/brier:	0.20069871842861176
accuracy_test/task:	85.6066314996232
accuracy_test/concepts:	98.88386535644531
map_test/concepts:	0.9733761280775071

Epoch 86
losses_train/task:	0.4380496144294739
losses_train/concepts:	1.0195521116256714
losses_train/precision:	0.0012139708269387484
losses_train/total:	0.5400171279907227
losses_test/task:	0.4619041383266449
losses_test/concepts:	1.8444077968597412
losses_test/precision:	0.0012447551125660539
losses_test/total:	0.6463574171066284
calibration_test/ece:	0.008066002279520035
calibration_test/brier:	0.20111870765686035
accuracy_test/task:	85.58988528845349
accuracy_test/concepts:	98.88134002685547
map_test/concepts:	0.9738647788763046

Epoch 87
losses_train/task:	0.4388059675693512
losses_train/concepts:	1.0353736877441406
losses_train/precision:	0.0016683979192748666
losses_train/total:	0.5423598885536194
losses_test/task:	0.4586155116558075
losses_test/concepts:	1.7318637371063232
losses_test/precision:	0.00137855124194175
losses_test/total:	0.6318157315254211
calibration_test/ece:	0.006748944520950317
calibration_test/brier:	0.20075494050979614
accuracy_test/task:	85.6736163443021
accuracy_test/concepts:	98.86377716064453
map_test/concepts:	0.9719639509916306

Epoch 88
losses_train/task:	0.44283559918403625
losses_train/concepts:	1.0100418329238892
losses_train/precision:	0.0011896194191649556
losses_train/total:	0.5438517928123474
losses_test/task:	0.45978787541389465
losses_test/concepts:	2.040318012237549
losses_test/precision:	0.0012127531226724386
losses_test/total:	0.6638318300247192
calibration_test/ece:	0.009698164649307728
calibration_test/brier:	0.20017573237419128
accuracy_test/task:	85.64012392196265
accuracy_test/concepts:	98.89349365234375
map_test/concepts:	0.9723175704479218

Epoch 89
losses_train/task:	0.4388650357723236
losses_train/concepts:	1.0454760789871216
losses_train/precision:	0.0013514591846615076
losses_train/total:	0.5434262752532959
losses_test/task:	0.4690001308917999
losses_test/concepts:	2.1576783657073975
losses_test/precision:	0.001234435010701418
losses_test/total:	0.684780478477478
calibration_test/ece:	0.011199986562132835
calibration_test/brier:	0.20157507061958313
accuracy_test/task:	85.51452733818974
accuracy_test/concepts:	98.88177490234375
map_test/concepts:	0.9728539705276489

Epoch 90
losses_train/task:	0.43970462679862976
losses_train/concepts:	1.0135107040405273
losses_train/precision:	0.001252504880540073
losses_train/total:	0.5410680770874023
losses_test/task:	0.4591880142688751
losses_test/concepts:	1.9598054885864258
losses_test/precision:	0.0012037977576255798
losses_test/total:	0.6551803946495056
calibration_test/ece:	0.009028952568769455
calibration_test/brier:	0.20015336573123932
accuracy_test/task:	85.61500460520807
accuracy_test/concepts:	98.88972473144531
map_test/concepts:	0.9743901580572129

Epoch 91
losses_train/task:	0.4373672306537628
losses_train/concepts:	1.0263844728469849
losses_train/precision:	0.001204711734317243
losses_train/total:	0.5400179028511047
losses_test/task:	0.45933568477630615
losses_test/concepts:	1.6687628030776978
losses_test/precision:	0.0014470150927081704
losses_test/total:	0.6262266635894775
calibration_test/ece:	0.013997113332152367
calibration_test/brier:	0.200822114944458
accuracy_test/task:	85.57313907728377
accuracy_test/concepts:	98.84242248535156
map_test/concepts:	0.9741282045841217

Epoch 92
losses_train/task:	0.44480791687965393
losses_train/concepts:	1.0187504291534424
losses_train/precision:	0.0013163058320060372
losses_train/total:	0.5466960072517395
losses_test/task:	0.4650517702102661
losses_test/concepts:	2.054543972015381
losses_test/precision:	0.0014595441753044724
losses_test/total:	0.6705206036567688
calibration_test/ece:	0.010105195455253124
calibration_test/brier:	0.20236201584339142
accuracy_test/task:	85.5229004437746
accuracy_test/concepts:	98.86963653564453
map_test/concepts:	0.9735751688480377

Epoch 93
losses_train/task:	0.43417447805404663
losses_train/concepts:	0.9916931986808777
losses_train/precision:	0.001269865082576871
losses_train/total:	0.5333566069602966
losses_test/task:	0.4566345810890198
losses_test/concepts:	1.8136646747589111
losses_test/precision:	0.0014470150927081704
losses_test/total:	0.638015627861023
calibration_test/ece:	0.00738589046522975
calibration_test/brier:	0.19967082142829895
accuracy_test/task:	85.66524323871724
accuracy_test/concepts:	98.90437316894531
map_test/concepts:	0.9756569176912308

Epoch 94
losses_train/task:	0.4372628331184387
losses_train/concepts:	1.0122637748718262
losses_train/precision:	0.00144714186899364
losses_train/total:	0.5385037064552307
losses_test/task:	0.4688391089439392
losses_test/concepts:	1.9140509366989136
losses_test/precision:	0.001716936007142067
losses_test/total:	0.6602615118026733
calibration_test/ece:	0.00749945966526866
calibration_test/brier:	0.20374076068401337
accuracy_test/task:	85.44754249351084
accuracy_test/concepts:	98.85790252685547
map_test/concepts:	0.9737155646085739

Epoch 95
losses_train/task:	0.436694860458374
losses_train/concepts:	1.0715988874435425
losses_train/precision:	0.0014489184832200408
losses_train/total:	0.5438691973686218
losses_test/task:	0.46257898211479187
losses_test/concepts:	1.7338032722473145
losses_test/precision:	0.0014358110493049026
losses_test/total:	0.6359737515449524
calibration_test/ece:	0.00983678549528122
calibration_test/brier:	0.20224644243717194
accuracy_test/task:	85.43079628234112
accuracy_test/concepts:	98.88762664794922
map_test/concepts:	0.974804338812828

Epoch 96
losses_train/task:	0.4304087460041046
losses_train/concepts:	0.9864808917045593
losses_train/precision:	0.001027799560688436
losses_train/total:	0.5290669202804565
losses_test/task:	0.4575052261352539
losses_test/concepts:	1.8254886865615845
losses_test/precision:	0.0009146434022113681
losses_test/total:	0.6400632858276367
calibration_test/ece:	0.00860487762838602
calibration_test/brier:	0.2001173496246338
accuracy_test/task:	85.64012392196265
accuracy_test/concepts:	98.8976821899414
map_test/concepts:	0.9726148128509522

Epoch 97
losses_train/task:	0.4299735724925995
losses_train/concepts:	0.9761403203010559
losses_train/precision:	0.0011819106293842196
losses_train/total:	0.5275994539260864
losses_test/task:	0.4669816195964813
losses_test/concepts:	1.9906206130981445
losses_test/precision:	0.001173442113213241
losses_test/total:	0.66605544090271
calibration_test/ece:	0.011460373178124428
calibration_test/brier:	0.20246227085590363
accuracy_test/task:	85.48103491585029
accuracy_test/concepts:	98.8951644897461
map_test/concepts:	0.9741883039474487

Epoch 98
losses_train/task:	0.42630496621131897
losses_train/concepts:	0.9696905612945557
losses_train/precision:	0.0011971167987212539
losses_train/total:	0.5232861638069153
losses_test/task:	0.46085214614868164
losses_test/concepts:	1.832586646080017
losses_test/precision:	0.0015676405746489763
losses_test/total:	0.6441265344619751
calibration_test/ece:	0.011324645951390266
calibration_test/brier:	0.20096130669116974
accuracy_test/task:	85.57313907728377
accuracy_test/concepts:	98.88428497314453
map_test/concepts:	0.9734420508146286

Epoch 99
losses_train/task:	0.4266303777694702
losses_train/concepts:	0.9533531665802002
losses_train/precision:	0.001228085719048977
losses_train/total:	0.5219780206680298
losses_test/task:	0.4614657759666443
losses_test/concepts:	1.731175422668457
losses_test/precision:	0.0019234117353335023
losses_test/total:	0.6346026659011841
calibration_test/ece:	0.009279545396566391
calibration_test/brier:	0.20097771286964417
accuracy_test/task:	85.59825839403835
accuracy_test/concepts:	98.86836242675781
map_test/concepts:	0.9744630992412567

Epoch 100
losses_train/task:	0.434415727853775
losses_train/concepts:	0.988500714302063
losses_train/precision:	0.0016619432717561722
losses_train/total:	0.5332823991775513
losses_test/task:	0.4569508135318756
losses_test/concepts:	1.9359397888183594
losses_test/precision:	0.0010989533038809896
losses_test/total:	0.6505556702613831
calibration_test/ece:	0.009592750109732151
calibration_test/brier:	0.19965055584907532
accuracy_test/task:	85.65687013313237
accuracy_test/concepts:	98.90855407714844
map_test/concepts:	0.9730804860591888

Epoch 101
losses_train/task:	0.4138716459274292
losses_train/concepts:	0.9296889901161194
losses_train/precision:	0.0002498075773473829
losses_train/total:	0.5068432092666626
losses_test/task:	0.4561329483985901
losses_test/concepts:	1.857553243637085
losses_test/precision:	0.00011608740169322118
losses_test/total:	0.6418890953063965
calibration_test/ece:	0.010852454230189323
calibration_test/brier:	0.1988382339477539
accuracy_test/task:	85.69036255547182
accuracy_test/concepts:	98.91023254394531
map_test/concepts:	0.9733747839927673

Epoch 102
losses_train/task:	0.4304819703102112
losses_train/concepts:	0.9976685047149658
losses_train/precision:	0.00011834036558866501
losses_train/total:	0.530250072479248
losses_test/task:	0.4576195776462555
losses_test/concepts:	1.9193994998931885
losses_test/precision:	0.0001460826606489718
losses_test/total:	0.6495608687400818
calibration_test/ece:	0.010599786415696144
calibration_test/brier:	0.1987873613834381
accuracy_test/task:	85.69873566105669
accuracy_test/concepts:	98.91903686523438
map_test/concepts:	0.9733868539333344

Epoch 103
losses_train/task:	0.4222192168235779
losses_train/concepts:	0.949129581451416
losses_train/precision:	0.00011385034304112196
losses_train/total:	0.5171330571174622
losses_test/task:	0.46242785453796387
losses_test/concepts:	2.0261993408203125
losses_test/precision:	0.00014347281830850989
losses_test/total:	0.6650492548942566
calibration_test/ece:	0.009851417504251003
calibration_test/brier:	0.20083026587963104
accuracy_test/task:	85.62337771079294
accuracy_test/concepts:	98.91484069824219
map_test/concepts:	0.9739669293165207

Epoch 104
losses_train/task:	0.42726844549179077
losses_train/concepts:	0.9796748161315918
losses_train/precision:	0.00014472038310486823
losses_train/total:	0.5252375602722168
losses_test/task:	0.45602723956108093
losses_test/concepts:	1.903978943824768
losses_test/precision:	0.0001588920713402331
losses_test/total:	0.6464265584945679
calibration_test/ece:	0.011117522604763508
calibration_test/brier:	0.19812239706516266
accuracy_test/task:	85.70710876664155
accuracy_test/concepts:	98.91944885253906
map_test/concepts:	0.9738726764917374

Epoch 105
losses_train/task:	0.4125218987464905
losses_train/concepts:	0.938450813293457
losses_train/precision:	0.00011687493679346517
losses_train/total:	0.5063682198524475
losses_test/task:	0.4563447833061218
losses_test/concepts:	1.815604567527771
losses_test/precision:	9.24361520446837e-05
losses_test/total:	0.6379063725471497
calibration_test/ece:	0.009795904159545898
calibration_test/brier:	0.19939234852790833
accuracy_test/task:	85.70710876664155
accuracy_test/concepts:	98.9114990234375
map_test/concepts:	0.9739361941814423

Epoch 106
losses_train/task:	0.419096440076828
losses_train/concepts:	0.9395972490310669
losses_train/precision:	0.00011425758566474542
losses_train/total:	0.5130574703216553
losses_test/task:	0.45712044835090637
losses_test/concepts:	1.879794716835022
losses_test/precision:	0.00013327341002877802
losses_test/total:	0.6451013088226318
calibration_test/ece:	0.009662625379860401
calibration_test/brier:	0.1987261325120926
accuracy_test/task:	85.75734740015072
accuracy_test/concepts:	98.9219741821289
map_test/concepts:	0.9740678280591964

Epoch 107
losses_train/task:	0.43121570348739624
losses_train/concepts:	0.977603018283844
losses_train/precision:	0.00011746675590984523
losses_train/total:	0.5289773344993591
losses_test/task:	0.4554116427898407
losses_test/concepts:	1.9528766870498657
losses_test/precision:	0.00012114669516449794
losses_test/total:	0.650700569152832
calibration_test/ece:	0.008846806362271309
calibration_test/brier:	0.19852034747600555
accuracy_test/task:	85.81595913924474
accuracy_test/concepts:	98.93116760253906
map_test/concepts:	0.9739565908908844

Epoch 108
losses_train/task:	0.4159325361251831
losses_train/concepts:	0.9216427206993103
losses_train/precision:	0.00010856007429538295
losses_train/total:	0.5080976486206055
losses_test/task:	0.4548022449016571
losses_test/concepts:	1.9653726816177368
losses_test/precision:	0.00012026346666971222
losses_test/total:	0.651340663433075
calibration_test/ece:	0.009708050638437271
calibration_test/brier:	0.19816143810749054
accuracy_test/task:	85.79083982249016
accuracy_test/concepts:	98.93199920654297
map_test/concepts:	0.9740694910287857

Epoch 109
losses_train/task:	0.4223491847515106
losses_train/concepts:	0.958469033241272
losses_train/precision:	0.0001140269887400791
losses_train/total:	0.5181968808174133
losses_test/task:	0.4567071497440338
losses_test/concepts:	1.9905658960342407
losses_test/precision:	0.00014439622464124113
losses_test/total:	0.6557652950286865
calibration_test/ece:	0.00962163507938385
calibration_test/brier:	0.19844365119934082
accuracy_test/task:	85.75734740015072
accuracy_test/concepts:	98.93202209472656
map_test/concepts:	0.9739719569683075

Epoch 110
losses_train/task:	0.4213191270828247
losses_train/concepts:	0.950797975063324
losses_train/precision:	0.00011451008322183043
losses_train/total:	0.5164000988006592
losses_test/task:	0.45463961362838745
losses_test/concepts:	1.9490174055099487
losses_test/precision:	0.00010809646482812241
losses_test/total:	0.6495422720909119
calibration_test/ece:	0.010000091977417469
calibration_test/brier:	0.19833768904209137
accuracy_test/task:	85.7154818722264
accuracy_test/concepts:	98.92698669433594
map_test/concepts:	0.9743129283189773

Epoch 111
losses_train/task:	0.4192468523979187
losses_train/concepts:	0.9579625725746155
losses_train/precision:	0.00011106998135801405
losses_train/total:	0.5150442123413086
losses_test/task:	0.45554813742637634
losses_test/concepts:	2.026073694229126
losses_test/precision:	0.00013857401791028678
losses_test/total:	0.6581569314002991
calibration_test/ece:	0.010781539604067802
calibration_test/brier:	0.197963684797287
accuracy_test/task:	85.79083982249016
accuracy_test/concepts:	98.9328384399414
map_test/concepts:	0.9739382088184356

Epoch 112
losses_train/task:	0.40854746103286743
losses_train/concepts:	0.9018462300300598
losses_train/precision:	0.00012537270959001034
losses_train/total:	0.49873316287994385
losses_test/task:	0.4545566439628601
losses_test/concepts:	1.8941677808761597
losses_test/precision:	0.00010432201816001907
losses_test/total:	0.6439744830131531
calibration_test/ece:	0.0098718935623765
calibration_test/brier:	0.19732242822647095
accuracy_test/task:	85.80758603365989
accuracy_test/concepts:	98.92279815673828
map_test/concepts:	0.9739755660295486

Epoch 113
losses_train/task:	0.42400994896888733
losses_train/concepts:	0.9667829275131226
losses_train/precision:	0.00011487735901027918
losses_train/total:	0.5206894278526306
losses_test/task:	0.4569573402404785
losses_test/concepts:	2.0415608882904053
losses_test/precision:	0.00014295062283053994
losses_test/total:	0.6611147522926331
calibration_test/ece:	0.010535961017012596
calibration_test/brier:	0.1982167363166809
accuracy_test/task:	85.8243322448296
accuracy_test/concepts:	98.94122314453125
map_test/concepts:	0.9741414606571197

Epoch 114
losses_train/task:	0.4138621389865875
losses_train/concepts:	0.9132708311080933
losses_train/precision:	0.0001224680308951065
losses_train/total:	0.505190372467041
losses_test/task:	0.4534621834754944
losses_test/concepts:	1.9386723041534424
losses_test/precision:	9.982466144720092e-05
losses_test/total:	0.6473304629325867
calibration_test/ece:	0.009015127085149288
calibration_test/brier:	0.1975969672203064
accuracy_test/task:	85.84945156158419
accuracy_test/concepts:	98.93242645263672
map_test/concepts:	0.9739671111106872

Epoch 115
losses_train/task:	0.41000160574913025
losses_train/concepts:	0.9182966351509094
losses_train/precision:	0.00011303488281555474
losses_train/total:	0.5018324255943298
losses_test/task:	0.4573124647140503
losses_test/concepts:	2.0200352668762207
losses_test/precision:	0.00011146940960315987
losses_test/total:	0.6593171954154968
calibration_test/ece:	0.010462065227329731
calibration_test/brier:	0.19903630018234253
accuracy_test/task:	85.77409361132044
accuracy_test/concepts:	98.92447662353516
map_test/concepts:	0.9739958375692368

Epoch 116
losses_train/task:	0.4231858551502228
losses_train/concepts:	0.978630542755127
losses_train/precision:	0.00012757600052282214
losses_train/total:	0.5210500955581665
losses_test/task:	0.45792123675346375
losses_test/concepts:	2.1062562465667725
losses_test/precision:	0.00011255371646257117
losses_test/total:	0.668548047542572
calibration_test/ece:	0.010193472728133202
calibration_test/brier:	0.19874782860279083
accuracy_test/task:	85.75734740015072
accuracy_test/concepts:	98.92405700683594
map_test/concepts:	0.9737967699766159

Epoch 117
losses_train/task:	0.42300280928611755
losses_train/concepts:	0.9460040926933289
losses_train/precision:	0.0001160472966148518
losses_train/total:	0.517604649066925
losses_test/task:	0.4570993185043335
losses_test/concepts:	2.051941394805908
losses_test/precision:	0.0001354419655399397
losses_test/total:	0.6622948050498962
calibration_test/ece:	0.009903915226459503
calibration_test/brier:	0.198848158121109
accuracy_test/task:	85.77409361132044
accuracy_test/concepts:	98.92572784423828
map_test/concepts:	0.9739726483821869

Epoch 118
losses_train/task:	0.41636958718299866
losses_train/concepts:	0.9264093041419983
losses_train/precision:	0.00011395418550819159
losses_train/total:	0.5090117454528809
losses_test/task:	0.45989879965782166
losses_test/concepts:	2.0559792518615723
losses_test/precision:	0.00011500311666168272
losses_test/total:	0.6654980778694153
calibration_test/ece:	0.01004133652895689
calibration_test/brier:	0.19945727288722992
accuracy_test/task:	85.77409361132044
accuracy_test/concepts:	98.91651916503906
map_test/concepts:	0.974101260304451

Epoch 119
losses_train/task:	0.4083404839038849
losses_train/concepts:	0.8668710589408875
losses_train/precision:	0.0001094493709388189
losses_train/total:	0.49502840638160706
losses_test/task:	0.459980845451355
losses_test/concepts:	2.018308639526367
losses_test/precision:	0.00011323637590976432
losses_test/total:	0.6618128418922424
calibration_test/ece:	0.01173519529402256
calibration_test/brier:	0.19925887882709503
accuracy_test/task:	85.68198944988697
accuracy_test/concepts:	98.9282455444336
map_test/concepts:	0.9741269767284393

Epoch 120
losses_train/task:	0.4085315763950348
losses_train/concepts:	0.898520290851593
losses_train/precision:	0.00011465710122138262
losses_train/total:	0.4983847737312317
losses_test/task:	0.45586198568344116
losses_test/concepts:	1.9994077682495117
losses_test/precision:	0.00015981582691892982
losses_test/total:	0.655804455280304
calibration_train/ece:	0.016473721712827682
calibration_train/brier:	0.17449085414409637
accuracy_train/task:	86.97916666666667
calibration_test/ece:	0.009136507287621498
calibration_test/brier:	0.19795657694339752
accuracy_test/task:	85.84945156158419
accuracy_train/concepts:	98.8549575805664
map_train/concepts:	0.9933481812477112
accuracy_test/concepts:	98.93075561523438
map_test/concepts:	0.9742246448993683
accuracy_test/nuisances_task:	1.1562613340524526
accuracy_test/nuisances_nontask:	0.0
mutual_inf_test/nuisances_task:	0.049317474970038265
mutual_inf_test/nuisances_nontask:	0.0

epoch_120.pt
groups=0 err_lowconf=14.151 err_random=14.151
groups=1 err_lowconf=13.539 err_random=13.539
groups=2 err_lowconf=13.003 err_random=13.003
groups=3 err_lowconf=12.434 err_random=12.434
groups=4 err_lowconf=11.865 err_random=11.865
groups=5 err_lowconf=11.622 err_random=11.622
groups=6 err_lowconf=11.312 err_random=11.312
groups=7 err_lowconf=11.195 err_random=11.195
groups=8 err_lowconf=10.508 err_random=10.508
groups=9 err_lowconf=10.232 err_random=10.232
groups=10 err_lowconf=10.023 err_random=10.023
groups=11 err_lowconf=9.612 err_random=9.612
groups=12 err_lowconf=9.085 err_random=9.085
groups=13 err_lowconf=9.068 err_random=9.068
groups=14 err_lowconf=8.926 err_random=8.926
groups=15 err_lowconf=8.934 err_random=8.934
groups=16 err_lowconf=8.901 err_random=8.901
groups=17 err_lowconf=8.901 err_random=8.901
groups=18 err_lowconf=8.884 err_random=8.884
groups=19 err_lowconf=8.817 err_random=8.817
groups=20 err_lowconf=8.725 err_random=8.725
[1;34mwandb[0m:
[1;34mwandb[0m: You can sync this run to the cloud by running:
[1;34mwandb[0m: [1mwandb sync /research/hal-afsharim/minimal_cbm/results/awa2-shcbm/43/wandb/offline-run-20260728_001701-2abuw2q3[0m
[1;34mwandb[0m: Find logs at: [1;35mresults/awa2-shcbm/43/wandb/offline-run-20260728_001701-2abuw2q3/logs[0m
