
===== launch 2026-07-30 01:41:51.793880 gpu0 =====
wandb: Using wandb-core as the SDK backend.  Please refer to https://wandb.me/wandb-core for more information.
wandb: Tracking run with wandb version 0.19.0
wandb: W&B syncing is set to `offline` in this directory.  
wandb: Run `wandb online` or set WANDB_MODE=online to enable cloud syncing.
/research/hal-afsharim/miniconda3/envs/mcbm/lib/python3.10/site-packages/torchvision/models/_utils.py:208: UserWarning: The parameter 'pretrained' is deprecated since 0.13 and will be removed in 0.15, please use 'weights' instead.
  warnings.warn(
/research/hal-afsharim/miniconda3/envs/mcbm/lib/python3.10/site-packages/torchvision/models/_utils.py:223: UserWarning: Arguments other than a weight enum or `None` for 'weights' are deprecated since 0.13 and will be removed in 0.15. The current behavior is equivalent to passing `weights=ResNet50_Weights.IMAGENET1K_V1`. You can also use `weights=ResNet50_Weights.DEFAULT` to get the most up-to-date weights.
  warnings.warn(msg)
Epoch 1
losses_train/task:	1.994688868522644
losses_train/concepts:	16.53850746154785
losses_train/representations:	14.692523002624512
losses_train/total:	4.3831658363342285
losses_test/task:	1.1992295980453491
losses_test/concepts:	10.475573539733887
losses_test/representations:	12.873162269592285
losses_test/total:	2.89044451713562
calibration_test/ece:	0.013272811658680439
calibration_test/brier:	0.45666271448135376
accuracy_test/task:	65.62002846855898
accuracy_test/concepts:	86.56492614746094
map_test/concepts:	0.843894562125206

Epoch 2
losses_train/task:	1.3002643585205078
losses_train/concepts:	10.2896089553833
losses_train/representations:	11.466168403625488
losses_train/total:	2.902534008026123
losses_test/task:	0.8198642134666443
losses_test/concepts:	7.114485263824463
losses_test/representations:	9.103886604309082
losses_test/total:	1.9865076541900635
calibration_test/ece:	0.020942572504281998
calibration_test/brier:	0.3285689651966095
accuracy_test/task:	76.17851461106925
accuracy_test/concepts:	94.63117980957031
map_test/concepts:	0.8924329116940498

Epoch 3
losses_train/task:	1.1669719219207764
losses_train/concepts:	8.796778678894043
losses_train/representations:	10.377874374389648
losses_train/total:	2.565542221069336
losses_test/task:	1.1574370861053467
losses_test/concepts:	8.558026313781738
losses_test/representations:	13.057260513305664
losses_test/total:	2.6661031246185303
calibration_test/ece:	0.03596844524145126
calibration_test/brier:	0.430500864982605
accuracy_test/task:	68.40827262831785
accuracy_test/concepts:	91.91283416748047
map_test/concepts:	0.8389687340706586

Epoch 4
losses_train/task:	1.1933422088623047
losses_train/concepts:	8.69376277923584
losses_train/representations:	10.423269271850586
losses_train/total:	2.5838823318481445
losses_test/task:	1.3377490043640137
losses_test/concepts:	8.906095504760742
losses_test/representations:	11.93307113647461
losses_test/total:	2.825012445449829
calibration_test/ece:	0.04030362144112587
calibration_test/brier:	0.4513828456401825
accuracy_test/task:	67.28627647994641
accuracy_test/concepts:	92.72168731689453
map_test/concepts:	0.8520712926983833

Epoch 5
losses_train/task:	1.0698566436767578
losses_train/concepts:	7.941473007202148
losses_train/representations:	9.58558464050293
losses_train/total:	2.3432838916778564
losses_test/task:	0.7064788937568665
losses_test/concepts:	5.0906219482421875
losses_test/representations:	8.14098834991455
losses_test/total:	1.6225906610488892
calibration_test/ece:	0.013767191208899021
calibration_test/brier:	0.2719213366508484
accuracy_test/task:	80.56602193753663
accuracy_test/concepts:	95.70752716064453
map_test/concepts:	0.9037635952234269

Epoch 6
losses_train/task:	1.0062949657440186
losses_train/concepts:	7.335203647613525
losses_train/representations:	9.027210235595703
losses_train/total:	2.1911745071411133
losses_test/task:	0.6867503523826599
losses_test/concepts:	4.5809712409973145
losses_test/representations:	8.798624992370605
losses_test/total:	1.5847792625427246
calibration_test/ece:	0.02050517126917839
calibration_test/brier:	0.2613409757614136
accuracy_test/task:	81.62940634681404
accuracy_test/concepts:	96.11822509765625
map_test/concepts:	0.9248461782932281

Epoch 7
losses_train/task:	0.9510259628295898
losses_train/concepts:	6.944738388061523
losses_train/representations:	8.698501586914062
losses_train/total:	2.0804245471954346
losses_test/task:	0.7707023620605469
losses_test/concepts:	5.224795341491699
losses_test/representations:	8.373699188232422
losses_test/total:	1.711867094039917
calibration_test/ece:	0.018505509942770004
calibration_test/brier:	0.2926754355430603
accuracy_test/task:	78.95838566524324
accuracy_test/concepts:	95.00041961669922
map_test/concepts:	0.8990417122840881

Epoch 8
losses_train/task:	0.9264585971832275
losses_train/concepts:	6.84609317779541
losses_train/representations:	8.59219741821289
losses_train/total:	2.040677547454834
losses_test/task:	0.6475474238395691
losses_test/concepts:	4.40812873840332
losses_test/representations:	8.109259605407715
losses_test/total:	1.4938234090805054
calibration_test/ece:	0.02211289294064045
calibration_test/brier:	0.2620832622051239
accuracy_test/task:	81.54567529096542
accuracy_test/concepts:	96.24466705322266
map_test/concepts:	0.9142000548541546

Epoch 9
losses_train/task:	0.8597517013549805
losses_train/concepts:	6.308443546295166
losses_train/representations:	8.075347900390625
losses_train/total:	1.8943626880645752
losses_test/task:	0.7369845509529114
losses_test/concepts:	4.497215747833252
losses_test/representations:	8.742393493652344
losses_test/total:	1.6238256692886353
calibration_test/ece:	0.028134122490882874
calibration_test/brier:	0.2822701334953308
accuracy_test/task:	80.4655446705183
accuracy_test/concepts:	95.65687561035156
map_test/concepts:	0.9102643162012101

Epoch 10
losses_train/task:	0.83534836769104
losses_train/concepts:	6.159921169281006
losses_train/representations:	7.864081382751465
losses_train/total:	1.8445448875427246
losses_test/task:	0.6049637198448181
losses_test/concepts:	3.860203504562378
losses_test/representations:	7.872525215148926
losses_test/total:	1.3846104145050049
calibration_test/ece:	0.02139807865023613
calibration_test/brier:	0.2365262508392334
accuracy_test/task:	83.44637025872896
accuracy_test/concepts:	96.50631713867188
map_test/concepts:	0.9296774789690971

Epoch 11
losses_train/task:	0.8012247085571289
losses_train/concepts:	5.788454532623291
losses_train/representations:	7.559048175811768
losses_train/total:	1.7580231428146362
losses_test/task:	0.5183142423629761
losses_test/concepts:	3.2947659492492676
losses_test/representations:	7.307239532470703
losses_test/total:	1.2131526470184326
calibration_test/ece:	0.01352725550532341
calibration_test/brier:	0.2021101713180542
accuracy_test/task:	86.21786820731809
accuracy_test/concepts:	96.94046783447266
map_test/concepts:	0.9392021849751473

Epoch 12
losses_train/task:	0.7635563611984253
losses_train/concepts:	5.665306568145752
losses_train/representations:	7.383866786956787
losses_train/total:	1.6992802619934082
losses_test/task:	0.5219516754150391
losses_test/concepts:	3.5873448848724365
losses_test/representations:	6.798801898956299
losses_test/total:	1.2206261157989502
calibration_test/ece:	0.01239810511469841
calibration_test/brier:	0.20702888071537018
accuracy_test/task:	85.5647659716989
accuracy_test/concepts:	96.49962615966797
map_test/concepts:	0.9353121548891068

Epoch 13
losses_train/task:	0.7879573106765747
losses_train/concepts:	5.822604656219482
losses_train/representations:	7.57302713394165
losses_train/total:	1.7488691806793213
losses_test/task:	0.6352567076683044
losses_test/concepts:	4.201488494873047
losses_test/representations:	7.664145469665527
losses_test/total:	1.4386125802993774
calibration_test/ece:	0.032800015062093735
calibration_test/brier:	0.24137213826179504
accuracy_test/task:	83.44637025872896
accuracy_test/concepts:	96.4498062133789
map_test/concepts:	0.9268446832895278

Epoch 14
losses_train/task:	0.7450091242790222
losses_train/concepts:	5.494853496551514
losses_train/representations:	7.154119491577148
losses_train/total:	1.6522005796432495
losses_test/task:	0.5198813080787659
losses_test/concepts:	3.517517566680908
losses_test/representations:	6.066862106323242
losses_test/total:	1.1749762296676636
calibration_test/ece:	0.011878859251737595
calibration_test/brier:	0.2004452794790268
accuracy_test/task:	86.32671857992129
accuracy_test/concepts:	96.73532104492188
map_test/concepts:	0.932312460243702

Epoch 15
losses_train/task:	0.7066253423690796
losses_train/concepts:	5.287658214569092
losses_train/representations:	6.9190192222595215
losses_train/total:	1.5813425779342651
losses_test/task:	0.6696641445159912
losses_test/concepts:	4.189087867736816
losses_test/representations:	7.512406349182129
losses_test/total:	1.4641931056976318
calibration_test/ece:	0.020524270832538605
calibration_test/brier:	0.2543111741542816
accuracy_test/task:	81.73825671941724
accuracy_test/concepts:	96.02487182617188
map_test/concepts:	0.9292767941951752

Epoch 16
losses_train/task:	0.7364829182624817
losses_train/concepts:	5.4413299560546875
losses_train/representations:	7.249941349029541
losses_train/total:	1.6431128978729248
losses_test/task:	0.6079498529434204
losses_test/concepts:	3.6422975063323975
losses_test/representations:	6.57759428024292
losses_test/total:	1.3010594844818115
calibration_test/ece:	0.027030300348997116
calibration_test/brier:	0.23807691037654877
accuracy_test/task:	83.37101230846521
accuracy_test/concepts:	96.38658905029297
map_test/concepts:	0.9328999355435371

Epoch 17
losses_train/task:	0.7001211643218994
losses_train/concepts:	5.231385707855225
losses_train/representations:	6.971308708190918
losses_train/total:	1.5718247890472412
losses_test/task:	0.5679263472557068
losses_test/concepts:	3.6034936904907227
losses_test/representations:	6.551569938659668
losses_test/total:	1.2558537721633911
calibration_test/ece:	0.02760835736989975
calibration_test/brier:	0.2168976068496704
accuracy_test/task:	85.25496106505904
accuracy_test/concepts:	96.96893310546875
map_test/concepts:	0.9341991022229195

Epoch 18
losses_train/task:	0.6603983044624329
losses_train/concepts:	4.843639850616455
losses_train/representations:	6.555948257446289
losses_train/total:	1.4725598096847534
losses_test/task:	0.5689505338668823
losses_test/concepts:	3.603691577911377
losses_test/representations:	6.873878002166748
losses_test/total:	1.2730135917663574
calibration_test/ece:	0.025756631046533585
calibration_test/brier:	0.22279274463653564
accuracy_test/task:	84.43439671774262
accuracy_test/concepts:	96.55027770996094
map_test/concepts:	0.9259459182620049

Epoch 19
losses_train/task:	0.6605885624885559
losses_train/concepts:	4.952200412750244
losses_train/representations:	6.633843421936035
losses_train/total:	1.4874999523162842
losses_test/task:	0.5080777406692505
losses_test/concepts:	2.9698526859283447
losses_test/representations:	6.919637680053711
losses_test/total:	1.1510447263717651
calibration_test/ece:	0.03332892805337906
calibration_test/brier:	0.1977146416902542
accuracy_test/task:	86.46906137486394
accuracy_test/concepts:	97.0823974609375
map_test/concepts:	0.9339865446090698

Epoch 20
losses_train/task:	0.6337738037109375
losses_train/concepts:	4.68678617477417
losses_train/representations:	6.398711681365967
losses_train/total:	1.4223878383636475
losses_test/task:	0.4531738758087158
losses_test/concepts:	2.9387001991271973
losses_test/representations:	5.769835472106934
losses_test/total:	1.0355356931686401
calibration_test/ece:	0.025490447878837585
calibration_test/brier:	0.1821712851524353
accuracy_test/task:	87.44034162270786
accuracy_test/concepts:	97.37251281738281
map_test/concepts:	0.934911698102951

Epoch 21
losses_train/task:	0.6071696877479553
losses_train/concepts:	4.555810928344727
losses_train/representations:	6.213399887084961
losses_train/total:	1.3734204769134521
losses_test/task:	0.41957736015319824
losses_test/concepts:	2.658823013305664
losses_test/representations:	5.496553421020508
losses_test/total:	0.9602875113487244
calibration_test/ece:	0.025205375626683235
calibration_test/brier:	0.16670405864715576
accuracy_test/task:	88.78003851628569
accuracy_test/concepts:	97.6932144165039
map_test/concepts:	0.946041053533554

Epoch 22
losses_train/task:	0.6553642153739929
losses_train/concepts:	4.863218307495117
losses_train/representations:	6.541657447814941
losses_train/total:	1.4687690734863281
losses_test/task:	0.496753066778183
losses_test/concepts:	3.2113449573516846
losses_test/representations:	6.559050559997559
losses_test/total:	1.1458399295806885
calibration_test/ece:	0.02692624181509018
calibration_test/brier:	0.19386157393455505
accuracy_test/task:	86.81235870384326
accuracy_test/concepts:	97.24524688720703
map_test/concepts:	0.9402584105730056

Epoch 23
losses_train/task:	0.6862929463386536
losses_train/concepts:	5.044120788574219
losses_train/representations:	6.818580150604248
losses_train/total:	1.5316336154937744
losses_test/task:	0.5339579582214355
losses_test/concepts:	3.5269739627838135
losses_test/representations:	6.743187427520752
losses_test/total:	1.2238141298294067
calibration_test/ece:	0.031205300241708755
calibration_test/brier:	0.20449303090572357
accuracy_test/task:	86.12576404588462
accuracy_test/concepts:	97.1849594116211
map_test/concepts:	0.938889667391777

Epoch 24
losses_train/task:	0.6254587173461914
losses_train/concepts:	4.705076694488525
losses_train/representations:	6.393660545349121
losses_train/total:	1.4156495332717896
losses_test/task:	0.40547141432762146
losses_test/concepts:	2.7622385025024414
losses_test/representations:	5.5483174324035645
losses_test/total:	0.9591110348701477
calibration_test/ece:	0.019457180052995682
calibration_test/brier:	0.16185273230075836
accuracy_test/task:	88.88888888888889
accuracy_test/concepts:	97.6396255493164
map_test/concepts:	0.9443776592612266

Epoch 25
losses_train/task:	0.5992645621299744
losses_train/concepts:	4.452416896820068
losses_train/representations:	6.12583065032959
losses_train/total:	1.3507976531982422
losses_test/task:	0.46079346537590027
losses_test/concepts:	3.012747049331665
losses_test/representations:	5.379331588745117
losses_test/total:	1.0310349464416504
calibration_test/ece:	0.02857688069343567
calibration_test/brier:	0.18143971264362335
accuracy_test/task:	87.75014652934773
accuracy_test/concepts:	97.25990295410156
map_test/concepts:	0.9405886799097061

Epoch 26
losses_train/task:	0.5859463810920715
losses_train/concepts:	4.386748313903809
losses_train/representations:	6.131427764892578
losses_train/total:	1.331192970275879
losses_test/task:	0.4639252722263336
losses_test/concepts:	2.927433967590332
losses_test/representations:	5.497568130493164
losses_test/total:	1.0315473079681396
calibration_test/ece:	0.03275318071246147
calibration_test/brier:	0.17970137298107147
accuracy_test/task:	88.0850707527422
accuracy_test/concepts:	97.60697174072266
map_test/concepts:	0.944998249411583

Epoch 27
losses_train/task:	0.6333375573158264
losses_train/concepts:	4.790567874908447
losses_train/representations:	6.523916721343994
losses_train/total:	1.4385898113250732
losses_test/task:	0.4155440032482147
losses_test/concepts:	2.7503859996795654
losses_test/representations:	6.6295061111450195
losses_test/total:	1.022058129310608
calibration_test/ece:	0.020351657643914223
calibration_test/brier:	0.1652127355337143
accuracy_test/task:	88.6460688269279
accuracy_test/concepts:	97.60027313232422
map_test/concepts:	0.9352671273052693

Epoch 28
losses_train/task:	0.5771991610527039
losses_train/concepts:	4.436882019042969
losses_train/representations:	6.059757709503174
losses_train/total:	1.3238751888275146
losses_test/task:	0.5033261775970459
losses_test/concepts:	3.0144026279449463
losses_test/representations:	6.466860771179199
losses_test/total:	1.1281094551086426
calibration_test/ece:	0.03162897378206253
calibration_test/brier:	0.19577889144420624
accuracy_test/task:	86.61977727539144
accuracy_test/concepts:	97.19627380371094
map_test/concepts:	0.9422504395246506

Epoch 29
losses_train/task:	0.5541783571243286
losses_train/concepts:	4.19948148727417
losses_train/representations:	5.8238396644592285
losses_train/total:	1.265318751335144
losses_test/task:	0.42859989404678345
losses_test/concepts:	2.6999518871307373
losses_test/representations:	5.784811973571777
losses_test/total:	0.9878356456756592
calibration_test/ece:	0.030193813145160675
calibration_test/brier:	0.16780328750610352
accuracy_test/task:	88.82190404421
accuracy_test/concepts:	97.79075622558594
map_test/concepts:	0.9489690989255906

Epoch 30
losses_train/task:	0.5209965705871582
losses_train/concepts:	3.9823694229125977
losses_train/representations:	5.617068290710449
losses_train/total:	1.2000868320465088
losses_test/task:	0.6190509796142578
losses_test/concepts:	3.6254708766937256
losses_test/representations:	6.144977569580078
losses_test/total:	1.2888470888137817
calibration_test/ece:	0.05830345302820206
calibration_test/brier:	0.22533294558525085
accuracy_test/task:	85.28845348739847
accuracy_test/concepts:	97.11546325683594
map_test/concepts:	0.9352327287197113

Epoch 31
losses_train/task:	0.5541366934776306
losses_train/concepts:	4.209001541137695
losses_train/representations:	5.809902667999268
losses_train/total:	1.2655324935913086
losses_test/task:	0.4303402900695801
losses_test/concepts:	2.750235080718994
losses_test/representations:	5.621898651123047
losses_test/total:	0.986458957195282
calibration_test/ece:	0.023057756945490837
calibration_test/brier:	0.16783785820007324
accuracy_test/task:	88.47860671523068
accuracy_test/concepts:	97.585205078125
map_test/concepts:	0.9482368141412735

Epoch 32
losses_train/task:	0.5412295460700989
losses_train/concepts:	4.191978931427002
losses_train/representations:	5.82565975189209
losses_train/total:	1.2517101764678955
losses_test/task:	0.672644853591919
losses_test/concepts:	4.022565841674805
losses_test/representations:	7.953129291534424
losses_test/total:	1.4725576639175415
calibration_test/ece:	0.06515637040138245
calibration_test/brier:	0.259289026260376
accuracy_test/task:	81.62940634681404
accuracy_test/concepts:	96.18229675292969
map_test/concepts:	0.9216000713407994

Epoch 33
losses_train/task:	0.5914867520332336
losses_train/concepts:	4.38467264175415
losses_train/representations:	6.082712650299072
losses_train/total:	1.3340895175933838
losses_test/task:	0.4189325273036957
losses_test/concepts:	2.631671190261841
losses_test/representations:	5.4471869468688965
losses_test/total:	0.9544588327407837
calibration_test/ece:	0.02898385003209114
calibration_test/brier:	0.1634579449892044
accuracy_test/task:	89.24055932345307
accuracy_test/concepts:	97.76102447509766
map_test/concepts:	0.9393127486109734

Epoch 34
losses_train/task:	0.5333461165428162
losses_train/concepts:	4.013804912567139
losses_train/representations:	5.6791462898254395
losses_train/total:	1.2186838388442993
losses_test/task:	0.4238821566104889
losses_test/concepts:	2.633064031600952
losses_test/representations:	5.274058818817139
losses_test/total:	0.9508916735649109
calibration_test/ece:	0.03388022631406784
calibration_test/brier:	0.16653650999069214
accuracy_test/task:	88.8637695721343
accuracy_test/concepts:	97.61451721191406
map_test/concepts:	0.9421416044235229

Epoch 35
losses_train/task:	0.5183296203613281
losses_train/concepts:	3.853933334350586
losses_train/representations:	5.512828350067139
losses_train/total:	1.1793639659881592
losses_test/task:	0.4152964949607849
losses_test/concepts:	2.5429673194885254
losses_test/representations:	5.049472332000732
losses_test/total:	0.9220669269561768
calibration_test/ece:	0.02705291472375393
calibration_test/brier:	0.15995851159095764
accuracy_test/task:	89.17357447877417
accuracy_test/concepts:	97.83220672607422
map_test/concepts:	0.9509188309311867

Epoch 36
losses_train/task:	0.5953142046928406
losses_train/concepts:	4.529971122741699
losses_train/representations:	6.133408069610596
losses_train/total:	1.3549809455871582
losses_test/task:	0.5893564224243164
losses_test/concepts:	3.750941038131714
losses_test/representations:	6.546360015869141
losses_test/total:	1.291768193244934
calibration_test/ece:	0.026096172630786896
calibration_test/brier:	0.22472107410430908
accuracy_test/task:	84.35903876747886
accuracy_test/concepts:	96.68006134033203
map_test/concepts:	0.931928463280201

Epoch 37
losses_train/task:	0.5838858485221863
losses_train/concepts:	4.479370594024658
losses_train/representations:	6.098174571990967
losses_train/total:	1.3367315530776978
losses_test/task:	0.4294634759426117
losses_test/concepts:	2.644575595855713
losses_test/representations:	5.450408935546875
losses_test/total:	0.9664413332939148
calibration_test/ece:	0.02794526517391205
calibration_test/brier:	0.16653205454349518
accuracy_test/task:	88.84702336096458
accuracy_test/concepts:	97.44326782226562
map_test/concepts:	0.9482809826731682

Epoch 38
losses_train/task:	0.5133836269378662
losses_train/concepts:	3.9449708461761475
losses_train/representations:	5.553382396697998
losses_train/total:	1.1855498552322388
losses_test/task:	0.46521249413490295
losses_test/concepts:	2.9618911743164062
losses_test/representations:	5.928110599517822
losses_test/total:	1.057807207107544
calibration_test/ece:	0.040837690234184265
calibration_test/brier:	0.18420659005641937
accuracy_test/task:	87.13890982165285
accuracy_test/concepts:	97.45625305175781
map_test/concepts:	0.9390015915036202

Epoch 39
losses_train/task:	0.5119950771331787
losses_train/concepts:	3.9403181076049805
losses_train/representations:	5.523202419281006
losses_train/total:	1.1821871995925903
losses_test/task:	0.41487619280815125
losses_test/concepts:	2.674504280090332
losses_test/representations:	5.102199554443359
losses_test/total:	0.9374366402626038
calibration_test/ece:	0.029937241226434708
calibration_test/brier:	0.1642756164073944
accuracy_test/task:	88.90563510005862
accuracy_test/concepts:	97.79536437988281
map_test/concepts:	0.9480688020586967

Epoch 40
losses_train/task:	0.47740644216537476
losses_train/concepts:	3.6666042804718018
losses_train/representations:	5.175928115844727
losses_train/total:	1.10286283493042
losses_test/task:	0.40299153327941895
losses_test/concepts:	2.461660146713257
losses_test/representations:	5.459937572479248
losses_test/total:	0.9221542477607727
calibration_test/ece:	0.03644072264432907
calibration_test/brier:	0.1598043143749237
accuracy_test/task:	88.81353093862514
accuracy_test/concepts:	97.74052429199219
map_test/concepts:	0.9471430987119674

Epoch 41
losses_train/task:	0.4729095697402954
losses_train/concepts:	3.6440818309783936
losses_train/representations:	5.166690826416016
losses_train/total:	1.095651388168335
losses_test/task:	0.393119752407074
losses_test/concepts:	2.5592052936553955
losses_test/representations:	5.148407936096191
losses_test/total:	0.9064609408378601
calibration_test/ece:	0.027724221348762512
calibration_test/brier:	0.15223169326782227
accuracy_test/task:	89.72619944737504
accuracy_test/concepts:	97.93309783935547
map_test/concepts:	0.9520753040909767

Epoch 42
losses_train/task:	0.4915746748447418
losses_train/concepts:	3.798128128051758
losses_train/representations:	5.411284923553467
losses_train/total:	1.1419516801834106
losses_test/task:	0.4884529411792755
losses_test/concepts:	2.9811792373657227
losses_test/representations:	5.434032917022705
losses_test/total:	1.0582726001739502
calibration_test/ece:	0.04275733232498169
calibration_test/brier:	0.17924560606479645
accuracy_test/task:	88.28602528677887
accuracy_test/concepts:	97.58018493652344
map_test/concepts:	0.9460234805941582

Epoch 43
losses_train/task:	0.4742983281612396
losses_train/concepts:	3.8582510948181152
losses_train/representations:	5.222713470458984
losses_train/total:	1.1212594509124756
losses_test/task:	0.5058139562606812
losses_test/concepts:	3.204144239425659
losses_test/representations:	5.876547336578369
losses_test/total:	1.120055913925171
calibration_test/ece:	0.038473013788461685
calibration_test/brier:	0.19404226541519165
accuracy_test/task:	86.62815038097631
accuracy_test/concepts:	97.22892761230469
map_test/concepts:	0.9404497981071472

Epoch 44
losses_train/task:	0.46727555990219116
losses_train/concepts:	3.646700382232666
losses_train/representations:	5.202249050140381
losses_train/total:	1.092057466506958
losses_test/task:	0.4887598156929016
losses_test/concepts:	2.8997762203216553
losses_test/representations:	5.220278739929199
losses_test/total:	1.0397509336471558
calibration_test/ece:	0.04663114249706268
calibration_test/brier:	0.19134043157100677
accuracy_test/task:	87.08867118814368
accuracy_test/concepts:	97.53746795654297
map_test/concepts:	0.9466519206762314

Epoch 45
losses_train/task:	0.4613141119480133
losses_train/concepts:	3.6183114051818848
losses_train/representations:	5.181849479675293
losses_train/total:	1.082237720489502
losses_test/task:	0.3940560519695282
losses_test/concepts:	2.5479722023010254
losses_test/representations:	4.922394275665283
losses_test/total:	0.89497309923172
calibration_test/ece:	0.035986531525850296
calibration_test/brier:	0.15208926796913147
accuracy_test/task:	89.99413882609059
accuracy_test/concepts:	98.0239486694336
map_test/concepts:	0.9468986839056015

Epoch 46
losses_train/task:	0.44330331683158875
losses_train/concepts:	3.440781831741333
losses_train/representations:	5.065301895141602
losses_train/total:	1.0406464338302612
losses_test/task:	0.4077286720275879
losses_test/concepts:	2.5522756576538086
losses_test/representations:	5.10872220993042
losses_test/total:	0.9183927774429321
calibration_test/ece:	0.039167631417512894
calibration_test/brier:	0.15818162262439728
accuracy_test/task:	89.61734907477184
accuracy_test/concepts:	97.87825775146484
map_test/concepts:	0.9419345736503602

Epoch 47
losses_train/task:	0.46010923385620117
losses_train/concepts:	3.6704671382904053
losses_train/representations:	5.20797061920166
losses_train/total:	1.0875543355941772
losses_test/task:	0.3651977479457855
losses_test/concepts:	2.3380894660949707
losses_test/representations:	4.869968891143799
losses_test/total:	0.8425053358078003
calibration_test/ece:	0.029720693826675415
calibration_test/brier:	0.14286422729492188
accuracy_test/task:	90.43791342208826
accuracy_test/concepts:	98.03315734863281
map_test/concepts:	0.9555611908435822

Epoch 48
losses_train/task:	0.4521305561065674
losses_train/concepts:	3.593478202819824
losses_train/representations:	5.158581733703613
losses_train/total:	1.0694078207015991
losses_test/task:	0.3578760623931885
losses_test/concepts:	2.4521560668945312
losses_test/representations:	4.429040431976318
losses_test/total:	0.8245433568954468
calibration_test/ece:	0.03500941023230553
calibration_test/brier:	0.13995596766471863
accuracy_test/task:	90.62212174495521
accuracy_test/concepts:	98.20439147949219
map_test/concepts:	0.9509105280041694

Epoch 49
losses_train/task:	0.44652584195137024
losses_train/concepts:	3.5389323234558105
losses_train/representations:	5.024699687957764
losses_train/total:	1.051654577255249
losses_test/task:	0.3611088991165161
losses_test/concepts:	2.5613362789154053
losses_test/representations:	4.574904441833496
losses_test/total:	0.8459877371788025
calibration_test/ece:	0.029859144240617752
calibration_test/brier:	0.14164720475673676
accuracy_test/task:	90.45465963325798
accuracy_test/concepts:	98.203125
map_test/concepts:	0.9574975535273552

Epoch 50
losses_train/task:	0.4406934082508087
losses_train/concepts:	3.3939154148101807
losses_train/representations:	4.9131245613098145
losses_train/total:	1.0257412195205688
losses_test/task:	0.35556337237358093
losses_test/concepts:	2.290116310119629
losses_test/representations:	4.500306129455566
losses_test/total:	0.8095902800559998
calibration_test/ece:	0.032139647752046585
calibration_test/brier:	0.1393369734287262
accuracy_test/task:	90.8398224901616
accuracy_test/concepts:	98.28685760498047
map_test/concepts:	0.9591721549630166

Epoch 51
losses_train/task:	0.355730801820755
losses_train/concepts:	2.9600112438201904
losses_train/representations:	4.344254016876221
losses_train/total:	0.8689443469047546
losses_test/task:	0.2551698386669159
losses_test/concepts:	1.7586487531661987
losses_test/representations:	3.7406253814697266
losses_test/total:	0.6180659532546997
calibration_test/ece:	0.023309823125600815
calibration_test/brier:	0.10226557403802872
accuracy_test/task:	93.1173072092439
accuracy_test/concepts:	98.65863800048828
map_test/concepts:	0.9646357476711274

Epoch 52
losses_train/task:	0.3098187744617462
losses_train/concepts:	2.682493209838867
losses_train/representations:	4.0560760498046875
losses_train/total:	0.7808718681335449
losses_test/task:	0.2541341483592987
losses_test/concepts:	1.7068943977355957
losses_test/representations:	3.7083375453948975
losses_test/total:	0.6102405190467834
calibration_test/ece:	0.02499580942094326
calibration_test/brier:	0.10107315331697464
accuracy_test/task:	93.42711211588379
accuracy_test/concepts:	98.7021713256836
map_test/concepts:	0.9650906175374985

Epoch 53
losses_train/task:	0.29879578948020935
losses_train/concepts:	2.5801374912261963
losses_train/representations:	3.8858895301818848
losses_train/total:	0.7511041760444641
losses_test/task:	0.24739818274974823
losses_test/concepts:	1.657403588294983
losses_test/representations:	3.707369327545166
losses_test/total:	0.5985069274902344
calibration_test/ece:	0.025466136634349823
calibration_test/brier:	0.09932156652212143
accuracy_test/task:	93.594574227581
accuracy_test/concepts:	98.72434997558594
map_test/concepts:	0.9651419281959533

Epoch 54
losses_train/task:	0.277208149433136
losses_train/concepts:	2.397998809814453
losses_train/representations:	3.781177043914795
losses_train/total:	0.7060667872428894
losses_test/task:	0.24544012546539307
losses_test/concepts:	1.683557152748108
losses_test/representations:	3.5964369773864746
losses_test/total:	0.5936177372932434
calibration_test/ece:	0.025142649188637733
calibration_test/brier:	0.09714936465024948
accuracy_test/task:	93.76203633927824
accuracy_test/concepts:	98.76622009277344
map_test/concepts:	0.965090525150299

Epoch 55
losses_train/task:	0.2744224965572357
losses_train/concepts:	2.398576021194458
losses_train/representations:	3.722623348236084
losses_train/total:	0.7004111409187317
losses_test/task:	0.2448270171880722
losses_test/concepts:	1.7352641820907593
losses_test/representations:	3.5031111240386963
losses_test/total:	0.5935087203979492
calibration_test/ece:	0.025706302374601364
calibration_test/brier:	0.097187340259552
accuracy_test/task:	93.77878255044796
accuracy_test/concepts:	98.78924560546875
map_test/concepts:	0.9660430699586868

Epoch 56
losses_train/task:	0.2673875391483307
losses_train/concepts:	2.389538288116455
losses_train/representations:	3.7254703044891357
losses_train/total:	0.6926149129867554
losses_test/task:	0.24150459468364716
losses_test/concepts:	1.6815948486328125
losses_test/representations:	3.505258560180664
losses_test/total:	0.584926962852478
calibration_test/ece:	0.02606826461851597
calibration_test/brier:	0.09633772820234299
accuracy_test/task:	93.7704094448631
accuracy_test/concepts:	98.79090881347656
map_test/concepts:	0.9668907970190048

Epoch 57
losses_train/task:	0.2745179533958435
losses_train/concepts:	2.451404333114624
losses_train/representations:	3.669935703277588
losses_train/total:	0.7031553387641907
losses_test/task:	0.2385788857936859
losses_test/concepts:	1.7265483140945435
losses_test/representations:	3.4286746978759766
losses_test/total:	0.5826675295829773
calibration_test/ece:	0.024070262908935547
calibration_test/brier:	0.09490682184696198
accuracy_test/task:	93.97973708448464
accuracy_test/concepts:	98.80055236816406
map_test/concepts:	0.9670044600963592

Epoch 58
losses_train/task:	0.2575056552886963
losses_train/concepts:	2.2748594284057617
losses_train/representations:	3.617992877960205
losses_train/total:	0.6658914685249329
losses_test/task:	0.24214449524879456
losses_test/concepts:	1.68452787399292
losses_test/representations:	3.5156729221343994
losses_test/total:	0.5863810181617737
calibration_test/ece:	0.026174332946538925
calibration_test/brier:	0.09499355405569077
accuracy_test/task:	93.9211253453906
accuracy_test/concepts:	98.8114242553711
map_test/concepts:	0.9670728743076324

Epoch 59
losses_train/task:	0.2585105001926422
losses_train/concepts:	2.2797651290893555
losses_train/representations:	3.5799074172973633
losses_train/total:	0.6654823422431946
losses_test/task:	0.23805956542491913
losses_test/concepts:	1.6694666147232056
losses_test/representations:	3.493842840194702
losses_test/total:	0.5796984434127808
calibration_test/ece:	0.024682849645614624
calibration_test/brier:	0.09392305463552475
accuracy_test/task:	94.05509503474839
accuracy_test/concepts:	98.80388641357422
map_test/concepts:	0.967334532737732

Epoch 60
losses_train/task:	0.2630906403064728
losses_train/concepts:	2.3282980918884277
losses_train/representations:	3.6239497661590576
losses_train/total:	0.6771180629730225
losses_test/task:	0.2396720051765442
losses_test/concepts:	1.6386308670043945
losses_test/representations:	3.389810562133789
losses_test/total:	0.5730255246162415
calibration_train/ece:	0.004145719576627016
calibration_train/brier:	0.07450897246599197
accuracy_train/task:	94.5825441919192
calibration_test/ece:	0.02536635845899582
calibration_test/brier:	0.09399580955505371
accuracy_test/task:	93.87088671188144
accuracy_train/concepts:	98.69712829589844
map_train/concepts:	0.9791429847478866
accuracy_test/concepts:	98.8235855102539
map_test/concepts:	0.9669609636068344
accuracy_test/nuisances_task:	1.4234286088209887
accuracy_test/nuisances_nontask:	0.0
mutual_inf_test/nuisances_task:	0.06595308958070588
mutual_inf_test/nuisances_nontask:	0.0

Epoch 61
losses_train/task:	0.25744837522506714
losses_train/concepts:	2.260664463043213
losses_train/representations:	3.575303316116333
losses_train/total:	0.6622800230979919
losses_test/task:	0.23863071203231812
losses_test/concepts:	1.6609936952590942
losses_test/representations:	3.399953842163086
losses_test/total:	0.5747278332710266
calibration_test/ece:	0.027050383388996124
calibration_test/brier:	0.0941140353679657
accuracy_test/task:	93.96299087331491
accuracy_test/concepts:	98.81143188476562
map_test/concepts:	0.9678360819816589

Epoch 62
losses_train/task:	0.2591417729854584
losses_train/concepts:	2.3460919857025146
losses_train/representations:	3.5634593963623047
losses_train/total:	0.6719238758087158
losses_test/task:	0.2380264550447464
losses_test/concepts:	1.5698692798614502
losses_test/representations:	3.469374418258667
losses_test/total:	0.5684821605682373
calibration_test/ece:	0.02563697099685669
calibration_test/brier:	0.09391206502914429
accuracy_test/task:	93.98811019006949
accuracy_test/concepts:	98.80934143066406
map_test/concepts:	0.9661197453737259

Epoch 63
losses_train/task:	0.24952927231788635
losses_train/concepts:	2.168123960494995
losses_train/representations:	3.542896270751953
losses_train/total:	0.6434863209724426
losses_test/task:	0.2392156422138214
losses_test/concepts:	1.6135425567626953
losses_test/representations:	3.3928587436676025
losses_test/total:	0.5702129006385803
calibration_test/ece:	0.02587134763598442
calibration_test/brier:	0.09326443076133728
accuracy_test/task:	94.01322950682408
accuracy_test/concepts:	98.84827423095703
map_test/concepts:	0.9686966747045517

Epoch 64
losses_train/task:	0.2547954320907593
losses_train/concepts:	2.2113280296325684
losses_train/representations:	3.530151128768921
losses_train/total:	0.6524356603622437
losses_test/task:	0.23710426688194275
losses_test/concepts:	1.6208267211914062
losses_test/representations:	3.3920300006866455
losses_test/total:	0.5687884092330933
calibration_test/ece:	0.02688482403755188
calibration_test/brier:	0.09331397712230682
accuracy_test/task:	94.07184124591811
accuracy_test/concepts:	98.83948516845703
map_test/concepts:	0.9676489293575287

Epoch 65
losses_train/task:	0.2446250319480896
losses_train/concepts:	2.1876111030578613
losses_train/representations:	3.4922432899475098
losses_train/total:	0.6379983425140381
losses_test/task:	0.24027684330940247
losses_test/concepts:	1.618267297744751
losses_test/representations:	3.4534053802490234
losses_test/total:	0.5747738480567932
calibration_test/ece:	0.027841024100780487
calibration_test/brier:	0.09566386789083481
accuracy_test/task:	93.76203633927824
accuracy_test/concepts:	98.84911346435547
map_test/concepts:	0.966836103796959

Epoch 66
losses_train/task:	0.24756568670272827
losses_train/concepts:	2.267111301422119
losses_train/representations:	3.4874320030212402
losses_train/total:	0.6486482620239258
losses_test/task:	0.24030236899852753
losses_test/concepts:	1.7753864526748657
losses_test/representations:	3.351519823074341
losses_test/total:	0.5854169130325317
calibration_test/ece:	0.027893705293536186
calibration_test/brier:	0.0948147401213646
accuracy_test/task:	93.85414050071171
accuracy_test/concepts:	98.82901000976562
map_test/concepts:	0.9684220582246781

Epoch 67
losses_train/task:	0.2425464242696762
losses_train/concepts:	2.213040351867676
losses_train/representations:	3.495969295501709
losses_train/total:	0.638649046421051
losses_test/task:	0.23814994096755981
losses_test/concepts:	1.6069849729537964
losses_test/representations:	3.3767378330230713
losses_test/total:	0.5676853060722351
calibration_test/ece:	0.02681351825594902
calibration_test/brier:	0.0932229608297348
accuracy_test/task:	93.98811019006949
accuracy_test/concepts:	98.82400512695312
map_test/concepts:	0.9684228599071503

Epoch 68
losses_train/task:	0.2527614235877991
losses_train/concepts:	2.353167772293091
losses_train/representations:	3.54695725440979
losses_train/total:	0.6654261350631714
losses_test/task:	0.23734094202518463
losses_test/concepts:	1.5630879402160645
losses_test/representations:	3.525319814682007
losses_test/total:	0.5699159502983093
calibration_test/ece:	0.026633232831954956
calibration_test/brier:	0.09374174475669861
accuracy_test/task:	94.13045298501214
accuracy_test/concepts:	98.83235931396484
map_test/concepts:	0.9648457556962967

Epoch 69
losses_train/task:	0.2426186054944992
losses_train/concepts:	2.1721010208129883
losses_train/representations:	3.4756789207458496
losses_train/total:	0.6336126327514648
losses_test/task:	0.23537734150886536
losses_test/concepts:	1.572045087814331
losses_test/representations:	3.3170876502990723
losses_test/total:	0.5584363341331482
calibration_test/ece:	0.026971766725182533
calibration_test/brier:	0.0927872285246849
accuracy_test/task:	94.05509503474839
accuracy_test/concepts:	98.82232666015625
map_test/concepts:	0.969962728023529

Epoch 70
losses_train/task:	0.2501176595687866
losses_train/concepts:	2.2558913230895996
losses_train/representations:	3.4899752140045166
losses_train/total:	0.6502052545547485
losses_test/task:	0.23886409401893616
losses_test/concepts:	1.5489786863327026
losses_test/representations:	3.4910571575164795
losses_test/total:	0.5683149099349976
calibration_test/ece:	0.026287924498319626
calibration_test/brier:	0.0940517783164978
accuracy_test/task:	93.91275223980574
accuracy_test/concepts:	98.81478881835938
map_test/concepts:	0.9646944105625153

Epoch 71
losses_train/task:	0.23807913064956665
losses_train/concepts:	2.123718023300171
losses_train/representations:	3.452761173248291
losses_train/total:	0.6230890154838562
losses_test/task:	0.23639534413814545
losses_test/concepts:	1.6748340129852295
losses_test/representations:	3.361030340194702
losses_test/total:	0.5719302892684937
calibration_test/ece:	0.027600998058915138
calibration_test/brier:	0.09247847646474838
accuracy_test/task:	94.01322950682408
accuracy_test/concepts:	98.85958862304688
map_test/concepts:	0.9671729981899262

Epoch 72
losses_train/task:	0.23797838389873505
losses_train/concepts:	2.108635425567627
losses_train/representations:	3.4022693634033203
losses_train/total:	0.6189553737640381
losses_test/task:	0.2375776320695877
losses_test/concepts:	1.6092157363891602
losses_test/representations:	3.379443883895874
losses_test/total:	0.567471444606781
calibration_test/ece:	0.027237534523010254
calibration_test/brier:	0.09320729225873947
accuracy_test/task:	93.91275223980574
accuracy_test/concepts:	98.87256622314453
map_test/concepts:	0.9656735390424729

Epoch 73
losses_train/task:	0.22573719918727875
losses_train/concepts:	2.112229585647583
losses_train/representations:	3.3881983757019043
losses_train/total:	0.6063701510429382
losses_test/task:	0.23758554458618164
losses_test/concepts:	1.6150527000427246
losses_test/representations:	3.312926769256592
losses_test/total:	0.5647372007369995
calibration_test/ece:	0.02647211216390133
calibration_test/brier:	0.09237320721149445
accuracy_test/task:	93.99648329565436
accuracy_test/concepts:	98.85204315185547
map_test/concepts:	0.9682381510734558

Epoch 74
losses_train/task:	0.24004344642162323
losses_train/concepts:	2.1482887268066406
losses_train/representations:	3.412569046020508
losses_train/total:	0.6255006790161133
losses_test/task:	0.2364935278892517
losses_test/concepts:	1.5788718461990356
losses_test/representations:	3.263807535171509
losses_test/total:	0.5575711727142334
calibration_test/ece:	0.027078770101070404
calibration_test/brier:	0.09242203831672668
accuracy_test/task:	94.11370677384242
accuracy_test/concepts:	98.82316589355469
map_test/concepts:	0.967376446723938

Epoch 75
losses_train/task:	0.222101628780365
losses_train/concepts:	2.049290418624878
losses_train/representations:	3.3512203693389893
losses_train/total:	0.5945916771888733
losses_test/task:	0.23836031556129456
losses_test/concepts:	1.7095881700515747
losses_test/representations:	3.3239946365356445
losses_test/total:	0.5755189061164856
calibration_test/ece:	0.027522234246134758
calibration_test/brier:	0.0926157534122467
accuracy_test/task:	94.09696056267269
accuracy_test/concepts:	98.83614349365234
map_test/concepts:	0.9685747027397156

Epoch 76
losses_train/task:	0.2321011871099472
losses_train/concepts:	2.069859266281128
losses_train/representations:	3.344949722290039
losses_train/total:	0.6063344478607178
losses_test/task:	0.238837331533432
losses_test/concepts:	1.5554425716400146
losses_test/representations:	3.3491902351379395
losses_test/total:	0.5618410706520081
calibration_test/ece:	0.029215537011623383
calibration_test/brier:	0.09379208087921143
accuracy_test/task:	93.9211253453906
accuracy_test/concepts:	98.82608032226562
map_test/concepts:	0.9685479074716568

Epoch 77
losses_train/task:	0.22925786674022675
losses_train/concepts:	2.0671193599700928
losses_train/representations:	3.3250911235809326
losses_train/total:	0.602224588394165
losses_test/task:	0.23799630999565125
losses_test/concepts:	1.5978041887283325
losses_test/representations:	3.349519968032837
losses_test/total:	0.5652527213096619
calibration_test/ece:	0.02811524085700512
calibration_test/brier:	0.09280790388584137
accuracy_test/task:	94.02160261240894
accuracy_test/concepts:	98.84828186035156
map_test/concepts:	0.9705428302288055

Epoch 78
losses_train/task:	0.22357428073883057
losses_train/concepts:	2.016602039337158
losses_train/representations:	3.3419971466064453
losses_train/total:	0.5923344492912292
losses_test/task:	0.23697562515735626
losses_test/concepts:	1.8858643770217896
losses_test/representations:	3.254840135574341
losses_test/total:	0.5883041024208069
calibration_test/ece:	0.028152920305728912
calibration_test/brier:	0.09197504818439484
accuracy_test/task:	94.09696056267269
accuracy_test/concepts:	98.8880615234375
map_test/concepts:	0.968114772439003

Epoch 79
losses_train/task:	0.22462062537670135
losses_train/concepts:	2.0438926219940186
losses_train/representations:	3.282529830932617
losses_train/total:	0.5931364297866821
losses_test/task:	0.23839566111564636
losses_test/concepts:	1.601298213005066
losses_test/representations:	3.32011342048645
losses_test/total:	0.5645310878753662
calibration_test/ece:	0.029130935668945312
calibration_test/brier:	0.09363823384046555
accuracy_test/task:	93.94624466214519
accuracy_test/concepts:	98.8503646850586
map_test/concepts:	0.9684367090463638

Epoch 80
losses_train/task:	0.21320302784442902
losses_train/concepts:	1.9591591358184814
losses_train/representations:	3.2784979343414307
losses_train/total:	0.573043704032898
losses_test/task:	0.24010346829891205
losses_test/concepts:	1.9551515579223633
losses_test/representations:	3.2602996826171875
losses_test/total:	0.5986335873603821
calibration_test/ece:	0.02979825809597969
calibration_test/brier:	0.09269686043262482
accuracy_test/task:	94.06346814033326
accuracy_test/concepts:	98.86125183105469
map_test/concepts:	0.9684183031320572

Epoch 81
losses_train/task:	0.22909939289093018
losses_train/concepts:	2.0688321590423584
losses_train/representations:	3.3193843364715576
losses_train/total:	0.6019517779350281
losses_test/task:	0.23646442592144012
losses_test/concepts:	1.5735219717025757
losses_test/representations:	3.3086719512939453
losses_test/total:	0.5592502951622009
calibration_test/ece:	0.027945825830101967
calibration_test/brier:	0.0924428403377533
accuracy_test/task:	94.0299757179938
accuracy_test/concepts:	98.86543273925781
map_test/concepts:	0.9683338731527329

Epoch 82
losses_train/task:	0.222867950797081
losses_train/concepts:	2.0653774738311768
losses_train/representations:	3.3192055225372314
losses_train/total:	0.5953658819198608
losses_test/task:	0.24664835631847382
losses_test/concepts:	1.9369215965270996
losses_test/representations:	3.2928829193115234
losses_test/total:	0.6049846410751343
calibration_test/ece:	0.0297434963285923
calibration_test/brier:	0.09344135224819183
accuracy_test/task:	94.23930335761534
accuracy_test/concepts:	98.88093566894531
map_test/concepts:	0.9688863813877105

Epoch 83
losses_train/task:	0.22933796048164368
losses_train/concepts:	2.0581321716308594
losses_train/representations:	3.2923362255096436
losses_train/total:	0.5997678637504578
losses_test/task:	0.2431967705488205
losses_test/concepts:	1.8737547397613525
losses_test/representations:	3.312958002090454
losses_test/total:	0.5962200164794922
calibration_test/ece:	0.02977702021598816
calibration_test/brier:	0.09294646978378296
accuracy_test/task:	94.13882609059701
accuracy_test/concepts:	98.87382507324219
map_test/concepts:	0.96809923350811

Epoch 84
losses_train/task:	0.2270319014787674
losses_train/concepts:	2.0491888523101807
losses_train/representations:	3.3111412525177
losses_train/total:	0.5975081920623779
losses_test/task:	0.24011197686195374
losses_test/concepts:	2.214733839035034
losses_test/representations:	3.23852276802063
losses_test/total:	0.6235116124153137
calibration_test/ece:	0.02969292551279068
calibration_test/brier:	0.09359805285930634
accuracy_test/task:	94.00485640123922
accuracy_test/concepts:	98.86335754394531
map_test/concepts:	0.9673542439937591

Epoch 85
losses_train/task:	0.22151657938957214
losses_train/concepts:	2.036898374557495
losses_train/representations:	3.289503335952759
losses_train/total:	0.5896816253662109
losses_test/task:	0.24452956020832062
losses_test/concepts:	1.8468841314315796
losses_test/representations:	3.253547191619873
losses_test/total:	0.591895341873169
calibration_test/ece:	0.02984371781349182
calibration_test/brier:	0.09434319287538528
accuracy_test/task:	93.99648329565436
accuracy_test/concepts:	98.85205078125
map_test/concepts:	0.9676590472459793

Epoch 86
losses_train/task:	0.22321607172489166
losses_train/concepts:	2.0515992641448975
losses_train/representations:	3.2759716510772705
losses_train/total:	0.5921745896339417
losses_test/task:	0.2475598007440567
losses_test/concepts:	2.1475918292999268
losses_test/representations:	3.2877893447875977
losses_test/total:	0.6267085075378418
calibration_test/ece:	0.030038610100746155
calibration_test/brier:	0.09461893141269684
accuracy_test/task:	93.99648329565436
accuracy_test/concepts:	98.86878967285156
map_test/concepts:	0.969020938873291

Epoch 87
losses_train/task:	0.22357381880283356
losses_train/concepts:	2.1272168159484863
losses_train/representations:	3.334003210067749
losses_train/total:	0.6029956936836243
losses_test/task:	0.24679552018642426
losses_test/concepts:	1.6472556591033936
losses_test/representations:	3.337601900100708
losses_test/total:	0.5784011483192444
calibration_test/ece:	0.03094618022441864
calibration_test/brier:	0.095905601978302
accuracy_test/task:	93.75366323369337
accuracy_test/concepts:	98.81018829345703
map_test/concepts:	0.9655445218086243

Epoch 88
losses_train/task:	0.21643196046352386
losses_train/concepts:	2.0110771656036377
losses_train/representations:	3.2748732566833496
losses_train/total:	0.581283450126648
losses_test/task:	0.24422916769981384
losses_test/concepts:	1.7900149822235107
losses_test/representations:	3.25032901763916
losses_test/total:	0.5857470035552979
calibration_test/ece:	0.029450204223394394
calibration_test/brier:	0.09467453509569168
accuracy_test/task:	93.91275223980574
accuracy_test/concepts:	98.85749053955078
map_test/concepts:	0.9708605706691742

Epoch 89
losses_train/task:	0.2256438136100769
losses_train/concepts:	2.0688257217407227
losses_train/representations:	3.3260958194732666
losses_train/total:	0.5988309979438782
losses_test/task:	0.24090400338172913
losses_test/concepts:	1.835659384727478
losses_test/representations:	3.2831146717071533
losses_test/total:	0.5886256098747253
calibration_test/ece:	0.028456397354602814
calibration_test/brier:	0.09294138848781586
accuracy_test/task:	94.14719919618186
accuracy_test/concepts:	98.85832214355469
map_test/concepts:	0.9685001045465469

Epoch 90
losses_train/task:	0.21818691492080688
losses_train/concepts:	1.9429782629013062
losses_train/representations:	3.2414417266845703
losses_train/total:	0.5745568871498108
losses_test/task:	0.24396410584449768
losses_test/concepts:	1.8168845176696777
losses_test/representations:	3.2703330516815186
losses_test/total:	0.5891692638397217
calibration_test/ece:	0.02962084673345089
calibration_test/brier:	0.09367872774600983
accuracy_test/task:	94.08858745708784
accuracy_test/concepts:	98.86334991455078
map_test/concepts:	0.9688481748104095

Epoch 91
losses_train/task:	0.22111943364143372
losses_train/concepts:	1.9587949514389038
losses_train/representations:	3.2369909286499023
losses_train/total:	0.5788483023643494
losses_test/task:	0.24130700528621674
losses_test/concepts:	1.965776801109314
losses_test/representations:	3.1648788452148438
losses_test/total:	0.5961285829544067
calibration_test/ece:	0.02897065319120884
calibration_test/brier:	0.09313594549894333
accuracy_test/task:	94.13045298501214
accuracy_test/concepts:	98.86125946044922
map_test/concepts:	0.9696930587291718

Epoch 92
losses_train/task:	0.2080748826265335
losses_train/concepts:	1.8863873481750488
losses_train/representations:	3.1926472187042236
losses_train/total:	0.5563458800315857
losses_test/task:	0.24225597083568573
losses_test/concepts:	1.7654306888580322
losses_test/representations:	3.2340075969696045
losses_test/total:	0.5804993510246277
calibration_test/ece:	0.029841674491763115
calibration_test/brier:	0.09412475675344467
accuracy_test/task:	94.05509503474839
accuracy_test/concepts:	98.88805389404297
map_test/concepts:	0.9697652608156204

Epoch 93
losses_train/task:	0.20330177247524261
losses_train/concepts:	1.9003431797027588
losses_train/representations:	3.1821022033691406
losses_train/total:	0.5524411201477051
losses_test/task:	0.24079476296901703
losses_test/concepts:	2.0179402828216553
losses_test/representations:	3.2793736457824707
losses_test/total:	0.6065573692321777
calibration_test/ece:	0.029942162334918976
calibration_test/brier:	0.09200122207403183
accuracy_test/task:	94.22255714644562
accuracy_test/concepts:	98.91902923583984
map_test/concepts:	0.9703191190958023

Epoch 94
losses_train/task:	0.21348659694194794
losses_train/concepts:	1.9657421112060547
losses_train/representations:	3.2115519046783447
losses_train/total:	0.5706385374069214
losses_test/task:	0.24583637714385986
losses_test/concepts:	2.218169927597046
losses_test/representations:	3.2503533363342285
losses_test/total:	0.6301710605621338
calibration_test/ece:	0.03084302321076393
calibration_test/brier:	0.09456699341535568
accuracy_test/task:	93.97136397889977
accuracy_test/concepts:	98.88636779785156
map_test/concepts:	0.971035823225975

Epoch 95
losses_train/task:	0.21066126227378845
losses_train/concepts:	1.9710445404052734
losses_train/representations:	3.1808860301971436
losses_train/total:	0.5668101906776428
losses_test/task:	0.24713893234729767
losses_test/concepts:	1.7789322137832642
losses_test/representations:	3.267162799835205
losses_test/total:	0.5883902311325073
calibration_test/ece:	0.03158162906765938
calibration_test/brier:	0.09562224894762039
accuracy_test/task:	93.91275223980574
accuracy_test/concepts:	98.86669158935547
map_test/concepts:	0.9710165649652481

Epoch 96
losses_train/task:	0.21172615885734558
losses_train/concepts:	1.9384958744049072
losses_train/representations:	3.2372636795043945
losses_train/total:	0.5674386620521545
losses_test/task:	0.24802495539188385
losses_test/concepts:	2.3879342079162598
losses_test/representations:	3.2516491413116455
losses_test/total:	0.6494009494781494
calibration_test/ece:	0.03136105835437775
calibration_test/brier:	0.09418464452028275
accuracy_test/task:	94.07184124591811
accuracy_test/concepts:	98.90982055664062
map_test/concepts:	0.969631913304329

Epoch 97
losses_train/task:	0.22173719108104706
losses_train/concepts:	2.1001296043395996
losses_train/representations:	3.270939588546753
losses_train/total:	0.59529709815979
losses_test/task:	0.24494214355945587
losses_test/concepts:	1.722756028175354
losses_test/representations:	3.330047607421875
losses_test/total:	0.5837200284004211
calibration_test/ece:	0.030868126079440117
calibration_test/brier:	0.0948234349489212
accuracy_test/task:	93.88763292305116
accuracy_test/concepts:	98.87213134765625
map_test/concepts:	0.9682184934616089

Epoch 98
losses_train/task:	0.2077302783727646
losses_train/concepts:	1.9068331718444824
losses_train/representations:	3.231959104537964
losses_train/total:	0.5600114464759827
losses_test/task:	0.24680650234222412
losses_test/concepts:	2.136284351348877
losses_test/representations:	3.155644655227661
losses_test/total:	0.6182172894477844
calibration_test/ece:	0.031034931540489197
calibration_test/brier:	0.0952121764421463
accuracy_test/task:	94.00485640123922
accuracy_test/concepts:	98.89558410644531
map_test/concepts:	0.9677127242088318

Epoch 99
losses_train/task:	0.21084930002689362
losses_train/concepts:	1.8999487161636353
losses_train/representations:	3.1632609367370605
losses_train/total:	0.5590074062347412
losses_test/task:	0.25016722083091736
losses_test/concepts:	2.504931926727295
losses_test/representations:	3.2431323528289795
losses_test/total:	0.6628169417381287
calibration_test/ece:	0.03261557221412659
calibration_test/brier:	0.09634170681238174
accuracy_test/task:	93.97136397889977
accuracy_test/concepts:	98.87675476074219
map_test/concepts:	0.9691096872091294

Epoch 100
losses_train/task:	0.21409821510314941
losses_train/concepts:	2.018763780593872
losses_train/representations:	3.2384634017944336
losses_train/total:	0.5778979063034058
losses_test/task:	0.2419254332780838
losses_test/concepts:	2.1930203437805176
losses_test/representations:	3.178086757659912
losses_test/total:	0.6201319098472595
calibration_test/ece:	0.029932277277112007
calibration_test/brier:	0.09311658143997192
accuracy_test/task:	94.12207987942728
accuracy_test/concepts:	98.89977264404297
map_test/concepts:	0.9678496986627578

Epoch 101
losses_train/task:	0.20533792674541473
losses_train/concepts:	1.8951549530029297
losses_train/representations:	3.1660513877868652
losses_train/total:	0.5531558990478516
losses_test/task:	0.239592507481575
losses_test/concepts:	2.0024139881134033
losses_test/representations:	3.1616597175598145
losses_test/total:	0.5979169607162476
calibration_test/ece:	0.028487998992204666
calibration_test/brier:	0.09239120036363602
accuracy_test/task:	94.29791509670937
accuracy_test/concepts:	98.90606689453125
map_test/concepts:	0.9687836468219757

Epoch 102
losses_train/task:	0.19378839433193207
losses_train/concepts:	1.8465845584869385
losses_train/representations:	3.1267623901367188
losses_train/total:	0.5347850918769836
losses_test/task:	0.23920224606990814
losses_test/concepts:	2.009718894958496
losses_test/representations:	3.1575586795806885
losses_test/total:	0.5980521440505981
calibration_test/ece:	0.029111996293067932
calibration_test/brier:	0.09278397262096405
accuracy_test/task:	94.18069161852131
accuracy_test/concepts:	98.90563201904297
map_test/concepts:	0.9679797679185868

Epoch 103
losses_train/task:	0.1987178921699524
losses_train/concepts:	1.8394205570220947
losses_train/representations:	3.129894256591797
losses_train/total:	0.5391546487808228
losses_test/task:	0.24010151624679565
losses_test/concepts:	2.0401346683502197
losses_test/representations:	3.1895952224731445
losses_test/total:	0.6035946011543274
calibration_test/ece:	0.030589785426855087
calibration_test/brier:	0.09230349957942963
accuracy_test/task:	94.23930335761534
accuracy_test/concepts:	98.91316223144531
map_test/concepts:	0.968148136138916

Epoch 104
losses_train/task:	0.2041245698928833
losses_train/concepts:	1.8973950147628784
losses_train/representations:	3.163689613342285
losses_train/total:	0.55204838514328
losses_test/task:	0.23974725604057312
losses_test/concepts:	2.0192713737487793
losses_test/representations:	3.164731740951538
losses_test/total:	0.5999109745025635
calibration_test/ece:	0.029175909236073494
calibration_test/brier:	0.09229670464992523
accuracy_test/task:	94.26442267436992
accuracy_test/concepts:	98.90898132324219
map_test/concepts:	0.9684156477451324

Epoch 105
losses_train/task:	0.2049885243177414
losses_train/concepts:	1.8961024284362793
losses_train/representations:	3.152395009994507
losses_train/total:	0.5522186756134033
losses_test/task:	0.24126532673835754
losses_test/concepts:	2.1128811836242676
losses_test/representations:	3.1710546016693115
losses_test/total:	0.6111060380935669
calibration_test/ece:	0.029723310843110085
calibration_test/brier:	0.09264565259218216
accuracy_test/task:	94.19743782969103
accuracy_test/concepts:	98.90898895263672
map_test/concepts:	0.9674117475748062

Epoch 106
losses_train/task:	0.20570005476474762
losses_train/concepts:	1.9311180114746094
losses_train/representations:	3.1484594345092773
losses_train/total:	0.5562350153923035
losses_test/task:	0.24004153907299042
losses_test/concepts:	1.9587898254394531
losses_test/representations:	3.1665542125701904
losses_test/total:	0.5942481756210327
calibration_test/ece:	0.029748328030109406
calibration_test/brier:	0.09283187985420227
accuracy_test/task:	94.19743782969103
accuracy_test/concepts:	98.90773010253906
map_test/concepts:	0.9686960071325302

Epoch 107
losses_train/task:	0.20602580904960632
losses_train/concepts:	1.912880539894104
losses_train/representations:	3.1595945358276367
losses_train/total:	0.5552936792373657
losses_test/task:	0.24260061979293823
losses_test/concepts:	2.1114299297332764
losses_test/representations:	3.160274028778076
losses_test/total:	0.6117572784423828
calibration_test/ece:	0.03016696870326996
calibration_test/brier:	0.09296738356351852
accuracy_test/task:	94.18906472410617
accuracy_test/concepts:	98.90438079833984
map_test/concepts:	0.969433143734932

Epoch 108
losses_train/task:	0.20021355152130127
losses_train/concepts:	1.865296483039856
losses_train/representations:	3.13844633102417
losses_train/total:	0.5436657667160034
losses_test/task:	0.2375621497631073
losses_test/concepts:	1.9897022247314453
losses_test/representations:	3.163708448410034
losses_test/total:	0.5947179198265076
calibration_test/ece:	0.029742619022727013
calibration_test/brier:	0.09157809615135193
accuracy_test/task:	94.23930335761534
accuracy_test/concepts:	98.91862487792969
map_test/concepts:	0.9696435958147049

Epoch 109
losses_train/task:	0.19264420866966248
losses_train/concepts:	1.784690499305725
losses_train/representations:	3.10801362991333
losses_train/total:	0.5265140533447266
losses_test/task:	0.23890851438045502
losses_test/concepts:	2.0947632789611816
losses_test/representations:	3.1543681621551514
losses_test/total:	0.606103241443634
calibration_test/ece:	0.03044300526380539
calibration_test/brier:	0.09161193668842316
accuracy_test/task:	94.22255714644562
accuracy_test/concepts:	98.91484832763672
map_test/concepts:	0.9695340842008591

Epoch 110
losses_train/task:	0.1926632672548294
losses_train/concepts:	1.8163433074951172
losses_train/representations:	3.100802421569824
losses_train/total:	0.5293375849723816
losses_test/task:	0.2398136705160141
losses_test/concepts:	2.180842161178589
losses_test/representations:	3.1123480796813965
losses_test/total:	0.6135151386260986
calibration_test/ece:	0.030337326228618622
calibration_test/brier:	0.0920131728053093
accuracy_test/task:	94.14719919618186
accuracy_test/concepts:	98.91024780273438
map_test/concepts:	0.968737781047821

Epoch 111
losses_train/task:	0.20176231861114502
losses_train/concepts:	1.9350006580352783
losses_train/representations:	3.118826150894165
losses_train/total:	0.5512040257453918
losses_test/task:	0.24077065289020538
losses_test/concepts:	2.072979211807251
losses_test/representations:	3.1597065925598145
losses_test/total:	0.6060538291931152
calibration_test/ece:	0.030200883746147156
calibration_test/brier:	0.09196910262107849
accuracy_test/task:	94.22255714644562
accuracy_test/concepts:	98.9181900024414
map_test/concepts:	0.969520166516304

Epoch 112
losses_train/task:	0.2057666927576065
losses_train/concepts:	1.8749935626983643
losses_train/representations:	3.1162796020507812
losses_train/total:	0.549079954624176
losses_test/task:	0.24042144417762756
losses_test/concepts:	2.0787785053253174
losses_test/representations:	3.173835277557373
losses_test/total:	0.6069909930229187
calibration_test/ece:	0.028997426852583885
calibration_test/brier:	0.09163610637187958
accuracy_test/task:	94.33978062463368
accuracy_test/concepts:	98.92488861083984
map_test/concepts:	0.9685837775468826

Epoch 113
losses_train/task:	0.19238689541816711
losses_train/concepts:	1.870200753211975
losses_train/representations:	3.091399908065796
losses_train/total:	0.5339768528938293
losses_test/task:	0.2400771677494049
losses_test/concepts:	1.8790127038955688
losses_test/representations:	3.164736747741699
losses_test/total:	0.5862154960632324
calibration_test/ece:	0.03116452321410179
calibration_test/brier:	0.09252281486988068
accuracy_test/task:	94.14719919618186
accuracy_test/concepts:	98.90480041503906
map_test/concepts:	0.9699731677770614

Epoch 114
losses_train/task:	0.19398851692676544
losses_train/concepts:	1.8407187461853027
losses_train/representations:	3.1073710918426514
losses_train/total:	0.5334290266036987
losses_test/task:	0.23903675377368927
losses_test/concepts:	1.947656273841858
losses_test/representations:	3.115553855895996
losses_test/total:	0.5895801782608032
calibration_test/ece:	0.030287601053714752
calibration_test/brier:	0.09155990928411484
accuracy_test/task:	94.19743782969103
accuracy_test/concepts:	98.9173583984375
map_test/concepts:	0.9692073971033096

Epoch 115
losses_train/task:	0.1992740035057068
losses_train/concepts:	1.8587857484817505
losses_train/representations:	3.1293206214904785
losses_train/total:	0.5416186451911926
losses_test/task:	0.24010588228702545
losses_test/concepts:	2.0926668643951416
losses_test/representations:	3.1419427394866943
losses_test/total:	0.6064699292182922
calibration_test/ece:	0.03143623471260071
calibration_test/brier:	0.09223319590091705
accuracy_test/task:	94.14719919618186
accuracy_test/concepts:	98.92615509033203
map_test/concepts:	0.9694077253341675

Epoch 116
losses_train/task:	0.2047310471534729
losses_train/concepts:	1.8322800397872925
losses_train/representations:	3.1184020042419434
losses_train/total:	0.5438792109489441
losses_test/task:	0.2415289431810379
losses_test/concepts:	2.235412120819092
losses_test/representations:	3.1697490215301514
losses_test/total:	0.6235578656196594
calibration_test/ece:	0.0314507931470871
calibration_test/brier:	0.09268655627965927
accuracy_test/task:	94.18906472410617
accuracy_test/concepts:	98.93158721923828
map_test/concepts:	0.9696891069412231

Epoch 117
losses_train/task:	0.1959501951932907
losses_train/concepts:	1.897750735282898
losses_train/representations:	3.0889923572540283
losses_train/total:	0.540174663066864
losses_test/task:	0.2392144799232483
losses_test/concepts:	1.8575588464736938
losses_test/representations:	3.161649227142334
losses_test/total:	0.5830528140068054
calibration_test/ece:	0.03044111281633377
calibration_test/brier:	0.09233105182647705
accuracy_test/task:	94.21418404086076
accuracy_test/concepts:	98.91651916503906
map_test/concepts:	0.9693280518054962

Epoch 118
losses_train/task:	0.1991395205259323
losses_train/concepts:	1.9127837419509888
losses_train/representations:	3.107834577560425
losses_train/total:	0.5458094477653503
losses_test/task:	0.24055275321006775
losses_test/concepts:	2.00693678855896
losses_test/representations:	3.149414539337158
losses_test/total:	0.5987170338630676
calibration_test/ece:	0.030879879370331764
calibration_test/brier:	0.0924219861626625
accuracy_test/task:	94.13882609059701
accuracy_test/concepts:	98.91023254394531
map_test/concepts:	0.9701252788305282

Epoch 119
losses_train/task:	0.1992097944021225
losses_train/concepts:	1.811995506286621
losses_train/representations:	3.0942320823669434
losses_train/total:	0.5351209044456482
losses_test/task:	0.24011629819869995
losses_test/concepts:	2.198354721069336
losses_test/representations:	3.1201722621917725
losses_test/total:	0.6159603595733643
calibration_test/ece:	0.03130339831113815
calibration_test/brier:	0.09205207228660583
accuracy_test/task:	94.14719919618186
accuracy_test/concepts:	98.93032836914062
map_test/concepts:	0.9687849700450897

Epoch 120
losses_train/task:	0.19366510212421417
losses_train/concepts:	1.848565936088562
losses_train/representations:	3.092714548110962
losses_train/total:	0.5331571698188782
losses_test/task:	0.2405935376882553
losses_test/concepts:	2.132451057434082
losses_test/representations:	3.128913640975952
losses_test/total:	0.6102843284606934
calibration_train/ece:	0.0053245909512043
calibration_train/brier:	0.05682934820652008
accuracy_train/task:	95.8688446969697
calibration_test/ece:	0.0311659537255764
calibration_test/brier:	0.09220965206623077
accuracy_test/task:	94.18069161852131
accuracy_train/concepts:	99.02718353271484
map_train/concepts:	0.9890999048948288
accuracy_test/concepts:	98.9328384399414
map_test/concepts:	0.9693926036357879
accuracy_test/nuisances_task:	1.4091294545393724
accuracy_test/nuisances_nontask:	0.0
mutual_inf_test/nuisances_task:	0.06490813038070838
mutual_inf_test/nuisances_nontask:	0.0

epoch_120.pt
groups=0 err_lowconf=5.819 err_random=5.819
groups=1 err_lowconf=5.149 err_random=5.149
groups=2 err_lowconf=4.923 err_random=4.923
groups=3 err_lowconf=4.254 err_random=4.254
groups=4 err_lowconf=3.475 err_random=3.475
groups=5 err_lowconf=2.872 err_random=2.872
groups=6 err_lowconf=2.956 err_random=2.956
groups=7 err_lowconf=2.872 err_random=2.872
groups=8 err_lowconf=2.487 err_random=2.487
groups=9 err_lowconf=2.210 err_random=2.210
groups=10 err_lowconf=2.077 err_random=2.077
groups=11 err_lowconf=1.834 err_random=1.834
groups=12 err_lowconf=3.140 err_random=3.140
groups=13 err_lowconf=3.140 err_random=3.140
groups=14 err_lowconf=3.106 err_random=3.106
groups=15 err_lowconf=3.366 err_random=3.366
groups=16 err_lowconf=3.475 err_random=3.475
groups=17 err_lowconf=6.054 err_random=6.054
groups=18 err_lowconf=5.895 err_random=5.895
groups=19 err_lowconf=8.733 err_random=8.733
groups=20 err_lowconf=8.725 err_random=8.725
[1;34mwandb[0m:
[1;34mwandb[0m: You can sync this run to the cloud by running:
[1;34mwandb[0m: [1mwandb sync /research/hal-afsharim/minimal_cbm/results/awa2-mcbm-005/44/wandb/offline-run-20260730_014156-h24ry4xx[0m
[1;34mwandb[0m: Find logs at: [1;35mresults/awa2-mcbm-005/44/wandb/offline-run-20260730_014156-h24ry4xx/logs[0m
