
===== launch 2026-07-29 16:43:05.274386 gpu3 =====
wandb: Using wandb-core as the SDK backend.  Please refer to https://wandb.me/wandb-core for more information.
wandb: Tracking run with wandb version 0.19.0
wandb: W&B syncing is set to `offline` in this directory.  
wandb: Run `wandb online` or set WANDB_MODE=online to enable cloud syncing.
/research/hal-afsharim/miniconda3/envs/mcbm/lib/python3.10/site-packages/torchvision/models/_utils.py:208: UserWarning: The parameter 'pretrained' is deprecated since 0.13 and will be removed in 0.15, please use 'weights' instead.
  warnings.warn(
/research/hal-afsharim/miniconda3/envs/mcbm/lib/python3.10/site-packages/torchvision/models/_utils.py:223: UserWarning: Arguments other than a weight enum or `None` for 'weights' are deprecated since 0.13 and will be removed in 0.15. The current behavior is equivalent to passing `weights=ResNet50_Weights.IMAGENET1K_V1`. You can also use `weights=ResNet50_Weights.DEFAULT` to get the most up-to-date weights.
  warnings.warn(msg)
Epoch 1
losses_train/task:	2.860746145248413
losses_train/concepts:	8.700166702270508
losses_train/precision:	0.029768163338303566
losses_train/total:	3.7310612201690674
losses_test/task:	1.7008737325668335
losses_test/concepts:	4.507381916046143
losses_test/precision:	0.03992915153503418
losses_test/total:	2.1520113945007324
calibration_test/ece:	0.2555474638938904
calibration_test/brier:	0.6270461678504944
accuracy_test/task:	61.36649083144938
accuracy_test/concepts:	93.8474349975586
map_test/concepts:	0.9162139892578125

Epoch 2
losses_train/task:	1.6691666841506958
losses_train/concepts:	6.0424275398254395
losses_train/precision:	0.042729441076517105
losses_train/total:	2.273836374282837
losses_test/task:	1.1987919807434082
losses_test/concepts:	3.7336130142211914
losses_test/precision:	0.04109978675842285
losses_test/total:	1.5725641250610352
calibration_test/ece:	0.14391766488552094
calibration_test/brier:	0.45230501890182495
accuracy_test/task:	70.25872896257222
accuracy_test/concepts:	94.9744644165039
map_test/concepts:	0.9312087818980217

Epoch 3
losses_train/task:	1.3764965534210205
losses_train/concepts:	5.084293365478516
losses_train/precision:	0.04067457467317581
losses_train/total:	1.885332703590393
losses_test/task:	1.4084792137145996
losses_test/concepts:	5.582745552062988
losses_test/precision:	0.044272247701883316
losses_test/total:	1.9671969413757324
calibration_test/ece:	0.04304511472582817
calibration_test/brier:	0.49765142798423767
accuracy_test/task:	63.93703424600184
accuracy_test/concepts:	92.42401885986328
map_test/concepts:	0.8969979897141457

Epoch 4
losses_train/task:	1.3933172225952148
losses_train/concepts:	5.398324012756348
losses_train/precision:	0.05090326815843582
losses_train/total:	1.9336590766906738
losses_test/task:	0.9487690925598145
losses_test/concepts:	3.149672269821167
losses_test/precision:	0.04802529141306877
losses_test/total:	1.264216661453247
calibration_test/ece:	0.08671683818101883
calibration_test/brier:	0.3710302710533142
accuracy_test/task:	74.4285355438332
accuracy_test/concepts:	95.63343811035156
map_test/concepts:	0.939404521882534

Epoch 5
losses_train/task:	1.1968117952346802
losses_train/concepts:	4.277437686920166
losses_train/precision:	0.04426107183098793
losses_train/total:	1.6249980926513672
losses_test/task:	0.9352785348892212
losses_test/concepts:	3.1058497428894043
losses_test/precision:	0.0409092903137207
losses_test/total:	1.2462724447250366
calibration_test/ece:	0.07061838358640671
calibration_test/brier:	0.36239826679229736
accuracy_test/task:	74.96441430126434
accuracy_test/concepts:	95.86201477050781
map_test/concepts:	0.944254893064499

Epoch 6
losses_train/task:	1.132558822631836
losses_train/concepts:	4.05234956741333
losses_train/precision:	0.039088647812604904
losses_train/total:	1.5381845235824585
losses_test/task:	0.8802233338356018
losses_test/concepts:	2.77720308303833
losses_test/precision:	0.03866361826658249
losses_test/total:	1.1583307981491089
calibration_test/ece:	0.06688539683818817
calibration_test/brier:	0.3431606590747833
accuracy_test/task:	77.02419827514025
accuracy_test/concepts:	96.42343139648438
map_test/concepts:	0.9488548398017883

Epoch 7
losses_train/task:	1.0627471208572388
losses_train/concepts:	3.685018539428711
losses_train/precision:	0.036270856857299805
losses_train/total:	1.4316117763519287
losses_test/task:	0.791323184967041
losses_test/concepts:	2.368643283843994
losses_test/precision:	0.03597264736890793
losses_test/total:	1.0285471677780151
calibration_test/ece:	0.07551488280296326
calibration_test/brier:	0.32223403453826904
accuracy_test/task:	77.33400318178012
accuracy_test/concepts:	96.75878143310547
map_test/concepts:	0.9520757272839546

Epoch 8
losses_train/task:	1.073491096496582
losses_train/concepts:	3.763624429702759
losses_train/precision:	0.0390445776283741
losses_train/total:	1.4502443075180054
losses_test/task:	0.8009106516838074
losses_test/concepts:	2.514920234680176
losses_test/precision:	0.03972239047288895
losses_test/total:	1.052799940109253
calibration_test/ece:	0.05037787929177284
calibration_test/brier:	0.31672683358192444
accuracy_test/task:	77.60194256049569
accuracy_test/concepts:	97.29884338378906
map_test/concepts:	0.9502221271395683

Epoch 9
losses_train/task:	1.0310455560684204
losses_train/concepts:	3.6386499404907227
losses_train/precision:	0.03727754205465317
losses_train/total:	1.3952832221984863
losses_test/task:	0.7721609473228455
losses_test/concepts:	2.5054967403411865
losses_test/precision:	0.03852700814604759
losses_test/total:	1.023095965385437
calibration_test/ece:	0.05282561108469963
calibration_test/brier:	0.3059447705745697
accuracy_test/task:	78.78255044796114
accuracy_test/concepts:	97.33692932128906
map_test/concepts:	0.9525368571281433

Epoch 10
losses_train/task:	1.0196537971496582
losses_train/concepts:	3.5576109886169434
losses_train/precision:	0.03517996519804001
losses_train/total:	1.3757665157318115
losses_test/task:	0.9512657523155212
losses_test/concepts:	3.2743685245513916
losses_test/precision:	0.034385740756988525
losses_test/total:	1.2790460586547852
calibration_test/ece:	0.0337788462638855
calibration_test/brier:	0.363509863615036
accuracy_test/task:	73.4321359792347
accuracy_test/concepts:	96.11237335205078
map_test/concepts:	0.940397384762764

Epoch 11
losses_train/task:	0.9945073127746582
losses_train/concepts:	3.439242362976074
losses_train/precision:	0.035867203027009964
losses_train/total:	1.3387908935546875
losses_test/task:	0.7985174655914307
losses_test/concepts:	2.5296006202697754
losses_test/precision:	0.03651708737015724
losses_test/total:	1.0518425703048706
calibration_test/ece:	0.05389188230037689
calibration_test/brier:	0.3220822513103485
accuracy_test/task:	75.90220212676881
accuracy_test/concepts:	96.72066497802734
map_test/concepts:	0.9481955155730247

Epoch 12
losses_train/task:	0.9964367151260376
losses_train/concepts:	3.450855255126953
losses_train/precision:	0.03210165351629257
losses_train/total:	1.3418432474136353
losses_test/task:	0.7964397072792053
losses_test/concepts:	2.836740255355835
losses_test/precision:	0.03595847263932228
losses_test/total:	1.0804733037948608
calibration_test/ece:	0.036630779504776
calibration_test/brier:	0.3104880154132843
accuracy_test/task:	78.3806413798878
accuracy_test/concepts:	97.06900787353516
map_test/concepts:	0.9511567056179047

Epoch 13
losses_train/task:	0.951928436756134
losses_train/concepts:	3.323103666305542
losses_train/precision:	0.033355385065078735
losses_train/total:	1.2845724821090698
losses_test/task:	0.7081065773963928
losses_test/concepts:	2.268263101577759
losses_test/precision:	0.030399493873119354
losses_test/total:	0.9352364540100098
calibration_test/ece:	0.04774772748351097
calibration_test/brier:	0.288008451461792
accuracy_test/task:	79.64498032320188
accuracy_test/concepts:	97.32563781738281
map_test/concepts:	0.953718189895153

Epoch 14
losses_train/task:	0.9066556096076965
losses_train/concepts:	3.0683298110961914
losses_train/precision:	0.029501494020223618
losses_train/total:	1.213783621788025
losses_test/task:	0.7253398299217224
losses_test/concepts:	2.2846457958221436
losses_test/precision:	0.026860976591706276
losses_test/total:	0.9540729522705078
calibration_test/ece:	0.0403154119849205
calibration_test/brier:	0.2968546152114868
accuracy_test/task:	78.06246336766307
accuracy_test/concepts:	97.15438842773438
map_test/concepts:	0.9531595170497894

Epoch 15
losses_train/task:	0.9114069938659668
losses_train/concepts:	3.0591776371002197
losses_train/precision:	0.030090415850281715
losses_train/total:	1.2176258563995361
losses_test/task:	0.6988427639007568
losses_test/concepts:	2.165705680847168
losses_test/precision:	0.03388683497905731
losses_test/total:	0.9157527685165405
calibration_test/ece:	0.04087045416235924
calibration_test/brier:	0.28818318247795105
accuracy_test/task:	79.90454659633258
accuracy_test/concepts:	97.42150115966797
map_test/concepts:	0.9585960790514946

Epoch 16
losses_train/task:	0.9199900031089783
losses_train/concepts:	3.1149075031280518
losses_train/precision:	0.03185798600316048
losses_train/total:	1.2317991256713867
losses_test/task:	0.8160079717636108
losses_test/concepts:	2.8253121376037598
losses_test/precision:	0.03464984893798828
losses_test/total:	1.0988858938217163
calibration_test/ece:	0.03206641972064972
calibration_test/brier:	0.3165280520915985
accuracy_test/task:	77.47634597672277
accuracy_test/concepts:	96.80900573730469
map_test/concepts:	0.9412535801529884

Epoch 17
losses_train/task:	0.8794702291488647
losses_train/concepts:	2.942121744155884
losses_train/precision:	0.02956182323396206
losses_train/total:	1.1739782094955444
losses_test/task:	0.6865898370742798
losses_test/concepts:	2.152520179748535
losses_test/precision:	0.024130720645189285
losses_test/total:	0.902083158493042
calibration_test/ece:	0.028857624158263206
calibration_test/brier:	0.27759385108947754
accuracy_test/task:	80.3985598258394
accuracy_test/concepts:	97.55128479003906
map_test/concepts:	0.9568176463246345

Epoch 18
losses_train/task:	0.8497146368026733
losses_train/concepts:	2.766347646713257
losses_train/precision:	0.027894437313079834
losses_train/total:	1.1266283988952637
losses_test/task:	0.6705360412597656
losses_test/concepts:	1.9940327405929565
losses_test/precision:	0.02960857003927231
losses_test/total:	0.8702355623245239
calibration_test/ece:	0.02996719442307949
calibration_test/brier:	0.27533745765686035
accuracy_test/task:	80.42367914259398
accuracy_test/concepts:	97.71163940429688
map_test/concepts:	0.9602057874202728

Epoch 19
losses_train/task:	0.8175003528594971
losses_train/concepts:	2.5430378913879395
losses_train/precision:	0.025981629267334938
losses_train/total:	1.07206392288208
losses_test/task:	0.6743108034133911
losses_test/concepts:	2.2437784671783447
losses_test/precision:	0.02565286122262478
losses_test/total:	0.8989450931549072
calibration_test/ece:	0.039303574711084366
calibration_test/brier:	0.27306750416755676
accuracy_test/task:	80.45717156493343
accuracy_test/concepts:	97.74260711669922
map_test/concepts:	0.9532742023468017

Epoch 20
losses_train/task:	0.8090823292732239
losses_train/concepts:	2.619783401489258
losses_train/precision:	0.02777547389268875
losses_train/total:	1.071338176727295
losses_test/task:	0.7412217855453491
losses_test/concepts:	2.4968795776367188
losses_test/precision:	0.03453589975833893
losses_test/total:	0.9912550449371338
calibration_test/ece:	0.0245614442974329
calibration_test/brier:	0.29608824849128723
accuracy_test/task:	79.10910156577074
accuracy_test/concepts:	97.36833190917969
map_test/concepts:	0.9555999726057053

Epoch 21
losses_train/task:	0.83427894115448
losses_train/concepts:	2.6781139373779297
losses_train/precision:	0.03514916077256203
losses_train/total:	1.1024415493011475
losses_test/task:	0.7170575261116028
losses_test/concepts:	2.4927401542663574
losses_test/precision:	0.031112588942050934
losses_test/total:	0.9666427373886108
calibration_test/ece:	0.03227132931351662
calibration_test/brier:	0.28847458958625793
accuracy_test/task:	79.6198610064473
accuracy_test/concepts:	97.48262786865234
map_test/concepts:	0.9539860904216766

Epoch 22
losses_train/task:	0.8254433870315552
losses_train/concepts:	2.6831183433532715
losses_train/precision:	0.033101342618465424
losses_train/total:	1.0940866470336914
losses_test/task:	0.6254884600639343
losses_test/concepts:	2.063995599746704
losses_test/precision:	0.030167514458298683
losses_test/total:	0.832189679145813
calibration_test/ece:	0.030860181897878647
calibration_test/brier:	0.26016655564308167
accuracy_test/task:	81.62940634681404
accuracy_test/concepts:	97.81629943847656
map_test/concepts:	0.9582503154873848

Epoch 23
losses_train/task:	0.8160273432731628
losses_train/concepts:	2.606142520904541
losses_train/precision:	0.03384196013212204
losses_train/total:	1.0769798755645752
losses_test/task:	0.9335041046142578
losses_test/concepts:	3.35823917388916
losses_test/precision:	0.040747106075286865
losses_test/total:	1.2697356939315796
calibration_test/ece:	0.0345817431807518
calibration_test/brier:	0.34216564893722534
accuracy_test/task:	75.91057523235368
accuracy_test/concepts:	96.10148620605469
map_test/concepts:	0.9425644919276237

Epoch 24
losses_train/task:	0.8064092993736267
losses_train/concepts:	2.616506338119507
losses_train/precision:	0.034002602100372314
losses_train/total:	1.0684003829956055
losses_test/task:	0.6506257653236389
losses_test/concepts:	2.1111207008361816
losses_test/precision:	0.026520395651459694
losses_test/total:	0.862002968788147
calibration_test/ece:	0.028392966836690903
calibration_test/brier:	0.26390784978866577
accuracy_test/task:	81.3530938625136
accuracy_test/concepts:	97.92681884765625
map_test/concepts:	0.9584088161587715

Epoch 25
losses_train/task:	0.7915730476379395
losses_train/concepts:	2.5671379566192627
losses_train/precision:	0.025625556707382202
losses_train/total:	1.048543095588684
losses_test/task:	0.7263197898864746
losses_test/concepts:	2.61008620262146
losses_test/precision:	0.02658364735543728
losses_test/total:	0.9875941872596741
calibration_test/ece:	0.02022668719291687
calibration_test/brier:	0.2839259207248688
accuracy_test/task:	79.68684585112618
accuracy_test/concepts:	97.6241226196289
map_test/concepts:	0.9542944490909576

Epoch 26
losses_train/task:	0.7855052947998047
losses_train/concepts:	2.5338943004608154
losses_train/precision:	0.025734994560480118
losses_train/total:	1.0391521453857422
losses_test/task:	0.658740758895874
losses_test/concepts:	2.122051477432251
losses_test/precision:	0.028040559962391853
losses_test/total:	0.8712263703346252
calibration_test/ece:	0.03406687080860138
calibration_test/brier:	0.2659930884838104
accuracy_test/task:	81.36146696809847
accuracy_test/concepts:	97.89082336425781
map_test/concepts:	0.9593076303601265

Epoch 27
losses_train/task:	0.7469510436058044
losses_train/concepts:	2.3620471954345703
losses_train/precision:	0.02777407132089138
losses_train/total:	0.9834337830543518
losses_test/task:	0.6168500781059265
losses_test/concepts:	1.9082642793655396
losses_test/precision:	0.02436891943216324
losses_test/total:	0.8079201579093933
calibration_test/ece:	0.027722811326384544
calibration_test/brier:	0.2511385977268219
accuracy_test/task:	82.40810516620614
accuracy_test/concepts:	98.0716781616211
map_test/concepts:	0.9587012737989425

Epoch 28
losses_train/task:	0.773870050907135
losses_train/concepts:	2.472369432449341
losses_train/precision:	0.025654880329966545
losses_train/total:	1.021363377571106
losses_test/task:	0.6440967321395874
losses_test/concepts:	2.0614798069000244
losses_test/precision:	0.028747009113430977
losses_test/total:	0.8505319952964783
calibration_test/ece:	0.03633546829223633
calibration_test/brier:	0.2653036117553711
accuracy_test/task:	81.36984007368333
accuracy_test/concepts:	97.831787109375
map_test/concepts:	0.9574145585298538

Epoch 29
losses_train/task:	0.801052451133728
losses_train/concepts:	2.7170066833496094
losses_train/precision:	0.029015349224209785
losses_train/total:	1.0730433464050293
losses_test/task:	0.6433126926422119
losses_test/concepts:	1.9902125597000122
losses_test/precision:	0.03238890320062637
losses_test/total:	0.8426578044891357
calibration_test/ece:	0.022546179592609406
calibration_test/brier:	0.2642152011394501
accuracy_test/task:	81.40333249602277
accuracy_test/concepts:	97.90840148925781
map_test/concepts:	0.9572419106960297

Epoch 30
losses_train/task:	0.7244083881378174
losses_train/concepts:	2.2570886611938477
losses_train/precision:	0.02531832456588745
losses_train/total:	0.950370192527771
losses_test/task:	0.5988343358039856
losses_test/concepts:	1.963255524635315
losses_test/precision:	0.02035834826529026
losses_test/total:	0.7953633069992065
calibration_test/ece:	0.02444448694586754
calibration_test/brier:	0.25366854667663574
accuracy_test/task:	82.06480783722682
accuracy_test/concepts:	98.06497192382812
map_test/concepts:	0.9598761081695557

Epoch 31
losses_train/task:	0.7625911235809326
losses_train/concepts:	2.3569726943969727
losses_train/precision:	0.022685224190354347
losses_train/total:	0.9985151290893555
losses_test/task:	0.6131924390792847
losses_test/concepts:	2.0271084308624268
losses_test/precision:	0.021342869848012924
losses_test/total:	0.8161166310310364
calibration_test/ece:	0.035132285207509995
calibration_test/brier:	0.2548462748527527
accuracy_test/task:	81.93083814786904
accuracy_test/concepts:	98.08757781982422
map_test/concepts:	0.9646375790238381

Epoch 32
losses_train/task:	0.785118579864502
losses_train/concepts:	2.5678842067718506
losses_train/precision:	0.027836274355649948
losses_train/total:	1.0421854257583618
losses_test/task:	0.6895149350166321
losses_test/concepts:	2.2547824382781982
losses_test/precision:	0.033582743257284164
losses_test/total:	0.915328860282898
calibration_test/ece:	0.024139195680618286
calibration_test/brier:	0.2791704833507538
accuracy_test/task:	79.97153144101146
accuracy_test/concepts:	97.47970581054688
map_test/concepts:	0.9578857958316803

Epoch 33
losses_train/task:	0.7434229254722595
losses_train/concepts:	2.3438706398010254
losses_train/precision:	0.028869684785604477
losses_train/total:	0.9780986309051514
losses_test/task:	0.6405223608016968
losses_test/concepts:	2.4032297134399414
losses_test/precision:	0.025301074609160423
losses_test/total:	0.881098210811615
calibration_test/ece:	0.030364222824573517
calibration_test/brier:	0.2605583369731903
accuracy_test/task:	81.48706355187139
accuracy_test/concepts:	97.97161102294922
map_test/concepts:	0.9627799481153488

Epoch 34
losses_train/task:	0.7283748388290405
losses_train/concepts:	2.2542102336883545
losses_train/precision:	0.025920838117599487
losses_train/total:	0.9540545344352722
losses_test/task:	0.6728193759918213
losses_test/concepts:	2.4233245849609375
losses_test/precision:	0.03046439401805401
losses_test/total:	0.9154564738273621
calibration_test/ece:	0.021329745650291443
calibration_test/brier:	0.27179551124572754
accuracy_test/task:	80.59951435987608
accuracy_test/concepts:	97.84225463867188
map_test/concepts:	0.9600652292370796

Epoch 35
losses_train/task:	0.7233821153640747
losses_train/concepts:	2.282461643218994
losses_train/precision:	0.023586323484778404
losses_train/total:	0.9518638849258423
losses_test/task:	0.607674241065979
losses_test/concepts:	2.0575430393218994
losses_test/precision:	0.023136639967560768
losses_test/total:	0.8136599659919739
calibration_test/ece:	0.02560201659798622
calibration_test/brier:	0.2539629638195038
accuracy_test/task:	80.51578330402747
accuracy_test/concepts:	98.07878112792969
map_test/concepts:	0.9655913978815078

Epoch 36
losses_train/task:	0.7121034264564514
losses_train/concepts:	2.2326009273529053
losses_train/precision:	0.028440231457352638
losses_train/total:	0.9356478452682495
losses_test/task:	0.600558876991272
losses_test/concepts:	1.9741778373718262
losses_test/precision:	0.02775256521999836
losses_test/total:	0.7982541918754578
calibration_test/ece:	0.02078024297952652
calibration_test/brier:	0.25050991773605347
accuracy_test/task:	82.14853889307544
accuracy_test/concepts:	98.02855682373047
map_test/concepts:	0.9633346661925316

Epoch 37
losses_train/task:	0.6951153874397278
losses_train/concepts:	2.118635892868042
losses_train/precision:	0.023033034056425095
losses_train/total:	0.9072093963623047
losses_test/task:	0.6719987392425537
losses_test/concepts:	2.5108699798583984
losses_test/precision:	0.024422409012913704
losses_test/total:	0.9233301281929016
calibration_test/ece:	0.017459386959671974
calibration_test/brier:	0.2728070914745331
accuracy_test/task:	80.89257305534623
accuracy_test/concepts:	97.47257995605469
map_test/concepts:	0.9583656832575798

Epoch 38
losses_train/task:	0.7165817618370056
losses_train/concepts:	2.207599401473999
losses_train/precision:	0.024641357362270355
losses_train/total:	0.9375880360603333
losses_test/task:	0.6621279120445251
losses_test/concepts:	2.3609161376953125
losses_test/precision:	0.02993186190724373
losses_test/total:	0.898518979549408
calibration_test/ece:	0.0177382230758667
calibration_test/brier:	0.26501014828681946
accuracy_test/task:	81.3112283345893
accuracy_test/concepts:	97.72377014160156
map_test/concepts:	0.9571281850337983

Epoch 39
losses_train/task:	0.7019082903862
losses_train/concepts:	2.1535747051239014
losses_train/precision:	0.024458441883325577
losses_train/total:	0.917510449886322
losses_test/task:	0.6327415704727173
losses_test/concepts:	2.103639841079712
losses_test/precision:	0.02712782844901085
losses_test/total:	0.843376874923706
calibration_test/ece:	0.01946759782731533
calibration_test/brier:	0.2634519934654236
accuracy_test/task:	80.90094616093108
accuracy_test/concepts:	97.79871368408203
map_test/concepts:	0.9628525704145432

Epoch 40
losses_train/task:	0.6999682784080505
losses_train/concepts:	2.0863311290740967
losses_train/precision:	0.021915001794695854
losses_train/total:	0.908820629119873
losses_test/task:	0.7527222037315369
losses_test/concepts:	3.018346071243286
losses_test/precision:	0.01937630958855152
losses_test/total:	1.054750680923462
calibration_test/ece:	0.019493374973535538
calibration_test/brier:	0.28794342279434204
accuracy_test/task:	79.35192162773173
accuracy_test/concepts:	97.1933364868164
map_test/concepts:	0.9586625635623932

Epoch 41
losses_train/task:	0.6544802784919739
losses_train/concepts:	1.94661545753479
losses_train/precision:	0.01996505819261074
losses_train/total:	0.8493412733078003
losses_test/task:	0.5646912455558777
losses_test/concepts:	2.0244243144989014
losses_test/precision:	0.018833985552191734
losses_test/total:	0.7673220038414001
calibration_test/ece:	0.022822320461273193
calibration_test/brier:	0.23499423265457153
accuracy_test/task:	83.22866951352256
accuracy_test/concepts:	98.3726806640625
map_test/concepts:	0.9687461644411087

Epoch 42
losses_train/task:	0.673640251159668
losses_train/concepts:	2.0751116275787354
losses_train/precision:	0.021086404100060463
losses_train/total:	0.8813621997833252
losses_test/task:	0.7425222992897034
losses_test/concepts:	2.628459930419922
losses_test/precision:	0.03572529926896095
losses_test/total:	1.0057255029678345
calibration_test/ece:	0.019501633942127228
calibration_test/brier:	0.298861026763916
accuracy_test/task:	78.61508833626392
accuracy_test/concepts:	97.05936431884766
map_test/concepts:	0.9475341901183129

Epoch 43
losses_train/task:	0.7226443886756897
losses_train/concepts:	2.3148374557495117
losses_train/precision:	0.031219977885484695
losses_train/total:	0.9544402360916138
losses_test/task:	0.6112735867500305
losses_test/concepts:	2.2037429809570312
losses_test/precision:	0.01665845327079296
losses_test/total:	0.8318145871162415
calibration_test/ece:	0.02254500426352024
calibration_test/brier:	0.24877803027629852
accuracy_test/task:	82.67604454492171
accuracy_test/concepts:	98.06037139892578
map_test/concepts:	0.9636625409126282

Epoch 44
losses_train/task:	0.6565423011779785
losses_train/concepts:	2.022526741027832
losses_train/precision:	0.022571226581931114
losses_train/total:	0.8590206503868103
losses_test/task:	0.5881243944168091
losses_test/concepts:	1.9482275247573853
losses_test/precision:	0.021114444360136986
losses_test/total:	0.7831579446792603
calibration_test/ece:	0.01728876121342182
calibration_test/brier:	0.24063904583454132
accuracy_test/task:	82.92723771246756
accuracy_test/concepts:	98.27430725097656
map_test/concepts:	0.9655890434980392

Epoch 45
losses_train/task:	0.6630373597145081
losses_train/concepts:	2.006199359893799
losses_train/precision:	0.025385649874806404
losses_train/total:	0.8639107346534729
losses_test/task:	0.5965834259986877
losses_test/concepts:	2.2081146240234375
losses_test/precision:	0.024340014904737473
losses_test/total:	0.8176383972167969
calibration_test/ece:	0.024991627782583237
calibration_test/brier:	0.24591052532196045
accuracy_test/task:	82.50858243322449
accuracy_test/concepts:	98.14201354980469
map_test/concepts:	0.9628407284617424

Epoch 46
losses_train/task:	0.6384124755859375
losses_train/concepts:	1.8240309953689575
losses_train/precision:	0.019982466474175453
losses_train/total:	0.8210154175758362
losses_test/task:	0.5546541810035706
losses_test/concepts:	1.8903613090515137
losses_test/precision:	0.015461482107639313
losses_test/total:	0.7438449859619141
calibration_test/ece:	0.023182669654488564
calibration_test/brier:	0.2319542020559311
accuracy_test/task:	83.73105584861425
accuracy_test/concepts:	98.39989471435547
map_test/concepts:	0.9657338261604309

Epoch 47
losses_train/task:	0.6557803750038147
losses_train/concepts:	2.011021852493286
losses_train/precision:	0.023941226303577423
losses_train/total:	0.8571215271949768
losses_test/task:	0.6365616917610168
losses_test/concepts:	2.4250357151031494
losses_test/precision:	0.022282099351286888
losses_test/total:	0.8792881965637207
calibration_test/ece:	0.014510729350149632
calibration_test/brier:	0.2571641206741333
accuracy_test/task:	81.9392112534539
accuracy_test/concepts:	98.0327377319336
map_test/concepts:	0.9614204734563827

Epoch 48
losses_train/task:	0.6224877834320068
losses_train/concepts:	1.7877837419509888
losses_train/precision:	0.01861589401960373
losses_train/total:	0.8014523983001709
losses_test/task:	0.6134853363037109
losses_test/concepts:	2.406796455383301
losses_test/precision:	0.019742852076888084
losses_test/total:	0.8543625473976135
calibration_test/ece:	0.028097599744796753
calibration_test/brier:	0.2528286278247833
accuracy_test/task:	82.32437411035752
accuracy_test/concepts:	98.22950744628906
map_test/concepts:	0.9670358717441558

Epoch 49
losses_train/task:	0.7216624021530151
losses_train/concepts:	2.357938289642334
losses_train/precision:	0.02471112087368965
losses_train/total:	0.9577031135559082
losses_test/task:	1.394452452659607
losses_test/concepts:	6.694486141204834
losses_test/precision:	0.02641414664685726
losses_test/total:	2.0641655921936035
calibration_test/ece:	0.09073467552661896
calibration_test/brier:	0.46838119626045227
accuracy_test/task:	66.96809846772167
accuracy_test/concepts:	93.84241485595703
map_test/concepts:	0.9102946117520332

Epoch 50
losses_train/task:	0.6909494996070862
losses_train/concepts:	2.13566255569458
losses_train/precision:	0.024881549179553986
losses_train/total:	0.904764711856842
losses_test/task:	0.5650849938392639
losses_test/concepts:	1.9695239067077637
losses_test/precision:	0.021045325323939323
losses_test/total:	0.7622479200363159
calibration_test/ece:	0.03169926255941391
calibration_test/brier:	0.2382594794034958
accuracy_test/task:	83.0695805074102
accuracy_test/concepts:	98.29985046386719
map_test/concepts:	0.9615191608667374

Epoch 51
losses_train/task:	0.5891554355621338
losses_train/concepts:	1.644337773323059
losses_train/precision:	0.006933600176125765
losses_train/total:	0.7536584138870239
losses_test/task:	0.4960796535015106
losses_test/concepts:	1.6094343662261963
losses_test/precision:	0.0033238837495446205
losses_test/total:	0.6570563912391663
calibration_test/ece:	0.019585516303777695
calibration_test/brier:	0.21583174169063568
accuracy_test/task:	84.6102319350247
accuracy_test/concepts:	98.6326675415039
map_test/concepts:	0.9674043789505958

Epoch 52
losses_train/task:	0.5380569696426392
losses_train/concepts:	1.4362624883651733
losses_train/precision:	0.002560191322118044
losses_train/total:	0.6817090511322021
losses_test/task:	0.4880552887916565
losses_test/concepts:	1.6597627401351929
losses_test/precision:	0.0017653213581070304
losses_test/total:	0.654049277305603
calibration_test/ece:	0.020136384293437004
calibration_test/brier:	0.21280544996261597
accuracy_test/task:	84.72745541321277
accuracy_test/concepts:	98.71766662597656
map_test/concepts:	0.9685735359787941

Epoch 53
losses_train/task:	0.5249477624893188
losses_train/concepts:	1.329280138015747
losses_train/precision:	0.0014552416978403926
losses_train/total:	0.6578901410102844
losses_test/task:	0.47877684235572815
losses_test/concepts:	1.7090672254562378
losses_test/precision:	0.0011893009068444371
losses_test/total:	0.6496955752372742
calibration_test/ece:	0.020676709711551666
calibration_test/brier:	0.21076157689094543
accuracy_test/task:	84.66884367411873
accuracy_test/concepts:	98.74530029296875
map_test/concepts:	0.9693295329809188

Epoch 54
losses_train/task:	0.5203869938850403
losses_train/concepts:	1.3628603219985962
losses_train/precision:	0.0016374146798625588
losses_train/total:	0.6566893458366394
losses_test/task:	0.48005425930023193
losses_test/concepts:	1.682586908340454
losses_test/precision:	0.0017397839110344648
losses_test/total:	0.6483304500579834
calibration_test/ece:	0.016043180599808693
calibration_test/brier:	0.20953814685344696
accuracy_test/task:	84.94515615841915
accuracy_test/concepts:	98.77250671386719
map_test/concepts:	0.9705248057842255

Epoch 55
losses_train/task:	0.5178370475769043
losses_train/concepts:	1.3219846487045288
losses_train/precision:	0.0016077585751190782
losses_train/total:	0.6500515937805176
losses_test/task:	0.47578680515289307
losses_test/concepts:	1.6166737079620361
losses_test/precision:	0.001771424664184451
losses_test/total:	0.6374720335006714
calibration_test/ece:	0.01749882474541664
calibration_test/brier:	0.20795838534832
accuracy_test/task:	85.0874989533618
accuracy_test/concepts:	98.76496887207031
map_test/concepts:	0.9700990647077561

Epoch 56
losses_train/task:	0.487532377243042
losses_train/concepts:	1.231582760810852
losses_train/precision:	0.0014861790696159005
losses_train/total:	0.6107057332992554
losses_test/task:	0.4750784933567047
losses_test/concepts:	1.5662503242492676
losses_test/precision:	0.0018449875060468912
losses_test/total:	0.6317218542098999
calibration_test/ece:	0.01403781771659851
calibration_test/brier:	0.20774947106838226
accuracy_test/task:	85.03726031985263
accuracy_test/concepts:	98.78170776367188
map_test/concepts:	0.9704557031393051

Epoch 57
losses_train/task:	0.49254465103149414
losses_train/concepts:	1.2246602773666382
losses_train/precision:	0.0015770622994750738
losses_train/total:	0.6150266528129578
losses_test/task:	0.4789920151233673
losses_test/concepts:	1.5950385332107544
losses_test/precision:	0.0015175275038927794
losses_test/total:	0.6385111808776855
calibration_test/ece:	0.016499128192663193
calibration_test/brier:	0.20946791768074036
accuracy_test/task:	85.02888721426777
accuracy_test/concepts:	98.774169921875
map_test/concepts:	0.9708673417568207

Epoch 58
losses_train/task:	0.48799222707748413
losses_train/concepts:	1.2267943620681763
losses_train/precision:	0.0013874135911464691
losses_train/total:	0.6106854677200317
losses_test/task:	0.4715920090675354
losses_test/concepts:	1.7290819883346558
losses_test/precision:	0.0016138165956363082
losses_test/total:	0.6445163488388062
calibration_test/ece:	0.015912353992462158
calibration_test/brier:	0.2068348377943039
accuracy_test/task:	85.20472243154987
accuracy_test/concepts:	98.8139419555664
map_test/concepts:	0.9710741013288497

Epoch 59
losses_train/task:	0.489612340927124
losses_train/concepts:	1.2162647247314453
losses_train/precision:	0.0013057920150458813
losses_train/total:	0.6112518906593323
losses_test/task:	0.46540772914886475
losses_test/concepts:	1.6635125875473022
losses_test/precision:	0.00170822290237993
losses_test/total:	0.6317761540412903
calibration_test/ece:	0.015098096802830696
calibration_test/brier:	0.20511332154273987
accuracy_test/task:	85.25496106505904
accuracy_test/concepts:	98.82609558105469
map_test/concepts:	0.9703323483467102

Epoch 60
losses_train/task:	0.4802910387516022
losses_train/concepts:	1.209944248199463
losses_train/precision:	0.0013643677812069654
losses_train/total:	0.6012992262840271
losses_test/task:	0.4580555260181427
losses_test/concepts:	1.621226191520691
losses_test/precision:	0.0015772371552884579
losses_test/total:	0.6201938390731812
calibration_train/ece:	0.02132883109152317
calibration_train/brier:	0.19649913907051086
accuracy_train/task:	85.51925505050505
calibration_test/ece:	0.02029840461909771
calibration_test/brier:	0.2051921933889389
accuracy_test/task:	85.17123000921042
accuracy_train/concepts:	98.515625
map_train/concepts:	0.9860302954912186
accuracy_test/concepts:	98.83488464355469
map_test/concepts:	0.9717240035533905
accuracy_test/nuisances_task:	1.1487897542806773
accuracy_test/nuisances_nontask:	0.0
mutual_inf_test/nuisances_task:	0.046726618398340254
mutual_inf_test/nuisances_nontask:	0.0

Epoch 61
losses_train/task:	0.4887982904911041
losses_train/concepts:	1.2273155450820923
losses_train/precision:	0.0013747388729825616
losses_train/total:	0.6115435361862183
losses_test/task:	0.46389394998550415
losses_test/concepts:	1.8307065963745117
losses_test/precision:	0.0014340862398967147
losses_test/total:	0.6469790935516357
calibration_test/ece:	0.01312484871596098
calibration_test/brier:	0.2058299481868744
accuracy_test/task:	85.15448379804069
accuracy_test/concepts:	98.85079193115234
map_test/concepts:	0.9711131632328034

Epoch 62
losses_train/task:	0.46904870867729187
losses_train/concepts:	1.1404838562011719
losses_train/precision:	0.001382844871841371
losses_train/total:	0.5831107497215271
losses_test/task:	0.45506495237350464
losses_test/concepts:	1.798168420791626
losses_test/precision:	0.0020635526161640882
losses_test/total:	0.6349024176597595
calibration_test/ece:	0.01629895716905594
calibration_test/brier:	0.20303411781787872
accuracy_test/task:	85.36381143766224
accuracy_test/concepts:	98.84618377685547
map_test/concepts:	0.971166405081749

Epoch 63
losses_train/task:	0.47368210554122925
losses_train/concepts:	1.1283700466156006
losses_train/precision:	0.0013675595400854945
losses_train/total:	0.586532711982727
losses_test/task:	0.4595257341861725
losses_test/concepts:	1.8348561525344849
losses_test/precision:	0.001512065646238625
losses_test/total:	0.6430264711380005
calibration_test/ece:	0.01760009303689003
calibration_test/brier:	0.20411251485347748
accuracy_test/task:	85.13773758687097
accuracy_test/concepts:	98.8424072265625
map_test/concepts:	0.9716131687164307

Epoch 64
losses_train/task:	0.47672197222709656
losses_train/concepts:	1.2126432657241821
losses_train/precision:	0.0014617462875321507
losses_train/total:	0.598000705242157
losses_test/task:	0.4611046314239502
losses_test/concepts:	1.9058279991149902
losses_test/precision:	0.0013259070692583919
losses_test/total:	0.6517008543014526
calibration_test/ece:	0.014846894890069962
calibration_test/brier:	0.2046467512845993
accuracy_test/task:	85.20472243154987
accuracy_test/concepts:	98.84198760986328
map_test/concepts:	0.9713804304599762

Epoch 65
losses_train/task:	0.4603256583213806
losses_train/concepts:	1.1077265739440918
losses_train/precision:	0.0014525539008900523
losses_train/total:	0.5711126923561096
losses_test/task:	0.4656435549259186
losses_test/concepts:	2.005823850631714
losses_test/precision:	0.001693645608611405
losses_test/total:	0.6662430763244629
calibration_test/ece:	0.016075152903795242
calibration_test/brier:	0.2044234424829483
accuracy_test/task:	85.26333417064389
accuracy_test/concepts:	98.86837768554688
map_test/concepts:	0.9713265657424927

Epoch 66
losses_train/task:	0.46596240997314453
losses_train/concepts:	1.1261076927185059
losses_train/precision:	0.0014285503420978785
losses_train/total:	0.5785874128341675
losses_test/task:	0.4595702290534973
losses_test/concepts:	1.9944419860839844
losses_test/precision:	0.0015392900677397847
losses_test/total:	0.6590298414230347
calibration_test/ece:	0.01537366397678852
calibration_test/brier:	0.20346079766750336
accuracy_test/task:	85.21309553713472
accuracy_test/concepts:	98.84659576416016
map_test/concepts:	0.9711909115314483

Epoch 67
losses_train/task:	0.4634314775466919
losses_train/concepts:	1.123296856880188
losses_train/precision:	0.0012791212648153305
losses_train/total:	0.5757743716239929
losses_test/task:	0.4612528085708618
losses_test/concepts:	2.085636854171753
losses_test/precision:	0.0010538615752011538
losses_test/total:	0.6698269844055176
calibration_test/ece:	0.014984456822276115
calibration_test/brier:	0.20261693000793457
accuracy_test/task:	85.36381143766224
accuracy_test/concepts:	98.87046813964844
map_test/concepts:	0.9717921733856201

Epoch 68
losses_train/task:	0.46658259630203247
losses_train/concepts:	1.190804123878479
losses_train/precision:	0.0016203521518036723
losses_train/total:	0.5856794118881226
losses_test/task:	0.46306243538856506
losses_test/concepts:	1.5250051021575928
losses_test/precision:	0.001867275102995336
losses_test/total:	0.615581750869751
calibration_test/ece:	0.011529280804097652
calibration_test/brier:	0.20343858003616333
accuracy_test/task:	85.38055764883195
accuracy_test/concepts:	98.83153533935547
map_test/concepts:	0.973615151643753

Epoch 69
losses_train/task:	0.44839876890182495
losses_train/concepts:	1.0509871244430542
losses_train/precision:	0.0012217153562232852
losses_train/total:	0.5535095930099487
losses_test/task:	0.46608734130859375
losses_test/concepts:	1.8324462175369263
losses_test/precision:	0.0012867167824879289
losses_test/total:	0.6493449211120605
calibration_test/ece:	0.013172677718102932
calibration_test/brier:	0.20490087568759918
accuracy_test/task:	85.31357280415305
accuracy_test/concepts:	98.84241485595703
map_test/concepts:	0.9744457989931107

Epoch 70
losses_train/task:	0.4552474021911621
losses_train/concepts:	1.0561232566833496
losses_train/precision:	0.0011235543061047792
losses_train/total:	0.5608708262443542
losses_test/task:	0.46095749735832214
losses_test/concepts:	1.9067713022232056
losses_test/precision:	0.001154809957370162
losses_test/total:	0.6516459584236145
calibration_test/ece:	0.013136445544660091
calibration_test/brier:	0.20219933986663818
accuracy_test/task:	85.44754249351084
accuracy_test/concepts:	98.88890075683594
map_test/concepts:	0.9737048327922821

Epoch 71
losses_train/task:	0.4625530540943146
losses_train/concepts:	1.1228054761886597
losses_train/precision:	0.0013346679043024778
losses_train/total:	0.5748471021652222
losses_test/task:	0.4611867368221283
losses_test/concepts:	1.7701337337493896
losses_test/precision:	0.0014002755051478744
losses_test/total:	0.6382142901420593
calibration_test/ece:	0.011982694268226624
calibration_test/brier:	0.20245102047920227
accuracy_test/task:	85.40567696558654
accuracy_test/concepts:	98.85247039794922
map_test/concepts:	0.9742403954267502

Epoch 72
losses_train/task:	0.445553719997406
losses_train/concepts:	1.070056676864624
losses_train/precision:	0.0014779692282900214
losses_train/total:	0.5525743365287781
losses_test/task:	0.46424925327301025
losses_test/concepts:	1.9240338802337646
losses_test/precision:	0.001412643468938768
losses_test/total:	0.6566665768623352
calibration_test/ece:	0.01344799529761076
calibration_test/brier:	0.203191339969635
accuracy_test/task:	85.37218454324709
accuracy_test/concepts:	98.8687973022461
map_test/concepts:	0.9739039719104767

Epoch 73
losses_train/task:	0.4592956304550171
losses_train/concepts:	1.0820740461349487
losses_train/precision:	0.001338310888968408
losses_train/total:	0.5675165057182312
losses_test/task:	0.4670344293117523
losses_test/concepts:	1.9525619745254517
losses_test/precision:	0.001487692235969007
losses_test/total:	0.6623054146766663
calibration_test/ece:	0.013818344101309776
calibration_test/brier:	0.20421265065670013
accuracy_test/task:	85.3470652264925
accuracy_test/concepts:	98.84785461425781
map_test/concepts:	0.9728475004434586

Epoch 74
losses_train/task:	0.4525701105594635
losses_train/concepts:	1.067606806755066
losses_train/precision:	0.0013465902302414179
losses_train/total:	0.5593441724777222
losses_test/task:	0.4692082405090332
losses_test/concepts:	2.002552032470703
losses_test/precision:	0.0011116840178146958
losses_test/total:	0.6694745421409607
calibration_test/ece:	0.015680257230997086
calibration_test/brier:	0.2040441334247589
accuracy_test/task:	85.43079628234112
accuracy_test/concepts:	98.87005615234375
map_test/concepts:	0.9737875193357468

Epoch 75
losses_train/task:	0.4435340166091919
losses_train/concepts:	1.0398592948913574
losses_train/precision:	0.0012882655719295144
losses_train/total:	0.547532856464386
losses_test/task:	0.4603125751018524
losses_test/concepts:	2.108231544494629
losses_test/precision:	0.0009555218857713044
losses_test/total:	0.6711450219154358
calibration_test/ece:	0.014408640563488007
calibration_test/brier:	0.20299653708934784
accuracy_test/task:	85.43916938792599
accuracy_test/concepts:	98.8909683227539
map_test/concepts:	0.9745548278093338

Epoch 76
losses_train/task:	0.44003257155418396
losses_train/concepts:	1.0077602863311768
losses_train/precision:	0.0010871163103729486
losses_train/total:	0.5408194065093994
losses_test/task:	0.46109798550605774
losses_test/concepts:	2.282472848892212
losses_test/precision:	0.001311011495999992
losses_test/total:	0.6893582940101624
calibration_test/ece:	0.01686554215848446
calibration_test/brier:	0.20257581770420074
accuracy_test/task:	85.42242317675625
accuracy_test/concepts:	98.89976501464844
map_test/concepts:	0.9741392344236374

Epoch 77
losses_train/task:	0.4338185787200928
losses_train/concepts:	0.9813199043273926
losses_train/precision:	0.0011609303764998913
losses_train/total:	0.5319624543190002
losses_test/task:	0.4527325928211212
losses_test/concepts:	1.8770651817321777
losses_test/precision:	0.0012021511793136597
losses_test/total:	0.640451192855835
calibration_test/ece:	0.015052647329866886
calibration_test/brier:	0.2005104124546051
accuracy_test/task:	85.6066314996232
accuracy_test/concepts:	98.89852142333984
map_test/concepts:	0.9744872391223908

Epoch 78
losses_train/task:	0.44040754437446594
losses_train/concepts:	1.0400129556655884
losses_train/precision:	0.0013141653034836054
losses_train/total:	0.5444219708442688
losses_test/task:	0.45355406403541565
losses_test/concepts:	1.9692105054855347
losses_test/precision:	0.0014670125674456358
losses_test/total:	0.6504897475242615
calibration_test/ece:	0.015418305061757565
calibration_test/brier:	0.20041701197624207
accuracy_test/task:	85.61500460520807
accuracy_test/concepts:	98.8918228149414
map_test/concepts:	0.974234813451767

Epoch 79
losses_train/task:	0.4436648190021515
losses_train/concepts:	1.0468684434890747
losses_train/precision:	0.0013644248247146606
losses_train/total:	0.5483653545379639
losses_test/task:	0.4550980031490326
losses_test/concepts:	1.7652857303619385
losses_test/precision:	0.001989867305383086
losses_test/total:	0.6316465735435486
calibration_test/ece:	0.011571016162633896
calibration_test/brier:	0.20130470395088196
accuracy_test/task:	85.50615423260487
accuracy_test/concepts:	98.87339782714844
map_test/concepts:	0.9734953939914703

Epoch 80
losses_train/task:	0.43744340538978577
losses_train/concepts:	1.0019018650054932
losses_train/precision:	0.0013885828666388988
losses_train/total:	0.5376474857330322
losses_test/task:	0.45368748903274536
losses_test/concepts:	1.914910912513733
losses_test/precision:	0.000937452248763293
losses_test/total:	0.6451880931854248
calibration_test/ece:	0.012258034199476242
calibration_test/brier:	0.20095404982566833
accuracy_test/task:	85.43079628234112
accuracy_test/concepts:	98.89767456054688
map_test/concepts:	0.9725268989801407

Epoch 81
losses_train/task:	0.4434991776943207
losses_train/concepts:	1.0319600105285645
losses_train/precision:	0.001107852440327406
losses_train/total:	0.5467060208320618
losses_test/task:	0.45660528540611267
losses_test/concepts:	2.108254909515381
losses_test/precision:	0.0011995004024356604
losses_test/total:	0.667442798614502
calibration_test/ece:	0.014767307788133621
calibration_test/brier:	0.2015678435564041
accuracy_test/task:	85.4140500711714
accuracy_test/concepts:	98.88722229003906
map_test/concepts:	0.9730921059846878

Epoch 82
losses_train/task:	0.42912161350250244
losses_train/concepts:	1.0085991621017456
losses_train/precision:	0.0011969642946496606
losses_train/total:	0.5299931764602661
losses_test/task:	0.4562671482563019
losses_test/concepts:	1.7459896802902222
losses_test/precision:	0.0007855468429625034
losses_test/total:	0.6308737397193909
calibration_test/ece:	0.01363674458116293
calibration_test/brier:	0.20154522359371185
accuracy_test/task:	85.5647659716989
accuracy_test/concepts:	98.89054870605469
map_test/concepts:	0.9748961865901947

Epoch 83
losses_train/task:	0.44268321990966797
losses_train/concepts:	1.0422778129577637
losses_train/precision:	0.0011647908249869943
losses_train/total:	0.5469226241111755
losses_test/task:	0.45468786358833313
losses_test/concepts:	2.010972738265991
losses_test/precision:	0.001600003452040255
losses_test/total:	0.655800998210907
calibration_test/ece:	0.011019578203558922
calibration_test/brier:	0.20106291770935059
accuracy_test/task:	85.55639286611404
accuracy_test/concepts:	98.89684295654297
map_test/concepts:	0.9745476424694062

Epoch 84
losses_train/task:	0.4260866940021515
losses_train/concepts:	0.9395608901977539
losses_train/precision:	0.0011123009026050568
losses_train/total:	0.5200541615486145
losses_test/task:	0.45833367109298706
losses_test/concepts:	2.1296567916870117
losses_test/precision:	0.0008813961176201701
losses_test/total:	0.6713082790374756
calibration_test/ece:	0.012582087889313698
calibration_test/brier:	0.20074647665023804
accuracy_test/task:	85.49778112702
accuracy_test/concepts:	98.89893341064453
map_test/concepts:	0.9736912697553635

Epoch 85
losses_train/task:	0.4416961967945099
losses_train/concepts:	1.0030481815338135
losses_train/precision:	0.001180274528451264
losses_train/total:	0.5420129299163818
losses_test/task:	0.4577051103115082
losses_test/concepts:	2.053443193435669
losses_test/precision:	0.0013687926111742854
losses_test/total:	0.6630632877349854
calibration_test/ece:	0.014781001023948193
calibration_test/brier:	0.2020997852087021
accuracy_test/task:	85.4140500711714
accuracy_test/concepts:	98.87715148925781
map_test/concepts:	0.9736631423234939

Epoch 86
losses_train/task:	0.4350048005580902
losses_train/concepts:	1.0149848461151123
losses_train/precision:	0.0014431672170758247
losses_train/total:	0.5365175604820251
losses_test/task:	0.4588509798049927
losses_test/concepts:	1.7074227333068848
losses_test/precision:	0.002003998728469014
losses_test/total:	0.62961345911026
calibration_test/ece:	0.011387993581593037
calibration_test/brier:	0.20174548029899597
accuracy_test/task:	85.5229004437746
accuracy_test/concepts:	98.85456085205078
map_test/concepts:	0.9719493150711059

Epoch 87
losses_train/task:	0.43540239334106445
losses_train/concepts:	1.0040305852890015
losses_train/precision:	0.0015451665967702866
losses_train/total:	0.535820722579956
losses_test/task:	0.4636019766330719
losses_test/concepts:	1.7353382110595703
losses_test/precision:	0.0012859940761700273
losses_test/total:	0.6371487379074097
calibration_test/ece:	0.012941855005919933
calibration_test/brier:	0.20410817861557007
accuracy_test/task:	85.33031901532279
accuracy_test/concepts:	98.84953308105469
map_test/concepts:	0.9718003928661346

Epoch 88
losses_train/task:	0.4307829439640045
losses_train/concepts:	0.9870931506156921
losses_train/precision:	0.0010982186067849398
losses_train/total:	0.5295034050941467
losses_test/task:	0.4622379243373871
losses_test/concepts:	2.05428409576416
losses_test/precision:	0.0014288261299952865
losses_test/total:	0.6676803827285767
calibration_test/ece:	0.012786692939698696
calibration_test/brier:	0.20320338010787964
accuracy_test/task:	85.48103491585029
accuracy_test/concepts:	98.89977264404297
map_test/concepts:	0.9718852758407592

Epoch 89
losses_train/task:	0.42217886447906494
losses_train/concepts:	0.970331609249115
losses_train/precision:	0.001181789324618876
losses_train/total:	0.519223690032959
losses_test/task:	0.46309494972229004
losses_test/concepts:	2.149782419204712
losses_test/precision:	0.001281576231122017
losses_test/total:	0.6780860424041748
calibration_test/ece:	0.014838450588285923
calibration_test/brier:	0.20351989567279816
accuracy_test/task:	85.37218454324709
accuracy_test/concepts:	98.8922348022461
map_test/concepts:	0.9726464450359344

Epoch 90
losses_train/task:	0.42617905139923096
losses_train/concepts:	0.9710596203804016
losses_train/precision:	0.0011479476233944297
losses_train/total:	0.5232968330383301
losses_test/task:	0.4580540955066681
losses_test/concepts:	2.163186550140381
losses_test/precision:	0.0008506375015713274
losses_test/total:	0.6743813753128052
calibration_test/ece:	0.013667898252606392
calibration_test/brier:	0.20074476301670074
accuracy_test/task:	85.51452733818974
accuracy_test/concepts:	98.90605163574219
map_test/concepts:	0.9719881236553192

Epoch 91
losses_train/task:	0.43014758825302124
losses_train/concepts:	0.9424386620521545
losses_train/precision:	0.0011219277512282133
losses_train/total:	0.5244026780128479
losses_test/task:	0.46129894256591797
losses_test/concepts:	1.8838071823120117
losses_test/precision:	0.0013201251858845353
losses_test/total:	0.6496928930282593
calibration_test/ece:	0.013154693879187107
calibration_test/brier:	0.20172233879566193
accuracy_test/task:	85.5647659716989
accuracy_test/concepts:	98.90396118164062
map_test/concepts:	0.972407191991806

Epoch 92
losses_train/task:	0.4289328157901764
losses_train/concepts:	1.0157992839813232
losses_train/precision:	0.0012419397244229913
losses_train/total:	0.530525267124176
losses_test/task:	0.4578298032283783
losses_test/concepts:	2.0692214965820312
losses_test/precision:	0.0012360434047877789
losses_test/total:	0.6647642254829407
calibration_test/ece:	0.009995343163609505
calibration_test/brier:	0.20171594619750977
accuracy_test/task:	85.5229004437746
accuracy_test/concepts:	98.90019226074219
map_test/concepts:	0.9718165189027786

Epoch 93
losses_train/task:	0.42035534977912903
losses_train/concepts:	0.9486393928527832
losses_train/precision:	0.0010843414347618818
losses_train/total:	0.5152301788330078
losses_test/task:	0.46127191185951233
losses_test/concepts:	2.451397657394409
losses_test/precision:	0.0010560298105701804
losses_test/total:	0.7064225077629089
calibration_test/ece:	0.01126766111701727
calibration_test/brier:	0.20129424333572388
accuracy_test/task:	85.49778112702
accuracy_test/concepts:	98.92112731933594
map_test/concepts:	0.9725968986749649

Epoch 94
losses_train/task:	0.4250722825527191
losses_train/concepts:	0.9669961929321289
losses_train/precision:	0.0012181748170405626
losses_train/total:	0.521784245967865
losses_test/task:	0.45811814069747925
losses_test/concepts:	2.307807207107544
losses_test/precision:	0.0009747545118443668
losses_test/total:	0.688908576965332
calibration_test/ece:	0.009200677275657654
calibration_test/brier:	0.20026659965515137
accuracy_test/task:	85.73222808339614
accuracy_test/concepts:	98.93828582763672
map_test/concepts:	0.9718636393547058

Epoch 95
losses_train/task:	0.4209258258342743
losses_train/concepts:	0.9787784814834595
losses_train/precision:	0.0013631255133077502
losses_train/total:	0.5188172459602356
losses_test/task:	0.4639132022857666
losses_test/concepts:	2.0099833011627197
losses_test/precision:	0.001304587465710938
losses_test/total:	0.6649249196052551
calibration_test/ece:	0.013651636429131031
calibration_test/brier:	0.20332105457782745
accuracy_test/task:	85.47266181026542
accuracy_test/concepts:	98.90940856933594
map_test/concepts:	0.9698117166757584

Epoch 96
losses_train/task:	0.4178764522075653
losses_train/concepts:	0.9738893508911133
losses_train/precision:	0.001233503920957446
losses_train/total:	0.5152778625488281
losses_test/task:	0.4594896733760834
losses_test/concepts:	2.1835033893585205
losses_test/precision:	0.0009402233990840614
losses_test/total:	0.6778494715690613
calibration_test/ece:	0.008849047124385834
calibration_test/brier:	0.200770303606987
accuracy_test/task:	85.59825839403835
accuracy_test/concepts:	98.91024780273438
map_test/concepts:	0.9724174618721009

Epoch 97
losses_train/task:	0.41577911376953125
losses_train/concepts:	0.929289698600769
losses_train/precision:	0.0011348506668582559
losses_train/total:	0.5087194442749023
losses_test/task:	0.45243313908576965
losses_test/concepts:	2.1540112495422363
losses_test/precision:	0.0012029935605823994
losses_test/total:	0.6678462028503418
calibration_test/ece:	0.012479444034397602
calibration_test/brier:	0.1994359940290451
accuracy_test/task:	85.69873566105669
accuracy_test/concepts:	98.91736602783203
map_test/concepts:	0.97243732213974

Epoch 98
losses_train/task:	0.4274323582649231
losses_train/concepts:	0.9640247821807861
losses_train/precision:	0.001255277544260025
losses_train/total:	0.5238476991653442
losses_test/task:	0.4566989243030548
losses_test/concepts:	2.084847927093506
losses_test/precision:	0.0009144422365352511
losses_test/total:	0.6651926636695862
calibration_test/ece:	0.009276093915104866
calibration_test/brier:	0.2002195119857788
accuracy_test/task:	85.59825839403835
accuracy_test/concepts:	98.90856170654297
map_test/concepts:	0.971158680319786

Epoch 99
losses_train/task:	0.42538535594940186
losses_train/concepts:	0.9414035677909851
losses_train/precision:	0.0012168727116659284
losses_train/total:	0.5195378661155701
losses_test/task:	0.4633564352989197
losses_test/concepts:	1.708463430404663
losses_test/precision:	0.0018758665537461638
losses_test/total:	0.6342214941978455
calibration_test/ece:	0.010959320701658726
calibration_test/brier:	0.20176711678504944
accuracy_test/task:	85.51452733818974
accuracy_test/concepts:	98.86210632324219
map_test/concepts:	0.9719981133937836

Epoch 100
losses_train/task:	0.4249090850353241
losses_train/concepts:	1.0062965154647827
losses_train/precision:	0.0013421770418062806
losses_train/total:	0.525551974773407
losses_test/task:	0.45923274755477905
losses_test/concepts:	1.9122976064682007
losses_test/precision:	0.0011205581249669194
losses_test/total:	0.6504735350608826
calibration_test/ece:	0.01180895697325468
calibration_test/brier:	0.20042961835861206
accuracy_test/task:	85.68198944988697
accuracy_test/concepts:	98.88135528564453
map_test/concepts:	0.9731860429048538

Epoch 101
losses_train/task:	0.41365933418273926
losses_train/concepts:	0.9072533845901489
losses_train/precision:	0.00021285416733007878
losses_train/total:	0.5043866038322449
losses_test/task:	0.46123006939888
losses_test/concepts:	2.096839427947998
losses_test/precision:	0.00010657058737706393
losses_test/total:	0.6709149479866028
calibration_test/ece:	0.011657263152301311
calibration_test/brier:	0.20125292241573334
accuracy_test/task:	85.58988528845349
accuracy_test/concepts:	98.90228271484375
map_test/concepts:	0.9732751190662384

Epoch 102
losses_train/task:	0.41083186864852905
losses_train/concepts:	0.8886474370956421
losses_train/precision:	9.141216287389398e-05
losses_train/total:	0.4996977150440216
losses_test/task:	0.4610136151313782
losses_test/concepts:	2.1481521129608154
losses_test/precision:	8.733654249226674e-05
losses_test/total:	0.6758297681808472
calibration_test/ece:	0.012396048754453659
calibration_test/brier:	0.20174306631088257
accuracy_test/task:	85.55639286611404
accuracy_test/concepts:	98.90103149414062
map_test/concepts:	0.9735219866037369

Epoch 103
losses_train/task:	0.4132411479949951
losses_train/concepts:	0.939064621925354
losses_train/precision:	0.0001150945681729354
losses_train/total:	0.5071487426757812
losses_test/task:	0.45554491877555847
losses_test/concepts:	2.0948402881622314
losses_test/precision:	0.00010203300189459696
losses_test/total:	0.6650300621986389
calibration_test/ece:	0.01131825428456068
calibration_test/brier:	0.19938191771507263
accuracy_test/task:	85.70710876664155
accuracy_test/concepts:	98.90143585205078
map_test/concepts:	0.9735391288995743

Epoch 104
losses_train/task:	0.4163474142551422
losses_train/concepts:	0.9367204904556274
losses_train/precision:	0.00012600686750374734
losses_train/total:	0.5100206732749939
losses_test/task:	0.4575403034687042
losses_test/concepts:	2.1040706634521484
losses_test/precision:	0.00014254916459321976
losses_test/total:	0.6679487824440002
calibration_test/ece:	0.012207215651869774
calibration_test/brier:	0.20004752278327942
accuracy_test/task:	85.6066314996232
accuracy_test/concepts:	98.91442108154297
map_test/concepts:	0.9731916844844818

Epoch 105
losses_train/task:	0.4088541567325592
losses_train/concepts:	0.9096788167953491
losses_train/precision:	0.00011176475527463481
losses_train/total:	0.49982336163520813
losses_test/task:	0.45916682481765747
losses_test/concepts:	2.2191193103790283
losses_test/precision:	0.00010400075552752241
losses_test/total:	0.6810798645019531
calibration_test/ece:	0.010440175421535969
calibration_test/brier:	0.19986394047737122
accuracy_test/task:	85.70710876664155
accuracy_test/concepts:	98.90855407714844
map_test/concepts:	0.9736666083335876

Epoch 106
losses_train/task:	0.4128769636154175
losses_train/concepts:	0.9120228886604309
losses_train/precision:	0.0001043292650138028
losses_train/total:	0.5040804743766785
losses_test/task:	0.4556088447570801
losses_test/concepts:	2.214170455932617
losses_test/precision:	0.00010054743324872106
losses_test/total:	0.6770267486572266
calibration_test/ece:	0.012005719356238842
calibration_test/brier:	0.19971828162670135
accuracy_test/task:	85.59825839403835
accuracy_test/concepts:	98.91358947753906
map_test/concepts:	0.9738344341516495

Epoch 107
losses_train/task:	0.4070505201816559
losses_train/concepts:	0.9077667593955994
losses_train/precision:	0.00010405142529634759
losses_train/total:	0.49782827496528625
losses_test/task:	0.4554012715816498
losses_test/concepts:	2.1878468990325928
losses_test/precision:	7.81411217758432e-05
losses_test/total:	0.6741867065429688
calibration_test/ece:	0.012464272789657116
calibration_test/brier:	0.200041726231575
accuracy_test/task:	85.63175081637779
accuracy_test/concepts:	98.9114990234375
map_test/concepts:	0.9738520383834839

Epoch 108
losses_train/task:	0.4119824767112732
losses_train/concepts:	0.909311056137085
losses_train/precision:	0.00010493785521248356
losses_train/total:	0.5029146671295166
losses_test/task:	0.45947855710983276
losses_test/concepts:	2.1890878677368164
losses_test/precision:	0.00017089853645302355
losses_test/total:	0.6783890128135681
calibration_test/ece:	0.010654388926923275
calibration_test/brier:	0.2003469318151474
accuracy_test/task:	85.68198944988697
accuracy_test/concepts:	98.9048080444336
map_test/concepts:	0.9739928066730499

Epoch 109
losses_train/task:	0.41341114044189453
losses_train/concepts:	0.8767285346984863
losses_train/precision:	0.00011603880557231605
losses_train/total:	0.5010854601860046
losses_test/task:	0.45918378233909607
losses_test/concepts:	2.3605661392211914
losses_test/precision:	0.00012994068674743176
losses_test/total:	0.6952418684959412
calibration_test/ece:	0.01108777616173029
calibration_test/brier:	0.2003181427717209
accuracy_test/task:	85.59825839403835
accuracy_test/concepts:	98.91485595703125
map_test/concepts:	0.9741461753845215

Epoch 110
losses_train/task:	0.40276220440864563
losses_train/concepts:	0.8655157089233398
losses_train/precision:	9.904060425469652e-05
losses_train/total:	0.489315003156662
losses_test/task:	0.45932626724243164
losses_test/concepts:	2.295567750930786
losses_test/precision:	0.00010950201976811513
losses_test/total:	0.6888838410377502
calibration_test/ece:	0.010512190870940685
calibration_test/brier:	0.19985176622867584
accuracy_test/task:	85.73222808339614
accuracy_test/concepts:	98.91567993164062
map_test/concepts:	0.9744223624467849

Epoch 111
losses_train/task:	0.4092009663581848
losses_train/concepts:	0.910118579864502
losses_train/precision:	0.0001245368184754625
losses_train/total:	0.5002140998840332
losses_test/task:	0.4572486877441406
losses_test/concepts:	2.15023136138916
losses_test/precision:	0.00012825423618778586
losses_test/total:	0.6722729802131653
calibration_test/ece:	0.011548792943358421
calibration_test/brier:	0.19967076182365417
accuracy_test/task:	85.6736163443021
accuracy_test/concepts:	98.9127426147461
map_test/concepts:	0.973495826125145

Epoch 112
losses_train/task:	0.41313737630844116
losses_train/concepts:	0.8994562029838562
losses_train/precision:	0.0001132368779508397
losses_train/total:	0.5030838847160339
losses_test/task:	0.45932018756866455
losses_test/concepts:	2.2504963874816895
losses_test/precision:	9.797753591556102e-05
losses_test/total:	0.6843706369400024
calibration_test/ece:	0.010766326449811459
calibration_test/brier:	0.20030702650547028
accuracy_test/task:	85.64012392196265
accuracy_test/concepts:	98.91609954833984
map_test/concepts:	0.973858293890953

Epoch 113
losses_train/task:	0.4157441258430481
losses_train/concepts:	0.9023116230964661
losses_train/precision:	0.00010136225319001824
losses_train/total:	0.5059763789176941
losses_test/task:	0.459859699010849
losses_test/concepts:	2.2541472911834717
losses_test/precision:	0.00011913912021555007
losses_test/total:	0.6852754354476929
calibration_test/ece:	0.011849597096443176
calibration_test/brier:	0.2004104107618332
accuracy_test/task:	85.69036255547182
accuracy_test/concepts:	98.92112731933594
map_test/concepts:	0.9739361226558685

Epoch 114
losses_train/task:	0.40735071897506714
losses_train/concepts:	0.9086381793022156
losses_train/precision:	0.00010517025657463819
losses_train/total:	0.49821579456329346
losses_test/task:	0.4572112560272217
losses_test/concepts:	2.2847886085510254
losses_test/precision:	0.0001237168035004288
losses_test/total:	0.685691237449646
calibration_test/ece:	0.011757154017686844
calibration_test/brier:	0.19991366565227509
accuracy_test/task:	85.64012392196265
accuracy_test/concepts:	98.9253158569336
map_test/concepts:	0.9739228785037994

Epoch 115
losses_train/task:	0.40759965777397156
losses_train/concepts:	0.8968258500099182
losses_train/precision:	0.00015911426453385502
losses_train/total:	0.4972836375236511
losses_test/task:	0.4583478271961212
losses_test/concepts:	2.264679431915283
losses_test/precision:	0.00020462834800127894
losses_test/total:	0.684817910194397
calibration_test/ece:	0.012233264744281769
calibration_test/brier:	0.19972555339336395
accuracy_test/task:	85.66524323871724
accuracy_test/concepts:	98.91694641113281
map_test/concepts:	0.9738760203123092

Epoch 116
losses_train/task:	0.40828973054885864
losses_train/concepts:	0.8994632363319397
losses_train/precision:	0.0001358496956527233
losses_train/total:	0.4982374906539917
losses_test/task:	0.4564596116542816
losses_test/concepts:	2.2925803661346436
losses_test/precision:	9.954348934115842e-05
losses_test/total:	0.6857185959815979
calibration_test/ece:	0.011757521890103817
calibration_test/brier:	0.1995847225189209
accuracy_test/task:	85.74897429456585
accuracy_test/concepts:	98.92154693603516
map_test/concepts:	0.9739226698875427

Epoch 117
losses_train/task:	0.41487935185432434
losses_train/concepts:	0.8920711874961853
losses_train/precision:	0.000102477271866519
losses_train/total:	0.504087507724762
losses_test/task:	0.45871996879577637
losses_test/concepts:	2.4079208374023438
losses_test/precision:	9.705397678771988e-05
losses_test/total:	0.6995131373405457
calibration_test/ece:	0.011812415905296803
calibration_test/brier:	0.19985418021678925
accuracy_test/task:	85.65687013313237
accuracy_test/concepts:	98.92279815673828
map_test/concepts:	0.9739182263612747

Epoch 118
losses_train/task:	0.3980522155761719
losses_train/concepts:	0.8779935240745544
losses_train/precision:	0.00011550750059541315
losses_train/total:	0.48585256934165955
losses_test/task:	0.45821407437324524
losses_test/concepts:	2.267778158187866
losses_test/precision:	0.00010897990432567894
losses_test/total:	0.6849929690361023
calibration_test/ece:	0.010679255239665508
calibration_test/brier:	0.19914695620536804
accuracy_test/task:	85.72385497781127
accuracy_test/concepts:	98.93074798583984
map_test/concepts:	0.9737450540065765

Epoch 119
losses_train/task:	0.40606260299682617
losses_train/concepts:	0.8740332126617432
losses_train/precision:	9.548989328322932e-05
losses_train/total:	0.49346691370010376
losses_test/task:	0.4555402994155884
losses_test/concepts:	2.3183369636535645
losses_test/precision:	0.00010849807586055249
losses_test/total:	0.6873752474784851
calibration_test/ece:	0.011687112972140312
calibration_test/brier:	0.19923502206802368
accuracy_test/task:	85.66524323871724
accuracy_test/concepts:	98.92949676513672
map_test/concepts:	0.9737834811210633

Epoch 120
losses_train/task:	0.4072590172290802
losses_train/concepts:	0.8921053409576416
losses_train/precision:	0.00010869575635297224
losses_train/total:	0.4964706599712372
losses_test/task:	0.45681700110435486
losses_test/concepts:	2.092045545578003
losses_test/precision:	9.922220488078892e-05
losses_test/total:	0.666022539138794
calibration_train/ece:	0.01739967241883278
calibration_train/brier:	0.1752176135778427
accuracy_train/task:	86.93576388888889
calibration_test/ece:	0.011546031571924686
calibration_test/brier:	0.19918875396251678
accuracy_test/task:	85.70710876664155
accuracy_train/concepts:	98.83641052246094
map_train/concepts:	0.9925590813159942
accuracy_test/concepts:	98.92405700683594
map_test/concepts:	0.9733617722988128
accuracy_test/nuisances_task:	1.1198062163132887
accuracy_test/nuisances_nontask:	0.0
mutual_inf_test/nuisances_task:	0.04525305618351613
mutual_inf_test/nuisances_nontask:	0.0

epoch_120.pt
groups=0 err_lowconf=14.293 err_random=14.293
groups=1 err_lowconf=13.640 err_random=13.640
groups=2 err_lowconf=12.995 err_random=12.995
groups=3 err_lowconf=12.342 err_random=12.342
groups=4 err_lowconf=11.773 err_random=11.773
groups=5 err_lowconf=11.547 err_random=11.547
groups=6 err_lowconf=11.220 err_random=11.220
groups=7 err_lowconf=10.600 err_random=10.600
groups=8 err_lowconf=10.391 err_random=10.391
groups=9 err_lowconf=10.215 err_random=10.215
groups=10 err_lowconf=10.039 err_random=10.039
groups=11 err_lowconf=9.646 err_random=9.646
groups=12 err_lowconf=9.076 err_random=9.076
groups=13 err_lowconf=8.984 err_random=8.984
groups=14 err_lowconf=8.959 err_random=8.959
groups=15 err_lowconf=8.959 err_random=8.959
groups=16 err_lowconf=8.909 err_random=8.909
groups=17 err_lowconf=8.909 err_random=8.909
groups=18 err_lowconf=8.909 err_random=8.909
groups=19 err_lowconf=8.809 err_random=8.809
groups=20 err_lowconf=8.725 err_random=8.725
[1;34mwandb[0m:
[1;34mwandb[0m: You can sync this run to the cloud by running:
[1;34mwandb[0m: [1mwandb sync /research/hal-afsharim/minimal_cbm/results/awa2-shcbm/44/wandb/offline-run-20260729_164309-0nhbdj32[0m
[1;34mwandb[0m: Find logs at: [1;35mresults/awa2-shcbm/44/wandb/offline-run-20260729_164309-0nhbdj32/logs[0m
