
===== launch 2026-07-30 02:21:57.311486 gpu1 =====
wandb: Using wandb-core as the SDK backend.  Please refer to https://wandb.me/wandb-core for more information.
wandb: Tracking run with wandb version 0.19.0
wandb: W&B syncing is set to `offline` in this directory.  
wandb: Run `wandb online` or set WANDB_MODE=online to enable cloud syncing.
/research/hal-afsharim/miniconda3/envs/mcbm/lib/python3.10/site-packages/torchvision/models/_utils.py:208: UserWarning: The parameter 'pretrained' is deprecated since 0.13 and will be removed in 0.15, please use 'weights' instead.
  warnings.warn(
/research/hal-afsharim/miniconda3/envs/mcbm/lib/python3.10/site-packages/torchvision/models/_utils.py:223: UserWarning: Arguments other than a weight enum or `None` for 'weights' are deprecated since 0.13 and will be removed in 0.15. The current behavior is equivalent to passing `weights=ResNet50_Weights.IMAGENET1K_V1`. You can also use `weights=ResNet50_Weights.DEFAULT` to get the most up-to-date weights.
  warnings.warn(msg)
Epoch 1
losses_train/task:	2.003160238265991
losses_train/concepts:	16.198314666748047
losses_train/representations:	11.642486572265625
losses_train/total:	4.787240505218506
losses_test/task:	0.9685873985290527
losses_test/concepts:	8.694500923156738
losses_test/representations:	8.217130661010742
losses_test/total:	2.6597506999969482
calibration_test/ece:	0.04064152389764786
calibration_test/brier:	0.3890819847583771
accuracy_test/task:	71.79100728460186
accuracy_test/concepts:	94.58092498779297
map_test/concepts:	0.8816513881087303

Epoch 2
losses_train/task:	1.3555312156677246
losses_train/concepts:	9.934989929199219
losses_train/representations:	8.766870498657227
losses_train/total:	3.225717306137085
losses_test/task:	1.2725327014923096
losses_test/concepts:	9.414356231689453
losses_test/representations:	8.477628707885742
losses_test/total:	3.0617311000823975
calibration_test/ece:	0.04601629078388214
calibration_test/brier:	0.46465927362442017
accuracy_test/task:	66.58293561081805
accuracy_test/concepts:	93.52507781982422
map_test/concepts:	0.8596211105585099

Epoch 3
losses_train/task:	1.2938412427902222
losses_train/concepts:	9.130066871643066
losses_train/representations:	8.382349014282227
losses_train/total:	3.0450825691223145
losses_test/task:	1.1027919054031372
losses_test/concepts:	7.7417826652526855
losses_test/representations:	8.027103424072266
losses_test/total:	2.679680347442627
calibration_test/ece:	0.022862987592816353
calibration_test/brier:	0.4165603220462799
accuracy_test/task:	69.09486728627648
accuracy_test/concepts:	93.21025085449219
map_test/concepts:	0.8619955141097307

Epoch 4
losses_train/task:	1.1439615488052368
losses_train/concepts:	8.11146354675293
losses_train/representations:	7.420033931732178
losses_train/total:	2.6971118450164795
losses_test/task:	1.0015523433685303
losses_test/concepts:	6.432759761810303
losses_test/representations:	7.505443096160889
losses_test/total:	2.3953731060028076
calibration_test/ece:	0.031970541924238205
calibration_test/brier:	0.36952948570251465
accuracy_test/task:	73.56610566859248
accuracy_test/concepts:	94.14217376708984
map_test/concepts:	0.8684944733977318

Epoch 5
losses_train/task:	1.107998251914978
losses_train/concepts:	7.901317119598389
losses_train/representations:	7.244970321655273
losses_train/total:	2.6226260662078857
losses_test/task:	0.7377545833587646
losses_test/concepts:	4.982780933380127
losses_test/representations:	6.33034610748291
losses_test/total:	1.8690673112869263
calibration_test/ece:	0.01497415266931057
calibration_test/brier:	0.2857024073600769
accuracy_test/task:	79.48589131708951
accuracy_test/concepts:	95.29808044433594
map_test/concepts:	0.913763451576233

Epoch 6
losses_train/task:	1.0381274223327637
losses_train/concepts:	7.3826398849487305
losses_train/representations:	6.741236209869385
losses_train/total:	2.450514316558838
losses_test/task:	0.7388142943382263
losses_test/concepts:	4.918507099151611
losses_test/representations:	6.293051242828369
losses_test/total:	1.859970211982727
calibration_test/ece:	0.02323792688548565
calibration_test/brier:	0.28213632106781006
accuracy_test/task:	80.11387423595411
accuracy_test/concepts:	95.59992980957031
map_test/concepts:	0.9059794172644615

Epoch 7
losses_train/task:	0.9838022589683533
losses_train/concepts:	7.011866569519043
losses_train/representations:	6.328192234039307
losses_train/total:	2.31780743598938
losses_test/task:	0.8388866186141968
losses_test/concepts:	5.741766452789307
losses_test/representations:	6.285052299499512
losses_test/total:	2.0415680408477783
calibration_test/ece:	0.010723349638283253
calibration_test/brier:	0.3073573410511017
accuracy_test/task:	77.81964330570209
accuracy_test/concepts:	95.63719177246094
map_test/concepts:	0.9091962918639183

Epoch 8
losses_train/task:	0.9638484120368958
losses_train/concepts:	6.918750286102295
losses_train/representations:	6.229056358337402
losses_train/total:	2.2786293029785156
losses_test/task:	0.679869532585144
losses_test/concepts:	4.416987419128418
losses_test/representations:	4.975821495056152
losses_test/total:	1.6191507577896118
calibration_test/ece:	0.014541100710630417
calibration_test/brier:	0.2622731328010559
accuracy_test/task:	81.28610901783472
accuracy_test/concepts:	96.40165710449219
map_test/concepts:	0.9202372938394546

Epoch 9
losses_train/task:	0.8891891241073608
losses_train/concepts:	6.31684684753418
losses_train/representations:	5.674557685852051
losses_train/total:	2.088329315185547
losses_test/task:	0.6306570172309875
losses_test/concepts:	4.264957904815674
losses_test/representations:	5.114065647125244
losses_test/total:	1.5685592889785767
calibration_test/ece:	0.014627521857619286
calibration_test/brier:	0.24658842384815216
accuracy_test/task:	82.91049150129783
accuracy_test/concepts:	96.41255187988281
map_test/concepts:	0.9202764689922333

Epoch 10
losses_train/task:	0.8800303936004639
losses_train/concepts:	6.274662017822266
losses_train/representations:	5.643078804016113
losses_train/total:	2.0718040466308594
losses_test/task:	0.8347256183624268
losses_test/concepts:	5.982610702514648
losses_test/representations:	6.084354877471924
losses_test/total:	2.0414228439331055
calibration_test/ece:	0.03439696133136749
calibration_test/brier:	0.31257736682891846
accuracy_test/task:	78.18805995143599
accuracy_test/concepts:	95.84484100341797
map_test/concepts:	0.911690565943718

Epoch 11
losses_train/task:	0.8330843448638916
losses_train/concepts:	5.937067985534668
losses_train/representations:	5.374165058135986
losses_train/total:	1.9642077684402466
losses_test/task:	0.5912842750549316
losses_test/concepts:	3.893357515335083
losses_test/representations:	4.5899200439453125
losses_test/total:	1.4396120309829712
calibration_test/ece:	0.018921473994851112
calibration_test/brier:	0.22943617403507233
accuracy_test/task:	83.94875659382065
accuracy_test/concepts:	96.73700714111328
map_test/concepts:	0.9340540021657944

Epoch 12
losses_train/task:	0.8082391023635864
losses_train/concepts:	5.898552894592285
losses_train/representations:	5.2769904136657715
losses_train/total:	1.9257934093475342
losses_test/task:	0.643962025642395
losses_test/concepts:	4.061255931854248
losses_test/representations:	5.012640476226807
losses_test/total:	1.5513514280319214
calibration_test/ece:	0.02593984641134739
calibration_test/brier:	0.24746491014957428
accuracy_test/task:	82.81838733986436
accuracy_test/concepts:	96.62480163574219
map_test/concepts:	0.932747358083725

Epoch 13
losses_train/task:	0.8012558817863464
losses_train/concepts:	5.853269100189209
losses_train/representations:	5.192094802856445
losses_train/total:	1.9057927131652832
losses_test/task:	0.6063537001609802
losses_test/concepts:	3.8027923107147217
losses_test/representations:	5.004335403442383
losses_test/total:	1.487066626548767
calibration_test/ece:	0.027927454560995102
calibration_test/brier:	0.23718154430389404
accuracy_test/task:	83.6556978983505
accuracy_test/concepts:	96.68968200683594
map_test/concepts:	0.9289662167429924

Epoch 14
losses_train/task:	0.7653622031211853
losses_train/concepts:	5.519077301025391
losses_train/representations:	4.899370193481445
losses_train/total:	1.8072068691253662
losses_test/task:	0.5010287165641785
losses_test/concepts:	3.2429919242858887
losses_test/representations:	4.325254440307617
losses_test/total:	1.2578538656234741
calibration_test/ece:	0.011485442519187927
calibration_test/brier:	0.195853129029274
accuracy_test/task:	86.37695721343046
accuracy_test/concepts:	97.24608612060547
map_test/concepts:	0.9408692270517349

Epoch 15
losses_train/task:	0.7398567795753479
losses_train/concepts:	5.396790981292725
losses_train/representations:	4.809797763824463
losses_train/total:	1.760515570640564
losses_test/task:	0.48616597056388855
losses_test/concepts:	3.135404348373413
losses_test/representations:	3.755415201187134
losses_test/total:	1.1752479076385498
calibration_test/ece:	0.01405735407024622
calibration_test/brier:	0.19452911615371704
accuracy_test/task:	86.27647994641212
accuracy_test/concepts:	97.35578155517578
map_test/concepts:	0.9432744607329369

Epoch 16
losses_train/task:	0.7242901921272278
losses_train/concepts:	5.219320297241211
losses_train/representations:	4.730102062225342
losses_train/total:	1.719232439994812
losses_test/task:	0.5935612320899963
losses_test/concepts:	3.9209578037261963
losses_test/representations:	4.39442253112793
losses_test/total:	1.4250988960266113
calibration_test/ece:	0.02579762227833271
calibration_test/brier:	0.22981922328472137
accuracy_test/task:	83.88177174914176
accuracy_test/concepts:	96.65996551513672
map_test/concepts:	0.9316053718328476

Epoch 17
losses_train/task:	0.7301753759384155
losses_train/concepts:	5.342112064361572
losses_train/representations:	4.8339691162109375
losses_train/total:	1.7477837800979614
losses_test/task:	0.4624742865562439
losses_test/concepts:	3.00685977935791
losses_test/representations:	4.010016918182373
losses_test/total:	1.164162039756775
calibration_test/ece:	0.0253792442381382
calibration_test/brier:	0.18714913725852966
accuracy_test/task:	87.29799882776521
accuracy_test/concepts:	97.46630096435547
map_test/concepts:	0.9426910981535912

Epoch 18
losses_train/task:	0.6771106123924255
losses_train/concepts:	4.8648786544799805
losses_train/representations:	4.393056869506836
losses_train/total:	1.6029040813446045
losses_test/task:	0.4607844948768616
losses_test/concepts:	3.0816452503204346
losses_test/representations:	3.9127135276794434
losses_test/total:	1.1602205038070679
calibration_test/ece:	0.02153276652097702
calibration_test/brier:	0.18049390614032745
accuracy_test/task:	87.4989533618019
accuracy_test/concepts:	97.56636810302734
map_test/concepts:	0.9449938088655472

Epoch 19
losses_train/task:	0.6785094141960144
losses_train/concepts:	5.019186973571777
losses_train/representations:	4.420125961303711
losses_train/total:	1.6224405765533447
losses_test/task:	0.5819124579429626
losses_test/concepts:	3.5972421169281006
losses_test/representations:	4.359162330627441
losses_test/total:	1.3775525093078613
calibration_test/ece:	0.023541007190942764
calibration_test/brier:	0.2248954176902771
accuracy_test/task:	84.68558988528845
accuracy_test/concepts:	97.01959228515625
map_test/concepts:	0.9292445749044418

Epoch 20
losses_train/task:	0.6705185770988464
losses_train/concepts:	4.866983413696289
losses_train/representations:	4.405133247375488
losses_train/total:	1.5977295637130737
losses_test/task:	0.5807545781135559
losses_test/concepts:	3.578216552734375
losses_test/representations:	4.2840375900268555
losses_test/total:	1.3669801950454712
calibration_test/ece:	0.0378648079931736
calibration_test/brier:	0.21634294092655182
accuracy_test/task:	85.43079628234112
accuracy_test/concepts:	96.98274230957031
map_test/concepts:	0.9249548949301243

Epoch 21
losses_train/task:	0.6646696925163269
losses_train/concepts:	4.907532215118408
losses_train/representations:	4.401470184326172
losses_train/total:	1.5955694913864136
losses_test/task:	0.4301601052284241
losses_test/concepts:	2.8597569465637207
losses_test/representations:	3.4893622398376465
losses_test/total:	1.065071940422058
calibration_test/ece:	0.016796912997961044
calibration_test/brier:	0.1694256216287613
accuracy_test/task:	88.40324876496693
accuracy_test/concepts:	97.77610778808594
map_test/concepts:	0.9431164309382438

Epoch 22
losses_train/task:	0.6407758593559265
losses_train/concepts:	4.70591402053833
losses_train/representations:	4.16621732711792
losses_train/total:	1.5279890298843384
losses_test/task:	0.5290516018867493
losses_test/concepts:	3.328669309616089
losses_test/representations:	3.8717572689056396
losses_test/total:	1.2490946054458618
calibration_test/ece:	0.030455466359853745
calibration_test/brier:	0.20091690123081207
accuracy_test/task:	86.34346479109101
accuracy_test/concepts:	97.40016174316406
map_test/concepts:	0.9433367729187012

Epoch 23
losses_train/task:	0.6503563523292542
losses_train/concepts:	4.794003486633301
losses_train/representations:	4.213073253631592
losses_train/total:	1.5510642528533936
losses_test/task:	0.4751565158367157
losses_test/concepts:	3.0616934299468994
losses_test/representations:	3.5622589588165283
losses_test/total:	1.1375519037246704
calibration_test/ece:	0.030383925884962082
calibration_test/brier:	0.1864066869020462
accuracy_test/task:	87.31474503893494
accuracy_test/concepts:	97.70661163330078
map_test/concepts:	0.9402550518512726

Epoch 24
losses_train/task:	0.6664597392082214
losses_train/concepts:	4.827570915222168
losses_train/representations:	4.3936357498168945
losses_train/total:	1.58858060836792
losses_test/task:	0.6667979955673218
losses_test/concepts:	4.059851169586182
losses_test/representations:	4.816382884979248
losses_test/total:	1.5544211864471436
calibration_test/ece:	0.04749906063079834
calibration_test/brier:	0.24491092562675476
accuracy_test/task:	83.27890814703173
accuracy_test/concepts:	96.72526550292969
map_test/concepts:	0.9298638597130775

Epoch 25
losses_train/task:	0.6542648077011108
losses_train/concepts:	4.804073810577393
losses_train/representations:	4.320050239562988
losses_train/total:	1.566676378250122
losses_test/task:	0.47820115089416504
losses_test/concepts:	3.0434036254882812
losses_test/representations:	3.665032148361206
losses_test/total:	1.1490448713302612
calibration_test/ece:	0.03389130160212517
calibration_test/brier:	0.18534913659095764
accuracy_test/task:	87.18914845516203
accuracy_test/concepts:	97.47760772705078
map_test/concepts:	0.9378585815429688

Epoch 26
losses_train/task:	0.5948809385299683
losses_train/concepts:	4.367910861968994
losses_train/representations:	3.945058822631836
losses_train/total:	1.4261776208877563
losses_test/task:	0.4347788989543915
losses_test/concepts:	2.752471923828125
losses_test/representations:	3.3592514991760254
losses_test/total:	1.0459513664245605
calibration_test/ece:	0.02103539928793907
calibration_test/brier:	0.16553515195846558
accuracy_test/task:	88.85539646654944
accuracy_test/concepts:	97.71958923339844
map_test/concepts:	0.9443400338292122

Epoch 27
losses_train/task:	0.5891487002372742
losses_train/concepts:	4.380656719207764
losses_train/representations:	3.8918983936309814
losses_train/total:	1.4164044857025146
losses_test/task:	0.48420068621635437
losses_test/concepts:	3.218142032623291
losses_test/representations:	3.992069959640503
losses_test/total:	1.2052215337753296
calibration_test/ece:	0.02587532065808773
calibration_test/brier:	0.19093094766139984
accuracy_test/task:	86.85422423176756
accuracy_test/concepts:	97.20002746582031
map_test/concepts:	0.9316090181469917

Epoch 28
losses_train/task:	0.5932420492172241
losses_train/concepts:	4.3867974281311035
losses_train/representations:	3.931987762451172
losses_train/total:	1.4251199960708618
losses_test/task:	0.40482792258262634
losses_test/concepts:	2.587193012237549
losses_test/representations:	3.7029898166656494
losses_test/total:	1.0338464975357056
calibration_test/ece:	0.02438226342201233
calibration_test/brier:	0.1579626351594925
accuracy_test/task:	89.32429037930169
accuracy_test/concepts:	97.7978744506836
map_test/concepts:	0.9502478554844856

Epoch 29
losses_train/task:	0.5727878212928772
losses_train/concepts:	4.306463241577148
losses_train/representations:	3.7742111682891846
losses_train/total:	1.3808552026748657
losses_test/task:	0.4533206820487976
losses_test/concepts:	3.1083505153656006
losses_test/representations:	3.877460479736328
losses_test/total:	1.1519016027450562
calibration_test/ece:	0.039437197148799896
calibration_test/brier:	0.17707495391368866
accuracy_test/task:	88.21066733651512
accuracy_test/concepts:	97.72586822509766
map_test/concepts:	0.9459376081824302

Epoch 30
losses_train/task:	0.5731370449066162
losses_train/concepts:	4.21012544631958
losses_train/representations:	3.7881131172180176
losses_train/total:	1.3729612827301025
losses_test/task:	0.5060187578201294
losses_test/concepts:	3.1732053756713867
losses_test/representations:	3.6650519371032715
losses_test/total:	1.1898444890975952
calibration_test/ece:	0.03322558104991913
calibration_test/brier:	0.19147756695747375
accuracy_test/task:	87.01331323787993
accuracy_test/concepts:	97.40434265136719
map_test/concepts:	0.9426414042711257

Epoch 31
losses_train/task:	0.6033644080162048
losses_train/concepts:	4.4682793617248535
losses_train/representations:	3.9508254528045654
losses_train/total:	1.445275068283081
losses_test/task:	0.46196651458740234
losses_test/concepts:	3.037532091140747
losses_test/representations:	3.7260420322418213
losses_test/total:	1.13832426071167
calibration_test/ece:	0.02336571179330349
calibration_test/brier:	0.18181458115577698
accuracy_test/task:	87.48220715063216
accuracy_test/concepts:	97.37001037597656
map_test/concepts:	0.9426330924034119

Epoch 32
losses_train/task:	0.5724589228630066
losses_train/concepts:	4.397154331207275
losses_train/representations:	3.875528335571289
losses_train/total:	1.39972722530365
losses_test/task:	0.40018945932388306
losses_test/concepts:	2.6667041778564453
losses_test/representations:	3.106874942779541
losses_test/total:	0.9775474071502686
calibration_test/ece:	0.021114971488714218
calibration_test/brier:	0.1566401571035385
accuracy_test/task:	89.37452901281085
accuracy_test/concepts:	97.9163589477539
map_test/concepts:	0.9523523092269898

Epoch 33
losses_train/task:	0.5540379285812378
losses_train/concepts:	4.168275833129883
losses_train/representations:	3.705491781234741
losses_train/total:	1.341415286064148
losses_test/task:	0.4380217492580414
losses_test/concepts:	2.8715267181396484
losses_test/representations:	3.415055274963379
losses_test/total:	1.0666803121566772
calibration_test/ece:	0.02397052012383938
calibration_test/brier:	0.16924776136875153
accuracy_test/task:	88.277652181194
accuracy_test/concepts:	97.72377014160156
map_test/concepts:	0.9452040538191795

Epoch 34
losses_train/task:	0.5309300422668457
losses_train/concepts:	3.935441493988037
losses_train/representations:	3.522836685180664
losses_train/total:	1.2767579555511475
losses_test/task:	0.5100312232971191
losses_test/concepts:	3.2621066570281982
losses_test/representations:	3.5876691341400146
losses_test/total:	1.1950092315673828
calibration_test/ece:	0.03449968248605728
calibration_test/brier:	0.19439195096492767
accuracy_test/task:	86.74537385916436
accuracy_test/concepts:	97.25779724121094
map_test/concepts:	0.940867868065834

Epoch 35
losses_train/task:	0.5449418425559998
losses_train/concepts:	4.025450229644775
losses_train/representations:	3.6470136642456055
losses_train/total:	1.3121880292892456
losses_test/task:	0.48294439911842346
losses_test/concepts:	3.1397736072540283
losses_test/representations:	3.95041561126709
losses_test/total:	1.1919633150100708
calibration_test/ece:	0.03522271662950516
calibration_test/brier:	0.1843433678150177
accuracy_test/task:	87.16402913840743
accuracy_test/concepts:	97.37126922607422
map_test/concepts:	0.9396541580557823

Epoch 36
losses_train/task:	0.5399940013885498
losses_train/concepts:	3.977858781814575
losses_train/representations:	3.572431802749634
losses_train/total:	1.295022964477539
losses_test/task:	0.3844197690486908
losses_test/concepts:	2.3964953422546387
losses_test/representations:	3.0791773796081543
losses_test/total:	0.9319867491722107
calibration_test/ece:	0.025379322469234467
calibration_test/brier:	0.14861717820167542
accuracy_test/task:	89.94390019258142
accuracy_test/concepts:	97.97538757324219
map_test/concepts:	0.9502104043960571

Epoch 37
losses_train/task:	0.5351162552833557
losses_train/concepts:	3.9931070804595947
losses_train/representations:	3.6060540676116943
losses_train/total:	1.2950325012207031
losses_test/task:	0.5449284911155701
losses_test/concepts:	3.7612946033477783
losses_test/representations:	3.744091510772705
losses_test/total:	1.2954673767089844
calibration_test/ece:	0.03364301472902298
calibration_test/brier:	0.2053889036178589
accuracy_test/task:	86.32671857992129
accuracy_test/concepts:	97.32144165039062
map_test/concepts:	0.9385205581784248

Epoch 38
losses_train/task:	0.5057458877563477
losses_train/concepts:	3.9211201667785645
losses_train/representations:	3.3790524005889893
losses_train/total:	1.2357629537582397
losses_test/task:	0.43118253350257874
losses_test/concepts:	2.6676747798919678
losses_test/representations:	3.303565740585327
losses_test/total:	1.0283068418502808
calibration_test/ece:	0.03240552544593811
calibration_test/brier:	0.16418105363845825
accuracy_test/task:	88.88051578330403
accuracy_test/concepts:	97.86026000976562
map_test/concepts:	0.9474619686603546

Epoch 39
losses_train/task:	0.49909383058547974
losses_train/concepts:	3.7834746837615967
losses_train/representations:	3.366079568862915
losses_train/total:	1.2140493392944336
losses_test/task:	0.42053741216659546
losses_test/concepts:	2.7897751331329346
losses_test/representations:	3.1843454837799072
losses_test/total:	1.0179497003555298
calibration_test/ece:	0.028894133865833282
calibration_test/brier:	0.16035810112953186
accuracy_test/task:	89.08984342292557
accuracy_test/concepts:	97.94355773925781
map_test/concepts:	0.94991435110569

Epoch 40
losses_train/task:	0.48404163122177124
losses_train/concepts:	3.6278276443481445
losses_train/representations:	3.2483906745910645
losses_train/total:	1.1716638803482056
losses_test/task:	0.43775302171707153
losses_test/concepts:	2.6102726459503174
losses_test/representations:	3.432697057723999
losses_test/total:	1.0420500040054321
calibration_test/ece:	0.03678114339709282
calibration_test/brier:	0.16485032439231873
accuracy_test/task:	88.95587373356778
accuracy_test/concepts:	97.83891296386719
map_test/concepts:	0.9489654541015625

Epoch 41
losses_train/task:	0.4902132451534271
losses_train/concepts:	3.6551525592803955
losses_train/representations:	3.236867666244507
losses_train/total:	1.179414987564087
losses_test/task:	0.3941302001476288
losses_test/concepts:	2.508516550064087
losses_test/representations:	3.2172844409942627
losses_test/total:	0.9667105078697205
calibration_test/ece:	0.030197709798812866
calibration_test/brier:	0.14894570410251617
accuracy_test/task:	90.04437745959977
accuracy_test/concepts:	98.14827728271484
map_test/concepts:	0.9519929751753807

Epoch 42
losses_train/task:	0.4914311468601227
losses_train/concepts:	3.725820779800415
losses_train/representations:	3.3127388954162598
losses_train/total:	1.1952871084213257
losses_test/task:	0.44189760088920593
losses_test/concepts:	2.771749496459961
losses_test/representations:	3.2864115238189697
losses_test/total:	1.0477135181427002
calibration_test/ece:	0.03613442927598953
calibration_test/brier:	0.1668214499950409
accuracy_test/task:	88.82190404421
accuracy_test/concepts:	97.7811279296875
map_test/concepts:	0.9437340572476387

Epoch 43
losses_train/task:	0.4887441396713257
losses_train/concepts:	3.764105796813965
losses_train/representations:	3.2468607425689697
losses_train/total:	1.1898409128189087
losses_test/task:	0.511851966381073
losses_test/concepts:	3.518923044204712
losses_test/representations:	3.882760524749756
losses_test/total:	1.2520201206207275
calibration_test/ece:	0.044961124658584595
calibration_test/brier:	0.18966151773929596
accuracy_test/task:	87.00494013229506
accuracy_test/concepts:	97.36288452148438
map_test/concepts:	0.935042929649353

Epoch 44
losses_train/task:	0.48084667325019836
losses_train/concepts:	3.659404754638672
losses_train/representations:	3.2244999408721924
losses_train/total:	1.1692372560501099
losses_test/task:	0.38143083453178406
losses_test/concepts:	2.314359188079834
losses_test/representations:	2.8810348510742188
losses_test/total:	0.9009705185890198
calibration_test/ece:	0.030455129221081734
calibration_test/brier:	0.14925003051757812
accuracy_test/task:	90.20346646571214
accuracy_test/concepts:	98.12191009521484
map_test/concepts:	0.9569936156272888

Epoch 45
losses_train/task:	0.4907298684120178
losses_train/concepts:	3.7575511932373047
losses_train/representations:	3.3555033206939697
losses_train/total:	1.2020354270935059
losses_test/task:	0.40528959035873413
losses_test/concepts:	2.81455659866333
losses_test/representations:	3.189798355102539
losses_test/total:	1.0057249069213867
calibration_test/ece:	0.030796457082033157
calibration_test/brier:	0.15434128046035767
accuracy_test/task:	89.60897596918697
accuracy_test/concepts:	98.03608703613281
map_test/concepts:	0.9520998433232307

Epoch 46
losses_train/task:	0.4615950882434845
losses_train/concepts:	3.4705379009246826
losses_train/representations:	3.0944907665252686
losses_train/total:	1.1180979013442993
losses_test/task:	0.38428401947021484
losses_test/concepts:	2.425018548965454
losses_test/representations:	2.8640785217285156
losses_test/total:	0.9131937623023987
calibration_test/ece:	0.03031802922487259
calibration_test/brier:	0.14688600599765778
accuracy_test/task:	90.23695888805157
accuracy_test/concepts:	98.0804672241211
map_test/concepts:	0.9500726699829102

Epoch 47
losses_train/task:	0.4537026882171631
losses_train/concepts:	3.498396396636963
losses_train/representations:	3.062549591064453
losses_train/total:	1.1097973585128784
losses_test/task:	0.366092711687088
losses_test/concepts:	2.4162485599517822
losses_test/representations:	2.8480331897735596
losses_test/total:	0.8925209045410156
calibration_test/ece:	0.0312851145863533
calibration_test/brier:	0.1430434137582779
accuracy_test/task:	90.58862932261576
accuracy_test/concepts:	98.22322845458984
map_test/concepts:	0.9547993615269661

Epoch 48
losses_train/task:	0.44886666536331177
losses_train/concepts:	3.4178528785705566
losses_train/representations:	3.0405116081237793
losses_train/total:	1.094702959060669
losses_test/task:	0.351400762796402
losses_test/concepts:	2.3541932106018066
losses_test/representations:	2.687962293624878
losses_test/total:	0.8556160926818848
calibration_test/ece:	0.03200773149728775
calibration_test/brier:	0.1375805139541626
accuracy_test/task:	90.76446453989784
accuracy_test/concepts:	98.27806854248047
map_test/concepts:	0.9557089403271675

Epoch 49
losses_train/task:	0.461750864982605
losses_train/concepts:	3.6055996417999268
losses_train/representations:	3.088348388671875
losses_train/total:	1.13114595413208
losses_test/task:	0.3555847108364105
losses_test/concepts:	2.273848056793213
losses_test/representations:	2.63144850730896
losses_test/total:	0.8461145758628845
calibration_test/ece:	0.028449811041355133
calibration_test/brier:	0.13727328181266785
accuracy_test/task:	90.73097211755841
accuracy_test/concepts:	98.19014739990234
map_test/concepts:	0.9549108728766441

Epoch 50
losses_train/task:	0.4476502537727356
losses_train/concepts:	3.450038194656372
losses_train/representations:	3.0116398334503174
losses_train/total:	1.0938174724578857
losses_test/task:	0.3855725824832916
losses_test/concepts:	2.3901305198669434
losses_test/representations:	2.7279958724975586
losses_test/total:	0.8973850011825562
calibration_test/ece:	0.033512793481349945
calibration_test/brier:	0.1449715495109558
accuracy_test/task:	90.60537553378548
accuracy_test/concepts:	98.20439910888672
map_test/concepts:	0.9524624869227409

Epoch 51
losses_train/task:	0.359416127204895
losses_train/concepts:	2.9054861068725586
losses_train/representations:	2.4877889156341553
losses_train/total:	0.8987436890602112
losses_test/task:	0.2684655487537384
losses_test/concepts:	1.8460981845855713
losses_test/representations:	2.022480010986328
losses_test/total:	0.655323326587677
calibration_test/ece:	0.023245271295309067
calibration_test/brier:	0.10491099953651428
accuracy_test/task:	93.02520304781044
accuracy_test/concepts:	98.67328643798828
map_test/concepts:	0.9593239039182663

Epoch 52
losses_train/task:	0.3306201696395874
losses_train/concepts:	2.7484817504882812
losses_train/representations:	2.24460506439209
losses_train/total:	0.8299292325973511
losses_test/task:	0.264272004365921
losses_test/concepts:	1.799824595451355
losses_test/representations:	1.9363130331039429
losses_test/total:	0.6378859281539917
calibration_test/ece:	0.02445564791560173
calibration_test/brier:	0.10263394564390182
accuracy_test/task:	93.23453068743197
accuracy_test/concepts:	98.7109603881836
map_test/concepts:	0.9589830830693244

Epoch 53
losses_train/task:	0.3116077780723572
losses_train/concepts:	2.6078999042510986
losses_train/representations:	2.1292121410369873
losses_train/total:	0.7853193879127502
losses_test/task:	0.2561720013618469
losses_test/concepts:	1.81533682346344
losses_test/representations:	1.9094411134719849
losses_test/total:	0.6286496520042419
calibration_test/ece:	0.02449856698513031
calibration_test/brier:	0.09925583750009537
accuracy_test/task:	93.3768734823746
accuracy_test/concepts:	98.7553482055664
map_test/concepts:	0.9598309397697449

Epoch 54
losses_train/task:	0.28701168298721313
losses_train/concepts:	2.438603162765503
losses_train/representations:	2.048581123352051
losses_train/total:	0.7357300519943237
losses_test/task:	0.2566762864589691
losses_test/concepts:	1.8268048763275146
losses_test/representations:	1.8865444660186768
losses_test/total:	0.6280112862586975
calibration_test/ece:	0.026604535058140755
calibration_test/brier:	0.09983902424573898
accuracy_test/task:	93.4857238549778
accuracy_test/concepts:	98.77418518066406
map_test/concepts:	0.9605557292699813

Epoch 55
losses_train/task:	0.2840713858604431
losses_train/concepts:	2.3504931926727295
losses_train/representations:	1.968450665473938
losses_train/total:	0.7159658074378967
losses_test/task:	0.2535785734653473
losses_test/concepts:	1.8571810722351074
losses_test/representations:	1.8394238948822021
losses_test/total:	0.6232390999794006
calibration_test/ece:	0.027387680485844612
calibration_test/brier:	0.0988474115729332
accuracy_test/task:	93.50247006614754
accuracy_test/concepts:	98.79804229736328
map_test/concepts:	0.9615821957588195

Epoch 56
losses_train/task:	0.2771212160587311
losses_train/concepts:	2.3879897594451904
losses_train/representations:	1.9700133800506592
losses_train/total:	0.7129212021827698
losses_test/task:	0.2515275776386261
losses_test/concepts:	1.8371570110321045
losses_test/representations:	1.8324614763259888
losses_test/total:	0.6184893846511841
calibration_test/ece:	0.026283295825123787
calibration_test/brier:	0.09782291203737259
accuracy_test/task:	93.4857238549778
accuracy_test/concepts:	98.79259490966797
map_test/concepts:	0.961478553712368

Epoch 57
losses_train/task:	0.2855960726737976
losses_train/concepts:	2.4742960929870605
losses_train/representations:	1.9981729984283447
losses_train/total:	0.7328431010246277
losses_test/task:	0.2452019304037094
losses_test/concepts:	1.6845461130142212
losses_test/representations:	1.7533996105194092
losses_test/total:	0.5889966487884521
calibration_test/ece:	0.025032546371221542
calibration_test/brier:	0.0956195816397667
accuracy_test/task:	93.74529012810852
accuracy_test/concepts:	98.82106018066406
map_test/concepts:	0.9611551254987717

Epoch 58
losses_train/task:	0.2759345471858978
losses_train/concepts:	2.2660670280456543
losses_train/representations:	1.903984785079956
losses_train/total:	0.692939817905426
losses_test/task:	0.24848902225494385
losses_test/concepts:	1.7104815244674683
losses_test/representations:	1.8070499897003174
losses_test/total:	0.6002422571182251
calibration_test/ece:	0.02664288878440857
calibration_test/brier:	0.09659381210803986
accuracy_test/task:	93.69505149459934
accuracy_test/concepts:	98.83193969726562
map_test/concepts:	0.9605089381337166

Epoch 59
losses_train/task:	0.26922544836997986
losses_train/concepts:	2.2534098625183105
losses_train/representations:	1.8981122970581055
losses_train/total:	0.6843777894973755
losses_test/task:	0.2469029426574707
losses_test/concepts:	1.6897608041763306
losses_test/representations:	1.7751860618591309
losses_test/total:	0.5933976769447327
calibration_test/ece:	0.025223402306437492
calibration_test/brier:	0.09589185565710068
accuracy_test/task:	93.8122749727874
accuracy_test/concepts:	98.83110809326172
map_test/concepts:	0.9618739411234856

Epoch 60
losses_train/task:	0.2749755382537842
losses_train/concepts:	2.3586792945861816
losses_train/representations:	1.9212687015533447
losses_train/total:	0.7029703259468079
losses_test/task:	0.250682532787323
losses_test/concepts:	1.7921448945999146
losses_test/representations:	1.7361197471618652
losses_test/total:	0.6035091280937195
calibration_train/ece:	0.0058551668189466
calibration_train/brier:	0.07454974949359894
accuracy_train/task:	94.65751262626263
calibration_test/ece:	0.02683088183403015
calibration_test/brier:	0.09700117260217667
accuracy_test/task:	93.71179770576907
accuracy_train/concepts:	98.82318878173828
map_train/concepts:	0.9794238358736038
accuracy_test/concepts:	98.85330963134766
map_test/concepts:	0.9630447894334793
accuracy_test/nuisances_task:	1.4220110269693227
accuracy_test/nuisances_nontask:	0.0
mutual_inf_test/nuisances_task:	0.06574792274931347
mutual_inf_test/nuisances_nontask:	0.0

Epoch 61
losses_train/task:	0.25879964232444763
losses_train/concepts:	2.2316839694976807
losses_train/representations:	1.840097188949585
losses_train/total:	0.6659777760505676
losses_test/task:	0.2543303966522217
losses_test/concepts:	1.793914794921875
losses_test/representations:	1.7163171768188477
losses_test/total:	0.6053536534309387
calibration_test/ece:	0.027339011430740356
calibration_test/brier:	0.09655135869979858
accuracy_test/task:	93.91275223980574
accuracy_test/concepts:	98.85789489746094
map_test/concepts:	0.9631574273109436

Epoch 62
losses_train/task:	0.2657324969768524
losses_train/concepts:	2.2743074893951416
losses_train/representations:	1.848811388015747
losses_train/total:	0.6780444979667664
losses_test/task:	0.25202828645706177
losses_test/concepts:	1.727662205696106
losses_test/representations:	1.7627699375152588
losses_test/total:	0.6010714769363403
calibration_test/ece:	0.02695595845580101
calibration_test/brier:	0.09629054367542267
accuracy_test/task:	93.78715565603282
accuracy_test/concepts:	98.85247039794922
map_test/concepts:	0.9618015393614769

Epoch 63
losses_train/task:	0.25911229848861694
losses_train/concepts:	2.1862568855285645
losses_train/representations:	1.849138855934143
losses_train/total:	0.6626518368721008
losses_test/task:	0.24966804683208466
losses_test/concepts:	1.7216016054153442
losses_test/representations:	1.7205435037612915
losses_test/total:	0.5938825011253357
calibration_test/ece:	0.026908397674560547
calibration_test/brier:	0.09479924291372299
accuracy_test/task:	93.89600602863602
accuracy_test/concepts:	98.87757873535156
map_test/concepts:	0.9622977614402771

Epoch 64
losses_train/task:	0.2644902765750885
losses_train/concepts:	2.2418715953826904
losses_train/representations:	1.8474841117858887
losses_train/total:	0.6734256148338318
losses_test/task:	0.25112083554267883
losses_test/concepts:	1.7185486555099487
losses_test/representations:	1.737809658050537
losses_test/total:	0.596756637096405
calibration_test/ece:	0.02782181277871132
calibration_test/brier:	0.09568536281585693
accuracy_test/task:	93.90437913422089
accuracy_test/concepts:	98.85791778564453
map_test/concepts:	0.9620855361223221

Epoch 65
losses_train/task:	0.2553735077381134
losses_train/concepts:	2.189682722091675
losses_train/representations:	1.7970011234283447
losses_train/total:	0.6540417075157166
losses_test/task:	0.24903221428394318
losses_test/concepts:	1.7312777042388916
losses_test/representations:	1.7129833698272705
losses_test/total:	0.5934584736824036
calibration_test/ece:	0.027154941111803055
calibration_test/brier:	0.09528587013483047
accuracy_test/task:	93.91275223980574
accuracy_test/concepts:	98.88176727294922
map_test/concepts:	0.9636130005121231

Epoch 66
losses_train/task:	0.2536318600177765
losses_train/concepts:	2.2930164337158203
losses_train/representations:	1.807074785232544
losses_train/total:	0.6636409759521484
losses_test/task:	0.2508939504623413
losses_test/concepts:	1.7124165296554565
losses_test/representations:	1.7370831966400146
losses_test/total:	0.595844030380249
calibration_test/ece:	0.028444575145840645
calibration_test/brier:	0.09568215906620026
accuracy_test/task:	93.82064807837227
accuracy_test/concepts:	98.86210632324219
map_test/concepts:	0.9645817369222641

Epoch 67
losses_train/task:	0.25073543190956116
losses_train/concepts:	2.1757659912109375
losses_train/representations:	1.7687104940414429
losses_train/total:	0.6451830863952637
losses_test/task:	0.2496558576822281
losses_test/concepts:	1.716277837753296
losses_test/representations:	1.7176296710968018
losses_test/total:	0.5930466055870056
calibration_test/ece:	0.02938148006796837
calibration_test/brier:	0.0961718037724495
accuracy_test/task:	93.78715565603282
accuracy_test/concepts:	98.85749053955078
map_test/concepts:	0.9649681091308594

Epoch 68
losses_train/task:	0.2546122670173645
losses_train/concepts:	2.266737461090088
losses_train/representations:	1.8168357610702515
losses_train/total:	0.6629695892333984
losses_test/task:	0.24856887757778168
losses_test/concepts:	1.6989715099334717
losses_test/representations:	1.7602392435073853
losses_test/total:	0.5944900512695312
calibration_test/ece:	0.02909645438194275
calibration_test/brier:	0.09512710571289062
accuracy_test/task:	93.82902118395712
accuracy_test/concepts:	98.86000061035156
map_test/concepts:	0.9629339784383774

Epoch 69
losses_train/task:	0.25398311018943787
losses_train/concepts:	2.174626588821411
losses_train/representations:	1.8068519830703735
losses_train/total:	0.6521308422088623
losses_test/task:	0.2496901899576187
losses_test/concepts:	1.7048521041870117
losses_test/representations:	1.6888798475265503
losses_test/total:	0.5890635251998901
calibration_test/ece:	0.027533484622836113
calibration_test/brier:	0.09553658217191696
accuracy_test/task:	93.97973708448464
accuracy_test/concepts:	98.8411636352539
map_test/concepts:	0.9634714454412461

Epoch 70
losses_train/task:	0.2531563937664032
losses_train/concepts:	2.183344602584839
losses_train/representations:	1.8043943643569946
losses_train/total:	0.6519302129745483
losses_test/task:	0.25285103917121887
losses_test/concepts:	1.684649109840393
losses_test/representations:	1.7310230731964111
losses_test/total:	0.5944183468818665
calibration_test/ece:	0.02905568853020668
calibration_test/brier:	0.09716929495334625
accuracy_test/task:	93.72854391693879
accuracy_test/concepts:	98.85707092285156
map_test/concepts:	0.9653320431709289

Epoch 71
losses_train/task:	0.2474316656589508
losses_train/concepts:	2.123948335647583
losses_train/representations:	1.7707103490829468
losses_train/total:	0.6368974447250366
losses_test/task:	0.25014281272888184
losses_test/concepts:	1.7330858707427979
losses_test/representations:	1.7092372179031372
losses_test/total:	0.5943752527236938
calibration_test/ece:	0.028655987232923508
calibration_test/brier:	0.0964229479432106
accuracy_test/task:	93.83739428954199
accuracy_test/concepts:	98.87715911865234
map_test/concepts:	0.9648453801870346

Epoch 72
losses_train/task:	0.24543841183185577
losses_train/concepts:	2.0781850814819336
losses_train/representations:	1.729925274848938
losses_train/total:	0.6262495517730713
losses_test/task:	0.24900269508361816
losses_test/concepts:	1.681235432624817
losses_test/representations:	1.7066049575805664
losses_test/total:	0.5877867937088013
calibration_test/ece:	0.028204744681715965
calibration_test/brier:	0.09608551859855652
accuracy_test/task:	93.84576739512686
accuracy_test/concepts:	98.88470458984375
map_test/concepts:	0.9634689047932625

Epoch 73
losses_train/task:	0.24123138189315796
losses_train/concepts:	2.1035685539245605
losses_train/representations:	1.7440118789672852
losses_train/total:	0.6259893774986267
losses_test/task:	0.24887391924858093
losses_test/concepts:	1.780644416809082
losses_test/representations:	1.6718608140945435
losses_test/total:	0.5941244959831238
calibration_test/ece:	0.02886122092604637
calibration_test/brier:	0.09524119645357132
accuracy_test/task:	93.84576739512686
accuracy_test/concepts:	98.90562438964844
map_test/concepts:	0.964680403470993

Epoch 74
losses_train/task:	0.24687647819519043
losses_train/concepts:	2.1449053287506104
losses_train/representations:	1.7547987699508667
losses_train/total:	0.6368470788002014
losses_test/task:	0.24711784720420837
losses_test/concepts:	1.7383241653442383
losses_test/representations:	1.6625523567199707
losses_test/total:	0.5872054100036621
calibration_test/ece:	0.028247294947504997
calibration_test/brier:	0.09565043449401855
accuracy_test/task:	93.98811019006949
accuracy_test/concepts:	98.8717269897461
map_test/concepts:	0.9644577860832214

Epoch 75
losses_train/task:	0.23291616141796112
losses_train/concepts:	2.0482370853424072
losses_train/representations:	1.6865932941436768
losses_train/total:	0.6063993573188782
losses_test/task:	0.24994172155857086
losses_test/concepts:	1.7897071838378906
losses_test/representations:	1.6695342063903809
losses_test/total:	0.5958659648895264
calibration_test/ece:	0.02984245866537094
calibration_test/brier:	0.09669254720211029
accuracy_test/task:	93.7704094448631
accuracy_test/concepts:	98.87841033935547
map_test/concepts:	0.9636426031589508

Epoch 76
losses_train/task:	0.24443772435188293
losses_train/concepts:	2.1405446529388428
losses_train/representations:	1.7299830913543701
losses_train/total:	0.6314904689788818
losses_test/task:	0.25140535831451416
losses_test/concepts:	1.7303684949874878
losses_test/representations:	1.695075273513794
losses_test/total:	0.5939499139785767
calibration_test/ece:	0.03054415062069893
calibration_test/brier:	0.09746375679969788
accuracy_test/task:	93.71179770576907
accuracy_test/concepts:	98.86000061035156
map_test/concepts:	0.9648051530122757

Epoch 77
losses_train/task:	0.24109196662902832
losses_train/concepts:	2.0800161361694336
losses_train/representations:	1.7064547538757324
losses_train/total:	0.6197389364242554
losses_test/task:	0.2508522868156433
losses_test/concepts:	1.7693302631378174
losses_test/representations:	1.699008822441101
losses_test/total:	0.597686231136322
calibration_test/ece:	0.03036559745669365
calibration_test/brier:	0.09689507633447647
accuracy_test/task:	93.8122749727874
accuracy_test/concepts:	98.86461639404297
map_test/concepts:	0.9644998431205749

Epoch 78
losses_train/task:	0.23384326696395874
losses_train/concepts:	2.025355815887451
losses_train/representations:	1.6780459880828857
losses_train/total:	0.6041836738586426
losses_test/task:	0.2507413923740387
losses_test/concepts:	1.9209662675857544
losses_test/representations:	1.6739338636398315
losses_test/total:	0.6102313995361328
calibration_test/ece:	0.02936192788183689
calibration_test/brier:	0.0956081748008728
accuracy_test/task:	93.82902118395712
accuracy_test/concepts:	98.8834457397461
map_test/concepts:	0.9617309093475341

Epoch 79
losses_train/task:	0.2338615357875824
losses_train/concepts:	2.007262945175171
losses_train/representations:	1.6520559787750244
losses_train/total:	0.5997930765151978
losses_test/task:	0.2515103816986084
losses_test/concepts:	1.6864666938781738
losses_test/representations:	1.7057873010635376
losses_test/total:	0.5907357335090637
calibration_test/ece:	0.030302122235298157
calibration_test/brier:	0.09589742869138718
accuracy_test/task:	93.72017081135394
accuracy_test/concepts:	98.88427734375
map_test/concepts:	0.9654609352350235

Epoch 80
losses_train/task:	0.22359178960323334
losses_train/concepts:	1.9752516746520996
losses_train/representations:	1.658552885055542
losses_train/total:	0.5869724154472351
losses_test/task:	0.25323206186294556
losses_test/concepts:	1.8460886478424072
losses_test/representations:	1.6622745990753174
losses_test/total:	0.6040686368942261
calibration_test/ece:	0.03112376481294632
calibration_test/brier:	0.09617049247026443
accuracy_test/task:	93.91275223980574
accuracy_test/concepts:	98.90730285644531
map_test/concepts:	0.964440393447876

Epoch 81
losses_train/task:	0.2399682253599167
losses_train/concepts:	2.066868543624878
losses_train/representations:	1.7012940645217896
losses_train/total:	0.6167847514152527
losses_test/task:	0.25158601999282837
losses_test/concepts:	1.749345064163208
losses_test/representations:	1.657343864440918
losses_test/total:	0.592254638671875
calibration_test/ece:	0.02799549140036106
calibration_test/brier:	0.09489035606384277
accuracy_test/task:	94.03834882357866
accuracy_test/concepts:	98.89726257324219
map_test/concepts:	0.9647283405065536

Epoch 82
losses_train/task:	0.23008327186107635
losses_train/concepts:	2.017977237701416
losses_train/representations:	1.6594489812850952
losses_train/total:	0.5978259444236755
losses_test/task:	0.2507857084274292
losses_test/concepts:	2.082103967666626
losses_test/representations:	1.6684203147888184
losses_test/total:	0.6258379817008972
calibration_test/ece:	0.030151985585689545
calibration_test/brier:	0.09460465610027313
accuracy_test/task:	94.02160261240894
accuracy_test/concepts:	98.91316223144531
map_test/concepts:	0.9644987523555756

Epoch 83
losses_train/task:	0.2428554743528366
losses_train/concepts:	2.088501453399658
losses_train/representations:	1.6917531490325928
losses_train/total:	0.6208807826042175
losses_test/task:	0.2540210485458374
losses_test/concepts:	1.8684823513031006
losses_test/representations:	1.6793702840805054
losses_test/total:	0.6088064312934875
calibration_test/ece:	0.030072513967752457
calibration_test/brier:	0.09627794474363327
accuracy_test/task:	93.89600602863602
accuracy_test/concepts:	98.89054870605469
map_test/concepts:	0.9628410696983337

Epoch 84
losses_train/task:	0.2349693775177002
losses_train/concepts:	2.0178706645965576
losses_train/representations:	1.6522517204284668
losses_train/total:	0.601981520652771
losses_test/task:	0.2519199550151825
losses_test/concepts:	2.267993688583374
losses_test/representations:	1.6469861268997192
losses_test/total:	0.6434181332588196
calibration_test/ece:	0.030243031680583954
calibration_test/brier:	0.09548646211624146
accuracy_test/task:	93.96299087331491
accuracy_test/concepts:	98.90354919433594
map_test/concepts:	0.962460920214653

Epoch 85
losses_train/task:	0.22896720468997955
losses_train/concepts:	2.011125326156616
losses_train/representations:	1.6550418138504028
losses_train/total:	0.5955838561058044
losses_test/task:	0.255960077047348
losses_test/concepts:	2.129748582839966
losses_test/representations:	1.6436091661453247
losses_test/total:	0.6332959532737732
calibration_test/ece:	0.0315171480178833
calibration_test/brier:	0.09661123901605606
accuracy_test/task:	93.80390186720254
accuracy_test/concepts:	98.89893341064453
map_test/concepts:	0.9628523886203766

Epoch 86
losses_train/task:	0.22848835587501526
losses_train/concepts:	2.037309408187866
losses_train/representations:	1.6371121406555176
losses_train/total:	0.5959306359291077
losses_test/task:	0.2582953870296478
losses_test/concepts:	1.9597859382629395
losses_test/representations:	1.667683482170105
losses_test/total:	0.6210421919822693
calibration_test/ece:	0.031580280512571335
calibration_test/brier:	0.09696868807077408
accuracy_test/task:	93.85414050071171
accuracy_test/concepts:	98.89558410644531
map_test/concepts:	0.9631704568862915

Epoch 87
losses_train/task:	0.230523943901062
losses_train/concepts:	2.0078201293945312
losses_train/representations:	1.6330639123916626
losses_train/total:	0.5946124196052551
losses_test/task:	0.25361689925193787
losses_test/concepts:	1.8630695343017578
losses_test/representations:	1.6521562337875366
losses_test/total:	0.6051394939422607
calibration_test/ece:	0.029884928837418556
calibration_test/brier:	0.095878966152668
accuracy_test/task:	93.87925981746629
accuracy_test/concepts:	98.89224243164062
map_test/concepts:	0.9644794225692749

Epoch 88
losses_train/task:	0.22560913860797882
losses_train/concepts:	1.9557737112045288
losses_train/representations:	1.6201081275939941
losses_train/total:	0.5831971764564514
losses_test/task:	0.25207242369651794
losses_test/concepts:	1.8479899168014526
losses_test/representations:	1.662652850151062
losses_test/total:	0.6031367182731628
calibration_test/ece:	0.029228191822767258
calibration_test/brier:	0.09566878527402878
accuracy_test/task:	93.89600602863602
accuracy_test/concepts:	98.89600372314453
map_test/concepts:	0.9632962018251419

Epoch 89
losses_train/task:	0.23179426789283752
losses_train/concepts:	1.9963973760604858
losses_train/representations:	1.6328297853469849
losses_train/total:	0.5947170853614807
losses_test/task:	0.25639885663986206
losses_test/concepts:	1.9203112125396729
losses_test/representations:	1.6753320693969727
losses_test/total:	0.6159632802009583
calibration_test/ece:	0.02990555390715599
calibration_test/brier:	0.09660973399877548
accuracy_test/task:	93.87088671188144
accuracy_test/concepts:	98.88050842285156
map_test/concepts:	0.9630705714225769

Epoch 90
losses_train/task:	0.2314443141222
losses_train/concepts:	1.9368996620178223
losses_train/representations:	1.5998479127883911
losses_train/total:	0.5851190090179443
losses_test/task:	0.2564494013786316
losses_test/concepts:	1.8334413766860962
losses_test/representations:	1.6811649799346924
losses_test/total:	0.60791015625
calibration_test/ece:	0.03078959509730339
calibration_test/brier:	0.09799560904502869
accuracy_test/task:	93.66993217784476
accuracy_test/concepts:	98.86921691894531
map_test/concepts:	0.9629412204027176

Epoch 91
losses_train/task:	0.22626928985118866
losses_train/concepts:	1.902937889099121
losses_train/representations:	1.586197853088379
losses_train/total:	0.5751828551292419
losses_test/task:	0.25679081678390503
losses_test/concepts:	2.34363055229187
losses_test/representations:	1.630705714225769
losses_test/total:	0.6542244553565979
calibration_test/ece:	0.03153081238269806
calibration_test/brier:	0.0973437950015068
accuracy_test/task:	93.82902118395712
accuracy_test/concepts:	98.91150665283203
map_test/concepts:	0.9635842055082321

Epoch 92
losses_train/task:	0.22062785923480988
losses_train/concepts:	1.9324314594268799
losses_train/representations:	1.5951176881790161
losses_train/total:	0.5733826756477356
losses_test/task:	0.25808659195899963
losses_test/concepts:	2.003103733062744
losses_test/representations:	1.6548819541931152
losses_test/total:	0.6238851547241211
calibration_test/ece:	0.031629569828510284
calibration_test/brier:	0.09615885466337204
accuracy_test/task:	93.95461776773006
accuracy_test/concepts:	98.90814971923828
map_test/concepts:	0.9642982751131057

Epoch 93
losses_train/task:	0.21373891830444336
losses_train/concepts:	1.896536111831665
losses_train/representations:	1.5918378829956055
losses_train/total:	0.5625763535499573
losses_test/task:	0.256786048412323
losses_test/concepts:	2.1143391132354736
losses_test/representations:	1.6907103061676025
losses_test/total:	0.6372909545898438
calibration_test/ece:	0.030075255781412125
calibration_test/brier:	0.09468302875757217
accuracy_test/task:	94.13045298501214
accuracy_test/concepts:	98.9039535522461
map_test/concepts:	0.9625670075416565

Epoch 94
losses_train/task:	0.22068262100219727
losses_train/concepts:	1.8943480253219604
losses_train/representations:	1.5643641948699951
losses_train/total:	0.5665540099143982
losses_test/task:	0.25995272397994995
losses_test/concepts:	2.3363115787506104
losses_test/representations:	1.6750597953796387
losses_test/total:	0.661090075969696
calibration_test/ece:	0.03201981633901596
calibration_test/brier:	0.09704791009426117
accuracy_test/task:	93.82064807837227
accuracy_test/concepts:	98.9039535522461
map_test/concepts:	0.965555539727211

Epoch 95
losses_train/task:	0.22092992067337036
losses_train/concepts:	1.9345371723175049
losses_train/representations:	1.5637805461883545
losses_train/total:	0.5707616806030273
losses_test/task:	0.2584526538848877
losses_test/concepts:	2.096501588821411
losses_test/representations:	1.674389362335205
losses_test/total:	0.6355417966842651
calibration_test/ece:	0.03113090805709362
calibration_test/brier:	0.09691576659679413
accuracy_test/task:	93.89600602863602
accuracy_test/concepts:	98.88763427734375
map_test/concepts:	0.9637820512056351

Epoch 96
losses_train/task:	0.22476889193058014
losses_train/concepts:	1.9301426410675049
losses_train/representations:	1.6060528755187988
losses_train/total:	0.5783884525299072
losses_test/task:	0.25899946689605713
losses_test/concepts:	2.0513296127319336
losses_test/representations:	1.6686681509017944
losses_test/total:	0.6309993267059326
calibration_test/ece:	0.03072432242333889
calibration_test/brier:	0.09678768366575241
accuracy_test/task:	93.89600602863602
accuracy_test/concepts:	98.90354919433594
map_test/concepts:	0.9646149039268493

Epoch 97
losses_train/task:	0.2309175580739975
losses_train/concepts:	2.016408681869507
losses_train/representations:	1.6356706619262695
losses_train/total:	0.5961256623268127
losses_test/task:	0.2601119577884674
losses_test/concepts:	2.0137696266174316
losses_test/representations:	1.7116727828979492
losses_test/total:	0.6326562166213989
calibration_test/ece:	0.032041557133197784
calibration_test/brier:	0.0974428653717041
accuracy_test/task:	93.82902118395712
accuracy_test/concepts:	98.87675476074219
map_test/concepts:	0.9652856230735779

Epoch 98
losses_train/task:	0.2165672481060028
losses_train/concepts:	1.8855202198028564
losses_train/representations:	1.578506350517273
losses_train/total:	0.5629699230194092
losses_test/task:	0.26445960998535156
losses_test/concepts:	2.5485284328460693
losses_test/representations:	1.6621493101119995
losses_test/total:	0.6855275630950928
calibration_test/ece:	0.03388390317559242
calibration_test/brier:	0.09901157766580582
accuracy_test/task:	93.65318596667504
accuracy_test/concepts:	98.88595581054688
map_test/concepts:	0.9639778047800064

Epoch 99
losses_train/task:	0.21857386827468872
losses_train/concepts:	1.9113086462020874
losses_train/representations:	1.5488988161087036
losses_train/total:	0.564594566822052
losses_test/task:	0.2605723738670349
losses_test/concepts:	2.2515852451324463
losses_test/representations:	1.7077409029006958
losses_test/total:	0.6565049886703491
calibration_test/ece:	0.03238198161125183
calibration_test/brier:	0.09765607863664627
accuracy_test/task:	93.96299087331491
accuracy_test/concepts:	98.88093566894531
map_test/concepts:	0.9644248068332673

Epoch 100
losses_train/task:	0.22535690665245056
losses_train/concepts:	1.9474338293075562
losses_train/representations:	1.6008926630020142
losses_train/total:	0.5801896452903748
losses_test/task:	0.26011162996292114
losses_test/concepts:	2.6323187351226807
losses_test/representations:	1.6515172719955444
losses_test/total:	0.6884950995445251
calibration_test/ece:	0.03233092278242111
calibration_test/brier:	0.09737753868103027
accuracy_test/task:	93.88763292305116
accuracy_test/concepts:	98.91233825683594
map_test/concepts:	0.9650596648454666

Epoch 101
losses_train/task:	0.21764010190963745
losses_train/concepts:	1.8854143619537354
losses_train/representations:	1.5605647563934326
losses_train/total:	0.5622380375862122
losses_test/task:	0.25429069995880127
losses_test/concepts:	2.414733409881592
losses_test/representations:	1.6160837411880493
losses_test/total:	0.6573725342750549
calibration_test/ece:	0.03201769292354584
calibration_test/brier:	0.09569983184337616
accuracy_test/task:	93.94624466214519
accuracy_test/concepts:	98.92363739013672
map_test/concepts:	0.9651291936635971

Epoch 102
losses_train/task:	0.20326858758926392
losses_train/concepts:	1.7752653360366821
losses_train/representations:	1.4981282949447632
losses_train/total:	0.5306079983711243
losses_test/task:	0.25386500358581543
losses_test/concepts:	2.353628158569336
losses_test/representations:	1.5995723009109497
losses_test/total:	0.6491849422454834
calibration_test/ece:	0.03161536902189255
calibration_test/brier:	0.09603418409824371
accuracy_test/task:	93.95461776773006
accuracy_test/concepts:	98.92028045654297
map_test/concepts:	0.965518394112587

Epoch 103
losses_train/task:	0.20834042131900787
losses_train/concepts:	1.8636904954910278
losses_train/representations:	1.5132050514221191
losses_train/total:	0.5460299253463745
losses_test/task:	0.253781795501709
losses_test/concepts:	2.3344063758850098
losses_test/representations:	1.6150145530700684
losses_test/total:	0.648723840713501
calibration_test/ece:	0.031050000339746475
calibration_test/brier:	0.09501916170120239
accuracy_test/task:	94.11370677384242
accuracy_test/concepts:	98.93577575683594
map_test/concepts:	0.9654324352741241

Epoch 104
losses_train/task:	0.21324580907821655
losses_train/concepts:	1.843423843383789
losses_train/representations:	1.5429315567016602
losses_train/total:	0.5518813133239746
losses_test/task:	0.25439390540122986
losses_test/concepts:	2.3272502422332764
losses_test/representations:	1.615114688873291
losses_test/total:	0.6486304402351379
calibration_test/ece:	0.03139839693903923
calibration_test/brier:	0.09494151175022125
accuracy_test/task:	94.06346814033326
accuracy_test/concepts:	98.93367767333984
map_test/concepts:	0.9655693829059601

Epoch 105
losses_train/task:	0.21673643589019775
losses_train/concepts:	1.8398265838623047
losses_train/representations:	1.539098858833313
losses_train/total:	0.5546290278434753
losses_test/task:	0.2538485825061798
losses_test/concepts:	2.4416871070861816
losses_test/representations:	1.6291595697402954
losses_test/total:	0.6609333753585815
calibration_test/ece:	0.03110983967781067
calibration_test/brier:	0.09452890604734421
accuracy_test/task:	94.13045298501214
accuracy_test/concepts:	98.94120788574219
map_test/concepts:	0.9651799112558365

Epoch 106
losses_train/task:	0.2180335819721222
losses_train/concepts:	1.9402588605880737
losses_train/representations:	1.543883204460144
losses_train/total:	0.566447913646698
losses_test/task:	0.25154876708984375
losses_test/concepts:	2.2757411003112793
losses_test/representations:	1.6084892749786377
losses_test/total:	0.6399717926979065
calibration_test/ece:	0.03133518248796463
calibration_test/brier:	0.09486457705497742
accuracy_test/task:	94.02160261240894
accuracy_test/concepts:	98.92741394042969
map_test/concepts:	0.9653981894254684

Epoch 107
losses_train/task:	0.21689164638519287
losses_train/concepts:	1.8773972988128662
losses_train/representations:	1.5391157865524292
losses_train/total:	0.5585426688194275
losses_test/task:	0.25515615940093994
losses_test/concepts:	2.320477247238159
losses_test/representations:	1.6254749298095703
losses_test/total:	0.6497514247894287
calibration_test/ece:	0.031316522508859634
calibration_test/brier:	0.09564600884914398
accuracy_test/task:	94.05509503474839
accuracy_test/concepts:	98.9303207397461
map_test/concepts:	0.9649003595113754

Epoch 108
losses_train/task:	0.20394521951675415
losses_train/concepts:	1.8000439405441284
losses_train/representations:	1.4978996515274048
losses_train/total:	0.5337396264076233
losses_test/task:	0.25188133120536804
losses_test/concepts:	2.360909938812256
losses_test/representations:	1.6014763116836548
losses_test/total:	0.6481198668479919
calibration_test/ece:	0.030558982864022255
calibration_test/brier:	0.09449227154254913
accuracy_test/task:	94.13045298501214
accuracy_test/concepts:	98.93536376953125
map_test/concepts:	0.9654092699289322

Epoch 109
losses_train/task:	0.20177625119686127
losses_train/concepts:	1.7295942306518555
losses_train/representations:	1.4658504724502563
losses_train/total:	0.5213207006454468
losses_test/task:	0.25172457098960876
losses_test/concepts:	2.486786365509033
losses_test/representations:	1.5934401750564575
losses_test/total:	0.6597471833229065
calibration_test/ece:	0.030863657593727112
calibration_test/brier:	0.09424982964992523
accuracy_test/task:	94.12207987942728
accuracy_test/concepts:	98.93787384033203
map_test/concepts:	0.9653760135173798

Epoch 110
losses_train/task:	0.20381295680999756
losses_train/concepts:	1.809883952140808
losses_train/representations:	1.4788364171981812
losses_train/total:	0.5326849818229675
losses_test/task:	0.2536678612232208
losses_test/concepts:	2.4018666744232178
losses_test/representations:	1.587306022644043
losses_test/total:	0.652584969997406
calibration_test/ece:	0.03168301656842232
calibration_test/brier:	0.09498196840286255
accuracy_test/task:	94.00485640123922
accuracy_test/concepts:	98.94121551513672
map_test/concepts:	0.9651876598596573

Epoch 111
losses_train/task:	0.21544283628463745
losses_train/concepts:	1.8590437173843384
losses_train/representations:	1.5113197565078735
losses_train/total:	0.5524795055389404
losses_test/task:	0.25492119789123535
losses_test/concepts:	2.5751495361328125
losses_test/representations:	1.6076549291610718
losses_test/total:	0.6732017397880554
calibration_test/ece:	0.03140624612569809
calibration_test/brier:	0.09488268196582794
accuracy_test/task:	94.13882609059701
accuracy_test/concepts:	98.9399642944336
map_test/concepts:	0.9643680423498153

Epoch 112
losses_train/task:	0.21739527583122253
losses_train/concepts:	1.8582075834274292
losses_train/representations:	1.521128535270691
losses_train/total:	0.5553289651870728
losses_test/task:	0.2542959451675415
losses_test/concepts:	2.5159480571746826
losses_test/representations:	1.623624563217163
losses_test/total:	0.6682531833648682
calibration_test/ece:	0.03183906525373459
calibration_test/brier:	0.09490031749010086
accuracy_test/task:	94.07184124591811
accuracy_test/concepts:	98.93746948242188
map_test/concepts:	0.9654613137245178

Epoch 113
losses_train/task:	0.19959068298339844
losses_train/concepts:	1.7524292469024658
losses_train/representations:	1.461470603942871
losses_train/total:	0.5209807753562927
losses_test/task:	0.25365516543388367
losses_test/concepts:	2.4766221046447754
losses_test/representations:	1.60343599319458
losses_test/total:	0.6616611480712891
calibration_test/ece:	0.030957821756601334
calibration_test/brier:	0.09450209885835648
accuracy_test/task:	94.08021435150297
accuracy_test/concepts:	98.94456481933594
map_test/concepts:	0.9656804352998734

Epoch 114
losses_train/task:	0.20499677956104279
losses_train/concepts:	1.7969470024108887
losses_train/representations:	1.4836832284927368
losses_train/total:	0.5330595374107361
losses_test/task:	0.2538067698478699
losses_test/concepts:	2.3467001914978027
losses_test/representations:	1.5999614000320435
losses_test/total:	0.6484730243682861
calibration_test/ece:	0.03169769421219826
calibration_test/brier:	0.09465441852807999
accuracy_test/task:	94.05509503474839
accuracy_test/concepts:	98.94416046142578
map_test/concepts:	0.9662966668605805

Epoch 115
losses_train/task:	0.21288959681987762
losses_train/concepts:	1.8280278444290161
losses_train/representations:	1.516099214553833
losses_train/total:	0.5473024249076843
losses_test/task:	0.25328758358955383
losses_test/concepts:	2.558401107788086
losses_test/representations:	1.6081249713897705
losses_test/total:	0.669940173625946
calibration_test/ece:	0.03152861446142197
calibration_test/brier:	0.09462710469961166
accuracy_test/task:	94.06346814033326
accuracy_test/concepts:	98.93913269042969
map_test/concepts:	0.9645871341228485

Epoch 116
losses_train/task:	0.2124473750591278
losses_train/concepts:	1.7743998765945435
losses_train/representations:	1.4971436262130737
losses_train/total:	0.5396015048027039
losses_test/task:	0.25490233302116394
losses_test/concepts:	2.621797561645508
losses_test/representations:	1.6241487264633179
losses_test/total:	0.6794971823692322
calibration_test/ece:	0.0311513040214777
calibration_test/brier:	0.09459756314754486
accuracy_test/task:	94.15557230176672
accuracy_test/concepts:	98.94624328613281
map_test/concepts:	0.9656949132680893

Epoch 117
losses_train/task:	0.203139528632164
losses_train/concepts:	1.8269050121307373
losses_train/representations:	1.4721733331680298
losses_train/total:	0.5330472588539124
losses_test/task:	0.25443530082702637
losses_test/concepts:	2.3973281383514404
losses_test/representations:	1.6119921207427979
losses_test/total:	0.6553674340248108
calibration_test/ece:	0.03198486566543579
calibration_test/brier:	0.09481062740087509
accuracy_test/task:	94.0299757179938
accuracy_test/concepts:	98.94834899902344
map_test/concepts:	0.9651855736970901

Epoch 118
losses_train/task:	0.21241351962089539
losses_train/concepts:	1.9112385511398315
losses_train/representations:	1.5011603832244873
losses_train/total:	0.5536536574363708
losses_test/task:	0.25367897748947144
losses_test/concepts:	2.486304759979248
losses_test/representations:	1.5956804752349854
losses_test/total:	0.6618775129318237
calibration_test/ece:	0.03174668177962303
calibration_test/brier:	0.09459619969129562
accuracy_test/task:	94.06346814033326
accuracy_test/concepts:	98.93201446533203
map_test/concepts:	0.9650950402021408

Epoch 119
losses_train/task:	0.2058478593826294
losses_train/concepts:	1.75933039188385
losses_train/representations:	1.4695565700531006
losses_train/total:	0.5287365913391113
losses_test/task:	0.2539325952529907
losses_test/concepts:	2.5092649459838867
losses_test/representations:	1.5949084758758545
losses_test/total:	0.6643500924110413
calibration_test/ece:	0.03149978816509247
calibration_test/brier:	0.09440037608146667
accuracy_test/task:	94.07184124591811
accuracy_test/concepts:	98.93954467773438
map_test/concepts:	0.9654925704002381

Epoch 120
losses_train/task:	0.20037192106246948
losses_train/concepts:	1.78742516040802
losses_train/representations:	1.4733614921569824
losses_train/total:	0.5264505743980408
losses_test/task:	0.2538522779941559
losses_test/concepts:	2.4693191051483154
losses_test/representations:	1.5996122360229492
losses_test/total:	0.6607454419136047
calibration_train/ece:	0.005117184482514858
calibration_train/brier:	0.05772988125681877
accuracy_train/task:	95.79387626262626
calibration_test/ece:	0.03174633905291557
calibration_test/brier:	0.09445987641811371
accuracy_test/task:	94.09696056267269
accuracy_train/concepts:	99.12049102783203
map_train/concepts:	0.9891879171133041
accuracy_test/concepts:	98.94414520263672
map_test/concepts:	0.9650302857160569
accuracy_test/nuisances_task:	1.4096454473642201
accuracy_test/nuisances_nontask:	0.0
mutual_inf_test/nuisances_task:	0.06437981270446914
mutual_inf_test/nuisances_nontask:	0.0

epoch_120.pt
groups=0 err_lowconf=5.903 err_random=5.903
groups=1 err_lowconf=5.736 err_random=5.736
groups=2 err_lowconf=5.099 err_random=5.099
groups=3 err_lowconf=4.488 err_random=4.488
groups=4 err_lowconf=3.651 err_random=3.651
groups=5 err_lowconf=3.073 err_random=3.073
groups=6 err_lowconf=2.939 err_random=2.939
groups=7 err_lowconf=2.311 err_random=2.311
groups=8 err_lowconf=3.014 err_random=3.014
groups=9 err_lowconf=3.115 err_random=3.115
groups=10 err_lowconf=4.270 err_random=4.270
groups=11 err_lowconf=3.885 err_random=3.885
groups=12 err_lowconf=4.128 err_random=4.128
groups=13 err_lowconf=5.082 err_random=5.082
groups=14 err_lowconf=5.468 err_random=5.468
groups=15 err_lowconf=6.347 err_random=6.347
groups=16 err_lowconf=6.673 err_random=6.673
groups=17 err_lowconf=6.765 err_random=6.765
groups=18 err_lowconf=8.591 err_random=8.591
groups=19 err_lowconf=8.767 err_random=8.767
groups=20 err_lowconf=8.725 err_random=8.725
[1;34mwandb[0m:
[1;34mwandb[0m: You can sync this run to the cloud by running:
[1;34mwandb[0m: [1mwandb sync /research/hal-afsharim/minimal_cbm/results/awa2-mcbm-01/44/wandb/offline-run-20260730_022201-prguylzd[0m
[1;34mwandb[0m: Find logs at: [1;35mresults/awa2-mcbm-01/44/wandb/offline-run-20260730_022201-prguylzd/logs[0m
