
===== launch 2026-07-26 01:36:27.131166 gpu5 =====
wandb: Using wandb-core as the SDK backend.  Please refer to https://wandb.me/wandb-core for more information.
wandb: Tracking run with wandb version 0.19.0
wandb: W&B syncing is set to `offline` in this directory.  
wandb: Run `wandb online` or set WANDB_MODE=online to enable cloud syncing.
/research/hal-afsharim/miniconda3/envs/mcbm/lib/python3.10/site-packages/torchvision/models/_utils.py:208: UserWarning: The parameter 'pretrained' is deprecated since 0.13 and will be removed in 0.15, please use 'weights' instead.
  warnings.warn(
/research/hal-afsharim/miniconda3/envs/mcbm/lib/python3.10/site-packages/torchvision/models/_utils.py:223: UserWarning: Arguments other than a weight enum or `None` for 'weights' are deprecated since 0.13 and will be removed in 0.15. The current behavior is equivalent to passing `weights=ResNet50_Weights.IMAGENET1K_V1`. You can also use `weights=ResNet50_Weights.DEFAULT` to get the most up-to-date weights.
  warnings.warn(msg)
Epoch 1
losses_train/task:	3.0268874168395996
losses_train/concepts:	12.181925773620605
losses_train/total:	4.24507999420166
losses_test/task:	2.0073494911193848
losses_test/concepts:	6.8490118980407715
losses_test/total:	2.6922502517700195
calibration_test/ece:	0.22671519219875336
calibration_test/brier:	0.7181292772293091
accuracy_test/task:	49.87021686343465
accuracy_test/concepts:	89.62153625488281
map_test/concepts:	0.8799219831824303

Epoch 2
losses_train/task:	1.6880613565444946
losses_train/concepts:	6.548418045043945
losses_train/total:	2.342902898788452
losses_test/task:	1.372126579284668
losses_test/concepts:	5.621903896331787
losses_test/total:	1.934316873550415
calibration_test/ece:	0.16466747224330902
calibration_test/brier:	0.5122544765472412
accuracy_test/task:	67.08532194590974
accuracy_test/concepts:	91.75835418701172
map_test/concepts:	0.9011269301176071

Epoch 3
losses_train/task:	1.3871718645095825
losses_train/concepts:	6.043583869934082
losses_train/total:	1.9915307760238647
losses_test/task:	1.8087326288223267
losses_test/concepts:	9.259547233581543
losses_test/total:	2.734687566757202
calibration_test/ece:	0.05461479723453522
calibration_test/brier:	0.5770907998085022
accuracy_test/task:	59.35694549108264
accuracy_test/concepts:	89.49720764160156
map_test/concepts:	0.8573548287153244

Epoch 4
losses_train/task:	1.2574355602264404
losses_train/concepts:	5.574926376342773
losses_train/total:	1.8149276971817017
losses_test/task:	1.2750771045684814
losses_test/concepts:	5.796450614929199
losses_test/total:	1.8547221422195435
calibration_test/ece:	0.04575485736131668
calibration_test/brier:	0.45622706413269043
accuracy_test/task:	68.16545256635686
accuracy_test/concepts:	92.168212890625
map_test/concepts:	0.8909059852361679

Epoch 5
losses_train/task:	1.1489818096160889
losses_train/concepts:	5.202375888824463
losses_train/total:	1.6692200899124146
losses_test/task:	1.0413907766342163
losses_test/concepts:	4.402450084686279
losses_test/total:	1.4816358089447021
calibration_test/ece:	0.05969921126961708
calibration_test/brier:	0.3779175877571106
accuracy_test/task:	73.88428368081722
accuracy_test/concepts:	94.09110260009766
map_test/concepts:	0.927038636803627

Epoch 6
losses_train/task:	1.0826022624969482
losses_train/concepts:	4.911989688873291
losses_train/total:	1.5738009214401245
losses_test/task:	0.7896832227706909
losses_test/concepts:	3.696929454803467
losses_test/total:	1.1593762636184692
calibration_test/ece:	0.06447301059961319
calibration_test/brier:	0.2929441034793854
accuracy_test/task:	79.78732311814451
accuracy_test/concepts:	95.06529998779297
map_test/concepts:	0.9383546426892281

Epoch 7
losses_train/task:	1.023555040359497
losses_train/concepts:	4.699141502380371
losses_train/total:	1.4934695959091187
losses_test/task:	0.7989069819450378
losses_test/concepts:	3.723870277404785
losses_test/total:	1.1712939739227295
calibration_test/ece:	0.08105366677045822
calibration_test/brier:	0.2898671329021454
accuracy_test/task:	81.8303608808507
accuracy_test/concepts:	95.365478515625
map_test/concepts:	0.9385823860764504

Epoch 8
losses_train/task:	0.9632763266563416
losses_train/concepts:	4.522402286529541
losses_train/total:	1.415516972541809
losses_test/task:	0.7767710089683533
losses_test/concepts:	3.7856199741363525
losses_test/total:	1.1553329229354858
calibration_test/ece:	0.046929750591516495
calibration_test/brier:	0.29279544949531555
accuracy_test/task:	80.64137988780038
accuracy_test/concepts:	94.52482604980469
map_test/concepts:	0.9241587802767753

Epoch 9
losses_train/task:	0.9413546919822693
losses_train/concepts:	4.3473801612854
losses_train/total:	1.3760921955108643
losses_test/task:	0.7587774395942688
losses_test/concepts:	3.5748555660247803
losses_test/total:	1.1162627935409546
calibration_test/ece:	0.05080628767609596
calibration_test/brier:	0.2774825394153595
accuracy_test/task:	81.99782299254794
accuracy_test/concepts:	95.03893280029297
map_test/concepts:	0.9402793020009994

Epoch 10
losses_train/task:	0.9027529358863831
losses_train/concepts:	4.1423563957214355
losses_train/total:	1.3169888257980347
losses_test/task:	0.8518652319908142
losses_test/concepts:	3.807340145111084
losses_test/total:	1.232599139213562
calibration_test/ece:	0.046660322695970535
calibration_test/brier:	0.3040623664855957
accuracy_test/task:	79.69521895671105
accuracy_test/concepts:	94.85262298583984
map_test/concepts:	0.9374552965164185

Epoch 11
losses_train/task:	0.893983006477356
losses_train/concepts:	4.130163192749023
losses_train/total:	1.3069990873336792
losses_test/task:	0.759273111820221
losses_test/concepts:	3.476947546005249
losses_test/total:	1.1069676876068115
calibration_test/ece:	0.044310398399829865
calibration_test/brier:	0.2841622233390808
accuracy_test/task:	81.56242150213514
accuracy_test/concepts:	95.36799621582031
map_test/concepts:	0.9407594665884972

Epoch 12
losses_train/task:	0.8621463775634766
losses_train/concepts:	4.049947261810303
losses_train/total:	1.2671408653259277
losses_test/task:	0.642772912979126
losses_test/concepts:	2.9891936779022217
losses_test/total:	0.941692054271698
calibration_test/ece:	0.0566990040242672
calibration_test/brier:	0.23563314974308014
accuracy_test/task:	84.37578497864858
accuracy_test/concepts:	95.79837799072266
map_test/concepts:	0.9456366077065468

Epoch 13
losses_train/task:	0.8535935282707214
losses_train/concepts:	3.945070743560791
losses_train/total:	1.2481006383895874
losses_test/task:	0.7616005539894104
losses_test/concepts:	3.66453218460083
losses_test/total:	1.128053903579712
calibration_test/ece:	0.03692356497049332
calibration_test/brier:	0.2660020887851715
accuracy_test/task:	82.14016578749057
accuracy_test/concepts:	95.15071868896484
map_test/concepts:	0.9424980476498603

Epoch 14
losses_train/task:	0.8149189949035645
losses_train/concepts:	3.822878122329712
losses_train/total:	1.1972066164016724
losses_test/task:	0.7895524501800537
losses_test/concepts:	3.7364566326141357
losses_test/total:	1.1631978750228882
calibration_test/ece:	0.040701139718294144
calibration_test/brier:	0.2814565896987915
accuracy_test/task:	80.3985598258394
accuracy_test/concepts:	94.5654296875
map_test/concepts:	0.9398048132658005

Epoch 15
losses_train/task:	0.7877203226089478
losses_train/concepts:	3.6565558910369873
losses_train/total:	1.1533763408660889
losses_test/task:	0.632142961025238
losses_test/concepts:	2.976914644241333
losses_test/total:	0.92983478307724
calibration_test/ece:	0.03703387826681137
calibration_test/brier:	0.22473137080669403
accuracy_test/task:	85.50615423260487
accuracy_test/concepts:	96.14503479003906
map_test/concepts:	0.9511815831065178

Epoch 16
losses_train/task:	0.7731769680976868
losses_train/concepts:	3.6262967586517334
losses_train/total:	1.1358067989349365
losses_test/task:	0.668255627155304
losses_test/concepts:	3.294210195541382
losses_test/total:	0.9976769089698792
calibration_test/ece:	0.040255799889564514
calibration_test/brier:	0.23419368267059326
accuracy_test/task:	84.14971112785732
accuracy_test/concepts:	95.5877914428711
map_test/concepts:	0.9416070789098739

Epoch 17
losses_train/task:	0.7565259337425232
losses_train/concepts:	3.5326731204986572
losses_train/total:	1.1097931861877441
losses_test/task:	0.6012918949127197
losses_test/concepts:	3.0256152153015137
losses_test/total:	0.9038532972335815
calibration_test/ece:	0.040837448090314865
calibration_test/brier:	0.21507030725479126
accuracy_test/task:	85.83270535041447
accuracy_test/concepts:	95.96040344238281
map_test/concepts:	0.9491311132907867

Epoch 18
losses_train/task:	0.7387195825576782
losses_train/concepts:	3.4692623615264893
losses_train/total:	1.085645318031311
losses_test/task:	0.6395715475082397
losses_test/concepts:	3.060678243637085
losses_test/total:	0.9456396698951721
calibration_test/ece:	0.022745704278349876
calibration_test/brier:	0.23673845827579498
accuracy_test/task:	84.34229255630913
accuracy_test/concepts:	95.87081146240234
map_test/concepts:	0.9481863453984261

Epoch 19
losses_train/task:	0.7153323292732239
losses_train/concepts:	3.358271837234497
losses_train/total:	1.051159381866455
losses_test/task:	0.6125189661979675
losses_test/concepts:	3.068887233734131
losses_test/total:	0.919407844543457
calibration_test/ece:	0.027947355061769485
calibration_test/brier:	0.21947017312049866
accuracy_test/task:	85.6736163443021
accuracy_test/concepts:	96.0093765258789
map_test/concepts:	0.9460938841104507

Epoch 20
losses_train/task:	0.7124629020690918
losses_train/concepts:	3.448589563369751
losses_train/total:	1.0573216676712036
losses_test/task:	0.6660232543945312
losses_test/concepts:	2.920955181121826
losses_test/total:	0.9581184983253479
calibration_test/ece:	0.028373494744300842
calibration_test/brier:	0.24292553961277008
accuracy_test/task:	83.68081721510508
accuracy_test/concepts:	95.65853881835938
map_test/concepts:	0.9446356743574142

Epoch 21
losses_train/task:	0.7005408406257629
losses_train/concepts:	3.2849130630493164
losses_train/total:	1.0290323495864868
losses_test/task:	0.5921519994735718
losses_test/concepts:	2.9217584133148193
losses_test/total:	0.8843281269073486
calibration_test/ece:	0.032328151166439056
calibration_test/brier:	0.20793487131595612
accuracy_test/task:	86.02528677886629
accuracy_test/concepts:	96.09226989746094
map_test/concepts:	0.9479896694421768

Epoch 22
losses_train/task:	0.691883385181427
losses_train/concepts:	3.2022738456726074
losses_train/total:	1.012110948562622
losses_test/task:	0.5171012282371521
losses_test/concepts:	2.481208324432373
losses_test/total:	0.7652221322059631
calibration_test/ece:	0.03881312161684036
calibration_test/brier:	0.18349668383598328
accuracy_test/task:	87.82550447961148
accuracy_test/concepts:	96.68760681152344
map_test/concepts:	0.9564664691686631

Epoch 23
losses_train/task:	0.6663566827774048
losses_train/concepts:	3.1544272899627686
losses_train/total:	0.9817996025085449
losses_test/task:	0.5064414143562317
losses_test/concepts:	2.4703123569488525
losses_test/total:	0.7534727454185486
calibration_test/ece:	0.031708743423223495
calibration_test/brier:	0.1812027096748352
accuracy_test/task:	88.02645901364816
accuracy_test/concepts:	96.43598937988281
map_test/concepts:	0.95563625395298

Epoch 24
losses_train/task:	0.6404187083244324
losses_train/concepts:	3.038691759109497
losses_train/total:	0.9442877769470215
losses_test/task:	0.5486795902252197
losses_test/concepts:	2.7690250873565674
losses_test/total:	0.8255820870399475
calibration_test/ece:	0.027458665892481804
calibration_test/brier:	0.19823262095451355
accuracy_test/task:	87.10541739931341
accuracy_test/concepts:	96.56034088134766
map_test/concepts:	0.9520553559064865

Epoch 25
losses_train/task:	0.6827662587165833
losses_train/concepts:	3.2748043537139893
losses_train/total:	1.0102466344833374
losses_test/task:	0.6198077201843262
losses_test/concepts:	2.7749648094177246
losses_test/total:	0.8973039984703064
calibration_test/ece:	0.04077473282814026
calibration_test/brier:	0.24062032997608185
accuracy_test/task:	83.70593653185966
accuracy_test/concepts:	96.35308837890625
map_test/concepts:	0.9533024564385414

Epoch 26
losses_train/task:	0.6330574750900269
losses_train/concepts:	3.0550527572631836
losses_train/total:	0.9385626316070557
losses_test/task:	0.568384051322937
losses_test/concepts:	2.701519012451172
losses_test/total:	0.8385358452796936
calibration_test/ece:	0.024154219776391983
calibration_test/brier:	0.205265074968338
accuracy_test/task:	86.52767311395797
accuracy_test/concepts:	96.3137435913086
map_test/concepts:	0.9554676815867424

Epoch 27
losses_train/task:	0.6258355975151062
losses_train/concepts:	3.016226291656494
losses_train/total:	0.9274584054946899
losses_test/task:	0.49329322576522827
losses_test/concepts:	2.414520502090454
losses_test/total:	0.7347452640533447
calibration_test/ece:	0.028411269187927246
calibration_test/brier:	0.1733984500169754
accuracy_test/task:	88.30277149794858
accuracy_test/concepts:	96.82952880859375
map_test/concepts:	0.9552645519375801

Epoch 28
losses_train/task:	0.6133210062980652
losses_train/concepts:	3.013144016265869
losses_train/total:	0.9146354794502258
losses_test/task:	0.5574048161506653
losses_test/concepts:	2.5492777824401855
losses_test/total:	0.8123326897621155
calibration_test/ece:	0.02786586433649063
calibration_test/brier:	0.20001983642578125
accuracy_test/task:	86.33509168550616
accuracy_test/concepts:	96.54273986816406
map_test/concepts:	0.9536561399698258

Epoch 29
losses_train/task:	0.6150493621826172
losses_train/concepts:	2.9815659523010254
losses_train/total:	0.9132058620452881
losses_test/task:	0.5589898824691772
losses_test/concepts:	2.8652801513671875
losses_test/total:	0.8455181121826172
calibration_test/ece:	0.02542797289788723
calibration_test/brier:	0.19995233416557312
accuracy_test/task:	86.42719584693963
accuracy_test/concepts:	96.15254974365234
map_test/concepts:	0.9510761648416519

Epoch 30
losses_train/task:	0.6036087274551392
losses_train/concepts:	2.9324779510498047
losses_train/total:	0.8968566656112671
losses_test/task:	0.5508134365081787
losses_test/concepts:	2.7995197772979736
losses_test/total:	0.8307655453681946
calibration_test/ece:	0.02283591777086258
calibration_test/brier:	0.19075869023799896
accuracy_test/task:	87.2812526165955
accuracy_test/concepts:	96.66206359863281
map_test/concepts:	0.954572069644928

Epoch 31
losses_train/task:	0.5855489373207092
losses_train/concepts:	2.7820286750793457
losses_train/total:	0.8637516498565674
losses_test/task:	0.49497485160827637
losses_test/concepts:	2.4277536869049072
losses_test/total:	0.7377501130104065
calibration_test/ece:	0.021475089713931084
calibration_test/brier:	0.17459307610988617
accuracy_test/task:	88.6460688269279
accuracy_test/concepts:	96.77594757080078
map_test/concepts:	0.9577378809452057

Epoch 32
losses_train/task:	0.5716310739517212
losses_train/concepts:	2.736725091934204
losses_train/total:	0.8453034162521362
losses_test/task:	0.4947512745857239
losses_test/concepts:	2.311032772064209
losses_test/total:	0.7258546352386475
calibration_test/ece:	0.0224590003490448
calibration_test/brier:	0.17782409489154816
accuracy_test/task:	88.277652181194
accuracy_test/concepts:	96.91911315917969
map_test/concepts:	0.9588832452893257

Epoch 33
losses_train/task:	0.5774518251419067
losses_train/concepts:	2.746005058288574
losses_train/total:	0.8520522713661194
losses_test/task:	0.5135414600372314
losses_test/concepts:	2.4377472400665283
losses_test/total:	0.7573163509368896
calibration_test/ece:	0.018656406551599503
calibration_test/brier:	0.1864134818315506
accuracy_test/task:	88.2357866532697
accuracy_test/concepts:	96.93293762207031
map_test/concepts:	0.9582042455673218

Epoch 34
losses_train/task:	0.5707107186317444
losses_train/concepts:	2.759188175201416
losses_train/total:	0.8466297388076782
losses_test/task:	0.4708734452724457
losses_test/concepts:	2.2864232063293457
losses_test/total:	0.6995158791542053
calibration_test/ece:	0.020700346678495407
calibration_test/brier:	0.1674553006887436
accuracy_test/task:	88.79678472745542
accuracy_test/concepts:	96.69513702392578
map_test/concepts:	0.9603674799203873

Epoch 35
losses_train/task:	0.5610141754150391
losses_train/concepts:	2.695734739303589
losses_train/total:	0.830588161945343
losses_test/task:	0.5756542086601257
losses_test/concepts:	3.187607765197754
losses_test/total:	0.894415020942688
calibration_test/ece:	0.029363542795181274
calibration_test/brier:	0.19979959726333618
accuracy_test/task:	86.71188143682492
accuracy_test/concepts:	96.09980773925781
map_test/concepts:	0.9581235259771347

Epoch 36
losses_train/task:	0.5734865069389343
losses_train/concepts:	2.814504384994507
losses_train/total:	0.8549364805221558
losses_test/task:	0.6378827691078186
losses_test/concepts:	3.295034408569336
losses_test/total:	0.96738600730896
calibration_test/ece:	0.028593869879841805
calibration_test/brier:	0.22143031656742096
accuracy_test/task:	85.96667503977226
accuracy_test/concepts:	96.54734802246094
map_test/concepts:	0.9543746978044509

Epoch 37
losses_train/task:	0.5578081607818604
losses_train/concepts:	2.673738956451416
losses_train/total:	0.8251821994781494
losses_test/task:	0.6645799279212952
losses_test/concepts:	3.062927484512329
losses_test/total:	0.9708731174468994
calibration_test/ece:	0.026882123202085495
calibration_test/brier:	0.2348736673593521
accuracy_test/task:	83.99899522732981
accuracy_test/concepts:	95.71297454833984
map_test/concepts:	0.956857544183731

Epoch 38
losses_train/task:	0.52886563539505
losses_train/concepts:	2.530583620071411
losses_train/total:	0.7819240093231201
losses_test/task:	0.4889763295650482
losses_test/concepts:	2.5164148807525635
losses_test/total:	0.7406177520751953
calibration_test/ece:	0.020154353231191635
calibration_test/brier:	0.16999728977680206
accuracy_test/task:	88.93912752239805
accuracy_test/concepts:	96.90153503417969
map_test/concepts:	0.9606572836637497

Epoch 39
losses_train/task:	0.5539516806602478
losses_train/concepts:	2.7498128414154053
losses_train/total:	0.8289326429367065
losses_test/task:	0.47518667578697205
losses_test/concepts:	2.461305856704712
losses_test/total:	0.7213171124458313
calibration_test/ece:	0.021750422194600105
calibration_test/brier:	0.17211732268333435
accuracy_test/task:	88.47860671523068
accuracy_test/concepts:	96.67672729492188
map_test/concepts:	0.9541810289025306

Epoch 40
losses_train/task:	0.532403826713562
losses_train/concepts:	2.6659841537475586
losses_train/total:	0.7990022897720337
losses_test/task:	0.5845361351966858
losses_test/concepts:	2.368891477584839
losses_test/total:	0.8214254975318909
calibration_test/ece:	0.04233217611908913
calibration_test/brier:	0.23103033006191254
accuracy_test/task:	85.02888721426777
accuracy_test/concepts:	96.97563171386719
map_test/concepts:	0.9580229938030242

Epoch 41
losses_train/task:	0.5436265468597412
losses_train/concepts:	2.660043478012085
losses_train/total:	0.8096311092376709
losses_test/task:	0.489457368850708
losses_test/concepts:	2.462587356567383
losses_test/total:	0.7357158660888672
calibration_test/ece:	0.024560555815696716
calibration_test/brier:	0.17113129794597626
accuracy_test/task:	88.99773926149209
accuracy_test/concepts:	97.0807113647461
map_test/concepts:	0.9576187878847122

Epoch 42
losses_train/task:	0.5301868915557861
losses_train/concepts:	2.5597989559173584
losses_train/total:	0.7861664891242981
losses_test/task:	0.5898482799530029
losses_test/concepts:	2.929309606552124
losses_test/total:	0.8827793002128601
calibration_test/ece:	0.01937803067266941
calibration_test/brier:	0.20189493894577026
accuracy_test/task:	86.56953864188227
accuracy_test/concepts:	96.37444305419922
map_test/concepts:	0.9530063584446907

Epoch 43
losses_train/task:	0.5212704539299011
losses_train/concepts:	2.5767784118652344
losses_train/total:	0.7789483666419983
losses_test/task:	0.501255452632904
losses_test/concepts:	2.4245336055755615
losses_test/total:	0.7437087297439575
calibration_test/ece:	0.017577750608325005
calibration_test/brier:	0.17437675595283508
accuracy_test/task:	88.67956124926735
accuracy_test/concepts:	96.87808990478516
map_test/concepts:	0.9598667442798614

Epoch 44
losses_train/task:	0.5147904753684998
losses_train/concepts:	2.5404982566833496
losses_train/total:	0.7688401937484741
losses_test/task:	0.4995811879634857
losses_test/concepts:	2.422834873199463
losses_test/total:	0.7418648600578308
calibration_test/ece:	0.017844855785369873
calibration_test/brier:	0.17599835991859436
accuracy_test/task:	88.6042032990036
accuracy_test/concepts:	96.92037200927734
map_test/concepts:	0.95988330245018

Epoch 45
losses_train/task:	0.5059671998023987
losses_train/concepts:	2.423147439956665
losses_train/total:	0.7482818961143494
losses_test/task:	0.4268448054790497
losses_test/concepts:	2.016555070877075
losses_test/total:	0.62850022315979
calibration_test/ece:	0.014634690247476101
calibration_test/brier:	0.15372708439826965
accuracy_test/task:	89.91878087582684
accuracy_test/concepts:	97.23729705810547
map_test/concepts:	0.9622299820184708

Epoch 46
losses_train/task:	0.4858573079109192
losses_train/concepts:	2.337697744369507
losses_train/total:	0.7196273803710938
losses_test/task:	0.4806966781616211
losses_test/concepts:	2.273421287536621
losses_test/total:	0.708038866519928
calibration_test/ece:	0.01426669955253601
calibration_test/brier:	0.17127174139022827
accuracy_test/task:	89.0814703173407
accuracy_test/concepts:	97.00032806396484
map_test/concepts:	0.96321741938591

Epoch 47
losses_train/task:	0.4886140525341034
losses_train/concepts:	2.372490406036377
losses_train/total:	0.7258632779121399
losses_test/task:	0.45359674096107483
losses_test/concepts:	2.0780446529388428
losses_test/total:	0.6614012122154236
calibration_test/ece:	0.02266041934490204
calibration_test/brier:	0.16117161512374878
accuracy_test/task:	89.44151385748974
accuracy_test/concepts:	97.26701354980469
map_test/concepts:	0.9633064329624176

Epoch 48
losses_train/task:	0.48914793133735657
losses_train/concepts:	2.380223274230957
losses_train/total:	0.7271700501441956
losses_test/task:	0.4594115614891052
losses_test/concepts:	2.3307039737701416
losses_test/total:	0.6924819946289062
calibration_test/ece:	0.014386527240276337
calibration_test/brier:	0.1609548181295395
accuracy_test/task:	89.59222975801725
accuracy_test/concepts:	96.93711853027344
map_test/concepts:	0.9612813904881478

Epoch 49
losses_train/task:	0.4951005280017853
losses_train/concepts:	2.3982369899749756
losses_train/total:	0.7349241375923157
losses_test/task:	0.4521259367465973
losses_test/concepts:	2.1781997680664062
losses_test/total:	0.6699457764625549
calibration_test/ece:	0.01259437296539545
calibration_test/brier:	0.15539005398750305
accuracy_test/task:	89.8852884534874
accuracy_test/concepts:	97.25907135009766
map_test/concepts:	0.9637736231088638

Epoch 50
losses_train/task:	0.47366151213645935
losses_train/concepts:	2.3439114093780518
losses_train/total:	0.7080528736114502
losses_test/task:	0.5048075318336487
losses_test/concepts:	2.588360071182251
losses_test/total:	0.7636434435844421
calibration_test/ece:	0.020233944058418274
calibration_test/brier:	0.17297586798667908
accuracy_test/task:	88.99773926149209
accuracy_test/concepts:	97.0685806274414
map_test/concepts:	0.9578238740563393

Epoch 51
losses_train/task:	0.3891947269439697
losses_train/concepts:	1.9750727415084839
losses_train/total:	0.5867019891738892
losses_test/task:	0.34656885266304016
losses_test/concepts:	1.6572283506393433
losses_test/total:	0.512291669845581
calibration_test/ece:	0.013418804854154587
calibration_test/brier:	0.12160839885473251
accuracy_test/task:	92.18789248932428
accuracy_test/concepts:	97.7568359375
map_test/concepts:	0.9708603680133819

Epoch 52
losses_train/task:	0.3433394432067871
losses_train/concepts:	1.7288274765014648
losses_train/total:	0.5162221193313599
losses_test/task:	0.3289641737937927
losses_test/concepts:	1.5644152164459229
losses_test/total:	0.4854057729244232
calibration_test/ece:	0.015372741967439651
calibration_test/brier:	0.11549706012010574
accuracy_test/task:	92.68190571883112
accuracy_test/concepts:	97.84266662597656
map_test/concepts:	0.9721434593200684

Epoch 53
losses_train/task:	0.32536789774894714
losses_train/concepts:	1.6346818208694458
losses_train/total:	0.4888361096382141
losses_test/task:	0.3156629502773285
losses_test/concepts:	1.552894115447998
losses_test/total:	0.47095227241516113
calibration_test/ece:	0.014574076049029827
calibration_test/brier:	0.11103692650794983
accuracy_test/task:	93.0084568366407
accuracy_test/concepts:	97.89250183105469
map_test/concepts:	0.9722727924585343

Epoch 54
losses_train/task:	0.32847344875335693
losses_train/concepts:	1.6242072582244873
losses_train/total:	0.4908941686153412
losses_test/task:	0.3156810700893402
losses_test/concepts:	1.5631593465805054
losses_test/total:	0.4719970226287842
calibration_test/ece:	0.013782957568764687
calibration_test/brier:	0.11257041245698929
accuracy_test/task:	93.00008373105585
accuracy_test/concepts:	97.95193481445312
map_test/concepts:	0.972628790140152

Epoch 55
losses_train/task:	0.3163219392299652
losses_train/concepts:	1.5530688762664795
losses_train/total:	0.47162893414497375
losses_test/task:	0.30781328678131104
losses_test/concepts:	1.5707111358642578
losses_test/total:	0.4648844301700592
calibration_test/ece:	0.011446919292211533
calibration_test/brier:	0.10701606422662735
accuracy_test/task:	93.36012727120489
accuracy_test/concepts:	97.92137145996094
map_test/concepts:	0.9722331136465072

Epoch 56
losses_train/task:	0.2983727753162384
losses_train/concepts:	1.5097168684005737
losses_train/total:	0.44934454560279846
losses_test/task:	0.3081620931625366
losses_test/concepts:	1.5579884052276611
losses_test/total:	0.4639609456062317
calibration_test/ece:	0.010332535952329636
calibration_test/brier:	0.10792730748653412
accuracy_test/task:	93.4019927991292
accuracy_test/concepts:	97.9544448852539
map_test/concepts:	0.9722482472658157

Epoch 57
losses_train/task:	0.30106115341186523
losses_train/concepts:	1.468132734298706
losses_train/total:	0.44787436723709106
losses_test/task:	0.3274337947368622
losses_test/concepts:	1.5228642225265503
losses_test/total:	0.47972020506858826
calibration_test/ece:	0.009343529120087624
calibration_test/brier:	0.11647684127092361
accuracy_test/task:	92.90797956962237
accuracy_test/concepts:	97.99296569824219
map_test/concepts:	0.9728287637233735

Epoch 58
losses_train/task:	0.3025418221950531
losses_train/concepts:	1.488203525543213
losses_train/total:	0.45136213302612305
losses_test/task:	0.30491459369659424
losses_test/concepts:	1.509045124053955
losses_test/total:	0.4558190107345581
calibration_test/ece:	0.011576647870242596
calibration_test/brier:	0.10529294610023499
accuracy_test/task:	93.36012727120489
accuracy_test/concepts:	97.9280776977539
map_test/concepts:	0.9726204723119736

Epoch 59
losses_train/task:	0.28829556703567505
losses_train/concepts:	1.4625980854034424
losses_train/total:	0.4345552325248718
losses_test/task:	0.3044229745864868
losses_test/concepts:	1.5568219423294067
losses_test/total:	0.4601050615310669
calibration_test/ece:	0.010083459317684174
calibration_test/brier:	0.10565970838069916
accuracy_test/task:	93.45223143263837
accuracy_test/concepts:	97.93436431884766
map_test/concepts:	0.9725362211465836

Epoch 60
losses_train/task:	0.2770913541316986
losses_train/concepts:	1.3939088582992554
losses_train/total:	0.41648218035697937
losses_test/task:	0.3109055757522583
losses_test/concepts:	1.5298068523406982
losses_test/total:	0.4638863205909729
calibration_train/ece:	0.0263202004134655
calibration_train/brier:	0.08982093632221222
accuracy_train/task:	93.73816287878788
calibration_test/ece:	0.009563827887177467
calibration_test/brier:	0.10898567736148834
accuracy_test/task:	93.20103826509252
accuracy_train/concepts:	97.58305358886719
map_train/concepts:	0.9859723925590516
accuracy_test/concepts:	97.95486450195312
map_test/concepts:	0.973046725988388
accuracy_test/nuisances_task:	1.4327023579524114
accuracy_test/nuisances_nontask:	0.0
mutual_inf_test/nuisances_task:	0.06519678493556429
mutual_inf_test/nuisances_nontask:	0.0

Epoch 61
losses_train/task:	0.2831599712371826
losses_train/concepts:	1.3982011079788208
losses_train/total:	0.4229799807071686
losses_test/task:	0.30947181582450867
losses_test/concepts:	1.53251314163208
losses_test/total:	0.4627230763435364
calibration_test/ece:	0.010442579165101051
calibration_test/brier:	0.1071757897734642
accuracy_test/task:	93.38524658795947
accuracy_test/concepts:	97.99464416503906
map_test/concepts:	0.9727556049823761

Epoch 62
losses_train/task:	0.29212525486946106
losses_train/concepts:	1.4297455549240112
losses_train/total:	0.4350998103618622
losses_test/task:	0.3122199475765228
losses_test/concepts:	1.539097785949707
losses_test/total:	0.4661296606063843
calibration_test/ece:	0.007548206951469183
calibration_test/brier:	0.1077437549829483
accuracy_test/task:	93.34338106003517
accuracy_test/concepts:	98.00929260253906
map_test/concepts:	0.9720376819372177

Epoch 63
losses_train/task:	0.2874203026294708
losses_train/concepts:	1.422993540763855
losses_train/total:	0.4297196865081787
losses_test/task:	0.30201733112335205
losses_test/concepts:	1.5353089570999146
losses_test/total:	0.4555482864379883
calibration_test/ece:	0.008235322311520576
calibration_test/brier:	0.1057484894990921
accuracy_test/task:	93.50247006614754
accuracy_test/concepts:	97.97747802734375
map_test/concepts:	0.9735220223665237

Epoch 64
losses_train/task:	0.2776515781879425
losses_train/concepts:	1.382344126701355
losses_train/total:	0.4158860445022583
losses_test/task:	0.3116113245487213
losses_test/concepts:	1.5310204029083252
losses_test/total:	0.46471351385116577
calibration_test/ece:	0.007371647283434868
calibration_test/brier:	0.11087917536497116
accuracy_test/task:	93.10893410365905
accuracy_test/concepts:	97.98125457763672
map_test/concepts:	0.9729816764593124

Epoch 65
losses_train/task:	0.2720642387866974
losses_train/concepts:	1.3189308643341064
losses_train/total:	0.4039572775363922
losses_test/task:	0.30743610858917236
losses_test/concepts:	1.5541353225708008
losses_test/total:	0.4628497362136841
calibration_test/ece:	0.0085401376709342
calibration_test/brier:	0.10717925429344177
accuracy_test/task:	93.42711211588379
accuracy_test/concepts:	97.99757385253906
map_test/concepts:	0.9730600267648697

Epoch 66
losses_train/task:	0.2780850827693939
losses_train/concepts:	1.3715393543243408
losses_train/total:	0.4152390956878662
losses_test/task:	0.31443965435028076
losses_test/concepts:	1.5872108936309814
losses_test/total:	0.4731605350971222
calibration_test/ece:	0.0082513727247715
calibration_test/brier:	0.10928992182016373
accuracy_test/task:	93.27639621535627
accuracy_test/concepts:	98.00594329833984
map_test/concepts:	0.9728639841079711

Epoch 67
losses_train/task:	0.2710554897785187
losses_train/concepts:	1.3676748275756836
losses_train/total:	0.4078230559825897
losses_test/task:	0.3042573034763336
losses_test/concepts:	1.5115159749984741
losses_test/total:	0.4554089605808258
calibration_test/ece:	0.008373839780688286
calibration_test/brier:	0.10436174273490906
accuracy_test/task:	93.54433559407184
accuracy_test/concepts:	98.03944396972656
map_test/concepts:	0.9741807609796524

Epoch 68
losses_train/task:	0.2791147828102112
losses_train/concepts:	1.3767805099487305
losses_train/total:	0.41679292917251587
losses_test/task:	0.3067755401134491
losses_test/concepts:	1.5706262588500977
losses_test/total:	0.4638383686542511
calibration_test/ece:	0.00913980882614851
calibration_test/brier:	0.10598572343587875
accuracy_test/task:	93.43548522146864
accuracy_test/concepts:	98.02310943603516
map_test/concepts:	0.9739559650421142

Epoch 69
losses_train/task:	0.2557845711708069
losses_train/concepts:	1.2815837860107422
losses_train/total:	0.3839428424835205
losses_test/task:	0.3072167634963989
losses_test/concepts:	1.5335901975631714
losses_test/total:	0.460575670003891
calibration_test/ece:	0.009936977177858353
calibration_test/brier:	0.10598853975534439
accuracy_test/task:	93.35175416562002
accuracy_test/concepts:	98.03105926513672
map_test/concepts:	0.9739744156599045

Epoch 70
losses_train/task:	0.27004265785217285
losses_train/concepts:	1.3572397232055664
losses_train/total:	0.40576672554016113
losses_test/task:	0.3184124529361725
losses_test/concepts:	1.5003901720046997
losses_test/total:	0.4684515595436096
calibration_test/ece:	0.010177604854106903
calibration_test/brier:	0.11098580062389374
accuracy_test/task:	93.24290379301684
accuracy_test/concepts:	98.0180892944336
map_test/concepts:	0.9744106978178024

Epoch 71
losses_train/task:	0.2676173448562622
losses_train/concepts:	1.3251641988754272
losses_train/total:	0.4001336097717285
losses_test/task:	0.30881908535957336
losses_test/concepts:	1.5641852617263794
losses_test/total:	0.4652376174926758
calibration_test/ece:	0.010733348317444324
calibration_test/brier:	0.10666795074939728
accuracy_test/task:	93.45223143263837
accuracy_test/concepts:	98.09134674072266
map_test/concepts:	0.974327740073204

Epoch 72
losses_train/task:	0.26360610127449036
losses_train/concepts:	1.3068735599517822
losses_train/total:	0.39429351687431335
losses_test/task:	0.3041593134403229
losses_test/concepts:	1.5487403869628906
losses_test/total:	0.4590333104133606
calibration_test/ece:	0.009402698837220669
calibration_test/brier:	0.10454972088336945
accuracy_test/task:	93.57782801641129
accuracy_test/concepts:	98.0352554321289
map_test/concepts:	0.9741743415594101

Epoch 73
losses_train/task:	0.2513201832771301
losses_train/concepts:	1.2755522727966309
losses_train/total:	0.37887537479400635
losses_test/task:	0.3132966458797455
losses_test/concepts:	1.5634211301803589
losses_test/total:	0.4696388244628906
calibration_test/ece:	0.012051618658006191
calibration_test/brier:	0.10986004769802094
accuracy_test/task:	93.24290379301684
accuracy_test/concepts:	98.08506774902344
map_test/concepts:	0.9748690634965896

Epoch 74
losses_train/task:	0.25243625044822693
losses_train/concepts:	1.2691209316253662
losses_train/total:	0.3793482780456543
losses_test/task:	0.30703145265579224
losses_test/concepts:	1.5720831155776978
losses_test/total:	0.4642396867275238
calibration_test/ece:	0.010468198917806149
calibration_test/brier:	0.10632151365280151
accuracy_test/task:	93.4857238549778
accuracy_test/concepts:	98.0716781616211
map_test/concepts:	0.9745604455471039

Epoch 75
losses_train/task:	0.26121199131011963
losses_train/concepts:	1.2653199434280396
losses_train/total:	0.3877439498901367
losses_test/task:	0.3002645671367645
losses_test/concepts:	1.5504156351089478
losses_test/total:	0.4553062617778778
calibration_test/ece:	0.011513526551425457
calibration_test/brier:	0.10435894876718521
accuracy_test/task:	93.42711211588379
accuracy_test/concepts:	98.05198669433594
map_test/concepts:	0.975270003080368

Epoch 76
losses_train/task:	0.24515441060066223
losses_train/concepts:	1.2459180355072021
losses_train/total:	0.36974620819091797
losses_test/task:	0.30764108896255493
losses_test/concepts:	1.5916742086410522
losses_test/total:	0.466808557510376
calibration_test/ece:	0.011359683237969875
calibration_test/brier:	0.10629628598690033
accuracy_test/task:	93.4857238549778
accuracy_test/concepts:	98.05952453613281
map_test/concepts:	0.9746483772993088

Epoch 77
losses_train/task:	0.2540832757949829
losses_train/concepts:	1.261870265007019
losses_train/total:	0.38027021288871765
losses_test/task:	0.30818113684654236
losses_test/concepts:	1.5380581617355347
losses_test/total:	0.46198704838752747
calibration_test/ece:	0.013118050992488861
calibration_test/brier:	0.10886175185441971
accuracy_test/task:	93.30988863769572
accuracy_test/concepts:	98.07377624511719
map_test/concepts:	0.9749052405357361

Epoch 78
losses_train/task:	0.2551891803741455
losses_train/concepts:	1.2790005207061768
losses_train/total:	0.3830893635749817
losses_test/task:	0.30686187744140625
losses_test/concepts:	1.5477396249771118
losses_test/total:	0.4616357386112213
calibration_test/ece:	0.012018227949738503
calibration_test/brier:	0.1058439314365387
accuracy_test/task:	93.54433559407184
accuracy_test/concepts:	98.09176635742188
map_test/concepts:	0.9745762884616852

Epoch 79
losses_train/task:	0.24726048111915588
losses_train/concepts:	1.2325785160064697
losses_train/total:	0.37051835656166077
losses_test/task:	0.31246277689933777
losses_test/concepts:	1.5653544664382935
losses_test/total:	0.4689981937408447
calibration_test/ece:	0.014392989687621593
calibration_test/brier:	0.1092771664261818
accuracy_test/task:	93.20103826509252
accuracy_test/concepts:	98.0951156616211
map_test/concepts:	0.9747619599103927

Epoch 80
losses_train/task:	0.2524338662624359
losses_train/concepts:	1.2467554807662964
losses_train/total:	0.3771096467971802
losses_test/task:	0.30852529406547546
losses_test/concepts:	1.565506100654602
losses_test/total:	0.46507593989372253
calibration_test/ece:	0.01339590921998024
calibration_test/brier:	0.10516908764839172
accuracy_test/task:	93.56108180524157
accuracy_test/concepts:	98.04781341552734
map_test/concepts:	0.9737387865781784

Epoch 81
losses_train/task:	0.25112301111221313
losses_train/concepts:	1.2257200479507446
losses_train/total:	0.37369486689567566
losses_test/task:	0.3142721951007843
losses_test/concepts:	1.6123661994934082
losses_test/total:	0.4755086600780487
calibration_test/ece:	0.01586242951452732
calibration_test/brier:	0.11014438420534134
accuracy_test/task:	93.21778447626225
accuracy_test/concepts:	98.05534362792969
map_test/concepts:	0.9740538835525513

Epoch 82
losses_train/task:	0.24625234305858612
losses_train/concepts:	1.2034738063812256
losses_train/total:	0.3665996789932251
losses_test/task:	0.31064802408218384
losses_test/concepts:	1.5343081951141357
losses_test/total:	0.46407872438430786
calibration_test/ece:	0.013814400881528854
calibration_test/brier:	0.10835512727499008
accuracy_test/task:	93.35175416562002
accuracy_test/concepts:	98.09846496582031
map_test/concepts:	0.9748243510723114

Epoch 83
losses_train/task:	0.2613142430782318
losses_train/concepts:	1.2552319765090942
losses_train/total:	0.3868374228477478
losses_test/task:	0.30460071563720703
losses_test/concepts:	1.5221089124679565
losses_test/total:	0.4568116366863251
calibration_test/ece:	0.014574629254639149
calibration_test/brier:	0.10642656683921814
accuracy_test/task:	93.36850037678975
accuracy_test/concepts:	98.04780578613281
map_test/concepts:	0.9747342109680176

Epoch 84
losses_train/task:	0.2415895313024521
losses_train/concepts:	1.2262508869171143
losses_train/total:	0.364214688539505
losses_test/task:	0.30700981616973877
losses_test/concepts:	1.612235426902771
losses_test/total:	0.46823346614837646
calibration_test/ece:	0.013981489464640617
calibration_test/brier:	0.10600575804710388
accuracy_test/task:	93.51921627731726
accuracy_test/concepts:	98.08213806152344
map_test/concepts:	0.9735682338476181

Epoch 85
losses_train/task:	0.2525843679904938
losses_train/concepts:	1.2323665618896484
losses_train/total:	0.37582096457481384
losses_test/task:	0.31078287959098816
losses_test/concepts:	1.5785856246948242
losses_test/total:	0.46864134073257446
calibration_test/ece:	0.015133803710341454
calibration_test/brier:	0.10829620808362961
accuracy_test/task:	93.3350079544503
accuracy_test/concepts:	98.09175872802734
map_test/concepts:	0.9744782209396362

Epoch 86
losses_train/task:	0.24646103382110596
losses_train/concepts:	1.229292631149292
losses_train/total:	0.36939024925231934
losses_test/task:	0.3059902787208557
losses_test/concepts:	1.6217234134674072
losses_test/total:	0.4681626558303833
calibration_test/ece:	0.012053478509187698
calibration_test/brier:	0.10495578497648239
accuracy_test/task:	93.71179770576907
accuracy_test/concepts:	98.1034927368164
map_test/concepts:	0.9755886852741241

Epoch 87
losses_train/task:	0.2519800662994385
losses_train/concepts:	1.2498515844345093
losses_train/total:	0.37696513533592224
losses_test/task:	0.30262598395347595
losses_test/concepts:	1.571343183517456
losses_test/total:	0.459760457277298
calibration_test/ece:	0.013583265244960785
calibration_test/brier:	0.10377347469329834
accuracy_test/task:	93.57782801641129
accuracy_test/concepts:	98.13697814941406
map_test/concepts:	0.9754159539937973

Epoch 88
losses_train/task:	0.24603217840194702
losses_train/concepts:	1.2502483129501343
losses_train/total:	0.37105703353881836
losses_test/task:	0.30945613980293274
losses_test/concepts:	1.5781044960021973
losses_test/total:	0.46726658940315247
calibration_test/ece:	0.014193510636687279
calibration_test/brier:	0.10554668307304382
accuracy_test/task:	93.5527086996567
accuracy_test/concepts:	98.12150573730469
map_test/concepts:	0.9752562940120697

Epoch 89
losses_train/task:	0.2405441403388977
losses_train/concepts:	1.2168532609939575
losses_train/total:	0.3622296154499054
losses_test/task:	0.3058105707168579
losses_test/concepts:	1.5692638158798218
losses_test/total:	0.4627370536327362
calibration_test/ece:	0.012920776382088661
calibration_test/brier:	0.10456782579421997
accuracy_test/task:	93.51921627731726
accuracy_test/concepts:	98.14409637451172
map_test/concepts:	0.9745662719011307

Epoch 90
losses_train/task:	0.24586264789104462
losses_train/concepts:	1.2026642560958862
losses_train/total:	0.36612895131111145
losses_test/task:	0.30665528774261475
losses_test/concepts:	1.592387318611145
losses_test/total:	0.4658939838409424
calibration_test/ece:	0.01282726600766182
calibration_test/brier:	0.10334344953298569
accuracy_test/task:	93.66993217784476
accuracy_test/concepts:	98.09553527832031
map_test/concepts:	0.9751038461923599

Epoch 91
losses_train/task:	0.24304133653640747
losses_train/concepts:	1.2242929935455322
losses_train/total:	0.3654705882072449
losses_test/task:	0.3190877139568329
losses_test/concepts:	1.606606125831604
losses_test/total:	0.47974833846092224
calibration_test/ece:	0.016920190304517746
calibration_test/brier:	0.10994754731655121
accuracy_test/task:	93.25965000418655
accuracy_test/concepts:	98.16210174560547
map_test/concepts:	0.9745879530906677

Epoch 92
losses_train/task:	0.24270612001419067
losses_train/concepts:	1.2143256664276123
losses_train/total:	0.364138662815094
losses_test/task:	0.30392518639564514
losses_test/concepts:	1.6029385328292847
losses_test/total:	0.46421894431114197
calibration_test/ece:	0.014111287891864777
calibration_test/brier:	0.10330498963594437
accuracy_test/task:	93.69505149459934
accuracy_test/concepts:	98.11647033691406
map_test/concepts:	0.9748879581689834

Epoch 93
losses_train/task:	0.2455238699913025
losses_train/concepts:	1.2171629667282104
losses_train/total:	0.36724016070365906
losses_test/task:	0.3056180775165558
losses_test/concepts:	1.5721267461776733
losses_test/total:	0.4628308415412903
calibration_test/ece:	0.015242932364344597
calibration_test/brier:	0.10478729009628296
accuracy_test/task:	93.64481286109017
accuracy_test/concepts:	98.14575958251953
map_test/concepts:	0.9757268846035003

Epoch 94
losses_train/task:	0.23952443897724152
losses_train/concepts:	1.1918315887451172
losses_train/total:	0.3587076663970947
losses_test/task:	0.31484025716781616
losses_test/concepts:	1.6959134340286255
losses_test/total:	0.48443159461021423
calibration_test/ece:	0.01660572737455368
calibration_test/brier:	0.10754810273647308
accuracy_test/task:	93.52758938290212
accuracy_test/concepts:	98.11019134521484
map_test/concepts:	0.9751335829496384

Epoch 95
losses_train/task:	0.23359233140945435
losses_train/concepts:	1.1582725048065186
losses_train/total:	0.34941965341567993
losses_test/task:	0.31625479459762573
losses_test/concepts:	1.6613075733184814
losses_test/total:	0.4823854863643646
calibration_test/ece:	0.01435784250497818
calibration_test/brier:	0.10676578432321548
accuracy_test/task:	93.52758938290212
accuracy_test/concepts:	98.13656616210938
map_test/concepts:	0.975159439444542

Epoch 96
losses_train/task:	0.23108547925949097
losses_train/concepts:	1.1588022708892822
losses_train/total:	0.34696581959724426
losses_test/task:	0.2999139726161957
losses_test/concepts:	1.6329500675201416
losses_test/total:	0.4632090926170349
calibration_test/ece:	0.01286050770431757
calibration_test/brier:	0.10192552953958511
accuracy_test/task:	93.82064807837227
accuracy_test/concepts:	98.1541519165039
map_test/concepts:	0.9759960770606995

Epoch 97
losses_train/task:	0.23494650423526764
losses_train/concepts:	1.1992628574371338
losses_train/total:	0.3548729121685028
losses_test/task:	0.30996018648147583
losses_test/concepts:	1.6201330423355103
losses_test/total:	0.4719734489917755
calibration_test/ece:	0.017145836725831032
calibration_test/brier:	0.106387197971344
accuracy_test/task:	93.45223143263837
accuracy_test/concepts:	98.11604309082031
map_test/concepts:	0.9756013691425324

Epoch 98
losses_train/task:	0.23987402021884918
losses_train/concepts:	1.199204921722412
losses_train/total:	0.3597944676876068
losses_test/task:	0.313864141702652
losses_test/concepts:	1.6581964492797852
losses_test/total:	0.47968384623527527
calibration_test/ece:	0.015243570320308208
calibration_test/brier:	0.10508771985769272
accuracy_test/task:	93.56108180524157
accuracy_test/concepts:	98.16294860839844
map_test/concepts:	0.975229287147522

Epoch 99
losses_train/task:	0.23138603568077087
losses_train/concepts:	1.1619337797164917
losses_train/total:	0.3475792706012726
losses_test/task:	0.31385019421577454
losses_test/concepts:	1.6460912227630615
losses_test/total:	0.4784592390060425
calibration_test/ece:	0.016527187079191208
calibration_test/brier:	0.10578124225139618
accuracy_test/task:	93.60294733316587
accuracy_test/concepts:	98.18721008300781
map_test/concepts:	0.974574401974678

Epoch 100
losses_train/task:	0.2305387407541275
losses_train/concepts:	1.154128074645996
losses_train/total:	0.34595146775245667
losses_test/task:	0.30393359065055847
losses_test/concepts:	1.6443387269973755
losses_test/total:	0.4683673083782196
calibration_test/ece:	0.016238875687122345
calibration_test/brier:	0.10303662717342377
accuracy_test/task:	93.58620112199615
accuracy_test/concepts:	98.11897277832031
map_test/concepts:	0.9754455804824829

Epoch 101
losses_train/task:	0.2207784205675125
losses_train/concepts:	1.1296333074569702
losses_train/total:	0.33374181389808655
losses_test/task:	0.3091316223144531
losses_test/concepts:	1.6658785343170166
losses_test/total:	0.4757196009159088
calibration_test/ece:	0.01582646369934082
calibration_test/brier:	0.10440465062856674
accuracy_test/task:	93.6615590722599
accuracy_test/concepts:	98.17759704589844
map_test/concepts:	0.9749722808599472

Epoch 102
losses_train/task:	0.22257494926452637
losses_train/concepts:	1.0981338024139404
losses_train/total:	0.33238837122917175
losses_test/task:	0.31085070967674255
losses_test/concepts:	1.6418606042861938
losses_test/total:	0.47503697872161865
calibration_test/ece:	0.016360539942979813
calibration_test/brier:	0.10602466762065887
accuracy_test/task:	93.56108180524157
accuracy_test/concepts:	98.17341613769531
map_test/concepts:	0.9750660598278046

Epoch 103
losses_train/task:	0.2396007925271988
losses_train/concepts:	1.164230227470398
losses_train/total:	0.35602375864982605
losses_test/task:	0.30797338485717773
losses_test/concepts:	1.6271988153457642
losses_test/total:	0.4706932008266449
calibration_test/ece:	0.016209514811635017
calibration_test/brier:	0.10477440059185028
accuracy_test/task:	93.61132043875074
accuracy_test/concepts:	98.16293334960938
map_test/concepts:	0.9752016335725784

Epoch 104
losses_train/task:	0.22621206939220428
losses_train/concepts:	1.1222230195999146
losses_train/total:	0.3384345471858978
losses_test/task:	0.30288586020469666
losses_test/concepts:	1.602379322052002
losses_test/total:	0.46312373876571655
calibration_test/ece:	0.016580266878008842
calibration_test/brier:	0.10421339422464371
accuracy_test/task:	93.61969354433559
accuracy_test/concepts:	98.17424011230469
map_test/concepts:	0.9753359287977219

Epoch 105
losses_train/task:	0.22470079362392426
losses_train/concepts:	1.1211533546447754
losses_train/total:	0.3368161618709564
losses_test/task:	0.30500471591949463
losses_test/concepts:	1.624512791633606
losses_test/total:	0.46745607256889343
calibration_test/ece:	0.01624259352684021
calibration_test/brier:	0.10424620658159256
accuracy_test/task:	93.62806664992046
accuracy_test/concepts:	98.17005920410156
map_test/concepts:	0.9750094294548035

Epoch 106
losses_train/task:	0.21585024893283844
losses_train/concepts:	1.1197264194488525
losses_train/total:	0.32782289385795593
losses_test/task:	0.3033652603626251
losses_test/concepts:	1.629663348197937
losses_test/total:	0.46633172035217285
calibration_test/ece:	0.015403075143694878
calibration_test/brier:	0.10260043293237686
accuracy_test/task:	93.74529012810852
accuracy_test/concepts:	98.17549896240234
map_test/concepts:	0.9753400474786759

Epoch 107
losses_train/task:	0.20960503816604614
losses_train/concepts:	1.0814933776855469
losses_train/total:	0.3177543878555298
losses_test/task:	0.30115166306495667
losses_test/concepts:	1.6010931730270386
losses_test/total:	0.4612608551979065
calibration_test/ece:	0.014629414305090904
calibration_test/brier:	0.10173948854207993
accuracy_test/task:	93.79552876161769
accuracy_test/concepts:	98.18721771240234
map_test/concepts:	0.975317370891571

Epoch 108
losses_train/task:	0.22452852129936218
losses_train/concepts:	1.1120353937149048
losses_train/total:	0.33573204278945923
losses_test/task:	0.307801753282547
losses_test/concepts:	1.6430926322937012
losses_test/total:	0.4721109867095947
calibration_test/ece:	0.015855422243475914
calibration_test/brier:	0.1039573922753334
accuracy_test/task:	93.7034246001842
accuracy_test/concepts:	98.18722534179688
map_test/concepts:	0.9752203822135925

Epoch 109
losses_train/task:	0.22237101197242737
losses_train/concepts:	1.130800724029541
losses_train/total:	0.33545103669166565
losses_test/task:	0.30469557642936707
losses_test/concepts:	1.606274127960205
losses_test/total:	0.4653230607509613
calibration_test/ece:	0.015605535358190536
calibration_test/brier:	0.10375311225652695
accuracy_test/task:	93.66993217784476
accuracy_test/concepts:	98.20020294189453
map_test/concepts:	0.975641131401062

Epoch 110
losses_train/task:	0.22565706074237823
losses_train/concepts:	1.1282402276992798
losses_train/total:	0.3384811282157898
losses_test/task:	0.3026263415813446
losses_test/concepts:	1.6219476461410522
losses_test/total:	0.4648209810256958
calibration_test/ece:	0.01636510342359543
calibration_test/brier:	0.10338495671749115
accuracy_test/task:	93.65318596667504
accuracy_test/concepts:	98.18722534179688
map_test/concepts:	0.9754148781299591

Epoch 111
losses_train/task:	0.226209819316864
losses_train/concepts:	1.115193247795105
losses_train/total:	0.33772918581962585
losses_test/task:	0.3025711476802826
losses_test/concepts:	1.6444941759109497
losses_test/total:	0.46702051162719727
calibration_test/ece:	0.0165400430560112
calibration_test/brier:	0.10350951552391052
accuracy_test/task:	93.67830528342962
accuracy_test/concepts:	98.18429565429688
map_test/concepts:	0.9753147423267364

Epoch 112
losses_train/task:	0.22344531118869781
losses_train/concepts:	1.1096208095550537
losses_train/total:	0.3344072997570038
losses_test/task:	0.29728344082832336
losses_test/concepts:	1.60872483253479
losses_test/total:	0.4581558406352997
calibration_test/ece:	0.014913617633283138
calibration_test/brier:	0.10088197886943817
accuracy_test/task:	93.82064807837227
accuracy_test/concepts:	98.18848419189453
map_test/concepts:	0.975469970703125

Epoch 113
losses_train/task:	0.21829091012477875
losses_train/concepts:	1.0967285633087158
losses_train/total:	0.32796385884284973
losses_test/task:	0.2981396019458771
losses_test/concepts:	1.6322507858276367
losses_test/total:	0.4613646864891052
calibration_test/ece:	0.01546458713710308
calibration_test/brier:	0.10116096585988998
accuracy_test/task:	93.79552876161769
accuracy_test/concepts:	98.19517517089844
map_test/concepts:	0.9753014594316483

Epoch 114
losses_train/task:	0.22205214202404022
losses_train/concepts:	1.1119023561477661
losses_train/total:	0.33324238657951355
losses_test/task:	0.30713626742362976
losses_test/concepts:	1.6406667232513428
losses_test/total:	0.4712030291557312
calibration_test/ece:	0.016463764011859894
calibration_test/brier:	0.10341938585042953
accuracy_test/task:	93.75366323369337
accuracy_test/concepts:	98.20355224609375
map_test/concepts:	0.9747711807489395

Epoch 115
losses_train/task:	0.22350086271762848
losses_train/concepts:	1.1024014949798584
losses_train/total:	0.33374106884002686
losses_test/task:	0.3030111491680145
losses_test/concepts:	1.621665596961975
losses_test/total:	0.4651776850223541
calibration_test/ece:	0.015539511106908321
calibration_test/brier:	0.10271380096673965
accuracy_test/task:	93.73691702252366
accuracy_test/concepts:	98.20564270019531
map_test/concepts:	0.9752926617860794

Epoch 116
losses_train/task:	0.22836770117282867
losses_train/concepts:	1.1199793815612793
losses_train/total:	0.3403656780719757
losses_test/task:	0.2983243465423584
losses_test/concepts:	1.6013572216033936
losses_test/total:	0.4584599733352661
calibration_test/ece:	0.014895135536789894
calibration_test/brier:	0.10076931118965149
accuracy_test/task:	93.86251360629657
accuracy_test/concepts:	98.19015502929688
map_test/concepts:	0.9753308922052384

Epoch 117
losses_train/task:	0.21952314674854279
losses_train/concepts:	1.1115626096725464
losses_train/total:	0.3306795358657837
losses_test/task:	0.30216801166534424
losses_test/concepts:	1.5926649570465088
losses_test/total:	0.4614344835281372
calibration_test/ece:	0.016677333042025566
calibration_test/brier:	0.10385950654745102
accuracy_test/task:	93.6615590722599
accuracy_test/concepts:	98.18846893310547
map_test/concepts:	0.9750412166118622

Epoch 118
losses_train/task:	0.21302440762519836
losses_train/concepts:	1.0583865642547607
losses_train/total:	0.3188631534576416
losses_test/task:	0.30319246649742126
losses_test/concepts:	1.6286132335662842
losses_test/total:	0.4660537540912628
calibration_test/ece:	0.016515785828232765
calibration_test/brier:	0.10294561833143234
accuracy_test/task:	93.73691702252366
accuracy_test/concepts:	98.20104217529297
map_test/concepts:	0.9751848697662353

Epoch 119
losses_train/task:	0.21373869478702545
losses_train/concepts:	1.0964816808700562
losses_train/total:	0.3233868479728699
losses_test/task:	0.30436065793037415
losses_test/concepts:	1.6340843439102173
losses_test/total:	0.46776899695396423
calibration_test/ece:	0.016558179631829262
calibration_test/brier:	0.10367151349782944
accuracy_test/task:	93.67830528342962
accuracy_test/concepts:	98.20564270019531
map_test/concepts:	0.9748538166284562

Epoch 120
losses_train/task:	0.21476700901985168
losses_train/concepts:	1.0676958560943604
losses_train/total:	0.321536660194397
losses_test/task:	0.3070448040962219
losses_test/concepts:	1.6612268686294556
losses_test/total:	0.4731673300266266
calibration_train/ece:	0.019915932789444923
calibration_train/brier:	0.06726200878620148
accuracy_train/task:	95.2572601010101
calibration_test/ece:	0.016851715743541718
calibration_test/brier:	0.10445144772529602
accuracy_test/task:	93.63643975550532
accuracy_train/concepts:	98.03365325927734
map_train/concepts:	0.9951508224010468
accuracy_test/concepts:	98.19435119628906
map_test/concepts:	0.9743069887161255
accuracy_test/nuisances_task:	1.4208513956803541
accuracy_test/nuisances_nontask:	0.0
mutual_inf_test/nuisances_task:	0.06550275993452775
mutual_inf_test/nuisances_nontask:	0.0

epoch_120.pt
groups=0 err_lowconf=6.364 err_random=6.364
groups=1 err_lowconf=6.004 err_random=6.004
groups=2 err_lowconf=7.921 err_random=7.921
groups=3 err_lowconf=9.076 err_random=9.076
groups=4 err_lowconf=11.195 err_random=11.195
groups=5 err_lowconf=13.665 err_random=13.665
groups=6 err_lowconf=13.598 err_random=13.598
groups=7 err_lowconf=13.263 err_random=13.263
groups=8 err_lowconf=12.426 err_random=12.426
groups=9 err_lowconf=12.066 err_random=12.066
groups=10 err_lowconf=11.396 err_random=11.396
groups=11 err_lowconf=11.329 err_random=11.329
groups=12 err_lowconf=11.086 err_random=11.086
groups=13 err_lowconf=10.709 err_random=10.709
groups=14 err_lowconf=10.374 err_random=10.374
groups=15 err_lowconf=10.374 err_random=10.374
groups=16 err_lowconf=10.349 err_random=10.349
groups=17 err_lowconf=10.349 err_random=10.349
groups=18 err_lowconf=10.341 err_random=10.341
groups=19 err_lowconf=10.609 err_random=10.609
groups=20 err_lowconf=10.609 err_random=10.609
[1;34mwandb[0m:
[1;34mwandb[0m: You can sync this run to the cloud by running:
[1;34mwandb[0m: [1mwandb sync /research/hal-afsharim/minimal_cbm/results/awa2-arhcbm/42/wandb/offline-run-20260726_013631-ytxmvwqs[0m
[1;34mwandb[0m: Find logs at: [1;35mresults/awa2-arhcbm/42/wandb/offline-run-20260726_013631-ytxmvwqs/logs[0m
