
===== launch 2026-07-27 06:43:52.957309 gpu3 =====
wandb: Using wandb-core as the SDK backend.  Please refer to https://wandb.me/wandb-core for more information.
wandb: Tracking run with wandb version 0.19.0
wandb: W&B syncing is set to `offline` in this directory.  
wandb: Run `wandb online` or set WANDB_MODE=online to enable cloud syncing.
/research/hal-afsharim/miniconda3/envs/mcbm/lib/python3.10/site-packages/torchvision/models/_utils.py:208: UserWarning: The parameter 'pretrained' is deprecated since 0.13 and will be removed in 0.15, please use 'weights' instead.
  warnings.warn(
/research/hal-afsharim/miniconda3/envs/mcbm/lib/python3.10/site-packages/torchvision/models/_utils.py:223: UserWarning: Arguments other than a weight enum or `None` for 'weights' are deprecated since 0.13 and will be removed in 0.15. The current behavior is equivalent to passing `weights=ResNet50_Weights.IMAGENET1K_V1`. You can also use `weights=ResNet50_Weights.DEFAULT` to get the most up-to-date weights.
  warnings.warn(msg)
Epoch 1
losses_train/task:	1.697919249534607
losses_train/concepts:	9.178680419921875
losses_train/total:	2.6157875061035156
losses_test/task:	1.6260831356048584
losses_test/concepts:	9.060402870178223
losses_test/total:	2.5321238040924072
calibration_test/ece:	0.12679380178451538
calibration_test/brier:	0.5778138041496277
accuracy_test/task:	58.28518797622038
accuracy_test/concepts:	90.5367202758789
map_test/concepts:	0.8394168578088284

Epoch 2
losses_train/task:	1.0386601686477661
losses_train/concepts:	6.198380470275879
losses_train/total:	1.6584988832473755
losses_test/task:	0.9245752692222595
losses_test/concepts:	5.22004508972168
losses_test/total:	1.4465802907943726
calibration_test/ece:	0.019155466929078102
calibration_test/brier:	0.3514941930770874
accuracy_test/task:	74.1689692707025
accuracy_test/concepts:	93.15455627441406
map_test/concepts:	0.9123932614922523

Epoch 3
losses_train/task:	0.9353521466255188
losses_train/concepts:	5.444582462310791
losses_train/total:	1.4798098802566528
losses_test/task:	1.09473717212677
losses_test/concepts:	7.269944667816162
losses_test/total:	1.8217318058013916
calibration_test/ece:	0.043964680284261703
calibration_test/brier:	0.4126061499118805
accuracy_test/task:	69.84007368332915
accuracy_test/concepts:	92.95109558105469
map_test/concepts:	0.8859620884060859

Epoch 4
losses_train/task:	0.8684701919555664
losses_train/concepts:	5.155195236206055
losses_train/total:	1.383989691734314
losses_test/task:	0.9559421539306641
losses_test/concepts:	5.4804816246032715
losses_test/total:	1.5039902925491333
calibration_test/ece:	0.04862403869628906
calibration_test/brier:	0.35907068848609924
accuracy_test/task:	74.1019844260236
accuracy_test/concepts:	93.8411636352539
map_test/concepts:	0.9080715015530586

Epoch 5
losses_train/task:	0.7902599573135376
losses_train/concepts:	4.734028339385986
losses_train/total:	1.263662338256836
losses_test/task:	0.6732363104820251
losses_test/concepts:	3.683007001876831
losses_test/total:	1.0415372848510742
calibration_test/ece:	0.041541360318660736
calibration_test/brier:	0.2782024145126343
accuracy_test/task:	80.55764883195177
accuracy_test/concepts:	95.59407043457031
map_test/concepts:	0.9289702385663986

Epoch 6
losses_train/task:	0.7452985048294067
losses_train/concepts:	4.493431091308594
losses_train/total:	1.1946415901184082
losses_test/task:	0.5861570239067078
losses_test/concepts:	3.757375717163086
losses_test/total:	0.961894690990448
calibration_test/ece:	0.021268466487526894
calibration_test/brier:	0.23892207443714142
accuracy_test/task:	83.08632671857993
accuracy_test/concepts:	94.91877746582031
map_test/concepts:	0.9305200755596161

Epoch 7
losses_train/task:	0.7183605432510376
losses_train/concepts:	4.33650541305542
losses_train/total:	1.1520107984542847
losses_test/task:	0.683220624923706
losses_test/concepts:	4.007430076599121
losses_test/total:	1.0839637517929077
calibration_test/ece:	0.03882289677858353
calibration_test/brier:	0.26308900117874146
accuracy_test/task:	81.45357112953194
accuracy_test/concepts:	94.93427276611328
map_test/concepts:	0.934643828868866

Epoch 8
losses_train/task:	0.6765605807304382
losses_train/concepts:	3.994899034500122
losses_train/total:	1.0760504007339478
losses_test/task:	0.6007093787193298
losses_test/concepts:	3.2980170249938965
losses_test/total:	0.930511474609375
calibration_test/ece:	0.04726637527346611
calibration_test/brier:	0.24122728407382965
accuracy_test/task:	83.27053504144688
accuracy_test/concepts:	95.74813842773438
map_test/concepts:	0.9403493300080299

Epoch 9
losses_train/task:	0.6460612416267395
losses_train/concepts:	3.907670497894287
losses_train/total:	1.0368282794952393
losses_test/task:	0.5073177218437195
losses_test/concepts:	3.052067518234253
losses_test/total:	0.8125245571136475
calibration_test/ece:	0.020856313407421112
calibration_test/brier:	0.2113613486289978
accuracy_test/task:	85.16285690362555
accuracy_test/concepts:	96.11698150634766
map_test/concepts:	0.9468507751822471

Epoch 10
losses_train/task:	0.6405006647109985
losses_train/concepts:	3.8807201385498047
losses_train/total:	1.028572678565979
losses_test/task:	0.644762396812439
losses_test/concepts:	3.601848840713501
losses_test/total:	1.0049474239349365
calibration_test/ece:	0.027587415650486946
calibration_test/brier:	0.25517067313194275
accuracy_test/task:	82.31600100477267
accuracy_test/concepts:	95.20597839355469
map_test/concepts:	0.930208121240139

Epoch 11
losses_train/task:	0.5936943292617798
losses_train/concepts:	3.6068334579467773
losses_train/total:	0.954378068447113
losses_test/task:	0.5888350009918213
losses_test/concepts:	3.416919469833374
losses_test/total:	0.930526852607727
calibration_test/ece:	0.034590836614370346
calibration_test/brier:	0.23449213802814484
accuracy_test/task:	83.504981997823
accuracy_test/concepts:	96.07051086425781
map_test/concepts:	0.9344532765448094

Epoch 12
losses_train/task:	0.5743975639343262
losses_train/concepts:	3.4363365173339844
losses_train/total:	0.9180318117141724
losses_test/task:	0.4099021553993225
losses_test/concepts:	2.2744929790496826
losses_test/total:	0.6373516917228699
calibration_test/ece:	0.025823887437582016
calibration_test/brier:	0.17128989100456238
accuracy_test/task:	88.04320522481788
accuracy_test/concepts:	97.15608215332031
map_test/concepts:	0.9547602787613869

Epoch 13
losses_train/task:	0.5688946843147278
losses_train/concepts:	3.3840627670288086
losses_train/total:	0.9073008298873901
losses_test/task:	0.4399762451648712
losses_test/concepts:	2.6871144771575928
losses_test/total:	0.7086875438690186
calibration_test/ece:	0.024027034640312195
calibration_test/brier:	0.18059523403644562
accuracy_test/task:	87.33149125010466
accuracy_test/concepts:	97.02754211425781
map_test/concepts:	0.9510726183652878

Epoch 14
losses_train/task:	0.5583927035331726
losses_train/concepts:	3.401017665863037
losses_train/total:	0.89849454164505
losses_test/task:	0.48306164145469666
losses_test/concepts:	2.7274632453918457
losses_test/total:	0.7558079957962036
calibration_test/ece:	0.04019513726234436
calibration_test/brier:	0.19774474203586578
accuracy_test/task:	86.29322615758184
accuracy_test/concepts:	96.97145080566406
map_test/concepts:	0.9507545188069344

Epoch 15
losses_train/task:	0.5217779278755188
losses_train/concepts:	3.106731653213501
losses_train/total:	0.8324512243270874
losses_test/task:	0.43127840757369995
losses_test/concepts:	2.442927122116089
losses_test/total:	0.6755712032318115
calibration_test/ece:	0.030015692114830017
calibration_test/brier:	0.17519652843475342
accuracy_test/task:	87.8003851628569
accuracy_test/concepts:	97.21845245361328
map_test/concepts:	0.9528098970651626

Epoch 16
losses_train/task:	0.5141646862030029
losses_train/concepts:	3.0824480056762695
losses_train/total:	0.8224096298217773
losses_test/task:	0.5241820812225342
losses_test/concepts:	2.7853612899780273
losses_test/total:	0.8027182221412659
calibration_test/ece:	0.04414987936615944
calibration_test/brier:	0.20224381983280182
accuracy_test/task:	85.95830193418739
accuracy_test/concepts:	96.9136734008789
map_test/concepts:	0.9529201433062553

Epoch 17
losses_train/task:	0.4888092875480652
losses_train/concepts:	2.975707769393921
losses_train/total:	0.7863797545433044
losses_test/task:	0.5145726203918457
losses_test/concepts:	2.8550949096679688
losses_test/total:	0.8000820279121399
calibration_test/ece:	0.03663921356201172
calibration_test/brier:	0.2042398601770401
accuracy_test/task:	86.10064472913004
accuracy_test/concepts:	96.75918579101562
map_test/concepts:	0.9517228990793228

Epoch 18
losses_train/task:	0.4859541654586792
losses_train/concepts:	2.883761405944824
losses_train/total:	0.7743301391601562
losses_test/task:	0.4795496463775635
losses_test/concepts:	2.839510202407837
losses_test/total:	0.7635009288787842
calibration_test/ece:	0.033852435648441315
calibration_test/brier:	0.19309477508068085
accuracy_test/task:	86.68676212007034
accuracy_test/concepts:	97.17952728271484
map_test/concepts:	0.9547151908278465

Epoch 19
losses_train/task:	0.4737125337123871
losses_train/concepts:	2.8876798152923584
losses_train/total:	0.7624803781509399
losses_test/task:	0.4657718539237976
losses_test/concepts:	2.2920236587524414
losses_test/total:	0.6949741244316101
calibration_test/ece:	0.04710602015256882
calibration_test/brier:	0.18113400042057037
accuracy_test/task:	87.76689274051746
accuracy_test/concepts:	97.4378433227539
map_test/concepts:	0.9568116515874863

Epoch 20
losses_train/task:	0.4623975157737732
losses_train/concepts:	2.7674405574798584
losses_train/total:	0.739141583442688
losses_test/task:	0.38187548518180847
losses_test/concepts:	2.3425819873809814
losses_test/total:	0.6161339282989502
calibration_test/ece:	0.02846602164208889
calibration_test/brier:	0.15586641430854797
accuracy_test/task:	89.26567864020765
accuracy_test/concepts:	97.56007385253906
map_test/concepts:	0.957839286327362

Epoch 21
losses_train/task:	0.4674569070339203
losses_train/concepts:	2.848336935043335
losses_train/total:	0.7522904276847839
losses_test/task:	0.4517654776573181
losses_test/concepts:	2.732210397720337
losses_test/total:	0.7249866127967834
calibration_test/ece:	0.03073202818632126
calibration_test/brier:	0.17455017566680908
accuracy_test/task:	87.95110106338441
accuracy_test/concepts:	96.72444915771484
map_test/concepts:	0.9561062410473824

Epoch 22
losses_train/task:	0.44476214051246643
losses_train/concepts:	2.6845126152038574
losses_train/total:	0.7132135033607483
losses_test/task:	0.49635472893714905
losses_test/concepts:	2.819915294647217
losses_test/total:	0.7783461213111877
calibration_test/ece:	0.044798433780670166
calibration_test/brier:	0.18918940424919128
accuracy_test/task:	86.96307460437076
accuracy_test/concepts:	97.22850036621094
map_test/concepts:	0.951302120089531

Epoch 23
losses_train/task:	0.42492133378982544
losses_train/concepts:	2.5726752281188965
losses_train/total:	0.682188868522644
losses_test/task:	0.3941279649734497
losses_test/concepts:	2.1757280826568604
losses_test/total:	0.6117009520530701
calibration_test/ece:	0.03858138620853424
calibration_test/brier:	0.156852126121521
accuracy_test/task:	89.52524491333835
accuracy_test/concepts:	97.70911407470703
map_test/concepts:	0.9630267232656479

Epoch 24
losses_train/task:	0.44259291887283325
losses_train/concepts:	2.7130744457244873
losses_train/total:	0.7139005064964294
losses_test/task:	0.3836478292942047
losses_test/concepts:	2.2611985206604004
losses_test/total:	0.6097676753997803
calibration_test/ece:	0.028298649936914444
calibration_test/brier:	0.15707167983055115
accuracy_test/task:	89.27405174579252
accuracy_test/concepts:	97.53663635253906
map_test/concepts:	0.9555910959839821

Epoch 25
losses_train/task:	0.4076177775859833
losses_train/concepts:	2.4934113025665283
losses_train/total:	0.6569589972496033
losses_test/task:	0.35672852396965027
losses_test/concepts:	2.0924527645111084
losses_test/total:	0.5659738779067993
calibration_test/ece:	0.03459375351667404
calibration_test/brier:	0.13926304876804352
accuracy_test/task:	90.54676379469146
accuracy_test/concepts:	98.00846099853516
map_test/concepts:	0.9639347955584526

Epoch 26
losses_train/task:	0.398942768573761
losses_train/concepts:	2.449444532394409
losses_train/total:	0.6438872218132019
losses_test/task:	0.4975182116031647
losses_test/concepts:	2.7410783767700195
losses_test/total:	0.7716262340545654
calibration_test/ece:	0.03848554939031601
calibration_test/brier:	0.19157281517982483
accuracy_test/task:	86.86259733735243
accuracy_test/concepts:	96.7591781616211
map_test/concepts:	0.9544303715229034

Epoch 27
losses_train/task:	0.40509968996047974
losses_train/concepts:	2.500133752822876
losses_train/total:	0.655113160610199
losses_test/task:	0.3861278295516968
losses_test/concepts:	2.2648544311523438
losses_test/total:	0.6126132011413574
calibration_test/ece:	0.0373956635594368
calibration_test/brier:	0.15419012308120728
accuracy_test/task:	89.50849870216864
accuracy_test/concepts:	97.59943389892578
map_test/concepts:	0.963593253493309

Epoch 28
losses_train/task:	0.4018595814704895
losses_train/concepts:	2.4797468185424805
losses_train/total:	0.6498340368270874
losses_test/task:	0.4536079466342926
losses_test/concepts:	2.5729284286499023
losses_test/total:	0.7109008431434631
calibration_test/ece:	0.03593412786722183
calibration_test/brier:	0.1822584718465805
accuracy_test/task:	87.41522230595328
accuracy_test/concepts:	97.30260467529297
map_test/concepts:	0.9594011396169663

Epoch 29
losses_train/task:	0.4076709449291229
losses_train/concepts:	2.4613125324249268
losses_train/total:	0.6538024544715881
losses_test/task:	0.35876208543777466
losses_test/concepts:	2.0174009799957275
losses_test/total:	0.5605021119117737
calibration_test/ece:	0.030545350164175034
calibration_test/brier:	0.14354848861694336
accuracy_test/task:	90.29557062714561
accuracy_test/concepts:	97.87825012207031
map_test/concepts:	0.9650751978158951

Epoch 30
losses_train/task:	0.38541504740715027
losses_train/concepts:	2.3676540851593018
losses_train/total:	0.6221803426742554
losses_test/task:	0.4268204867839813
losses_test/concepts:	2.6821186542510986
losses_test/total:	0.6950324773788452
calibration_test/ece:	0.03573444113135338
calibration_test/brier:	0.16321606934070587
accuracy_test/task:	89.0144854726618
accuracy_test/concepts:	97.52156066894531
map_test/concepts:	0.9661564588546753

Epoch 31
losses_train/task:	0.3810117840766907
losses_train/concepts:	2.336088180541992
losses_train/total:	0.6146206855773926
losses_test/task:	0.3870333731174469
losses_test/concepts:	2.116544246673584
losses_test/total:	0.5986877679824829
calibration_test/ece:	0.031071120873093605
calibration_test/brier:	0.1560291349887848
accuracy_test/task:	89.58385665243239
accuracy_test/concepts:	97.77568817138672
map_test/concepts:	0.9572168871760368

Epoch 32
losses_train/task:	0.3868503272533417
losses_train/concepts:	2.4580130577087402
losses_train/total:	0.6326518058776855
losses_test/task:	0.3781594932079315
losses_test/concepts:	2.229570150375366
losses_test/total:	0.6011166572570801
calibration_test/ece:	0.03125171735882759
calibration_test/brier:	0.14777551591396332
accuracy_test/task:	90.17834714895754
accuracy_test/concepts:	97.51360321044922
map_test/concepts:	0.9616677075624466

Epoch 33
losses_train/task:	0.362976998090744
losses_train/concepts:	2.23222279548645
losses_train/total:	0.5861993432044983
losses_test/task:	0.3538787364959717
losses_test/concepts:	2.0796027183532715
losses_test/total:	0.5618390440940857
calibration_test/ece:	0.03198908269405365
calibration_test/brier:	0.14338983595371246
accuracy_test/task:	90.28719752156074
accuracy_test/concepts:	97.92807006835938
map_test/concepts:	0.9678652673959732

Epoch 34
losses_train/task:	0.37441331148147583
losses_train/concepts:	2.318089246749878
losses_train/total:	0.6062222123146057
losses_test/task:	0.38308778405189514
losses_test/concepts:	2.319253444671631
losses_test/total:	0.6150131225585938
calibration_test/ece:	0.037625961005687714
calibration_test/brier:	0.15142600238323212
accuracy_test/task:	89.94390019258142
accuracy_test/concepts:	97.88745880126953
map_test/concepts:	0.9644765764474869

Epoch 35
losses_train/task:	0.3688213527202606
losses_train/concepts:	2.2586841583251953
losses_train/total:	0.5946897864341736
losses_test/task:	0.4160288870334625
losses_test/concepts:	2.4218480587005615
losses_test/total:	0.6582134366035461
calibration_test/ece:	0.04248952865600586
calibration_test/brier:	0.15595212578773499
accuracy_test/task:	89.56711044126267
accuracy_test/concepts:	97.54291534423828
map_test/concepts:	0.9602327346801758

Epoch 36
losses_train/task:	0.35097989439964294
losses_train/concepts:	2.1950061321258545
losses_train/total:	0.5704805254936218
losses_test/task:	0.4193604588508606
losses_test/concepts:	2.4257171154022217
losses_test/total:	0.6619319915771484
calibration_test/ece:	0.048021260648965836
calibration_test/brier:	0.16028155386447906
accuracy_test/task:	89.4080214351503
accuracy_test/concepts:	97.84559631347656
map_test/concepts:	0.9662548333406449

Epoch 37
losses_train/task:	0.36964085698127747
losses_train/concepts:	2.2895748615264893
losses_train/total:	0.598598301410675
losses_test/task:	0.3486323952674866
losses_test/concepts:	2.096423625946045
losses_test/total:	0.5582749247550964
calibration_test/ece:	0.027842432260513306
calibration_test/brier:	0.1399189978837967
accuracy_test/task:	90.42116721091853
accuracy_test/concepts:	97.97245788574219
map_test/concepts:	0.9613438159227371

Epoch 38
losses_train/task:	0.35862821340560913
losses_train/concepts:	2.1861066818237305
losses_train/total:	0.5772387385368347
losses_test/task:	0.423381507396698
losses_test/concepts:	2.6259679794311523
losses_test/total:	0.6859782338142395
calibration_test/ece:	0.028957165777683258
calibration_test/brier:	0.16689909994602203
accuracy_test/task:	88.63769572134305
accuracy_test/concepts:	97.29883575439453
map_test/concepts:	0.9601130217313767

Epoch 39
losses_train/task:	0.3623460829257965
losses_train/concepts:	2.2718851566314697
losses_train/total:	0.5895346999168396
losses_test/task:	0.3682324290275574
losses_test/concepts:	2.1580326557159424
losses_test/total:	0.5840357542037964
calibration_test/ece:	0.03523062914609909
calibration_test/brier:	0.14469049870967865
accuracy_test/task:	90.37092857740936
accuracy_test/concepts:	97.66014099121094
map_test/concepts:	0.9626108631491661

Epoch 40
losses_train/task:	0.34328386187553406
losses_train/concepts:	2.101663112640381
losses_train/total:	0.5534502863883972
losses_test/task:	0.3747655749320984
losses_test/concepts:	2.118098020553589
losses_test/total:	0.5865753293037415
calibration_test/ece:	0.03378671407699585
calibration_test/brier:	0.1424449235200882
accuracy_test/task:	90.36255547182449
accuracy_test/concepts:	97.94691467285156
map_test/concepts:	0.9627808421850205

Epoch 41
losses_train/task:	0.32974979281425476
losses_train/concepts:	2.004432201385498
losses_train/total:	0.5301929116249084
losses_test/task:	0.3631437420845032
losses_test/concepts:	2.0507497787475586
losses_test/total:	0.5682187676429749
calibration_test/ece:	0.034190818667411804
calibration_test/brier:	0.14397737383842468
accuracy_test/task:	90.12810851544837
accuracy_test/concepts:	97.78028106689453
map_test/concepts:	0.9676562547683716

Epoch 42
losses_train/task:	0.3227654993534088
losses_train/concepts:	1.9958847761154175
losses_train/total:	0.5223539471626282
losses_test/task:	0.35341233015060425
losses_test/concepts:	2.131256103515625
losses_test/total:	0.5665378570556641
calibration_test/ece:	0.0337071493268013
calibration_test/brier:	0.13939738273620605
accuracy_test/task:	90.55513690027631
accuracy_test/concepts:	97.9088134765625
map_test/concepts:	0.966797512769699

Epoch 43
losses_train/task:	0.32319316267967224
losses_train/concepts:	1.9979137182235718
losses_train/total:	0.522984504699707
losses_test/task:	0.3676661252975464
losses_test/concepts:	2.3162972927093506
losses_test/total:	0.5992957949638367
calibration_test/ece:	0.035129133611917496
calibration_test/brier:	0.14323008060455322
accuracy_test/task:	90.37092857740936
accuracy_test/concepts:	97.94397735595703
map_test/concepts:	0.9617293521761894

Epoch 44
losses_train/task:	0.33464521169662476
losses_train/concepts:	2.0628480911254883
losses_train/total:	0.5409300327301025
losses_test/task:	0.3616665303707123
losses_test/concepts:	2.041144371032715
losses_test/total:	0.5657810568809509
calibration_test/ece:	0.03414527699351311
calibration_test/brier:	0.13941094279289246
accuracy_test/task:	90.58862932261576
accuracy_test/concepts:	97.814208984375
map_test/concepts:	0.9671957939863205

Epoch 45
losses_train/task:	0.3262019753456116
losses_train/concepts:	2.0364465713500977
losses_train/total:	0.529846727848053
losses_test/task:	0.3783295154571533
losses_test/concepts:	2.2186689376831055
losses_test/total:	0.6001963019371033
calibration_test/ece:	0.037849053740501404
calibration_test/brier:	0.14399710297584534
accuracy_test/task:	90.39604789416394
accuracy_test/concepts:	97.89290618896484
map_test/concepts:	0.9660070687532425

Epoch 46
losses_train/task:	0.304462194442749
losses_train/concepts:	1.8815654516220093
losses_train/total:	0.4926186800003052
losses_test/task:	0.3655357360839844
losses_test/concepts:	2.3790810108184814
losses_test/total:	0.6034438014030457
calibration_test/ece:	0.04112905636429787
calibration_test/brier:	0.14272117614746094
accuracy_test/task:	90.56351000586118
accuracy_test/concepts:	98.01892852783203
map_test/concepts:	0.9667729049921036

Epoch 47
losses_train/task:	0.31706807017326355
losses_train/concepts:	1.9243336915969849
losses_train/total:	0.5095013976097107
losses_test/task:	0.39799460768699646
losses_test/concepts:	2.175673007965088
losses_test/total:	0.6155619025230408
calibration_test/ece:	0.04384801536798477
calibration_test/brier:	0.15706735849380493
accuracy_test/task:	89.54199112450809
accuracy_test/concepts:	97.8991928100586
map_test/concepts:	0.9673430979251861

Epoch 48
losses_train/task:	0.30459290742874146
losses_train/concepts:	1.9000232219696045
losses_train/total:	0.4945952296257019
losses_test/task:	0.3169822692871094
losses_test/concepts:	1.8283878564834595
losses_test/total:	0.49982112646102905
calibration_test/ece:	0.03117232769727707
calibration_test/brier:	0.12623298168182373
accuracy_test/task:	91.3840743531776
accuracy_test/concepts:	98.11688232421875
map_test/concepts:	0.9690060257911682

Epoch 49
losses_train/task:	0.302958607673645
losses_train/concepts:	1.8587571382522583
losses_train/total:	0.48883435130119324
losses_test/task:	0.3741662800312042
losses_test/concepts:	2.1473042964935303
losses_test/total:	0.5888968110084534
calibration_test/ece:	0.03733532130718231
calibration_test/brier:	0.14938411116600037
accuracy_test/task:	89.93552708699657
accuracy_test/concepts:	97.94355773925781
map_test/concepts:	0.9577781409025192

Epoch 50
losses_train/task:	0.29641908407211304
losses_train/concepts:	1.8355820178985596
losses_train/total:	0.47997739911079407
losses_test/task:	0.34922605752944946
losses_test/concepts:	2.062993049621582
losses_test/total:	0.5555253624916077
calibration_test/ece:	0.036990925669670105
calibration_test/brier:	0.13799895346164703
accuracy_test/task:	90.81470317340701
accuracy_test/concepts:	98.0800552368164
map_test/concepts:	0.9686629205942154

Epoch 51
losses_train/task:	0.22958622872829437
losses_train/concepts:	1.4936881065368652
losses_train/total:	0.37895503640174866
losses_test/task:	0.2462112456560135
losses_test/concepts:	1.5692315101623535
losses_test/total:	0.40313440561294556
calibration_test/ece:	0.027933277189731598
calibration_test/brier:	0.09858622401952744
accuracy_test/task:	93.36850037678975
accuracy_test/concepts:	98.5648422241211
map_test/concepts:	0.9731051743030548

Epoch 52
losses_train/task:	0.19375091791152954
losses_train/concepts:	1.2797942161560059
losses_train/total:	0.32173025608062744
losses_test/task:	0.24357691407203674
losses_test/concepts:	1.608655333518982
losses_test/total:	0.40444254875183105
calibration_test/ece:	0.02836431935429573
calibration_test/brier:	0.09499389678239822
accuracy_test/task:	93.6615590722599
accuracy_test/concepts:	98.65988159179688
map_test/concepts:	0.9735464066267013

Epoch 53
losses_train/task:	0.19466665387153625
losses_train/concepts:	1.2839370965957642
losses_train/total:	0.32306039333343506
losses_test/task:	0.23940648138523102
losses_test/concepts:	1.674529790878296
losses_test/total:	0.4068593978881836
calibration_test/ece:	0.027321569621562958
calibration_test/brier:	0.0930950939655304
accuracy_test/task:	93.99648329565436
accuracy_test/concepts:	98.7080307006836
map_test/concepts:	0.9744463801383972

Epoch 54
losses_train/task:	0.1872844249010086
losses_train/concepts:	1.2772629261016846
losses_train/total:	0.3150106966495514
losses_test/task:	0.23736511170864105
losses_test/concepts:	1.574949860572815
losses_test/total:	0.39486005902290344
calibration_test/ece:	0.027428969740867615
calibration_test/brier:	0.09243336319923401
accuracy_test/task:	93.87925981746629
accuracy_test/concepts:	98.72603607177734
map_test/concepts:	0.9736750841140747

Epoch 55
losses_train/task:	0.18603207170963287
losses_train/concepts:	1.2315561771392822
losses_train/total:	0.30918771028518677
losses_test/task:	0.2377013862133026
losses_test/concepts:	1.6972274780273438
losses_test/total:	0.40742406249046326
calibration_test/ece:	0.02920682542026043
calibration_test/brier:	0.09236409515142441
accuracy_test/task:	93.97136397889977
accuracy_test/concepts:	98.76329040527344
map_test/concepts:	0.973571440577507

Epoch 56
losses_train/task:	0.18380770087242126
losses_train/concepts:	1.1838366985321045
losses_train/total:	0.3021914064884186
losses_test/task:	0.243491992354393
losses_test/concepts:	1.705967903137207
losses_test/total:	0.41408878564834595
calibration_test/ece:	0.028863780200481415
calibration_test/brier:	0.09251183271408081
accuracy_test/task:	93.98811019006949
accuracy_test/concepts:	98.7645492553711
map_test/concepts:	0.9746763855218887

Epoch 57
losses_train/task:	0.16414688527584076
losses_train/concepts:	1.0933659076690674
losses_train/total:	0.2734834551811218
losses_test/task:	0.23523366451263428
losses_test/concepts:	1.6715364456176758
losses_test/total:	0.4023873209953308
calibration_test/ece:	0.028074651956558228
calibration_test/brier:	0.09084191918373108
accuracy_test/task:	94.10533366825756
accuracy_test/concepts:	98.8101806640625
map_test/concepts:	0.9749381512403488

Epoch 58
losses_train/task:	0.16744600236415863
losses_train/concepts:	1.1273808479309082
losses_train/total:	0.2801840603351593
losses_test/task:	0.24313223361968994
losses_test/concepts:	1.7888059616088867
losses_test/total:	0.42201289534568787
calibration_test/ece:	0.030587419867515564
calibration_test/brier:	0.09213108569383621
accuracy_test/task:	93.92949845097547
accuracy_test/concepts:	98.7846450805664
map_test/concepts:	0.9745447546243667

Epoch 59
losses_train/task:	0.16677141189575195
losses_train/concepts:	1.0980136394500732
losses_train/total:	0.27657270431518555
losses_test/task:	0.24070601165294647
losses_test/concepts:	1.7795201539993286
losses_test/total:	0.4186578691005707
calibration_test/ece:	0.02960744872689247
calibration_test/brier:	0.09044381976127625
accuracy_test/task:	94.13882609059701
accuracy_test/concepts:	98.81185150146484
map_test/concepts:	0.9741590023040771

Epoch 60
losses_train/task:	0.1606682687997818
losses_train/concepts:	1.0588443279266357
losses_train/total:	0.26655274629592896
losses_test/task:	0.2400529831647873
losses_test/concepts:	1.814881443977356
losses_test/total:	0.4215412437915802
calibration_train/ece:	0.001752879936248064
calibration_train/brier:	0.06111485883593559
accuracy_train/task:	95.52162247474747
calibration_test/ece:	0.02992437221109867
calibration_test/brier:	0.09190250933170319
accuracy_test/task:	94.00485640123922
accuracy_train/concepts:	98.68016052246094
map_train/concepts:	0.992197009921074
accuracy_test/concepts:	98.79176330566406
map_test/concepts:	0.9739890605211258
accuracy_test/nuisances_task:	1.432574253815871
accuracy_test/nuisances_nontask:	0.0
mutual_inf_test/nuisances_task:	0.06520595979554879
mutual_inf_test/nuisances_nontask:	0.0

Epoch 61
losses_train/task:	0.16667440533638
losses_train/concepts:	1.07374107837677
losses_train/total:	0.27404850721359253
losses_test/task:	0.235772043466568
losses_test/concepts:	1.5885021686553955
losses_test/total:	0.394622266292572
calibration_test/ece:	0.028866544365882874
calibration_test/brier:	0.0908077284693718
accuracy_test/task:	94.01322950682408
accuracy_test/concepts:	98.79092407226562
map_test/concepts:	0.974555817246437

Epoch 62
losses_train/task:	0.16753345727920532
losses_train/concepts:	1.0894957780838013
losses_train/total:	0.2764829695224762
losses_test/task:	0.23477740585803986
losses_test/concepts:	1.6510562896728516
losses_test/total:	0.3998829424381256
calibration_test/ece:	0.028195422142744064
calibration_test/brier:	0.0897161215543747
accuracy_test/task:	94.20581093527589
accuracy_test/concepts:	98.82064819335938
map_test/concepts:	0.9744430392980575

Epoch 63
losses_train/task:	0.16285546123981476
losses_train/concepts:	1.1021708250045776
losses_train/total:	0.27307257056236267
losses_test/task:	0.23277398943901062
losses_test/concepts:	1.6078094244003296
losses_test/total:	0.3935549259185791
calibration_test/ece:	0.02785342186689377
calibration_test/brier:	0.08957571536302567
accuracy_test/task:	94.11370677384242
accuracy_test/concepts:	98.8235855102539
map_test/concepts:	0.9748003780841827

Epoch 64
losses_train/task:	0.15599887073040009
losses_train/concepts:	1.0319463014602661
losses_train/total:	0.2591935098171234
losses_test/task:	0.2457823008298874
losses_test/concepts:	1.5860319137573242
losses_test/total:	0.40438541769981384
calibration_test/ece:	0.02985508367419243
calibration_test/brier:	0.09321606904268265
accuracy_test/task:	93.93787155656032
accuracy_test/concepts:	98.78923797607422
map_test/concepts:	0.9744351863861084

Epoch 65
losses_train/task:	0.16235968470573425
losses_train/concepts:	1.0935931205749512
losses_train/total:	0.2717190384864807
losses_test/task:	0.23959499597549438
losses_test/concepts:	1.542236328125
losses_test/total:	0.39381861686706543
calibration_test/ece:	0.029876332730054855
calibration_test/brier:	0.0910768136382103
accuracy_test/task:	94.06346814033326
accuracy_test/concepts:	98.80558013916016
map_test/concepts:	0.9751427412033081

Epoch 66
losses_train/task:	0.1578555852174759
losses_train/concepts:	1.0344613790512085
losses_train/total:	0.2613016664981842
losses_test/task:	0.24060307443141937
losses_test/concepts:	1.7425620555877686
losses_test/total:	0.41485923528671265
calibration_test/ece:	0.029222160577774048
calibration_test/brier:	0.09076222777366638
accuracy_test/task:	94.18069161852131
accuracy_test/concepts:	98.86082458496094
map_test/concepts:	0.97475166618824

Epoch 67
losses_train/task:	0.1572110801935196
losses_train/concepts:	1.0517252683639526
losses_train/total:	0.2623836100101471
losses_test/task:	0.23822805285453796
losses_test/concepts:	1.8012104034423828
losses_test/total:	0.41834911704063416
calibration_test/ece:	0.0292951837182045
calibration_test/brier:	0.09010091423988342
accuracy_test/task:	94.13045298501214
accuracy_test/concepts:	98.85078430175781
map_test/concepts:	0.9759000301361084

Epoch 68
losses_train/task:	0.15426647663116455
losses_train/concepts:	1.0297272205352783
losses_train/total:	0.25723913311958313
losses_test/task:	0.24402588605880737
losses_test/concepts:	1.7688021659851074
losses_test/total:	0.4209059178829193
calibration_test/ece:	0.02902730368077755
calibration_test/brier:	0.09045669436454773
accuracy_test/task:	94.28954199112451
accuracy_test/concepts:	98.84410095214844
map_test/concepts:	0.9746720492839813

Epoch 69
losses_train/task:	0.15315081179141998
losses_train/concepts:	1.0113747119903564
losses_train/total:	0.2542881965637207
losses_test/task:	0.24416691064834595
losses_test/concepts:	1.765499472618103
losses_test/total:	0.4207168519496918
calibration_test/ece:	0.030448386445641518
calibration_test/brier:	0.09222768247127533
accuracy_test/task:	94.07184124591811
accuracy_test/concepts:	98.84031677246094
map_test/concepts:	0.9743298202753067

Epoch 70
losses_train/task:	0.15595217049121857
losses_train/concepts:	1.0130937099456787
losses_train/total:	0.2572614848613739
losses_test/task:	0.24512805044651031
losses_test/concepts:	2.142155408859253
losses_test/total:	0.45934367179870605
calibration_test/ece:	0.03135140985250473
calibration_test/brier:	0.09155306220054626
accuracy_test/task:	94.11370677384242
accuracy_test/concepts:	98.85121154785156
map_test/concepts:	0.9741689115762711

Epoch 71
losses_train/task:	0.14568880200386047
losses_train/concepts:	0.961050808429718
losses_train/total:	0.24179384112358093
losses_test/task:	0.23960699141025543
losses_test/concepts:	1.9474201202392578
losses_test/total:	0.4343489110469818
calibration_test/ece:	0.03066825494170189
calibration_test/brier:	0.09162293374538422
accuracy_test/task:	94.02160261240894
accuracy_test/concepts:	98.8298568725586
map_test/concepts:	0.9743287563323975

Epoch 72
losses_train/task:	0.14755485951900482
losses_train/concepts:	1.0099948644638062
losses_train/total:	0.24855422973632812
losses_test/task:	0.24429728090763092
losses_test/concepts:	1.965325951576233
losses_test/total:	0.44082972407341003
calibration_test/ece:	0.030820805579423904
calibration_test/brier:	0.09113149344921112
accuracy_test/task:	94.06346814033326
accuracy_test/concepts:	98.85247039794922
map_test/concepts:	0.9748279511928558

Epoch 73
losses_train/task:	0.1505342572927475
losses_train/concepts:	1.007910966873169
losses_train/total:	0.251325398683548
losses_test/task:	0.2442793846130371
losses_test/concepts:	2.107503652572632
losses_test/total:	0.4550296664237976
calibration_test/ece:	0.031013380736112595
calibration_test/brier:	0.09134823828935623
accuracy_test/task:	94.15557230176672
accuracy_test/concepts:	98.85371398925781
map_test/concepts:	0.9742804884910583

Epoch 74
losses_train/task:	0.14744256436824799
losses_train/concepts:	0.994290828704834
losses_train/total:	0.2468717098236084
losses_test/task:	0.2390572726726532
losses_test/concepts:	1.6306548118591309
losses_test/total:	0.40212276577949524
calibration_test/ece:	0.0303556676954031
calibration_test/brier:	0.08948436379432678
accuracy_test/task:	94.18069161852131
accuracy_test/concepts:	98.85078430175781
map_test/concepts:	0.9755712598562241

Epoch 75
losses_train/task:	0.13717526197433472
losses_train/concepts:	0.947380542755127
losses_train/total:	0.23191320896148682
losses_test/task:	0.24278558790683746
losses_test/concepts:	1.8927761316299438
losses_test/total:	0.43206334114074707
calibration_test/ece:	0.029412956908345222
calibration_test/brier:	0.09027170389890671
accuracy_test/task:	94.32303441346396
accuracy_test/concepts:	98.85791015625
map_test/concepts:	0.9749111622571945

Epoch 76
losses_train/task:	0.14861352741718292
losses_train/concepts:	1.0150961875915527
losses_train/total:	0.25012320280075073
losses_test/task:	0.24167796969413757
losses_test/concepts:	1.8745133876800537
losses_test/total:	0.42912933230400085
calibration_test/ece:	0.029020272195339203
calibration_test/brier:	0.09036663174629211
accuracy_test/task:	94.33140751904881
accuracy_test/concepts:	98.84158325195312
map_test/concepts:	0.9758319735527039

Epoch 77
losses_train/task:	0.1521335393190384
losses_train/concepts:	1.0006375312805176
losses_train/total:	0.2521972954273224
losses_test/task:	0.24457469582557678
losses_test/concepts:	1.946858286857605
losses_test/total:	0.43926042318344116
calibration_test/ece:	0.030782992020249367
calibration_test/brier:	0.09144169092178345
accuracy_test/task:	94.11370677384242
accuracy_test/concepts:	98.82691955566406
map_test/concepts:	0.9745671182870865

Epoch 78
losses_train/task:	0.13891060650348663
losses_train/concepts:	0.9168294072151184
losses_train/total:	0.23059360682964325
losses_test/task:	0.24591559171676636
losses_test/concepts:	1.9613940715789795
losses_test/total:	0.4420548975467682
calibration_test/ece:	0.0307154580950737
calibration_test/brier:	0.09147969633340836
accuracy_test/task:	94.20581093527589
accuracy_test/concepts:	98.8474349975586
map_test/concepts:	0.9755239248275757

Epoch 79
losses_train/task:	0.14062343537807465
losses_train/concepts:	0.9475282430648804
losses_train/total:	0.2353762984275818
losses_test/task:	0.24439942836761475
losses_test/concepts:	2.022434949874878
losses_test/total:	0.4466429352760315
calibration_test/ece:	0.03065601736307144
calibration_test/brier:	0.09103553742170334
accuracy_test/task:	94.18069161852131
accuracy_test/concepts:	98.86125946044922
map_test/concepts:	0.9748414248228073

Epoch 80
losses_train/task:	0.14220547676086426
losses_train/concepts:	0.9725179076194763
losses_train/total:	0.23945720493793488
losses_test/task:	0.2525816261768341
losses_test/concepts:	1.868797779083252
losses_test/total:	0.439461350440979
calibration_test/ece:	0.03320976719260216
calibration_test/brier:	0.09354101121425629
accuracy_test/task:	94.13882609059701
accuracy_test/concepts:	98.85246276855469
map_test/concepts:	0.9746528923511505

Epoch 81
losses_train/task:	0.14180918037891388
losses_train/concepts:	0.9396412372589111
losses_train/total:	0.23577333986759186
losses_test/task:	0.2518203854560852
losses_test/concepts:	2.1365256309509277
losses_test/total:	0.46547290682792664
calibration_test/ece:	0.03291051834821701
calibration_test/brier:	0.09370817244052887
accuracy_test/task:	94.01322950682408
accuracy_test/concepts:	98.83779907226562
map_test/concepts:	0.9748805493116379

Epoch 82
losses_train/task:	0.1407395899295807
losses_train/concepts:	0.9109087586402893
losses_train/total:	0.23183052241802216
losses_test/task:	0.24475330114364624
losses_test/concepts:	1.9057605266571045
losses_test/total:	0.4353294372558594
calibration_test/ece:	0.0312882699072361
calibration_test/brier:	0.09120366722345352
accuracy_test/task:	94.19743782969103
accuracy_test/concepts:	98.87715911865234
map_test/concepts:	0.9761528670787811

Epoch 83
losses_train/task:	0.1421523541212082
losses_train/concepts:	0.9547114372253418
losses_train/total:	0.23762346804141998
losses_test/task:	0.24152079224586487
losses_test/concepts:	1.8344522714614868
losses_test/total:	0.42496609687805176
calibration_test/ece:	0.031053360551595688
calibration_test/brier:	0.09118407219648361
accuracy_test/task:	94.22255714644562
accuracy_test/concepts:	98.86461639404297
map_test/concepts:	0.9756596654653549

Epoch 84
losses_train/task:	0.14363108575344086
losses_train/concepts:	0.9507672786712646
losses_train/total:	0.2387077957391739
losses_test/task:	0.24655023217201233
losses_test/concepts:	2.183223009109497
losses_test/total:	0.4648723602294922
calibration_test/ece:	0.030499260872602463
calibration_test/brier:	0.09230734407901764
accuracy_test/task:	94.23093025203048
accuracy_test/concepts:	98.85957336425781
map_test/concepts:	0.9748948514461517

Epoch 85
losses_train/task:	0.13952575623989105
losses_train/concepts:	0.9303419589996338
losses_train/total:	0.2325599044561386
losses_test/task:	0.245552659034729
losses_test/concepts:	2.1353578567504883
losses_test/total:	0.4590885043144226
calibration_test/ece:	0.03089972771704197
calibration_test/brier:	0.09005215018987656
accuracy_test/task:	94.25604956878506
accuracy_test/concepts:	98.90563201904297
map_test/concepts:	0.9751863241195678

Epoch 86
losses_train/task:	0.1391047239303589
losses_train/concepts:	0.9043391942977905
losses_train/total:	0.2295386791229248
losses_test/task:	0.24437792599201202
losses_test/concepts:	1.9485467672348022
losses_test/total:	0.4392327070236206
calibration_test/ece:	0.030261000618338585
calibration_test/brier:	0.09054271876811981
accuracy_test/task:	94.28954199112451
accuracy_test/concepts:	98.89936065673828
map_test/concepts:	0.9757046401500702

Epoch 87
losses_train/task:	0.13129843771457672
losses_train/concepts:	0.9020595550537109
losses_train/total:	0.22150442004203796
losses_test/task:	0.2441134750843048
losses_test/concepts:	2.0979795455932617
losses_test/total:	0.45391151309013367
calibration_test/ece:	0.031430408358573914
calibration_test/brier:	0.09039968252182007
accuracy_test/task:	94.22255714644562
accuracy_test/concepts:	98.88343811035156
map_test/concepts:	0.9757400751113892

Epoch 88
losses_train/task:	0.14040294289588928
losses_train/concepts:	0.9153953194618225
losses_train/total:	0.23194238543510437
losses_test/task:	0.2558939754962921
losses_test/concepts:	2.1762475967407227
losses_test/total:	0.47351863980293274
calibration_test/ece:	0.03268076851963997
calibration_test/brier:	0.09391863644123077
accuracy_test/task:	94.05509503474839
accuracy_test/concepts:	98.8717269897461
map_test/concepts:	0.9754661947488785

Epoch 89
losses_train/task:	0.14064882695674896
losses_train/concepts:	0.928281843662262
losses_train/total:	0.233476921916008
losses_test/task:	0.24677704274654388
losses_test/concepts:	2.160923719406128
losses_test/total:	0.462869256734848
calibration_test/ece:	0.03125649690628052
calibration_test/brier:	0.0910201445221901
accuracy_test/task:	94.16394540735159
accuracy_test/concepts:	98.89097595214844
map_test/concepts:	0.9752524852752685

Epoch 90
losses_train/task:	0.14398297667503357
losses_train/concepts:	0.941228985786438
losses_train/total:	0.23810595273971558
losses_test/task:	0.24850472807884216
losses_test/concepts:	2.328268527984619
losses_test/total:	0.4813314974308014
calibration_test/ece:	0.030828095972537994
calibration_test/brier:	0.08998055756092072
accuracy_test/task:	94.30628820229423
accuracy_test/concepts:	98.89139556884766
map_test/concepts:	0.975035646557808

Epoch 91
losses_train/task:	0.13753004372119904
losses_train/concepts:	0.9214032292366028
losses_train/total:	0.22967036068439484
losses_test/task:	0.24001117050647736
losses_test/concepts:	1.9560413360595703
losses_test/total:	0.4356152415275574
calibration_test/ece:	0.029621046036481857
calibration_test/brier:	0.08901803195476532
accuracy_test/task:	94.24767646320021
accuracy_test/concepts:	98.88887786865234
map_test/concepts:	0.9746044188737869

Epoch 92
losses_train/task:	0.14105713367462158
losses_train/concepts:	0.9403500556945801
losses_train/total:	0.23509208858013153
losses_test/task:	0.24548396468162537
losses_test/concepts:	2.2471017837524414
losses_test/total:	0.4701942205429077
calibration_test/ece:	0.029958214610815048
calibration_test/brier:	0.08937714993953705
accuracy_test/task:	94.31466130787909
accuracy_test/concepts:	98.87925720214844
map_test/concepts:	0.9751957923173904

Epoch 93
losses_train/task:	0.13899365067481995
losses_train/concepts:	0.9034357666969299
losses_train/total:	0.2293371856212616
losses_test/task:	0.2473451793193817
losses_test/concepts:	2.267432689666748
losses_test/total:	0.4740884602069855
calibration_test/ece:	0.030748430639505386
calibration_test/brier:	0.08977921307086945
accuracy_test/task:	94.25604956878506
accuracy_test/concepts:	98.87926483154297
map_test/concepts:	0.9751129776239396

Epoch 94
losses_train/task:	0.1351478546857834
losses_train/concepts:	0.8798543214797974
losses_train/total:	0.22313320636749268
losses_test/task:	0.24545226991176605
losses_test/concepts:	1.9427275657653809
losses_test/total:	0.43972501158714294
calibration_test/ece:	0.02979157865047455
calibration_test/brier:	0.0892203226685524
accuracy_test/task:	94.34815373021854
accuracy_test/concepts:	98.89810943603516
map_test/concepts:	0.9763889014720917

Epoch 95
losses_train/task:	0.13834430277347565
losses_train/concepts:	0.9246520400047302
losses_train/total:	0.23080949485301971
losses_test/task:	0.24456796050071716
losses_test/concepts:	1.8868777751922607
losses_test/total:	0.43325576186180115
calibration_test/ece:	0.030343307182192802
calibration_test/brier:	0.09025111049413681
accuracy_test/task:	94.34815373021854
accuracy_test/concepts:	98.88343811035156
map_test/concepts:	0.9771253079175949

Epoch 96
losses_train/task:	0.134550079703331
losses_train/concepts:	0.8752186298370361
losses_train/total:	0.22207190096378326
losses_test/task:	0.246867373585701
losses_test/concepts:	2.2094290256500244
losses_test/total:	0.46781042218208313
calibration_test/ece:	0.030641034245491028
calibration_test/brier:	0.08962258696556091
accuracy_test/task:	94.39001925814284
accuracy_test/concepts:	98.90270233154297
map_test/concepts:	0.9756041646003724

Epoch 97
losses_train/task:	0.13307586312294006
losses_train/concepts:	0.890308678150177
losses_train/total:	0.2221066653728485
losses_test/task:	0.24579668045043945
losses_test/concepts:	1.9346706867218018
losses_test/total:	0.43926385045051575
calibration_test/ece:	0.030667375773191452
calibration_test/brier:	0.09066679328680038
accuracy_test/task:	94.25604956878506
accuracy_test/concepts:	98.88302612304688
map_test/concepts:	0.9754879027605057

Epoch 98
losses_train/task:	0.13565964996814728
losses_train/concepts:	0.8888714909553528
losses_train/total:	0.22454684972763062
losses_test/task:	0.2484300583600998
losses_test/concepts:	1.8153177499771118
losses_test/total:	0.4299619495868683
calibration_test/ece:	0.030897803604602814
calibration_test/brier:	0.09159524738788605
accuracy_test/task:	94.28954199112451
accuracy_test/concepts:	98.87550354003906
map_test/concepts:	0.9758151054382325

Epoch 99
losses_train/task:	0.13007056713104248
losses_train/concepts:	0.8656260371208191
losses_train/total:	0.2166331261396408
losses_test/task:	0.25264909863471985
losses_test/concepts:	1.8373929262161255
losses_test/total:	0.43638846278190613
calibration_test/ece:	0.032433733344078064
calibration_test/brier:	0.09257815033197403
accuracy_test/task:	94.13882609059701
accuracy_test/concepts:	98.86753845214844
map_test/concepts:	0.9769743323326111

Epoch 100
losses_train/task:	0.1355227679014206
losses_train/concepts:	0.8804445862770081
losses_train/total:	0.22356732189655304
losses_test/task:	0.24359168112277985
losses_test/concepts:	2.24082612991333
losses_test/total:	0.46767428517341614
calibration_test/ece:	0.032028794288635254
calibration_test/brier:	0.08926404267549515
accuracy_test/task:	94.40676546931257
accuracy_test/concepts:	98.91567993164062
map_test/concepts:	0.9767370909452439

Epoch 101
losses_train/task:	0.12553834915161133
losses_train/concepts:	0.8308753371238708
losses_train/total:	0.2086259126663208
losses_test/task:	0.24057361483573914
losses_test/concepts:	2.051722526550293
losses_test/total:	0.44574591517448425
calibration_test/ece:	0.03069809265434742
calibration_test/brier:	0.08906346559524536
accuracy_test/task:	94.38164615255798
accuracy_test/concepts:	98.92656707763672
map_test/concepts:	0.9768179178237915

Epoch 102
losses_train/task:	0.1345948427915573
losses_train/concepts:	0.899233341217041
losses_train/total:	0.22451819479465485
losses_test/task:	0.2399137318134308
losses_test/concepts:	2.018873453140259
losses_test/total:	0.4418010711669922
calibration_test/ece:	0.03041425161063671
calibration_test/brier:	0.08827671408653259
accuracy_test/task:	94.45700410282174
accuracy_test/concepts:	98.92992401123047
map_test/concepts:	0.9767988443374633

Epoch 103
losses_train/task:	0.12642835080623627
losses_train/concepts:	0.8678794503211975
losses_train/total:	0.21321633458137512
losses_test/task:	0.2408371865749359
losses_test/concepts:	2.1197328567504883
losses_test/total:	0.4528104364871979
calibration_test/ece:	0.030686914920806885
calibration_test/brier:	0.08874234557151794
accuracy_test/task:	94.45700410282174
accuracy_test/concepts:	98.9320068359375
map_test/concepts:	0.9769522547721863

Epoch 104
losses_train/task:	0.13213521242141724
losses_train/concepts:	0.8654340505599976
losses_train/total:	0.21867863833904266
losses_test/task:	0.24199427664279938
losses_test/concepts:	2.151496648788452
losses_test/total:	0.4571441411972046
calibration_test/ece:	0.030224934220314026
calibration_test/brier:	0.0888666883111
accuracy_test/task:	94.47375031399146
accuracy_test/concepts:	98.9290771484375
map_test/concepts:	0.9767297893762589

Epoch 105
losses_train/task:	0.12456246465444565
losses_train/concepts:	0.8198347091674805
losses_train/total:	0.20654597878456116
losses_test/task:	0.23982346057891846
losses_test/concepts:	2.0128097534179688
losses_test/total:	0.44110459089279175
calibration_test/ece:	0.031052544713020325
calibration_test/brier:	0.08868351578712463
accuracy_test/task:	94.40676546931257
accuracy_test/concepts:	98.91107177734375
map_test/concepts:	0.9768693566322326

Epoch 106
losses_train/task:	0.12819012999534607
losses_train/concepts:	0.8535234928131104
losses_train/total:	0.21354246139526367
losses_test/task:	0.2398647665977478
losses_test/concepts:	1.9503512382507324
losses_test/total:	0.4348999857902527
calibration_test/ece:	0.030484773218631744
calibration_test/brier:	0.08849397301673889
accuracy_test/task:	94.44863099723688
accuracy_test/concepts:	98.91400909423828
map_test/concepts:	0.976723924279213

Epoch 107
losses_train/task:	0.13216815888881683
losses_train/concepts:	0.8803327083587646
losses_train/total:	0.22020144760608673
losses_test/task:	0.2406853288412094
losses_test/concepts:	2.060297727584839
losses_test/total:	0.44671502709388733
calibration_test/ece:	0.03089251182973385
calibration_test/brier:	0.08864571899175644
accuracy_test/task:	94.44863099723688
accuracy_test/concepts:	98.92572784423828
map_test/concepts:	0.9765758663415909

Epoch 108
losses_train/task:	0.1278471201658249
losses_train/concepts:	0.829257607460022
losses_train/total:	0.21077287197113037
losses_test/task:	0.24048349261283875
losses_test/concepts:	1.8923718929290771
losses_test/total:	0.4297207295894623
calibration_test/ece:	0.030981125310063362
calibration_test/brier:	0.08884913474321365
accuracy_test/task:	94.43188478606716
accuracy_test/concepts:	98.91987609863281
map_test/concepts:	0.9769069612026214

Epoch 109
losses_train/task:	0.1269388645887375
losses_train/concepts:	0.8517137169837952
losses_train/total:	0.212110236287117
losses_test/task:	0.24319902062416077
losses_test/concepts:	1.98566734790802
losses_test/total:	0.44176584482192993
calibration_test/ece:	0.031346388161182404
calibration_test/brier:	0.08945423364639282
accuracy_test/task:	94.31466130787909
accuracy_test/concepts:	98.90898132324219
map_test/concepts:	0.9766776591539383

Epoch 110
losses_train/task:	0.12610772252082825
losses_train/concepts:	0.8479357361793518
losses_train/total:	0.21090127527713776
losses_test/task:	0.2389460802078247
losses_test/concepts:	1.9565082788467407
losses_test/total:	0.43459704518318176
calibration_test/ece:	0.030642550438642502
calibration_test/brier:	0.08859825134277344
accuracy_test/task:	94.40676546931257
accuracy_test/concepts:	98.92112731933594
map_test/concepts:	0.9768217980861664

Epoch 111
losses_train/task:	0.13241571187973022
losses_train/concepts:	0.8628756403923035
losses_train/total:	0.21870343387126923
losses_test/task:	0.24188324809074402
losses_test/concepts:	2.1272411346435547
losses_test/total:	0.45460736751556396
calibration_test/ece:	0.029906246811151505
calibration_test/brier:	0.08887176960706711
accuracy_test/task:	94.51561584191576
accuracy_test/concepts:	98.92616271972656
map_test/concepts:	0.9763113170862198

Epoch 112
losses_train/task:	0.12158223241567612
losses_train/concepts:	0.8052244186401367
losses_train/total:	0.20210471749305725
losses_test/task:	0.2422269582748413
losses_test/concepts:	1.9984461069107056
losses_test/total:	0.4420715868473053
calibration_test/ece:	0.030680986121296883
calibration_test/brier:	0.08909603953361511
accuracy_test/task:	94.39839236372771
accuracy_test/concepts:	98.91148376464844
map_test/concepts:	0.976746317744255

Epoch 113
losses_train/task:	0.12694285809993744
losses_train/concepts:	0.868809163570404
losses_train/total:	0.21382370591163635
losses_test/task:	0.24205440282821655
losses_test/concepts:	2.096262216567993
losses_test/total:	0.45168060064315796
calibration_test/ece:	0.03086042031645775
calibration_test/brier:	0.0886271670460701
accuracy_test/task:	94.40676546931257
accuracy_test/concepts:	98.93116760253906
map_test/concepts:	0.9766760915517807

Epoch 114
losses_train/task:	0.12174791097640991
losses_train/concepts:	0.8161870241165161
losses_train/total:	0.20336665213108063
losses_test/task:	0.24127301573753357
losses_test/concepts:	2.0517218112945557
losses_test/total:	0.44644513726234436
calibration_test/ece:	0.03108839876949787
calibration_test/brier:	0.08864936977624893
accuracy_test/task:	94.3565268358034
accuracy_test/concepts:	98.91275787353516
map_test/concepts:	0.97645004093647

Epoch 115
losses_train/task:	0.12320376187562943
losses_train/concepts:	0.8211159706115723
losses_train/total:	0.20531533658504486
losses_test/task:	0.2431001365184784
losses_test/concepts:	2.1612203121185303
losses_test/total:	0.45922204852104187
calibration_test/ece:	0.03115067631006241
calibration_test/brier:	0.08891693502664566
accuracy_test/task:	94.42351168048229
accuracy_test/concepts:	98.91736602783203
map_test/concepts:	0.9767935156822205

Epoch 116
losses_train/task:	0.1266157329082489
losses_train/concepts:	0.8519439101219177
losses_train/total:	0.21181021630764008
losses_test/task:	0.24384857714176178
losses_test/concepts:	2.3057587146759033
losses_test/total:	0.4744245409965515
calibration_test/ece:	0.03131667524576187
calibration_test/brier:	0.08899319171905518
accuracy_test/task:	94.43188478606716
accuracy_test/concepts:	98.92655944824219
map_test/concepts:	0.9763135343790055

Epoch 117
losses_train/task:	0.12875992059707642
losses_train/concepts:	0.8689374923706055
losses_train/total:	0.2156536728143692
losses_test/task:	0.245463564991951
losses_test/concepts:	2.2629008293151855
losses_test/total:	0.4717537760734558
calibration_test/ece:	0.030877552926540375
calibration_test/brier:	0.08870379626750946
accuracy_test/task:	94.50724273633091
accuracy_test/concepts:	98.92739868164062
map_test/concepts:	0.9764382272958756

Epoch 118
losses_train/task:	0.12686730921268463
losses_train/concepts:	0.873021125793457
losses_train/total:	0.2141694575548172
losses_test/task:	0.24433289468288422
losses_test/concepts:	1.9587515592575073
losses_test/total:	0.44020798802375793
calibration_test/ece:	0.03170504420995712
calibration_test/brier:	0.08946602046489716
accuracy_test/task:	94.39001925814284
accuracy_test/concepts:	98.90898132324219
map_test/concepts:	0.9768957167863845

Epoch 119
losses_train/task:	0.12176167964935303
losses_train/concepts:	0.7889952063560486
losses_train/total:	0.200661301612854
losses_test/task:	0.24105028808116913
losses_test/concepts:	1.969048261642456
losses_test/total:	0.43795520067214966
calibration_test/ece:	0.03051728382706642
calibration_test/brier:	0.08850903809070587
accuracy_test/task:	94.39839236372771
accuracy_test/concepts:	98.92781829833984
map_test/concepts:	0.9767765372991561

Epoch 120
losses_train/task:	0.11994487047195435
losses_train/concepts:	0.806278645992279
losses_train/total:	0.20057281851768494
losses_test/task:	0.24062113463878632
losses_test/concepts:	2.018322229385376
losses_test/total:	0.44245320558547974
calibration_train/ece:	0.0024231618735939264
calibration_train/brier:	0.04499503970146179
accuracy_train/task:	96.73690025252525
calibration_test/ece:	0.030319616198539734
calibration_test/brier:	0.08864632248878479
accuracy_test/task:	94.44025789165201
accuracy_train/concepts:	99.00350189208984
map_train/concepts:	0.9958563089370728
accuracy_test/concepts:	98.91694641113281
map_test/concepts:	0.9763536274433136
accuracy_test/nuisances_task:	1.4216249722700853
accuracy_test/nuisances_nontask:	0.0
mutual_inf_test/nuisances_task:	0.0656459754808985
mutual_inf_test/nuisances_nontask:	0.0

epoch_120.pt
groups=0 err_lowconf=5.560 err_random=5.560
groups=1 err_lowconf=4.739 err_random=4.739
groups=2 err_lowconf=3.935 err_random=3.935
groups=3 err_lowconf=3.517 err_random=3.517
groups=4 err_lowconf=2.981 err_random=2.981
groups=5 err_lowconf=3.090 err_random=3.090
groups=6 err_lowconf=2.964 err_random=2.964
groups=7 err_lowconf=2.947 err_random=2.947
groups=8 err_lowconf=3.140 err_random=3.140
groups=9 err_lowconf=2.822 err_random=2.822
groups=10 err_lowconf=2.696 err_random=2.696
groups=11 err_lowconf=2.738 err_random=2.738
groups=12 err_lowconf=2.571 err_random=2.571
groups=13 err_lowconf=2.880 err_random=2.880
groups=14 err_lowconf=5.057 err_random=5.057
groups=15 err_lowconf=5.669 err_random=5.669
groups=16 err_lowconf=5.953 err_random=5.953
groups=17 err_lowconf=7.377 err_random=7.377
groups=18 err_lowconf=7.427 err_random=7.427
groups=19 err_lowconf=12.635 err_random=12.635
groups=20 err_lowconf=11.195 err_random=11.195
[1;34mwandb[0m:
[1;34mwandb[0m: You can sync this run to the cloud by running:
[1;34mwandb[0m: [1mwandb sync /research/hal-afsharim/minimal_cbm/results/awa2-cbm/43/wandb/offline-run-20260727_064357-4xwn3b8s[0m
[1;34mwandb[0m: Find logs at: [1;35mresults/awa2-cbm/43/wandb/offline-run-20260727_064357-4xwn3b8s/logs[0m
