
===== launch 2026-07-27 14:17:08.400313 gpu5 =====
wandb: Using wandb-core as the SDK backend.  Please refer to https://wandb.me/wandb-core for more information.
wandb: Tracking run with wandb version 0.19.0
wandb: W&B syncing is set to `offline` in this directory.  
wandb: Run `wandb online` or set WANDB_MODE=online to enable cloud syncing.
/research/hal-afsharim/miniconda3/envs/mcbm/lib/python3.10/site-packages/torchvision/models/_utils.py:208: UserWarning: The parameter 'pretrained' is deprecated since 0.13 and will be removed in 0.15, please use 'weights' instead.
  warnings.warn(
/research/hal-afsharim/miniconda3/envs/mcbm/lib/python3.10/site-packages/torchvision/models/_utils.py:223: UserWarning: Arguments other than a weight enum or `None` for 'weights' are deprecated since 0.13 and will be removed in 0.15. The current behavior is equivalent to passing `weights=ResNet50_Weights.IMAGENET1K_V1`. You can also use `weights=ResNet50_Weights.DEFAULT` to get the most up-to-date weights.
  warnings.warn(msg)
Epoch 1
losses_train/task:	1.9095287322998047
losses_train/concepts:	10.69154167175293
losses_train/total:	2.978684186935425
losses_test/task:	1.0775235891342163
losses_test/concepts:	6.6327056884765625
losses_test/total:	1.7407947778701782
calibration_test/ece:	0.03500170260667801
calibration_test/brier:	0.4126667082309723
accuracy_test/task:	69.04462865276732
accuracy_test/concepts:	90.69831848144531
map_test/concepts:	0.8825415372848511

Epoch 2
losses_train/task:	1.1086506843566895
losses_train/concepts:	6.5663981437683105
losses_train/total:	1.765290379524231
losses_test/task:	1.2626638412475586
losses_test/concepts:	7.634612560272217
losses_test/total:	2.026125192642212
calibration_test/ece:	0.03609706461429596
calibration_test/brier:	0.4574168622493744
accuracy_test/task:	65.89634095285942
accuracy_test/concepts:	89.78189086914062
map_test/concepts:	0.8700187280774117

Epoch 3
losses_train/task:	0.9664257168769836
losses_train/concepts:	5.708597183227539
losses_train/total:	1.5372860431671143
losses_test/task:	0.9781572818756104
losses_test/concepts:	4.818078517913818
losses_test/total:	1.459965467453003
calibration_test/ece:	0.047392673790454865
calibration_test/brier:	0.3720873296260834
accuracy_test/task:	73.13907728376455
accuracy_test/concepts:	93.31867980957031
map_test/concepts:	0.9189083471894264

Epoch 4
losses_train/task:	0.870113730430603
losses_train/concepts:	5.18471622467041
losses_train/total:	1.3885856866836548
losses_test/task:	0.6507091522216797
losses_test/concepts:	3.6380720138549805
losses_test/total:	1.0145163536071777
calibration_test/ece:	0.03130009397864342
calibration_test/brier:	0.2623922824859619
accuracy_test/task:	81.52055597421084
accuracy_test/concepts:	95.57188415527344
map_test/concepts:	0.9340292915701867

Epoch 5
losses_train/task:	0.7824046611785889
losses_train/concepts:	4.568902969360352
losses_train/total:	1.2392945289611816
losses_test/task:	0.8184370398521423
losses_test/concepts:	4.4910125732421875
losses_test/total:	1.2675386667251587
calibration_test/ece:	0.04977521300315857
calibration_test/brier:	0.31482353806495667
accuracy_test/task:	77.65218119400485
accuracy_test/concepts:	94.1601791381836
map_test/concepts:	0.9244967013597488

Epoch 6
losses_train/task:	0.7429673075675964
losses_train/concepts:	4.384403228759766
losses_train/total:	1.1814080476760864
losses_test/task:	0.5457966923713684
losses_test/concepts:	3.4080796241760254
losses_test/total:	0.8866048455238342
calibration_test/ece:	0.0334143228828907
calibration_test/brier:	0.2231389433145523
accuracy_test/task:	84.350665661894
accuracy_test/concepts:	96.41001892089844
map_test/concepts:	0.9421967551112175

Epoch 7
losses_train/task:	0.7092402577400208
losses_train/concepts:	4.219995021820068
losses_train/total:	1.1312391757965088
losses_test/task:	0.5693740844726562
losses_test/concepts:	3.2676877975463867
losses_test/total:	0.8961429595947266
calibration_test/ece:	0.04434152692556381
calibration_test/brier:	0.23117680847644806
accuracy_test/task:	84.11621870551788
accuracy_test/concepts:	96.17893981933594
map_test/concepts:	0.9414221227169037

Epoch 8
losses_train/task:	0.6544318199157715
losses_train/concepts:	3.8880865573883057
losses_train/total:	1.0432409048080444
losses_test/task:	0.9844388365745544
losses_test/concepts:	5.2144622802734375
losses_test/total:	1.505885124206543
calibration_test/ece:	0.08594867587089539
calibration_test/brier:	0.3673078715801239
accuracy_test/task:	73.85079125847777
accuracy_test/concepts:	94.62446594238281
map_test/concepts:	0.920612096786499

Epoch 9
losses_train/task:	0.6468286514282227
losses_train/concepts:	3.8775417804718018
losses_train/total:	1.0345830917358398
losses_test/task:	0.4508974552154541
losses_test/concepts:	2.7773969173431396
losses_test/total:	0.7286369204521179
calibration_test/ece:	0.017466753721237183
calibration_test/brier:	0.19044259190559387
accuracy_test/task:	86.54441932512769
accuracy_test/concepts:	96.61518096923828
map_test/concepts:	0.942537958920002

Epoch 10
losses_train/task:	0.6203750967979431
losses_train/concepts:	3.7131316661834717
losses_train/total:	0.99168860912323
losses_test/task:	0.48845943808555603
losses_test/concepts:	2.963700532913208
losses_test/total:	0.7848296165466309
calibration_test/ece:	0.024078376591205597
calibration_test/brier:	0.19863386452198029
accuracy_test/task:	86.02528677886629
accuracy_test/concepts:	96.95219421386719
map_test/concepts:	0.9444403409957886

Epoch 11
losses_train/task:	0.5958995819091797
losses_train/concepts:	3.6319243907928467
losses_train/total:	0.9590919613838196
losses_test/task:	0.4740331470966339
losses_test/concepts:	2.8924193382263184
losses_test/total:	0.7632752656936646
calibration_test/ece:	0.01966366171836853
calibration_test/brier:	0.19879065454006195
accuracy_test/task:	85.92480951184794
accuracy_test/concepts:	96.42719268798828
map_test/concepts:	0.947482630610466

Epoch 12
losses_train/task:	0.5695318579673767
losses_train/concepts:	3.4169931411743164
losses_train/total:	0.911231279373169
losses_test/task:	0.4221820831298828
losses_test/concepts:	2.589078187942505
losses_test/total:	0.6810895800590515
calibration_test/ece:	0.03015764057636261
calibration_test/brier:	0.17861244082450867
accuracy_test/task:	87.57431131206565
accuracy_test/concepts:	96.96224212646484
map_test/concepts:	0.9532914206385612

Epoch 13
losses_train/task:	0.5432359576225281
losses_train/concepts:	3.321104049682617
losses_train/total:	0.8753461241722107
losses_test/task:	0.4106394052505493
losses_test/concepts:	2.5435917377471924
losses_test/total:	0.6649985313415527
calibration_test/ece:	0.02156829461455345
calibration_test/brier:	0.17152579128742218
accuracy_test/task:	87.96784727455413
accuracy_test/concepts:	96.9789810180664
map_test/concepts:	0.9452496610581875

Epoch 14
losses_train/task:	0.5277037024497986
losses_train/concepts:	3.1813712120056152
losses_train/total:	0.8458407521247864
losses_test/task:	0.5197219848632812
losses_test/concepts:	3.12359356880188
losses_test/total:	0.8320814371109009
calibration_test/ece:	0.026057064533233643
calibration_test/brier:	0.205349862575531
accuracy_test/task:	85.64012392196265
accuracy_test/concepts:	96.54441833496094
map_test/concepts:	0.9482862040400505

Epoch 15
losses_train/task:	0.5235660076141357
losses_train/concepts:	3.192876100540161
losses_train/total:	0.8428537249565125
losses_test/task:	0.6979939937591553
losses_test/concepts:	4.494417667388916
losses_test/total:	1.1474357843399048
calibration_test/ece:	0.04926439747214317
calibration_test/brier:	0.26631203293800354
accuracy_test/task:	81.18563175081638
accuracy_test/concepts:	95.37176513671875
map_test/concepts:	0.9294294908642768

Epoch 16
losses_train/task:	0.5239959955215454
losses_train/concepts:	3.1820180416107178
losses_train/total:	0.842197835445404
losses_test/task:	0.4778459966182709
losses_test/concepts:	2.8343093395233154
losses_test/total:	0.7612769603729248
calibration_test/ece:	0.03379400074481964
calibration_test/brier:	0.1942858099937439
accuracy_test/task:	86.26810684082726
accuracy_test/concepts:	96.29447937011719
map_test/concepts:	0.9436858028173447

Epoch 17
losses_train/task:	0.48331382870674133
losses_train/concepts:	2.9657058715820312
losses_train/total:	0.7798840999603271
losses_test/task:	0.3869968354701996
losses_test/concepts:	2.254237651824951
losses_test/total:	0.6124206185340881
calibration_test/ece:	0.0268312506377697
calibration_test/brier:	0.16065454483032227
accuracy_test/task:	88.74654609394625
accuracy_test/concepts:	97.28837585449219
map_test/concepts:	0.9569251760840416

Epoch 18
losses_train/task:	0.4850064218044281
losses_train/concepts:	2.9168059825897217
losses_train/total:	0.7766872644424438
losses_test/task:	0.38389867544174194
losses_test/concepts:	2.378188133239746
losses_test/total:	0.6217175126075745
calibration_test/ece:	0.0303418580442667
calibration_test/brier:	0.16067680716514587
accuracy_test/task:	88.82190404421
accuracy_test/concepts:	97.49351501464844
map_test/concepts:	0.9601565331220627

Epoch 19
losses_train/task:	0.47418224811553955
losses_train/concepts:	2.8927667140960693
losses_train/total:	0.7634590864181519
losses_test/task:	0.4684375524520874
losses_test/concepts:	2.909749746322632
losses_test/total:	0.7594125270843506
calibration_test/ece:	0.03285875543951988
calibration_test/brier:	0.19539682567119598
accuracy_test/task:	86.67838901448548
accuracy_test/concepts:	97.01749420166016
map_test/concepts:	0.9507300198078156

Epoch 20
losses_train/task:	0.44651493430137634
losses_train/concepts:	2.72373366355896
losses_train/total:	0.7188881635665894
losses_test/task:	0.3764565587043762
losses_test/concepts:	2.5320188999176025
losses_test/total:	0.6296585202217102
calibration_test/ece:	0.030782531946897507
calibration_test/brier:	0.1533275842666626
accuracy_test/task:	89.54199112450809
accuracy_test/concepts:	97.58394622802734
map_test/concepts:	0.953367106616497

Epoch 21
losses_train/task:	0.4581673741340637
losses_train/concepts:	2.8246984481811523
losses_train/total:	0.7406372427940369
losses_test/task:	0.3731320798397064
losses_test/concepts:	2.112616539001465
losses_test/total:	0.5843938589096069
calibration_test/ece:	0.02362091839313507
calibration_test/brier:	0.15703415870666504
accuracy_test/task:	89.24893242903794
accuracy_test/concepts:	97.44954681396484
map_test/concepts:	0.9579633504152298

Epoch 22
losses_train/task:	0.43596869707107544
losses_train/concepts:	2.6602323055267334
losses_train/total:	0.7019914388656616
losses_test/task:	0.3835252821445465
losses_test/concepts:	2.363283157348633
losses_test/total:	0.6198535561561584
calibration_test/ece:	0.02718231827020645
calibration_test/brier:	0.16196532547473907
accuracy_test/task:	88.69630746043708
accuracy_test/concepts:	97.50606536865234
map_test/concepts:	0.9570975139737129

Epoch 23
losses_train/task:	0.43246060609817505
losses_train/concepts:	2.60347843170166
losses_train/total:	0.6928086876869202
losses_test/task:	0.4255538880825043
losses_test/concepts:	2.4157392978668213
losses_test/total:	0.667127788066864
calibration_test/ece:	0.03396138548851013
calibration_test/brier:	0.17257246375083923
accuracy_test/task:	88.0180859080633
accuracy_test/concepts:	97.51066589355469
map_test/concepts:	0.9564092472195626

Epoch 24
losses_train/task:	0.42594462633132935
losses_train/concepts:	2.6089210510253906
losses_train/total:	0.6868367195129395
losses_test/task:	0.3692728579044342
losses_test/concepts:	2.307380437850952
losses_test/total:	0.600010871887207
calibration_test/ece:	0.02668866515159607
calibration_test/brier:	0.1492503434419632
accuracy_test/task:	89.89366155907226
accuracy_test/concepts:	97.7618637084961
map_test/concepts:	0.9585998594760895

Epoch 25
losses_train/task:	0.4061663746833801
losses_train/concepts:	2.4524004459381104
losses_train/total:	0.6514060497283936
losses_test/task:	0.38557615876197815
losses_test/concepts:	2.309738874435425
losses_test/total:	0.6165499687194824
calibration_test/ece:	0.034743934869766235
calibration_test/brier:	0.16131599247455597
accuracy_test/task:	88.77166541070083
accuracy_test/concepts:	97.82341003417969
map_test/concepts:	0.9658631831407547

Epoch 26
losses_train/task:	0.407480925321579
losses_train/concepts:	2.5160346031188965
losses_train/total:	0.6590843796730042
losses_test/task:	0.4127015769481659
losses_test/concepts:	2.43941068649292
losses_test/total:	0.6566424369812012
calibration_test/ece:	0.03910869359970093
calibration_test/brier:	0.1676938533782959
accuracy_test/task:	88.70468056602193
accuracy_test/concepts:	97.62286376953125
map_test/concepts:	0.9597363024950027

Epoch 27
losses_train/task:	0.38877996802330017
losses_train/concepts:	2.397552728652954
losses_train/total:	0.6285349726676941
losses_test/task:	0.3467942774295807
losses_test/concepts:	2.0534586906433105
losses_test/total:	0.5521402955055237
calibration_test/ece:	0.02207109145820141
calibration_test/brier:	0.14675889909267426
accuracy_test/task:	89.9271539814117
accuracy_test/concepts:	97.88410949707031
map_test/concepts:	0.9575154826045036

Epoch 28
losses_train/task:	0.3868400752544403
losses_train/concepts:	2.38645601272583
losses_train/total:	0.6254855394363403
losses_test/task:	0.40940892696380615
losses_test/concepts:	2.3025763034820557
losses_test/total:	0.6396666765213013
calibration_test/ece:	0.0412251353263855
calibration_test/brier:	0.1662188619375229
accuracy_test/task:	88.87214267771917
accuracy_test/concepts:	97.48974609375
map_test/concepts:	0.9628172874450683

Epoch 29
losses_train/task:	0.37565943598747253
losses_train/concepts:	2.3222265243530273
losses_train/total:	0.6078819632530212
losses_test/task:	0.4182123839855194
losses_test/concepts:	2.783559560775757
losses_test/total:	0.6965680718421936
calibration_test/ece:	0.038049884140491486
calibration_test/brier:	0.1691489815711975
accuracy_test/task:	88.55396466549443
accuracy_test/concepts:	97.45289611816406
map_test/concepts:	0.959144014120102

Epoch 30
losses_train/task:	0.38751906156539917
losses_train/concepts:	2.395935535430908
losses_train/total:	0.627112865447998
losses_test/task:	0.3687452971935272
losses_test/concepts:	2.243760347366333
losses_test/total:	0.5931212902069092
calibration_test/ece:	0.027814611792564392
calibration_test/brier:	0.15117955207824707
accuracy_test/task:	89.52524491333835
accuracy_test/concepts:	97.7137222290039
map_test/concepts:	0.9568482041358948

Epoch 31
losses_train/task:	0.40462273359298706
losses_train/concepts:	2.4874000549316406
losses_train/total:	0.6533623933792114
losses_test/task:	0.4264598488807678
losses_test/concepts:	2.54500412940979
losses_test/total:	0.6809603571891785
calibration_test/ece:	0.03412780165672302
calibration_test/brier:	0.17098596692085266
accuracy_test/task:	88.28602528677887
accuracy_test/concepts:	97.13389587402344
map_test/concepts:	0.9590953186154365

Epoch 32
losses_train/task:	0.3849600553512573
losses_train/concepts:	2.3828306198120117
losses_train/total:	0.6232430934906006
losses_test/task:	0.3368012011051178
losses_test/concepts:	1.923749327659607
losses_test/total:	0.5291759967803955
calibration_test/ece:	0.03639223054051399
calibration_test/brier:	0.14111265540122986
accuracy_test/task:	90.4714058444277
accuracy_test/concepts:	97.85063171386719
map_test/concepts:	0.9593892395496368

Epoch 33
losses_train/task:	0.3830162584781647
losses_train/concepts:	2.3505771160125732
losses_train/total:	0.6180741190910339
losses_test/task:	0.340524286031723
losses_test/concepts:	2.03800892829895
losses_test/total:	0.5443251729011536
calibration_test/ece:	0.03385983034968376
calibration_test/brier:	0.13880164921283722
accuracy_test/task:	90.69747969521896
accuracy_test/concepts:	97.99632263183594
map_test/concepts:	0.9656556159257889

Epoch 34
losses_train/task:	0.35652658343315125
losses_train/concepts:	2.168592929840088
losses_train/total:	0.573386013507843
losses_test/task:	0.33495083451271057
losses_test/concepts:	2.002640724182129
losses_test/total:	0.535214900970459
calibration_test/ece:	0.030771397054195404
calibration_test/brier:	0.13633368909358978
accuracy_test/task:	90.91518044042536
accuracy_test/concepts:	97.95780944824219
map_test/concepts:	0.9675501525402069

Epoch 35
losses_train/task:	0.3496986925601959
losses_train/concepts:	2.169945001602173
losses_train/total:	0.5666933059692383
losses_test/task:	0.34299877285957336
losses_test/concepts:	2.1884191036224365
losses_test/total:	0.5618405938148499
calibration_test/ece:	0.033984143286943436
calibration_test/brier:	0.13957132399082184
accuracy_test/task:	90.70585280080383
accuracy_test/concepts:	97.94857788085938
map_test/concepts:	0.9672776162624359

Epoch 36
losses_train/task:	0.34344419836997986
losses_train/concepts:	2.135596752166748
losses_train/total:	0.5570037961006165
losses_test/task:	0.35926342010498047
losses_test/concepts:	2.184570550918579
losses_test/total:	0.5777202844619751
calibration_test/ece:	0.037831082940101624
calibration_test/brier:	0.1439947485923767
accuracy_test/task:	90.30394373273047
accuracy_test/concepts:	97.90922546386719
map_test/concepts:	0.960299426317215

Epoch 37
losses_train/task:	0.33369407057762146
losses_train/concepts:	2.0718681812286377
losses_train/total:	0.5408809185028076
losses_test/task:	0.36277103424072266
losses_test/concepts:	2.171952962875366
losses_test/total:	0.5799664855003357
calibration_test/ece:	0.04328566789627075
calibration_test/brier:	0.14885705709457397
accuracy_test/task:	90.07786988193921
accuracy_test/concepts:	98.04110717773438
map_test/concepts:	0.9639611050486565

Epoch 38
losses_train/task:	0.3316577076911926
losses_train/concepts:	2.079439878463745
losses_train/total:	0.539601743221283
losses_test/task:	0.37106895446777344
losses_test/concepts:	2.2853245735168457
losses_test/total:	0.5996015071868896
calibration_test/ece:	0.03827294707298279
calibration_test/brier:	0.15094034373760223
accuracy_test/task:	89.75131876412962
accuracy_test/concepts:	97.72502899169922
map_test/concepts:	0.964849266409874

Epoch 39
losses_train/task:	0.3494272828102112
losses_train/concepts:	2.179135322570801
losses_train/total:	0.5673406720161438
losses_test/task:	0.45248866081237793
losses_test/concepts:	2.8999998569488525
losses_test/total:	0.7424887418746948
calibration_test/ece:	0.05004016309976578
calibration_test/brier:	0.1721845418214798
accuracy_test/task:	88.82190404421
accuracy_test/concepts:	97.82173156738281
map_test/concepts:	0.9618717849254608

Epoch 40
losses_train/task:	0.34452423453330994
losses_train/concepts:	2.186025619506836
losses_train/total:	0.5631267428398132
losses_test/task:	0.4528631865978241
losses_test/concepts:	2.6013190746307373
losses_test/total:	0.7129950523376465
calibration_test/ece:	0.03650853782892227
calibration_test/brier:	0.1826159656047821
accuracy_test/task:	87.53244578414134
accuracy_test/concepts:	97.0329818725586
map_test/concepts:	0.9566355794668198

Epoch 41
losses_train/task:	0.33536452054977417
losses_train/concepts:	2.078950881958008
losses_train/total:	0.5432596206665039
losses_test/task:	0.45872682332992554
losses_test/concepts:	2.8369178771972656
losses_test/total:	0.7424184679985046
calibration_test/ece:	0.0457276776432991
calibration_test/brier:	0.17789803445339203
accuracy_test/task:	88.11019006949678
accuracy_test/concepts:	97.31767272949219
map_test/concepts:	0.9597840219736099

Epoch 42
losses_train/task:	0.3163822293281555
losses_train/concepts:	1.975485920906067
losses_train/total:	0.5139307975769043
losses_test/task:	0.38643506169319153
losses_test/concepts:	2.2898762226104736
losses_test/total:	0.6154226660728455
calibration_test/ece:	0.0406109094619751
calibration_test/brier:	0.15432611107826233
accuracy_test/task:	89.80155739763879
accuracy_test/concepts:	97.9222183227539
map_test/concepts:	0.9651916056871415

Epoch 43
losses_train/task:	0.32422560453414917
losses_train/concepts:	2.057004928588867
losses_train/total:	0.5299261212348938
losses_test/task:	0.4594358205795288
losses_test/concepts:	3.0037689208984375
losses_test/total:	0.7598126530647278
calibration_test/ece:	0.04549785703420639
calibration_test/brier:	0.1825505495071411
accuracy_test/task:	87.85899690195093
accuracy_test/concepts:	97.41648864746094
map_test/concepts:	0.9513263255357742

Epoch 44
losses_train/task:	0.3182697594165802
losses_train/concepts:	2.011261224746704
losses_train/total:	0.5193957686424255
losses_test/task:	0.32514598965644836
losses_test/concepts:	1.9586052894592285
losses_test/total:	0.5210066437721252
calibration_test/ece:	0.035142846405506134
calibration_test/brier:	0.12894988059997559
accuracy_test/task:	91.36732814200786
accuracy_test/concepts:	98.16838073730469
map_test/concepts:	0.9650205582380295

Epoch 45
losses_train/task:	0.3016904294490814
losses_train/concepts:	1.888755440711975
losses_train/total:	0.4905661344528198
losses_test/task:	0.31836286187171936
losses_test/concepts:	1.9910056591033936
losses_test/total:	0.5174632668495178
calibration_test/ece:	0.031342290341854095
calibration_test/brier:	0.12950123846530914
accuracy_test/task:	91.30871640291384
accuracy_test/concepts:	98.24918365478516
map_test/concepts:	0.9679299175739289

Epoch 46
losses_train/task:	0.3067234754562378
losses_train/concepts:	1.8849202394485474
losses_train/total:	0.4952153265476227
losses_test/task:	0.3599623739719391
losses_test/concepts:	2.721137285232544
losses_test/total:	0.6320759654045105
calibration_test/ece:	0.03907662630081177
calibration_test/brier:	0.14397956430912018
accuracy_test/task:	90.38767478857909
accuracy_test/concepts:	97.83890533447266
map_test/concepts:	0.9687333971261978

Epoch 47
losses_train/task:	0.32505205273628235
losses_train/concepts:	2.0653762817382812
losses_train/total:	0.531589686870575
losses_test/task:	0.37808266282081604
losses_test/concepts:	2.310232400894165
losses_test/total:	0.6091059446334839
calibration_test/ece:	0.03635554388165474
calibration_test/brier:	0.1500118374824524
accuracy_test/task:	89.9271539814117
accuracy_test/concepts:	97.88328552246094
map_test/concepts:	0.9657431900501251

Epoch 48
losses_train/task:	0.3157489597797394
losses_train/concepts:	1.9504356384277344
losses_train/total:	0.5107925534248352
losses_test/task:	0.3246765732765198
losses_test/concepts:	2.0058271884918213
losses_test/total:	0.5252591967582703
calibration_test/ece:	0.02949780412018299
calibration_test/brier:	0.1305457055568695
accuracy_test/task:	91.3840743531776
accuracy_test/concepts:	98.05408477783203
map_test/concepts:	0.9673312842845917

Epoch 49
losses_train/task:	0.29828891158103943
losses_train/concepts:	1.85323166847229
losses_train/total:	0.4836120307445526
losses_test/task:	0.32575029134750366
losses_test/concepts:	1.8758550882339478
losses_test/total:	0.5133357048034668
calibration_test/ece:	0.03425431251525879
calibration_test/brier:	0.1310439258813858
accuracy_test/task:	91.15800050238633
accuracy_test/concepts:	98.16670227050781
map_test/concepts:	0.969972911477089

Epoch 50
losses_train/task:	0.3002113103866577
losses_train/concepts:	1.8725924491882324
losses_train/total:	0.48747047781944275
losses_test/task:	0.31359919905662537
losses_test/concepts:	1.8868494033813477
losses_test/total:	0.5022842288017273
calibration_test/ece:	0.03234522044658661
calibration_test/brier:	0.1257009506225586
accuracy_test/task:	91.58502888721426
accuracy_test/concepts:	98.18553924560547
map_test/concepts:	0.9589436501264572

Epoch 51
losses_train/task:	0.24985864758491516
losses_train/concepts:	1.6509835720062256
losses_train/total:	0.4149570167064667
losses_test/task:	0.2352728247642517
losses_test/concepts:	1.4794679880142212
losses_test/total:	0.38321971893310547
calibration_test/ece:	0.024253420531749725
calibration_test/brier:	0.09712685644626617
accuracy_test/task:	93.56945491082642
accuracy_test/concepts:	98.61006164550781
map_test/concepts:	0.962488479912281

Epoch 52
losses_train/task:	0.21045809984207153
losses_train/concepts:	1.4105591773986816
losses_train/total:	0.3515140116214752
losses_test/task:	0.2300950437784195
losses_test/concepts:	1.449267029762268
losses_test/total:	0.37502169609069824
calibration_test/ece:	0.025609521195292473
calibration_test/brier:	0.09444190561771393
accuracy_test/task:	93.78715565603282
accuracy_test/concepts:	98.66239929199219
map_test/concepts:	0.9640784114599228

Epoch 53
losses_train/task:	0.20051030814647675
losses_train/concepts:	1.3186184167861938
losses_train/total:	0.33237192034721375
losses_test/task:	0.22351306676864624
losses_test/concepts:	1.445357084274292
losses_test/total:	0.3680487275123596
calibration_test/ece:	0.024086257442831993
calibration_test/brier:	0.09080961346626282
accuracy_test/task:	94.00485640123922
accuracy_test/concepts:	98.71807861328125
map_test/concepts:	0.9640463694930077

Epoch 54
losses_train/task:	0.19376754760742188
losses_train/concepts:	1.2464808225631714
losses_train/total:	0.31841549277305603
losses_test/task:	0.22498703002929688
losses_test/concepts:	1.446905493736267
losses_test/total:	0.36967766284942627
calibration_test/ece:	0.026408880949020386
calibration_test/brier:	0.09117022901773453
accuracy_test/task:	93.87925981746629
accuracy_test/concepts:	98.74739074707031
map_test/concepts:	0.9655284225940705

Epoch 55
losses_train/task:	0.18843688070774078
losses_train/concepts:	1.2532854080200195
losses_train/total:	0.31376543641090393
losses_test/task:	0.22686943411827087
losses_test/concepts:	1.451952338218689
losses_test/total:	0.3720647096633911
calibration_test/ece:	0.026439394801855087
calibration_test/brier:	0.09128682315349579
accuracy_test/task:	93.95461776773006
accuracy_test/concepts:	98.73565673828125
map_test/concepts:	0.9672967001795769

Epoch 56
losses_train/task:	0.1886310577392578
losses_train/concepts:	1.2425183057785034
losses_train/total:	0.31288275122642517
losses_test/task:	0.22207993268966675
losses_test/concepts:	1.3927912712097168
losses_test/total:	0.36135903000831604
calibration_test/ece:	0.02749013341963291
calibration_test/brier:	0.0904598981142044
accuracy_test/task:	94.00485640123922
accuracy_test/concepts:	98.7875747680664
map_test/concepts:	0.9681558668613434

Epoch 57
losses_train/task:	0.17506282031536102
losses_train/concepts:	1.1596945524215698
losses_train/total:	0.29103225469589233
losses_test/task:	0.22253909707069397
losses_test/concepts:	1.4402326345443726
losses_test/total:	0.3665623962879181
calibration_test/ece:	0.026995202526450157
calibration_test/brier:	0.0895625650882721
accuracy_test/task:	94.15557230176672
accuracy_test/concepts:	98.79261016845703
map_test/concepts:	0.969141797721386

Epoch 58
losses_train/task:	0.17921382188796997
losses_train/concepts:	1.1849288940429688
losses_train/total:	0.2977067232131958
losses_test/task:	0.2221030294895172
losses_test/concepts:	1.4480838775634766
losses_test/total:	0.366911381483078
calibration_test/ece:	0.026041816920042038
calibration_test/brier:	0.08973096311092377
accuracy_test/task:	94.17231851293644
accuracy_test/concepts:	98.78255462646484
map_test/concepts:	0.970270961523056

Epoch 59
losses_train/task:	0.17132608592510223
losses_train/concepts:	1.129841685295105
losses_train/total:	0.2843101918697357
losses_test/task:	0.22058551013469696
losses_test/concepts:	1.4164705276489258
losses_test/total:	0.36223259568214417
calibration_test/ece:	0.02830343320965767
calibration_test/brier:	0.08906539529561996
accuracy_test/task:	94.12207987942728
accuracy_test/concepts:	98.80095672607422
map_test/concepts:	0.9711152642965317

Epoch 60
losses_train/task:	0.17805059254169464
losses_train/concepts:	1.17451810836792
losses_train/total:	0.29550233483314514
losses_test/task:	0.22485066950321198
losses_test/concepts:	1.4313162565231323
losses_test/total:	0.36798223853111267
calibration_train/ece:	0.0035118842497467995
calibration_train/brier:	0.06252323091030121
accuracy_train/task:	95.51373106060606
calibration_test/ece:	0.02828807570040226
calibration_test/brier:	0.08992701023817062
accuracy_test/task:	94.03834882357866
accuracy_train/concepts:	98.62708282470703
map_train/concepts:	0.9793565452098847
accuracy_test/concepts:	98.79008483886719
map_test/concepts:	0.9691136837005615
accuracy_test/nuisances_task:	1.4145400890937219
accuracy_test/nuisances_nontask:	0.0
mutual_inf_test/nuisances_task:	0.06760379361411571
mutual_inf_test/nuisances_nontask:	0.0

Epoch 61
losses_train/task:	0.16310790181159973
losses_train/concepts:	1.0872938632965088
losses_train/total:	0.2718373239040375
losses_test/task:	0.22667273879051208
losses_test/concepts:	1.4701647758483887
losses_test/total:	0.3736892342567444
calibration_test/ece:	0.02792995795607567
calibration_test/brier:	0.08968037366867065
accuracy_test/task:	94.13882609059701
accuracy_test/concepts:	98.79595184326172
map_test/concepts:	0.9713296353816986

Epoch 62
losses_train/task:	0.16918998956680298
losses_train/concepts:	1.1109046936035156
losses_train/total:	0.28028038144111633
losses_test/task:	0.22890928387641907
losses_test/concepts:	1.5362478494644165
losses_test/total:	0.38253408670425415
calibration_test/ece:	0.02943214401602745
calibration_test/brier:	0.09015385806560516
accuracy_test/task:	94.07184124591811
accuracy_test/concepts:	98.81310272216797
map_test/concepts:	0.9716650933027268

Epoch 63
losses_train/task:	0.1613592952489853
losses_train/concepts:	1.0844312906265259
losses_train/total:	0.2698025405406952
losses_test/task:	0.2240881472826004
losses_test/concepts:	1.470933437347412
losses_test/total:	0.37118151783943176
calibration_test/ece:	0.028687458485364914
calibration_test/brier:	0.08872804790735245
accuracy_test/task:	94.27279577995479
accuracy_test/concepts:	98.8122787475586
map_test/concepts:	0.9718203783035279

Epoch 64
losses_train/task:	0.16038478910923004
losses_train/concepts:	1.0468347072601318
losses_train/total:	0.265068382024765
losses_test/task:	0.22555691003799438
losses_test/concepts:	1.5203620195388794
losses_test/total:	0.37759310007095337
calibration_test/ece:	0.029017407447099686
calibration_test/brier:	0.08898865431547165
accuracy_test/task:	94.24767646320021
accuracy_test/concepts:	98.85456848144531
map_test/concepts:	0.9730808347463608

Epoch 65
losses_train/task:	0.1565789431333542
losses_train/concepts:	1.0219817161560059
losses_train/total:	0.25877705216407776
losses_test/task:	0.22600415349006653
losses_test/concepts:	1.4832186698913574
losses_test/total:	0.3743259906768799
calibration_test/ece:	0.02960292436182499
calibration_test/brier:	0.09037552028894424
accuracy_test/task:	94.15557230176672
accuracy_test/concepts:	98.81394958496094
map_test/concepts:	0.9735839635133743

Epoch 66
losses_train/task:	0.16188454627990723
losses_train/concepts:	1.0428905487060547
losses_train/total:	0.2661736309528351
losses_test/task:	0.22526788711547852
losses_test/concepts:	1.496708631515503
losses_test/total:	0.37493887543678284
calibration_test/ece:	0.028224896639585495
calibration_test/brier:	0.08911097794771194
accuracy_test/task:	94.27279577995479
accuracy_test/concepts:	98.83991241455078
map_test/concepts:	0.974036169052124

Epoch 67
losses_train/task:	0.1547459065914154
losses_train/concepts:	1.0281617641448975
losses_train/total:	0.25756216049194336
losses_test/task:	0.22758886218070984
losses_test/concepts:	1.551080584526062
losses_test/total:	0.38269689679145813
calibration_test/ece:	0.02937258407473564
calibration_test/brier:	0.08883238583803177
accuracy_test/task:	94.33140751904881
accuracy_test/concepts:	98.84953308105469
map_test/concepts:	0.9738765090703965

Epoch 68
losses_train/task:	0.16052906215190887
losses_train/concepts:	1.049262285232544
losses_train/total:	0.2654552161693573
losses_test/task:	0.22427116334438324
losses_test/concepts:	1.5507642030715942
losses_test/total:	0.37934765219688416
calibration_test/ece:	0.029155375435948372
calibration_test/brier:	0.08824146538972855
accuracy_test/task:	94.43188478606716
accuracy_test/concepts:	98.86921691894531
map_test/concepts:	0.9742834329605102

Epoch 69
losses_train/task:	0.15925461053848267
losses_train/concepts:	1.0565744638442993
losses_train/total:	0.26491206884384155
losses_test/task:	0.22524946928024292
losses_test/concepts:	1.6057075262069702
losses_test/total:	0.38582026958465576
calibration_test/ece:	0.029047129675745964
calibration_test/brier:	0.08868233114480972
accuracy_test/task:	94.24767646320021
accuracy_test/concepts:	98.85414123535156
map_test/concepts:	0.9742591232061386

Epoch 70
losses_train/task:	0.15692968666553497
losses_train/concepts:	1.024285078048706
losses_train/total:	0.2593581974506378
losses_test/task:	0.22950775921344757
losses_test/concepts:	1.5776880979537964
losses_test/total:	0.38727664947509766
calibration_test/ece:	0.032015301287174225
calibration_test/brier:	0.09071797132492065
accuracy_test/task:	94.09696056267269
accuracy_test/concepts:	98.8528823852539
map_test/concepts:	0.9729378819465637

Epoch 71
losses_train/task:	0.15350103378295898
losses_train/concepts:	0.9950600862503052
losses_train/total:	0.2530069947242737
losses_test/task:	0.22970454394817352
losses_test/concepts:	1.620133876800537
losses_test/total:	0.39171794056892395
calibration_test/ece:	0.03054536134004593
calibration_test/brier:	0.08982674032449722
accuracy_test/task:	94.27279577995479
accuracy_test/concepts:	98.87507629394531
map_test/concepts:	0.9734472185373306

Epoch 72
losses_train/task:	0.15075284242630005
losses_train/concepts:	1.0357484817504883
losses_train/total:	0.2543276846408844
losses_test/task:	0.2290261834859848
losses_test/concepts:	1.5350496768951416
losses_test/total:	0.38253122568130493
calibration_test/ece:	0.030044574290513992
calibration_test/brier:	0.08984808623790741
accuracy_test/task:	94.25604956878506
accuracy_test/concepts:	98.83696746826172
map_test/concepts:	0.9733137935400009

Epoch 73
losses_train/task:	0.1519685685634613
losses_train/concepts:	0.9843875765800476
losses_train/total:	0.25040727853775024
losses_test/task:	0.2275526225566864
losses_test/concepts:	1.5574958324432373
losses_test/total:	0.383302241563797
calibration_test/ece:	0.029770053923130035
calibration_test/brier:	0.08919791877269745
accuracy_test/task:	94.29791509670937
accuracy_test/concepts:	98.86418151855469
map_test/concepts:	0.9737670183181762

Epoch 74
losses_train/task:	0.1520574688911438
losses_train/concepts:	0.9777026772499084
losses_train/total:	0.24982766807079315
losses_test/task:	0.22686639428138733
losses_test/concepts:	1.5973886251449585
losses_test/total:	0.3866051137447357
calibration_test/ece:	0.029162652790546417
calibration_test/brier:	0.08923514932394028
accuracy_test/task:	94.38164615255798
accuracy_test/concepts:	98.86125946044922
map_test/concepts:	0.9741916954517365

Epoch 75
losses_train/task:	0.14883939921855927
losses_train/concepts:	1.0058717727661133
losses_train/total:	0.2494266927242279
losses_test/task:	0.22767864167690277
losses_test/concepts:	1.5591750144958496
losses_test/total:	0.3835963010787964
calibration_test/ece:	0.029561813920736313
calibration_test/brier:	0.0883636474609375
accuracy_test/task:	94.36489994138826
accuracy_test/concepts:	98.86502838134766
map_test/concepts:	0.9738530218601227

Epoch 76
losses_train/task:	0.1463957577943802
losses_train/concepts:	0.9940727353096008
losses_train/total:	0.24580304324626923
losses_test/task:	0.23089538514614105
losses_test/concepts:	1.5604138374328613
losses_test/total:	0.3869367837905884
calibration_test/ece:	0.030485456809401512
calibration_test/brier:	0.09026230126619339
accuracy_test/task:	94.32303441346396
accuracy_test/concepts:	98.85957336425781
map_test/concepts:	0.9745468229055405

Epoch 77
losses_train/task:	0.14873193204402924
losses_train/concepts:	1.004894495010376
losses_train/total:	0.24922116100788116
losses_test/task:	0.23102442920207977
losses_test/concepts:	1.6417542695999146
losses_test/total:	0.39519989490509033
calibration_test/ece:	0.030459735542535782
calibration_test/brier:	0.09045808762311935
accuracy_test/task:	94.23930335761534
accuracy_test/concepts:	98.86544036865234
map_test/concepts:	0.975479182600975

Epoch 78
losses_train/task:	0.1480029672384262
losses_train/concepts:	0.9424632787704468
losses_train/total:	0.24224936962127686
losses_test/task:	0.2367691844701767
losses_test/concepts:	1.7398320436477661
losses_test/total:	0.4107523560523987
calibration_test/ece:	0.03185892105102539
calibration_test/brier:	0.09232757240533829
accuracy_test/task:	94.14719919618186
accuracy_test/concepts:	98.84326171875
map_test/concepts:	0.9742727190256119

Epoch 79
losses_train/task:	0.15060704946517944
losses_train/concepts:	0.9749930500984192
losses_train/total:	0.24810639023780823
losses_test/task:	0.23137123882770538
losses_test/concepts:	1.836227536201477
losses_test/total:	0.4149940013885498
calibration_test/ece:	0.031186778098344803
calibration_test/brier:	0.09026691317558289
accuracy_test/task:	94.21418404086076
accuracy_test/concepts:	98.8424072265625
map_test/concepts:	0.9743015855550766

Epoch 80
losses_train/task:	0.14441220462322235
losses_train/concepts:	0.9649693369865417
losses_train/total:	0.24090909957885742
losses_test/task:	0.23164857923984528
losses_test/concepts:	1.593371033668518
losses_test/total:	0.3909856677055359
calibration_test/ece:	0.03158799931406975
calibration_test/brier:	0.09114446491003036
accuracy_test/task:	94.16394540735159
accuracy_test/concepts:	98.85079193115234
map_test/concepts:	0.9746232539415359

Epoch 81
losses_train/task:	0.14714829623699188
losses_train/concepts:	0.9482580423355103
losses_train/total:	0.24197418987751007
losses_test/task:	0.23922567069530487
losses_test/concepts:	1.7681077718734741
losses_test/total:	0.4160363972187042
calibration_test/ece:	0.031586699187755585
calibration_test/brier:	0.09210518002510071
accuracy_test/task:	94.13882609059701
accuracy_test/concepts:	98.84828186035156
map_test/concepts:	0.9742039918899537

Epoch 82
losses_train/task:	0.13938549160957336
losses_train/concepts:	0.9187332987785339
losses_train/total:	0.2312587946653366
losses_test/task:	0.23449018597602844
losses_test/concepts:	1.8532838821411133
losses_test/total:	0.41981858015060425
calibration_test/ece:	0.0317932665348053
calibration_test/brier:	0.09107876569032669
accuracy_test/task:	94.14719919618186
accuracy_test/concepts:	98.88972473144531
map_test/concepts:	0.9741088896989822

Epoch 83
losses_train/task:	0.14294955134391785
losses_train/concepts:	0.9260566830635071
losses_train/total:	0.2355552315711975
losses_test/task:	0.2367255985736847
losses_test/concepts:	1.990071177482605
losses_test/total:	0.4357326924800873
calibration_test/ece:	0.03165370970964432
calibration_test/brier:	0.09005210548639297
accuracy_test/task:	94.23930335761534
accuracy_test/concepts:	98.88638305664062
map_test/concepts:	0.9744048833847045

Epoch 84
losses_train/task:	0.13913531601428986
losses_train/concepts:	0.917414665222168
losses_train/total:	0.23087680339813232
losses_test/task:	0.2444819062948227
losses_test/concepts:	1.8037843704223633
losses_test/total:	0.4248603880405426
calibration_test/ece:	0.03240838274359703
calibration_test/brier:	0.09193945676088333
accuracy_test/task:	94.19743782969103
accuracy_test/concepts:	98.86293029785156
map_test/concepts:	0.9752353876829147

Epoch 85
losses_train/task:	0.14680364727973938
losses_train/concepts:	0.9448245167732239
losses_train/total:	0.24128617346286774
losses_test/task:	0.24050267040729523
losses_test/concepts:	1.884934425354004
losses_test/total:	0.42899608612060547
calibration_test/ece:	0.03233916312456131
calibration_test/brier:	0.09119389951229095
accuracy_test/task:	94.20581093527589
accuracy_test/concepts:	98.89684295654297
map_test/concepts:	0.9749644815921783

Epoch 86
losses_train/task:	0.14259016513824463
losses_train/concepts:	0.909971296787262
losses_train/total:	0.2335873246192932
losses_test/task:	0.24115821719169617
losses_test/concepts:	2.117647647857666
losses_test/total:	0.4529229700565338
calibration_test/ece:	0.03222830593585968
calibration_test/brier:	0.09153261035680771
accuracy_test/task:	94.23930335761534
accuracy_test/concepts:	98.8687973022461
map_test/concepts:	0.9758700251579284

Epoch 87
losses_train/task:	0.14359150826931
losses_train/concepts:	0.9376591444015503
losses_train/total:	0.23735742270946503
losses_test/task:	0.23472855985164642
losses_test/concepts:	1.9805879592895508
losses_test/total:	0.4327871799468994
calibration_test/ece:	0.03174668550491333
calibration_test/brier:	0.08984939008951187
accuracy_test/task:	94.15557230176672
accuracy_test/concepts:	98.88806915283203
map_test/concepts:	0.9748664647340775

Epoch 88
losses_train/task:	0.1374267041683197
losses_train/concepts:	0.9071886539459229
losses_train/total:	0.2281455099582672
losses_test/task:	0.23882313072681427
losses_test/concepts:	1.9376311302185059
losses_test/total:	0.43258634209632874
calibration_test/ece:	0.03142771124839783
calibration_test/brier:	0.08988236635923386
accuracy_test/task:	94.19743782969103
accuracy_test/concepts:	98.87715911865234
map_test/concepts:	0.9748717755079269

Epoch 89
losses_train/task:	0.14480073750019073
losses_train/concepts:	0.944391667842865
losses_train/total:	0.2392398715019226
losses_test/task:	0.24013297259807587
losses_test/concepts:	1.9276336431503296
losses_test/total:	0.43289628624916077
calibration_test/ece:	0.030829444527626038
calibration_test/brier:	0.0900958701968193
accuracy_test/task:	94.32303441346396
accuracy_test/concepts:	98.87549591064453
map_test/concepts:	0.9742541581392288

Epoch 90
losses_train/task:	0.1402212232351303
losses_train/concepts:	0.9229352474212646
losses_train/total:	0.23251475393772125
losses_test/task:	0.23400484025478363
losses_test/concepts:	1.9861167669296265
losses_test/total:	0.4326164722442627
calibration_test/ece:	0.031143035739660263
calibration_test/brier:	0.08914404362440109
accuracy_test/task:	94.28954199112451
accuracy_test/concepts:	98.90269470214844
map_test/concepts:	0.9745220750570297

Epoch 91
losses_train/task:	0.13469365239143372
losses_train/concepts:	0.8757606148719788
losses_train/total:	0.2222696989774704
losses_test/task:	0.23918169736862183
losses_test/concepts:	1.9317039251327515
losses_test/total:	0.43235209584236145
calibration_test/ece:	0.031687479466199875
calibration_test/brier:	0.08995117247104645
accuracy_test/task:	94.25604956878506
accuracy_test/concepts:	98.90815734863281
map_test/concepts:	0.9751826077699661

Epoch 92
losses_train/task:	0.14128653705120087
losses_train/concepts:	0.919951319694519
losses_train/total:	0.23328161239624023
losses_test/task:	0.2409491389989853
losses_test/concepts:	1.9914535284042358
losses_test/total:	0.4400945007801056
calibration_test/ece:	0.03163338452577591
calibration_test/brier:	0.08967752754688263
accuracy_test/task:	94.26442267436992
accuracy_test/concepts:	98.87298583984375
map_test/concepts:	0.9756224423646926

Epoch 93
losses_train/task:	0.13408112525939941
losses_train/concepts:	0.858516275882721
losses_train/total:	0.2199326902627945
losses_test/task:	0.23404796421527863
losses_test/concepts:	1.9456247091293335
losses_test/total:	0.42861029505729675
calibration_test/ece:	0.03153752163052559
calibration_test/brier:	0.08928298205137253
accuracy_test/task:	94.33140751904881
accuracy_test/concepts:	98.90522003173828
map_test/concepts:	0.9765209078788757

Epoch 94
losses_train/task:	0.13607102632522583
losses_train/concepts:	0.8585831522941589
losses_train/total:	0.22192953526973724
losses_test/task:	0.23794999718666077
losses_test/concepts:	2.236337184906006
losses_test/total:	0.4615837037563324
calibration_test/ece:	0.031954046338796616
calibration_test/brier:	0.08918341994285583
accuracy_test/task:	94.27279577995479
accuracy_test/concepts:	98.91568756103516
map_test/concepts:	0.9762092143297195

Epoch 95
losses_train/task:	0.13320057094097137
losses_train/concepts:	0.8601570725440979
losses_train/total:	0.21921633183956146
losses_test/task:	0.23433862626552582
losses_test/concepts:	1.9385316371917725
losses_test/total:	0.4281917214393616
calibration_test/ece:	0.03137079253792763
calibration_test/brier:	0.0886482447385788
accuracy_test/task:	94.31466130787909
accuracy_test/concepts:	98.89976501464844
map_test/concepts:	0.9750292062759399

Epoch 96
losses_train/task:	0.13850116729736328
losses_train/concepts:	0.8752992153167725
losses_train/total:	0.2260311245918274
losses_test/task:	0.2376174032688141
losses_test/concepts:	1.9937230348587036
losses_test/total:	0.4369896948337555
calibration_test/ece:	0.03210305795073509
calibration_test/brier:	0.09001711755990982
accuracy_test/task:	94.28116888553964
accuracy_test/concepts:	98.91736602783203
map_test/concepts:	0.9755997270345688

Epoch 97
losses_train/task:	0.1312975287437439
losses_train/concepts:	0.8595252633094788
losses_train/total:	0.21724998950958252
losses_test/task:	0.24106954038143158
losses_test/concepts:	2.237457513809204
losses_test/total:	0.4648154079914093
calibration_test/ece:	0.0327492393553257
calibration_test/brier:	0.08969404548406601
accuracy_test/task:	94.32303441346396
accuracy_test/concepts:	98.9223861694336
map_test/concepts:	0.9756196856498718

Epoch 98
losses_train/task:	0.13213561475276947
losses_train/concepts:	0.8796569108963013
losses_train/total:	0.2201012521982193
losses_test/task:	0.24072767794132233
losses_test/concepts:	2.1854190826416016
losses_test/total:	0.4592697322368622
calibration_test/ece:	0.03268579766154289
calibration_test/brier:	0.08941773325204849
accuracy_test/task:	94.36489994138826
accuracy_test/concepts:	98.90605163574219
map_test/concepts:	0.9750670075416565

Epoch 99
losses_train/task:	0.1313166618347168
losses_train/concepts:	0.8901990652084351
losses_train/total:	0.22033651173114777
losses_test/task:	0.24209870398044586
losses_test/concepts:	1.9192968606948853
losses_test/total:	0.4340282380580902
calibration_test/ece:	0.031213270500302315
calibration_test/brier:	0.08941107243299484
accuracy_test/task:	94.41513857489743
accuracy_test/concepts:	98.89726257324219
map_test/concepts:	0.975030067563057

Epoch 100
losses_train/task:	0.1427517533302307
losses_train/concepts:	0.9060921669006348
losses_train/total:	0.23336099088191986
losses_test/task:	0.23902934789657593
losses_test/concepts:	2.0762815475463867
losses_test/total:	0.44665753841400146
calibration_test/ece:	0.03093300387263298
calibration_test/brier:	0.08852554112672806
accuracy_test/task:	94.44863099723688
accuracy_test/concepts:	98.9253158569336
map_test/concepts:	0.9747480511665344

Epoch 101
losses_train/task:	0.13649393618106842
losses_train/concepts:	0.8787083625793457
losses_train/total:	0.22436481714248657
losses_test/task:	0.23494499921798706
losses_test/concepts:	1.9802497625350952
losses_test/total:	0.43296995759010315
calibration_test/ece:	0.0308016836643219
calibration_test/brier:	0.08812319487333298
accuracy_test/task:	94.42351168048229
accuracy_test/concepts:	98.92740631103516
map_test/concepts:	0.974873635172844

Epoch 102
losses_train/task:	0.14009825885295868
losses_train/concepts:	0.9176658987998962
losses_train/total:	0.23186497390270233
losses_test/task:	0.23508137464523315
losses_test/concepts:	2.00345516204834
losses_test/total:	0.43542689085006714
calibration_test/ece:	0.030740313231945038
calibration_test/brier:	0.08772438019514084
accuracy_test/task:	94.47375031399146
accuracy_test/concepts:	98.94247436523438
map_test/concepts:	0.9744304805994034

Epoch 103
losses_train/task:	0.13336969912052155
losses_train/concepts:	0.873966634273529
losses_train/total:	0.22076639533042908
losses_test/task:	0.23479385673999786
losses_test/concepts:	2.01627779006958
losses_test/total:	0.43642163276672363
calibration_test/ece:	0.03170805051922798
calibration_test/brier:	0.08800695091485977
accuracy_test/task:	94.34815373021854
accuracy_test/concepts:	98.93199920654297
map_test/concepts:	0.9752019762992858

Epoch 104
losses_train/task:	0.13220354914665222
losses_train/concepts:	0.8630953431129456
losses_train/total:	0.21851316094398499
losses_test/task:	0.23551593720912933
losses_test/concepts:	2.1304454803466797
losses_test/total:	0.448560506105423
calibration_test/ece:	0.030580807477235794
calibration_test/brier:	0.08800189942121506
accuracy_test/task:	94.47375031399146
accuracy_test/concepts:	98.9269790649414
map_test/concepts:	0.9750945776700973

Epoch 105
losses_train/task:	0.13571996986865997
losses_train/concepts:	0.8872714042663574
losses_train/total:	0.22444716095924377
losses_test/task:	0.23386429250240326
losses_test/concepts:	1.9460886716842651
losses_test/total:	0.42847326397895813
calibration_test/ece:	0.031280823051929474
calibration_test/brier:	0.08810485899448395
accuracy_test/task:	94.40676546931257
accuracy_test/concepts:	98.9386978149414
map_test/concepts:	0.975137135386467

Epoch 106
losses_train/task:	0.13617448508739471
losses_train/concepts:	0.8804910778999329
losses_train/total:	0.22422350943088531
losses_test/task:	0.23556706309318542
losses_test/concepts:	2.0024502277374268
losses_test/total:	0.4358120560646057
calibration_test/ece:	0.03197525441646576
calibration_test/brier:	0.08844093978404999
accuracy_test/task:	94.36489994138826
accuracy_test/concepts:	98.9320068359375
map_test/concepts:	0.9751463651657104

Epoch 107
losses_train/task:	0.1277409791946411
losses_train/concepts:	0.8216896653175354
losses_train/total:	0.20990997552871704
losses_test/task:	0.2369198352098465
losses_test/concepts:	2.049345016479492
losses_test/total:	0.4418542683124542
calibration_test/ece:	0.03154002130031586
calibration_test/brier:	0.08877167105674744
accuracy_test/task:	94.40676546931257
accuracy_test/concepts:	98.92362976074219
map_test/concepts:	0.9748575180768967

Epoch 108
losses_train/task:	0.126430481672287
losses_train/concepts:	0.8227897882461548
losses_train/total:	0.2087095081806183
losses_test/task:	0.23572324216365814
losses_test/concepts:	2.0570051670074463
losses_test/total:	0.4414239227771759
calibration_test/ece:	0.03164836764335632
calibration_test/brier:	0.08813954144716263
accuracy_test/task:	94.4653772084066
accuracy_test/concepts:	98.93829345703125
map_test/concepts:	0.9747241586446762

Epoch 109
losses_train/task:	0.13082623481750488
losses_train/concepts:	0.8423967957496643
losses_train/total:	0.21506592631340027
losses_test/task:	0.23560379445552826
losses_test/concepts:	2.0304617881774902
losses_test/total:	0.43865013122558594
calibration_test/ece:	0.03207067400217056
calibration_test/brier:	0.08819255232810974
accuracy_test/task:	94.36489994138826
accuracy_test/concepts:	98.94247436523438
map_test/concepts:	0.9750017285346985

Epoch 110
losses_train/task:	0.12951703369617462
losses_train/concepts:	0.8268842697143555
losses_train/total:	0.21220538020133972
losses_test/task:	0.2353283017873764
losses_test/concepts:	2.0416548252105713
losses_test/total:	0.43949392437934875
calibration_test/ece:	0.03171052038669586
calibration_test/brier:	0.08835180848836899
accuracy_test/task:	94.39001925814284
accuracy_test/concepts:	98.93954467773438
map_test/concepts:	0.9751690626144409

Epoch 111
losses_train/task:	0.12323184311389923
losses_train/concepts:	0.7937651872634888
losses_train/total:	0.20260831713676453
losses_test/task:	0.23598386347293854
losses_test/concepts:	2.1311395168304443
losses_test/total:	0.4490978419780731
calibration_test/ece:	0.03179880604147911
calibration_test/brier:	0.08835906535387039
accuracy_test/task:	94.40676546931257
accuracy_test/concepts:	98.93284606933594
map_test/concepts:	0.9744059622287751

Epoch 112
losses_train/task:	0.13288171589374542
losses_train/concepts:	0.8607883453369141
losses_train/total:	0.21896055340766907
losses_test/task:	0.23504146933555603
losses_test/concepts:	2.1831462383270264
losses_test/total:	0.4533560276031494
calibration_test/ece:	0.03125257045030594
calibration_test/brier:	0.08782421052455902
accuracy_test/task:	94.44025789165201
accuracy_test/concepts:	98.94123077392578
map_test/concepts:	0.974893844127655

Epoch 113
losses_train/task:	0.1256401240825653
losses_train/concepts:	0.828802764415741
losses_train/total:	0.20852035284042358
losses_test/task:	0.23635561764240265
losses_test/concepts:	2.154716968536377
losses_test/total:	0.4518272876739502
calibration_test/ece:	0.0322175994515419
calibration_test/brier:	0.08865451067686081
accuracy_test/task:	94.33978062463368
accuracy_test/concepts:	98.93494415283203
map_test/concepts:	0.9749881207942963

Epoch 114
losses_train/task:	0.12698127329349518
losses_train/concepts:	0.8335705399513245
losses_train/total:	0.21033824980258942
losses_test/task:	0.23675893247127533
losses_test/concepts:	2.1048238277435303
losses_test/total:	0.4472414255142212
calibration_test/ece:	0.03270998224616051
calibration_test/brier:	0.08854711800813675
accuracy_test/task:	94.31466130787909
accuracy_test/concepts:	98.92237091064453
map_test/concepts:	0.975203537940979

Epoch 115
losses_train/task:	0.12846329808235168
losses_train/concepts:	0.8233810663223267
losses_train/total:	0.21080142259597778
losses_test/task:	0.2380785346031189
losses_test/concepts:	2.095240354537964
losses_test/total:	0.44760245084762573
calibration_test/ece:	0.033571794629096985
calibration_test/brier:	0.08922481536865234
accuracy_test/task:	94.23093025203048
accuracy_test/concepts:	98.93326568603516
map_test/concepts:	0.9751379758119583

Epoch 116
losses_train/task:	0.12765216827392578
losses_train/concepts:	0.8369674682617188
losses_train/total:	0.21134890615940094
losses_test/task:	0.23520006239414215
losses_test/concepts:	2.040485143661499
losses_test/total:	0.43924859166145325
calibration_test/ece:	0.031434666365385056
calibration_test/brier:	0.08832170069217682
accuracy_test/task:	94.43188478606716
accuracy_test/concepts:	98.93578338623047
map_test/concepts:	0.9751044839620591

Epoch 117
losses_train/task:	0.12365223467350006
losses_train/concepts:	0.8125386238098145
losses_train/total:	0.2049061357975006
losses_test/task:	0.23601435124874115
losses_test/concepts:	2.0068278312683105
losses_test/total:	0.4366970360279083
calibration_test/ece:	0.03257961943745613
calibration_test/brier:	0.08843556046485901
accuracy_test/task:	94.32303441346396
accuracy_test/concepts:	98.92741394042969
map_test/concepts:	0.975420343875885

Epoch 118
losses_train/task:	0.12899136543273926
losses_train/concepts:	0.8170523643493652
losses_train/total:	0.21069671213626862
losses_test/task:	0.2380361407995224
losses_test/concepts:	2.1166844367980957
losses_test/total:	0.4497045874595642
calibration_test/ece:	0.032450295984745026
calibration_test/brier:	0.08803877234458923
accuracy_test/task:	94.48212341957633
accuracy_test/concepts:	98.9307632446289
map_test/concepts:	0.9750271052122116

Epoch 119
losses_train/task:	0.130234956741333
losses_train/concepts:	0.8277797698974609
losses_train/total:	0.21301306784152985
losses_test/task:	0.23841316998004913
losses_test/concepts:	2.073270320892334
losses_test/total:	0.44574013352394104
calibration_test/ece:	0.03245139122009277
calibration_test/brier:	0.08896271139383316
accuracy_test/task:	94.3565268358034
accuracy_test/concepts:	98.91862487792969
map_test/concepts:	0.9754209160804749

Epoch 120
losses_train/task:	0.12832149863243103
losses_train/concepts:	0.8335124254226685
losses_train/total:	0.21167270839214325
losses_test/task:	0.2370557337999344
losses_test/concepts:	2.062899351119995
losses_test/total:	0.4433455765247345
calibration_train/ece:	0.0020898666698485613
calibration_train/brier:	0.04762920364737511
accuracy_train/task:	96.52383207070707
calibration_test/ece:	0.0326603502035141
calibration_test/brier:	0.0885009765625
accuracy_test/task:	94.39839236372771
accuracy_train/concepts:	99.00804901123047
map_train/concepts:	0.9953573554754257
accuracy_test/concepts:	98.94456481933594
map_test/concepts:	0.9753059566020965
accuracy_test/nuisances_task:	1.4132517117720385
accuracy_test/nuisances_nontask:	0.0
mutual_inf_test/nuisances_task:	0.06850353035860689
mutual_inf_test/nuisances_nontask:	0.0

epoch_120.pt
Skipping interventions: model 'cem' is not intervenable
[1;34mwandb[0m:
[1;34mwandb[0m: You can sync this run to the cloud by running:
[1;34mwandb[0m: [1mwandb sync /research/hal-afsharim/minimal_cbm/results/awa2-cem/43/wandb/offline-run-20260727_141712-gp9umk6h[0m
[1;34mwandb[0m: Find logs at: [1;35mresults/awa2-cem/43/wandb/offline-run-20260727_141712-gp9umk6h/logs[0m
