
===== launch 2026-07-28 20:06:28.005149 gpu2 =====
wandb: Using wandb-core as the SDK backend.  Please refer to https://wandb.me/wandb-core for more information.
wandb: Tracking run with wandb version 0.19.0
wandb: W&B syncing is set to `offline` in this directory.  
wandb: Run `wandb online` or set WANDB_MODE=online to enable cloud syncing.
/research/hal-afsharim/miniconda3/envs/mcbm/lib/python3.10/site-packages/torchvision/models/_utils.py:208: UserWarning: The parameter 'pretrained' is deprecated since 0.13 and will be removed in 0.15, please use 'weights' instead.
  warnings.warn(
/research/hal-afsharim/miniconda3/envs/mcbm/lib/python3.10/site-packages/torchvision/models/_utils.py:223: UserWarning: Arguments other than a weight enum or `None` for 'weights' are deprecated since 0.13 and will be removed in 0.15. The current behavior is equivalent to passing `weights=ResNet50_Weights.IMAGENET1K_V1`. You can also use `weights=ResNet50_Weights.DEFAULT` to get the most up-to-date weights.
  warnings.warn(msg)
Epoch 1
losses_train/task:	2.126246690750122
losses_train/concepts:	16.702255249023438
losses_train/representations:	10.145909309387207
losses_train/total:	6.840245723724365
losses_test/task:	1.5099009275436401
losses_test/concepts:	12.365426063537598
losses_test/representations:	9.16250228881836
losses_test/total:	5.495194911956787
calibration_test/ece:	0.09798718988895416
calibration_test/brier:	0.5313948392868042
accuracy_test/task:	61.86050406095621
accuracy_test/concepts:	92.147705078125
map_test/concepts:	0.8243251614272594

Epoch 2
losses_train/task:	1.6041191816329956
losses_train/concepts:	11.60188102722168
losses_train/representations:	8.208481788635254
losses_train/total:	5.226849555969238
losses_test/task:	1.5864546298980713
losses_test/concepts:	10.334086418151855
losses_test/representations:	9.034955978393555
losses_test/total:	5.330349922180176
calibration_test/ece:	0.02863331511616707
calibration_test/brier:	0.5404532551765442
accuracy_test/task:	59.64163108096793
accuracy_test/concepts:	91.47366333007812
map_test/concepts:	0.8200757697224617

Epoch 3
losses_train/task:	1.4292691946029663
losses_train/concepts:	10.121353149414062
losses_train/representations:	7.248096942901611
losses_train/total:	4.615833282470703
losses_test/task:	1.5933632850646973
losses_test/concepts:	10.393204689025879
losses_test/representations:	9.161321640014648
losses_test/total:	5.381079196929932
calibration_test/ece:	0.025681767612695694
calibration_test/brier:	0.5542049407958984
accuracy_test/task:	58.20145692037177
accuracy_test/concepts:	92.24525451660156
map_test/concepts:	0.8331347927451134

Epoch 4
losses_train/task:	1.3330382108688354
losses_train/concepts:	9.33523178100586
losses_train/representations:	6.713662624359131
losses_train/total:	4.2806596755981445
losses_test/task:	1.1144635677337646
losses_test/concepts:	7.535189628601074
losses_test/representations:	6.302558898925781
losses_test/total:	3.7587506771087646
calibration_test/ece:	0.02590329572558403
calibration_test/brier:	0.4043743908405304
accuracy_test/task:	70.5852800803818
accuracy_test/concepts:	94.74588012695312
map_test/concepts:	0.889895623922348

Epoch 5
losses_train/task:	1.247396469116211
losses_train/concepts:	8.69531536102295
losses_train/representations:	6.266474723815918
losses_train/total:	3.9968700408935547
losses_test/task:	1.0588375329971313
losses_test/concepts:	7.102581024169922
losses_test/representations:	5.803719997406006
losses_test/total:	3.510211944580078
calibration_test/ece:	0.04066726565361023
calibration_test/brier:	0.38191887736320496
accuracy_test/task:	72.7790337436155
accuracy_test/concepts:	94.93510437011719
map_test/concepts:	0.8865949630737304

Epoch 6
losses_train/task:	1.1579431295394897
losses_train/concepts:	8.24012279510498
losses_train/representations:	5.840097904205322
losses_train/total:	3.7339842319488525
losses_test/task:	0.7797019481658936
losses_test/concepts:	5.1699323654174805
losses_test/representations:	4.804529190063477
losses_test/total:	2.7380549907684326
calibration_test/ece:	0.024367937818169594
calibration_test/brier:	0.2997455596923828
accuracy_test/task:	79.00862429875241
accuracy_test/concepts:	95.98551177978516
map_test/concepts:	0.9112329080700874

Epoch 7
losses_train/task:	1.1339796781539917
losses_train/concepts:	7.994375705718994
losses_train/representations:	5.72855806350708
losses_train/total:	3.6519834995269775
losses_test/task:	0.9953566789627075
losses_test/concepts:	6.752298355102539
losses_test/representations:	5.927467346191406
losses_test/total:	3.4488275051116943
calibration_test/ece:	0.02206340990960598
calibration_test/brier:	0.35520139336586
accuracy_test/task:	74.62949007786989
accuracy_test/concepts:	94.86100769042969
map_test/concepts:	0.8891570657491684

Epoch 8
losses_train/task:	1.072425365447998
losses_train/concepts:	7.607270240783691
losses_train/representations:	5.405679702758789
losses_train/total:	3.4548580646514893
losses_test/task:	0.926228404045105
losses_test/concepts:	5.363617897033691
losses_test/representations:	5.277210235595703
losses_test/total:	3.04575252532959
calibration_test/ece:	0.033504076302051544
calibration_test/brier:	0.34501296281814575
accuracy_test/task:	75.21560746881018
accuracy_test/concepts:	95.27045440673828
map_test/concepts:	0.9072960153222084

Epoch 9
losses_train/task:	1.0039637088775635
losses_train/concepts:	7.285462856292725
losses_train/representations:	5.094011306762695
losses_train/total:	3.2607126235961914
losses_test/task:	0.8714187145233154
losses_test/concepts:	5.3683671951293945
losses_test/representations:	5.294055461883545
losses_test/total:	2.996472120285034
calibration_test/ece:	0.02169097028672695
calibration_test/brier:	0.313636839389801
accuracy_test/task:	78.07920957883279
accuracy_test/concepts:	95.75901794433594
map_test/concepts:	0.9119947731494904

Epoch 10
losses_train/task:	0.9809994697570801
losses_train/concepts:	7.133693695068359
losses_train/representations:	4.949653148651123
losses_train/total:	3.1792635917663574
losses_test/task:	0.7173855304718018
losses_test/concepts:	4.429436206817627
losses_test/representations:	4.38603401184082
losses_test/total:	2.4761393070220947
calibration_test/ece:	0.018816113471984863
calibration_test/brier:	0.27750131487846375
accuracy_test/task:	80.59951435987608
accuracy_test/concepts:	96.59884643554688
map_test/concepts:	0.9326001241803169

Epoch 11
losses_train/task:	0.9382877349853516
losses_train/concepts:	6.636054039001465
losses_train/representations:	4.740081310272217
losses_train/total:	3.0239176750183105
losses_test/task:	0.6942529678344727
losses_test/concepts:	4.571527481079102
losses_test/representations:	4.0193281173706055
losses_test/total:	2.357203960418701
calibration_test/ece:	0.015964852645993233
calibration_test/brier:	0.2666938006877899
accuracy_test/task:	81.54567529096542
accuracy_test/concepts:	96.70182800292969
map_test/concepts:	0.9202283769845963

Epoch 12
losses_train/task:	0.9037528038024902
losses_train/concepts:	6.429952144622803
losses_train/representations:	4.531621932983398
losses_train/total:	2.906235933303833
losses_test/task:	0.6867397427558899
losses_test/concepts:	4.420833587646484
losses_test/representations:	4.218953609466553
losses_test/total:	2.3945093154907227
calibration_test/ece:	0.013618218712508678
calibration_test/brier:	0.26416584849357605
accuracy_test/task:	81.37821317926819
accuracy_test/concepts:	96.72401428222656
map_test/concepts:	0.9336410358548164

Epoch 13
losses_train/task:	0.8531885147094727
losses_train/concepts:	6.345545291900635
losses_train/representations:	4.331894397735596
losses_train/total:	2.7873117923736572
losses_test/task:	0.5703521370887756
losses_test/concepts:	3.7855167388916016
losses_test/representations:	3.5599987506866455
losses_test/total:	2.0169029235839844
calibration_test/ece:	0.01738295890390873
calibration_test/brier:	0.2187012881040573
accuracy_test/task:	85.07912584777694
accuracy_test/concepts:	97.2841796875
map_test/concepts:	0.9407836318016052

Epoch 14
losses_train/task:	0.8623815774917603
losses_train/concepts:	6.243475914001465
losses_train/representations:	4.345153331756592
losses_train/total:	2.7902750968933105
losses_test/task:	0.6741499900817871
losses_test/concepts:	4.421077728271484
losses_test/representations:	3.9484989643096924
losses_test/total:	2.3008077144622803
calibration_test/ece:	0.025954727083444595
calibration_test/brier:	0.25529250502586365
accuracy_test/task:	82.31600100477267
accuracy_test/concepts:	96.51470184326172
map_test/concepts:	0.9229749470949173

Epoch 15
losses_train/task:	0.8449488282203674
losses_train/concepts:	6.119068622589111
losses_train/representations:	4.272006511688232
losses_train/total:	2.7384588718414307
losses_test/task:	0.5604889988899231
losses_test/concepts:	3.7483091354370117
losses_test/representations:	3.610239028930664
losses_test/total:	2.0183916091918945
calibration_test/ece:	0.015863433480262756
calibration_test/brier:	0.21411551535129547
accuracy_test/task:	85.07912584777694
accuracy_test/concepts:	97.21761322021484
map_test/concepts:	0.9357569947838783

Epoch 16
losses_train/task:	0.8126072883605957
losses_train/concepts:	5.736159324645996
losses_train/representations:	4.073446750640869
losses_train/total:	2.608257532119751
losses_test/task:	0.7056030631065369
losses_test/concepts:	4.955593109130859
losses_test/representations:	4.347060680389404
losses_test/total:	2.5052809715270996
calibration_test/ece:	0.034199364483356476
calibration_test/brier:	0.2594878375530243
accuracy_test/task:	82.05643473164197
accuracy_test/concepts:	96.60972595214844
map_test/concepts:	0.9220378339290619

Epoch 17
losses_train/task:	0.7856394648551941
losses_train/concepts:	5.794753074645996
losses_train/representations:	3.9525349140167236
losses_train/total:	2.550875663757324
losses_test/task:	0.6607208251953125
losses_test/concepts:	4.144111156463623
losses_test/representations:	3.798978090286255
losses_test/total:	2.2148256301879883
calibration_test/ece:	0.028038032352924347
calibration_test/brier:	0.2555111348628998
accuracy_test/task:	82.53370174997907
accuracy_test/concepts:	96.66582489013672
map_test/concepts:	0.9243696019053459

Epoch 18
losses_train/task:	0.7769314646720886
losses_train/concepts:	5.6709980964660645
losses_train/representations:	3.8735218048095703
losses_train/total:	2.5060884952545166
losses_test/task:	0.539044201374054
losses_test/concepts:	3.6442983150482178
losses_test/representations:	3.3756725788116455
losses_test/total:	1.9161754846572876
calibration_test/ece:	0.023340390995144844
calibration_test/brier:	0.21045492589473724
accuracy_test/task:	85.39730386000167
accuracy_test/concepts:	97.35578155517578
map_test/concepts:	0.9393301233649254

Epoch 19
losses_train/task:	0.7679256200790405
losses_train/concepts:	5.526012897491455
losses_train/representations:	3.802034378051758
losses_train/total:	2.4611361026763916
losses_test/task:	0.5213243365287781
losses_test/concepts:	3.572382688522339
losses_test/representations:	3.244738817214966
losses_test/total:	1.851984977722168
calibration_test/ece:	0.024094367399811745
calibration_test/brier:	0.20314694941043854
accuracy_test/task:	85.64849702754752
accuracy_test/concepts:	97.46253967285156
map_test/concepts:	0.9421907961368561

Epoch 20
losses_train/task:	0.7470149993896484
losses_train/concepts:	5.4276604652404785
losses_train/representations:	3.7379117012023926
losses_train/total:	2.4111545085906982
losses_test/task:	0.5118992328643799
losses_test/concepts:	3.544879913330078
losses_test/representations:	3.0479748249053955
losses_test/total:	1.780779480934143
calibration_test/ece:	0.012887800112366676
calibration_test/brier:	0.19841350615024567
accuracy_test/task:	86.32671857992129
accuracy_test/concepts:	97.57850646972656
map_test/concepts:	0.9422421753406525

Epoch 21
losses_train/task:	0.731473445892334
losses_train/concepts:	5.388991355895996
losses_train/representations:	3.6962954998016357
losses_train/total:	2.3792622089385986
losses_test/task:	0.6595353484153748
losses_test/concepts:	3.8062615394592285
losses_test/representations:	3.81486439704895
losses_test/total:	2.1846206188201904
calibration_test/ece:	0.041264887899160385
calibration_test/brier:	0.24152334034442902
accuracy_test/task:	83.89014485472661
accuracy_test/concepts:	96.98483276367188
map_test/concepts:	0.9169590190052986

Epoch 22
losses_train/task:	0.702303409576416
losses_train/concepts:	5.024389743804932
losses_train/representations:	3.467411518096924
losses_train/total:	2.2449660301208496
losses_test/task:	0.4862479269504547
losses_test/concepts:	3.6523854732513428
losses_test/representations:	2.808759927749634
losses_test/total:	1.6941144466400146
calibration_test/ece:	0.02757086046040058
calibration_test/brier:	0.18920665979385376
accuracy_test/task:	87.12216361048313
accuracy_test/concepts:	97.78404998779297
map_test/concepts:	0.9453101545572281

Epoch 23
losses_train/task:	0.6984862685203552
losses_train/concepts:	5.120208740234375
losses_train/representations:	3.454669952392578
losses_train/total:	2.246907949447632
losses_test/task:	0.45903706550598145
losses_test/concepts:	3.021174669265747
losses_test/representations:	2.7136611938476562
losses_test/total:	1.5752533674240112
calibration_test/ece:	0.016903335228562355
calibration_test/brier:	0.1750752180814743
accuracy_test/task:	88.14368249183622
accuracy_test/concepts:	97.8778305053711
map_test/concepts:	0.9497146844863892

Epoch 24
losses_train/task:	0.6983039975166321
losses_train/concepts:	5.239384174346924
losses_train/representations:	3.5211551189422607
losses_train/total:	2.2785887718200684
losses_test/task:	0.4868011176586151
losses_test/concepts:	3.2789533138275146
losses_test/representations:	2.9862592220306396
losses_test/total:	1.7105742692947388
calibration_test/ece:	0.027706898748874664
calibration_test/brier:	0.18602585792541504
accuracy_test/task:	87.33149125010466
accuracy_test/concepts:	97.62580871582031
map_test/concepts:	0.9432579010725022

Epoch 25
losses_train/task:	0.7037906646728516
losses_train/concepts:	5.205867290496826
losses_train/representations:	3.4881300926208496
losses_train/total:	2.2708163261413574
losses_test/task:	0.5656171441078186
losses_test/concepts:	3.5541770458221436
losses_test/representations:	3.3950910568237305
losses_test/total:	1.9395618438720703
calibration_test/ece:	0.03535372018814087
calibration_test/brier:	0.21339485049247742
accuracy_test/task:	85.49778112702
accuracy_test/concepts:	97.13639831542969
map_test/concepts:	0.9377199873328209

Epoch 26
losses_train/task:	0.6622079610824585
losses_train/concepts:	4.884645938873291
losses_train/representations:	3.3116085529327393
losses_train/total:	2.1441540718078613
losses_test/task:	0.5116849541664124
losses_test/concepts:	3.4310362339019775
losses_test/representations:	2.9015612602233887
losses_test/total:	1.7252570390701294
calibration_test/ece:	0.027234677225351334
calibration_test/brier:	0.19330306351184845
accuracy_test/task:	87.16402913840743
accuracy_test/concepts:	97.65553283691406
map_test/concepts:	0.9421410724520684

Epoch 27
losses_train/task:	0.6413887739181519
losses_train/concepts:	4.693786144256592
losses_train/representations:	3.207021713256836
losses_train/total:	2.0728745460510254
losses_test/task:	0.42028194665908813
losses_test/concepts:	2.7956032752990723
losses_test/representations:	2.862044334411621
losses_test/total:	1.5584557056427002
calibration_test/ece:	0.02113611251115799
calibration_test/brier:	0.1630498766899109
accuracy_test/task:	88.81353093862514
accuracy_test/concepts:	98.02647399902344
map_test/concepts:	0.949867706000805

Epoch 28
losses_train/task:	0.6464831233024597
losses_train/concepts:	4.783119201660156
losses_train/representations:	3.178056478500366
losses_train/total:	2.0782113075256348
losses_test/task:	0.4591849148273468
losses_test/concepts:	2.9423069953918457
losses_test/representations:	3.2464892864227295
losses_test/total:	1.727362871170044
calibration_test/ece:	0.028994595631957054
calibration_test/brier:	0.17540669441223145
accuracy_test/task:	88.00133969689358
accuracy_test/concepts:	97.77861785888672
map_test/concepts:	0.9515117138624192

Epoch 29
losses_train/task:	0.6404148936271667
losses_train/concepts:	4.740668296813965
losses_train/representations:	3.1793465614318848
losses_train/total:	2.0682857036590576
losses_test/task:	0.4872179627418518
losses_test/concepts:	3.208371639251709
losses_test/representations:	2.9132750034332275
losses_test/total:	1.6820374727249146
calibration_test/ece:	0.025900591164827347
calibration_test/brier:	0.1808825433254242
accuracy_test/task:	87.8673700075358
accuracy_test/concepts:	97.83512878417969
map_test/concepts:	0.9422573819756508

Epoch 30
losses_train/task:	0.6268486976623535
losses_train/concepts:	4.617064952850342
losses_train/representations:	3.071765899658203
losses_train/total:	2.0100858211517334
losses_test/task:	0.4169784486293793
losses_test/concepts:	2.8281514644622803
losses_test/representations:	2.6648213863372803
losses_test/total:	1.4992399215698242
calibration_test/ece:	0.01401673536747694
calibration_test/brier:	0.16347475349903107
accuracy_test/task:	88.83027714979485
accuracy_test/concepts:	97.97538757324219
map_test/concepts:	0.9495476365089417

Epoch 31
losses_train/task:	0.627614438533783
losses_train/concepts:	4.7151198387146
losses_train/representations:	3.126887083053589
losses_train/total:	2.0371932983398438
losses_test/task:	0.45889198780059814
losses_test/concepts:	2.9297091960906982
losses_test/representations:	2.8561487197875977
losses_test/total:	1.6087076663970947
calibration_test/ece:	0.028177078813314438
calibration_test/brier:	0.17793266475200653
accuracy_test/task:	87.92598174662983
accuracy_test/concepts:	97.9075698852539
map_test/concepts:	0.948873633146286

Epoch 32
losses_train/task:	0.6091591715812683
losses_train/concepts:	4.536744594573975
losses_train/representations:	3.0363898277282715
losses_train/total:	1.973750114440918
losses_test/task:	0.42399799823760986
losses_test/concepts:	2.8129982948303223
losses_test/representations:	2.582653284072876
losses_test/total:	1.4800937175750732
calibration_test/ece:	0.01900440827012062
calibration_test/brier:	0.16409876942634583
accuracy_test/task:	88.92238131122834
accuracy_test/concepts:	98.02645111083984
map_test/concepts:	0.9507002517580986

Epoch 33
losses_train/task:	0.5983374714851379
losses_train/concepts:	4.483318328857422
losses_train/representations:	2.979314088821411
losses_train/total:	1.9404640197753906
losses_test/task:	0.5722352266311646
losses_test/concepts:	3.7581467628479004
losses_test/representations:	3.2178821563720703
losses_test/total:	1.913414478302002
calibration_test/ece:	0.035906832665205
calibration_test/brier:	0.21054166555404663
accuracy_test/task:	85.8243322448296
accuracy_test/concepts:	97.43363952636719
map_test/concepts:	0.9420880675315857

Epoch 34
losses_train/task:	0.591924786567688
losses_train/concepts:	4.433955192565918
losses_train/representations:	2.9246792793273926
losses_train/total:	1.912724494934082
losses_test/task:	0.4121788740158081
losses_test/concepts:	2.5902950763702393
losses_test/representations:	2.356523036956787
losses_test/total:	1.3781658411026
calibration_test/ece:	0.021838458254933357
calibration_test/brier:	0.16225410997867584
accuracy_test/task:	89.31591727371682
accuracy_test/concepts:	98.08465576171875
map_test/concepts:	0.9541420474648475

Epoch 35
losses_train/task:	0.5841620564460754
losses_train/concepts:	4.4505462646484375
losses_train/representations:	2.918433666229248
losses_train/total:	1.9047471284866333
losses_test/task:	0.4379253387451172
losses_test/concepts:	3.265052318572998
losses_test/representations:	2.6240618228912354
losses_test/total:	1.5516492128372192
calibration_test/ece:	0.021881327033042908
calibration_test/brier:	0.16614799201488495
accuracy_test/task:	88.76329230511597
accuracy_test/concepts:	97.94901275634766
map_test/concepts:	0.9500641524791718

Epoch 36
losses_train/task:	0.5845924615859985
losses_train/concepts:	4.407633304595947
losses_train/representations:	2.918144702911377
losses_train/total:	1.9007993936538696
losses_test/task:	0.49066847562789917
losses_test/concepts:	3.3343470096588135
losses_test/representations:	2.8844785690307617
losses_test/total:	1.6894466876983643
calibration_test/ece:	0.02657056227326393
calibration_test/brier:	0.18890289962291718
accuracy_test/task:	87.09704429372854
accuracy_test/concepts:	97.71958923339844
map_test/concepts:	0.945871302485466

Epoch 37
losses_train/task:	0.5760903358459473
losses_train/concepts:	4.359409332275391
losses_train/representations:	2.826772689819336
losses_train/total:	1.8600635528564453
losses_test/task:	0.4821954667568207
losses_test/concepts:	3.0880379676818848
losses_test/representations:	2.7178874015808105
losses_test/total:	1.6063655614852905
calibration_test/ece:	0.032314084470272064
calibration_test/brier:	0.18389193713665009
accuracy_test/task:	87.29799882776521
accuracy_test/concepts:	97.78113555908203
map_test/concepts:	0.9525705993175506

Epoch 38
losses_train/task:	0.5779163241386414
losses_train/concepts:	4.316589832305908
losses_train/representations:	2.838268280029297
losses_train/total:	1.8610560894012451
losses_test/task:	0.46556556224823
losses_test/concepts:	3.051253318786621
losses_test/representations:	2.7032735347747803
losses_test/total:	1.5816733837127686
calibration_test/ece:	0.021244261413812637
calibration_test/brier:	0.1747829169034958
accuracy_test/task:	88.26927907560915
accuracy_test/concepts:	97.91593933105469
map_test/concepts:	0.9446913108229638

Epoch 39
losses_train/task:	0.5481391549110413
losses_train/concepts:	4.0821919441223145
losses_train/representations:	2.6831274032592773
losses_train/total:	1.7612963914871216
losses_test/task:	0.4346000552177429
losses_test/concepts:	2.9922471046447754
losses_test/representations:	2.5527753829956055
losses_test/total:	1.4996576309204102
calibration_test/ece:	0.03404565528035164
calibration_test/brier:	0.16372045874595642
accuracy_test/task:	89.18194758435904
accuracy_test/concepts:	98.02017974853516
map_test/concepts:	0.9562317788600921

Epoch 40
losses_train/task:	0.5494134426116943
losses_train/concepts:	4.203023433685303
losses_train/representations:	2.7020761966705322
losses_train/total:	1.7803395986557007
losses_test/task:	0.4117657542228699
losses_test/concepts:	2.918975830078125
losses_test/representations:	2.4926016330718994
losses_test/total:	1.4514434337615967
calibration_test/ece:	0.02116536721587181
calibration_test/brier:	0.15483765304088593
accuracy_test/task:	89.43314075190489
accuracy_test/concepts:	98.01976013183594
map_test/concepts:	0.9496508911252022

Epoch 41
losses_train/task:	0.5521544814109802
losses_train/concepts:	4.190115928649902
losses_train/representations:	2.7573330402374268
losses_train/total:	1.7983651161193848
losses_test/task:	0.4182291030883789
losses_test/concepts:	2.9390196800231934
losses_test/representations:	2.3738582134246826
losses_test/total:	1.4242888689041138
calibration_test/ece:	0.02738134376704693
calibration_test/brier:	0.15778884291648865
accuracy_test/task:	89.36615590722599
accuracy_test/concepts:	98.12944030761719
map_test/concepts:	0.9533989250659942

Epoch 42
losses_train/task:	0.527668297290802
losses_train/concepts:	4.052690505981445
losses_train/representations:	2.625947952270508
losses_train/total:	1.7207224369049072
losses_test/task:	0.4381185472011566
losses_test/concepts:	2.8797709941864014
losses_test/representations:	2.648437976837158
losses_test/total:	1.5206272602081299
calibration_test/ece:	0.022195426747202873
calibration_test/brier:	0.16455265879631042
accuracy_test/task:	88.79678472745542
accuracy_test/concepts:	97.93226623535156
map_test/concepts:	0.9516627863049507

Epoch 43
losses_train/task:	0.5392481088638306
losses_train/concepts:	4.0864577293396
losses_train/representations:	2.649409532546997
losses_train/total:	1.7427170276641846
losses_test/task:	0.4686560034751892
losses_test/concepts:	2.859553098678589
losses_test/representations:	2.746695041656494
losses_test/total:	1.5786197185516357
calibration_test/ece:	0.030704546719789505
calibration_test/brier:	0.17700131237506866
accuracy_test/task:	88.18554801976053
accuracy_test/concepts:	97.79242706298828
map_test/concepts:	0.9532871454954147

Epoch 44
losses_train/task:	0.5292906761169434
losses_train/concepts:	4.07265043258667
losses_train/representations:	2.6228015422821045
losses_train/total:	1.7233960628509521
losses_test/task:	0.4158741533756256
losses_test/concepts:	2.833456039428711
losses_test/representations:	2.43536639213562
losses_test/total:	1.4298298358917236
calibration_test/ece:	0.02732039988040924
calibration_test/brier:	0.15548717975616455
accuracy_test/task:	89.63409528594156
accuracy_test/concepts:	98.08757781982422
map_test/concepts:	0.9550361871719361

Epoch 45
losses_train/task:	0.5328555107116699
losses_train/concepts:	4.003978729248047
losses_train/representations:	2.5920822620391846
losses_train/total:	1.7108778953552246
losses_test/task:	0.4169761538505554
losses_test/concepts:	2.8574957847595215
losses_test/representations:	2.4270308017730713
losses_test/total:	1.430834412574768
calibration_test/ece:	0.029622364789247513
calibration_test/brier:	0.15545342862606049
accuracy_test/task:	89.62572218035669
accuracy_test/concepts:	98.18931579589844
map_test/concepts:	0.9515711784362793

Epoch 46
losses_train/task:	0.5061780214309692
losses_train/concepts:	3.8673503398895264
losses_train/representations:	2.4952588081359863
losses_train/total:	1.6414906978607178
losses_test/task:	0.3921103775501251
losses_test/concepts:	2.6796371936798096
losses_test/representations:	2.2675812244415283
losses_test/total:	1.340348482131958
calibration_test/ece:	0.026455765590071678
calibration_test/brier:	0.14929290115833282
accuracy_test/task:	89.98576572050574
accuracy_test/concepts:	98.25421142578125
map_test/concepts:	0.9524684756994247

Epoch 47
losses_train/task:	0.5144009590148926
losses_train/concepts:	3.942753553390503
losses_train/representations:	2.525852918624878
losses_train/total:	1.6664320230484009
losses_test/task:	0.3954121172428131
losses_test/concepts:	2.7152082920074463
losses_test/representations:	2.364258289337158
losses_test/total:	1.3762108087539673
calibration_test/ece:	0.026488378643989563
calibration_test/brier:	0.14914797246456146
accuracy_test/task:	90.12810851544837
accuracy_test/concepts:	98.1231689453125
map_test/concepts:	0.9545490145683289

Epoch 48
losses_train/task:	0.5175356864929199
losses_train/concepts:	3.9958086013793945
losses_train/representations:	2.5804924964904785
losses_train/total:	1.6912636756896973
losses_test/task:	0.4284231960773468
losses_test/concepts:	3.2515547275543213
losses_test/representations:	2.4375386238098145
losses_test/total:	1.4848403930664062
calibration_test/ece:	0.029792413115501404
calibration_test/brier:	0.16264608502388
accuracy_test/task:	89.22381311228335
accuracy_test/concepts:	98.06497192382812
map_test/concepts:	0.9483794689178466

Epoch 49
losses_train/task:	0.5148550271987915
losses_train/concepts:	3.896353244781494
losses_train/representations:	2.5119307041168213
losses_train/total:	1.6580702066421509
losses_test/task:	0.39498448371887207
losses_test/concepts:	2.820265054702759
losses_test/representations:	2.324132204055786
losses_test/total:	1.3742506504058838
calibration_test/ece:	0.024297360330820084
calibration_test/brier:	0.15194787085056305
accuracy_test/task:	89.58385665243239
accuracy_test/concepts:	98.18093872070312
map_test/concepts:	0.956149409711361

Epoch 50
losses_train/task:	0.514145016670227
losses_train/concepts:	3.989962100982666
losses_train/representations:	2.5495707988739014
losses_train/total:	1.678012728691101
losses_test/task:	0.389708012342453
losses_test/concepts:	3.240856409072876
losses_test/representations:	2.3951570987701416
losses_test/total:	1.4323407411575317
calibration_test/ece:	0.02462228573858738
calibration_test/brier:	0.14585289359092712
accuracy_test/task:	90.32068994390019
accuracy_test/concepts:	98.31867980957031
map_test/concepts:	0.9564722418785095

Epoch 51
losses_train/task:	0.4108544588088989
losses_train/concepts:	3.3670055866241455
losses_train/representations:	2.043743133544922
losses_train/total:	1.3606778383255005
losses_test/task:	0.2859443724155426
losses_test/concepts:	2.2039501667022705
losses_test/representations:	1.6525543928146362
losses_test/total:	1.002105474472046
calibration_test/ece:	0.02176457643508911
calibration_test/brier:	0.11117152124643326
accuracy_test/task:	92.66515950766139
accuracy_test/concepts:	98.72435760498047
map_test/concepts:	0.9660836577415466

Epoch 52
losses_train/task:	0.35439416766166687
losses_train/concepts:	2.9173285961151123
losses_train/representations:	1.7477707862854004
losses_train/total:	1.1704583168029785
losses_test/task:	0.27790042757987976
losses_test/concepts:	2.230623483657837
losses_test/representations:	1.5763646364212036
losses_test/total:	0.9738723039627075
calibration_test/ece:	0.023486178368330002
calibration_test/brier:	0.10715815424919128
accuracy_test/task:	92.97496441430127
accuracy_test/concepts:	98.80012512207031
map_test/concepts:	0.9667540550231933

Epoch 53
losses_train/task:	0.34596648812294006
losses_train/concepts:	2.8828985691070557
losses_train/representations:	1.6924322843551636
losses_train/total:	1.14198637008667
losses_test/task:	0.26828497648239136
losses_test/concepts:	2.1565845012664795
losses_test/representations:	1.53066885471344
losses_test/total:	0.9431442618370056
calibration_test/ece:	0.022296234965324402
calibration_test/brier:	0.1045122817158699
accuracy_test/task:	93.05032236456502
accuracy_test/concepts:	98.82191467285156
map_test/concepts:	0.9667081028223038

Epoch 54
losses_train/task:	0.3351958394050598
losses_train/concepts:	2.8016421794891357
losses_train/representations:	1.65245521068573
losses_train/total:	1.111096978187561
losses_test/task:	0.2662357985973358
losses_test/concepts:	2.0785491466522217
losses_test/representations:	1.513682246208191
losses_test/total:	0.9281954169273376
calibration_test/ece:	0.022093024104833603
calibration_test/brier:	0.10310930758714676
accuracy_test/task:	93.3350079544503
accuracy_test/concepts:	98.83613586425781
map_test/concepts:	0.9664743930101395

Epoch 55
losses_train/task:	0.32978540658950806
losses_train/concepts:	2.7571351528167725
losses_train/representations:	1.6215522289276123
losses_train/total:	1.091964840888977
losses_test/task:	0.27049317955970764
losses_test/concepts:	2.051539659500122
losses_test/representations:	1.5321956872940063
losses_test/total:	0.9353060126304626
calibration_test/ece:	0.025202447548508644
calibration_test/brier:	0.10527537018060684
accuracy_test/task:	93.13405342041364
accuracy_test/concepts:	98.83529663085938
map_test/concepts:	0.9667318820953369

Epoch 56
losses_train/task:	0.3230818212032318
losses_train/concepts:	2.694993734359741
losses_train/representations:	1.5670950412750244
losses_train/total:	1.0627096891403198
losses_test/task:	0.2655162215232849
losses_test/concepts:	2.08664870262146
losses_test/representations:	1.4934245347976685
losses_test/total:	0.9222087264060974
calibration_test/ece:	0.024394191801548004
calibration_test/brier:	0.10255275666713715
accuracy_test/task:	93.35175416562002
accuracy_test/concepts:	98.84619140625
map_test/concepts:	0.9667914122343063

Epoch 57
losses_train/task:	0.3236517906188965
losses_train/concepts:	2.6525208950042725
losses_train/representations:	1.5558993816375732
losses_train/total:	1.0556739568710327
losses_test/task:	0.2617928087711334
losses_test/concepts:	1.9853651523590088
losses_test/representations:	1.4804904460906982
losses_test/total:	0.9044764637947083
calibration_test/ece:	0.023998092859983444
calibration_test/brier:	0.10058280825614929
accuracy_test/task:	93.35175416562002
accuracy_test/concepts:	98.86669921875
map_test/concepts:	0.967234081029892

Epoch 58
losses_train/task:	0.31100335717201233
losses_train/concepts:	2.6392831802368164
losses_train/representations:	1.4923673868179321
losses_train/total:	1.0226421356201172
losses_test/task:	0.2659761607646942
losses_test/concepts:	1.894597053527832
losses_test/representations:	1.5133891105651855
losses_test/total:	0.9094527959823608
calibration_test/ece:	0.023856675252318382
calibration_test/brier:	0.10312597453594208
accuracy_test/task:	93.17591894833794
accuracy_test/concepts:	98.84660339355469
map_test/concepts:	0.9684917688369751

Epoch 59
losses_train/task:	0.3132816553115845
losses_train/concepts:	2.6302602291107178
losses_train/representations:	1.524430751800537
losses_train/total:	1.0336365699768066
losses_test/task:	0.26449036598205566
losses_test/concepts:	2.1533596515655518
losses_test/representations:	1.4832524061203003
losses_test/total:	0.9248018264770508
calibration_test/ece:	0.02478650212287903
calibration_test/brier:	0.10092056542634964
accuracy_test/task:	93.36012727120489
accuracy_test/concepts:	98.87464904785156
map_test/concepts:	0.968688327074051

Epoch 60
losses_train/task:	0.3076488673686981
losses_train/concepts:	2.488649845123291
losses_train/representations:	1.4728795289993286
losses_train/total:	0.9983779191970825
losses_test/task:	0.2624301314353943
losses_test/concepts:	2.144881248474121
losses_test/representations:	1.4555312395095825
losses_test/total:	0.9135778546333313
calibration_train/ece:	0.005765002220869064
calibration_train/brier:	0.07870091497898102
accuracy_train/task:	94.4760101010101
calibration_test/ece:	0.02415408194065094
calibration_test/brier:	0.09938714653253555
accuracy_test/task:	93.46897764380809
accuracy_train/concepts:	98.95713806152344
map_train/concepts:	0.9835779786109924
accuracy_test/concepts:	98.89057922363281
map_test/concepts:	0.9679517567157745
accuracy_test/nuisances_task:	1.4084860911736121
accuracy_test/nuisances_nontask:	0.0
mutual_inf_test/nuisances_task:	0.06472348202905649
mutual_inf_test/nuisances_nontask:	0.0

Epoch 61
losses_train/task:	0.31042560935020447
losses_train/concepts:	2.5811142921447754
losses_train/representations:	1.479933261871338
losses_train/total:	1.012516975402832
losses_test/task:	0.2630777955055237
losses_test/concepts:	2.147059202194214
losses_test/representations:	1.4555264711380005
losses_test/total:	0.9144414067268372
calibration_test/ece:	0.024675942957401276
calibration_test/brier:	0.10068892687559128
accuracy_test/task:	93.46897764380809
accuracy_test/concepts:	98.86167907714844
map_test/concepts:	0.9678097337484359

Epoch 62
losses_train/task:	0.3051726818084717
losses_train/concepts:	2.5936386585235596
losses_train/representations:	1.4831215143203735
losses_train/total:	1.0094733238220215
losses_test/task:	0.2629605233669281
losses_test/concepts:	2.409119129180908
losses_test/representations:	1.4532700777053833
losses_test/total:	0.9398531317710876
calibration_test/ece:	0.02406335435807705
calibration_test/brier:	0.10023503750562668
accuracy_test/task:	93.53596248848697
accuracy_test/concepts:	98.89433288574219
map_test/concepts:	0.9669827163219452

Epoch 63
losses_train/task:	0.3017940819263458
losses_train/concepts:	2.518674373626709
losses_train/representations:	1.4504547119140625
losses_train/total:	0.9887981414794922
losses_test/task:	0.25693628191947937
losses_test/concepts:	2.116107225418091
losses_test/representations:	1.4336298704147339
losses_test/total:	0.898635745048523
calibration_test/ece:	0.026148375123739243
calibration_test/brier:	0.09820090979337692
accuracy_test/task:	93.60294733316587
accuracy_test/concepts:	98.89265441894531
map_test/concepts:	0.9685656219720841

Epoch 64
losses_train/task:	0.2984424829483032
losses_train/concepts:	2.5154080390930176
losses_train/representations:	1.432552456855774
losses_train/total:	0.9797489047050476
losses_test/task:	0.25613823533058167
losses_test/concepts:	2.2111308574676514
losses_test/representations:	1.4126601219177246
losses_test/total:	0.9010493755340576
calibration_test/ece:	0.025805072858929634
calibration_test/brier:	0.09928100556135178
accuracy_test/task:	93.4857238549778
accuracy_test/concepts:	98.90898132324219
map_test/concepts:	0.9657608658075333

Epoch 65
losses_train/task:	0.30038952827453613
losses_train/concepts:	2.506828784942627
losses_train/representations:	1.43885338306427
losses_train/total:	0.9827283620834351
losses_test/task:	0.2598896622657776
losses_test/concepts:	2.185300588607788
losses_test/representations:	1.4352757930755615
losses_test/total:	0.9090023040771484
calibration_test/ece:	0.024120310321450233
calibration_test/brier:	0.0986613780260086
accuracy_test/task:	93.6615590722599
accuracy_test/concepts:	98.90312194824219
map_test/concepts:	0.9679904520511627

Epoch 66
losses_train/task:	0.29493677616119385
losses_train/concepts:	2.412419557571411
losses_train/representations:	1.4147765636444092
losses_train/total:	0.9606116414070129
losses_test/task:	0.25455862283706665
losses_test/concepts:	2.477961301803589
losses_test/representations:	1.4061509370803833
losses_test/total:	0.9242004752159119
calibration_test/ece:	0.02534276247024536
calibration_test/brier:	0.09722626209259033
accuracy_test/task:	93.594574227581
accuracy_test/concepts:	98.90856170654297
map_test/concepts:	0.9679429233074188

Epoch 67
losses_train/task:	0.29345187544822693
losses_train/concepts:	2.440541982650757
losses_train/representations:	1.396201491355896
losses_train/total:	0.956366777420044
losses_test/task:	0.2594399154186249
losses_test/concepts:	2.1812379360198975
losses_test/representations:	1.4495304822921753
losses_test/total:	0.9124226570129395
calibration_test/ece:	0.025622360408306122
calibration_test/brier:	0.09944462031126022
accuracy_test/task:	93.50247006614754
accuracy_test/concepts:	98.88636779785156
map_test/concepts:	0.9688116788864136

Epoch 68
losses_train/task:	0.2846977114677429
losses_train/concepts:	2.424463987350464
losses_train/representations:	1.3887238502502441
losses_train/total:	0.9437611103057861
losses_test/task:	0.2552126348018646
losses_test/concepts:	2.1821484565734863
losses_test/representations:	1.4050458669662476
losses_test/total:	0.8949412703514099
calibration_test/ece:	0.02471352182328701
calibration_test/brier:	0.09812600165605545
accuracy_test/task:	93.65318596667504
accuracy_test/concepts:	98.92740631103516
map_test/concepts:	0.9685633927583694

Epoch 69
losses_train/task:	0.282528281211853
losses_train/concepts:	2.391664981842041
losses_train/representations:	1.362777829170227
losses_train/total:	0.9305281043052673
losses_test/task:	0.26184916496276855
losses_test/concepts:	2.181154489517212
losses_test/representations:	1.4376662969589233
losses_test/total:	0.9112645983695984
calibration_test/ece:	0.026325233280658722
calibration_test/brier:	0.09962325543165207
accuracy_test/task:	93.63643975550532
accuracy_test/concepts:	98.89726257324219
map_test/concepts:	0.9674183517694473

Epoch 70
losses_train/task:	0.2887870967388153
losses_train/concepts:	2.385401964187622
losses_train/representations:	1.3760696649551392
losses_train/total:	0.9401481747627258
losses_test/task:	0.25120365619659424
losses_test/concepts:	2.4660143852233887
losses_test/representations:	1.3884950876235962
losses_test/total:	0.914353609085083
calibration_test/ece:	0.025044525042176247
calibration_test/brier:	0.09633009880781174
accuracy_test/task:	93.68667838901449
accuracy_test/concepts:	98.9395523071289
map_test/concepts:	0.9701606422662735

Epoch 71
losses_train/task:	0.2694465219974518
losses_train/concepts:	2.285045623779297
losses_train/representations:	1.3087704181671143
losses_train/total:	0.8905820846557617
losses_test/task:	0.25273194909095764
losses_test/concepts:	2.2333226203918457
losses_test/representations:	1.3894622325897217
losses_test/total:	0.8929028511047363
calibration_test/ece:	0.02595597878098488
calibration_test/brier:	0.0968131572008133
accuracy_test/task:	93.65318596667504
accuracy_test/concepts:	98.92950439453125
map_test/concepts:	0.9678475290536881

Epoch 72
losses_train/task:	0.2913629412651062
losses_train/concepts:	2.476138114929199
losses_train/representations:	1.3903510570526123
losses_train/total:	0.9560819864273071
losses_test/task:	0.2538248300552368
losses_test/concepts:	2.3031508922576904
losses_test/representations:	1.3888651132583618
losses_test/total:	0.9007993936538696
calibration_test/ece:	0.02653343789279461
calibration_test/brier:	0.0975535586476326
accuracy_test/task:	93.68667838901449
accuracy_test/concepts:	98.92281341552734
map_test/concepts:	0.9665189206600189

Epoch 73
losses_train/task:	0.27844250202178955
losses_train/concepts:	2.3888661861419678
losses_train/representations:	1.3489611148834229
losses_train/total:	0.9220180511474609
losses_test/task:	0.2555990219116211
losses_test/concepts:	2.4568629264831543
losses_test/representations:	1.3960442543029785
losses_test/total:	0.9200987219810486
calibration_test/ece:	0.026349060237407684
calibration_test/brier:	0.09841478615999222
accuracy_test/task:	93.65318596667504
accuracy_test/concepts:	98.93074035644531
map_test/concepts:	0.967147496342659

Epoch 74
losses_train/task:	0.28524091839790344
losses_train/concepts:	2.378044605255127
losses_train/representations:	1.3546206951141357
losses_train/total:	0.9294314980506897
losses_test/task:	0.2576778531074524
losses_test/concepts:	2.319291591644287
losses_test/representations:	1.3875259160995483
losses_test/total:	0.9058650732040405
calibration_test/ece:	0.02642417699098587
calibration_test/brier:	0.09811627119779587
accuracy_test/task:	93.68667838901449
accuracy_test/concepts:	98.92279815673828
map_test/concepts:	0.9671225249767303

Epoch 75
losses_train/task:	0.27296748757362366
losses_train/concepts:	2.3107798099517822
losses_train/representations:	1.3059438467025757
losses_train/total:	0.8958284854888916
losses_test/task:	0.25641191005706787
losses_test/concepts:	2.429979085922241
losses_test/representations:	1.3931357860565186
losses_test/total:	0.9173503518104553
calibration_test/ece:	0.02483702450990677
calibration_test/brier:	0.09801138192415237
accuracy_test/task:	93.8122749727874
accuracy_test/concepts:	98.91233825683594
map_test/concepts:	0.969061529636383

Epoch 76
losses_train/task:	0.2761331796646118
losses_train/concepts:	2.315905809402466
losses_train/representations:	1.313186526298523
losses_train/total:	0.9016799330711365
losses_test/task:	0.2592270076274872
losses_test/concepts:	2.1882996559143066
losses_test/representations:	1.4086560010910034
losses_test/total:	0.9006538987159729
calibration_test/ece:	0.02649649977684021
calibration_test/brier:	0.09932970255613327
accuracy_test/task:	93.56108180524157
accuracy_test/concepts:	98.90898132324219
map_test/concepts:	0.9667087346315384

Epoch 77
losses_train/task:	0.2835646867752075
losses_train/concepts:	2.390423536300659
losses_train/representations:	1.3714103698730469
losses_train/total:	0.9340304136276245
losses_test/task:	0.2584553360939026
losses_test/concepts:	2.5206615924835205
losses_test/representations:	1.3815075159072876
losses_test/total:	0.9249737858772278
calibration_test/ece:	0.025449424982070923
calibration_test/brier:	0.09720725566148758
accuracy_test/task:	93.8122749727874
accuracy_test/concepts:	98.93660736083984
map_test/concepts:	0.9657670110464096

Epoch 78
losses_train/task:	0.2777470350265503
losses_train/concepts:	2.324042797088623
losses_train/representations:	1.3163914680480957
losses_train/total:	0.9050686955451965
losses_test/task:	0.2540508508682251
losses_test/concepts:	2.1840662956237793
losses_test/representations:	1.379511833190918
losses_test/total:	0.8863109350204468
calibration_test/ece:	0.02662118710577488
calibration_test/brier:	0.09668745845556259
accuracy_test/task:	93.86251360629657
accuracy_test/concepts:	98.94247436523438
map_test/concepts:	0.9658796161413192

Epoch 79
losses_train/task:	0.2784864604473114
losses_train/concepts:	2.3185465335845947
losses_train/representations:	1.3333934545516968
losses_train/total:	0.9103595614433289
losses_test/task:	0.2601109743118286
losses_test/concepts:	2.6462955474853516
losses_test/representations:	1.3844376802444458
losses_test/total:	0.9400719404220581
calibration_test/ece:	0.02686426043510437
calibration_test/brier:	0.09830649197101593
accuracy_test/task:	93.64481286109017
accuracy_test/concepts:	98.93535614013672
map_test/concepts:	0.9662978500127792

Epoch 80
losses_train/task:	0.26537656784057617
losses_train/concepts:	2.2087557315826416
losses_train/representations:	1.2921257019042969
losses_train/total:	0.8738899827003479
losses_test/task:	0.25539430975914
losses_test/concepts:	2.522437810897827
losses_test/representations:	1.3807141780853271
losses_test/total:	0.9218524098396301
calibration_test/ece:	0.02643698826432228
calibration_test/brier:	0.09722214192152023
accuracy_test/task:	93.7704094448631
accuracy_test/concepts:	98.92322540283203
map_test/concepts:	0.9672686904668808

Epoch 81
losses_train/task:	0.2772141695022583
losses_train/concepts:	2.3062922954559326
losses_train/representations:	1.342761516571045
losses_train/total:	0.9106716513633728
losses_test/task:	0.25806164741516113
losses_test/concepts:	2.7058603763580322
losses_test/representations:	1.3855496644973755
losses_test/total:	0.9443126320838928
calibration_test/ece:	0.02536122314631939
calibration_test/brier:	0.09661148488521576
accuracy_test/task:	93.90437913422089
accuracy_test/concepts:	98.94960021972656
map_test/concepts:	0.9689309239387512

Epoch 82
losses_train/task:	0.2570599913597107
losses_train/concepts:	2.1238396167755127
losses_train/representations:	1.2296167612075806
losses_train/total:	0.8383293747901917
losses_test/task:	0.25929713249206543
losses_test/concepts:	2.6162538528442383
losses_test/representations:	1.3755466938018799
losses_test/total:	0.933586835861206
calibration_test/ece:	0.027010593563318253
calibration_test/brier:	0.09736330062150955
accuracy_test/task:	93.90437913422089
accuracy_test/concepts:	98.9378662109375
map_test/concepts:	0.9677873373031616

Epoch 83
losses_train/task:	0.27318692207336426
losses_train/concepts:	2.3377058506011963
losses_train/representations:	1.3208388090133667
losses_train/total:	0.9032089710235596
losses_test/task:	0.25783437490463257
losses_test/concepts:	3.3375563621520996
losses_test/representations:	1.3471404314041138
losses_test/total:	0.9957319498062134
calibration_test/ece:	0.027928777039051056
calibration_test/brier:	0.09600259363651276
accuracy_test/task:	93.83739428954199
accuracy_test/concepts:	98.95000457763672
map_test/concepts:	0.9674343407154083

Epoch 84
losses_train/task:	0.2705560624599457
losses_train/concepts:	2.213521718978882
losses_train/representations:	1.2709369659423828
losses_train/total:	0.8731889724731445
losses_test/task:	0.25915637612342834
losses_test/concepts:	2.6365222930908203
losses_test/representations:	1.3836687803268433
losses_test/total:	0.9379096031188965
calibration_test/ece:	0.029109712690114975
calibration_test/brier:	0.09685994684696198
accuracy_test/task:	93.79552876161769
accuracy_test/concepts:	98.95921325683594
map_test/concepts:	0.9666772454977035

Epoch 85
losses_train/task:	0.2694563567638397
losses_train/concepts:	2.219296932220459
losses_train/representations:	1.2703895568847656
losses_train/total:	0.8725029230117798
losses_test/task:	0.2524551451206207
losses_test/concepts:	2.9402811527252197
losses_test/representations:	1.361817717552185
losses_test/total:	0.9550284147262573
calibration_test/ece:	0.026718901470303535
calibration_test/brier:	0.09510184079408646
accuracy_test/task:	93.90437913422089
accuracy_test/concepts:	98.95755767822266
map_test/concepts:	0.9680355221033097

Epoch 86
losses_train/task:	0.26762738823890686
losses_train/concepts:	2.22476863861084
losses_train/representations:	1.2662607431411743
losses_train/total:	0.8699827790260315
losses_test/task:	0.25215867161750793
losses_test/concepts:	2.39158296585083
losses_test/representations:	1.3860962390899658
losses_test/total:	0.9071458578109741
calibration_test/ece:	0.027453728020191193
calibration_test/brier:	0.09653136879205704
accuracy_test/task:	93.75366323369337
accuracy_test/concepts:	98.94164276123047
map_test/concepts:	0.9667239010334014

Epoch 87
losses_train/task:	0.2702629268169403
losses_train/concepts:	2.2376763820648193
losses_train/representations:	1.3124604225158691
losses_train/total:	0.8877689242362976
losses_test/task:	0.2597694396972656
losses_test/concepts:	2.805387258529663
losses_test/representations:	1.3625508546829224
losses_test/total:	0.9490733742713928
calibration_test/ece:	0.02835867553949356
calibration_test/brier:	0.09759227931499481
accuracy_test/task:	93.83739428954199
accuracy_test/concepts:	98.94122314453125
map_test/concepts:	0.9680034875869751

Epoch 88
losses_train/task:	0.2627081274986267
losses_train/concepts:	2.219980478286743
losses_train/representations:	1.2684178352355957
losses_train/total:	0.8652311563491821
losses_test/task:	0.2583909332752228
losses_test/concepts:	2.426774501800537
losses_test/representations:	1.3765753507614136
losses_test/total:	0.91404128074646
calibration_test/ece:	0.027183419093489647
calibration_test/brier:	0.09653785824775696
accuracy_test/task:	93.88763292305116
accuracy_test/concepts:	98.94498443603516
map_test/concepts:	0.9683547377586365

Epoch 89
losses_train/task:	0.26239684224128723
losses_train/concepts:	2.1516432762145996
losses_train/representations:	1.2384814023971558
losses_train/total:	0.8491056561470032
losses_test/task:	0.26423677802085876
losses_test/concepts:	2.4095876216888428
losses_test/representations:	1.4128696918487549
losses_test/total:	0.9290566444396973
calibration_test/ece:	0.02822025865316391
calibration_test/brier:	0.09937858581542969
accuracy_test/task:	93.72017081135394
accuracy_test/concepts:	98.92237854003906
map_test/concepts:	0.9672520190477372

Epoch 90
losses_train/task:	0.2590523660182953
losses_train/concepts:	2.2227284908294678
losses_train/representations:	1.2487714290618896
losses_train/total:	0.8559567332267761
losses_test/task:	0.2595003843307495
losses_test/concepts:	2.649829626083374
losses_test/representations:	1.3549273014068604
losses_test/total:	0.9309618473052979
calibration_test/ece:	0.026797223836183548
calibration_test/brier:	0.09675151109695435
accuracy_test/task:	93.95461776773006
accuracy_test/concepts:	98.97179412841797
map_test/concepts:	0.967251917719841

Epoch 91
losses_train/task:	0.25553661584854126
losses_train/concepts:	2.1865525245666504
losses_train/representations:	1.2451318502426147
losses_train/total:	0.8477312922477722
losses_test/task:	0.25600308179855347
losses_test/concepts:	3.0126354694366455
losses_test/representations:	1.3224802017211914
losses_test/total:	0.9540106058120728
calibration_test/ece:	0.027213089168071747
calibration_test/brier:	0.09589910507202148
accuracy_test/task:	93.93787155656032
accuracy_test/concepts:	98.97220611572266
map_test/concepts:	0.9704248875379562

Epoch 92
losses_train/task:	0.2700651288032532
losses_train/concepts:	2.2234113216400146
losses_train/representations:	1.2494648694992065
losses_train/total:	0.8672456741333008
losses_test/task:	0.25578898191452026
losses_test/concepts:	2.307084321975708
losses_test/representations:	1.3806661367416382
losses_test/total:	0.9006971716880798
calibration_test/ece:	0.027598723769187927
calibration_test/brier:	0.09703803807497025
accuracy_test/task:	93.78715565603282
accuracy_test/concepts:	98.94246673583984
map_test/concepts:	0.9682435363531112

Epoch 93
losses_train/task:	0.26357561349868774
losses_train/concepts:	2.199549674987793
losses_train/representations:	1.2686175107955933
losses_train/total:	0.8641159534454346
losses_test/task:	0.2586176097393036
losses_test/concepts:	2.9241316318511963
losses_test/representations:	1.3476327657699585
losses_test/total:	0.9553207755088806
calibration_test/ece:	0.027272891253232956
calibration_test/brier:	0.09688279032707214
accuracy_test/task:	93.91275223980574
accuracy_test/concepts:	98.97261810302734
map_test/concepts:	0.9693855255842209

Epoch 94
losses_train/task:	0.2641875147819519
losses_train/concepts:	2.2654778957366943
losses_train/representations:	1.2612987756729126
losses_train/total:	0.8691250085830688
losses_test/task:	0.25707048177719116
losses_test/concepts:	2.386927843093872
losses_test/representations:	1.3640726804733276
losses_test/total:	0.9049853682518005
calibration_test/ece:	0.027580106630921364
calibration_test/brier:	0.09692633897066116
accuracy_test/task:	93.91275223980574
accuracy_test/concepts:	98.94666290283203
map_test/concepts:	0.9688919246196747

Epoch 95
losses_train/task:	0.2618161737918854
losses_train/concepts:	2.2453222274780273
losses_train/representations:	1.249887466430664
losses_train/total:	0.8613146543502808
losses_test/task:	0.26329752802848816
losses_test/concepts:	2.794734239578247
losses_test/representations:	1.384446144104004
losses_test/total:	0.9581046104431152
calibration_test/ece:	0.027830613777041435
calibration_test/brier:	0.09746870398521423
accuracy_test/task:	93.88763292305116
accuracy_test/concepts:	98.94288635253906
map_test/concepts:	0.9650862216949463

Epoch 96
losses_train/task:	0.2562160789966583
losses_train/concepts:	2.1598968505859375
losses_train/representations:	1.2240136861801147
losses_train/total:	0.8394098877906799
losses_test/task:	0.2575746774673462
losses_test/concepts:	2.9015021324157715
losses_test/representations:	1.351111650466919
losses_test/total:	0.9530584812164307
calibration_test/ece:	0.026626842096447945
calibration_test/brier:	0.09574487805366516
accuracy_test/task:	93.96299087331491
accuracy_test/concepts:	98.95587921142578
map_test/concepts:	0.9652383774518967

Epoch 97
losses_train/task:	0.2500034272670746
losses_train/concepts:	2.1653571128845215
losses_train/representations:	1.190293312072754
losses_train/total:	0.8236270546913147
losses_test/task:	0.2627275884151459
losses_test/concepts:	2.8653576374053955
losses_test/representations:	1.3694584369659424
losses_test/total:	0.9601006507873535
calibration_test/ece:	0.028850411996245384
calibration_test/brier:	0.09781011939048767
accuracy_test/task:	93.85414050071171
accuracy_test/concepts:	98.95210266113281
map_test/concepts:	0.9652838200330734

Epoch 98
losses_train/task:	0.2577624022960663
losses_train/concepts:	2.2026026248931885
losses_train/representations:	1.2304801940917969
losses_train/total:	0.8471666574478149
losses_test/task:	0.26148277521133423
losses_test/concepts:	3.318049192428589
losses_test/representations:	1.363240122795105
losses_test/total:	1.0022598505020142
calibration_test/ece:	0.029095346108078957
calibration_test/brier:	0.09825852513313293
accuracy_test/task:	93.79552876161769
accuracy_test/concepts:	98.93995666503906
map_test/concepts:	0.9663047224283219

Epoch 99
losses_train/task:	0.25118371844291687
losses_train/concepts:	2.1371877193450928
losses_train/representations:	1.1963504552841187
losses_train/total:	0.8238074779510498
losses_test/task:	0.2663782238960266
losses_test/concepts:	3.161712884902954
losses_test/representations:	1.3830472230911255
losses_test/total:	0.9974635243415833
calibration_test/ece:	0.029607923701405525
calibration_test/brier:	0.09835340082645416
accuracy_test/task:	93.85414050071171
accuracy_test/concepts:	98.95252990722656
map_test/concepts:	0.9668909639120102

Epoch 100
losses_train/task:	0.2525731325149536
losses_train/concepts:	2.183346748352051
losses_train/representations:	1.2210899591445923
losses_train/total:	0.8372346758842468
losses_test/task:	0.26309269666671753
losses_test/concepts:	2.9738667011260986
losses_test/representations:	1.36318838596344
losses_test/total:	0.9694358110427856
calibration_test/ece:	0.029102317988872528
calibration_test/brier:	0.0975467711687088
accuracy_test/task:	93.87925981746629
accuracy_test/concepts:	98.94960021972656
map_test/concepts:	0.9661750823259354

Epoch 101
losses_train/task:	0.2519886791706085
losses_train/concepts:	2.1154839992523193
losses_train/representations:	1.1823104619979858
losses_train/total:	0.8182302117347717
losses_test/task:	0.2600191533565521
losses_test/concepts:	2.8572514057159424
losses_test/representations:	1.3483092784881592
losses_test/total:	0.9502371549606323
calibration_test/ece:	0.02875751443207264
calibration_test/brier:	0.09670541435480118
accuracy_test/task:	93.87088671188144
accuracy_test/concepts:	98.96006774902344
map_test/concepts:	0.9677666455507279

Epoch 102
losses_train/task:	0.2436203807592392
losses_train/concepts:	2.0334339141845703
losses_train/representations:	1.1502870321273804
losses_train/total:	0.7920497059822083
losses_test/task:	0.2569585144519806
losses_test/concepts:	2.6698129177093506
losses_test/representations:	1.342430830001831
losses_test/total:	0.9266690015792847
calibration_test/ece:	0.028523923829197884
calibration_test/brier:	0.09541404247283936
accuracy_test/task:	93.92949845097547
accuracy_test/concepts:	98.96843719482422
map_test/concepts:	0.9688482642173767

Epoch 103
losses_train/task:	0.24559161067008972
losses_train/concepts:	1.98471999168396
losses_train/representations:	1.1737393140792847
losses_train/total:	0.7961856722831726
losses_test/task:	0.2581125795841217
losses_test/concepts:	2.908107280731201
losses_test/representations:	1.3331525325775146
losses_test/total:	0.9488692879676819
calibration_test/ece:	0.028409810736775398
calibration_test/brier:	0.09603360295295715
accuracy_test/task:	93.93787155656032
accuracy_test/concepts:	98.96089935302734
map_test/concepts:	0.9675655215978622

Epoch 104
losses_train/task:	0.24225634336471558
losses_train/concepts:	2.0016849040985107
losses_train/representations:	1.158186435699463
losses_train/total:	0.7898808717727661
losses_test/task:	0.25660163164138794
losses_test/concepts:	2.9470884799957275
losses_test/representations:	1.3232775926589966
losses_test/total:	0.9482936859130859
calibration_test/ece:	0.02859484776854515
calibration_test/brier:	0.09626650810241699
accuracy_test/task:	93.97973708448464
accuracy_test/concepts:	98.96047973632812
map_test/concepts:	0.9679980635643005

Epoch 105
losses_train/task:	0.24717368185520172
losses_train/concepts:	2.059514284133911
losses_train/representations:	1.1722509860992432
losses_train/total:	0.8048000931739807
losses_test/task:	0.259420782327652
losses_test/concepts:	2.917259931564331
losses_test/representations:	1.3448481559753418
losses_test/total:	0.9546011090278625
calibration_test/ece:	0.028380071744322777
calibration_test/brier:	0.09658094495534897
accuracy_test/task:	93.93787155656032
accuracy_test/concepts:	98.95085144042969
map_test/concepts:	0.9679240673780442

Epoch 106
losses_train/task:	0.2472255527973175
losses_train/concepts:	2.0956897735595703
losses_train/representations:	1.1516467332839966
losses_train/total:	0.8022886514663696
losses_test/task:	0.2566712498664856
losses_test/concepts:	3.097247362136841
losses_test/representations:	1.3341184854507446
losses_test/total:	0.9666314125061035
calibration_test/ece:	0.02864418923854828
calibration_test/brier:	0.09579914063215256
accuracy_test/task:	93.92949845097547
accuracy_test/concepts:	98.96257019042969
map_test/concepts:	0.9676468998193741

Epoch 107
losses_train/task:	0.24961860477924347
losses_train/concepts:	2.071444272994995
losses_train/representations:	1.1800038814544678
losses_train/total:	0.8107643723487854
losses_test/task:	0.2559775710105896
losses_test/concepts:	2.9213337898254395
losses_test/representations:	1.3340212106704712
losses_test/total:	0.9483174681663513
calibration_test/ece:	0.02806447260081768
calibration_test/brier:	0.0956316664814949
accuracy_test/task:	94.02160261240894
accuracy_test/concepts:	98.96633911132812
map_test/concepts:	0.9681182265281677

Epoch 108
losses_train/task:	0.2515164613723755
losses_train/concepts:	2.0858399868011475
losses_train/representations:	1.1959900856018066
losses_train/total:	0.8188970685005188
losses_test/task:	0.2581660747528076
losses_test/concepts:	2.9811744689941406
losses_test/representations:	1.3407671451568604
losses_test/total:	0.9585137367248535
calibration_test/ece:	0.028381390497088432
calibration_test/brier:	0.09607268869876862
accuracy_test/task:	93.97136397889977
accuracy_test/concepts:	98.96508026123047
map_test/concepts:	0.9681750208139419

Epoch 109
losses_train/task:	0.23687520623207092
losses_train/concepts:	1.9825464487075806
losses_train/representations:	1.1336734294891357
losses_train/total:	0.7752319574356079
losses_test/task:	0.255045086145401
losses_test/concepts:	3.0831446647644043
losses_test/representations:	1.3246573209762573
losses_test/total:	0.9607564210891724
calibration_test/ece:	0.028402868658304214
calibration_test/brier:	0.09513212740421295
accuracy_test/task:	94.00485640123922
accuracy_test/concepts:	98.97848510742188
map_test/concepts:	0.9678631782531738

Epoch 110
losses_train/task:	0.24122005701065063
losses_train/concepts:	2.069092273712158
losses_train/representations:	1.1445046663284302
losses_train/total:	0.7914808392524719
losses_test/task:	0.2586226165294647
losses_test/concepts:	2.8770716190338135
losses_test/representations:	1.3367958068847656
losses_test/total:	0.9473684430122375
calibration_test/ece:	0.02841785177588463
calibration_test/brier:	0.09620536863803864
accuracy_test/task:	93.92949845097547
accuracy_test/concepts:	98.96048736572266
map_test/concepts:	0.9678990006446838

Epoch 111
losses_train/task:	0.23741655051708221
losses_train/concepts:	1.981034755706787
losses_train/representations:	1.1404924392700195
losses_train/total:	0.7776678800582886
losses_test/task:	0.2547386586666107
losses_test/concepts:	3.019848585128784
losses_test/representations:	1.327208161354065
losses_test/total:	0.9548860788345337
calibration_test/ece:	0.027838222682476044
calibration_test/brier:	0.09536080807447433
accuracy_test/task:	94.03834882357866
accuracy_test/concepts:	98.96800231933594
map_test/concepts:	0.9664497137069702

Epoch 112
losses_train/task:	0.25060632824897766
losses_train/concepts:	2.1860108375549316
losses_train/representations:	1.1722391843795776
losses_train/total:	0.8208793997764587
losses_test/task:	0.2545304298400879
losses_test/concepts:	2.945019483566284
losses_test/representations:	1.3203855752944946
losses_test/total:	0.9451479315757751
calibration_test/ece:	0.027608899399638176
calibration_test/brier:	0.09509134292602539
accuracy_test/task:	94.03834882357866
accuracy_test/concepts:	98.97805786132812
map_test/concepts:	0.967550766468048

Epoch 113
losses_train/task:	0.24332544207572937
losses_train/concepts:	2.0336287021636963
losses_train/representations:	1.145843505859375
losses_train/total:	0.7904413342475891
losses_test/task:	0.2537710964679718
losses_test/concepts:	2.928832530975342
losses_test/representations:	1.3229926824569702
losses_test/total:	0.943551778793335
calibration_test/ece:	0.028417497873306274
calibration_test/brier:	0.09499899297952652
accuracy_test/task:	93.93787155656032
accuracy_test/concepts:	98.97889709472656
map_test/concepts:	0.9679258853197098

Epoch 114
losses_train/task:	0.23274439573287964
losses_train/concepts:	1.915358543395996
losses_train/representations:	1.1080844402313232
losses_train/total:	0.756705641746521
losses_test/task:	0.2557326555252075
losses_test/concepts:	3.0159385204315186
losses_test/representations:	1.3250118494033813
losses_test/total:	0.9548299908638
calibration_test/ece:	0.02857917547225952
calibration_test/brier:	0.09526778757572174
accuracy_test/task:	93.94624466214519
accuracy_test/concepts:	98.97805786132812
map_test/concepts:	0.9684085428714753

Epoch 115
losses_train/task:	0.23557144403457642
losses_train/concepts:	1.977950096130371
losses_train/representations:	1.1110384464263916
losses_train/total:	0.7666780352592468
losses_test/task:	0.25711098313331604
losses_test/concepts:	3.089071273803711
losses_test/representations:	1.333539366722107
losses_test/total:	0.9660800099372864
calibration_test/ece:	0.02917524054646492
calibration_test/brier:	0.09575791656970978
accuracy_test/task:	93.94624466214519
accuracy_test/concepts:	98.973876953125
map_test/concepts:	0.9681300818920135

Epoch 116
losses_train/task:	0.23811256885528564
losses_train/concepts:	1.9689403772354126
losses_train/representations:	1.1301699876785278
losses_train/total:	0.7740576267242432
losses_test/task:	0.2565203607082367
losses_test/concepts:	2.9762043952941895
losses_test/representations:	1.3273918628692627
losses_test/total:	0.9523585438728333
calibration_test/ece:	0.028312373906373978
calibration_test/brier:	0.09547565132379532
accuracy_test/task:	94.06346814033326
accuracy_test/concepts:	98.97512817382812
map_test/concepts:	0.9681646168231964

Epoch 117
losses_train/task:	0.2463609129190445
losses_train/concepts:	2.097449779510498
losses_train/representations:	1.161138653755188
losses_train/total:	0.8044472336769104
losses_test/task:	0.25656017661094666
losses_test/concepts:	3.0095479488372803
losses_test/representations:	1.319837212562561
losses_test/total:	0.9534658789634705
calibration_test/ece:	0.028995323926210403
calibration_test/brier:	0.09518103301525116
accuracy_test/task:	94.03834882357866
accuracy_test/concepts:	98.98098754882812
map_test/concepts:	0.9686598241329193

Epoch 118
losses_train/task:	0.24125665426254272
losses_train/concepts:	2.057823419570923
losses_train/representations:	1.1297335624694824
losses_train/total:	0.7859588265419006
losses_test/task:	0.25571995973587036
losses_test/concepts:	2.9966893196105957
losses_test/representations:	1.3252789974212646
losses_test/total:	0.9529725313186646
calibration_test/ece:	0.02755833975970745
calibration_test/brier:	0.09509085863828659
accuracy_test/task:	94.05509503474839
accuracy_test/concepts:	98.97344970703125
map_test/concepts:	0.968548721075058

Epoch 119
losses_train/task:	0.24395647644996643
losses_train/concepts:	2.0290777683258057
losses_train/representations:	1.1478736400604248
losses_train/total:	0.7912266254425049
losses_test/task:	0.2587549686431885
losses_test/concepts:	3.062520980834961
losses_test/representations:	1.327255368232727
losses_test/total:	0.9631837606430054
calibration_test/ece:	0.02785700559616089
calibration_test/brier:	0.0956413522362709
accuracy_test/task:	94.08021435150297
accuracy_test/concepts:	98.97513580322266
map_test/concepts:	0.9670371979475021

Epoch 120
losses_train/task:	0.24492396414279938
losses_train/concepts:	2.019169330596924
losses_train/representations:	1.1524872779846191
losses_train/total:	0.7925874590873718
losses_test/task:	0.25835585594177246
losses_test/concepts:	3.0620200634002686
losses_test/representations:	1.3357653617858887
losses_test/total:	0.9652873873710632
calibration_train/ece:	0.003751079086214304
calibration_train/brier:	0.05802685022354126
accuracy_train/task:	95.91224747474747
calibration_test/ece:	0.02785128727555275
calibration_test/brier:	0.09475594758987427
accuracy_test/task:	94.11370677384242
accuracy_train/concepts:	99.25447082519531
map_train/concepts:	0.9914535343647003
accuracy_test/concepts:	98.9876937866211
map_test/concepts:	0.966925111413002
accuracy_test/nuisances_task:	1.4088721458728497
accuracy_test/nuisances_nontask:	0.0
mutual_inf_test/nuisances_task:	0.06355859982230896
mutual_inf_test/nuisances_nontask:	0.0

epoch_120.pt
groups=0 err_lowconf=5.886 err_random=5.886
groups=1 err_lowconf=5.484 err_random=5.484
groups=2 err_lowconf=4.999 err_random=4.999
groups=3 err_lowconf=4.446 err_random=4.446
groups=4 err_lowconf=4.287 err_random=4.287
groups=5 err_lowconf=3.843 err_random=3.843
groups=6 err_lowconf=3.751 err_random=3.751
groups=7 err_lowconf=3.257 err_random=3.257
groups=8 err_lowconf=3.734 err_random=3.734
groups=9 err_lowconf=3.450 err_random=3.450
groups=10 err_lowconf=5.216 err_random=5.216
groups=11 err_lowconf=5.074 err_random=5.074
groups=12 err_lowconf=5.158 err_random=5.158
groups=13 err_lowconf=5.292 err_random=5.292
groups=14 err_lowconf=4.999 err_random=4.999
groups=15 err_lowconf=5.434 err_random=5.434
groups=16 err_lowconf=7.142 err_random=7.142
groups=17 err_lowconf=8.189 err_random=8.189
groups=18 err_lowconf=8.222 err_random=8.222
groups=19 err_lowconf=8.750 err_random=8.750
groups=20 err_lowconf=8.725 err_random=8.725
[1;34mwandb[0m:
[1;34mwandb[0m: You can sync this run to the cloud by running:
[1;34mwandb[0m: [1mwandb sync /research/hal-afsharim/minimal_cbm/results/awa2-mcbm-03/43/wandb/offline-run-20260728_200632-7isiuhpw[0m
[1;34mwandb[0m: Find logs at: [1;35mresults/awa2-mcbm-03/43/wandb/offline-run-20260728_200632-7isiuhpw/logs[0m
