
===== launch 2026-07-28 10:02:06.728914 gpu2 =====
wandb: Using wandb-core as the SDK backend.  Please refer to https://wandb.me/wandb-core for more information.
wandb: Tracking run with wandb version 0.19.0
wandb: W&B syncing is set to `offline` in this directory.  
wandb: Run `wandb online` or set WANDB_MODE=online to enable cloud syncing.
/research/hal-afsharim/miniconda3/envs/mcbm/lib/python3.10/site-packages/torchvision/models/_utils.py:208: UserWarning: The parameter 'pretrained' is deprecated since 0.13 and will be removed in 0.15, please use 'weights' instead.
  warnings.warn(
/research/hal-afsharim/miniconda3/envs/mcbm/lib/python3.10/site-packages/torchvision/models/_utils.py:223: UserWarning: Arguments other than a weight enum or `None` for 'weights' are deprecated since 0.13 and will be removed in 0.15. The current behavior is equivalent to passing `weights=ResNet50_Weights.IMAGENET1K_V1`. You can also use `weights=ResNet50_Weights.DEFAULT` to get the most up-to-date weights.
  warnings.warn(msg)
Epoch 1
losses_train/task:	1.9313608407974243
losses_train/concepts:	16.126811981201172
losses_train/representations:	14.020339965820312
losses_train/total:	4.245058536529541
losses_test/task:	1.1457395553588867
losses_test/concepts:	9.765875816345215
losses_test/representations:	11.807940483093262
losses_test/total:	2.712724208831787
calibration_test/ece:	0.03314676508307457
calibration_test/brier:	0.4337591230869293
accuracy_test/task:	68.0063635602445
accuracy_test/concepts:	92.4047622680664
map_test/concepts:	0.857905688136816

Epoch 2
losses_train/task:	1.2649075984954834
losses_train/concepts:	9.612235069274902
losses_train/representations:	10.929754257202148
losses_train/total:	2.772618532180786
losses_test/task:	1.1747971773147583
losses_test/concepts:	8.784786224365234
losses_test/representations:	9.699169158935547
losses_test/total:	2.538233757019043
calibration_test/ece:	0.023623093962669373
calibration_test/brier:	0.43294909596443176
accuracy_test/task:	68.02310977141421
accuracy_test/concepts:	93.11479187011719
map_test/concepts:	0.8548701494932175

Epoch 3
losses_train/task:	1.135667324066162
losses_train/concepts:	8.454571723937988
losses_train/representations:	9.77657413482666
losses_train/total:	2.469954013824463
losses_test/task:	0.866912305355072
losses_test/concepts:	6.173223972320557
losses_test/representations:	9.580598831176758
losses_test/total:	1.9632647037506104
calibration_test/ece:	0.015881387516856194
calibration_test/brier:	0.34098371863365173
accuracy_test/task:	75.70962069831701
accuracy_test/concepts:	94.52523803710938
map_test/concepts:	0.8930981487035752

Epoch 4
losses_train/task:	1.0877039432525635
losses_train/concepts:	7.876572608947754
losses_train/representations:	9.331347465515137
losses_train/total:	2.3419296741485596
losses_test/task:	0.9057676196098328
losses_test/concepts:	5.635869979858398
losses_test/representations:	8.130878448486328
losses_test/total:	1.8758981227874756
calibration_test/ece:	0.016273604705929756
calibration_test/brier:	0.33987778425216675
accuracy_test/task:	75.86033659884451
accuracy_test/concepts:	95.42158508300781
map_test/concepts:	0.9040623188018799

Epoch 5
losses_train/task:	0.98758864402771
losses_train/concepts:	7.2119245529174805
losses_train/representations:	8.514392852783203
losses_train/total:	2.1345012187957764
losses_test/task:	0.9500629901885986
losses_test/concepts:	6.278918266296387
losses_test/representations:	9.048205375671387
losses_test/total:	2.030364990234375
calibration_test/ece:	0.036112647503614426
calibration_test/brier:	0.3538329303264618
accuracy_test/task:	74.39504312149376
accuracy_test/concepts:	94.33056640625
map_test/concepts:	0.8866444021463394

Epoch 6
losses_train/task:	0.9454800486564636
losses_train/concepts:	6.858720779418945
losses_train/representations:	8.242691993713379
losses_train/total:	2.0434865951538086
losses_test/task:	0.7830430269241333
losses_test/concepts:	5.234240531921387
losses_test/representations:	7.742340564727783
losses_test/total:	1.6935839653015137
calibration_test/ece:	0.025323014706373215
calibration_test/brier:	0.29868853092193604
accuracy_test/task:	78.81604287030059
accuracy_test/concepts:	95.51536560058594
map_test/concepts:	0.9061416879296302

Epoch 7
losses_train/task:	0.9206956624984741
losses_train/concepts:	6.717230319976807
losses_train/representations:	7.97711181640625
losses_train/total:	1.991275668144226
losses_test/task:	0.8018507361412048
losses_test/concepts:	5.159944534301758
losses_test/representations:	7.648844242095947
losses_test/total:	1.7002874612808228
calibration_test/ece:	0.03267834335565567
calibration_test/brier:	0.30746883153915405
accuracy_test/task:	78.0122247341539
accuracy_test/concepts:	95.74395751953125
map_test/concepts:	0.9128286063671112

Epoch 8
losses_train/task:	0.8942065834999084
losses_train/concepts:	6.504189968109131
losses_train/representations:	7.808345317840576
losses_train/total:	1.9350426197052002
losses_test/task:	1.180912733078003
losses_test/concepts:	6.620210647583008
losses_test/representations:	9.626498222351074
losses_test/total:	2.324259042739868
calibration_test/ece:	0.06638728082180023
calibration_test/brier:	0.4191538989543915
accuracy_test/task:	70.20011722347819
accuracy_test/concepts:	93.65192413330078
map_test/concepts:	0.8738729998469352

Epoch 9
losses_train/task:	0.8463579416275024
losses_train/concepts:	6.237900733947754
losses_train/representations:	7.446554183959961
losses_train/total:	1.84247624874115
losses_test/task:	0.6350974440574646
losses_test/concepts:	3.9872870445251465
losses_test/representations:	7.166758060455322
losses_test/total:	1.3921643495559692
calibration_test/ece:	0.02456321194767952
calibration_test/brier:	0.2500776946544647
accuracy_test/task:	82.12341957632086
accuracy_test/concepts:	96.26350402832031
map_test/concepts:	0.9247431635856629

Epoch 10
losses_train/task:	0.8214531540870667
losses_train/concepts:	5.943171501159668
losses_train/representations:	7.164368152618408
losses_train/total:	1.7739887237548828
losses_test/task:	0.6302575469017029
losses_test/concepts:	4.130062103271484
losses_test/representations:	6.860812187194824
losses_test/total:	1.3863046169281006
calibration_test/ece:	0.013658198527991772
calibration_test/brier:	0.24572579562664032
accuracy_test/task:	82.64255212258226
accuracy_test/concepts:	96.48455810546875
map_test/concepts:	0.9252321347594261

Epoch 11
losses_train/task:	0.7817065119743347
losses_train/concepts:	5.6440911293029785
losses_train/representations:	6.996423721313477
losses_train/total:	1.6959365606307983
losses_test/task:	0.5706675052642822
losses_test/concepts:	3.8034565448760986
losses_test/representations:	6.612190246582031
losses_test/total:	1.2816230058670044
calibration_test/ece:	0.0259257759898901
calibration_test/brier:	0.2272135466337204
accuracy_test/task:	83.9152641714812
accuracy_test/concepts:	96.59759521484375
map_test/concepts:	0.925563108921051

Epoch 12
losses_train/task:	0.7374922633171082
losses_train/concepts:	5.429774284362793
losses_train/representations:	6.68701171875
losses_train/total:	1.6148207187652588
losses_test/task:	0.4958999454975128
losses_test/concepts:	3.3121907711029053
losses_test/representations:	5.778895378112793
losses_test/total:	1.1160634756088257
calibration_test/ece:	0.010750306770205498
calibration_test/brier:	0.19278697669506073
accuracy_test/task:	86.54441932512769
accuracy_test/concepts:	97.01582336425781
map_test/concepts:	0.9387955695390702

Epoch 13
losses_train/task:	0.7382808923721313
losses_train/concepts:	5.494670867919922
losses_train/representations:	6.645177841186523
losses_train/total:	1.6200072765350342
losses_test/task:	0.5367613434791565
losses_test/concepts:	3.668219566345215
losses_test/representations:	6.247267723083496
losses_test/total:	1.2159467935562134
calibration_test/ece:	0.01566964201629162
calibration_test/brier:	0.21297629177570343
accuracy_test/task:	85.06237963660722
accuracy_test/concepts:	96.8965072631836
map_test/concepts:	0.9364963233470917

Epoch 14
losses_train/task:	0.7412483096122742
losses_train/concepts:	5.521271228790283
losses_train/representations:	6.682163238525391
losses_train/total:	1.627483606338501
losses_test/task:	0.6081641912460327
losses_test/concepts:	3.9452781677246094
losses_test/representations:	6.538394927978516
losses_test/total:	1.3296120166778564
calibration_test/ece:	0.033459294587373734
calibration_test/brier:	0.23694711923599243
accuracy_test/task:	82.75140249518546
accuracy_test/concepts:	96.42133331298828
map_test/concepts:	0.9255110755562782

Epoch 15
losses_train/task:	0.7211884260177612
losses_train/concepts:	5.270040035247803
losses_train/representations:	6.514282703399658
losses_train/total:	1.5739065408706665
losses_test/task:	0.5309880375862122
losses_test/concepts:	3.446547269821167
losses_test/representations:	6.219027519226074
losses_test/total:	1.186593770980835
calibration_test/ece:	0.021741002798080444
calibration_test/brier:	0.2096472531557083
accuracy_test/task:	85.39730386000167
accuracy_test/concepts:	96.945068359375
map_test/concepts:	0.9347284242510796

Epoch 16
losses_train/task:	0.6717835068702698
losses_train/concepts:	4.945991516113281
losses_train/representations:	6.19258975982666
losses_train/total:	1.4760117530822754
losses_test/task:	0.6345316767692566
losses_test/concepts:	3.931260347366333
losses_test/representations:	6.48687744140625
losses_test/total:	1.3520015478134155
calibration_test/ece:	0.035787150263786316
calibration_test/brier:	0.243513822555542
accuracy_test/task:	83.10307292974964
accuracy_test/concepts:	96.22540283203125
map_test/concepts:	0.9155535265803337

Epoch 17
losses_train/task:	0.6590742468833923
losses_train/concepts:	4.926687240600586
losses_train/representations:	6.068892002105713
losses_train/total:	1.455187439918518
losses_test/task:	0.6393340229988098
losses_test/concepts:	4.079354763031006
losses_test/representations:	5.986502647399902
losses_test/total:	1.3465945720672607
calibration_test/ece:	0.0425846204161644
calibration_test/brier:	0.24183335900306702
accuracy_test/task:	83.67244410952023
accuracy_test/concepts:	96.16678619384766
map_test/concepts:	0.9106584072113038

Epoch 18
losses_train/task:	0.671359658241272
losses_train/concepts:	4.93366003036499
losses_train/representations:	6.068362236022949
losses_train/total:	1.4681434631347656
losses_test/task:	0.5591434836387634
losses_test/concepts:	3.431673049926758
losses_test/representations:	6.885808944702148
losses_test/total:	1.2466014623641968
calibration_test/ece:	0.039547063410282135
calibration_test/brier:	0.2094174474477768
accuracy_test/task:	85.22984174830445
accuracy_test/concepts:	96.72693634033203
map_test/concepts:	0.9335025429725647

Epoch 19
losses_train/task:	0.6518353819847107
losses_train/concepts:	4.731618404388428
losses_train/representations:	5.979340076446533
losses_train/total:	1.4239637851715088
losses_test/task:	0.42691129446029663
losses_test/concepts:	2.813443660736084
losses_test/representations:	5.221924781799316
losses_test/total:	0.9693517088890076
calibration_test/ece:	0.019800322130322456
calibration_test/brier:	0.1698419451713562
accuracy_test/task:	88.31114460353345
accuracy_test/concepts:	97.50605773925781
map_test/concepts:	0.9438829377293587

Epoch 20
losses_train/task:	0.623174250125885
losses_train/concepts:	4.580282688140869
losses_train/representations:	5.760873317718506
losses_train/total:	1.369246482849121
losses_test/task:	0.46513861417770386
losses_test/concepts:	3.28861403465271
losses_test/representations:	4.935442924499512
losses_test/total:	1.0407721996307373
calibration_test/ece:	0.025881273671984673
calibration_test/brier:	0.1794467270374298
accuracy_test/task:	87.83387758519635
accuracy_test/concepts:	97.63417053222656
map_test/concepts:	0.9423384189605712

Epoch 21
losses_train/task:	0.6058419942855835
losses_train/concepts:	4.51706075668335
losses_train/representations:	5.676614761352539
losses_train/total:	1.341378927230835
losses_test/task:	0.5773202180862427
losses_test/concepts:	3.4231977462768555
losses_test/representations:	5.810760498046875
losses_test/total:	1.210178017616272
calibration_test/ece:	0.04336463287472725
calibration_test/brier:	0.22364282608032227
accuracy_test/task:	84.95352926400402
accuracy_test/concepts:	96.97731018066406
map_test/concepts:	0.934364327788353

Epoch 22
losses_train/task:	0.5951657891273499
losses_train/concepts:	4.42342472076416
losses_train/representations:	5.6047043800354
losses_train/total:	1.3177433013916016
losses_test/task:	0.5432958602905273
losses_test/concepts:	3.6549746990203857
losses_test/representations:	5.039945602416992
losses_test/total:	1.1607906818389893
calibration_test/ece:	0.03661465644836426
calibration_test/brier:	0.20388315618038177
accuracy_test/task:	86.33509168550616
accuracy_test/concepts:	97.4822006225586
map_test/concepts:	0.9383265644311904

Epoch 23
losses_train/task:	0.5954654216766357
losses_train/concepts:	4.415066242218018
losses_train/representations:	5.54600715637207
losses_train/total:	1.3142720460891724
losses_test/task:	0.4277815520763397
losses_test/concepts:	2.7370386123657227
losses_test/representations:	5.309859275817871
losses_test/total:	0.9669785499572754
calibration_test/ece:	0.023651905357837677
calibration_test/brier:	0.16778965294361115
accuracy_test/task:	88.72142677719167
accuracy_test/concepts:	97.6224594116211
map_test/concepts:	0.9484920799732208

Epoch 24
losses_train/task:	0.5970194935798645
losses_train/concepts:	4.476498603820801
losses_train/representations:	5.6789231300354
losses_train/total:	1.328615427017212
losses_test/task:	0.3852821886539459
losses_test/concepts:	2.4918248653411865
losses_test/representations:	4.654885768890381
losses_test/total:	0.8672088384628296
calibration_test/ece:	0.027533629909157753
calibration_test/brier:	0.15490363538265228
accuracy_test/task:	89.52524491333835
accuracy_test/concepts:	97.96240997314453
map_test/concepts:	0.9494214102625846

Epoch 25
losses_train/task:	0.5819836854934692
losses_train/concepts:	4.322419166564941
losses_train/representations:	5.4257283210754395
losses_train/total:	1.2855124473571777
losses_test/task:	0.5942128300666809
losses_test/concepts:	3.693228006362915
losses_test/representations:	5.976062297821045
losses_test/total:	1.2623387575149536
calibration_test/ece:	0.04666192829608917
calibration_test/brier:	0.22163136303424835
accuracy_test/task:	85.07912584777694
accuracy_test/concepts:	97.1108627319336
map_test/concepts:	0.9373190104961395

Epoch 26
losses_train/task:	0.5770356059074402
losses_train/concepts:	4.244333267211914
losses_train/representations:	5.412750720977783
losses_train/total:	1.272106409072876
losses_test/task:	0.4937381446361542
losses_test/concepts:	2.892122507095337
losses_test/representations:	4.83419132232666
losses_test/total:	1.0246602296829224
calibration_test/ece:	0.03586757183074951
calibration_test/brier:	0.19242699444293976
accuracy_test/task:	86.9547014987859
accuracy_test/concepts:	97.3833999633789
map_test/concepts:	0.9478782594203949

Epoch 27
losses_train/task:	0.5374014973640442
losses_train/concepts:	4.013924598693848
losses_train/representations:	5.1761040687561035
losses_train/total:	1.1975992918014526
losses_test/task:	0.4457952380180359
losses_test/concepts:	2.858468532562256
losses_test/representations:	5.679481029510498
losses_test/total:	1.0156160593032837
calibration_test/ece:	0.03538411855697632
calibration_test/brier:	0.1766086220741272
accuracy_test/task:	88.07669764715733
accuracy_test/concepts:	97.4767837524414
map_test/concepts:	0.9439916253089905

Epoch 28
losses_train/task:	0.5507075190544128
losses_train/concepts:	4.082122325897217
losses_train/representations:	5.208523273468018
losses_train/total:	1.219346284866333
losses_test/task:	0.3899918794631958
losses_test/concepts:	2.7178807258605957
losses_test/representations:	5.6249308586120605
losses_test/total:	0.9430263042449951
calibration_test/ece:	0.024640388786792755
calibration_test/brier:	0.15670356154441833
accuracy_test/task:	89.39964832956544
accuracy_test/concepts:	97.8045654296875
map_test/concepts:	0.9540825590491295

Epoch 29
losses_train/task:	0.5406569838523865
losses_train/concepts:	4.049061298370361
losses_train/representations:	5.233892917633057
losses_train/total:	1.2072577476501465
losses_test/task:	0.42248764634132385
losses_test/concepts:	2.799628257751465
losses_test/representations:	4.65245246887207
losses_test/total:	0.9350729584693909
calibration_test/ece:	0.028604678809642792
calibration_test/brier:	0.1624072790145874
accuracy_test/task:	88.87214267771917
accuracy_test/concepts:	97.82341766357422
map_test/concepts:	0.9528638303279877

Epoch 30
losses_train/task:	0.5426642298698425
losses_train/concepts:	4.0377068519592285
losses_train/representations:	5.167686939239502
losses_train/total:	1.2048189640045166
losses_test/task:	0.4295080006122589
losses_test/concepts:	2.7966256141662598
losses_test/representations:	4.609231948852539
losses_test/total:	0.9396320581436157
calibration_test/ece:	0.02902606874704361
calibration_test/brier:	0.16825827956199646
accuracy_test/task:	88.35301013145775
accuracy_test/concepts:	97.70033264160156
map_test/concepts:	0.9503218173980713

Epoch 31
losses_train/task:	0.5424610376358032
losses_train/concepts:	4.076573371887207
losses_train/representations:	5.132040977478027
losses_train/total:	1.2067201137542725
losses_test/task:	0.43286967277526855
losses_test/concepts:	2.748224973678589
losses_test/representations:	4.7760233879089355
losses_test/total:	0.94649338722229
calibration_test/ece:	0.031858354806900024
calibration_test/brier:	0.17102362215518951
accuracy_test/task:	88.40324876496693
accuracy_test/concepts:	97.58100891113281
map_test/concepts:	0.951388931274414

Epoch 32
losses_train/task:	0.512448251247406
losses_train/concepts:	3.829953193664551
losses_train/representations:	4.9184346199035645
losses_train/total:	1.1413652896881104
losses_test/task:	0.46765485405921936
losses_test/concepts:	3.2929728031158447
losses_test/representations:	4.953135967254639
losses_test/total:	1.0446090698242188
calibration_test/ece:	0.032769713550806046
calibration_test/brier:	0.17923802137374878
accuracy_test/task:	87.89248932429038
accuracy_test/concepts:	97.52449035644531
map_test/concepts:	0.9500811129808426

Epoch 33
losses_train/task:	0.5075259804725647
losses_train/concepts:	3.8138604164123535
losses_train/representations:	4.87725305557251
losses_train/total:	1.1327744722366333
losses_test/task:	0.5452238321304321
losses_test/concepts:	3.2207067012786865
losses_test/representations:	5.504865646362305
losses_test/total:	1.1425377130508423
calibration_test/ece:	0.04471801966428757
calibration_test/brier:	0.20244918763637543
accuracy_test/task:	86.41882274135477
accuracy_test/concepts:	97.26408386230469
map_test/concepts:	0.936700963973999

Epoch 34
losses_train/task:	0.5220823884010315
losses_train/concepts:	3.953784942626953
losses_train/representations:	5.032301902770996
losses_train/total:	1.1690763235092163
losses_test/task:	0.4330582916736603
losses_test/concepts:	2.537956953048706
losses_test/representations:	4.453511714935303
losses_test/total:	0.9095298051834106
calibration_test/ece:	0.03839114308357239
calibration_test/brier:	0.17126256227493286
accuracy_test/task:	88.6460688269279
accuracy_test/concepts:	97.62035369873047
map_test/concepts:	0.9461197063326836

Epoch 35
losses_train/task:	0.5047541856765747
losses_train/concepts:	3.8274145126342773
losses_train/representations:	4.93244743347168
losses_train/total:	1.1341177225112915
losses_test/task:	0.37470149993896484
losses_test/concepts:	2.426382303237915
losses_test/representations:	4.4123029708862305
losses_test/total:	0.8379546403884888
calibration_test/ece:	0.030496153980493546
calibration_test/brier:	0.1492384821176529
accuracy_test/task:	89.93552708699657
accuracy_test/concepts:	97.90169525146484
map_test/concepts:	0.9476916536688804

Epoch 36
losses_train/task:	0.516091525554657
losses_train/concepts:	3.8495357036590576
losses_train/representations:	4.992006778717041
losses_train/total:	1.1506454944610596
losses_test/task:	0.38164499402046204
losses_test/concepts:	2.514794111251831
losses_test/representations:	4.18232536315918
losses_test/total:	0.8422405123710632
calibration_test/ece:	0.030097149312496185
calibration_test/brier:	0.15260323882102966
accuracy_test/task:	89.68433391945072
accuracy_test/concepts:	97.97370910644531
map_test/concepts:	0.9470050692558288

Epoch 37
losses_train/task:	0.5012109875679016
losses_train/concepts:	3.791951894760132
losses_train/representations:	4.836879730224609
losses_train/total:	1.1222501993179321
losses_test/task:	0.3627929985523224
losses_test/concepts:	2.454442024230957
losses_test/representations:	4.0182905197143555
losses_test/total:	0.8091516494750977
calibration_test/ece:	0.027034778147935867
calibration_test/brier:	0.14326851069927216
accuracy_test/task:	90.36255547182449
accuracy_test/concepts:	98.01180267333984
map_test/concepts:	0.9554020583629608

Epoch 38
losses_train/task:	0.4812324643135071
losses_train/concepts:	3.6685473918914795
losses_train/representations:	4.751553535461426
losses_train/total:	1.0856648683547974
losses_test/task:	0.43137848377227783
losses_test/concepts:	3.0008463859558105
losses_test/representations:	4.254159927368164
losses_test/total:	0.9441715478897095
calibration_test/ece:	0.029816884547472
calibration_test/brier:	0.15967120230197906
accuracy_test/task:	89.24893242903794
accuracy_test/concepts:	98.04613494873047
map_test/concepts:	0.9540463030338288

Epoch 39
losses_train/task:	0.47338157892227173
losses_train/concepts:	3.5317161083221436
losses_train/representations:	4.568336486816406
losses_train/total:	1.0549702644348145
losses_test/task:	0.430544912815094
losses_test/concepts:	2.9007577896118164
losses_test/representations:	4.3379669189453125
losses_test/total:	0.9375190734863281
calibration_test/ece:	0.03964065760374069
calibration_test/brier:	0.16215814650058746
accuracy_test/task:	89.29079795696224
accuracy_test/concepts:	97.94022369384766
map_test/concepts:	0.9511070102453232

Epoch 40
losses_train/task:	0.466724693775177
losses_train/concepts:	3.5891358852386475
losses_train/representations:	4.587890625
losses_train/total:	1.0550328493118286
losses_test/task:	0.4408363997936249
losses_test/concepts:	2.9190175533294678
losses_test/representations:	4.4537739753723145
losses_test/total:	0.9554266929626465
calibration_test/ece:	0.037376679480075836
calibration_test/brier:	0.1675180047750473
accuracy_test/task:	88.62932261575818
accuracy_test/concepts:	97.77819061279297
map_test/concepts:	0.9520716726779938

Epoch 41
losses_train/task:	0.4698387682437897
losses_train/concepts:	3.5966804027557373
losses_train/representations:	4.653820991516113
losses_train/total:	1.0621980428695679
losses_test/task:	0.44826188683509827
losses_test/concepts:	2.719501495361328
losses_test/representations:	4.492586135864258
losses_test/total:	0.944841206073761
calibration_test/ece:	0.03963810205459595
calibration_test/brier:	0.1632872372865677
accuracy_test/task:	89.08984342292557
accuracy_test/concepts:	97.9088134765625
map_test/concepts:	0.9516410231590271

Epoch 42
losses_train/task:	0.4683692753314972
losses_train/concepts:	3.695150136947632
losses_train/representations:	4.60599422454834
losses_train/total:	1.0681837797164917
losses_test/task:	0.4499817192554474
losses_test/concepts:	2.819064140319824
losses_test/representations:	4.879372596740723
losses_test/total:	0.9758573174476624
calibration_test/ece:	0.03878021985292435
calibration_test/brier:	0.1716960072517395
accuracy_test/task:	88.6460688269279
accuracy_test/concepts:	97.56927490234375
map_test/concepts:	0.9490547984838485

Epoch 43
losses_train/task:	0.467420369386673
losses_train/concepts:	3.596390962600708
losses_train/representations:	4.599916934967041
losses_train/total:	1.057055115699768
losses_test/task:	0.37653154134750366
losses_test/concepts:	2.5092897415161133
losses_test/representations:	4.497765064239502
losses_test/total:	0.852348804473877
calibration_test/ece:	0.031331971287727356
calibration_test/brier:	0.14532087743282318
accuracy_test/task:	90.32068994390019
accuracy_test/concepts:	97.99591064453125
map_test/concepts:	0.9536807358264923

Epoch 44
losses_train/task:	0.4539955258369446
losses_train/concepts:	3.4904942512512207
losses_train/representations:	4.49485445022583
losses_train/total:	1.027787446975708
losses_test/task:	0.3799649775028229
losses_test/concepts:	2.5440986156463623
losses_test/representations:	4.054376602172852
losses_test/total:	0.8370938897132874
calibration_test/ece:	0.029511302709579468
calibration_test/brier:	0.1457567811012268
accuracy_test/task:	90.42954031650339
accuracy_test/concepts:	98.04279327392578
map_test/concepts:	0.9543967708945275

Epoch 45
losses_train/task:	0.44747334718704224
losses_train/concepts:	3.4613261222839355
losses_train/representations:	4.448947429656982
losses_train/total:	1.0160531997680664
losses_test/task:	0.36848723888397217
losses_test/concepts:	2.274662494659424
losses_test/representations:	4.438127517700195
losses_test/total:	0.8178597688674927
calibration_test/ece:	0.0340389683842659
calibration_test/brier:	0.1461648792028427
accuracy_test/task:	90.07786988193921
accuracy_test/concepts:	98.07462310791016
map_test/concepts:	0.9565326154232026

Epoch 46
losses_train/task:	0.43112316727638245
losses_train/concepts:	3.3153562545776367
losses_train/representations:	4.351901054382324
losses_train/total:	0.9802536368370056
losses_test/task:	0.40576133131980896
losses_test/concepts:	2.7171976566314697
losses_test/representations:	4.054206371307373
losses_test/total:	0.8801915049552917
calibration_test/ece:	0.03640776872634888
calibration_test/brier:	0.15024344623088837
accuracy_test/task:	90.07786988193921
accuracy_test/concepts:	98.11814880371094
map_test/concepts:	0.9532957583665848

Epoch 47
losses_train/task:	0.4368959367275238
losses_train/concepts:	3.345707416534424
losses_train/representations:	4.410079002380371
losses_train/total:	0.9919706583023071
losses_test/task:	0.3816356658935547
losses_test/concepts:	2.5566232204437256
losses_test/representations:	4.092555999755859
losses_test/total:	0.8419257998466492
calibration_test/ece:	0.034582361578941345
calibration_test/brier:	0.14482328295707703
accuracy_test/task:	90.24533199363644
accuracy_test/concepts:	98.06371307373047
map_test/concepts:	0.9520953714847564

Epoch 48
losses_train/task:	0.451901376247406
losses_train/concepts:	3.5556280612945557
losses_train/representations:	4.454414367675781
losses_train/total:	1.0301848649978638
losses_test/task:	0.42414891719818115
losses_test/concepts:	2.764267921447754
losses_test/representations:	4.312087535858154
losses_test/total:	0.9161801338195801
calibration_test/ece:	0.03502591699361801
calibration_test/brier:	0.16045130789279938
accuracy_test/task:	89.15682826760445
accuracy_test/concepts:	97.89793395996094
map_test/concepts:	0.9533268600702286

Epoch 49
losses_train/task:	0.44602927565574646
losses_train/concepts:	3.4251625537872314
losses_train/representations:	4.387448310852051
losses_train/total:	1.007918119430542
losses_test/task:	0.38562247157096863
losses_test/concepts:	2.500476598739624
losses_test/representations:	4.2623982429504395
losses_test/total:	0.8487899899482727
calibration_test/ece:	0.031566422432661057
calibration_test/brier:	0.14929701387882233
accuracy_test/task:	89.87691534790254
accuracy_test/concepts:	97.88369750976562
map_test/concepts:	0.9559886008501053

Epoch 50
losses_train/task:	0.43761613965034485
losses_train/concepts:	3.4559364318847656
losses_train/representations:	4.3883819580078125
losses_train/total:	1.0026286840438843
losses_test/task:	0.43050873279571533
losses_test/concepts:	2.806732177734375
losses_test/representations:	4.46436071395874
losses_test/total:	0.9343999028205872
calibration_test/ece:	0.04103303700685501
calibration_test/brier:	0.16238227486610413
accuracy_test/task:	89.07309721175584
accuracy_test/concepts:	97.9866943359375
map_test/concepts:	0.9559580624103546

Epoch 51
losses_train/task:	0.3484719395637512
losses_train/concepts:	2.8951499462127686
losses_train/representations:	3.8209228515625
losses_train/total:	0.829032838344574
losses_test/task:	0.2577280104160309
losses_test/concepts:	1.7806243896484375
losses_test/representations:	3.120577096939087
losses_test/total:	0.5918192267417908
calibration_test/ece:	0.02581595629453659
calibration_test/brier:	0.10429230332374573
accuracy_test/task:	92.94147199196182
accuracy_test/concepts:	98.65068054199219
map_test/concepts:	0.9692664682865143

Epoch 52
losses_train/task:	0.30162572860717773
losses_train/concepts:	2.5178840160369873
losses_train/representations:	3.397355556488037
losses_train/total:	0.7232816219329834
losses_test/task:	0.24646280705928802
losses_test/concepts:	1.7921448945999146
losses_test/representations:	2.9460792541503906
losses_test/total:	0.5729812979698181
calibration_test/ece:	0.025652864947915077
calibration_test/brier:	0.10045318305492401
accuracy_test/task:	93.4019927991292
accuracy_test/concepts:	98.7553482055664
map_test/concepts:	0.9695747792720795

Epoch 53
losses_train/task:	0.2824854850769043
losses_train/concepts:	2.453850269317627
losses_train/representations:	3.2323157787323
losses_train/total:	0.6894862651824951
losses_test/task:	0.24310752749443054
losses_test/concepts:	1.6559256315231323
losses_test/representations:	2.9533565044403076
losses_test/total:	0.5563678741455078
calibration_test/ece:	0.026472054421901703
calibration_test/brier:	0.09948606789112091
accuracy_test/task:	93.3350079544503
accuracy_test/concepts:	98.7791976928711
map_test/concepts:	0.96934594810009

Epoch 54
losses_train/task:	0.2706887722015381
losses_train/concepts:	2.381314516067505
losses_train/representations:	3.1521682739257812
losses_train/total:	0.6664286851882935
losses_test/task:	0.24281875789165497
losses_test/concepts:	1.6426434516906738
losses_test/representations:	2.8775248527526855
losses_test/total:	0.5509592890739441
calibration_test/ece:	0.027018044143915176
calibration_test/brier:	0.09887593984603882
accuracy_test/task:	93.57782801641129
accuracy_test/concepts:	98.78422546386719
map_test/concepts:	0.969940322637558

Epoch 55
losses_train/task:	0.27035078406333923
losses_train/concepts:	2.3012466430664062
losses_train/representations:	3.1418814659118652
losses_train/total:	0.6575695872306824
losses_test/task:	0.23676979541778564
losses_test/concepts:	1.634431004524231
losses_test/representations:	2.771122932434082
losses_test/total:	0.5387688875198364
calibration_test/ece:	0.027639809995889664
calibration_test/brier:	0.09713982045650482
accuracy_test/task:	93.61969354433559
accuracy_test/concepts:	98.81729888916016
map_test/concepts:	0.9698268145322799

Epoch 56
losses_train/task:	0.26913008093833923
losses_train/concepts:	2.2723348140716553
losses_train/representations:	3.0589749813079834
losses_train/total:	0.6493124961853027
losses_test/task:	0.2423228919506073
losses_test/concepts:	1.6891578435897827
losses_test/representations:	2.76513409614563
losses_test/total:	0.5494953989982605
calibration_test/ece:	0.028869714587926865
calibration_test/brier:	0.09961438179016113
accuracy_test/task:	93.46060453822322
accuracy_test/concepts:	98.79301452636719
map_test/concepts:	0.9698813170194626

Epoch 57
losses_train/task:	0.2648319602012634
losses_train/concepts:	2.232496976852417
losses_train/representations:	3.0121450424194336
losses_train/total:	0.6386890411376953
losses_test/task:	0.24055691063404083
losses_test/concepts:	1.7326935529708862
losses_test/representations:	2.795682668685913
losses_test/total:	0.5536102056503296
calibration_test/ece:	0.027585212141275406
calibration_test/brier:	0.0971079170703888
accuracy_test/task:	93.73691702252366
accuracy_test/concepts:	98.82691955566406
map_test/concepts:	0.9699103564023972

Epoch 58
losses_train/task:	0.2525016963481903
losses_train/concepts:	2.2002525329589844
losses_train/representations:	2.9531967639923096
losses_train/total:	0.6201868057250977
losses_test/task:	0.23937198519706726
losses_test/concepts:	1.662198543548584
losses_test/representations:	2.6908905506134033
losses_test/total:	0.5401362776756287
calibration_test/ece:	0.027481423690915108
calibration_test/brier:	0.09676822274923325
accuracy_test/task:	93.67830528342962
accuracy_test/concepts:	98.82818603515625
map_test/concepts:	0.9703449130058288

Epoch 59
losses_train/task:	0.25260496139526367
losses_train/concepts:	2.2570362091064453
losses_train/representations:	2.9689948558807373
losses_train/total:	0.6267582774162292
losses_test/task:	0.23986020684242249
losses_test/concepts:	1.6835654973983765
losses_test/representations:	2.8222625255584717
losses_test/total:	0.5493299961090088
calibration_test/ece:	0.027418866753578186
calibration_test/brier:	0.09637230634689331
accuracy_test/task:	93.6615590722599
accuracy_test/concepts:	98.82190704345703
map_test/concepts:	0.9699138015508652

Epoch 60
losses_train/task:	0.24211174249649048
losses_train/concepts:	2.061333179473877
losses_train/representations:	2.902933120727539
losses_train/total:	0.5933918356895447
losses_test/task:	0.2395886480808258
losses_test/concepts:	1.8089816570281982
losses_test/representations:	2.62566876411438
losses_test/total:	0.5517703294754028
calibration_train/ece:	0.004033946432173252
calibration_train/brier:	0.07076622545719147
accuracy_train/task:	94.83901515151516
calibration_test/ece:	0.02724740467965603
calibration_test/brier:	0.09625151753425598
accuracy_test/task:	93.78715565603282
accuracy_train/concepts:	98.78137969970703
map_train/concepts:	0.9804746508598328
accuracy_test/concepts:	98.85205841064453
map_test/concepts:	0.9693705856800079
accuracy_test/nuisances_task:	1.4199507236480713
accuracy_test/nuisances_nontask:	0.0
mutual_inf_test/nuisances_task:	0.06563324444035552
mutual_inf_test/nuisances_nontask:	0.0

Epoch 61
losses_train/task:	0.24787530303001404
losses_train/concepts:	2.2034988403320312
losses_train/representations:	2.8975324630737305
losses_train/total:	0.61310213804245
losses_test/task:	0.24042481184005737
losses_test/concepts:	1.6487199068069458
losses_test/representations:	2.7119226455688477
losses_test/total:	0.5408928990364075
calibration_test/ece:	0.028690611943602562
calibration_test/brier:	0.09650912135839462
accuracy_test/task:	93.69505149459934
accuracy_test/concepts:	98.83152770996094
map_test/concepts:	0.9705606907606125

Epoch 62
losses_train/task:	0.246856689453125
losses_train/concepts:	2.1914613246917725
losses_train/representations:	2.907559871673584
losses_train/total:	0.6113808155059814
losses_test/task:	0.24109232425689697
losses_test/concepts:	1.7713462114334106
losses_test/representations:	2.6615724563598633
losses_test/total:	0.5513055920600891
calibration_test/ece:	0.028477255254983902
calibration_test/brier:	0.09634537994861603
accuracy_test/task:	93.79552876161769
accuracy_test/concepts:	98.85832214355469
map_test/concepts:	0.9689212560653686

Epoch 63
losses_train/task:	0.24038472771644592
losses_train/concepts:	2.078157424926758
losses_train/representations:	2.843466281890869
losses_train/total:	0.5903739333152771
losses_test/task:	0.24156634509563446
losses_test/concepts:	1.7597757577896118
losses_test/representations:	2.6728203296661377
losses_test/total:	0.5511849522590637
calibration_test/ece:	0.029450945556163788
calibration_test/brier:	0.09604648500680923
accuracy_test/task:	93.68667838901449
accuracy_test/concepts:	98.85289001464844
map_test/concepts:	0.970674017071724

Epoch 64
losses_train/task:	0.24164269864559174
losses_train/concepts:	2.1066055297851562
losses_train/representations:	2.8434598445892334
losses_train/total:	0.5944763422012329
losses_test/task:	0.2339128702878952
losses_test/concepts:	1.8372029066085815
losses_test/representations:	2.6272807121276855
losses_test/total:	0.5489972829818726
calibration_test/ece:	0.028596743941307068
calibration_test/brier:	0.09318862110376358
accuracy_test/task:	94.03834882357866
accuracy_test/concepts:	98.89266204833984
map_test/concepts:	0.9693345367908478

Epoch 65
losses_train/task:	0.2401900291442871
losses_train/concepts:	2.1011152267456055
losses_train/representations:	2.8275532722473145
losses_train/total:	0.5916793346405029
losses_test/task:	0.23810026049613953
losses_test/concepts:	1.6993485689163208
losses_test/representations:	2.6397202014923096
losses_test/total:	0.5400213599205017
calibration_test/ece:	0.029239965602755547
calibration_test/brier:	0.09528200328350067
accuracy_test/task:	93.87088671188144
accuracy_test/concepts:	98.86711120605469
map_test/concepts:	0.9715524822473526

Epoch 66
losses_train/task:	0.2386453002691269
losses_train/concepts:	2.0343291759490967
losses_train/representations:	2.831476926803589
losses_train/total:	0.5836521983146667
losses_test/task:	0.2349044382572174
losses_test/concepts:	1.8859293460845947
losses_test/representations:	2.5870447158813477
losses_test/total:	0.5528495907783508
calibration_test/ece:	0.02770335227251053
calibration_test/brier:	0.09333719313144684
accuracy_test/task:	93.99648329565436
accuracy_test/concepts:	98.88972473144531
map_test/concepts:	0.970968946814537

Epoch 67
losses_train/task:	0.2345012128353119
losses_train/concepts:	2.0692405700683594
losses_train/representations:	2.7874279022216797
losses_train/total:	0.5807967782020569
losses_test/task:	0.24006140232086182
losses_test/concepts:	1.689469337463379
losses_test/representations:	2.677520751953125
losses_test/total:	0.542884349822998
calibration_test/ece:	0.028091678395867348
calibration_test/brier:	0.09486480057239532
accuracy_test/task:	93.9211253453906
accuracy_test/concepts:	98.86502075195312
map_test/concepts:	0.9701483577489853

Epoch 68
losses_train/task:	0.22816304862499237
losses_train/concepts:	2.056403636932373
losses_train/representations:	2.7918310165405273
losses_train/total:	0.5733949542045593
losses_test/task:	0.23279087245464325
losses_test/concepts:	1.6858240365982056
losses_test/representations:	2.574108362197876
losses_test/total:	0.5300788283348083
calibration_test/ece:	0.026924319565296173
calibration_test/brier:	0.09198911488056183
accuracy_test/task:	94.11370677384242
accuracy_test/concepts:	98.8980941772461
map_test/concepts:	0.9700067162513732

Epoch 69
losses_train/task:	0.22795453667640686
losses_train/concepts:	2.028888463973999
losses_train/representations:	2.7507107257843018
losses_train/total:	0.5683789253234863
losses_test/task:	0.23389965295791626
losses_test/concepts:	1.7242132425308228
losses_test/representations:	2.5914440155029297
losses_test/total:	0.5358931422233582
calibration_test/ece:	0.02790984883904457
calibration_test/brier:	0.09275425970554352
accuracy_test/task:	94.02160261240894
accuracy_test/concepts:	98.9085693359375
map_test/concepts:	0.971054270863533

Epoch 70
losses_train/task:	0.23154252767562866
losses_train/concepts:	2.020942211151123
losses_train/representations:	2.7730140686035156
losses_train/total:	0.5722874999046326
losses_test/task:	0.23271287977695465
losses_test/concepts:	1.7727890014648438
losses_test/representations:	2.5648274421691895
losses_test/total:	0.5382331609725952
calibration_test/ece:	0.027508769184350967
calibration_test/brier:	0.09187692403793335
accuracy_test/task:	94.01322950682408
accuracy_test/concepts:	98.89935302734375
map_test/concepts:	0.9713951706886291

Epoch 71
losses_train/task:	0.21664465963840485
losses_train/concepts:	1.9072028398513794
losses_train/representations:	2.6941463947296143
losses_train/total:	0.5420722365379333
losses_test/task:	0.23897694051265717
losses_test/concepts:	1.727301836013794
losses_test/representations:	2.6102075576782227
losses_test/total:	0.542217493057251
calibration_test/ece:	0.029138239100575447
calibration_test/brier:	0.09505875408649445
accuracy_test/task:	93.9211253453906
accuracy_test/concepts:	98.87925720214844
map_test/concepts:	0.968511164188385

Epoch 72
losses_train/task:	0.2279907613992691
losses_train/concepts:	2.0387349128723145
losses_train/representations:	2.7425220012664795
losses_train/total:	0.5689905285835266
losses_test/task:	0.2343643605709076
losses_test/concepts:	1.6746697425842285
losses_test/representations:	2.589251756668091
losses_test/total:	0.5312939882278442
calibration_test/ece:	0.028476234525442123
calibration_test/brier:	0.09260310977697372
accuracy_test/task:	94.02160261240894
accuracy_test/concepts:	98.91693878173828
map_test/concepts:	0.9708066821098328

Epoch 73
losses_train/task:	0.22097553312778473
losses_train/concepts:	2.0025131702423096
losses_train/representations:	2.7142553329467773
losses_train/total:	0.556939423084259
losses_test/task:	0.2370765060186386
losses_test/concepts:	1.8933659791946411
losses_test/representations:	2.5717031955718994
losses_test/total:	0.5549983382225037
calibration_test/ece:	0.02947046421468258
calibration_test/brier:	0.09348202496767044
accuracy_test/task:	94.0299757179938
accuracy_test/concepts:	98.90438079833984
map_test/concepts:	0.9682335913181305

Epoch 74
losses_train/task:	0.22676539421081543
losses_train/concepts:	2.0140984058380127
losses_train/representations:	2.7182462215423584
losses_train/total:	0.5640875697135925
losses_test/task:	0.23858751356601715
losses_test/concepts:	1.7919021844863892
losses_test/representations:	2.567976474761963
losses_test/total:	0.5461766719818115
calibration_test/ece:	0.029663078486919403
calibration_test/brier:	0.09379307180643082
accuracy_test/task:	94.04672192916352
accuracy_test/concepts:	98.90690612792969
map_test/concepts:	0.9699076592922211

Epoch 75
losses_train/task:	0.2215614765882492
losses_train/concepts:	1.962640643119812
losses_train/representations:	2.679797649383545
losses_train/total:	0.5518155097961426
losses_test/task:	0.23183172941207886
losses_test/concepts:	1.7532085180282593
losses_test/representations:	2.5328948497772217
losses_test/total:	0.5337974429130554
calibration_test/ece:	0.029217422008514404
calibration_test/brier:	0.09219728410243988
accuracy_test/task:	93.97136397889977
accuracy_test/concepts:	98.90228271484375
map_test/concepts:	0.9711057722568512

Epoch 76
losses_train/task:	0.219417005777359
losses_train/concepts:	1.9270089864730835
losses_train/representations:	2.6784796714782715
losses_train/total:	0.5460420250892639
losses_test/task:	0.23530519008636475
losses_test/concepts:	1.8221582174301147
losses_test/representations:	2.582183361053467
losses_test/total:	0.5466300845146179
calibration_test/ece:	0.027757510542869568
calibration_test/brier:	0.09197241067886353
accuracy_test/task:	94.07184124591811
accuracy_test/concepts:	98.90563201904297
map_test/concepts:	0.9709199339151382

Epoch 77
losses_train/task:	0.22732877731323242
losses_train/concepts:	1.9962340593338013
losses_train/representations:	2.704525947570801
losses_train/total:	0.5621784329414368
losses_test/task:	0.23306159675121307
losses_test/concepts:	1.7217978239059448
losses_test/representations:	2.514038562774658
losses_test/total:	0.5309434533119202
calibration_test/ece:	0.027983546257019043
calibration_test/brier:	0.09061896800994873
accuracy_test/task:	94.16394540735159
accuracy_test/concepts:	98.96424865722656
map_test/concepts:	0.9712419360876083

Epoch 78
losses_train/task:	0.21962803602218628
losses_train/concepts:	1.9138786792755127
losses_train/representations:	2.6781439781188965
losses_train/total:	0.5449230670928955
losses_test/task:	0.2354084551334381
losses_test/concepts:	1.712753415107727
losses_test/representations:	2.5109572410583496
losses_test/total:	0.5322315096855164
calibration_test/ece:	0.02911359816789627
calibration_test/brier:	0.09142918884754181
accuracy_test/task:	94.06346814033326
accuracy_test/concepts:	98.96382141113281
map_test/concepts:	0.9719621062278747

Epoch 79
losses_train/task:	0.21964114904403687
losses_train/concepts:	1.9555211067199707
losses_train/representations:	2.6773159503936768
losses_train/total:	0.5490591526031494
losses_test/task:	0.2404165118932724
losses_test/concepts:	1.7888211011886597
losses_test/representations:	2.4960224628448486
losses_test/total:	0.544099748134613
calibration_test/ece:	0.02973080612719059
calibration_test/brier:	0.0937526747584343
accuracy_test/task:	94.05509503474839
accuracy_test/concepts:	98.94288635253906
map_test/concepts:	0.9721834927797317

Epoch 80
losses_train/task:	0.21168826520442963
losses_train/concepts:	1.8679214715957642
losses_train/representations:	2.6234939098358154
losses_train/total:	0.5296549797058105
losses_test/task:	0.23614256083965302
losses_test/concepts:	1.7173396348953247
losses_test/representations:	2.5085926055908203
losses_test/total:	0.5333061218261719
calibration_test/ece:	0.02965151146054268
calibration_test/brier:	0.09269410371780396
accuracy_test/task:	93.96299087331491
accuracy_test/concepts:	98.93285369873047
map_test/concepts:	0.9705289661884308

Epoch 81
losses_train/task:	0.22172033786773682
losses_train/concepts:	1.9153270721435547
losses_train/representations:	2.6953470706939697
losses_train/total:	0.5480202436447144
losses_test/task:	0.24297121167182922
losses_test/concepts:	1.8380128145217896
losses_test/representations:	2.5351836681365967
losses_test/total:	0.5535316467285156
calibration_test/ece:	0.03074631281197071
calibration_test/brier:	0.09394549578428268
accuracy_test/task:	93.99648329565436
accuracy_test/concepts:	98.92698669433594
map_test/concepts:	0.969668197631836

Epoch 82
losses_train/task:	0.2059578001499176
losses_train/concepts:	1.8112210035324097
losses_train/representations:	2.5625433921813965
losses_train/total:	0.5152072906494141
losses_test/task:	0.24840453267097473
losses_test/concepts:	1.9169971942901611
losses_test/representations:	2.548391819000244
losses_test/total:	0.5675238966941833
calibration_test/ece:	0.030107013881206512
calibration_test/brier:	0.09418363869190216
accuracy_test/task:	94.07184124591811
accuracy_test/concepts:	98.9127426147461
map_test/concepts:	0.9680956959724426

Epoch 83
losses_train/task:	0.2214128077030182
losses_train/concepts:	1.9882513284683228
losses_train/representations:	2.6599247455596924
losses_train/total:	0.5532343983650208
losses_test/task:	0.24506649374961853
losses_test/concepts:	2.2829015254974365
losses_test/representations:	2.4887421131134033
losses_test/total:	0.597793698310852
calibration_test/ece:	0.030877450481057167
calibration_test/brier:	0.09458520263433456
accuracy_test/task:	94.04672192916352
accuracy_test/concepts:	98.92070770263672
map_test/concepts:	0.9691352874040604

Epoch 84
losses_train/task:	0.2168417125940323
losses_train/concepts:	1.9384902715682983
losses_train/representations:	2.6041641235351562
losses_train/total:	0.5408987998962402
losses_test/task:	0.23938338458538055
losses_test/concepts:	1.734451413154602
losses_test/representations:	2.532247304916382
losses_test/total:	0.5394408702850342
calibration_test/ece:	0.029672689735889435
calibration_test/brier:	0.09296970069408417
accuracy_test/task:	94.13045298501214
accuracy_test/concepts:	98.90228271484375
map_test/concepts:	0.9697720259428024

Epoch 85
losses_train/task:	0.21018879115581512
losses_train/concepts:	1.8810107707977295
losses_train/representations:	2.583496332168579
losses_train/total:	0.5274646878242493
losses_test/task:	0.24206484854221344
losses_test/concepts:	1.9373478889465332
losses_test/representations:	2.4716930389404297
losses_test/total:	0.559384286403656
calibration_test/ece:	0.031121686100959778
calibration_test/brier:	0.09370414912700653
accuracy_test/task:	94.01322950682408
accuracy_test/concepts:	98.9282455444336
map_test/concepts:	0.968564835190773

Epoch 86
losses_train/task:	0.21367143094539642
losses_train/concepts:	1.8560391664505005
losses_train/representations:	2.5768792629241943
losses_train/total:	0.5281193852424622
losses_test/task:	0.2411835789680481
losses_test/concepts:	2.1341898441314697
losses_test/representations:	2.5025923252105713
losses_test/total:	0.5797321200370789
calibration_test/ece:	0.029840335249900818
calibration_test/brier:	0.09281393140554428
accuracy_test/task:	94.07184124591811
accuracy_test/concepts:	98.93201446533203
map_test/concepts:	0.9676445156335831

Epoch 87
losses_train/task:	0.2106473296880722
losses_train/concepts:	1.9059295654296875
losses_train/representations:	2.619046926498413
losses_train/total:	0.5321924090385437
losses_test/task:	0.24713587760925293
losses_test/concepts:	2.3188138008117676
losses_test/representations:	2.497474193572998
losses_test/total:	0.6038910746574402
calibration_test/ece:	0.029599027708172798
calibration_test/brier:	0.0932723879814148
accuracy_test/task:	94.09696056267269
accuracy_test/concepts:	98.93536376953125
map_test/concepts:	0.968883615732193

Epoch 88
losses_train/task:	0.2066417634487152
losses_train/concepts:	1.873264193534851
losses_train/representations:	2.5699734687805176
losses_train/total:	0.522466778755188
losses_test/task:	0.24574729800224304
losses_test/concepts:	1.9537851810455322
losses_test/representations:	2.493292808532715
losses_test/total:	0.5657902956008911
calibration_test/ece:	0.02985677495598793
calibration_test/brier:	0.09441960602998734
accuracy_test/task:	94.0299757179938
accuracy_test/concepts:	98.91358947753906
map_test/concepts:	0.9689563512802124

Epoch 89
losses_train/task:	0.2014404982328415
losses_train/concepts:	1.7613561153411865
losses_train/representations:	2.522799015045166
losses_train/total:	0.5037158131599426
losses_test/task:	0.24142451584339142
losses_test/concepts:	1.8326380252838135
losses_test/representations:	2.5309839248657227
losses_test/total:	0.5512375831604004
calibration_test/ece:	0.03112640790641308
calibration_test/brier:	0.09336113184690475
accuracy_test/task:	94.00485640123922
accuracy_test/concepts:	98.93534851074219
map_test/concepts:	0.9686136454343796

Epoch 90
losses_train/task:	0.20283463597297668
losses_train/concepts:	1.8424103260040283
losses_train/representations:	2.5337374210357666
losses_train/total:	0.5137624740600586
losses_test/task:	0.24912719428539276
losses_test/concepts:	2.3294496536254883
losses_test/representations:	2.499884605407715
losses_test/total:	0.6070664525032043
calibration_test/ece:	0.031143972650170326
calibration_test/brier:	0.09435178339481354
accuracy_test/task:	94.05509503474839
accuracy_test/concepts:	98.9056396484375
map_test/concepts:	0.9680480599403382

Epoch 91
losses_train/task:	0.19756977260112762
losses_train/concepts:	1.778635025024414
losses_train/representations:	2.4938361644744873
losses_train/total:	0.5001250505447388
losses_test/task:	0.25339019298553467
losses_test/concepts:	2.769984483718872
losses_test/representations:	2.4743711948394775
losses_test/total:	0.6541071534156799
calibration_test/ece:	0.031276851892471313
calibration_test/brier:	0.09438172727823257
accuracy_test/task:	94.07184124591811
accuracy_test/concepts:	98.92363739013672
map_test/concepts:	0.9685004204511642

Epoch 92
losses_train/task:	0.20853599905967712
losses_train/concepts:	1.8540422916412354
losses_train/representations:	2.5291147232055664
losses_train/total:	0.520395815372467
losses_test/task:	0.24885514378547668
losses_test/concepts:	2.038022518157959
losses_test/representations:	2.5694854259490967
losses_test/total:	0.5811315774917603
calibration_test/ece:	0.032069094479084015
calibration_test/brier:	0.09477347880601883
accuracy_test/task:	94.04672192916352
accuracy_test/concepts:	98.92655944824219
map_test/concepts:	0.9685465395450592

Epoch 93
losses_train/task:	0.21310721337795258
losses_train/concepts:	1.8647596836090088
losses_train/representations:	2.5711171627044678
losses_train/total:	0.5281389951705933
losses_test/task:	0.2470327913761139
losses_test/concepts:	2.172363042831421
losses_test/representations:	2.4289536476135254
losses_test/total:	0.585716724395752
calibration_test/ece:	0.030968036502599716
calibration_test/brier:	0.09423283487558365
accuracy_test/task:	94.08858745708784
accuracy_test/concepts:	98.92740631103516
map_test/concepts:	0.9713350117206574

Epoch 94
losses_train/task:	0.21090483665466309
losses_train/concepts:	1.8512855768203735
losses_train/representations:	2.5579607486724854
losses_train/total:	0.5239315629005432
losses_test/task:	0.25161612033843994
losses_test/concepts:	2.075268507003784
losses_test/representations:	2.4897210597991943
losses_test/total:	0.5836290717124939
calibration_test/ece:	0.03168676793575287
calibration_test/brier:	0.09625162184238434
accuracy_test/task:	94.01322950682408
accuracy_test/concepts:	98.90731048583984
map_test/concepts:	0.9696911901235581

Epoch 95
losses_train/task:	0.21036560833454132
losses_train/concepts:	1.8692069053649902
losses_train/representations:	2.579249620437622
losses_train/total:	0.5262488722801208
losses_test/task:	0.2440175563097
losses_test/concepts:	1.9733054637908936
losses_test/representations:	2.4803476333618164
losses_test/total:	0.565365731716156
calibration_test/ece:	0.029174145311117172
calibration_test/brier:	0.09235406666994095
accuracy_test/task:	94.28954199112451
accuracy_test/concepts:	98.93116760253906
map_test/concepts:	0.9691371470689774

Epoch 96
losses_train/task:	0.20024295151233673
losses_train/concepts:	1.76274573802948
losses_train/representations:	2.5108747482299805
losses_train/total:	0.5020612478256226
losses_test/task:	0.245174840092659
losses_test/concepts:	2.136035203933716
losses_test/representations:	2.4645657539367676
losses_test/total:	0.5820066928863525
calibration_test/ece:	0.030785121023654938
calibration_test/brier:	0.09464465826749802
accuracy_test/task:	94.01322950682408
accuracy_test/concepts:	98.92991638183594
map_test/concepts:	0.9682575672864914

Epoch 97
losses_train/task:	0.19760073721408844
losses_train/concepts:	1.7995717525482178
losses_train/representations:	2.49655818939209
losses_train/total:	0.5023856163024902
losses_test/task:	0.24600183963775635
losses_test/concepts:	2.3357677459716797
losses_test/representations:	2.502446174621582
losses_test/total:	0.6047008633613586
calibration_test/ece:	0.03113280050456524
calibration_test/brier:	0.09358204901218414
accuracy_test/task:	94.01322950682408
accuracy_test/concepts:	98.93327331542969
map_test/concepts:	0.9701624900102616

Epoch 98
losses_train/task:	0.20291106402873993
losses_train/concepts:	1.8376917839050293
losses_train/representations:	2.5443806648254395
losses_train/total:	0.5138993859291077
losses_test/task:	0.24856209754943848
losses_test/concepts:	2.4258410930633545
losses_test/representations:	2.4813742637634277
losses_test/total:	0.6152149438858032
calibration_test/ece:	0.032953448593616486
calibration_test/brier:	0.09588387608528137
accuracy_test/task:	93.91275223980574
accuracy_test/concepts:	98.89977264404297
map_test/concepts:	0.9683117538690567

Epoch 99
losses_train/task:	0.20072327554225922
losses_train/concepts:	1.8490279912948608
losses_train/representations:	2.494605779647827
losses_train/total:	0.5103561282157898
losses_test/task:	0.24817383289337158
losses_test/concepts:	1.7672690153121948
losses_test/representations:	2.563380002975464
losses_test/total:	0.5530698299407959
calibration_test/ece:	0.03189482539892197
calibration_test/brier:	0.09577389806509018
accuracy_test/task:	93.97973708448464
accuracy_test/concepts:	98.88219451904297
map_test/concepts:	0.9671747148036957

Epoch 100
losses_train/task:	0.20236721634864807
losses_train/concepts:	1.8314483165740967
losses_train/representations:	2.5292623043060303
losses_train/total:	0.5119750499725342
losses_test/task:	0.24628394842147827
losses_test/concepts:	1.840049386024475
losses_test/representations:	2.536885976791382
losses_test/total:	0.557133138179779
calibration_test/ece:	0.03199008107185364
calibration_test/brier:	0.09409312158823013
accuracy_test/task:	94.04672192916352
accuracy_test/concepts:	98.92948913574219
map_test/concepts:	0.9687060207128525

Epoch 101
losses_train/task:	0.19545872509479523
losses_train/concepts:	1.7973042726516724
losses_train/representations:	2.4963955879211426
losses_train/total:	0.5000090003013611
losses_test/task:	0.2448616623878479
losses_test/concepts:	1.878240704536438
losses_test/representations:	2.473759412765503
losses_test/total:	0.5563735961914062
calibration_test/ece:	0.03142024949193001
calibration_test/brier:	0.09384913742542267
accuracy_test/task:	94.10533366825756
accuracy_test/concepts:	98.9303207397461
map_test/concepts:	0.9696643561124801

Epoch 102
losses_train/task:	0.19623257219791412
losses_train/concepts:	1.7372245788574219
losses_train/representations:	2.4703214168548584
losses_train/total:	0.4934712052345276
losses_test/task:	0.2441616803407669
losses_test/concepts:	1.9400891065597534
losses_test/representations:	2.494638681411743
losses_test/total:	0.562902569770813
calibration_test/ece:	0.03148101270198822
calibration_test/brier:	0.09333566576242447
accuracy_test/task:	94.14719919618186
accuracy_test/concepts:	98.9395523071289
map_test/concepts:	0.970249018073082

Epoch 103
losses_train/task:	0.1919952780008316
losses_train/concepts:	1.6727707386016846
losses_train/representations:	2.4687533378601074
losses_train/total:	0.48270994424819946
losses_test/task:	0.24518947303295135
losses_test/concepts:	2.036395788192749
losses_test/representations:	2.450132131576538
losses_test/total:	0.5713356137275696
calibration_test/ece:	0.0315798744559288
calibration_test/brier:	0.0937679260969162
accuracy_test/task:	94.16394540735159
accuracy_test/concepts:	98.9483413696289
map_test/concepts:	0.9695635348558426

Epoch 104
losses_train/task:	0.1898251473903656
losses_train/concepts:	1.7133688926696777
losses_train/representations:	2.444462537765503
losses_train/total:	0.4833853244781494
losses_test/task:	0.2421172708272934
losses_test/concepts:	1.9841986894607544
losses_test/representations:	2.4277384281158447
losses_test/total:	0.5619240999221802
calibration_test/ece:	0.030819600448012352
calibration_test/brier:	0.09325570613145828
accuracy_test/task:	94.16394540735159
accuracy_test/concepts:	98.94163513183594
map_test/concepts:	0.9706733405590058

Epoch 105
losses_train/task:	0.19330476224422455
losses_train/concepts:	1.7402451038360596
losses_train/representations:	2.4526500701904297
losses_train/total:	0.4899618327617645
losses_test/task:	0.2447611540555954
losses_test/concepts:	2.0148184299468994
losses_test/representations:	2.467545509338379
losses_test/total:	0.5696201324462891
calibration_test/ece:	0.03113286755979061
calibration_test/brier:	0.0933188870549202
accuracy_test/task:	94.13882609059701
accuracy_test/concepts:	98.94624328613281
map_test/concepts:	0.9695403009653092

Epoch 106
losses_train/task:	0.1907532960176468
losses_train/concepts:	1.7212390899658203
losses_train/representations:	2.41206693649292
losses_train/total:	0.4834804832935333
losses_test/task:	0.24250715970993042
losses_test/concepts:	2.1467714309692383
losses_test/representations:	2.411593198776245
losses_test/total:	0.577764093875885
calibration_test/ece:	0.03096093237400055
calibration_test/brier:	0.09300956130027771
accuracy_test/task:	94.22255714644562
accuracy_test/concepts:	98.9407958984375
map_test/concepts:	0.9694726377725601

Epoch 107
losses_train/task:	0.19428251683712006
losses_train/concepts:	1.7711632251739502
losses_train/representations:	2.449971914291382
losses_train/total:	0.49389758706092834
losses_test/task:	0.24287395179271698
losses_test/concepts:	2.078594446182251
losses_test/representations:	2.446200370788574
losses_test/total:	0.5730435848236084
calibration_test/ece:	0.030871398746967316
calibration_test/brier:	0.09271758794784546
accuracy_test/task:	94.19743782969103
accuracy_test/concepts:	98.95503234863281
map_test/concepts:	0.9704331934452057

Epoch 108
losses_train/task:	0.19806736707687378
losses_train/concepts:	1.7622661590576172
losses_train/representations:	2.479726552963257
losses_train/total:	0.4982801377773285
losses_test/task:	0.24383427202701569
losses_test/concepts:	2.1406004428863525
losses_test/representations:	2.4305384159088135
losses_test/total:	0.5794212222099304
calibration_test/ece:	0.03089703992009163
calibration_test/brier:	0.09293290972709656
accuracy_test/task:	94.14719919618186
accuracy_test/concepts:	98.9454116821289
map_test/concepts:	0.9701934099197388

Epoch 109
losses_train/task:	0.19336290657520294
losses_train/concepts:	1.691632628440857
losses_train/representations:	2.4247801303863525
losses_train/total:	0.4837651550769806
losses_test/task:	0.2414868026971817
losses_test/concepts:	2.175114393234253
losses_test/representations:	2.4217777252197266
losses_test/total:	0.5800871849060059
calibration_test/ece:	0.03072323463857174
calibration_test/brier:	0.09201221168041229
accuracy_test/task:	94.23930335761534
accuracy_test/concepts:	98.96131134033203
map_test/concepts:	0.9701057612895966

Epoch 110
losses_train/task:	0.1899908483028412
losses_train/concepts:	1.7405301332473755
losses_train/representations:	2.435716152191162
losses_train/total:	0.48582980036735535
losses_test/task:	0.2456090748310089
losses_test/concepts:	2.159522533416748
losses_test/representations:	2.4571826457977295
losses_test/total:	0.5844204425811768
calibration_test/ece:	0.03241848200559616
calibration_test/brier:	0.09356913715600967
accuracy_test/task:	94.07184124591811
accuracy_test/concepts:	98.94583892822266
map_test/concepts:	0.9694363474845886

Epoch 111
losses_train/task:	0.18553560972213745
losses_train/concepts:	1.6832319498062134
losses_train/representations:	2.4229485988616943
losses_train/total:	0.4750062823295593
losses_test/task:	0.24178211390972137
losses_test/concepts:	2.1684634685516357
losses_test/representations:	2.4393069744110107
losses_test/total:	0.5805937647819519
calibration_test/ece:	0.03104293718934059
calibration_test/brier:	0.09269286692142487
accuracy_test/task:	94.18906472410617
accuracy_test/concepts:	98.94624328613281
map_test/concepts:	0.9691072076559066

Epoch 112
losses_train/task:	0.1971980333328247
losses_train/concepts:	1.777382493019104
losses_train/representations:	2.451580047607422
losses_train/total:	0.49751535058021545
losses_test/task:	0.24209816753864288
losses_test/concepts:	2.1614670753479004
losses_test/representations:	2.429161548614502
losses_test/total:	0.5797030925750732
calibration_test/ece:	0.031475961208343506
calibration_test/brier:	0.09264051914215088
accuracy_test/task:	94.19743782969103
accuracy_test/concepts:	98.95127868652344
map_test/concepts:	0.969500195980072

Epoch 113
losses_train/task:	0.18999843299388885
losses_train/concepts:	1.7135825157165527
losses_train/representations:	2.4282398223876953
losses_train/total:	0.4827687442302704
losses_test/task:	0.24192263185977936
losses_test/concepts:	2.2356934547424316
losses_test/representations:	2.435326099395752
losses_test/total:	0.5872581005096436
calibration_test/ece:	0.03187182545661926
calibration_test/brier:	0.09278608113527298
accuracy_test/task:	94.11370677384242
accuracy_test/concepts:	98.96257019042969
map_test/concepts:	0.9698077976703644

Epoch 114
losses_train/task:	0.1822742074728012
losses_train/concepts:	1.6365602016448975
losses_train/representations:	2.391016721725464
losses_train/total:	0.4654810428619385
losses_test/task:	0.24343232810497284
losses_test/concepts:	2.158824920654297
losses_test/representations:	2.417630910873413
losses_test/total:	0.5801964402198792
calibration_test/ece:	0.03166975453495979
calibration_test/brier:	0.09307301789522171
accuracy_test/task:	94.18906472410617
accuracy_test/concepts:	98.95460510253906
map_test/concepts:	0.9695186108350754

Epoch 115
losses_train/task:	0.17924466729164124
losses_train/concepts:	1.6417485475540161
losses_train/representations:	2.361250400543213
losses_train/total:	0.46148207783699036
losses_test/task:	0.24423745274543762
losses_test/concepts:	2.2687225341796875
losses_test/representations:	2.4478487968444824
losses_test/total:	0.5935021638870239
calibration_test/ece:	0.0322251170873642
calibration_test/brier:	0.09349962323904037
accuracy_test/task:	94.11370677384242
accuracy_test/concepts:	98.94457244873047
map_test/concepts:	0.9691858112812042

Epoch 116
losses_train/task:	0.1894916146993637
losses_train/concepts:	1.6845052242279053
losses_train/representations:	2.420304536819458
losses_train/total:	0.47895732522010803
losses_test/task:	0.2423655092716217
losses_test/concepts:	2.262728452682495
losses_test/representations:	2.4109976291656494
losses_test/total:	0.5891881585121155
calibration_test/ece:	0.03106987476348877
calibration_test/brier:	0.09251359850168228
accuracy_test/task:	94.17231851293644
accuracy_test/concepts:	98.95462799072266
map_test/concepts:	0.9696663737297058

Epoch 117
losses_train/task:	0.19568213820457458
losses_train/concepts:	1.7670292854309082
losses_train/representations:	2.423625946044922
losses_train/total:	0.4935665726661682
losses_test/task:	0.2436438351869583
losses_test/concepts:	2.158600091934204
losses_test/representations:	2.3955435752868652
losses_test/total:	0.5792811512947083
calibration_test/ece:	0.03093443438410759
calibration_test/brier:	0.0931251123547554
accuracy_test/task:	94.19743782969103
accuracy_test/concepts:	98.95503997802734
map_test/concepts:	0.9700721353292465

Epoch 118
losses_train/task:	0.18783265352249146
losses_train/concepts:	1.6934168338775635
losses_train/representations:	2.4066455364227295
losses_train/total:	0.4775065779685974
losses_test/task:	0.24278420209884644
losses_test/concepts:	2.220407724380493
losses_test/representations:	2.399693250656128
losses_test/total:	0.5848097801208496
calibration_test/ece:	0.03116493858397007
calibration_test/brier:	0.09282321482896805
accuracy_test/task:	94.13882609059701
accuracy_test/concepts:	98.96089935302734
map_test/concepts:	0.9699448555707931

Epoch 119
losses_train/task:	0.1887873262166977
losses_train/concepts:	1.6992343664169312
losses_train/representations:	2.403085470199585
losses_train/total:	0.4788651466369629
losses_test/task:	0.24457788467407227
losses_test/concepts:	2.238790512084961
losses_test/representations:	2.4024980068206787
losses_test/total:	0.5885816216468811
calibration_test/ece:	0.031122911721467972
calibration_test/brier:	0.09327783435583115
accuracy_test/task:	94.15557230176672
accuracy_test/concepts:	98.95001220703125
map_test/concepts:	0.9684127539396286

Epoch 120
losses_train/task:	0.19170121848583221
losses_train/concepts:	1.7288686037063599
losses_train/representations:	2.43376088142395
losses_train/total:	0.48627617955207825
losses_test/task:	0.24580968916416168
losses_test/concepts:	2.240403890609741
losses_test/representations:	2.4518847465515137
losses_test/total:	0.5924441814422607
calibration_train/ece:	0.0033195388969033957
calibration_train/brier:	0.05113853141665459
accuracy_train/task:	96.22395833333333
calibration_test/ece:	0.03143242001533508
calibration_test/brier:	0.09292596578598022
accuracy_test/task:	94.19743782969103
accuracy_train/concepts:	99.11872863769531
map_train/concepts:	0.9924581229686738
accuracy_test/concepts:	98.94288635253906
map_test/concepts:	0.9683713614940643
accuracy_test/nuisances_task:	1.4071972553546612
accuracy_test/nuisances_nontask:	0.0
mutual_inf_test/nuisances_task:	0.06453369523033985
mutual_inf_test/nuisances_nontask:	0.0

epoch_120.pt
groups=0 err_lowconf=5.803 err_random=5.803
groups=1 err_lowconf=5.384 err_random=5.384
groups=2 err_lowconf=4.806 err_random=4.806
groups=3 err_lowconf=3.960 err_random=3.960
groups=4 err_lowconf=3.575 err_random=3.575
groups=5 err_lowconf=5.828 err_random=5.828
groups=6 err_lowconf=5.309 err_random=5.309
groups=7 err_lowconf=5.116 err_random=5.116
groups=8 err_lowconf=5.342 err_random=5.342
groups=9 err_lowconf=5.417 err_random=5.417
groups=10 err_lowconf=5.334 err_random=5.334
groups=11 err_lowconf=5.593 err_random=5.593
groups=12 err_lowconf=6.020 err_random=6.020
groups=13 err_lowconf=5.995 err_random=5.995
groups=14 err_lowconf=7.310 err_random=7.310
groups=15 err_lowconf=8.055 err_random=8.055
groups=16 err_lowconf=8.926 err_random=8.926
groups=17 err_lowconf=11.002 err_random=11.002
groups=18 err_lowconf=11.019 err_random=11.019
groups=19 err_lowconf=11.019 err_random=11.019
groups=20 err_lowconf=10.986 err_random=10.986
[1;34mwandb[0m:
[1;34mwandb[0m: You can sync this run to the cloud by running:
[1;34mwandb[0m: [1mwandb sync /research/hal-afsharim/minimal_cbm/results/awa2-mcbm-005/43/wandb/offline-run-20260728_100211-cjrrd2on[0m
[1;34mwandb[0m: Find logs at: [1;35mresults/awa2-mcbm-005/43/wandb/offline-run-20260728_100211-cjrrd2on/logs[0m
