
===== launch 2026-07-28 10:47:43.913817 gpu5 =====
wandb: Using wandb-core as the SDK backend.  Please refer to https://wandb.me/wandb-core for more information.
wandb: Tracking run with wandb version 0.19.0
wandb: W&B syncing is set to `offline` in this directory.  
wandb: Run `wandb online` or set WANDB_MODE=online to enable cloud syncing.
/research/hal-afsharim/miniconda3/envs/mcbm/lib/python3.10/site-packages/torchvision/models/_utils.py:208: UserWarning: The parameter 'pretrained' is deprecated since 0.13 and will be removed in 0.15, please use 'weights' instead.
  warnings.warn(
/research/hal-afsharim/miniconda3/envs/mcbm/lib/python3.10/site-packages/torchvision/models/_utils.py:223: UserWarning: Arguments other than a weight enum or `None` for 'weights' are deprecated since 0.13 and will be removed in 0.15. The current behavior is equivalent to passing `weights=ResNet50_Weights.IMAGENET1K_V1`. You can also use `weights=ResNet50_Weights.DEFAULT` to get the most up-to-date weights.
  warnings.warn(msg)
Epoch 1
losses_train/task:	1.9290391206741333
losses_train/concepts:	16.067293167114258
losses_train/representations:	11.379752159118652
losses_train/total:	4.673741817474365
losses_test/task:	1.610528588294983
losses_test/concepts:	11.653853416442871
losses_test/representations:	11.14169692993164
losses_test/total:	3.8900837898254395
calibration_test/ece:	0.0256013385951519
calibration_test/brier:	0.542237401008606
accuracy_test/task:	59.3234530687432
accuracy_test/concepts:	91.91954040527344
map_test/concepts:	0.8451488077640533

Epoch 2
losses_train/task:	1.3304247856140137
losses_train/concepts:	10.185375213623047
losses_train/representations:	9.025835990905762
losses_train/total:	3.2515456676483154
losses_test/task:	0.9943078756332397
losses_test/concepts:	7.557504177093506
losses_test/representations:	7.734476089477539
losses_test/total:	2.523505926132202
calibration_test/ece:	0.042090967297554016
calibration_test/brier:	0.37764406204223633
accuracy_test/task:	72.7790337436155
accuracy_test/concepts:	93.67410278320312
map_test/concepts:	0.8858075588941574

Epoch 3
losses_train/task:	1.2236889600753784
losses_train/concepts:	9.08273696899414
losses_train/representations:	8.277338027954102
losses_train/total:	2.959696054458618
losses_test/task:	0.9846633672714233
losses_test/concepts:	6.817900657653809
losses_test/representations:	9.164835929870605
losses_test/total:	2.5829360485076904
calibration_test/ece:	0.01764732226729393
calibration_test/brier:	0.3774903416633606
accuracy_test/task:	72.64506405425773
accuracy_test/concepts:	94.03961181640625
map_test/concepts:	0.8891714125871658

Epoch 4
losses_train/task:	1.1431083679199219
losses_train/concepts:	8.390146255493164
losses_train/representations:	7.830379486083984
losses_train/total:	2.76516056060791
losses_test/task:	0.8883461356163025
losses_test/concepts:	5.897435665130615
losses_test/representations:	7.2277607917785645
losses_test/total:	2.2008655071258545
calibration_test/ece:	0.013393394649028778
calibration_test/brier:	0.3345875144004822
accuracy_test/task:	76.0361718161266
accuracy_test/concepts:	95.15741729736328
map_test/concepts:	0.9065738677978515

Epoch 5
losses_train/task:	1.0628859996795654
losses_train/concepts:	7.7816925048828125
losses_train/representations:	7.296379089355469
losses_train/total:	2.570692777633667
losses_test/task:	0.9457838535308838
losses_test/concepts:	6.326911926269531
losses_test/representations:	6.93115234375
losses_test/total:	2.271590232849121
calibration_test/ece:	0.023302938789129257
calibration_test/brier:	0.35491886734962463
accuracy_test/task:	74.30293896006029
accuracy_test/concepts:	94.59684753417969
map_test/concepts:	0.8843931317329407

Epoch 6
losses_train/task:	1.017019510269165
losses_train/concepts:	7.485507011413574
losses_train/representations:	6.976738929748535
losses_train/total:	2.4632439613342285
losses_test/task:	0.73211669921875
losses_test/concepts:	5.006997585296631
losses_test/representations:	6.17826509475708
losses_test/total:	1.8506431579589844
calibration_test/ece:	0.023124178871512413
calibration_test/brier:	0.2832067906856537
accuracy_test/task:	80.07200870802981
accuracy_test/concepts:	95.81596374511719
map_test/concepts:	0.9110180288553238

Epoch 7
losses_train/task:	0.9693938493728638
losses_train/concepts:	7.075378894805908
losses_train/representations:	6.717724323272705
losses_train/total:	2.3487045764923096
losses_test/task:	0.9070745706558228
losses_test/concepts:	6.185507774353027
losses_test/representations:	6.963932991027832
losses_test/total:	2.222018241882324
calibration_test/ece:	0.03983772546052933
calibration_test/brier:	0.339525431394577
accuracy_test/task:	76.00267939378716
accuracy_test/concepts:	95.49568176269531
map_test/concepts:	0.8964056447148323

Epoch 8
losses_train/task:	0.9386974573135376
losses_train/concepts:	6.815535068511963
losses_train/representations:	6.417514801025391
losses_train/total:	2.26200270652771
losses_test/task:	0.8103160858154297
losses_test/concepts:	4.866644859313965
losses_test/representations:	6.862037181854248
losses_test/total:	1.983184576034546
calibration_test/ece:	0.04184623807668686
calibration_test/brier:	0.2994649112224579
accuracy_test/task:	79.25981746629824
accuracy_test/concepts:	95.58401489257812
map_test/concepts:	0.9099236637353897

Epoch 9
losses_train/task:	0.9064220190048218
losses_train/concepts:	6.70084285736084
losses_train/representations:	6.394426345825195
losses_train/total:	2.2159488201141357
losses_test/task:	0.8320699334144592
losses_test/concepts:	5.13450288772583
losses_test/representations:	7.030126571655273
losses_test/total:	2.0485332012176514
calibration_test/ece:	0.03811514750123024
calibration_test/brier:	0.3081178665161133
accuracy_test/task:	78.33040274637864
accuracy_test/concepts:	95.14066314697266
map_test/concepts:	0.8988412335515022

Epoch 10
losses_train/task:	0.8599674105644226
losses_train/concepts:	6.362972259521484
losses_train/representations:	6.006348133087158
losses_train/total:	2.096900463104248
losses_test/task:	0.619201123714447
losses_test/concepts:	4.028663158416748
losses_test/representations:	5.110710620880127
losses_test/total:	1.5331385135650635
calibration_test/ece:	0.010138689540326595
calibration_test/brier:	0.2372322976589203
accuracy_test/task:	83.37938541405008
accuracy_test/concepts:	96.66584014892578
map_test/concepts:	0.9335646167397499

Epoch 11
losses_train/task:	0.8046072721481323
losses_train/concepts:	5.883317470550537
losses_train/representations:	5.663662433624268
losses_train/total:	1.959306001663208
losses_test/task:	0.6110766530036926
losses_test/concepts:	3.873260021209717
losses_test/representations:	5.286059379577637
losses_test/total:	1.5270087718963623
calibration_test/ece:	0.03273385390639305
calibration_test/brier:	0.2440984547138214
accuracy_test/task:	83.1365653520891
accuracy_test/concepts:	96.8512954711914
map_test/concepts:	0.9237301275134087

Epoch 12
losses_train/task:	0.7884818911552429
losses_train/concepts:	5.8255181312561035
losses_train/representations:	5.578057289123535
losses_train/total:	1.9288398027420044
losses_test/task:	0.5830194354057312
losses_test/concepts:	3.9783005714416504
losses_test/representations:	5.063141345977783
losses_test/total:	1.4871635437011719
calibration_test/ece:	0.01851242035627365
calibration_test/brier:	0.22282278537750244
accuracy_test/task:	84.46788914008205
accuracy_test/concepts:	96.8789291381836
map_test/concepts:	0.9302641659975052

Epoch 13
losses_train/task:	0.7795528769493103
losses_train/concepts:	5.834709167480469
losses_train/representations:	5.571051120758057
losses_train/total:	1.920129656791687
losses_test/task:	0.5395023822784424
losses_test/concepts:	3.4403247833251953
losses_test/representations:	5.0021138191223145
losses_test/total:	1.3837461471557617
calibration_test/ece:	0.027246370911598206
calibration_test/brier:	0.21376663446426392
accuracy_test/task:	85.38055764883195
accuracy_test/concepts:	96.98191833496094
map_test/concepts:	0.9347992479801178

Epoch 14
losses_train/task:	0.7570066452026367
losses_train/concepts:	5.660862922668457
losses_train/representations:	5.386335372924805
losses_train/total:	1.8617264032363892
losses_test/task:	0.553952693939209
losses_test/concepts:	3.5377588272094727
losses_test/representations:	5.074635028839111
losses_test/total:	1.4151921272277832
calibration_test/ece:	0.025333736091852188
calibration_test/brier:	0.21657685935497284
accuracy_test/task:	85.07075274219208
accuracy_test/concepts:	96.96558380126953
map_test/concepts:	0.9359435603022576

Epoch 15
losses_train/task:	0.7365714311599731
losses_train/concepts:	5.511447906494141
losses_train/representations:	5.2795562744140625
losses_train/total:	1.8156728744506836
losses_test/task:	0.7251432538032532
losses_test/concepts:	4.3298749923706055
losses_test/representations:	5.921715259552002
losses_test/total:	1.7503025531768799
calibration_test/ece:	0.02572096511721611
calibration_test/brier:	0.267619252204895
accuracy_test/task:	81.53730218538055
accuracy_test/concepts:	95.8134536743164
map_test/concepts:	0.904306473582983

Epoch 16
losses_train/task:	0.7253115177154541
losses_train/concepts:	5.382100582122803
losses_train/representations:	5.247097969055176
losses_train/total:	1.7882311344146729
losses_test/task:	0.5768445134162903
losses_test/concepts:	3.556623697280884
losses_test/representations:	4.954457759857178
losses_test/total:	1.4279521703720093
calibration_test/ece:	0.03612072765827179
calibration_test/brier:	0.22265486419200897
accuracy_test/task:	84.81955957464623
accuracy_test/concepts:	96.92707824707031
map_test/concepts:	0.9298078656196594

Epoch 17
losses_train/task:	0.7209267616271973
losses_train/concepts:	5.479811668395996
losses_train/representations:	5.214468479156494
losses_train/total:	1.790354609489441
losses_test/task:	0.5203405022621155
losses_test/concepts:	3.325024366378784
losses_test/representations:	4.742999076843262
losses_test/total:	1.3271427154541016
calibration_test/ece:	0.03440618887543678
calibration_test/brier:	0.20484773814678192
accuracy_test/task:	86.02528677886629
accuracy_test/concepts:	97.12886810302734
map_test/concepts:	0.9279932759702205

Epoch 18
losses_train/task:	0.6868054270744324
losses_train/concepts:	5.171627044677734
losses_train/representations:	4.988012313842773
losses_train/total:	1.7027692794799805
losses_test/task:	0.5726639032363892
losses_test/concepts:	3.7494516372680664
losses_test/representations:	4.648734092712402
losses_test/total:	1.4124821424484253
calibration_test/ece:	0.02476111240684986
calibration_test/brier:	0.21943534910678864
accuracy_test/task:	84.87817131374027
accuracy_test/concepts:	97.0978775024414
map_test/concepts:	0.9338962823152542

Epoch 19
losses_train/task:	0.6720070838928223
losses_train/concepts:	5.043176651000977
losses_train/representations:	4.883262634277344
losses_train/total:	1.6646509170532227
losses_test/task:	0.5552467107772827
losses_test/concepts:	3.9403297901153564
losses_test/representations:	4.5228271484375
losses_test/total:	1.401562213897705
calibration_test/ece:	0.03602748364210129
calibration_test/brier:	0.21334145963191986
accuracy_test/task:	85.48940802143515
accuracy_test/concepts:	97.21845245361328
map_test/concepts:	0.9332320317626

Epoch 20
losses_train/task:	0.6568332314491272
losses_train/concepts:	4.895740509033203
losses_train/representations:	4.756824016571045
losses_train/total:	1.6220896244049072
losses_test/task:	0.5160587430000305
losses_test/concepts:	3.3068857192993164
losses_test/representations:	4.304815769195557
losses_test/total:	1.277228832244873
calibration_test/ece:	0.02446163259446621
calibration_test/brier:	0.19674469530582428
accuracy_test/task:	86.61140416980658
accuracy_test/concepts:	97.35870361328125
map_test/concepts:	0.9317962825298309

Epoch 21
losses_train/task:	0.66083824634552
losses_train/concepts:	5.005770206451416
losses_train/representations:	4.8308329582214355
losses_train/total:	1.6444991827011108
losses_test/task:	0.5487978458404541
losses_test/concepts:	3.4126338958740234
losses_test/representations:	4.641329288482666
losses_test/total:	1.3541944026947021
calibration_test/ece:	0.03517032787203789
calibration_test/brier:	0.21669159829616547
accuracy_test/task:	85.0456334254375
accuracy_test/concepts:	97.03507995605469
map_test/concepts:	0.928622667491436

Epoch 22
losses_train/task:	0.6127365827560425
losses_train/concepts:	4.572634696960449
losses_train/representations:	4.435856819152832
losses_train/total:	1.5135860443115234
losses_test/task:	0.5007849931716919
losses_test/concepts:	3.5308380126953125
losses_test/representations:	3.786463499069214
losses_test/total:	1.2325149774551392
calibration_test/ece:	0.029347680509090424
calibration_test/brier:	0.19573792815208435
accuracy_test/task:	86.93795528761618
accuracy_test/concepts:	97.66558074951172
map_test/concepts:	0.9416072145104408

Epoch 23
losses_train/task:	0.6186630129814148
losses_train/concepts:	4.593190670013428
losses_train/representations:	4.509552478790283
losses_train/total:	1.5289369821548462
losses_test/task:	0.480603963136673
losses_test/concepts:	3.1909892559051514
losses_test/representations:	4.192389488220215
losses_test/total:	1.2189420461654663
calibration_test/ece:	0.0241958349943161
calibration_test/brier:	0.18201397359371185
accuracy_test/task:	87.61617683998995
accuracy_test/concepts:	97.43531799316406
map_test/concepts:	0.9433882445096969

Epoch 24
losses_train/task:	0.6265997290611267
losses_train/concepts:	4.8224873542785645
losses_train/representations:	4.633352279663086
losses_train/total:	1.572184443473816
losses_test/task:	0.42169666290283203
losses_test/concepts:	2.7564806938171387
losses_test/representations:	3.979235887527466
losses_test/total:	1.0952684879302979
calibration_test/ece:	0.02977769821882248
calibration_test/brier:	0.16431909799575806
accuracy_test/task:	88.9307544168132
accuracy_test/concepts:	97.94398498535156
map_test/concepts:	0.9485056966543197

Epoch 25
losses_train/task:	0.6258512139320374
losses_train/concepts:	4.745086193084717
losses_train/representations:	4.528188228607178
losses_train/total:	1.553178071975708
losses_test/task:	0.5710061192512512
losses_test/concepts:	3.6286461353302
losses_test/representations:	5.080674171447754
losses_test/total:	1.4419382810592651
calibration_test/ece:	0.04063823074102402
calibration_test/brier:	0.20846568048000336
accuracy_test/task:	86.02528677886629
accuracy_test/concepts:	96.93084716796875
map_test/concepts:	0.9329016923904419

Epoch 26
losses_train/task:	0.6207898259162903
losses_train/concepts:	4.637692928314209
losses_train/representations:	4.474976539611816
losses_train/total:	1.5320566892623901
losses_test/task:	0.44125595688819885
losses_test/concepts:	2.914489269256592
losses_test/representations:	3.596313714981079
losses_test/total:	1.0923365354537964
calibration_test/ece:	0.026526983827352524
calibration_test/brier:	0.17569608986377716
accuracy_test/task:	88.21904044209998
accuracy_test/concepts:	97.66767883300781
map_test/concepts:	0.9457051262259484

Epoch 27
losses_train/task:	0.5639551281929016
losses_train/concepts:	4.320841312408447
losses_train/representations:	4.190751075744629
losses_train/total:	1.4151146411895752
losses_test/task:	0.508699893951416
losses_test/concepts:	3.5220539569854736
losses_test/representations:	4.325483322143555
losses_test/total:	1.2934532165527344
calibration_test/ece:	0.03646820783615112
calibration_test/brier:	0.19623222947120667
accuracy_test/task:	86.48580758603366
accuracy_test/concepts:	97.51947021484375
map_test/concepts:	0.9377816081047058

Epoch 28
losses_train/task:	0.6057852506637573
losses_train/concepts:	4.602718353271484
losses_train/representations:	4.408025741577148
losses_train/total:	1.5068594217300415
losses_test/task:	0.4182915985584259
losses_test/concepts:	2.744541883468628
losses_test/representations:	4.066057205200195
losses_test/total:	1.0993520021438599
calibration_test/ece:	0.02509351447224617
calibration_test/brier:	0.16501076519489288
accuracy_test/task:	88.62932261575818
accuracy_test/concepts:	97.70661163330078
map_test/concepts:	0.9481683850288392

Epoch 29
losses_train/task:	0.5541695356369019
losses_train/concepts:	4.224614143371582
losses_train/representations:	4.165729522705078
losses_train/total:	1.3932042121887207
losses_test/task:	0.50034499168396
losses_test/concepts:	3.34041428565979
losses_test/representations:	4.098389625549316
losses_test/total:	1.2442251443862915
calibration_test/ece:	0.03974093124270439
calibration_test/brier:	0.19002415239810944
accuracy_test/task:	87.21426777191661
accuracy_test/concepts:	97.6517562866211
map_test/concepts:	0.9439691215753555

Epoch 30
losses_train/task:	0.5594157576560974
losses_train/concepts:	4.251137733459473
losses_train/representations:	4.140786170959473
losses_train/total:	1.3986080884933472
losses_test/task:	0.396486759185791
losses_test/concepts:	2.5987660884857178
losses_test/representations:	3.7229366302490234
losses_test/total:	1.0286568403244019
calibration_test/ece:	0.029315292835235596
calibration_test/brier:	0.158086359500885
accuracy_test/task:	89.1903206899439
accuracy_test/concepts:	98.06916809082031
map_test/concepts:	0.9473034083843231

Epoch 31
losses_train/task:	0.5602645874023438
losses_train/concepts:	4.265020370483398
losses_train/representations:	4.175923824310303
losses_train/total:	1.4043588638305664
losses_test/task:	0.41943153738975525
losses_test/concepts:	2.6878955364227295
losses_test/representations:	3.7927420139312744
losses_test/total:	1.0674949884414673
calibration_test/ece:	0.03104713000357151
calibration_test/brier:	0.16433605551719666
accuracy_test/task:	88.88051578330403
accuracy_test/concepts:	97.79704284667969
map_test/concepts:	0.9474303781986236

Epoch 32
losses_train/task:	0.5254844427108765
losses_train/concepts:	4.029467582702637
losses_train/representations:	3.9552297592163086
losses_train/total:	1.3239550590515137
losses_test/task:	0.4092133045196533
losses_test/concepts:	2.843867540359497
losses_test/representations:	3.4924097061157227
losses_test/total:	1.042840838432312
calibration_test/ece:	0.02976837381720543
calibration_test/brier:	0.15967950224876404
accuracy_test/task:	89.24055932345307
accuracy_test/concepts:	97.94397735595703
map_test/concepts:	0.951505771279335

Epoch 33
losses_train/task:	0.526940107345581
losses_train/concepts:	4.135836124420166
losses_train/representations:	3.9937236309051514
losses_train/total:	1.3398959636688232
losses_test/task:	0.3749530613422394
losses_test/concepts:	2.4033219814300537
losses_test/representations:	3.552020788192749
losses_test/total:	0.9704873561859131
calibration_test/ece:	0.029329031705856323
calibration_test/brier:	0.14727288484573364
accuracy_test/task:	90.01088503726032
accuracy_test/concepts:	98.06120300292969
map_test/concepts:	0.9504307895898819

Epoch 34
losses_train/task:	0.5362040996551514
losses_train/concepts:	4.130190849304199
losses_train/representations:	4.033590793609619
losses_train/total:	1.3525820970535278
losses_test/task:	0.4312523305416107
losses_test/concepts:	2.7205379009246826
losses_test/representations:	3.54996395111084
losses_test/total:	1.0583020448684692
calibration_test/ece:	0.033879946917295456
calibration_test/brier:	0.16846759617328644
accuracy_test/task:	88.98936615590722
accuracy_test/concepts:	97.88494873046875
map_test/concepts:	0.9472775802016258

Epoch 35
losses_train/task:	0.5100757479667664
losses_train/concepts:	3.9524707794189453
losses_train/representations:	3.901947259902954
losses_train/total:	1.2955173254013062
losses_test/task:	0.4288027584552765
losses_test/concepts:	2.971153974533081
losses_test/representations:	3.5316760540008545
losses_test/total:	1.0790859460830688
calibration_test/ece:	0.03173588216304779
calibration_test/brier:	0.16640283167362213
accuracy_test/task:	88.6042032990036
accuracy_test/concepts:	97.82591247558594
map_test/concepts:	0.9527612149715423

Epoch 36
losses_train/task:	0.5125672221183777
losses_train/concepts:	4.06601619720459
losses_train/representations:	3.882333993911743
losses_train/total:	1.3074023723602295
losses_test/task:	0.4579387307167053
losses_test/concepts:	2.8739912509918213
losses_test/representations:	3.9222207069396973
losses_test/total:	1.1375598907470703
calibration_test/ece:	0.03850580379366875
calibration_test/brier:	0.17569801211357117
accuracy_test/task:	88.28602528677887
accuracy_test/concepts:	97.68064880371094
map_test/concepts:	0.9472281128168106

Epoch 37
losses_train/task:	0.536218523979187
losses_train/concepts:	4.1612629890441895
losses_train/representations:	4.029536724090576
losses_train/total:	1.3552987575531006
losses_test/task:	0.4402707815170288
losses_test/concepts:	2.7758426666259766
losses_test/representations:	3.628634452819824
losses_test/total:	1.0807185173034668
calibration_test/ece:	0.035144075751304626
calibration_test/brier:	0.1695505976676941
accuracy_test/task:	88.69630746043708
accuracy_test/concepts:	97.77023315429688
map_test/concepts:	0.9518325656652451

Epoch 38
losses_train/task:	0.5135338306427002
losses_train/concepts:	3.9663991928100586
losses_train/representations:	3.8856494426727295
losses_train/total:	1.2987385988235474
losses_test/task:	0.41091465950012207
losses_test/concepts:	2.804457902908325
losses_test/representations:	3.5994362831115723
losses_test/total:	1.0513043403625488
calibration_test/ece:	0.031357526779174805
calibration_test/brier:	0.15592537820339203
accuracy_test/task:	89.69270702503559
accuracy_test/concepts:	98.05451965332031
map_test/concepts:	0.9480987474322319

Epoch 39
losses_train/task:	0.5024482011795044
losses_train/concepts:	3.8857545852661133
losses_train/representations:	3.7779948711395264
losses_train/total:	1.2688231468200684
losses_test/task:	0.5124009847640991
losses_test/concepts:	3.4508543014526367
losses_test/representations:	4.021827697753906
losses_test/total:	1.2596690654754639
calibration_test/ece:	0.048477642238140106
calibration_test/brier:	0.1855863630771637
accuracy_test/task:	87.67478857908398
accuracy_test/concepts:	97.71330261230469
map_test/concepts:	0.9467949584126473

Epoch 40
losses_train/task:	0.49497464299201965
losses_train/concepts:	3.9153850078582764
losses_train/representations:	3.7903990745544434
losses_train/total:	1.2655528783798218
losses_test/task:	0.46934032440185547
losses_test/concepts:	3.1836373805999756
losses_test/representations:	3.8881337642669678
losses_test/total:	1.1765174865722656
calibration_test/ece:	0.03649042919278145
calibration_test/brier:	0.17673608660697937
accuracy_test/task:	88.33626392028803
accuracy_test/concepts:	97.74051666259766
map_test/concepts:	0.9489789575338363

Epoch 41
losses_train/task:	0.47652411460876465
losses_train/concepts:	3.707195281982422
losses_train/representations:	3.6566824913024902
losses_train/total:	1.2129119634628296
losses_test/task:	0.4126388728618622
losses_test/concepts:	2.4982783794403076
losses_test/representations:	3.5134432315826416
losses_test/total:	1.0138107538223267
calibration_test/ece:	0.04188109561800957
calibration_test/brier:	0.15525439381599426
accuracy_test/task:	89.8852884534874
accuracy_test/concepts:	98.09636688232422
map_test/concepts:	0.9544124633073807

Epoch 42
losses_train/task:	0.47974735498428345
losses_train/concepts:	3.7795042991638184
losses_train/representations:	3.646604061126709
losses_train/total:	1.2223578691482544
losses_test/task:	0.36392802000045776
losses_test/concepts:	2.8944389820098877
losses_test/representations:	3.331679582595825
losses_test/total:	0.9865394234657288
calibration_test/ece:	0.03128572180867195
calibration_test/brier:	0.14155088365077972
accuracy_test/task:	90.47977895001256
accuracy_test/concepts:	98.20982360839844
map_test/concepts:	0.9571470499038697

Epoch 43
losses_train/task:	0.48367470502853394
losses_train/concepts:	3.7412428855895996
losses_train/representations:	3.665735960006714
losses_train/total:	1.224372148513794
losses_test/task:	0.429921954870224
losses_test/concepts:	2.7628173828125
losses_test/representations:	3.7920920848846436
losses_test/total:	1.085412859916687
calibration_test/ece:	0.03671931102871895
calibration_test/brier:	0.1635165959596634
accuracy_test/task:	89.02285857824667
accuracy_test/concepts:	97.84810638427734
map_test/concepts:	0.9515526443719864

Epoch 44
losses_train/task:	0.48323020339012146
losses_train/concepts:	3.7517576217651367
losses_train/representations:	3.690749406814575
losses_train/total:	1.2274805307388306
losses_test/task:	0.38966405391693115
losses_test/concepts:	3.082542896270752
losses_test/representations:	3.341564655303955
losses_test/total:	1.0320748090744019
calibration_test/ece:	0.03896407037973404
calibration_test/brier:	0.14950580894947052
accuracy_test/task:	90.08624298752407
accuracy_test/concepts:	98.18638610839844
map_test/concepts:	0.9568124532699585

Epoch 45
losses_train/task:	0.47242918610572815
losses_train/concepts:	3.767681360244751
losses_train/representations:	3.6372416019439697
losses_train/total:	1.212921142578125
losses_test/task:	0.4579104781150818
losses_test/concepts:	2.7434804439544678
losses_test/representations:	3.9159460067749023
losses_test/total:	1.123853325843811
calibration_test/ece:	0.04262400418519974
calibration_test/brier:	0.17693303525447845
accuracy_test/task:	88.53721845432472
accuracy_test/concepts:	97.78071594238281
map_test/concepts:	0.9493467450141907

Epoch 46
losses_train/task:	0.4742926359176636
losses_train/concepts:	3.668522357940674
losses_train/representations:	3.6226446628570557
losses_train/total:	1.2034094333648682
losses_test/task:	0.3855058550834656
losses_test/concepts:	2.4897632598876953
losses_test/representations:	3.40171217918396
losses_test/total:	0.9746531844139099
calibration_test/ece:	0.03074570558965206
calibration_test/brier:	0.14263887703418732
accuracy_test/task:	90.51327137235201
accuracy_test/concepts:	98.19893646240234
map_test/concepts:	0.9536701947450638

Epoch 47
losses_train/task:	0.46555718779563904
losses_train/concepts:	3.6067357063293457
losses_train/representations:	3.5766043663024902
losses_train/total:	1.1838911771774292
losses_test/task:	0.4419839680194855
losses_test/concepts:	2.986417293548584
losses_test/representations:	3.680584669113159
losses_test/total:	1.1086845397949219
calibration_test/ece:	0.03968317434191704
calibration_test/brier:	0.16493044793605804
accuracy_test/task:	88.89726199447375
accuracy_test/concepts:	97.77651977539062
map_test/concepts:	0.9498412311077118

Epoch 48
losses_train/task:	0.4542368948459625
losses_train/concepts:	3.6541688442230225
losses_train/representations:	3.515073299407959
losses_train/total:	1.17116117477417
losses_test/task:	0.37189891934394836
losses_test/concepts:	2.636852502822876
losses_test/representations:	3.2364866733551025
losses_test/total:	0.9592329263687134
calibration_test/ece:	0.029288949444890022
calibration_test/brier:	0.14220920205116272
accuracy_test/task:	90.5802562170309
accuracy_test/concepts:	98.12443542480469
map_test/concepts:	0.9496762871742248

Epoch 49
losses_train/task:	0.45314937829971313
losses_train/concepts:	3.5773589611053467
losses_train/representations:	3.491947889328003
losses_train/total:	1.1600801944732666
losses_test/task:	0.41068166494369507
losses_test/concepts:	2.6776657104492188
losses_test/representations:	3.426152229309082
losses_test/total:	1.0210634469985962
calibration_test/ece:	0.031222989782691002
calibration_test/brier:	0.15470680594444275
accuracy_test/task:	89.47500627982919
accuracy_test/concepts:	97.87867736816406
map_test/concepts:	0.9530014634132385

Epoch 50
losses_train/task:	0.45742082595825195
losses_train/concepts:	3.649928569793701
losses_train/representations:	3.533522129058838
losses_train/total:	1.1757657527923584
losses_test/task:	0.5858035087585449
losses_test/concepts:	3.9051947593688965
losses_test/representations:	4.110901355743408
losses_test/total:	1.3874127864837646
calibration_test/ece:	0.045184727758169174
calibration_test/brier:	0.20976608991622925
accuracy_test/task:	85.7154818722264
accuracy_test/concepts:	97.3005142211914
map_test/concepts:	0.9386673256754875

Epoch 51
losses_train/task:	0.3725428283214569
losses_train/concepts:	3.143958568572998
losses_train/representations:	3.017465353012085
losses_train/total:	0.9886850714683533
losses_test/task:	0.2624503970146179
losses_test/concepts:	1.8164540529251099
losses_test/representations:	2.467440366744995
losses_test/total:	0.690839946269989
calibration_test/ece:	0.024144716560840607
calibration_test/brier:	0.1039804071187973
accuracy_test/task:	93.09218789248932
accuracy_test/concepts:	98.69255065917969
map_test/concepts:	0.9626600444316864

Epoch 52
losses_train/task:	0.3156053423881531
losses_train/concepts:	2.681204080581665
losses_train/representations:	2.671605348587036
losses_train/total:	0.8508862853050232
losses_test/task:	0.25639045238494873
losses_test/concepts:	1.865050196647644
losses_test/representations:	2.3500289916992188
losses_test/total:	0.6778984069824219
calibration_test/ece:	0.02583363838493824
calibration_test/brier:	0.10140115767717361
accuracy_test/task:	93.32663484886544
accuracy_test/concepts:	98.75492858886719
map_test/concepts:	0.9641712725162506

Epoch 53
losses_train/task:	0.30815401673316956
losses_train/concepts:	2.720189332962036
losses_train/representations:	2.577831268310547
losses_train/total:	0.8379559516906738
losses_test/task:	0.24666425585746765
losses_test/concepts:	1.79256272315979
losses_test/representations:	2.3476362228393555
losses_test/total:	0.66068434715271
calibration_test/ece:	0.02434125728905201
calibration_test/brier:	0.09784550219774246
accuracy_test/task:	93.43548522146864
accuracy_test/concepts:	98.79634857177734
map_test/concepts:	0.9654333531856537

Epoch 54
losses_train/task:	0.29521891474723816
losses_train/concepts:	2.592372179031372
losses_train/representations:	2.5135016441345215
losses_train/total:	0.8058063983917236
losses_test/task:	0.24605530500411987
losses_test/concepts:	1.7504826784133911
losses_test/representations:	2.289893388748169
losses_test/total:	0.6500929594039917
calibration_test/ece:	0.025182606652379036
calibration_test/brier:	0.09798385947942734
accuracy_test/task:	93.57782801641129
accuracy_test/concepts:	98.79719543457031
map_test/concepts:	0.9668217808008194

Epoch 55
losses_train/task:	0.2848745882511139
losses_train/concepts:	2.512120485305786
losses_train/representations:	2.5036892890930176
losses_train/total:	0.7864556312561035
losses_test/task:	0.24253997206687927
losses_test/concepts:	1.8150492906570435
losses_test/representations:	2.2352705001831055
losses_test/total:	0.6475719213485718
calibration_test/ece:	0.024586353451013565
calibration_test/brier:	0.09722095727920532
accuracy_test/task:	93.64481286109017
accuracy_test/concepts:	98.81730651855469
map_test/concepts:	0.9670988917350769

Epoch 56
losses_train/task:	0.28381529450416565
losses_train/concepts:	2.4565796852111816
losses_train/representations:	2.4275856018066406
losses_train/total:	0.7722318172454834
losses_test/task:	0.2412560135126114
losses_test/concepts:	1.855626106262207
losses_test/representations:	2.220996141433716
losses_test/total:	0.6489183306694031
calibration_test/ece:	0.025511380285024643
calibration_test/brier:	0.0964391753077507
accuracy_test/task:	93.68667838901449
accuracy_test/concepts:	98.85246276855469
map_test/concepts:	0.9680924475193023

Epoch 57
losses_train/task:	0.28061842918395996
losses_train/concepts:	2.4361417293548584
losses_train/representations:	2.4218647480010986
losses_train/total:	0.7664191722869873
losses_test/task:	0.23903994262218475
losses_test/concepts:	1.8249521255493164
losses_test/representations:	2.217806339263916
losses_test/total:	0.6433157920837402
calibration_test/ece:	0.025875873863697052
calibration_test/brier:	0.09402036666870117
accuracy_test/task:	93.82064807837227
accuracy_test/concepts:	98.86712646484375
map_test/concepts:	0.9692158877849579

Epoch 58
losses_train/task:	0.26564204692840576
losses_train/concepts:	2.377781867980957
losses_train/representations:	2.337286949157715
losses_train/total:	0.737149178981781
losses_test/task:	0.24268318712711334
losses_test/concepts:	1.7989400625228882
losses_test/representations:	2.179016590118408
losses_test/total:	0.6404789090156555
calibration_test/ece:	0.026140030473470688
calibration_test/brier:	0.09535173326730728
accuracy_test/task:	93.74529012810852
accuracy_test/concepts:	98.84828186035156
map_test/concepts:	0.969634273648262

Epoch 59
losses_train/task:	0.27221906185150146
losses_train/concepts:	2.4828896522521973
losses_train/representations:	2.3815460205078125
losses_train/total:	0.7586628198623657
losses_test/task:	0.24526463449001312
losses_test/concepts:	1.9156936407089233
losses_test/representations:	2.2441749572753906
losses_test/total:	0.6612514853477478
calibration_test/ece:	0.02734452486038208
calibration_test/brier:	0.09713044762611389
accuracy_test/task:	93.6615590722599
accuracy_test/concepts:	98.84953308105469
map_test/concepts:	0.9685601532459259

Epoch 60
losses_train/task:	0.2616771459579468
losses_train/concepts:	2.293018102645874
losses_train/representations:	2.291515827178955
losses_train/total:	0.720130443572998
losses_test/task:	0.24859218299388885
losses_test/concepts:	1.9359887838363647
losses_test/representations:	2.1600282192230225
losses_test/total:	0.658193826675415
calibration_train/ece:	0.005278633441776037
calibration_train/brier:	0.07305271178483963
accuracy_train/task:	94.82323232323232
calibration_test/ece:	0.0288735032081604
calibration_test/brier:	0.0983172059059143
accuracy_test/task:	93.64481286109017
accuracy_train/concepts:	98.87448120117188
map_train/concepts:	0.9819484829902649
accuracy_test/concepts:	98.8528823852539
map_test/concepts:	0.9675052672624588
accuracy_test/nuisances_task:	1.417631644469041
accuracy_test/nuisances_nontask:	0.0
mutual_inf_test/nuisances_task:	0.06539030283110198
mutual_inf_test/nuisances_nontask:	0.0

Epoch 61
losses_train/task:	0.263614296913147
losses_train/concepts:	2.3524997234344482
losses_train/representations:	2.3027586936950684
losses_train/total:	0.7291402816772461
losses_test/task:	0.24483387172222137
losses_test/concepts:	1.9307117462158203
losses_test/representations:	2.160975694656372
losses_test/total:	0.6540026068687439
calibration_test/ece:	0.028889348730444908
calibration_test/brier:	0.09718935936689377
accuracy_test/task:	93.61969354433559
accuracy_test/concepts:	98.84828186035156
map_test/concepts:	0.9666286081075668

Epoch 62
losses_train/task:	0.263035386800766
losses_train/concepts:	2.3903815746307373
losses_train/representations:	2.309699058532715
losses_train/total:	0.7330435514450073
losses_test/task:	0.2405467927455902
losses_test/concepts:	1.8976012468338013
losses_test/representations:	2.135185480117798
losses_test/total:	0.6438254117965698
calibration_test/ece:	0.025948215276002884
calibration_test/brier:	0.09464630484580994
accuracy_test/task:	93.86251360629657
accuracy_test/concepts:	98.8746566772461
map_test/concepts:	0.9676373064517975

Epoch 63
losses_train/task:	0.25462740659713745
losses_train/concepts:	2.2890143394470215
losses_train/representations:	2.247251272201538
losses_train/total:	0.7082540392875671
losses_test/task:	0.24635049700737
losses_test/concepts:	2.0661826133728027
losses_test/representations:	2.184431552886963
losses_test/total:	0.6714120507240295
calibration_test/ece:	0.029135633260011673
calibration_test/brier:	0.09753511846065521
accuracy_test/task:	93.72854391693879
accuracy_test/concepts:	98.87004852294922
map_test/concepts:	0.9677724868059159

Epoch 64
losses_train/task:	0.2583569884300232
losses_train/concepts:	2.258481025695801
losses_train/representations:	2.2469942569732666
losses_train/total:	0.7089041471481323
losses_test/task:	0.24241265654563904
losses_test/concepts:	1.7887588739395142
losses_test/representations:	2.1373202800750732
losses_test/total:	0.6350207328796387
calibration_test/ece:	0.02856656163930893
calibration_test/brier:	0.09517790377140045
accuracy_test/task:	93.87088671188144
accuracy_test/concepts:	98.9006118774414
map_test/concepts:	0.9678625851869583

Epoch 65
losses_train/task:	0.2555598020553589
losses_train/concepts:	2.287665605545044
losses_train/representations:	2.265908718109131
losses_train/total:	0.7109171748161316
losses_test/task:	0.24842117726802826
losses_test/concepts:	1.908517599105835
losses_test/representations:	2.158489942550659
losses_test/total:	0.6551220417022705
calibration_test/ece:	0.029477987438440323
calibration_test/brier:	0.09718482196331024
accuracy_test/task:	93.74529012810852
accuracy_test/concepts:	98.86083984375
map_test/concepts:	0.9693416565656662

Epoch 66
losses_train/task:	0.25502437353134155
losses_train/concepts:	2.244882822036743
losses_train/representations:	2.2589635848999023
losses_train/total:	0.7054091095924377
losses_test/task:	0.24088217318058014
losses_test/concepts:	2.00140380859375
losses_test/representations:	2.1246166229248047
losses_test/total:	0.6534841656684875
calibration_test/ece:	0.028136499226093292
calibration_test/brier:	0.09501567482948303
accuracy_test/task:	93.96299087331491
accuracy_test/concepts:	98.89977264404297
map_test/concepts:	0.9678337931632995

Epoch 67
losses_train/task:	0.24746224284172058
losses_train/concepts:	2.222822666168213
losses_train/representations:	2.2037129402160645
losses_train/total:	0.6901158094406128
losses_test/task:	0.24357938766479492
losses_test/concepts:	1.9400304555892944
losses_test/representations:	2.149409055709839
losses_test/total:	0.6525232195854187
calibration_test/ece:	0.02749967947602272
calibration_test/brier:	0.09531266987323761
accuracy_test/task:	93.88763292305116
accuracy_test/concepts:	98.87925720214844
map_test/concepts:	0.9700177729129791

Epoch 68
losses_train/task:	0.24312202632427216
losses_train/concepts:	2.2016711235046387
losses_train/representations:	2.2092511653900146
losses_train/total:	0.6842141151428223
losses_test/task:	0.24354764819145203
losses_test/concepts:	1.8083992004394531
losses_test/representations:	2.1301651000976562
losses_test/total:	0.6374041438102722
calibration_test/ece:	0.027513086795806885
calibration_test/brier:	0.09354241192340851
accuracy_test/task:	94.05509503474839
accuracy_test/concepts:	98.87841796875
map_test/concepts:	0.9675211042165757

Epoch 69
losses_train/task:	0.242708221077919
losses_train/concepts:	2.211472272872925
losses_train/representations:	2.19905161857605
losses_train/total:	0.6837605834007263
losses_test/task:	0.24319197237491608
losses_test/concepts:	1.9001373052597046
losses_test/representations:	2.116434335708618
losses_test/total:	0.6448491215705872
calibration_test/ece:	0.02822141721844673
calibration_test/brier:	0.0942176878452301
accuracy_test/task:	94.08021435150297
accuracy_test/concepts:	98.9039535522461
map_test/concepts:	0.9693026393651962

Epoch 70
losses_train/task:	0.2417142689228058
losses_train/concepts:	2.1581759452819824
losses_train/representations:	2.182128667831421
losses_train/total:	0.6757447719573975
losses_test/task:	0.2377961128950119
losses_test/concepts:	2.1319870948791504
losses_test/representations:	2.073230266571045
losses_test/total:	0.6583176851272583
calibration_test/ece:	0.029297199100255966
calibration_test/brier:	0.09254554659128189
accuracy_test/task:	94.11370677384242
accuracy_test/concepts:	98.93116760253906
map_test/concepts:	0.9693414658308029

Epoch 71
losses_train/task:	0.22543968260288239
losses_train/concepts:	2.0378737449645996
losses_train/representations:	2.1257762908935547
losses_train/total:	0.641804575920105
losses_test/task:	0.23993387818336487
losses_test/concepts:	1.9950878620147705
losses_test/representations:	2.104914665222168
losses_test/total:	0.6499342918395996
calibration_test/ece:	0.028402671217918396
calibration_test/brier:	0.09221366047859192
accuracy_test/task:	94.22255714644562
accuracy_test/concepts:	98.9437255859375
map_test/concepts:	0.9694283664226532

Epoch 72
losses_train/task:	0.2437690645456314
losses_train/concepts:	2.2354021072387695
losses_train/representations:	2.175328493118286
losses_train/total:	0.6848421096801758
losses_test/task:	0.23862168192863464
losses_test/concepts:	1.981637716293335
losses_test/representations:	2.094980478286743
losses_test/total:	0.6462834477424622
calibration_test/ece:	0.028111934661865234
calibration_test/brier:	0.09222518652677536
accuracy_test/task:	94.16394540735159
accuracy_test/concepts:	98.94290161132812
map_test/concepts:	0.9678734421730042

Epoch 73
losses_train/task:	0.2361772507429123
losses_train/concepts:	2.184386968612671
losses_train/representations:	2.146728754043579
losses_train/total:	0.6692888736724854
losses_test/task:	0.2410842925310135
losses_test/concepts:	2.2447495460510254
losses_test/representations:	2.0692505836486816
losses_test/total:	0.6724843978881836
calibration_test/ece:	0.02934373915195465
calibration_test/brier:	0.09325134754180908
accuracy_test/task:	93.99648329565436
accuracy_test/concepts:	98.95460510253906
map_test/concepts:	0.9697801023721695

Epoch 74
losses_train/task:	0.24644646048545837
losses_train/concepts:	2.182647943496704
losses_train/representations:	2.178966522216797
losses_train/total:	0.6826079487800598
losses_test/task:	0.24226172268390656
losses_test/concepts:	2.064307928085327
losses_test/representations:	2.0915181636810303
losses_test/total:	0.6578444242477417
calibration_test/ece:	0.02855616621673107
calibration_test/brier:	0.09300221502780914
accuracy_test/task:	94.10533366825756
accuracy_test/concepts:	98.92322540283203
map_test/concepts:	0.9709787368774414

Epoch 75
losses_train/task:	0.233436718583107
losses_train/concepts:	2.125521183013916
losses_train/representations:	2.1278860569000244
losses_train/total:	0.6587772369384766
losses_test/task:	0.23577041923999786
losses_test/concepts:	2.1447031497955322
losses_test/representations:	2.0883543491363525
losses_test/total:	0.6590760350227356
calibration_test/ece:	0.02736007049679756
calibration_test/brier:	0.09185951948165894
accuracy_test/task:	94.15557230176672
accuracy_test/concepts:	98.92322540283203
map_test/concepts:	0.9699921816587448

Epoch 76
losses_train/task:	0.23468689620494843
losses_train/concepts:	2.0841879844665527
losses_train/representations:	2.130195379257202
losses_train/total:	0.6561252474784851
losses_test/task:	0.23825165629386902
losses_test/concepts:	2.086726427078247
losses_test/representations:	2.1114745140075684
losses_test/total:	0.6580718755722046
calibration_test/ece:	0.028383204713463783
calibration_test/brier:	0.0915665552020073
accuracy_test/task:	94.12207987942728
accuracy_test/concepts:	98.9487533569336
map_test/concepts:	0.9695745885372162

Epoch 77
losses_train/task:	0.24543926119804382
losses_train/concepts:	2.213404417037964
losses_train/representations:	2.185760021209717
losses_train/total:	0.6853554248809814
losses_test/task:	0.23623065650463104
losses_test/concepts:	2.2566397190093994
losses_test/representations:	2.0441629886627197
losses_test/total:	0.6663111448287964
calibration_test/ece:	0.026734890416264534
calibration_test/brier:	0.09106110036373138
accuracy_test/task:	94.19743782969103
accuracy_test/concepts:	98.96382141113281
map_test/concepts:	0.9688327491283417

Epoch 78
losses_train/task:	0.23784790933132172
losses_train/concepts:	2.1078920364379883
losses_train/representations:	2.1267688274383545
losses_train/total:	0.661314070224762
losses_test/task:	0.23877711594104767
losses_test/concepts:	2.1634294986724854
losses_test/representations:	2.0501303672790527
losses_test/total:	0.6601330041885376
calibration_test/ece:	0.029479660093784332
calibration_test/brier:	0.09191440045833588
accuracy_test/task:	94.08858745708784
accuracy_test/concepts:	98.94539642333984
map_test/concepts:	0.9705414324998856

Epoch 79
losses_train/task:	0.23125424981117249
losses_train/concepts:	2.1264114379882812
losses_train/representations:	2.1363654136657715
losses_train/total:	0.6575319766998291
losses_test/task:	0.24395905435085297
losses_test/concepts:	2.099888324737549
losses_test/representations:	2.0534236431121826
losses_test/total:	0.6592904329299927
calibration_test/ece:	0.029633404687047005
calibration_test/brier:	0.09306773543357849
accuracy_test/task:	94.14719919618186
accuracy_test/concepts:	98.9571304321289
map_test/concepts:	0.9710234761238098

Epoch 80
losses_train/task:	0.22709758579730988
losses_train/concepts:	2.022315502166748
losses_train/representations:	2.089536190032959
losses_train/total:	0.6382827758789062
losses_test/task:	0.23946182429790497
losses_test/concepts:	2.28232479095459
losses_test/representations:	2.0411062240600586
losses_test/total:	0.6718049645423889
calibration_test/ece:	0.02983727678656578
calibration_test/brier:	0.09271823614835739
accuracy_test/task:	94.17231851293644
accuracy_test/concepts:	98.9542007446289
map_test/concepts:	0.9712705403566361

Epoch 81
losses_train/task:	0.2422574907541275
losses_train/concepts:	2.130991220474243
losses_train/representations:	2.166062116622925
losses_train/total:	0.6719628572463989
losses_test/task:	0.24226731061935425
losses_test/concepts:	2.3364944458007812
losses_test/representations:	2.062601089477539
losses_test/total:	0.6821770668029785
calibration_test/ece:	0.02958080917596817
calibration_test/brier:	0.0929008200764656
accuracy_test/task:	94.16394540735159
accuracy_test/concepts:	98.96299743652344
map_test/concepts:	0.9687833607196807

Epoch 82
losses_train/task:	0.21866799890995026
losses_train/concepts:	1.9784215688705444
losses_train/representations:	2.044792890548706
losses_train/total:	0.6209893822669983
losses_test/task:	0.24579879641532898
losses_test/concepts:	2.2063379287719727
losses_test/representations:	2.1019256114959717
losses_test/total:	0.6766250729560852
calibration_test/ece:	0.029472844675183296
calibration_test/brier:	0.09233933687210083
accuracy_test/task:	94.25604956878506
accuracy_test/concepts:	98.95755004882812
map_test/concepts:	0.9686283886432647

Epoch 83
losses_train/task:	0.23791971802711487
losses_train/concepts:	2.1205551624298096
losses_train/representations:	2.130398988723755
losses_train/total:	0.6630150079727173
losses_test/task:	0.24354472756385803
losses_test/concepts:	2.7903199195861816
losses_test/representations:	2.0060555934906006
losses_test/total:	0.7231820821762085
calibration_test/ece:	0.028627872467041016
calibration_test/brier:	0.09213633835315704
accuracy_test/task:	94.30628820229423
accuracy_test/concepts:	98.97346496582031
map_test/concepts:	0.9691341191530227

Epoch 84
losses_train/task:	0.2284439355134964
losses_train/concepts:	2.079376220703125
losses_train/representations:	2.068889617919922
losses_train/total:	0.6432704925537109
losses_test/task:	0.24466148018836975
losses_test/concepts:	1.950811743736267
losses_test/representations:	2.11214280128479
losses_test/total:	0.6509569883346558
calibration_test/ece:	0.030300326645374298
calibration_test/brier:	0.09331218898296356
accuracy_test/task:	94.08858745708784
accuracy_test/concepts:	98.92823791503906
map_test/concepts:	0.9675380945205688

Epoch 85
losses_train/task:	0.2264564335346222
losses_train/concepts:	2.034604549407959
losses_train/representations:	2.0726120471954346
losses_train/total:	0.6371783018112183
losses_test/task:	0.2385040819644928
losses_test/concepts:	2.2907979488372803
losses_test/representations:	2.023716926574707
losses_test/total:	0.6699556708335876
calibration_test/ece:	0.029337698593735695
calibration_test/brier:	0.0912051871418953
accuracy_test/task:	94.28116888553964
accuracy_test/concepts:	98.994384765625
map_test/concepts:	0.9689396649599076

Epoch 86
losses_train/task:	0.2266896814107895
losses_train/concepts:	2.0403103828430176
losses_train/representations:	2.054760456085205
losses_train/total:	0.6361967325210571
losses_test/task:	0.2432134598493576
losses_test/concepts:	2.3390917778015137
losses_test/representations:	2.0565598011016846
losses_test/total:	0.682778537273407
calibration_test/ece:	0.03134214133024216
calibration_test/brier:	0.09235714375972748
accuracy_test/task:	94.17231851293644
accuracy_test/concepts:	98.979736328125
map_test/concepts:	0.9679811388254166

Epoch 87
losses_train/task:	0.23096024990081787
losses_train/concepts:	2.0945396423339844
losses_train/representations:	2.111769437789917
losses_train/total:	0.6515910029411316
losses_test/task:	0.24432508647441864
losses_test/concepts:	2.5011799335479736
losses_test/representations:	2.03983211517334
losses_test/total:	0.6984264850616455
calibration_test/ece:	0.03042646124958992
calibration_test/brier:	0.09269112348556519
accuracy_test/task:	94.16394540735159
accuracy_test/concepts:	98.97135162353516
map_test/concepts:	0.9689163357019425

Epoch 88
losses_train/task:	0.2236490547657013
losses_train/concepts:	2.0612545013427734
losses_train/representations:	2.058596134185791
losses_train/total:	0.6356338262557983
losses_test/task:	0.24414891004562378
losses_test/concepts:	2.057016611099243
losses_test/representations:	2.0386850833892822
losses_test/total:	0.6537191867828369
calibration_test/ece:	0.030852800235152245
calibration_test/brier:	0.09341827780008316
accuracy_test/task:	94.04672192916352
accuracy_test/concepts:	98.93661499023438
map_test/concepts:	0.9687973737716675

Epoch 89
losses_train/task:	0.21826910972595215
losses_train/concepts:	1.9295748472213745
losses_train/representations:	2.0201034545898438
losses_train/total:	0.6132370233535767
losses_test/task:	0.24430230259895325
losses_test/concepts:	2.436507225036621
losses_test/representations:	2.0827770233154297
losses_test/total:	0.6962307095527649
calibration_test/ece:	0.03049006685614586
calibration_test/brier:	0.09325671195983887
accuracy_test/task:	94.14719919618186
accuracy_test/concepts:	98.9659194946289
map_test/concepts:	0.969644409418106

Epoch 90
losses_train/task:	0.21763552725315094
losses_train/concepts:	2.031437397003174
losses_train/representations:	2.0416741371154785
losses_train/total:	0.6249465346336365
losses_test/task:	0.2491428554058075
losses_test/concepts:	2.573392629623413
losses_test/representations:	2.0502264499664307
losses_test/total:	0.7115048766136169
calibration_test/ece:	0.030862141400575638
calibration_test/brier:	0.09423086047172546
accuracy_test/task:	94.23930335761534
accuracy_test/concepts:	98.97052764892578
map_test/concepts:	0.9684234112501144

Epoch 91
losses_train/task:	0.21028096973896027
losses_train/concepts:	1.9710898399353027
losses_train/representations:	2.0071041584014893
losses_train/total:	0.6081005334854126
losses_test/task:	0.24865423142910004
losses_test/concepts:	2.723889112472534
losses_test/representations:	2.0348262786865234
losses_test/total:	0.7245258092880249
calibration_test/ece:	0.031830064952373505
calibration_test/brier:	0.09356646984815598
accuracy_test/task:	94.07184124591811
accuracy_test/concepts:	98.98517608642578
map_test/concepts:	0.9684448093175888

Epoch 92
losses_train/task:	0.22775253653526306
losses_train/concepts:	2.0049891471862793
losses_train/representations:	2.019390344619751
losses_train/total:	0.6301905512809753
losses_test/task:	0.2457868605852127
losses_test/concepts:	2.2535340785980225
losses_test/representations:	2.081162691116333
losses_test/total:	0.6792564392089844
calibration_test/ece:	0.03073561191558838
calibration_test/brier:	0.0934547409415245
accuracy_test/task:	94.19743782969103
accuracy_test/concepts:	98.97052764892578
map_test/concepts:	0.9692222386598587

Epoch 93
losses_train/task:	0.22287966310977936
losses_train/concepts:	1.985418438911438
losses_train/representations:	2.036654233932495
losses_train/total:	0.6250869035720825
losses_test/task:	0.24663372337818146
losses_test/concepts:	2.6793315410614014
losses_test/representations:	2.0150156021118164
losses_test/total:	0.7160685658454895
calibration_test/ece:	0.032100241631269455
calibration_test/brier:	0.09311667084693909
accuracy_test/task:	94.13045298501214
accuracy_test/concepts:	98.979736328125
map_test/concepts:	0.9674210160970688

Epoch 94
losses_train/task:	0.22531837224960327
losses_train/concepts:	2.0800232887268066
losses_train/representations:	2.0598812103271484
losses_train/total:	0.6393088698387146
losses_test/task:	0.24860887229442596
losses_test/concepts:	2.3523659706115723
losses_test/representations:	2.072338104248047
losses_test/total:	0.6910793781280518
calibration_test/ece:	0.03071697987616062
calibration_test/brier:	0.09321697801351547
accuracy_test/task:	94.20581093527589
accuracy_test/concepts:	98.96131134033203
map_test/concepts:	0.9693043649196624

Epoch 95
losses_train/task:	0.22346635162830353
losses_train/concepts:	2.0142931938171387
losses_train/representations:	2.0365443229675293
losses_train/total:	0.628550112247467
losses_test/task:	0.25019600987434387
losses_test/concepts:	2.65368390083313
losses_test/representations:	2.0527114868164062
losses_test/total:	0.7208355069160461
calibration_test/ece:	0.03143872693181038
calibration_test/brier:	0.0932183712720871
accuracy_test/task:	94.14719919618186
accuracy_test/concepts:	98.96089172363281
map_test/concepts:	0.9655226051807404

Epoch 96
losses_train/task:	0.21368180215358734
losses_train/concepts:	1.9367107152938843
losses_train/representations:	2.0065531730651855
losses_train/total:	0.6080084443092346
losses_test/task:	0.2493985891342163
losses_test/concepts:	2.657543182373047
losses_test/representations:	2.0317134857177734
losses_test/total:	0.7183241844177246
calibration_test/ece:	0.03070315159857273
calibration_test/brier:	0.0940571203827858
accuracy_test/task:	94.15557230176672
accuracy_test/concepts:	98.9629898071289
map_test/concepts:	0.9677646607160568

Epoch 97
losses_train/task:	0.21772712469100952
losses_train/concepts:	1.9911503791809082
losses_train/representations:	2.0386459827423096
losses_train/total:	0.6207066178321838
losses_test/task:	0.24724969267845154
losses_test/concepts:	2.2963078022003174
losses_test/representations:	2.069790840148926
losses_test/total:	0.6838597059249878
calibration_test/ece:	0.031148184090852737
calibration_test/brier:	0.09309558570384979
accuracy_test/task:	94.18069161852131
accuracy_test/concepts:	98.95965576171875
map_test/concepts:	0.9667137891054154

Epoch 98
losses_train/task:	0.21774576604366302
losses_train/concepts:	2.0292699337005615
losses_train/representations:	2.046947956085205
losses_train/total:	0.6253675818443298
losses_test/task:	0.24739514291286469
losses_test/concepts:	2.498633861541748
losses_test/representations:	2.067986249923706
losses_test/total:	0.7040572166442871
calibration_test/ece:	0.030724704265594482
calibration_test/brier:	0.09404081106185913
accuracy_test/task:	94.08021435150297
accuracy_test/concepts:	98.94876098632812
map_test/concepts:	0.9660668462514878

Epoch 99
losses_train/task:	0.2075577974319458
losses_train/concepts:	1.943449854850769
losses_train/representations:	1.9668794870376587
losses_train/total:	0.5985908508300781
losses_test/task:	0.2467484325170517
losses_test/concepts:	1.9061472415924072
losses_test/representations:	2.1154701709747314
losses_test/total:	0.6489101648330688
calibration_test/ece:	0.028362000361084938
calibration_test/brier:	0.09208141267299652
accuracy_test/task:	94.31466130787909
accuracy_test/concepts:	98.94498443603516
map_test/concepts:	0.9677361845970154

Epoch 100
losses_train/task:	0.2207898646593094
losses_train/concepts:	2.0048065185546875
losses_train/representations:	2.0284600257873535
losses_train/total:	0.624116837978363
losses_test/task:	0.24915842711925507
losses_test/concepts:	2.775146007537842
losses_test/representations:	2.059303045272827
losses_test/total:	0.7326033115386963
calibration_test/ece:	0.029673859477043152
calibration_test/brier:	0.09327036887407303
accuracy_test/task:	94.30628820229423
accuracy_test/concepts:	98.96634674072266
map_test/concepts:	0.9675001233816147

Epoch 101
losses_train/task:	0.21371284127235413
losses_train/concepts:	1.9381505250930786
losses_train/representations:	1.9719712734222412
losses_train/total:	0.6047253608703613
losses_test/task:	0.2469554841518402
losses_test/concepts:	2.7719998359680176
losses_test/representations:	2.0480458736419678
losses_test/total:	0.7289601564407349
calibration_test/ece:	0.02982405386865139
calibration_test/brier:	0.09240085631608963
accuracy_test/task:	94.32303441346396
accuracy_test/concepts:	98.97303771972656
map_test/concepts:	0.9687470704317093

Epoch 102
losses_train/task:	0.20699413120746613
losses_train/concepts:	1.8700652122497559
losses_train/representations:	1.952631950378418
losses_train/total:	0.589263916015625
losses_test/task:	0.24528977274894714
losses_test/concepts:	2.7970070838928223
losses_test/representations:	2.0265259742736816
losses_test/total:	0.7276430726051331
calibration_test/ece:	0.03044930286705494
calibration_test/brier:	0.09176580607891083
accuracy_test/task:	94.27279577995479
accuracy_test/concepts:	98.98432922363281
map_test/concepts:	0.9691736847162247

Epoch 103
losses_train/task:	0.21153497695922852
losses_train/concepts:	1.8680108785629272
losses_train/representations:	1.9684274196624756
losses_train/total:	0.5951788425445557
losses_test/task:	0.24730095267295837
losses_test/concepts:	2.834259033203125
losses_test/representations:	2.0307674407958984
losses_test/total:	0.7338035106658936
calibration_test/ece:	0.03084149770438671
calibration_test/brier:	0.09207265824079514
accuracy_test/task:	94.25604956878506
accuracy_test/concepts:	98.98686218261719
map_test/concepts:	0.9683412134647369

Epoch 104
losses_train/task:	0.20570380985736847
losses_train/concepts:	1.87382173538208
losses_train/representations:	1.9470527172088623
losses_train/total:	0.5877910256385803
losses_test/task:	0.244282066822052
losses_test/concepts:	2.7734081745147705
losses_test/representations:	1.9944647550582886
losses_test/total:	0.7210696339607239
calibration_test/ece:	0.029735395684838295
calibration_test/brier:	0.09154602885246277
accuracy_test/task:	94.33978062463368
accuracy_test/concepts:	98.98393249511719
map_test/concepts:	0.969069904088974

Epoch 105
losses_train/task:	0.20659367740154266
losses_train/concepts:	1.886831521987915
losses_train/representations:	1.9486520290374756
losses_train/total:	0.5901418924331665
losses_test/task:	0.24570967257022858
losses_test/concepts:	2.7897469997406006
losses_test/representations:	2.031747817993164
losses_test/total:	0.7278590798377991
calibration_test/ece:	0.030390799045562744
calibration_test/brier:	0.09168214350938797
accuracy_test/task:	94.29791509670937
accuracy_test/concepts:	98.98267364501953
map_test/concepts:	0.9688677161931991

Epoch 106
losses_train/task:	0.20387491583824158
losses_train/concepts:	1.8936083316802979
losses_train/representations:	1.9166384935379028
losses_train/total:	0.5848995447158813
losses_test/task:	0.24389618635177612
losses_test/concepts:	2.7558236122131348
losses_test/representations:	1.9987176656723022
losses_test/total:	0.719350278377533
calibration_test/ece:	0.029429323971271515
calibration_test/brier:	0.09139680117368698
accuracy_test/task:	94.34815373021854
accuracy_test/concepts:	98.98309326171875
map_test/concepts:	0.969343626499176

Epoch 107
losses_train/task:	0.212386816740036
losses_train/concepts:	1.9293991327285767
losses_train/representations:	1.955147624015808
losses_train/total:	0.6008413434028625
losses_test/task:	0.24434903264045715
losses_test/concepts:	2.7940711975097656
losses_test/representations:	2.0058536529541016
losses_test/total:	0.7243415117263794
calibration_test/ece:	0.030114643275737762
calibration_test/brier:	0.09141313284635544
accuracy_test/task:	94.32303441346396
accuracy_test/concepts:	98.98936462402344
map_test/concepts:	0.9697481602430343

Epoch 108
losses_train/task:	0.21649406850337982
losses_train/concepts:	1.9578304290771484
losses_train/representations:	1.9843088388442993
losses_train/total:	0.6107078790664673
losses_test/task:	0.24555595219135284
losses_test/concepts:	2.880133628845215
losses_test/representations:	2.020048141479492
losses_test/total:	0.7355743050575256
calibration_test/ece:	0.03073020651936531
calibration_test/brier:	0.0914633497595787
accuracy_test/task:	94.26442267436992
accuracy_test/concepts:	98.98893737792969
map_test/concepts:	0.9684224873781204

Epoch 109
losses_train/task:	0.20345790684223175
losses_train/concepts:	1.8254811763763428
losses_train/representations:	1.920987844467163
losses_train/total:	0.5781048536300659
losses_test/task:	0.24297311902046204
losses_test/concepts:	2.9025208950042725
losses_test/representations:	1.9984328746795654
losses_test/total:	0.7330684661865234
calibration_test/ece:	0.03020879253745079
calibration_test/brier:	0.09055571258068085
accuracy_test/task:	94.33978062463368
accuracy_test/concepts:	98.994384765625
map_test/concepts:	0.9681004703044891

Epoch 110
losses_train/task:	0.2001451849937439
losses_train/concepts:	1.8897898197174072
losses_train/representations:	1.9228675365447998
losses_train/total:	0.5814109444618225
losses_test/task:	0.24608337879180908
losses_test/concepts:	2.8773701190948486
losses_test/representations:	2.0255773067474365
losses_test/total:	0.7363778352737427
calibration_test/ece:	0.030410651117563248
calibration_test/brier:	0.09171266108751297
accuracy_test/task:	94.29791509670937
accuracy_test/concepts:	98.98810577392578
map_test/concepts:	0.9677562475204468

Epoch 111
losses_train/task:	0.20375359058380127
losses_train/concepts:	1.9104866981506348
losses_train/representations:	1.9407521486282349
losses_train/total:	0.5888775587081909
losses_test/task:	0.24238082766532898
losses_test/concepts:	2.927625894546509
losses_test/representations:	2.00064754486084
losses_test/total:	0.7352082133293152
calibration_test/ece:	0.029883118346333504
calibration_test/brier:	0.09097249060869217
accuracy_test/task:	94.30628820229423
accuracy_test/concepts:	98.98393249511719
map_test/concepts:	0.9686655342578888

Epoch 112
losses_train/task:	0.21041226387023926
losses_train/concepts:	1.9699063301086426
losses_train/representations:	1.954201579093933
losses_train/total:	0.6028229594230652
losses_test/task:	0.24140125513076782
losses_test/concepts:	2.7922005653381348
losses_test/representations:	2.000021457672119
losses_test/total:	0.720623254776001
calibration_test/ece:	0.029719308018684387
calibration_test/brier:	0.09021784365177155
accuracy_test/task:	94.37327304697313
accuracy_test/concepts:	98.98936462402344
map_test/concepts:	0.9690729588270187

Epoch 113
losses_train/task:	0.20706240832805634
losses_train/concepts:	1.8704832792282104
losses_train/representations:	1.9331133365631104
losses_train/total:	0.5874221920967102
losses_test/task:	0.24161918461322784
losses_test/concepts:	2.7784221172332764
losses_test/representations:	1.9947255849838257
losses_test/total:	0.7189338803291321
calibration_test/ece:	0.029484499245882034
calibration_test/brier:	0.09061183035373688
accuracy_test/task:	94.3565268358034
accuracy_test/concepts:	98.99439239501953
map_test/concepts:	0.9687862962484359

Epoch 114
losses_train/task:	0.19785234332084656
losses_train/concepts:	1.7852097749710083
losses_train/representations:	1.8930333852767944
losses_train/total:	0.5656766891479492
losses_test/task:	0.24426834285259247
losses_test/concepts:	2.8033313751220703
losses_test/representations:	2.008376121520996
losses_test/total:	0.7254390120506287
calibration_test/ece:	0.0299457348883152
calibration_test/brier:	0.09074472635984421
accuracy_test/task:	94.39001925814284
accuracy_test/concepts:	99.00276947021484
map_test/concepts:	0.9677361190319062

Epoch 115
losses_train/task:	0.19534748792648315
losses_train/concepts:	1.8275762796401978
losses_train/representations:	1.8837863206863403
losses_train/total:	0.5664839148521423
losses_test/task:	0.24625204503536224
losses_test/concepts:	2.831082582473755
losses_test/representations:	2.016885280609131
losses_test/total:	0.7310488820075989
calibration_test/ece:	0.03070419281721115
calibration_test/brier:	0.09146761149168015
accuracy_test/task:	94.31466130787909
accuracy_test/concepts:	98.98350524902344
map_test/concepts:	0.9664688318967819

Epoch 116
losses_train/task:	0.197178915143013
losses_train/concepts:	1.8243330717086792
losses_train/representations:	1.909462571144104
losses_train/total:	0.5705586671829224
losses_test/task:	0.24469971656799316
losses_test/concepts:	2.8719537258148193
losses_test/representations:	1.997557520866394
losses_test/total:	0.731650710105896
calibration_test/ece:	0.030578788369894028
calibration_test/brier:	0.09127885848283768
accuracy_test/task:	94.29791509670937
accuracy_test/concepts:	98.991455078125
map_test/concepts:	0.96839659512043

Epoch 117
losses_train/task:	0.202798992395401
losses_train/concepts:	1.8816865682601929
losses_train/representations:	1.9136509895324707
losses_train/total:	0.5823326706886292
losses_test/task:	0.24544671177864075
losses_test/concepts:	2.959138870239258
losses_test/representations:	1.9967137575149536
losses_test/total:	0.7410318851470947
calibration_test/ece:	0.030109651386737823
calibration_test/brier:	0.09139412641525269
accuracy_test/task:	94.3565268358034
accuracy_test/concepts:	98.99229431152344
map_test/concepts:	0.9675466835498809

Epoch 118
losses_train/task:	0.20357190072536469
losses_train/concepts:	1.8909496068954468
losses_train/representations:	1.920676827430725
losses_train/total:	0.5847347378730774
losses_test/task:	0.24232003092765808
losses_test/concepts:	2.6065218448638916
losses_test/representations:	1.9978011846542358
losses_test/total:	0.7027523517608643
calibration_test/ece:	0.029810544103384018
calibration_test/brier:	0.0906858965754509
accuracy_test/task:	94.33978062463368
accuracy_test/concepts:	98.98978424072266
map_test/concepts:	0.9687592357397079

Epoch 119
losses_train/task:	0.20332834124565125
losses_train/concepts:	1.849576711654663
losses_train/representations:	1.9268319606781006
losses_train/total:	0.5809693932533264
losses_test/task:	0.2456546276807785
losses_test/concepts:	2.8689732551574707
losses_test/representations:	2.00187087059021
losses_test/total:	0.7327391505241394
calibration_test/ece:	0.030254771932959557
calibration_test/brier:	0.09167560189962387
accuracy_test/task:	94.30628820229423
accuracy_test/concepts:	98.99439239501953
map_test/concepts:	0.9682253032922745

Epoch 120
losses_train/task:	0.2050173580646515
losses_train/concepts:	1.8612216711044312
losses_train/representations:	1.9332901239395142
losses_train/total:	0.5844684839248657
losses_test/task:	0.24608826637268066
losses_test/concepts:	2.9429943561553955
losses_test/representations:	2.025237798690796
losses_test/total:	0.7429113984107971
calibration_train/ece:	0.004918322898447514
calibration_train/brier:	0.053703371435403824
accuracy_train/task:	96.10558712121212
calibration_test/ece:	0.03037409856915474
calibration_test/brier:	0.09100111573934555
accuracy_test/task:	94.36489994138826
accuracy_train/concepts:	99.18619537353516
map_train/concepts:	0.9915555506944657
accuracy_test/concepts:	98.99858093261719
map_test/concepts:	0.9675127238035202
accuracy_test/nuisances_task:	1.413252170269306
accuracy_test/nuisances_nontask:	0.0
mutual_inf_test/nuisances_task:	0.06432859746598386
mutual_inf_test/nuisances_nontask:	0.0

epoch_120.pt
groups=0 err_lowconf=5.635 err_random=5.635
groups=1 err_lowconf=5.216 err_random=5.216
groups=2 err_lowconf=4.773 err_random=4.773
groups=3 err_lowconf=4.228 err_random=4.228
groups=4 err_lowconf=4.354 err_random=4.354
groups=5 err_lowconf=3.885 err_random=3.885
groups=6 err_lowconf=5.920 err_random=5.920
groups=7 err_lowconf=5.870 err_random=5.870
groups=8 err_lowconf=5.995 err_random=5.995
groups=9 err_lowconf=6.640 err_random=6.640
groups=10 err_lowconf=7.620 err_random=7.620
groups=11 err_lowconf=7.720 err_random=7.720
groups=12 err_lowconf=7.787 err_random=7.787
groups=13 err_lowconf=8.499 err_random=8.499
groups=14 err_lowconf=8.633 err_random=8.633
groups=15 err_lowconf=9.068 err_random=9.068
groups=16 err_lowconf=10.525 err_random=10.525
groups=17 err_lowconf=10.944 err_random=10.944
groups=18 err_lowconf=10.986 err_random=10.986
groups=19 err_lowconf=10.994 err_random=10.994
groups=20 err_lowconf=10.986 err_random=10.986
[1;34mwandb[0m:
[1;34mwandb[0m: You can sync this run to the cloud by running:
[1;34mwandb[0m: [1mwandb sync /research/hal-afsharim/minimal_cbm/results/awa2-mcbm-01/43/wandb/offline-run-20260728_104748-1h48pgi0[0m
[1;34mwandb[0m: Find logs at: [1;35mresults/awa2-mcbm-01/43/wandb/offline-run-20260728_104748-1h48pgi0/logs[0m
