
===== launch 2026-07-26 20:39:58.038829 gpu3 =====
wandb: Using wandb-core as the SDK backend.  Please refer to https://wandb.me/wandb-core for more information.
wandb: Tracking run with wandb version 0.19.0
wandb: W&B syncing is set to `offline` in this directory.  
wandb: Run `wandb online` or set WANDB_MODE=online to enable cloud syncing.
/research/hal-afsharim/miniconda3/envs/mcbm/lib/python3.10/site-packages/torchvision/models/_utils.py:208: UserWarning: The parameter 'pretrained' is deprecated since 0.13 and will be removed in 0.15, please use 'weights' instead.
  warnings.warn(
/research/hal-afsharim/miniconda3/envs/mcbm/lib/python3.10/site-packages/torchvision/models/_utils.py:223: UserWarning: Arguments other than a weight enum or `None` for 'weights' are deprecated since 0.13 and will be removed in 0.15. The current behavior is equivalent to passing `weights=ResNet50_Weights.IMAGENET1K_V1`. You can also use `weights=ResNet50_Weights.DEFAULT` to get the most up-to-date weights.
  warnings.warn(msg)
Epoch 1
losses_train/task:	1.9529668092727661
losses_train/concepts:	17.162179946899414
losses_train/representations:	11.200779914855957
losses_train/total:	4.789265155792236
losses_test/task:	1.4433598518371582
losses_test/concepts:	11.647989273071289
losses_test/representations:	11.46810531616211
losses_test/total:	3.7549691200256348
calibration_test/ece:	0.018486633896827698
calibration_test/brier:	0.512854814529419
accuracy_test/task:	61.47534120405258
accuracy_test/concepts:	89.9133529663086
map_test/concepts:	0.8463507667183876

Epoch 2
losses_train/task:	1.3157700300216675
losses_train/concepts:	10.684877395629883
losses_train/representations:	8.659250259399414
losses_train/total:	3.2501816749572754
losses_test/task:	1.0516818761825562
losses_test/concepts:	7.8747406005859375
losses_test/representations:	8.545804023742676
losses_test/total:	2.6937365531921387
calibration_test/ece:	0.012228617444634438
calibration_test/brier:	0.39389508962631226
accuracy_test/task:	71.14627815456753
accuracy_test/concepts:	93.70760345458984
map_test/concepts:	0.8902356073260307

Epoch 3
losses_train/task:	1.1912987232208252
losses_train/concepts:	8.952204704284668
losses_train/representations:	7.892979621887207
losses_train/total:	2.87581729888916
losses_test/task:	1.0943299531936646
losses_test/concepts:	7.881208896636963
losses_test/representations:	7.530182838439941
losses_test/total:	2.6354691982269287
calibration_test/ece:	0.02598905749619007
calibration_test/brier:	0.3963392376899719
accuracy_test/task:	71.11278573222809
accuracy_test/concepts:	94.02662658691406
map_test/concepts:	0.8886900410056114

Epoch 4
losses_train/task:	1.1303638219833374
losses_train/concepts:	8.251276016235352
losses_train/representations:	7.420107364654541
losses_train/total:	2.6975033283233643
losses_test/task:	0.9720056056976318
losses_test/concepts:	6.199347972869873
losses_test/representations:	7.355947494506836
losses_test/total:	2.3275344371795654
calibration_test/ece:	0.02009252831339836
calibration_test/brier:	0.3519880175590515
accuracy_test/task:	74.88068324541572
accuracy_test/concepts:	94.54911041259766
map_test/concepts:	0.9018957957625389

Epoch 5
losses_train/task:	1.0673410892486572
losses_train/concepts:	7.839473724365234
losses_train/representations:	7.042431831359863
losses_train/total:	2.555532455444336
losses_test/task:	0.9988728761672974
losses_test/concepts:	6.49450159072876
losses_test/representations:	8.06993293762207
losses_test/total:	2.4553163051605225
calibration_test/ece:	0.03523088991641998
calibration_test/brier:	0.3668859004974365
accuracy_test/task:	73.67495604119568
accuracy_test/concepts:	94.48966217041016
map_test/concepts:	0.8865382537245751

Epoch 6
losses_train/task:	1.0017246007919312
losses_train/concepts:	7.338151931762695
losses_train/representations:	6.554479598999023
losses_train/total:	2.3909878730773926
losses_test/task:	0.81287682056427
losses_test/concepts:	5.653741359710693
losses_test/representations:	6.538452625274658
losses_test/total:	2.0320963859558105
calibration_test/ece:	0.02768746390938759
calibration_test/brier:	0.30447372794151306
accuracy_test/task:	78.30528342962404
accuracy_test/concepts:	95.347900390625
map_test/concepts:	0.9092894122004509

Epoch 7
losses_train/task:	0.9664241671562195
losses_train/concepts:	7.035935401916504
losses_train/representations:	6.330452919006348
losses_train/total:	2.3030636310577393
losses_test/task:	1.009874701499939
losses_test/concepts:	6.428544044494629
losses_test/representations:	7.045701503753662
losses_test/total:	2.357299327850342
calibration_test/ece:	0.020632058382034302
calibration_test/brier:	0.36312729120254517
accuracy_test/task:	73.2563007619526
accuracy_test/concepts:	94.79570007324219
map_test/concepts:	0.8958577275276184

Epoch 8
losses_train/task:	0.9338986873626709
losses_train/concepts:	6.838948726654053
losses_train/representations:	6.153271675109863
losses_train/total:	2.2331199645996094
losses_test/task:	0.6597369909286499
losses_test/concepts:	4.622262477874756
losses_test/representations:	4.910888671875
losses_test/total:	1.6130523681640625
calibration_test/ece:	0.022901561111211777
calibration_test/brier:	0.25880497694015503
accuracy_test/task:	82.02294230930252
accuracy_test/concepts:	96.48454284667969
map_test/concepts:	0.923798231780529

Epoch 9
losses_train/task:	0.9024996757507324
losses_train/concepts:	6.720370769500732
losses_train/representations:	5.911210536956787
losses_train/total:	2.1656579971313477
losses_test/task:	0.5892325639724731
losses_test/concepts:	4.207706451416016
losses_test/representations:	6.026665687561035
losses_test/total:	1.6126697063446045
calibration_test/ece:	0.02276397868990898
calibration_test/brier:	0.2264612466096878
accuracy_test/task:	84.32554634513941
accuracy_test/concepts:	96.61558532714844
map_test/concepts:	0.9290722712874413

Epoch 10
losses_train/task:	0.8554309010505676
losses_train/concepts:	6.2614617347717285
losses_train/representations:	5.648326396942139
losses_train/total:	2.0464096069335938
losses_test/task:	0.8027909398078918
losses_test/concepts:	5.200970649719238
losses_test/representations:	6.020902633666992
losses_test/total:	1.9249776601791382
calibration_test/ece:	0.024893905967473984
calibration_test/brier:	0.2914945185184479
accuracy_test/task:	79.16771330486478
accuracy_test/concepts:	95.93318176269531
map_test/concepts:	0.9198042497038841

Epoch 11
losses_train/task:	0.8157521486282349
losses_train/concepts:	5.966561317443848
losses_train/representations:	5.33521842956543
losses_train/total:	1.9459307193756104
losses_test/task:	0.5699999332427979
losses_test/concepts:	3.8271799087524414
losses_test/representations:	4.937708377838135
losses_test/total:	1.4464887380599976
calibration_test/ece:	0.03118821233510971
calibration_test/brier:	0.22271308302879333
accuracy_test/task:	84.51812777359123
accuracy_test/concepts:	97.02964782714844
map_test/concepts:	0.9359737291932106

Epoch 12
losses_train/task:	0.7957218885421753
losses_train/concepts:	5.900211334228516
losses_train/representations:	5.213953495025635
losses_train/total:	1.9071388244628906
losses_test/task:	0.5980729460716248
losses_test/concepts:	3.8355770111083984
losses_test/representations:	5.338160991668701
losses_test/total:	1.515446662902832
calibration_test/ece:	0.025124695152044296
calibration_test/brier:	0.23320762813091278
accuracy_test/task:	83.83990622121745
accuracy_test/concepts:	96.69805908203125
map_test/concepts:	0.9365477979183197

Epoch 13
losses_train/task:	0.776604413986206
losses_train/concepts:	5.745615482330322
losses_train/representations:	5.144254207611084
losses_train/total:	1.865591049194336
losses_test/task:	0.6203826665878296
losses_test/concepts:	3.928051710128784
losses_test/representations:	4.727200031280518
losses_test/total:	1.485907793045044
calibration_test/ece:	0.02379252016544342
calibration_test/brier:	0.23743365705013275
accuracy_test/task:	83.47148957548355
accuracy_test/concepts:	96.71941375732422
map_test/concepts:	0.9306433603167534

Epoch 14
losses_train/task:	0.76372891664505
losses_train/concepts:	5.6839494705200195
losses_train/representations:	5.098145008087158
losses_train/total:	1.8419378995895386
losses_test/task:	0.7115508913993835
losses_test/concepts:	4.945463180541992
losses_test/representations:	5.299973011016846
losses_test/total:	1.73609459400177
calibration_test/ece:	0.034735724329948425
calibration_test/brier:	0.2658243179321289
accuracy_test/task:	81.31960144017415
accuracy_test/concepts:	96.13330841064453
map_test/concepts:	0.9242287546396255

Epoch 15
losses_train/task:	0.7454886436462402
losses_train/concepts:	5.546824932098389
losses_train/representations:	4.913661956787109
losses_train/total:	1.7915376424789429
losses_test/task:	0.5817443132400513
losses_test/concepts:	4.035377502441406
losses_test/representations:	5.5331573486328125
losses_test/total:	1.5385982990264893
calibration_test/ece:	0.020591359585523605
calibration_test/brier:	0.22022467851638794
accuracy_test/task:	84.66884367411873
accuracy_test/concepts:	96.70223999023438
map_test/concepts:	0.9313417226076126

Epoch 16
losses_train/task:	0.73619544506073
losses_train/concepts:	5.312217712402344
losses_train/representations:	4.813255310058594
losses_train/total:	1.7487421035766602
losses_test/task:	0.5719548463821411
losses_test/concepts:	3.8314242362976074
losses_test/representations:	4.391040325164795
losses_test/total:	1.3942011594772339
calibration_test/ece:	0.022999357432127
calibration_test/brier:	0.22209705412387848
accuracy_test/task:	84.50975466800637
accuracy_test/concepts:	96.93292236328125
map_test/concepts:	0.9379619032144546

Epoch 17
losses_train/task:	0.718836784362793
losses_train/concepts:	5.279985427856445
losses_train/representations:	4.760830402374268
losses_train/total:	1.722917914390564
losses_test/task:	0.5439200401306152
losses_test/concepts:	3.439735174179077
losses_test/representations:	4.402708053588867
losses_test/total:	1.3281644582748413
calibration_test/ece:	0.030747979879379272
calibration_test/brier:	0.21067796647548676
accuracy_test/task:	85.62337771079294
accuracy_test/concepts:	97.19082641601562
map_test/concepts:	0.927564337104559

Epoch 18
losses_train/task:	0.7070907354354858
losses_train/concepts:	5.237732410430908
losses_train/representations:	4.695847034454346
losses_train/total:	1.700448751449585
losses_test/task:	0.4730713963508606
losses_test/concepts:	3.9985101222991943
losses_test/representations:	3.907653570175171
losses_test/total:	1.2636878490447998
calibration_test/ece:	0.0228995680809021
calibration_test/brier:	0.1882568746805191
accuracy_test/task:	87.0635518713891
accuracy_test/concepts:	97.55170440673828
map_test/concepts:	0.9424177631735802

Epoch 19
losses_train/task:	0.6790950894355774
losses_train/concepts:	5.081681251525879
losses_train/representations:	4.508119583129883
losses_train/total:	1.638075351715088
losses_test/task:	0.5207061767578125
losses_test/concepts:	3.3931260108947754
losses_test/representations:	4.184247970581055
losses_test/total:	1.278443455696106
calibration_test/ece:	0.031941596418619156
calibration_test/brier:	0.2014792412519455
accuracy_test/task:	85.98342125094197
accuracy_test/concepts:	97.38927459716797
map_test/concepts:	0.9370030105113983

Epoch 20
losses_train/task:	0.6553584337234497
losses_train/concepts:	4.89404296875
losses_train/representations:	4.409192085266113
losses_train/total:	1.5856819152832031
losses_test/task:	0.516491711139679
losses_test/concepts:	3.907836675643921
losses_test/representations:	4.217545986175537
losses_test/total:	1.32902991771698
calibration_test/ece:	0.028594011440873146
calibration_test/brier:	0.2054177075624466
accuracy_test/task:	85.69873566105669
accuracy_test/concepts:	97.38716125488281
map_test/concepts:	0.9421111047267914

Epoch 21
losses_train/task:	0.6641072034835815
losses_train/concepts:	4.917145252227783
losses_train/representations:	4.417104244232178
losses_train/total:	1.5975326299667358
losses_test/task:	0.4638950228691101
losses_test/concepts:	3.1469736099243164
losses_test/representations:	4.013154029846191
losses_test/total:	1.179908037185669
calibration_test/ece:	0.029874131083488464
calibration_test/brier:	0.18582521378993988
accuracy_test/task:	87.36498367244411
accuracy_test/concepts:	97.5324478149414
map_test/concepts:	0.9443869173526764

Epoch 22
losses_train/task:	0.6575419902801514
losses_train/concepts:	4.883017539978027
losses_train/representations:	4.338118553161621
losses_train/total:	1.5796557664871216
losses_test/task:	0.4606398046016693
losses_test/concepts:	3.046334743499756
losses_test/representations:	3.929370403289795
losses_test/total:	1.158210277557373
calibration_test/ece:	0.024616500362753868
calibration_test/brier:	0.1801375150680542
accuracy_test/task:	87.82550447961148
accuracy_test/concepts:	97.5755615234375
map_test/concepts:	0.9457745179533958

Epoch 23
losses_train/task:	0.6492679715156555
losses_train/concepts:	4.8422722816467285
losses_train/representations:	4.407080173492432
losses_train/total:	1.5742031335830688
losses_test/task:	0.6188822388648987
losses_test/concepts:	3.851348400115967
losses_test/representations:	4.292151927947998
losses_test/total:	1.4332318305969238
calibration_test/ece:	0.03430721536278725
calibration_test/brier:	0.23702499270439148
accuracy_test/task:	83.8733986435569
accuracy_test/concepts:	97.01248168945312
map_test/concepts:	0.9354438424110413

Epoch 24
losses_train/task:	0.6246954798698425
losses_train/concepts:	4.6918044090271
losses_train/representations:	4.204754829406738
losses_train/total:	1.5143518447875977
losses_test/task:	0.5522969961166382
losses_test/concepts:	3.771319627761841
losses_test/representations:	4.19120454788208
losses_test/total:	1.3485493659973145
calibration_test/ece:	0.02962316945195198
calibration_test/brier:	0.21163873374462128
accuracy_test/task:	85.43079628234112
accuracy_test/concepts:	97.08908081054688
map_test/concepts:	0.941253861784935

Epoch 25
losses_train/task:	0.6071016788482666
losses_train/concepts:	4.517037868499756
losses_train/representations:	4.117557525634766
losses_train/total:	1.4705606698989868
losses_test/task:	0.4043771028518677
losses_test/concepts:	2.9855754375457764
losses_test/representations:	3.4848010540008545
losses_test/total:	1.0514147281646729
calibration_test/ece:	0.020504385232925415
calibration_test/brier:	0.15897485613822937
accuracy_test/task:	89.18194758435904
accuracy_test/concepts:	97.96952819824219
map_test/concepts:	0.9501435309648514

Epoch 26
losses_train/task:	0.5948362946510315
losses_train/concepts:	4.429937362670898
losses_train/representations:	3.98653507232666
losses_train/total:	1.4364840984344482
losses_test/task:	0.546812891960144
losses_test/concepts:	3.4425723552703857
losses_test/representations:	4.056536674499512
losses_test/total:	1.2967239618301392
calibration_test/ece:	0.03091103956103325
calibration_test/brier:	0.20553378760814667
accuracy_test/task:	85.79083982249016
accuracy_test/concepts:	97.15690612792969
map_test/concepts:	0.9415876403450966

Epoch 27
losses_train/task:	0.5919269323348999
losses_train/concepts:	4.511762619018555
losses_train/representations:	4.016953945159912
losses_train/total:	1.4447988271713257
losses_test/task:	0.449258416891098
losses_test/concepts:	2.846835136413574
losses_test/representations:	3.4616808891296387
losses_test/total:	1.0801101922988892
calibration_test/ece:	0.03128723055124283
calibration_test/brier:	0.178896963596344
accuracy_test/task:	87.80875826844176
accuracy_test/concepts:	97.66097259521484
map_test/concepts:	0.9491558730602264

Epoch 28
losses_train/task:	0.5548701286315918
losses_train/concepts:	4.250100135803223
losses_train/representations:	3.7962822914123535
losses_train/total:	1.359508752822876
losses_test/task:	0.4764549136161804
losses_test/concepts:	3.1367900371551514
losses_test/representations:	3.6095523834228516
losses_test/total:	1.1510891914367676
calibration_test/ece:	0.023087847977876663
calibration_test/brier:	0.18275733292102814
accuracy_test/task:	87.47383404504731
accuracy_test/concepts:	97.48387145996094
map_test/concepts:	0.9444085419178009

Epoch 29
losses_train/task:	0.5700074434280396
losses_train/concepts:	4.295618534088135
losses_train/representations:	3.8498711585998535
losses_train/total:	1.384556770324707
losses_test/task:	0.40088969469070435
losses_test/concepts:	2.8307764530181885
losses_test/representations:	3.4235193729400635
losses_test/total:	1.0263196229934692
calibration_test/ece:	0.02914191037416458
calibration_test/brier:	0.1572757214307785
accuracy_test/task:	89.31591727371682
accuracy_test/concepts:	98.0247802734375
map_test/concepts:	0.9566230416297913

Epoch 30
losses_train/task:	0.5390748381614685
losses_train/concepts:	4.141185283660889
losses_train/representations:	3.669961929321289
losses_train/total:	1.3201897144317627
losses_test/task:	0.4235168993473053
losses_test/concepts:	2.6133697032928467
losses_test/representations:	3.317438840866089
losses_test/total:	1.0165976285934448
calibration_test/ece:	0.028927244246006012
calibration_test/brier:	0.1625131368637085
accuracy_test/task:	89.08984342292557
accuracy_test/concepts:	97.88201904296875
map_test/concepts:	0.9481548860669136

Epoch 31
losses_train/task:	0.5430954694747925
losses_train/concepts:	4.146101951599121
losses_train/representations:	3.717305898666382
losses_train/total:	1.3294363021850586
losses_test/task:	0.5469666719436646
losses_test/concepts:	3.408177614212036
losses_test/representations:	3.8917930126190186
losses_test/total:	1.2769635915756226
calibration_test/ece:	0.03755424544215202
calibration_test/brier:	0.20542490482330322
accuracy_test/task:	85.92480951184794
accuracy_test/concepts:	97.37796783447266
map_test/concepts:	0.942118376493454

Epoch 32
losses_train/task:	0.5454700589179993
losses_train/concepts:	4.150554180145264
losses_train/representations:	3.726222515106201
losses_train/total:	1.3331472873687744
losses_test/task:	0.4343070089817047
losses_test/concepts:	3.2059950828552246
losses_test/representations:	3.4130074977874756
losses_test/total:	1.0962074995040894
calibration_test/ece:	0.03712618350982666
calibration_test/brier:	0.16821251809597015
accuracy_test/task:	89.03123168383154
accuracy_test/concepts:	97.96659851074219
map_test/concepts:	0.9475261554121971

Epoch 33
losses_train/task:	0.541060745716095
losses_train/concepts:	4.167172431945801
losses_train/representations:	3.7121646404266357
losses_train/total:	1.328994631767273
losses_test/task:	0.42468661069869995
losses_test/concepts:	2.657266855239868
losses_test/representations:	3.7599732875823975
losses_test/total:	1.0664103031158447
calibration_test/ece:	0.031299248337745667
calibration_test/brier:	0.16350270807743073
accuracy_test/task:	88.82190404421
accuracy_test/concepts:	97.6710205078125
map_test/concepts:	0.9510247126221657

Epoch 34
losses_train/task:	0.5323794484138489
losses_train/concepts:	4.066144943237305
losses_train/representations:	3.6182808876037598
losses_train/total:	1.300822377204895
losses_test/task:	0.42371419072151184
losses_test/concepts:	2.7876007556915283
losses_test/representations:	3.352076292037964
losses_test/total:	1.0376818180084229
calibration_test/ece:	0.030351672321558
calibration_test/brier:	0.16520902514457703
accuracy_test/task:	89.07309721175584
accuracy_test/concepts:	97.87532043457031
map_test/concepts:	0.9515974193811416

Epoch 35
losses_train/task:	0.5223613977432251
losses_train/concepts:	4.018773555755615
losses_train/representations:	3.6163363456726074
losses_train/total:	1.2858725786209106
losses_test/task:	0.45776423811912537
losses_test/concepts:	2.844452381134033
losses_test/representations:	3.161506414413452
losses_test/total:	1.0583600997924805
calibration_test/ece:	0.03423922881484032
calibration_test/brier:	0.17555218935012817
accuracy_test/task:	88.41999497613665
accuracy_test/concepts:	97.92179870605469
map_test/concepts:	0.9548252165317536

Epoch 36
losses_train/task:	0.5327056050300598
losses_train/concepts:	4.136573314666748
losses_train/representations:	3.6336305141448975
losses_train/total:	1.3097264766693115
losses_test/task:	0.4314487874507904
losses_test/concepts:	2.9389867782592773
losses_test/representations:	3.4321553707122803
losses_test/total:	1.0685631036758423
calibration_test/ece:	0.03206811100244522
calibration_test/brier:	0.1696258783340454
accuracy_test/task:	88.48697982081553
accuracy_test/concepts:	97.75935363769531
map_test/concepts:	0.9494719639420509

Epoch 37
losses_train/task:	0.5099403262138367
losses_train/concepts:	3.9594671726226807
losses_train/representations:	3.5040693283081055
losses_train/total:	1.2562940120697021
losses_test/task:	0.44968080520629883
losses_test/concepts:	2.8002099990844727
losses_test/representations:	3.218951940536499
losses_test/total:	1.0515971183776855
calibration_test/ece:	0.029416074976325035
calibration_test/brier:	0.1703004390001297
accuracy_test/task:	88.52884534873985
accuracy_test/concepts:	97.84980010986328
map_test/concepts:	0.9462787598371506

Epoch 38
losses_train/task:	0.5163635611534119
losses_train/concepts:	3.9059700965881348
losses_train/representations:	3.5183918476104736
losses_train/total:	1.2587995529174805
losses_test/task:	0.4354024827480316
losses_test/concepts:	2.829177141189575
losses_test/representations:	3.4814817905426025
losses_test/total:	1.0664681196212769
calibration_test/ece:	0.029041258618235588
calibration_test/brier:	0.17024549841880798
accuracy_test/task:	88.44511429289123
accuracy_test/concepts:	97.673095703125
map_test/concepts:	0.9515235602855683

Epoch 39
losses_train/task:	0.49801501631736755
losses_train/concepts:	3.8184657096862793
losses_train/representations:	3.4861209392547607
losses_train/total:	1.2284742593765259
losses_test/task:	0.3863765597343445
losses_test/concepts:	2.3937273025512695
losses_test/representations:	3.1806609630584717
losses_test/total:	0.9438155889511108
calibration_test/ece:	0.03200278803706169
calibration_test/brier:	0.14996077120304108
accuracy_test/task:	90.11973540986352
accuracy_test/concepts:	98.1173095703125
map_test/concepts:	0.9563435152173042

Epoch 40
losses_train/task:	0.49391645193099976
losses_train/concepts:	3.832885980606079
losses_train/representations:	3.398580312728882
losses_train/total:	1.2170629501342773
losses_test/task:	0.49205851554870605
losses_test/concepts:	3.3731470108032227
losses_test/representations:	3.6674611568450928
losses_test/total:	1.1961196660995483
calibration_test/ece:	0.0381891205906868
calibration_test/brier:	0.18007950484752655
accuracy_test/task:	87.95947416896927
accuracy_test/concepts:	97.68525695800781
map_test/concepts:	0.9483789205551147

Epoch 41
losses_train/task:	0.4898351728916168
losses_train/concepts:	3.754321813583374
losses_train/representations:	3.407367467880249
losses_train/total:	1.2060046195983887
losses_test/task:	0.39267104864120483
losses_test/concepts:	2.6310815811157227
losses_test/representations:	3.1411919593811035
losses_test/total:	0.9698985815048218
calibration_test/ece:	0.03051771968603134
calibration_test/brier:	0.15421746671199799
accuracy_test/task:	89.62572218035669
accuracy_test/concepts:	98.04069519042969
map_test/concepts:	0.9566396594047546

Epoch 42
losses_train/task:	0.46814486384391785
losses_train/concepts:	3.611795425415039
losses_train/representations:	3.2383203506469727
losses_train/total:	1.1531567573547363
losses_test/task:	0.39592844247817993
losses_test/concepts:	2.5718419551849365
losses_test/representations:	3.0958282947540283
losses_test/total:	0.9626956582069397
calibration_test/ece:	0.036004360765218735
calibration_test/brier:	0.1513422429561615
accuracy_test/task:	89.82667671439337
accuracy_test/concepts:	98.12232971191406
map_test/concepts:	0.9550557523965836

Epoch 43
losses_train/task:	0.48285895586013794
losses_train/concepts:	3.669018030166626
losses_train/representations:	3.3006443977355957
losses_train/total:	1.1798254251480103
losses_test/task:	0.3594365417957306
losses_test/concepts:	2.3858063220977783
losses_test/representations:	2.9046759605407715
losses_test/total:	0.8884848356246948
calibration_test/ece:	0.02472454123198986
calibration_test/brier:	0.1398458033800125
accuracy_test/task:	90.53001758352173
accuracy_test/concepts:	98.1574935913086
map_test/concepts:	0.9571172460913658

Epoch 44
losses_train/task:	0.4774509370326996
losses_train/concepts:	3.6663005352020264
losses_train/representations:	3.231311321258545
losses_train/total:	1.1672115325927734
losses_test/task:	0.36123862862586975
losses_test/concepts:	2.288811683654785
losses_test/representations:	2.8367340564727783
losses_test/total:	0.8737934827804565
calibration_test/ece:	0.02512846700847149
calibration_test/brier:	0.13686098158359528
accuracy_test/task:	90.94029975717994
accuracy_test/concepts:	98.27178192138672
map_test/concepts:	0.9580711036920547

Epoch 45
losses_train/task:	0.44855061173439026
losses_train/concepts:	3.4891066551208496
losses_train/representations:	3.18381667137146
losses_train/total:	1.1158431768417358
losses_test/task:	0.41173577308654785
losses_test/concepts:	2.678546190261841
losses_test/representations:	2.9497039318084717
losses_test/total:	0.9745611548423767
calibration_test/ece:	0.03187385946512222
calibration_test/brier:	0.15424655377864838
accuracy_test/task:	89.74294565854476
accuracy_test/concepts:	97.98877716064453
map_test/concepts:	0.9525652095675469

Epoch 46
losses_train/task:	0.4654286205768585
losses_train/concepts:	3.593224048614502
losses_train/representations:	3.2480576038360596
losses_train/total:	1.1495563983917236
losses_test/task:	0.38387244939804077
losses_test/concepts:	2.4219934940338135
losses_test/representations:	2.7425432205200195
losses_test/total:	0.9003262519836426
calibration_test/ece:	0.022370830178260803
calibration_test/brier:	0.14717331528663635
accuracy_test/task:	90.09461609310894
accuracy_test/concepts:	98.17884826660156
map_test/concepts:	0.9546677589416503

Epoch 47
losses_train/task:	0.4596359133720398
losses_train/concepts:	3.455493450164795
losses_train/representations:	3.104853868484497
losses_train/total:	1.1156706809997559
losses_test/task:	0.35683536529541016
losses_test/concepts:	2.3875439167022705
losses_test/representations:	2.7351596355438232
losses_test/total:	0.8691056966781616
calibration_test/ece:	0.029138648882508278
calibration_test/brier:	0.1380195915699005
accuracy_test/task:	90.80633006782216
accuracy_test/concepts:	98.27220153808594
map_test/concepts:	0.9600581496953964

Epoch 48
losses_train/task:	0.4558705687522888
losses_train/concepts:	3.562760591506958
losses_train/representations:	3.133334159851074
losses_train/total:	1.1254802942276
losses_test/task:	0.4357755482196808
losses_test/concepts:	2.6886484622955322
losses_test/representations:	3.3782827854156494
losses_test/total:	1.0424689054489136
calibration_test/ece:	0.037594765424728394
calibration_test/brier:	0.16620254516601562
accuracy_test/task:	88.77166541070083
accuracy_test/concepts:	97.78739929199219
map_test/concepts:	0.9406245246529579

Epoch 49
losses_train/task:	0.45970532298088074
losses_train/concepts:	3.522737979888916
losses_train/representations:	3.1625094413757324
losses_train/total:	1.1282302141189575
losses_test/task:	0.3567104637622833
losses_test/concepts:	2.5150303840637207
losses_test/representations:	2.847756862640381
losses_test/total:	0.8929892182350159
calibration_test/ece:	0.027932211756706238
calibration_test/brier:	0.13673360645771027
accuracy_test/task:	91.04915012978314
accuracy_test/concepts:	98.3324966430664
map_test/concepts:	0.9566206187009811

Epoch 50
losses_train/task:	0.4314599931240082
losses_train/concepts:	3.392774820327759
losses_train/representations:	3.0599758625030518
losses_train/total:	1.076735496520996
losses_test/task:	0.38180410861968994
losses_test/concepts:	2.4765310287475586
losses_test/representations:	2.9919188022613525
losses_test/total:	0.9286488890647888
calibration_test/ece:	0.03968426585197449
calibration_test/brier:	0.14355581998825073
accuracy_test/task:	90.69747969521896
accuracy_test/concepts:	98.22489166259766
map_test/concepts:	0.9516524910926819

Epoch 51
losses_train/task:	0.3615903854370117
losses_train/concepts:	2.9089698791503906
losses_train/representations:	2.603703260421753
losses_train/total:	0.9128576517105103
losses_test/task:	0.2757195234298706
losses_test/concepts:	1.9780189990997314
losses_test/representations:	2.1925971508026123
losses_test/total:	0.6927809715270996
calibration_test/ece:	0.024619638919830322
calibration_test/brier:	0.10719460994005203
accuracy_test/task:	93.02520304781044
accuracy_test/concepts:	98.66867065429688
map_test/concepts:	0.9595734030008316

Epoch 52
losses_train/task:	0.3296430706977844
losses_train/concepts:	2.7358620166778564
losses_train/representations:	2.35436749458313
losses_train/total:	0.8386659622192383
losses_test/task:	0.27059030532836914
losses_test/concepts:	1.8681641817092896
losses_test/representations:	2.1219029426574707
losses_test/total:	0.6695969104766846
calibration_test/ece:	0.027251286432147026
calibration_test/brier:	0.1056101992726326
accuracy_test/task:	93.13405342041364
accuracy_test/concepts:	98.71514129638672
map_test/concepts:	0.9629878580570221

Epoch 53
losses_train/task:	0.3088800609111786
losses_train/concepts:	2.59438419342041
losses_train/representations:	2.236680269241333
losses_train/total:	0.791986346244812
losses_test/task:	0.26628124713897705
losses_test/concepts:	1.8632787466049194
losses_test/representations:	2.038161277770996
losses_test/total:	0.6564250588417053
calibration_test/ece:	0.027294939383864403
calibration_test/brier:	0.10478008538484573
accuracy_test/task:	93.27639621535627
accuracy_test/concepts:	98.73231506347656
map_test/concepts:	0.9651409149169922

Epoch 54
losses_train/task:	0.29124748706817627
losses_train/concepts:	2.4706733226776123
losses_train/representations:	2.1302196979522705
losses_train/total:	0.7513369917869568
losses_test/task:	0.2641878128051758
losses_test/concepts:	1.902139663696289
losses_test/representations:	1.9998260736465454
losses_test/total:	0.6543842554092407
calibration_test/ece:	0.027940232306718826
calibration_test/brier:	0.10266400128602982
accuracy_test/task:	93.41873901029892
accuracy_test/concepts:	98.76872253417969
map_test/concepts:	0.9651640504598618

Epoch 55
losses_train/task:	0.2916550636291504
losses_train/concepts:	2.4878063201904297
losses_train/representations:	2.1014328002929688
losses_train/total:	0.7505790591239929
losses_test/task:	0.2568548321723938
losses_test/concepts:	1.8124336004257202
losses_test/representations:	1.9522000551223755
losses_test/total:	0.6333181858062744
calibration_test/ece:	0.026058770716190338
calibration_test/brier:	0.10020501911640167
accuracy_test/task:	93.58620112199615
accuracy_test/concepts:	98.79344177246094
map_test/concepts:	0.9657419711351395

Epoch 56
losses_train/task:	0.2838016450405121
losses_train/concepts:	2.4360976219177246
losses_train/representations:	2.060737371444702
losses_train/total:	0.7334853410720825
losses_test/task:	0.2612628936767578
losses_test/concepts:	1.9003920555114746
losses_test/representations:	1.9531155824661255
losses_test/total:	0.6466134786605835
calibration_test/ece:	0.027299318462610245
calibration_test/brier:	0.10164517164230347
accuracy_test/task:	93.46060453822322
accuracy_test/concepts:	98.79719543457031
map_test/concepts:	0.9651367008686066

Epoch 57
losses_train/task:	0.27947357296943665
losses_train/concepts:	2.339794874191284
losses_train/representations:	2.007880449295044
losses_train/total:	0.714241087436676
losses_test/task:	0.2554514408111572
losses_test/concepts:	1.8513814210891724
losses_test/representations:	1.9107810258865356
losses_test/total:	0.6316675543785095
calibration_test/ece:	0.026594670489430428
calibration_test/brier:	0.09931613504886627
accuracy_test/task:	93.56945491082642
accuracy_test/concepts:	98.80055236816406
map_test/concepts:	0.9669911831617355

Epoch 58
losses_train/task:	0.2753959000110626
losses_train/concepts:	2.4108848571777344
losses_train/representations:	2.018442153930664
losses_train/total:	0.7183283567428589
losses_test/task:	0.26126375794410706
losses_test/concepts:	1.9947490692138672
losses_test/representations:	1.8909916877746582
losses_test/total:	0.6498377919197083
calibration_test/ece:	0.029413532465696335
calibration_test/brier:	0.1014237254858017
accuracy_test/task:	93.41873901029892
accuracy_test/concepts:	98.8072509765625
map_test/concepts:	0.9671323865652084

Epoch 59
losses_train/task:	0.27091193199157715
losses_train/concepts:	2.331845283508301
losses_train/representations:	1.9741065502166748
losses_train/total:	0.701507568359375
losses_test/task:	0.2555333971977234
losses_test/concepts:	1.78447687625885
losses_test/representations:	1.9243996143341064
losses_test/total:	0.6264210939407349
calibration_test/ece:	0.027524102479219437
calibration_test/brier:	0.09969593584537506
accuracy_test/task:	93.60294733316587
accuracy_test/concepts:	98.80976867675781
map_test/concepts:	0.9681194722652435

Epoch 60
losses_train/task:	0.2667708098888397
losses_train/concepts:	2.2926416397094727
losses_train/representations:	2.0006189346313477
losses_train/total:	0.6960968375205994
losses_test/task:	0.255245566368103
losses_test/concepts:	1.8502042293548584
losses_test/representations:	1.863168478012085
losses_test/total:	0.6265829205513
calibration_train/ece:	0.0038054350297898054
calibration_train/brier:	0.07084483653306961
accuracy_train/task:	94.8705808080808
calibration_test/ece:	0.02800961397588253
calibration_test/brier:	0.09948015958070755
accuracy_test/task:	93.69505149459934
accuracy_train/concepts:	98.90447998046875
map_train/concepts:	0.9816811084747314
accuracy_test/concepts:	98.8239974975586
map_test/concepts:	0.9682337552309036
accuracy_test/nuisances_task:	1.4290968271402211
accuracy_test/nuisances_nontask:	0.0
mutual_inf_test/nuisances_task:	0.06512188965044036
mutual_inf_test/nuisances_nontask:	0.0

Epoch 61
losses_train/task:	0.26186493039131165
losses_train/concepts:	2.2907602787017822
losses_train/representations:	1.9401572942733765
losses_train/total:	0.6849567890167236
losses_test/task:	0.2561424672603607
losses_test/concepts:	1.8050651550292969
losses_test/representations:	1.885353684425354
losses_test/total:	0.6251842975616455
calibration_test/ece:	0.029160967096686363
calibration_test/brier:	0.10024694353342056
accuracy_test/task:	93.47735074939295
accuracy_test/concepts:	98.8080825805664
map_test/concepts:	0.9683973759412765

Epoch 62
losses_train/task:	0.2614772915840149
losses_train/concepts:	2.280156373977661
losses_train/representations:	1.9538002014160156
losses_train/total:	0.684873104095459
losses_test/task:	0.26277199387550354
losses_test/concepts:	1.9102389812469482
losses_test/representations:	1.8708654642105103
losses_test/total:	0.6408825516700745
calibration_test/ece:	0.029605844989418983
calibration_test/brier:	0.10049723088741302
accuracy_test/task:	93.61969354433559
accuracy_test/concepts:	98.8298568725586
map_test/concepts:	0.9677481889724732

Epoch 63
losses_train/task:	0.25109273195266724
losses_train/concepts:	2.166938304901123
losses_train/representations:	1.876887321472168
losses_train/total:	0.6554751396179199
losses_test/task:	0.2614942491054535
losses_test/concepts:	1.9168436527252197
losses_test/representations:	1.8849893808364868
losses_test/total:	0.6416774988174438
calibration_test/ece:	0.029432540759444237
calibration_test/brier:	0.10039447993040085
accuracy_test/task:	93.58620112199615
accuracy_test/concepts:	98.8160400390625
map_test/concepts:	0.9671045005321502

Epoch 64
losses_train/task:	0.25658074021339417
losses_train/concepts:	2.2129926681518555
losses_train/representations:	1.8808555603027344
losses_train/total:	0.665965735912323
losses_test/task:	0.257588267326355
losses_test/concepts:	1.9753620624542236
losses_test/representations:	1.8619661331176758
losses_test/total:	0.6413209438323975
calibration_test/ece:	0.030204076319932938
calibration_test/brier:	0.09950827062129974
accuracy_test/task:	93.56108180524157
accuracy_test/concepts:	98.83613586425781
map_test/concepts:	0.9680539965629578

Epoch 65
losses_train/task:	0.2448977679014206
losses_train/concepts:	2.138509750366211
losses_train/representations:	1.8449686765670776
losses_train/total:	0.6432457566261292
losses_test/task:	0.25224125385284424
losses_test/concepts:	1.930069923400879
losses_test/representations:	1.8308137655258179
losses_test/total:	0.6283294558525085
calibration_test/ece:	0.028614263981580734
calibration_test/brier:	0.0974789559841156
accuracy_test/task:	93.77878255044796
accuracy_test/concepts:	98.83990478515625
map_test/concepts:	0.967704227566719

Epoch 66
losses_train/task:	0.25589844584465027
losses_train/concepts:	2.232313871383667
losses_train/representations:	1.88446843624115
losses_train/total:	0.6675765514373779
losses_test/task:	0.25664639472961426
losses_test/concepts:	1.878435492515564
losses_test/representations:	1.8724385499954224
losses_test/total:	0.6317338943481445
calibration_test/ece:	0.030065152794122696
calibration_test/brier:	0.09885050356388092
accuracy_test/task:	93.74529012810852
accuracy_test/concepts:	98.8269271850586
map_test/concepts:	0.9681803494691849

Epoch 67
losses_train/task:	0.2481371909379959
losses_train/concepts:	2.21693754196167
losses_train/representations:	1.8590240478515625
losses_train/total:	0.6557334065437317
losses_test/task:	0.25566548109054565
losses_test/concepts:	1.8581122159957886
losses_test/representations:	1.8530545234680176
losses_test/total:	0.6267820596694946
calibration_test/ece:	0.030443262308835983
calibration_test/brier:	0.09878647327423096
accuracy_test/task:	93.76203633927824
accuracy_test/concepts:	98.84492492675781
map_test/concepts:	0.9680823236703873

Epoch 68
losses_train/task:	0.24603062868118286
losses_train/concepts:	2.099404811859131
losses_train/representations:	1.821578025817871
losses_train/total:	0.6381289958953857
losses_test/task:	0.25687623023986816
losses_test/concepts:	2.0770680904388428
losses_test/representations:	1.8080222606658936
losses_test/total:	0.6453851461410522
calibration_test/ece:	0.03036598488688469
calibration_test/brier:	0.09813901036977768
accuracy_test/task:	93.75366323369337
accuracy_test/concepts:	98.8687973022461
map_test/concepts:	0.9678816199302673

Epoch 69
losses_train/task:	0.25205934047698975
losses_train/concepts:	2.204932451248169
losses_train/representations:	1.8451118469238281
losses_train/total:	0.6570637822151184
losses_test/task:	0.26239365339279175
losses_test/concepts:	2.071011543273926
losses_test/representations:	1.8435150384902954
losses_test/total:	0.6538463830947876
calibration_test/ece:	0.03158874809741974
calibration_test/brier:	0.10033079981803894
accuracy_test/task:	93.61969354433559
accuracy_test/concepts:	98.84828186035156
map_test/concepts:	0.9673134058713913

Epoch 70
losses_train/task:	0.24308033287525177
losses_train/concepts:	2.098271369934082
losses_train/representations:	1.81855046749115
losses_train/total:	0.6347624063491821
losses_test/task:	0.2558637261390686
losses_test/concepts:	1.9945892095565796
losses_test/representations:	1.8032649755477905
losses_test/total:	0.6356491446495056
calibration_test/ece:	0.02965349517762661
calibration_test/brier:	0.09814780950546265
accuracy_test/task:	93.8122749727874
accuracy_test/concepts:	98.85330200195312
map_test/concepts:	0.9700314164161682

Epoch 71
losses_train/task:	0.2466868907213211
losses_train/concepts:	2.136234998703003
losses_train/representations:	1.826035737991333
losses_train/total:	0.6429140567779541
losses_test/task:	0.2546454668045044
losses_test/concepts:	1.9506231546401978
losses_test/representations:	1.8133760690689087
losses_test/total:	0.6310455203056335
calibration_test/ece:	0.029558513313531876
calibration_test/brier:	0.09790482372045517
accuracy_test/task:	93.8122749727874
accuracy_test/concepts:	98.8771743774414
map_test/concepts:	0.9696018636226654

Epoch 72
losses_train/task:	0.2442454844713211
losses_train/concepts:	2.1270740032196045
losses_train/representations:	1.830281138420105
losses_train/total:	0.639981210231781
losses_test/task:	0.2610408365726471
losses_test/concepts:	2.027665853500366
losses_test/representations:	1.8456549644470215
losses_test/total:	0.648373007774353
calibration_test/ece:	0.03150726109743118
calibration_test/brier:	0.09917280077934265
accuracy_test/task:	93.76203633927824
accuracy_test/concepts:	98.8415756225586
map_test/concepts:	0.968650221824646

Epoch 73
losses_train/task:	0.24080471694469452
losses_train/concepts:	2.0992484092712402
losses_train/representations:	1.7697322368621826
losses_train/total:	0.6277030110359192
losses_test/task:	0.25617510080337524
losses_test/concepts:	1.7520443201065063
losses_test/representations:	1.8514235019683838
losses_test/total:	0.6165220737457275
calibration_test/ece:	0.031080152839422226
calibration_test/brier:	0.09917015582323074
accuracy_test/task:	93.64481286109017
accuracy_test/concepts:	98.85414123535156
map_test/concepts:	0.967506593465805

Epoch 74
losses_train/task:	0.24493049085140228
losses_train/concepts:	2.1709494590759277
losses_train/representations:	1.821062684059143
losses_train/total:	0.6441318392753601
losses_test/task:	0.25573763251304626
losses_test/concepts:	1.8381171226501465
losses_test/representations:	1.8389252424240112
losses_test/total:	0.6234419345855713
calibration_test/ece:	0.03116893768310547
calibration_test/brier:	0.09817828238010406
accuracy_test/task:	93.71179770576907
accuracy_test/concepts:	98.85414123535156
map_test/concepts:	0.9668544262647629

Epoch 75
losses_train/task:	0.2313893884420395
losses_train/concepts:	2.0312817096710205
losses_train/representations:	1.7706009149551392
losses_train/total:	0.6115776300430298
losses_test/task:	0.25378087162971497
losses_test/concepts:	2.0197367668151855
losses_test/representations:	1.7789461612701416
losses_test/total:	0.6336491703987122
calibration_test/ece:	0.030902769416570663
calibration_test/brier:	0.09719514846801758
accuracy_test/task:	93.75366323369337
accuracy_test/concepts:	98.86962890625
map_test/concepts:	0.9677406877279282

Epoch 76
losses_train/task:	0.23544961214065552
losses_train/concepts:	2.1264564990997314
losses_train/representations:	1.7810096740722656
losses_train/total:	0.6261963844299316
losses_test/task:	0.25688618421554565
losses_test/concepts:	1.7737902402877808
losses_test/representations:	1.8812589645385742
losses_test/total:	0.622390866279602
calibration_test/ece:	0.033146437257528305
calibration_test/brier:	0.09902103245258331
accuracy_test/task:	93.47735074939295
accuracy_test/concepts:	98.84786224365234
map_test/concepts:	0.9665557473897934

Epoch 77
losses_train/task:	0.23553280532360077
losses_train/concepts:	2.0523223876953125
losses_train/representations:	1.772053837776184
losses_train/total:	0.6179704666137695
losses_test/task:	0.2611311078071594
losses_test/concepts:	2.190072774887085
losses_test/representations:	1.7956548929214478
losses_test/total:	0.6597036719322205
calibration_test/ece:	0.03281821310520172
calibration_test/brier:	0.09901119768619537
accuracy_test/task:	93.6615590722599
accuracy_test/concepts:	98.8801040649414
map_test/concepts:	0.9679810374975204

Epoch 78
losses_train/task:	0.23973272740840912
losses_train/concepts:	2.0499212741851807
losses_train/representations:	1.777750849723816
losses_train/total:	0.622499942779541
losses_test/task:	0.2579553425312042
losses_test/concepts:	2.3026890754699707
losses_test/representations:	1.7894535064697266
losses_test/total:	0.6671696901321411
calibration_test/ece:	0.03124280832707882
calibration_test/brier:	0.09791229665279388
accuracy_test/task:	93.77878255044796
accuracy_test/concepts:	98.89434814453125
map_test/concepts:	0.9681388139724731

Epoch 79
losses_train/task:	0.23592962324619293
losses_train/concepts:	2.1319937705993652
losses_train/representations:	1.7685325145721436
losses_train/total:	0.625982403755188
losses_test/task:	0.25265955924987793
losses_test/concepts:	2.087449073791504
losses_test/representations:	1.7786208391189575
losses_test/total:	0.6392667293548584
calibration_test/ece:	0.031014544889330864
calibration_test/brier:	0.09667326509952545
accuracy_test/task:	93.77878255044796
accuracy_test/concepts:	98.88511657714844
map_test/concepts:	0.9696715146303176

Epoch 80
losses_train/task:	0.2395852953195572
losses_train/concepts:	2.1589832305908203
losses_train/representations:	1.81187903881073
losses_train/total:	0.6366713643074036
losses_test/task:	0.2602936625480652
losses_test/concepts:	2.03216814994812
losses_test/representations:	1.8411506414413452
losses_test/total:	0.647625744342804
calibration_test/ece:	0.03247956931591034
calibration_test/brier:	0.09936092048883438
accuracy_test/task:	93.7034246001842
accuracy_test/concepts:	98.8562240600586
map_test/concepts:	0.9684562623500824

Epoch 81
losses_train/task:	0.23407237231731415
losses_train/concepts:	2.0515060424804688
losses_train/representations:	1.7369779348373413
losses_train/total:	0.612920880317688
losses_test/task:	0.2582155168056488
losses_test/concepts:	2.252372980117798
losses_test/representations:	1.7739286422729492
losses_test/total:	0.6608458161354065
calibration_test/ece:	0.03202636539936066
calibration_test/brier:	0.09840937703847885
accuracy_test/task:	93.8122749727874
accuracy_test/concepts:	98.88469696044922
map_test/concepts:	0.9686150252819061

Epoch 82
losses_train/task:	0.23281079530715942
losses_train/concepts:	2.022472381591797
losses_train/representations:	1.749050259590149
losses_train/total:	0.6099629998207092
losses_test/task:	0.2572217881679535
losses_test/concepts:	2.2083547115325928
losses_test/representations:	1.7655645608901978
losses_test/total:	0.654613733291626
calibration_test/ece:	0.03028179705142975
calibration_test/brier:	0.09667684882879257
accuracy_test/task:	93.78715565603282
accuracy_test/concepts:	98.87422943115234
map_test/concepts:	0.9675677359104157

Epoch 83
losses_train/task:	0.2308616042137146
losses_train/concepts:	2.0002479553222656
losses_train/representations:	1.7177760601043701
losses_train/total:	0.6026638746261597
losses_test/task:	0.25283217430114746
losses_test/concepts:	2.317370891571045
losses_test/representations:	1.7706242799758911
losses_test/total:	0.6616315841674805
calibration_test/ece:	0.03014943189918995
calibration_test/brier:	0.09644360840320587
accuracy_test/task:	93.87925981746629
accuracy_test/concepts:	98.88804626464844
map_test/concepts:	0.9681457072496414

Epoch 84
losses_train/task:	0.2251684069633484
losses_train/concepts:	1.9994937181472778
losses_train/representations:	1.7246814966201782
losses_train/total:	0.5975859761238098
losses_test/task:	0.25786644220352173
losses_test/concepts:	1.9831072092056274
losses_test/representations:	1.834260106086731
losses_test/total:	0.639603316783905
calibration_test/ece:	0.030798424035310745
calibration_test/brier:	0.09804635494947433
accuracy_test/task:	93.79552876161769
accuracy_test/concepts:	98.84368133544922
map_test/concepts:	0.9643778502941132

Epoch 85
losses_train/task:	0.23342713713645935
losses_train/concepts:	1.9954283237457275
losses_train/representations:	1.7379741668701172
losses_train/total:	0.6067674160003662
losses_test/task:	0.26094409823417664
losses_test/concepts:	2.516965866088867
losses_test/representations:	1.800520658493042
losses_test/total:	0.6926928162574768
calibration_test/ece:	0.030342942103743553
calibration_test/brier:	0.0978144034743309
accuracy_test/task:	93.86251360629657
accuracy_test/concepts:	98.88469696044922
map_test/concepts:	0.9674523800611496

Epoch 86
losses_train/task:	0.22454656660556793
losses_train/concepts:	1.987727403640747
losses_train/representations:	1.6927722692489624
losses_train/total:	0.5925962924957275
losses_test/task:	0.2593715488910675
losses_test/concepts:	3.024728775024414
losses_test/representations:	1.7539830207824707
losses_test/total:	0.7372426390647888
calibration_test/ece:	0.03217940032482147
calibration_test/brier:	0.09748069941997528
accuracy_test/task:	93.7704094448631
accuracy_test/concepts:	98.89808654785156
map_test/concepts:	0.9674866080284119

Epoch 87
losses_train/task:	0.22686944901943207
losses_train/concepts:	1.9577974081039429
losses_train/representations:	1.6938691139221191
losses_train/total:	0.5920358896255493
losses_test/task:	0.25487956404685974
losses_test/concepts:	2.230654001235962
losses_test/representations:	1.766577959060669
losses_test/total:	0.6546028852462769
calibration_test/ece:	0.03036241978406906
calibration_test/brier:	0.09616748243570328
accuracy_test/task:	93.85414050071171
accuracy_test/concepts:	98.88722229003906
map_test/concepts:	0.9671828210353851

Epoch 88
losses_train/task:	0.22576896846294403
losses_train/concepts:	2.031827688217163
losses_train/representations:	1.7226126194000244
losses_train/total:	0.6012129783630371
losses_test/task:	0.2567093074321747
losses_test/concepts:	2.2447540760040283
losses_test/representations:	1.7876359224319458
losses_test/total:	0.6599482893943787
calibration_test/ece:	0.030319465324282646
calibration_test/brier:	0.09670431166887283
accuracy_test/task:	93.83739428954199
accuracy_test/concepts:	98.87255859375
map_test/concepts:	0.9662749588489532

Epoch 89
losses_train/task:	0.2176501750946045
losses_train/concepts:	1.9511646032333374
losses_train/representations:	1.6721545457839966
losses_train/total:	0.5799819231033325
losses_test/task:	0.26329943537712097
losses_test/concepts:	2.3128833770751953
losses_test/representations:	1.8066892623901367
losses_test/total:	0.6752567291259766
calibration_test/ece:	0.03201524168252945
calibration_test/brier:	0.09868966042995453
accuracy_test/task:	93.7704094448631
accuracy_test/concepts:	98.8733901977539
map_test/concepts:	0.9659124344587326

Epoch 90
losses_train/task:	0.22680869698524475
losses_train/concepts:	1.966996669769287
losses_train/representations:	1.7328113317489624
losses_train/total:	0.5967895984649658
losses_test/task:	0.2622872292995453
losses_test/concepts:	2.4477224349975586
losses_test/representations:	1.7753931283950806
losses_test/total:	0.6845988035202026
calibration_test/ece:	0.031538717448711395
calibration_test/brier:	0.09811457246541977
accuracy_test/task:	93.7704094448631
accuracy_test/concepts:	98.87548828125
map_test/concepts:	0.9668500900268555

Epoch 91
losses_train/task:	0.2238069325685501
losses_train/concepts:	1.957533597946167
losses_train/representations:	1.6849329471588135
losses_train/total:	0.5880536437034607
losses_test/task:	0.2633167505264282
losses_test/concepts:	1.9849854707717896
losses_test/representations:	1.8561100959777832
losses_test/total:	0.6474264860153198
calibration_test/ece:	0.03414325416088104
calibration_test/brier:	0.100687675178051
accuracy_test/task:	93.53596248848697
accuracy_test/concepts:	98.86376953125
map_test/concepts:	0.9665640532970429

Epoch 92
losses_train/task:	0.21729212999343872
losses_train/concepts:	1.917061448097229
losses_train/representations:	1.68753981590271
losses_train/total:	0.5777522921562195
losses_test/task:	0.2595598101615906
losses_test/concepts:	2.139660596847534
losses_test/representations:	1.7608311176300049
losses_test/total:	0.649608850479126
calibration_test/ece:	0.03098621405661106
calibration_test/brier:	0.09688493609428406
accuracy_test/task:	93.90437913422089
accuracy_test/concepts:	98.88763427734375
map_test/concepts:	0.9684216290712356

Epoch 93
losses_train/task:	0.22642821073532104
losses_train/concepts:	1.995410442352295
losses_train/representations:	1.7161785364151
losses_train/total:	0.5975870490074158
losses_test/task:	0.2560172379016876
losses_test/concepts:	2.1852829456329346
losses_test/representations:	1.7802855968475342
losses_test/total:	0.6525741815567017
calibration_test/ece:	0.03117927350103855
calibration_test/brier:	0.09638103097677231
accuracy_test/task:	93.87925981746629
accuracy_test/concepts:	98.88426208496094
map_test/concepts:	0.9671511948108673

Epoch 94
losses_train/task:	0.22766180336475372
losses_train/concepts:	1.9743499755859375
losses_train/representations:	1.7106084823608398
losses_train/total:	0.5961575508117676
losses_test/task:	0.25347986817359924
losses_test/concepts:	2.122063398361206
losses_test/representations:	1.7842758893966675
losses_test/total:	0.6441138982772827
calibration_test/ece:	0.031543903052806854
calibration_test/brier:	0.09581291675567627
accuracy_test/task:	93.89600602863602
accuracy_test/concepts:	98.90229034423828
map_test/concepts:	0.967647722363472

Epoch 95
losses_train/task:	0.2296835035085678
losses_train/concepts:	2.0530638694763184
losses_train/representations:	1.7024420499801636
losses_train/total:	0.6052342057228088
losses_test/task:	0.25199297070503235
losses_test/concepts:	1.988723874092102
losses_test/representations:	1.78340482711792
losses_test/total:	0.6292058229446411
calibration_test/ece:	0.03060341626405716
calibration_test/brier:	0.0959339365363121
accuracy_test/task:	93.72854391693879
accuracy_test/concepts:	98.89308166503906
map_test/concepts:	0.967270964384079

Epoch 96
losses_train/task:	0.22169922292232513
losses_train/concepts:	1.9736329317092896
losses_train/representations:	1.6824125051498413
losses_train/total:	0.5873036980628967
losses_test/task:	0.261595219373703
losses_test/concepts:	2.3531830310821533
losses_test/representations:	1.7743420600891113
losses_test/total:	0.6743475794792175
calibration_test/ece:	0.033254045993089676
calibration_test/brier:	0.09902211278676987
accuracy_test/task:	93.72017081135394
accuracy_test/concepts:	98.88890075683594
map_test/concepts:	0.9659670531749726

Epoch 97
losses_train/task:	0.22253930568695068
losses_train/concepts:	1.910956621170044
losses_train/representations:	1.6579830646514893
losses_train/total:	0.5794333815574646
losses_test/task:	0.2587263286113739
losses_test/concepts:	2.5504939556121826
losses_test/representations:	1.7510606050491333
losses_test/total:	0.6888816952705383
calibration_test/ece:	0.03083617240190506
calibration_test/brier:	0.09669097512960434
accuracy_test/task:	93.9211253453906
accuracy_test/concepts:	98.9114990234375
map_test/concepts:	0.9661521345376969

Epoch 98
losses_train/task:	0.21558359265327454
losses_train/concepts:	1.926009178161621
losses_train/representations:	1.6442912817001343
losses_train/total:	0.572613537311554
losses_test/task:	0.25290727615356445
losses_test/concepts:	2.308006525039673
losses_test/representations:	1.7423101663589478
losses_test/total:	0.657939076423645
calibration_test/ece:	0.029862241819500923
calibration_test/brier:	0.09502619504928589
accuracy_test/task:	94.08858745708784
accuracy_test/concepts:	98.91442108154297
map_test/concepts:	0.9682551503181458

Epoch 99
losses_train/task:	0.22160044312477112
losses_train/concepts:	1.8923208713531494
losses_train/representations:	1.621767282485962
losses_train/total:	0.5730090141296387
losses_test/task:	0.2544342577457428
losses_test/concepts:	2.5058603286743164
losses_test/representations:	1.713901400566101
losses_test/total:	0.6764102578163147
calibration_test/ece:	0.03164977580308914
calibration_test/brier:	0.0960237979888916
accuracy_test/task:	93.91275223980574
accuracy_test/concepts:	98.91777038574219
map_test/concepts:	0.9681873679161072

Epoch 100
losses_train/task:	0.20649346709251404
losses_train/concepts:	1.822919487953186
losses_train/representations:	1.5936799049377441
losses_train/total:	0.5481535196304321
losses_test/task:	0.257943332195282
losses_test/concepts:	2.582827091217041
losses_test/representations:	1.7424330711364746
losses_test/total:	0.69046950340271
calibration_test/ece:	0.03225952014327049
calibration_test/brier:	0.0968836173415184
accuracy_test/task:	93.91275223980574
accuracy_test/concepts:	98.91651916503906
map_test/concepts:	0.9678199738264084

Epoch 101
losses_train/task:	0.21221067011356354
losses_train/concepts:	1.893628478050232
losses_train/representations:	1.6132493019104004
losses_train/total:	0.5628984570503235
losses_test/task:	0.2554205358028412
losses_test/concepts:	2.438870906829834
losses_test/representations:	1.7401539087295532
losses_test/total:	0.6733231544494629
calibration_test/ece:	0.03340611234307289
calibration_test/brier:	0.09614313393831253
accuracy_test/task:	93.87925981746629
accuracy_test/concepts:	98.92154693603516
map_test/concepts:	0.9671448260545731

Epoch 102
losses_train/task:	0.21703751385211945
losses_train/concepts:	1.923561453819275
losses_train/representations:	1.6263190507888794
losses_train/total:	0.5720254778862
losses_test/task:	0.2557879090309143
losses_test/concepts:	2.4659180641174316
losses_test/representations:	1.7434576749801636
losses_test/total:	0.6767253875732422
calibration_test/ece:	0.03238671272993088
calibration_test/brier:	0.09624000638723373
accuracy_test/task:	93.87088671188144
accuracy_test/concepts:	98.91651153564453
map_test/concepts:	0.9677302807569503

Epoch 103
losses_train/task:	0.20600193738937378
losses_train/concepts:	1.7612318992614746
losses_train/representations:	1.5877169370651245
losses_train/total:	0.5408967733383179
losses_test/task:	0.25566965341567993
losses_test/concepts:	2.5940146446228027
losses_test/representations:	1.7079033851623535
losses_test/total:	0.685861349105835
calibration_test/ece:	0.03178831562399864
calibration_test/brier:	0.09601828455924988
accuracy_test/task:	93.92949845097547
accuracy_test/concepts:	98.9165267944336
map_test/concepts:	0.9670596718788147

Epoch 104
losses_train/task:	0.20348094403743744
losses_train/concepts:	1.8472565412521362
losses_train/representations:	1.5683404207229614
losses_train/total:	0.5450407266616821
losses_test/task:	0.25248149037361145
losses_test/concepts:	2.648900032043457
losses_test/representations:	1.7071386575698853
losses_test/total:	0.6880855560302734
calibration_test/ece:	0.03188955783843994
calibration_test/brier:	0.09511910378932953
accuracy_test/task:	93.92949845097547
accuracy_test/concepts:	98.92362976074219
map_test/concepts:	0.9677036434412003

Epoch 105
losses_train/task:	0.21638034284114838
losses_train/concepts:	1.9699554443359375
losses_train/representations:	1.6177120208740234
losses_train/total:	0.5751470923423767
losses_test/task:	0.2515759766101837
losses_test/concepts:	2.437471628189087
losses_test/representations:	1.7352073192596436
losses_test/total:	0.6688440442085266
calibration_test/ece:	0.031982094049453735
calibration_test/brier:	0.09458217024803162
accuracy_test/task:	93.9211253453906
accuracy_test/concepts:	98.92195892333984
map_test/concepts:	0.9668867319822312

Epoch 106
losses_train/task:	0.206443652510643
losses_train/concepts:	1.88910973072052
losses_train/representations:	1.5961623191833496
losses_train/total:	0.5549710392951965
losses_test/task:	0.25274786353111267
losses_test/concepts:	2.407479763031006
losses_test/representations:	1.7266371250152588
losses_test/total:	0.6661596298217773
calibration_test/ece:	0.03183630853891373
calibration_test/brier:	0.09529483318328857
accuracy_test/task:	93.92949845097547
accuracy_test/concepts:	98.92070770263672
map_test/concepts:	0.9673534274101258

Epoch 107
losses_train/task:	0.20551039278507233
losses_train/concepts:	1.8522344827651978
losses_train/representations:	1.6069443225860596
losses_train/total:	0.5514283180236816
losses_test/task:	0.24905438721179962
losses_test/concepts:	2.5269062519073486
losses_test/representations:	1.6859391927719116
losses_test/total:	0.6703389883041382
calibration_test/ece:	0.0314960852265358
calibration_test/brier:	0.09376680105924606
accuracy_test/task:	93.97973708448464
accuracy_test/concepts:	98.9370346069336
map_test/concepts:	0.9681232213973999

Epoch 108
losses_train/task:	0.21561549603939056
losses_train/concepts:	1.9199960231781006
losses_train/representations:	1.6416857242584229
losses_train/total:	0.571783721446991
losses_test/task:	0.25141170620918274
losses_test/concepts:	2.5092613697052
losses_test/representations:	1.712363839149475
losses_test/total:	0.6735742092132568
calibration_test/ece:	0.03188860043883324
calibration_test/brier:	0.09485761821269989
accuracy_test/task:	93.95461776773006
accuracy_test/concepts:	98.92782592773438
map_test/concepts:	0.9675231039524078

Epoch 109
losses_train/task:	0.20678557455539703
losses_train/concepts:	1.808456540107727
losses_train/representations:	1.5777641534805298
losses_train/total:	0.5454076528549194
losses_test/task:	0.25194960832595825
losses_test/concepts:	2.755427837371826
losses_test/representations:	1.7033190727233887
losses_test/total:	0.6978243589401245
calibration_test/ece:	0.0319998525083065
calibration_test/brier:	0.09485118091106415
accuracy_test/task:	93.93787155656032
accuracy_test/concepts:	98.91902923583984
map_test/concepts:	0.9678200095891952

Epoch 110
losses_train/task:	0.193898543715477
losses_train/concepts:	1.7123059034347534
losses_train/representations:	1.5257716178894043
losses_train/total:	0.5177058577537537
losses_test/task:	0.2540547549724579
losses_test/concepts:	2.6859939098358154
losses_test/representations:	1.696697473526001
losses_test/total:	0.6923240423202515
calibration_test/ece:	0.032364800572395325
calibration_test/brier:	0.09534655511379242
accuracy_test/task:	93.91275223980574
accuracy_test/concepts:	98.93284606933594
map_test/concepts:	0.9669881582260131

Epoch 111
losses_train/task:	0.21154244244098663
losses_train/concepts:	1.9025017023086548
losses_train/representations:	1.5905871391296387
losses_train/total:	0.5608513355255127
losses_test/task:	0.24976608157157898
losses_test/concepts:	2.7941672801971436
losses_test/representations:	1.654858112335205
losses_test/total:	0.694668710231781
calibration_test/ece:	0.03159458562731743
calibration_test/brier:	0.0941123366355896
accuracy_test/task:	93.93787155656032
accuracy_test/concepts:	98.94163513183594
map_test/concepts:	0.9681203395128251

Epoch 112
losses_train/task:	0.20306801795959473
losses_train/concepts:	1.8303344249725342
losses_train/representations:	1.5579392910003662
losses_train/total:	0.54189532995224
losses_test/task:	0.2508375644683838
losses_test/concepts:	2.5703177452087402
losses_test/representations:	1.7077175378799438
losses_test/total:	0.6786409616470337
calibration_test/ece:	0.03135441988706589
calibration_test/brier:	0.09420499205589294
accuracy_test/task:	94.0299757179938
accuracy_test/concepts:	98.93118286132812
map_test/concepts:	0.9680244207382203

Epoch 113
losses_train/task:	0.20360536873340607
losses_train/concepts:	1.8083165884017944
losses_train/representations:	1.5855865478515625
losses_train/total:	0.5429956912994385
losses_test/task:	0.2522335648536682
losses_test/concepts:	2.7032454013824463
losses_test/representations:	1.7071008682250977
losses_test/total:	0.6932681202888489
calibration_test/ece:	0.03207417204976082
calibration_test/brier:	0.09497512131929398
accuracy_test/task:	93.97973708448464
accuracy_test/concepts:	98.92488861083984
map_test/concepts:	0.9675814300775528

Epoch 114
losses_train/task:	0.20225787162780762
losses_train/concepts:	1.788159966468811
losses_train/representations:	1.5652087926864624
losses_train/total:	0.5375949740409851
losses_test/task:	0.2499767541885376
losses_test/concepts:	2.580832004547119
losses_test/representations:	1.6895253658294678
losses_test/total:	0.6770123839378357
calibration_test/ece:	0.03136369585990906
calibration_test/brier:	0.09450443834066391
accuracy_test/task:	94.03834882357866
accuracy_test/concepts:	98.93034362792969
map_test/concepts:	0.967475751042366

Epoch 115
losses_train/task:	0.19712814688682556
losses_train/concepts:	1.7866994142532349
losses_train/representations:	1.5430707931518555
losses_train/total:	0.5301051139831543
losses_test/task:	0.24971768260002136
losses_test/concepts:	2.620577573776245
losses_test/representations:	1.6939268112182617
losses_test/total:	0.681168258190155
calibration_test/ece:	0.03211430832743645
calibration_test/brier:	0.09435738623142242
accuracy_test/task:	93.97136397889977
accuracy_test/concepts:	98.93954467773438
map_test/concepts:	0.9680084854364395

Epoch 116
losses_train/task:	0.20187491178512573
losses_train/concepts:	1.8264223337173462
losses_train/representations:	1.5489263534545898
losses_train/total:	0.5394096970558167
losses_test/task:	0.25109532475471497
losses_test/concepts:	2.6381354331970215
losses_test/representations:	1.691947102546692
losses_test/total:	0.6841034889221191
calibration_test/ece:	0.03239303082227707
calibration_test/brier:	0.09458772838115692
accuracy_test/task:	93.92949845097547
accuracy_test/concepts:	98.92153930664062
map_test/concepts:	0.9679156512022018

Epoch 117
losses_train/task:	0.20549917221069336
losses_train/concepts:	1.8387789726257324
losses_train/representations:	1.5701848268508911
losses_train/total:	0.5463954210281372
losses_test/task:	0.24831458926200867
losses_test/concepts:	2.577873706817627
losses_test/representations:	1.6813410520553589
losses_test/total:	0.674235999584198
calibration_test/ece:	0.03190092369914055
calibration_test/brier:	0.09408589452505112
accuracy_test/task:	93.97136397889977
accuracy_test/concepts:	98.94456481933594
map_test/concepts:	0.9686982214450837

Epoch 118
losses_train/task:	0.20417754352092743
losses_train/concepts:	1.7969874143600464
losses_train/representations:	1.5538192987442017
losses_train/total:	0.5392583608627319
losses_test/task:	0.25027981400489807
losses_test/concepts:	2.594492197036743
losses_test/representations:	1.6859424114227295
losses_test/total:	0.6783232092857361
calibration_test/ece:	0.031863704323768616
calibration_test/brier:	0.09428591281175613
accuracy_test/task:	93.96299087331491
accuracy_test/concepts:	98.93953704833984
map_test/concepts:	0.9678434252738952

Epoch 119
losses_train/task:	0.20253920555114746
losses_train/concepts:	1.8247606754302979
losses_train/representations:	1.5663810968399048
losses_train/total:	0.5416533946990967
losses_test/task:	0.24744977056980133
losses_test/concepts:	2.616617202758789
losses_test/representations:	1.6753787994384766
losses_test/total:	0.6766495704650879
calibration_test/ece:	0.03198274224996567
calibration_test/brier:	0.09378430247306824
accuracy_test/task:	93.95461776773006
accuracy_test/concepts:	98.94499206542969
map_test/concepts:	0.9683773785829544

Epoch 120
losses_train/task:	0.20362204313278198
losses_train/concepts:	1.8547534942626953
losses_train/representations:	1.5842589139938354
losses_train/total:	0.5475233793258667
losses_test/task:	0.2502008080482483
losses_test/concepts:	2.671811819076538
losses_test/representations:	1.680572748184204
losses_test/total:	0.6854392886161804
calibration_train/ece:	0.005251315422356129
calibration_train/brier:	0.054640255868434906
accuracy_train/task:	96.10164141414141
calibration_test/ece:	0.0324297770857811
calibration_test/brier:	0.09460650384426117
accuracy_test/task:	93.90437913422089
accuracy_train/concepts:	99.1575927734375
map_train/concepts:	0.9903793096542358
accuracy_test/concepts:	98.94205474853516
map_test/concepts:	0.9687055557966232
accuracy_test/nuisances_task:	1.415699812082144
accuracy_test/nuisances_nontask:	0.0
mutual_inf_test/nuisances_task:	0.0667572235317659
mutual_inf_test/nuisances_nontask:	0.0

epoch_120.pt
groups=0 err_lowconf=6.096 err_random=6.096
groups=1 err_lowconf=5.710 err_random=5.710
groups=2 err_lowconf=4.748 err_random=4.748
groups=3 err_lowconf=4.371 err_random=4.371
groups=4 err_lowconf=4.312 err_random=4.312
groups=5 err_lowconf=4.086 err_random=4.086
groups=6 err_lowconf=3.475 err_random=3.475
groups=7 err_lowconf=5.141 err_random=5.141
groups=8 err_lowconf=4.957 err_random=4.957
groups=9 err_lowconf=5.309 err_random=5.309
groups=10 err_lowconf=5.652 err_random=5.652
groups=11 err_lowconf=6.020 err_random=6.020
groups=12 err_lowconf=7.326 err_random=7.326
groups=13 err_lowconf=7.360 err_random=7.360
groups=14 err_lowconf=7.251 err_random=7.251
groups=15 err_lowconf=7.301 err_random=7.301
groups=16 err_lowconf=7.636 err_random=7.636
groups=17 err_lowconf=7.653 err_random=7.653
groups=18 err_lowconf=9.319 err_random=9.319
groups=19 err_lowconf=9.319 err_random=9.319
groups=20 err_lowconf=9.286 err_random=9.286
[1;34mwandb[0m:
[1;34mwandb[0m: You can sync this run to the cloud by running:
[1;34mwandb[0m: [1mwandb sync /research/hal-afsharim/minimal_cbm/results/awa2-mcbm-01/42/wandb/offline-run-20260726_204001-fk3rt7h7[0m
[1;34mwandb[0m: Find logs at: [1;35mresults/awa2-mcbm-01/42/wandb/offline-run-20260726_204001-fk3rt7h7/logs[0m
