wandb: Using wandb-core as the SDK backend.  Please refer to https://wandb.me/wandb-core for more information.
wandb: Tracking run with wandb version 0.19.0
wandb: W&B syncing is set to `offline` in this directory.  
wandb: Run `wandb online` or set WANDB_MODE=online to enable cloud syncing.
Epoch 1
losses_train/task:	1.8436269760131836
losses_train/concepts:	13.766585350036621
losses_train/representations:	16.989946365356445
losses_train/total:	32.600154876708984
losses_test/task:	1.8129997253417969
losses_test/concepts:	12.489779472351074
losses_test/representations:	14.634547233581543
losses_test/total:	28.937326431274414
calibration_test/ece:	0.05133612081408501
calibration_test/brier:	0.8406174778938293
accuracy_test/task:	18.238425925925927
accuracy_test/concepts:	64.30918884277344
map_test/concepts:	0.47048412689140867

Epoch 2
losses_train/task:	1.796800971031189
losses_train/concepts:	10.952256202697754
losses_train/representations:	9.535134315490723
losses_train/total:	22.28419303894043
losses_test/task:	1.7782312631607056
losses_test/concepts:	10.52462387084961
losses_test/representations:	13.223196029663086
losses_test/total:	25.52604866027832
calibration_test/ece:	0.021695036441087723
calibration_test/brier:	0.8290187120437622
accuracy_test/task:	19.64351851851852
accuracy_test/concepts:	69.88094329833984
map_test/concepts:	0.6298916212150029

Epoch 3
losses_train/task:	1.7797945737838745
losses_train/concepts:	8.550238609313965
losses_train/representations:	7.522930145263672
losses_train/total:	17.852962493896484
losses_test/task:	1.77169668674469
losses_test/concepts:	8.293599128723145
losses_test/representations:	8.491559028625488
losses_test/total:	18.55685806274414
calibration_test/ece:	0.02097901701927185
calibration_test/brier:	0.8267488479614258
accuracy_test/task:	20.18287037037037
accuracy_test/concepts:	81.46990966796875
map_test/concepts:	0.7593374720641545

Epoch 4
losses_train/task:	1.7329447269439697
losses_train/concepts:	7.302731513977051
losses_train/representations:	6.269552230834961
losses_train/total:	15.305231094360352
losses_test/task:	1.6982580423355103
losses_test/concepts:	6.80234432220459
losses_test/representations:	6.7952728271484375
losses_test/total:	15.295872688293457
calibration_test/ece:	0.02264312468469143
calibration_test/brier:	0.8025080561637878
accuracy_test/task:	25.34027777777778
accuracy_test/concepts:	85.473876953125
map_test/concepts:	0.8527796183313642

Epoch 5
losses_train/task:	1.6876298189163208
losses_train/concepts:	6.090908527374268
losses_train/representations:	5.086884498596191
losses_train/total:	12.8654203414917
losses_test/task:	1.7497919797897339
losses_test/concepts:	5.736944198608398
losses_test/representations:	9.607217788696289
losses_test/total:	17.09395408630371
calibration_test/ece:	0.05268106237053871
calibration_test/brier:	0.8175320029258728
accuracy_test/task:	23.90972222222222
accuracy_test/concepts:	89.85648345947266
map_test/concepts:	0.8549778504031045

Epoch 6
losses_train/task:	1.684131383895874
losses_train/concepts:	4.672450542449951
losses_train/representations:	4.253469944000244
losses_train/total:	10.610053062438965
losses_test/task:	1.7782529592514038
losses_test/concepts:	4.736301422119141
losses_test/representations:	7.3417158126831055
losses_test/total:	13.856270790100098
calibration_test/ece:	0.048231083899736404
calibration_test/brier:	0.8276928067207336
accuracy_test/task:	22.99537037037037
accuracy_test/concepts:	91.63211822509766
map_test/concepts:	0.9506894307477134

Epoch 7
losses_train/task:	1.6813327074050903
losses_train/concepts:	3.126718044281006
losses_train/representations:	2.8431386947631836
losses_train/total:	7.651188850402832
losses_test/task:	2.11395525932312
losses_test/concepts:	6.38018798828125
losses_test/representations:	18.828968048095703
losses_test/total:	27.323110580444336
calibration_test/ece:	0.16280202567577362
calibration_test/brier:	0.9005313515663147
accuracy_test/task:	19.337962962962962
accuracy_test/concepts:	89.72404479980469
map_test/concepts:	0.9632187272821154

Epoch 8
losses_train/task:	1.6877424716949463
losses_train/concepts:	2.1690070629119873
losses_train/representations:	1.9970909357070923
losses_train/total:	5.8538408279418945
losses_test/task:	1.6977248191833496
losses_test/concepts:	1.9637399911880493
losses_test/representations:	3.5214855670928955
losses_test/total:	7.182950496673584
calibration_test/ece:	0.01757281832396984
calibration_test/brier:	0.8043786287307739
accuracy_test/task:	24.96990740740741
accuracy_test/concepts:	97.494873046875
map_test/concepts:	0.9904929399490356

Epoch 9
losses_train/task:	1.7073612213134766
losses_train/concepts:	1.6842073202133179
losses_train/representations:	1.5109339952468872
losses_train/total:	4.902502536773682
losses_test/task:	1.7140798568725586
losses_test/concepts:	1.2616496086120605
losses_test/representations:	1.9473508596420288
losses_test/total:	4.9230804443359375
calibration_test/ece:	0.04997887462377548
calibration_test/brier:	0.8098363280296326
accuracy_test/task:	21.930555555555557
accuracy_test/concepts:	98.99701690673828
map_test/concepts:	0.9975122213363647

Epoch 10
losses_train/task:	1.7236957550048828
losses_train/concepts:	1.379412055015564
losses_train/representations:	1.2303329706192017
losses_train/total:	4.333440780639648
losses_test/task:	1.7332159280776978
losses_test/concepts:	1.174553394317627
losses_test/representations:	1.6678824424743652
losses_test/total:	4.5756516456604
calibration_train/ece:	0.01248677633702755
calibration_train/brier:	0.8146715760231018
accuracy_train/task:	24.331369707661292
calibration_test/ece:	0.012374000623822212
calibration_test/brier:	0.8148840665817261
accuracy_test/task:	24.291666666666668
accuracy_train/concepts:	98.35076141357422
map_train/concepts:	0.9979763286454337
accuracy_test/concepts:	98.35185241699219
map_test/concepts:	0.9979524484702519
accuracy_test/nuisances_task:	12.187499739229679
accuracy_test/nuisances_nontask:	3.5972222685813904
mutual_inf_test/nuisances_task:	0.20738461950818277
mutual_inf_test/nuisances_nontask:	0.06412379762927112

Epoch 11
losses_train/task:	1.7328613996505737
losses_train/concepts:	1.1965123414993286
losses_train/representations:	1.1025917530059814
losses_train/total:	4.031965255737305
losses_test/task:	1.7730573415756226
losses_test/concepts:	1.8755134344100952
losses_test/representations:	4.770755290985107
losses_test/total:	8.419325828552246
calibration_test/ece:	0.03600344434380531
calibration_test/brier:	0.8279107213020325
accuracy_test/task:	21.62037037037037
accuracy_test/concepts:	95.97271728515625
map_test/concepts:	0.9986585676670074

Epoch 12
losses_train/task:	1.7401037216186523
losses_train/concepts:	1.0434433221817017
losses_train/representations:	0.9830235242843628
losses_train/total:	3.7665703296661377
losses_test/task:	1.746971845626831
losses_test/concepts:	0.8711154460906982
losses_test/representations:	1.8220934867858887
losses_test/total:	4.44018030166626
calibration_test/ece:	0.029918823391199112
calibration_test/brier:	0.8199310898780823
accuracy_test/task:	20.868055555555557
accuracy_test/concepts:	99.03719329833984
map_test/concepts:	0.9994154572486877

Epoch 13
losses_train/task:	1.7471551895141602
losses_train/concepts:	0.9191511273384094
losses_train/representations:	0.862519383430481
losses_train/total:	3.528825283050537
losses_test/task:	1.7441061735153198
losses_test/concepts:	0.6605833172798157
losses_test/representations:	1.064983606338501
losses_test/total:	3.469672918319702
calibration_test/ece:	0.005278703756630421
calibration_test/brier:	0.8177977800369263
accuracy_test/task:	23.20601851851852
accuracy_test/concepts:	99.41401672363281
map_test/concepts:	0.9994788467884064

Epoch 14
losses_train/task:	1.7509307861328125
losses_train/concepts:	0.8224347829818726
losses_train/representations:	0.766874372959137
losses_train/total:	3.340240001678467
losses_test/task:	1.7503111362457275
losses_test/concepts:	0.64704430103302
losses_test/representations:	1.2038666009902954
losses_test/total:	3.601222038269043
calibration_test/ece:	0.0047791204415261745
calibration_test/brier:	0.8197337985038757
accuracy_test/task:	22.78472222222222
accuracy_test/concepts:	99.36375427246094
map_test/concepts:	0.9987446750913348

Epoch 15
losses_train/task:	1.7533371448516846
losses_train/concepts:	0.7501187324523926
losses_train/representations:	0.7249519228935242
losses_train/total:	3.228407859802246
losses_test/task:	1.75228750705719
losses_test/concepts:	0.5457987785339355
losses_test/representations:	1.4890860319137573
losses_test/total:	3.7871718406677246
calibration_test/ece:	0.018253633752465248
calibration_test/brier:	0.8209944367408752
accuracy_test/task:	21.372685185185187
accuracy_test/concepts:	99.63045501708984
map_test/concepts:	0.9997437127998897

Epoch 16
losses_train/task:	1.7563724517822266
losses_train/concepts:	0.6852869391441345
losses_train/representations:	0.6559669971466064
losses_train/total:	3.0976269245147705
losses_test/task:	1.7507379055023193
losses_test/concepts:	0.5975075960159302
losses_test/representations:	1.2050013542175293
losses_test/total:	3.5532469749450684
calibration_test/ece:	0.01839781552553177
calibration_test/brier:	0.8194820880889893
accuracy_test/task:	24.055555555555557
accuracy_test/concepts:	99.23627471923828
map_test/concepts:	0.999472051858902

Epoch 17
losses_train/task:	1.7570205926895142
losses_train/concepts:	0.6450657844543457
losses_train/representations:	0.6283029317855835
losses_train/total:	3.0303900241851807
losses_test/task:	1.7485663890838623
losses_test/concepts:	0.4257529675960541
losses_test/representations:	0.9739295840263367
losses_test/total:	3.1482489109039307
calibration_test/ece:	0.020234813913702965
calibration_test/brier:	0.8189920783042908
accuracy_test/task:	23.560185185185187
accuracy_test/concepts:	99.70072937011719
map_test/concepts:	0.9998509926455361

Epoch 18
losses_train/task:	1.7575774192810059
losses_train/concepts:	0.5887998342514038
losses_train/representations:	0.5702855587005615
losses_train/total:	2.9166626930236816
losses_test/task:	1.7505007982254028
losses_test/concepts:	0.36479175090789795
losses_test/representations:	0.7774142622947693
losses_test/total:	2.892706871032715
calibration_test/ece:	0.015541911125183105
calibration_test/brier:	0.8195445537567139
accuracy_test/task:	23.38888888888889
accuracy_test/concepts:	99.84622955322266
map_test/concepts:	0.9998165624482291

Epoch 19
losses_train/task:	1.7564345598220825
losses_train/concepts:	0.5812973976135254
losses_train/representations:	0.6090836524963379
losses_train/total:	2.9468157291412354
losses_test/task:	1.753283977508545
losses_test/concepts:	0.44574618339538574
losses_test/representations:	1.439806342124939
losses_test/total:	3.63883638381958
calibration_test/ece:	0.020070835947990417
calibration_test/brier:	0.8201654553413391
accuracy_test/task:	24.35185185185185
accuracy_test/concepts:	99.50099182128906
map_test/concepts:	0.9992934209959847

Epoch 20
losses_train/task:	1.7576594352722168
losses_train/concepts:	0.5225285291671753
losses_train/representations:	0.5170626044273376
losses_train/total:	2.797250509262085
losses_test/task:	1.7518740892410278
losses_test/concepts:	0.32515162229537964
losses_test/representations:	0.7281856536865234
losses_test/total:	2.8052115440368652
calibration_train/ece:	0.020941073074936867
calibration_train/brier:	0.8200581669807434
accuracy_train/task:	23.854901713709676
calibration_test/ece:	0.01850716769695282
calibration_test/brier:	0.8200806379318237
accuracy_test/task:	23.60648148148148
accuracy_train/concepts:	99.86341094970703
map_train/concepts:	0.9999149697167533
accuracy_test/concepts:	99.84788513183594
map_test/concepts:	0.9998374496187482
accuracy_test/nuisances_task:	8.865740522742271
accuracy_test/nuisances_nontask:	2.9050925746560097
mutual_inf_test/nuisances_task:	0.14080891659459605
mutual_inf_test/nuisances_nontask:	0.050646184074833345

Epoch 21
losses_train/task:	1.758128046989441
losses_train/concepts:	0.48986735939979553
losses_train/representations:	0.43887659907341003
losses_train/total:	2.6868715286254883
losses_test/task:	1.7491682767868042
losses_test/concepts:	0.28530657291412354
losses_test/representations:	0.4402756690979004
losses_test/total:	2.474750280380249
calibration_test/ece:	0.013863182626664639
calibration_test/brier:	0.8191751837730408
accuracy_test/task:	23.150462962962962
accuracy_test/concepts:	99.93733215332031
map_test/concepts:	0.9998932991709027

Epoch 22
losses_train/task:	1.758888840675354
losses_train/concepts:	0.4781076908111572
losses_train/representations:	0.4211578369140625
losses_train/total:	2.658154010772705
losses_test/task:	1.7491679191589355
losses_test/concepts:	0.28401511907577515
losses_test/representations:	0.4415954351425171
losses_test/total:	2.474778413772583
calibration_test/ece:	0.01670706830918789
calibration_test/brier:	0.8191038966178894
accuracy_test/task:	23.36111111111111
accuracy_test/concepts:	99.92675018310547
map_test/concepts:	0.9998954321656909

Epoch 23
losses_train/task:	1.7584747076034546
losses_train/concepts:	0.4739169478416443
losses_train/representations:	0.41748547554016113
losses_train/total:	2.6498770713806152
losses_test/task:	1.7497285604476929
losses_test/concepts:	0.2781747877597809
losses_test/representations:	0.42587974667549133
losses_test/total:	2.4537830352783203
calibration_test/ece:	0.01629546470940113
calibration_test/brier:	0.8193088173866272
accuracy_test/task:	23.386574074074073
accuracy_test/concepts:	99.94245147705078
map_test/concepts:	0.9998957514762878

Epoch 24
losses_train/task:	1.758966326713562
losses_train/concepts:	0.47242283821105957
losses_train/representations:	0.41250428557395935
losses_train/total:	2.6438934803009033
losses_test/task:	1.7498705387115479
losses_test/concepts:	0.2819194793701172
losses_test/representations:	0.42321714758872986
losses_test/total:	2.455007314682007
calibration_test/ece:	0.017396491020917892
calibration_test/brier:	0.8193081021308899
accuracy_test/task:	23.4375
accuracy_test/concepts:	99.92493438720703
map_test/concepts:	0.9998941378934043

Epoch 25
losses_train/task:	1.758334994316101
losses_train/concepts:	0.46940600872039795
losses_train/representations:	0.41024646162986755
losses_train/total:	2.6379873752593994
losses_test/task:	1.749276876449585
losses_test/concepts:	0.27421078085899353
losses_test/representations:	0.42374539375305176
losses_test/total:	2.447232961654663
calibration_test/ece:	0.015161377377808094
calibration_test/brier:	0.8192123174667358
accuracy_test/task:	23.224537037037038
accuracy_test/concepts:	99.94659423828125
map_test/concepts:	0.9998960196971893

Epoch 26
losses_train/task:	1.7589491605758667
losses_train/concepts:	0.4661710560321808
losses_train/representations:	0.40869051218032837
losses_train/total:	2.63381028175354
losses_test/task:	1.7519469261169434
losses_test/concepts:	0.27251678705215454
losses_test/representations:	0.46446529030799866
losses_test/total:	2.488929033279419
calibration_test/ece:	0.010998206213116646
calibration_test/brier:	0.8200583457946777
accuracy_test/task:	23.050925925925927
accuracy_test/concepts:	99.95320892333984
map_test/concepts:	0.9998953342437744

Epoch 27
losses_train/task:	1.759181261062622
losses_train/concepts:	0.46264350414276123
losses_train/representations:	0.40623852610588074
losses_train/total:	2.628063201904297
losses_test/task:	1.7509088516235352
losses_test/concepts:	0.2716161906719208
losses_test/representations:	0.4342726171016693
losses_test/total:	2.4567975997924805
calibration_test/ece:	0.014365527778863907
calibration_test/brier:	0.8196831345558167
accuracy_test/task:	23.238425925925927
accuracy_test/concepts:	99.94609832763672
map_test/concepts:	0.9998947850295475

Epoch 28
losses_train/task:	1.7594832181930542
losses_train/concepts:	0.4591999351978302
losses_train/representations:	0.40234729647636414
losses_train/total:	2.621030330657959
losses_test/task:	1.7493444681167603
losses_test/concepts:	0.268420934677124
losses_test/representations:	0.45169490575790405
losses_test/total:	2.4694604873657227
calibration_test/ece:	0.011513864621520042
calibration_test/brier:	0.8193411827087402
accuracy_test/task:	22.930555555555557
accuracy_test/concepts:	99.95701599121094
map_test/concepts:	0.9998951383999416

Epoch 29
losses_train/task:	1.7597328424453735
losses_train/concepts:	0.4579596221446991
losses_train/representations:	0.39999788999557495
losses_train/total:	2.6176908016204834
losses_test/task:	1.7487009763717651
losses_test/concepts:	0.27393579483032227
losses_test/representations:	0.43467554450035095
losses_test/total:	2.4573123455047607
calibration_test/ece:	0.02514590322971344
calibration_test/brier:	0.8188803791999817
accuracy_test/task:	24.046296296296298
accuracy_test/concepts:	99.92063903808594
map_test/concepts:	0.9998964326722282

Epoch 30
losses_train/task:	1.7588084936141968
losses_train/concepts:	0.45475924015045166
losses_train/representations:	0.3975949287414551
losses_train/total:	2.6111624240875244
losses_test/task:	1.7515814304351807
losses_test/concepts:	0.2635275423526764
losses_test/representations:	0.42268434166908264
losses_test/total:	2.437793254852295
calibration_train/ece:	0.014310219325125217
calibration_train/brier:	0.8201009631156921
accuracy_train/task:	23.137443296370968
calibration_test/ece:	0.013388769701123238
calibration_test/brier:	0.819921612739563
accuracy_test/task:	23.02777777777778
accuracy_train/concepts:	99.96833038330078
map_train/concepts:	0.9999626619475228
accuracy_test/concepts:	99.95386505126953
map_test/concepts:	0.9998950702803475
accuracy_test/nuisances_task:	8.043981343507767
accuracy_test/nuisances_nontask:	2.5648148730397224
mutual_inf_test/nuisances_task:	0.1171551520409444
mutual_inf_test/nuisances_nontask:	0.03495805570089372

Epoch 31
losses_train/task:	1.7592062950134277
losses_train/concepts:	0.4570050537586212
losses_train/representations:	0.39566731452941895
losses_train/total:	2.6118786334991455
losses_test/task:	1.7508275508880615
losses_test/concepts:	0.2639178931713104
losses_test/representations:	0.40365883708000183
losses_test/total:	2.4184041023254395
calibration_test/ece:	0.015802277252078056
calibration_test/brier:	0.819616973400116
accuracy_test/task:	23.291666666666668
accuracy_test/concepts:	99.94709014892578
map_test/concepts:	0.9998959686074939

Epoch 32
losses_train/task:	1.7591310739517212
losses_train/concepts:	0.448870986700058
losses_train/representations:	0.39186811447143555
losses_train/total:	2.599870443344116
losses_test/task:	1.7500650882720947
losses_test/concepts:	0.26054149866104126
losses_test/representations:	0.42946115136146545
losses_test/total:	2.440067768096924
calibration_test/ece:	0.013619371689856052
calibration_test/brier:	0.819456934928894
accuracy_test/task:	23.16435185185185
accuracy_test/concepts:	99.95536041259766
map_test/concepts:	0.9998964582170758

Epoch 33
losses_train/task:	1.7592241764068604
losses_train/concepts:	0.4481174349784851
losses_train/representations:	0.3909021019935608
losses_train/total:	2.5982439517974854
losses_test/task:	1.749495267868042
losses_test/concepts:	0.26053956151008606
losses_test/representations:	0.40836071968078613
losses_test/total:	2.418395757675171
calibration_test/ece:	0.021367700770497322
calibration_test/brier:	0.8191853165626526
accuracy_test/task:	23.80324074074074
accuracy_test/concepts:	99.94742584228516
map_test/concepts:	0.9998979611056191

Epoch 34
losses_train/task:	1.7590842247009277
losses_train/concepts:	0.4464125335216522
losses_train/representations:	0.3869036138057709
losses_train/total:	2.592399835586548
losses_test/task:	1.749118685722351
losses_test/concepts:	0.2617837190628052
losses_test/representations:	0.4084852933883667
losses_test/total:	2.4193875789642334
calibration_test/ece:	0.022699786350131035
calibration_test/brier:	0.8190165758132935
accuracy_test/task:	23.833333333333332
accuracy_test/concepts:	99.9398193359375
map_test/concepts:	0.9998970542635236

Epoch 35
losses_train/task:	1.7589107751846313
losses_train/concepts:	0.4419593811035156
losses_train/representations:	0.38377121090888977
losses_train/total:	2.584641456604004
losses_test/task:	1.7502673864364624
losses_test/concepts:	0.25653982162475586
losses_test/representations:	0.4262619614601135
losses_test/total:	2.4330692291259766
calibration_test/ece:	0.013717244379222393
calibration_test/brier:	0.8195357918739319
accuracy_test/task:	23.166666666666668
accuracy_test/concepts:	99.95668029785156
map_test/concepts:	0.9998974927834102

Epoch 36
losses_train/task:	1.7591997385025024
losses_train/concepts:	0.4370152950286865
losses_train/representations:	0.38236886262893677
losses_train/total:	2.5785837173461914
losses_test/task:	1.7512073516845703
losses_test/concepts:	0.25728684663772583
losses_test/representations:	0.40145862102508545
losses_test/total:	2.4099526405334473
calibration_test/ece:	0.01926082745194435
calibration_test/brier:	0.8196765780448914
accuracy_test/task:	23.53009259259259
accuracy_test/concepts:	99.94245910644531
map_test/concepts:	0.9998961005892072

Epoch 37
losses_train/task:	1.7597044706344604
losses_train/concepts:	0.4362616539001465
losses_train/representations:	0.38274818658828735
losses_train/total:	2.578713893890381
losses_test/task:	1.7493242025375366
losses_test/concepts:	0.2566610276699066
losses_test/representations:	0.40379244089126587
losses_test/total:	2.409777879714966
calibration_test/ece:	0.02513747662305832
calibration_test/brier:	0.8190796971321106
accuracy_test/task:	24.0625
accuracy_test/concepts:	99.94048309326172
map_test/concepts:	0.9998984209128788

Epoch 38
losses_train/task:	1.7596468925476074
losses_train/concepts:	0.43683117628097534
losses_train/representations:	0.3791036009788513
losses_train/total:	2.5755813121795654
losses_test/task:	1.7510020732879639
losses_test/concepts:	0.25253528356552124
losses_test/representations:	0.40583452582359314
losses_test/total:	2.409371852874756
calibration_test/ece:	0.016933243721723557
calibration_test/brier:	0.8196532130241394
accuracy_test/task:	23.38425925925926
accuracy_test/concepts:	99.95304107666016
map_test/concepts:	0.9998979142733982

Epoch 39
losses_train/task:	1.7596118450164795
losses_train/concepts:	0.4330674409866333
losses_train/representations:	0.37548187375068665
losses_train/total:	2.5681612491607666
losses_test/task:	1.7504454851150513
losses_test/concepts:	0.2515651285648346
losses_test/representations:	0.38848137855529785
losses_test/total:	2.3904917240142822
calibration_test/ece:	0.021094821393489838
calibration_test/brier:	0.8194488883018494
accuracy_test/task:	23.671296296296298
accuracy_test/concepts:	99.94428253173828
map_test/concepts:	0.9998977056571415

Epoch 40
losses_train/task:	1.7594255208969116
losses_train/concepts:	0.4309745132923126
losses_train/representations:	0.3750734031200409
losses_train/total:	2.5654730796813965
losses_test/task:	1.7517554759979248
losses_test/concepts:	0.25517386198043823
losses_test/representations:	0.4292537569999695
losses_test/total:	2.436183214187622
calibration_train/ece:	0.027982205152511597
calibration_train/brier:	0.8197921514511108
accuracy_train/task:	24.258127520161292
calibration_test/ece:	0.026113254949450493
calibration_test/brier:	0.8198350667953491
accuracy_test/task:	24.08101851851852
accuracy_train/concepts:	99.94386291503906
map_train/concepts:	0.999964007309505
accuracy_test/concepts:	99.932373046875
map_test/concepts:	0.9998969393117088
accuracy_test/nuisances_task:	8.206018805503845
accuracy_test/nuisances_nontask:	2.092592418193817
mutual_inf_test/nuisances_task:	0.12346806550815481
mutual_inf_test/nuisances_nontask:	0.030466976161640513

Epoch 41
losses_train/task:	1.7595303058624268
losses_train/concepts:	0.4306992292404175
losses_train/representations:	0.3722708523273468
losses_train/total:	2.562500238418579
losses_test/task:	1.7489430904388428
losses_test/concepts:	0.2477586567401886
losses_test/representations:	0.3831850588321686
losses_test/total:	2.3798866271972656
calibration_test/ece:	0.02011680044233799
calibration_test/brier:	0.819021463394165
accuracy_test/task:	23.65509259259259
accuracy_test/concepts:	99.952880859375
map_test/concepts:	0.999898646559034

Epoch 42
losses_train/task:	1.7588826417922974
losses_train/concepts:	0.4302211403846741
losses_train/representations:	0.3696384131908417
losses_train/total:	2.5587422847747803
losses_test/task:	1.7496650218963623
losses_test/concepts:	0.2479485720396042
losses_test/representations:	0.3794339597225189
losses_test/total:	2.377047300338745
calibration_test/ece:	0.020767629146575928
calibration_test/brier:	0.8192366361618042
accuracy_test/task:	23.712962962962962
accuracy_test/concepts:	99.952880859375
map_test/concepts:	0.9998987742832729

Epoch 43
losses_train/task:	1.7591044902801514
losses_train/concepts:	0.42401477694511414
losses_train/representations:	0.36792734265327454
losses_train/total:	2.551046371459961
losses_test/task:	1.7493388652801514
losses_test/concepts:	0.24780568480491638
losses_test/representations:	0.37899407744407654
losses_test/total:	2.376138687133789
calibration_test/ece:	0.020941870287060738
calibration_test/brier:	0.8191334009170532
accuracy_test/task:	23.71527777777778
accuracy_test/concepts:	99.95122528076172
map_test/concepts:	0.9998987061636788

Epoch 44
losses_train/task:	1.7589360475540161
losses_train/concepts:	0.425769567489624
losses_train/representations:	0.36797335743904114
losses_train/total:	2.5526788234710693
losses_test/task:	1.7491534948349
losses_test/concepts:	0.24770334362983704
losses_test/representations:	0.37926948070526123
losses_test/total:	2.376126527786255
calibration_test/ece:	0.021235883235931396
calibration_test/brier:	0.8190808296203613
accuracy_test/task:	23.74537037037037
accuracy_test/concepts:	99.95122528076172
map_test/concepts:	0.9998989232948848

Epoch 45
losses_train/task:	1.759487271308899
losses_train/concepts:	0.42794904112815857
losses_train/representations:	0.3668714165687561
losses_train/total:	2.5543079376220703
losses_test/task:	1.7493681907653809
losses_test/concepts:	0.2476695328950882
losses_test/representations:	0.3785218298435211
losses_test/total:	2.3755595684051514
calibration_test/ece:	0.02096559666097164
calibration_test/brier:	0.8191472887992859
accuracy_test/task:	23.703703703703702
accuracy_test/concepts:	99.95072937011719
map_test/concepts:	0.9998985869543893

Epoch 46
losses_train/task:	1.7594472169876099
losses_train/concepts:	0.42621320486068726
losses_train/representations:	0.36831605434417725
losses_train/total:	2.5539767742156982
losses_test/task:	1.7496122121810913
losses_test/concepts:	0.24712885916233063
losses_test/representations:	0.3801499903202057
losses_test/total:	2.3768908977508545
calibration_test/ece:	0.020919982343912125
calibration_test/brier:	0.8192129731178284
accuracy_test/task:	23.712962962962962
accuracy_test/concepts:	99.95354461669922
map_test/concepts:	0.9998986848763057

Epoch 47
losses_train/task:	1.75942063331604
losses_train/concepts:	0.4267689287662506
losses_train/representations:	0.3678281009197235
losses_train/total:	2.5540177822113037
losses_test/task:	1.7494044303894043
losses_test/concepts:	0.24719494581222534
losses_test/representations:	0.3783447742462158
losses_test/total:	2.3749444484710693
calibration_test/ece:	0.02092381753027439
calibration_test/brier:	0.8191490173339844
accuracy_test/task:	23.70601851851852
accuracy_test/concepts:	99.95237731933594
map_test/concepts:	0.9998985656670162

Epoch 48
losses_train/task:	1.759109616279602
losses_train/concepts:	0.4294966161251068
losses_train/representations:	0.3675648868083954
losses_train/total:	2.55617094039917
losses_test/task:	1.749269723892212
losses_test/concepts:	0.24700944125652313
losses_test/representations:	0.37829816341400146
losses_test/total:	2.374577522277832
calibration_test/ece:	0.0208221934735775
calibration_test/brier:	0.819104790687561
accuracy_test/task:	23.70138888888889
accuracy_test/concepts:	99.95155334472656
map_test/concepts:	0.999898761510849

Epoch 49
losses_train/task:	1.759484887123108
losses_train/concepts:	0.427918404340744
losses_train/representations:	0.36680689454078674
losses_train/total:	2.5542099475860596
losses_test/task:	1.7490447759628296
losses_test/concepts:	0.2467097043991089
losses_test/representations:	0.37747922539711
losses_test/total:	2.3732337951660156
calibration_test/ece:	0.02069614641368389
calibration_test/brier:	0.8190458416938782
accuracy_test/task:	23.685185185185187
accuracy_test/concepts:	99.95270538330078
map_test/concepts:	0.9998988040855953

Epoch 50
losses_train/task:	1.7594505548477173
losses_train/concepts:	0.42490386962890625
losses_train/representations:	0.3662636876106262
losses_train/total:	2.5506181716918945
losses_test/task:	1.749503493309021
losses_test/concepts:	0.24688047170639038
losses_test/representations:	0.37692803144454956
losses_test/total:	2.373311758041382
calibration_train/ece:	0.02314181439578533
calibration_train/brier:	0.8192923069000244
accuracy_train/task:	23.913967993951612
calibration_test/ece:	0.021121639758348465
calibration_test/brier:	0.8191758990287781
accuracy_test/task:	23.71990740740741
accuracy_train/concepts:	99.96388244628906
map_train/concepts:	0.999964735337666
accuracy_test/concepts:	99.95155334472656
map_test/concepts:	0.9998987146786281
accuracy_test/nuisances_task:	8.342592790722847
accuracy_test/nuisances_nontask:	1.9745370373129845
mutual_inf_test/nuisances_task:	0.12410659473401808
mutual_inf_test/nuisances_nontask:	0.027249110826082834

epoch_50.pt
groups=0 err_lowconf=76.280 err_random=76.280
groups=1 err_lowconf=76.289 err_random=76.289
groups=2 err_lowconf=76.324 err_random=76.324
groups=3 err_lowconf=76.530 err_random=76.530
groups=4 err_lowconf=76.657 err_random=76.657
groups=5 err_lowconf=78.502 err_random=78.502
groups=6 err_lowconf=79.951 err_random=79.951
groups=7 err_lowconf=80.007 err_random=80.007
groups=8 err_lowconf=80.028 err_random=80.028
groups=9 err_lowconf=80.116 err_random=80.116
groups=10 err_lowconf=80.178 err_random=80.178
groups=11 err_lowconf=80.188 err_random=80.188
groups=12 err_lowconf=80.123 err_random=80.123
groups=13 err_lowconf=80.056 err_random=80.056
groups=14 err_lowconf=80.097 err_random=80.097
[1;34mwandb[0m:
[1;34mwandb[0m: You can sync this run to the cloud by running:
[1;34mwandb[0m: [1mwandb sync /research/hal-afsharim/minimal_cbm/results/mpi3d-mcbm-1-bs4096/42/wandb/offline-run-20260811_174140-jexmlfsv[0m
[1;34mwandb[0m: Find logs at: [1;35mresults/mpi3d-mcbm-1-bs4096/42/wandb/offline-run-20260811_174140-jexmlfsv/logs[0m
