wandb: Using wandb-core as the SDK backend.  Please refer to https://wandb.me/wandb-core for more information.
wandb: Tracking run with wandb version 0.19.0
wandb: W&B syncing is set to `offline` in this directory.  
wandb: Run `wandb online` or set WANDB_MODE=online to enable cloud syncing.
Epoch 1
losses_train/task:	1.72840416431427
losses_train/concepts:	5.526238441467285
losses_train/representations:	6.0577287673950195
losses_train/total:	13.312359809875488
losses_test/task:	3.264846086502075
losses_test/concepts:	12.291234016418457
losses_test/representations:	67.23820495605469
losses_test/total:	82.79431915283203
calibration_test/ece:	0.28818845748901367
calibration_test/brier:	1.0158439874649048
accuracy_test/task:	17.252314814814813
accuracy_test/concepts:	89.7159423828125
map_test/concepts:	0.9580406291144234

Epoch 2
losses_train/task:	1.710404872894287
losses_train/concepts:	0.9044974446296692
losses_train/representations:	1.40147864818573
losses_train/total:	4.016380310058594
losses_test/task:	1.766739845275879
losses_test/concepts:	1.2594517469406128
losses_test/representations:	2.873997926712036
losses_test/total:	5.90018892288208
calibration_test/ece:	0.03296926990151405
calibration_test/brier:	0.8253815174102783
accuracy_test/task:	21.925925925925927
accuracy_test/concepts:	96.37120056152344
map_test/concepts:	0.9990191587380001

Epoch 3
losses_train/task:	1.7345484495162964
losses_train/concepts:	0.46540313959121704
losses_train/representations:	0.7620694041252136
losses_train/total:	2.962019920349121
losses_test/task:	1.7591155767440796
losses_test/concepts:	0.509238600730896
losses_test/representations:	1.8563286066055298
losses_test/total:	4.1246819496154785
calibration_test/ece:	0.003489655675366521
calibration_test/brier:	0.8225405216217041
accuracy_test/task:	23.25462962962963
accuracy_test/concepts:	98.87896728515625
map_test/concepts:	0.9997418139662061

Epoch 4
losses_train/task:	1.733406901359558
losses_train/concepts:	0.3084711730480194
losses_train/representations:	0.512151300907135
losses_train/total:	2.554029941558838
losses_test/task:	1.7041784524917603
losses_test/concepts:	0.11693698912858963
losses_test/representations:	0.6213473081588745
losses_test/total:	2.442462682723999
calibration_test/ece:	0.010708635672926903
calibration_test/brier:	0.8051903247833252
accuracy_test/task:	26.108796296296298
accuracy_test/concepts:	99.88789367675781
map_test/concepts:	0.9998683120523181

Epoch 5
losses_train/task:	1.7304764986038208
losses_train/concepts:	0.23601360619068146
losses_train/representations:	0.39270463585853577
losses_train/total:	2.35919451713562
losses_test/task:	1.7307685613632202
losses_test/concepts:	0.07949977368116379
losses_test/representations:	0.43530184030532837
losses_test/total:	2.245570421218872
calibration_test/ece:	0.0077978698536753654
calibration_test/brier:	0.8128975629806519
accuracy_test/task:	24.587962962962962
accuracy_test/concepts:	99.94956970214844
map_test/concepts:	0.9998978120940072

Epoch 6
losses_train/task:	1.7247990369796753
losses_train/concepts:	0.20315895974636078
losses_train/representations:	0.32919904589653015
losses_train/total:	2.257157802581787
losses_test/task:	1.739869236946106
losses_test/concepts:	0.11697478592395782
losses_test/representations:	0.6058387160301208
losses_test/total:	2.4626827239990234
calibration_test/ece:	0.00782365258783102
calibration_test/brier:	0.814250648021698
accuracy_test/task:	24.38888888888889
accuracy_test/concepts:	99.81861877441406
map_test/concepts:	0.9998328983783722

Epoch 7
losses_train/task:	1.684098720550537
losses_train/concepts:	1.125706672668457
losses_train/representations:	1.5837373733520508
losses_train/total:	4.393543243408203
losses_test/task:	1.6521633863449097
losses_test/concepts:	0.5297048091888428
losses_test/representations:	1.3619225025177002
losses_test/total:	3.5437920093536377
calibration_test/ece:	0.017301183193922043
calibration_test/brier:	0.7917865514755249
accuracy_test/task:	28.14814814814815
accuracy_test/concepts:	98.63724517822266
map_test/concepts:	0.9967855683394841

Epoch 8
losses_train/task:	1.6478664875030518
losses_train/concepts:	0.5160266160964966
losses_train/representations:	0.9288626909255981
losses_train/total:	3.0927557945251465
losses_test/task:	1.599629282951355
losses_test/concepts:	0.25228944420814514
losses_test/representations:	1.0362097024917603
losses_test/total:	2.8881287574768066
calibration_test/ece:	0.04957042634487152
calibration_test/brier:	0.7732993960380554
accuracy_test/task:	31.912037037037038
accuracy_test/concepts:	99.42510223388672
map_test/concepts:	0.9991157523223332

Epoch 9
losses_train/task:	1.6520271301269531
losses_train/concepts:	0.3945036232471466
losses_train/representations:	0.7015479207038879
losses_train/total:	2.748077869415283
losses_test/task:	1.6365859508514404
losses_test/concepts:	0.21884790062904358
losses_test/representations:	0.9563560485839844
losses_test/total:	2.811791181564331
calibration_test/ece:	0.021708618849515915
calibration_test/brier:	0.7830132246017456
accuracy_test/task:	29.71759259259259
accuracy_test/concepts:	99.52198791503906
map_test/concepts:	0.9993256287915366

Epoch 10
losses_train/task:	1.673891305923462
losses_train/concepts:	0.299797922372818
losses_train/representations:	0.5244119763374329
losses_train/total:	2.498103141784668
losses_test/task:	1.6449373960494995
losses_test/concepts:	0.30603867769241333
losses_test/representations:	0.8502374291419983
losses_test/total:	2.801212787628174
calibration_train/ece:	0.03670002520084381
calibration_train/brier:	0.7829609513282776
accuracy_train/task:	31.38200963438735
calibration_test/ece:	0.03520114719867706
calibration_test/brier:	0.7841938138008118
accuracy_test/task:	31.19212962962963
accuracy_train/concepts:	99.29534149169922
map_train/concepts:	0.999624103307724
accuracy_test/concepts:	99.3017578125
map_test/concepts:	0.9995252532618386
accuracy_test/nuisances_task:	6.7847223952412605
accuracy_test/nuisances_nontask:	2.6273148134350777
mutual_inf_test/nuisances_task:	0.10827781100228173
mutual_inf_test/nuisances_nontask:	0.0458759810471524

Epoch 11
losses_train/task:	1.680506706237793
losses_train/concepts:	0.21978460252285004
losses_train/representations:	0.3639194965362549
losses_train/total:	2.2642102241516113
losses_test/task:	1.7635595798492432
losses_test/concepts:	0.36762380599975586
losses_test/representations:	1.0875459909439087
losses_test/total:	3.2187294960021973
calibration_test/ece:	0.05655578896403313
calibration_test/brier:	0.8249643445014954
accuracy_test/task:	23.24074074074074
accuracy_test/concepts:	99.23148345947266
map_test/concepts:	0.9997215824467796

Epoch 12
losses_train/task:	1.6770107746124268
losses_train/concepts:	0.18762603402137756
losses_train/representations:	0.3010255992412567
losses_train/total:	2.1656620502471924
losses_test/task:	1.6415168046951294
losses_test/concepts:	0.208851158618927
losses_test/representations:	0.7340987920761108
losses_test/total:	2.5844669342041016
calibration_test/ece:	0.029679130762815475
calibration_test/brier:	0.7821024060249329
accuracy_test/task:	30.36574074074074
accuracy_test/concepts:	99.55522918701172
map_test/concepts:	0.9997970334121159

Epoch 13
losses_train/task:	1.6700379848480225
losses_train/concepts:	0.17277757823467255
losses_train/representations:	0.26799896359443665
losses_train/total:	2.110814332962036
losses_test/task:	1.598889708518982
losses_test/concepts:	0.12413592636585236
losses_test/representations:	0.4912548363208771
losses_test/total:	2.2142810821533203
calibration_test/ece:	0.064716637134552
calibration_test/brier:	0.7672245502471924
accuracy_test/task:	33.782407407407405
accuracy_test/concepts:	99.8250732421875
map_test/concepts:	0.9997356448854718

Epoch 14
losses_train/task:	1.652680516242981
losses_train/concepts:	0.14181958138942719
losses_train/representations:	0.22692739963531494
losses_train/total:	2.021427631378174
losses_test/task:	1.5928723812103271
losses_test/concepts:	0.13841606676578522
losses_test/representations:	0.6317498087882996
losses_test/total:	2.3630378246307373
calibration_test/ece:	0.0428670234978199
calibration_test/brier:	0.763704776763916
accuracy_test/task:	32.782407407407405
accuracy_test/concepts:	99.74454498291016
map_test/concepts:	0.9997857511043549

Epoch 15
losses_train/task:	1.644897222518921
losses_train/concepts:	0.13403202593326569
losses_train/representations:	0.21838432550430298
losses_train/total:	1.9973130226135254
losses_test/task:	1.5208408832550049
losses_test/concepts:	0.041178908199071884
losses_test/representations:	0.23178139328956604
losses_test/total:	1.7938010692596436
calibration_test/ece:	0.11339721828699112
calibration_test/brier:	0.7380101680755615
accuracy_test/task:	39.43981481481482
accuracy_test/concepts:	99.95369720458984
map_test/concepts:	0.9998913449900491

Epoch 16
losses_train/task:	1.6245999336242676
losses_train/concepts:	0.12656283378601074
losses_train/representations:	0.21406970918178558
losses_train/total:	1.965232491493225
losses_test/task:	1.5080864429473877
losses_test/concepts:	0.031906526535749435
losses_test/representations:	0.3280104398727417
losses_test/total:	1.8680039644241333
calibration_test/ece:	0.10080493986606598
calibration_test/brier:	0.7362204194068909
accuracy_test/task:	39.155092592592595
accuracy_test/concepts:	99.96825408935547
map_test/concepts:	0.9998958877154759

Epoch 17
losses_train/task:	1.617700457572937
losses_train/concepts:	0.14038366079330444
losses_train/representations:	0.23250281810760498
losses_train/total:	1.9905868768692017
losses_test/task:	1.4856730699539185
losses_test/concepts:	0.05313345417380333
losses_test/representations:	0.37304818630218506
losses_test/total:	1.91185462474823
calibration_test/ece:	0.12192310392856598
calibration_test/brier:	0.7266446352005005
accuracy_test/task:	41.5462962962963
accuracy_test/concepts:	99.91815185546875
map_test/concepts:	0.9998808247702462

Epoch 18
losses_train/task:	1.5948703289031982
losses_train/concepts:	0.11389926075935364
losses_train/representations:	0.20933736860752106
losses_train/total:	1.9181076288223267
losses_test/task:	1.4502978324890137
losses_test/concepts:	0.026160625740885735
losses_test/representations:	0.2636250853538513
losses_test/total:	1.740082859992981
calibration_test/ece:	0.13691137731075287
calibration_test/brier:	0.7162761688232422
accuracy_test/task:	43.2037037037037
accuracy_test/concepts:	99.97718048095703
map_test/concepts:	0.9998975694179535

Epoch 19
losses_train/task:	1.572792887687683
losses_train/concepts:	0.11406366527080536
losses_train/representations:	0.21603716909885406
losses_train/total:	1.9028939008712769
losses_test/task:	1.4476536512374878
losses_test/concepts:	0.03258155286312103
losses_test/representations:	0.28598564863204956
losses_test/total:	1.7662208080291748
calibration_test/ece:	0.07717631757259369
calibration_test/brier:	0.7169621586799622
accuracy_test/task:	39.55324074074074
accuracy_test/concepts:	99.95982360839844
map_test/concepts:	0.9998994469642639

Epoch 20
losses_train/task:	1.5610287189483643
losses_train/concepts:	0.1293448656797409
losses_train/representations:	0.2451344132423401
losses_train/total:	1.9355071783065796
losses_test/task:	1.449286937713623
losses_test/concepts:	0.13928481936454773
losses_test/representations:	0.39599472284317017
losses_test/total:	1.984566569328308
calibration_train/ece:	0.11230874806642532
calibration_train/brier:	0.7119774222373962
accuracy_train/task:	42.764945652173914
calibration_test/ece:	0.10485006123781204
calibration_test/brier:	0.7150248289108276
accuracy_test/task:	41.960648148148145
accuracy_train/concepts:	99.79420471191406
map_train/concepts:	0.9999137265341622
accuracy_test/concepts:	99.78587341308594
map_test/concepts:	0.9998448831694466
accuracy_test/nuisances_task:	6.460647843778133
accuracy_test/nuisances_nontask:	1.5393519774079323
mutual_inf_test/nuisances_task:	0.09341629131688944
mutual_inf_test/nuisances_nontask:	0.01856997335821098

Epoch 21
losses_train/task:	1.5634396076202393
losses_train/concepts:	0.11588156968355179
losses_train/representations:	0.22988635301589966
losses_train/total:	1.909207820892334
losses_test/task:	1.3705910444259644
losses_test/concepts:	0.019627129659056664
losses_test/representations:	0.22300532460212708
losses_test/total:	1.613223671913147
calibration_test/ece:	0.13970248401165009
calibration_test/brier:	0.683814287185669
accuracy_test/task:	45.92824074074074
accuracy_test/concepts:	99.98743438720703
map_test/concepts:	0.9998981143747058

Epoch 22
losses_train/task:	1.535066843032837
losses_train/concepts:	0.11276120692491531
losses_train/representations:	0.23094703257083893
losses_train/total:	1.8787754774093628
losses_test/task:	1.340584635734558
losses_test/concepts:	0.02024073712527752
losses_test/representations:	0.2501130998134613
losses_test/total:	1.6109384298324585
calibration_test/ece:	0.13870517909526825
calibration_test/brier:	0.6768590211868286
accuracy_test/task:	46.942129629629626
accuracy_test/concepts:	99.984130859375
map_test/concepts:	0.9998999621186938

Epoch 23
losses_train/task:	1.5287057161331177
losses_train/concepts:	0.1149958148598671
losses_train/representations:	0.23707355558872223
losses_train/total:	1.8807753324508667
losses_test/task:	1.3297700881958008
losses_test/concepts:	0.015550972893834114
losses_test/representations:	0.22503550350666046
losses_test/total:	1.570356845855713
calibration_test/ece:	0.1694675236940384
calibration_test/brier:	0.6676428914070129
accuracy_test/task:	49.657407407407405
accuracy_test/concepts:	99.99470520019531
map_test/concepts:	0.9999021717480251

Epoch 24
losses_train/task:	1.5132821798324585
losses_train/concepts:	0.10577324032783508
losses_train/representations:	0.2321702539920807
losses_train/total:	1.8512269258499146
losses_test/task:	1.4309566020965576
losses_test/concepts:	0.46978989243507385
losses_test/representations:	0.6871021389961243
losses_test/total:	2.587848424911499
calibration_test/ece:	0.08614618331193924
calibration_test/brier:	0.708539605140686
accuracy_test/task:	42.442129629629626
accuracy_test/concepts:	99.41551208496094
map_test/concepts:	0.9994500577449799

Epoch 25
losses_train/task:	1.5383965969085693
losses_train/concepts:	0.17412585020065308
losses_train/representations:	0.2985990643501282
losses_train/total:	2.011121988296509
losses_test/task:	1.3628356456756592
losses_test/concepts:	0.042395006865262985
losses_test/representations:	0.2580997943878174
losses_test/total:	1.6633299589157104
calibration_test/ece:	0.15528130531311035
calibration_test/brier:	0.6781271696090698
accuracy_test/task:	47.745370370370374
accuracy_test/concepts:	99.93816375732422
map_test/concepts:	0.9998920645032611

Epoch 26
losses_train/task:	1.5207312107086182
losses_train/concepts:	0.11078323423862457
losses_train/representations:	0.24031144380569458
losses_train/total:	1.8718260526657104
losses_test/task:	1.3029508590698242
losses_test/concepts:	0.01586143672466278
losses_test/representations:	0.2526985704898834
losses_test/total:	1.5715110301971436
calibration_test/ece:	0.1682375818490982
calibration_test/brier:	0.6549075841903687
accuracy_test/task:	51.094907407407405
accuracy_test/concepts:	99.9889144897461
map_test/concepts:	0.9999022270951953

Epoch 27
losses_train/task:	1.5077111721038818
losses_train/concepts:	0.11255693435668945
losses_train/representations:	0.24531245231628418
losses_train/total:	1.8655800819396973
losses_test/task:	1.2946441173553467
losses_test/concepts:	0.035219162702560425
losses_test/representations:	0.2868659198284149
losses_test/total:	1.6167292594909668
calibration_test/ece:	0.17011283338069916
calibration_test/brier:	0.6577968597412109
accuracy_test/task:	50.63425925925926
accuracy_test/concepts:	99.95088958740234
map_test/concepts:	0.9998957472188132

Epoch 28
losses_train/task:	1.488208532333374
losses_train/concepts:	0.10442536324262619
losses_train/representations:	0.24041174352169037
losses_train/total:	1.8330459594726562
losses_test/task:	1.2587443590164185
losses_test/concepts:	0.012279825285077095
losses_test/representations:	0.25319623947143555
losses_test/total:	1.5242207050323486
calibration_test/ece:	0.15535271167755127
calibration_test/brier:	0.6444604396820068
accuracy_test/task:	51.048611111111114
accuracy_test/concepts:	99.99504089355469
map_test/concepts:	0.9999008306435176

Epoch 29
losses_train/task:	1.4816402196884155
losses_train/concepts:	0.10382642596960068
losses_train/representations:	0.2472236156463623
losses_train/total:	1.8326890468597412
losses_test/task:	1.2478930950164795
losses_test/concepts:	0.011903053149580956
losses_test/representations:	0.2579357922077179
losses_test/total:	1.5177321434020996
calibration_test/ece:	0.15106621384620667
calibration_test/brier:	0.638164222240448
accuracy_test/task:	50.782407407407405
accuracy_test/concepts:	99.9963607788086
map_test/concepts:	0.9999012819358281

Epoch 30
losses_train/task:	1.474158763885498
losses_train/concepts:	0.10379648208618164
losses_train/representations:	0.25087496638298035
losses_train/total:	1.8288298845291138
losses_test/task:	1.2532516717910767
losses_test/concepts:	0.01317191869020462
losses_test/representations:	0.25646844506263733
losses_test/total:	1.5228919982910156
calibration_train/ece:	0.15216828882694244
calibration_train/brier:	0.6364923119544983
accuracy_train/task:	51.916841650197625
calibration_test/ece:	0.14615046977996826
calibration_test/brier:	0.6389637589454651
accuracy_test/task:	51.27777777777778
accuracy_train/concepts:	99.9991226196289
map_train/concepts:	0.9999674941812243
accuracy_test/concepts:	99.99305725097656
map_test/concepts:	0.9999013543128967
accuracy_test/nuisances_task:	4.71759270876646
accuracy_test/nuisances_nontask:	0.11342596262693405
mutual_inf_test/nuisances_task:	0.08070776938027935
mutual_inf_test/nuisances_nontask:	-9.743303275300264e-08

Epoch 31
losses_train/task:	1.463942050933838
losses_train/concepts:	0.10543330013751984
losses_train/representations:	0.2498970925807953
losses_train/total:	1.8192718029022217
losses_test/task:	1.2885786294937134
losses_test/concepts:	0.010702207684516907
losses_test/representations:	0.3111990988254547
losses_test/total:	1.6104799509048462
calibration_test/ece:	0.11097945272922516
calibration_test/brier:	0.6657705307006836
accuracy_test/task:	46.61574074074074
accuracy_test/concepts:	99.99669647216797
map_test/concepts:	0.9999024569988251

Epoch 32
losses_train/task:	1.4557403326034546
losses_train/concepts:	0.10271096974611282
losses_train/representations:	0.253017395734787
losses_train/total:	1.811468482017517
losses_test/task:	1.2603353261947632
losses_test/concepts:	0.019676798954606056
losses_test/representations:	0.32574450969696045
losses_test/total:	1.6057560443878174
calibration_test/ece:	0.12846200168132782
calibration_test/brier:	0.6444639563560486
accuracy_test/task:	49.155092592592595
accuracy_test/concepts:	99.98081970214844
map_test/concepts:	0.9999002133096967

Epoch 33
losses_train/task:	1.4482035636901855
losses_train/concepts:	0.10146120935678482
losses_train/representations:	0.25398027896881104
losses_train/total:	1.8036448955535889
losses_test/task:	1.1828529834747314
losses_test/concepts:	0.011024502106010914
losses_test/representations:	0.2461138814687729
losses_test/total:	1.4399909973144531
calibration_test/ece:	0.19846126437187195
calibration_test/brier:	0.6113817691802979
accuracy_test/task:	56.405092592592595
accuracy_test/concepts:	99.994873046875
map_test/concepts:	0.9999020653111594

Epoch 34
losses_train/task:	1.442629098892212
losses_train/concepts:	0.10100632160902023
losses_train/representations:	0.2583298683166504
losses_train/total:	1.8019649982452393
losses_test/task:	1.1965858936309814
losses_test/concepts:	0.01555604673922062
losses_test/representations:	0.2885306775569916
losses_test/total:	1.5006728172302246
calibration_test/ece:	0.1549225151538849
calibration_test/brier:	0.6155741214752197
accuracy_test/task:	53.12268518518518
accuracy_test/concepts:	99.98743438720703
map_test/concepts:	0.9999021334307534

Epoch 35
losses_train/task:	1.4398351907730103
losses_train/concepts:	0.10220538824796677
losses_train/representations:	0.2620706260204315
losses_train/total:	1.8041112422943115
losses_test/task:	1.1929415464401245
losses_test/concepts:	0.013117526657879353
losses_test/representations:	0.2570556402206421
losses_test/total:	1.4631147384643555
calibration_test/ece:	0.1741839200258255
calibration_test/brier:	0.6138278245925903
accuracy_test/task:	54.26851851851852
accuracy_test/concepts:	99.99073791503906
map_test/concepts:	0.999900609254837

Epoch 36
losses_train/task:	1.4419870376586914
losses_train/concepts:	0.1067834421992302
losses_train/representations:	0.26499810814857483
losses_train/total:	1.8137680292129517
losses_test/task:	1.2013338804244995
losses_test/concepts:	0.010662820190191269
losses_test/representations:	0.27642393112182617
losses_test/total:	1.488420844078064
calibration_test/ece:	0.15994133055210114
calibration_test/brier:	0.6234961152076721
accuracy_test/task:	52.905092592592595
accuracy_test/concepts:	99.99603271484375
map_test/concepts:	0.9999012351036072

Epoch 37
losses_train/task:	1.436854362487793
losses_train/concepts:	0.10230525583028793
losses_train/representations:	0.26406732201576233
losses_train/total:	1.8032265901565552
losses_test/task:	1.2014520168304443
losses_test/concepts:	0.009555895812809467
losses_test/representations:	0.27747929096221924
losses_test/total:	1.4884871244430542
calibration_test/ece:	0.149454727768898
calibration_test/brier:	0.6182206273078918
accuracy_test/task:	52.33796296296296
accuracy_test/concepts:	99.99652862548828
map_test/concepts:	0.9999027635369983

Epoch 38
losses_train/task:	1.4286006689071655
losses_train/concepts:	0.10436947643756866
losses_train/representations:	0.26668402552604675
losses_train/total:	1.7996546030044556
losses_test/task:	1.1936670541763306
losses_test/concepts:	0.014561322517693043
losses_test/representations:	0.2696525752544403
losses_test/total:	1.4778811931610107
calibration_test/ece:	0.14979581534862518
calibration_test/brier:	0.6151065230369568
accuracy_test/task:	52.655092592592595
accuracy_test/concepts:	99.98627471923828
map_test/concepts:	0.9999010264873505

Epoch 39
losses_train/task:	1.4235460758209229
losses_train/concepts:	0.10395479947328568
losses_train/representations:	0.26732900738716125
losses_train/total:	1.79482901096344
losses_test/task:	1.1455544233322144
losses_test/concepts:	0.009695605374872684
losses_test/representations:	0.2600739598274231
losses_test/total:	1.4153237342834473
calibration_test/ece:	0.2085873931646347
calibration_test/brier:	0.5957016944885254
accuracy_test/task:	58.44444444444444
accuracy_test/concepts:	99.99586486816406
map_test/concepts:	0.9999037768159594

Epoch 40
losses_train/task:	1.4197179079055786
losses_train/concepts:	0.1018456369638443
losses_train/representations:	0.27166515588760376
losses_train/total:	1.7932289838790894
losses_test/task:	1.379225254058838
losses_test/concepts:	0.026801373809576035
losses_test/representations:	0.5770934820175171
losses_test/total:	1.9831205606460571
calibration_train/ece:	0.08640994131565094
calibration_train/brier:	0.6970092058181763
accuracy_train/task:	35.68892045454545
calibration_test/ece:	0.08874696493148804
calibration_test/brier:	0.6995797157287598
accuracy_test/task:	35.282407407407405
accuracy_train/concepts:	99.9756851196289
map_train/concepts:	0.9999648332595825
accuracy_test/concepts:	99.96478271484375
map_test/concepts:	0.9998843329293388
accuracy_test/nuisances_task:	9.004629589617252
accuracy_test/nuisances_nontask:	1.379629597067833
mutual_inf_test/nuisances_task:	0.13797977350179402
mutual_inf_test/nuisances_nontask:	0.015530127712728325

Epoch 41
losses_train/task:	1.4000455141067505
losses_train/concepts:	0.09973908960819244
losses_train/representations:	0.25425636768341064
losses_train/total:	1.754041075706482
losses_test/task:	1.126258373260498
losses_test/concepts:	0.007791717071086168
losses_test/representations:	0.23662206530570984
losses_test/total:	1.3706722259521484
calibration_test/ece:	0.2042304128408432
calibration_test/brier:	0.5860471129417419
accuracy_test/task:	58.56944444444444
accuracy_test/concepts:	99.99900817871094
map_test/concepts:	0.9999023973941803

Epoch 42
losses_train/task:	1.3923128843307495
losses_train/concepts:	0.09616231173276901
losses_train/representations:	0.2537532150745392
losses_train/total:	1.7422293424606323
losses_test/task:	1.1181443929672241
losses_test/concepts:	0.008041143417358398
losses_test/representations:	0.2411489635705948
losses_test/total:	1.3673349618911743
calibration_test/ece:	0.20675142109394073
calibration_test/brier:	0.5827915072441101
accuracy_test/task:	59.085648148148145
accuracy_test/concepts:	99.99834442138672
map_test/concepts:	0.9999023463044848

Epoch 43
losses_train/task:	1.3854289054870605
losses_train/concepts:	0.09594252705574036
losses_train/representations:	0.25485464930534363
losses_train/total:	1.736225962638855
losses_test/task:	1.1115057468414307
losses_test/concepts:	0.00806929636746645
losses_test/representations:	0.24007979035377502
losses_test/total:	1.3596547842025757
calibration_test/ece:	0.21818813681602478
calibration_test/brier:	0.5791997909545898
accuracy_test/task:	60.458333333333336
accuracy_test/concepts:	99.99834442138672
map_test/concepts:	0.999902218580246

Epoch 44
losses_train/task:	1.3873409032821655
losses_train/concepts:	0.09786537289619446
losses_train/representations:	0.2567037343978882
losses_train/total:	1.7419099807739258
losses_test/task:	1.1085584163665771
losses_test/concepts:	0.00857312511652708
losses_test/representations:	0.24324625730514526
losses_test/total:	1.3603780269622803
calibration_test/ece:	0.20818598568439484
calibration_test/brier:	0.5786710381507874
accuracy_test/task:	59.66203703703704
accuracy_test/concepts:	99.9976806640625
map_test/concepts:	0.9999021717480251

Epoch 45
losses_train/task:	1.3857144117355347
losses_train/concepts:	0.09848737716674805
losses_train/representations:	0.2577110826969147
losses_train/total:	1.7419127225875854
losses_test/task:	1.1062395572662354
losses_test/concepts:	0.008428043685853481
losses_test/representations:	0.24796432256698608
losses_test/total:	1.3626315593719482
calibration_test/ece:	0.2096174955368042
calibration_test/brier:	0.576362669467926
accuracy_test/task:	59.99074074074074
accuracy_test/concepts:	99.99800872802734
map_test/concepts:	0.9999023718493325

Epoch 46
losses_train/task:	1.3837659358978271
losses_train/concepts:	0.10064584761857986
losses_train/representations:	0.26051971316337585
losses_train/total:	1.7449315786361694
losses_test/task:	1.103591799736023
losses_test/concepts:	0.00832491833716631
losses_test/representations:	0.246414452791214
losses_test/total:	1.3583312034606934
calibration_test/ece:	0.21608808636665344
calibration_test/brier:	0.5771423578262329
accuracy_test/task:	60.49305555555556
accuracy_test/concepts:	99.99800872802734
map_test/concepts:	0.9999030871050698

Epoch 47
losses_train/task:	1.38275945186615
losses_train/concepts:	0.09691274911165237
losses_train/representations:	0.25923722982406616
losses_train/total:	1.738909125328064
losses_test/task:	1.1007089614868164
losses_test/concepts:	0.008102566935122013
losses_test/representations:	0.2465774565935135
losses_test/total:	1.3553886413574219
calibration_test/ece:	0.2112981379032135
calibration_test/brier:	0.5751972794532776
accuracy_test/task:	60.1875
accuracy_test/concepts:	99.99800872802734
map_test/concepts:	0.9999039896896907

Epoch 48
losses_train/task:	1.3818821907043457
losses_train/concepts:	0.09867571294307709
losses_train/representations:	0.2606852948665619
losses_train/total:	1.7412434816360474
losses_test/task:	1.0992908477783203
losses_test/concepts:	0.008410955779254436
losses_test/representations:	0.24489770829677582
losses_test/total:	1.3525992631912231
calibration_test/ece:	0.21278905868530273
calibration_test/brier:	0.5740826725959778
accuracy_test/task:	60.28703703703704
accuracy_test/concepts:	99.9976806640625
map_test/concepts:	0.9999032744339534

Epoch 49
losses_train/task:	1.3814977407455444
losses_train/concepts:	0.10023705661296844
losses_train/representations:	0.2605832517147064
losses_train/total:	1.7423175573349
losses_test/task:	1.0981742143630981
losses_test/concepts:	0.00861269235610962
losses_test/representations:	0.2486121952533722
losses_test/total:	1.3553991317749023
calibration_test/ece:	0.21994982659816742
calibration_test/brier:	0.5736532211303711
accuracy_test/task:	61.21296296296296
accuracy_test/concepts:	99.99702453613281
map_test/concepts:	0.9999018652098519

Epoch 50
losses_train/task:	1.3805795907974243
losses_train/concepts:	0.09684785455465317
losses_train/representations:	0.26001688838005066
losses_train/total:	1.7374430894851685
losses_test/task:	1.097713589668274
losses_test/concepts:	0.008493061177432537
losses_test/representations:	0.24478183686733246
losses_test/total:	1.3509886264801025
calibration_train/ece:	0.2194041907787323
calibration_train/brier:	0.5704506635665894
accuracy_train/task:	61.304965415019765
calibration_test/ece:	0.2144755870103836
calibration_test/brier:	0.5727742314338684
accuracy_test/task:	60.738425925925924
accuracy_train/concepts:	100.0
map_train/concepts:	0.9999680093356541
accuracy_test/concepts:	99.99736022949219
map_test/concepts:	0.9999026954174042
accuracy_test/nuisances_task:	5.002315156161785
accuracy_test/nuisances_nontask:	0.18518511205911636
mutual_inf_test/nuisances_task:	0.0832350811027619
mutual_inf_test/nuisances_nontask:	-3.1305959169558584e-05

Epoch 51
losses_train/task:	1.3799655437469482
losses_train/concepts:	0.09927108883857727
losses_train/representations:	0.2619715929031372
losses_train/total:	1.7412077188491821
losses_test/task:	1.0963691473007202
losses_test/concepts:	0.008317802101373672
losses_test/representations:	0.2488476037979126
losses_test/total:	1.353534460067749
calibration_test/ece:	0.2069542109966278
calibration_test/brier:	0.5738820433616638
accuracy_test/task:	59.9837962962963
accuracy_test/concepts:	99.9976806640625
map_test/concepts:	0.9999026230403355

Epoch 52
losses_train/task:	1.3756741285324097
losses_train/concepts:	0.09924791753292084
losses_train/representations:	0.2623682916164398
losses_train/total:	1.7372905015945435
losses_test/task:	1.0942316055297852
losses_test/concepts:	0.008776899427175522
losses_test/representations:	0.247166246175766
losses_test/total:	1.3501745462417603
calibration_test/ece:	0.21351230144500732
calibration_test/brier:	0.5721787214279175
accuracy_test/task:	60.729166666666664
accuracy_test/concepts:	99.99736022949219
map_test/concepts:	0.9999030615602221

Epoch 53
losses_train/task:	1.3747996091842651
losses_train/concepts:	0.0965275913476944
losses_train/representations:	0.26260852813720703
losses_train/total:	1.7339359521865845
losses_test/task:	1.0910156965255737
losses_test/concepts:	0.008393704891204834
losses_test/representations:	0.24921825528144836
losses_test/total:	1.3486276865005493
calibration_test/ece:	0.22336475551128387
calibration_test/brier:	0.5708511471748352
accuracy_test/task:	61.6875
accuracy_test/concepts:	99.99752044677734
map_test/concepts:	0.9999031637396131

Epoch 54
losses_train/task:	1.37558114528656
losses_train/concepts:	0.10126462578773499
losses_train/representations:	0.26302680373191833
losses_train/total:	1.7398720979690552
losses_test/task:	1.0889924764633179
losses_test/concepts:	0.008586720563471317
losses_test/representations:	0.2532079517841339
losses_test/total:	1.3507871627807617
calibration_test/ece:	0.21801985800266266
calibration_test/brier:	0.5711103677749634
accuracy_test/task:	61.210648148148145
accuracy_test/concepts:	99.99736022949219
map_test/concepts:	0.9999031722545624

Epoch 55
losses_train/task:	1.3714560270309448
losses_train/concepts:	0.09705471992492676
losses_train/representations:	0.2640548348426819
losses_train/total:	1.7325648069381714
losses_test/task:	1.08749520778656
losses_test/concepts:	0.00926014594733715
losses_test/representations:	0.25600722432136536
losses_test/total:	1.3527623414993286
calibration_test/ece:	0.21813856065273285
calibration_test/brier:	0.5684499144554138
accuracy_test/task:	61.56944444444444
accuracy_test/concepts:	99.99620056152344
map_test/concepts:	0.9999017928327832

Epoch 56
losses_train/task:	1.3719327449798584
losses_train/concepts:	0.09870775789022446
losses_train/representations:	0.2648461163043976
losses_train/total:	1.735486388206482
losses_test/task:	1.083814263343811
losses_test/concepts:	0.008861771784722805
losses_test/representations:	0.25967907905578613
losses_test/total:	1.3523547649383545
calibration_test/ece:	0.21134743094444275
calibration_test/brier:	0.5682443380355835
accuracy_test/task:	60.90972222222222
accuracy_test/concepts:	99.99686431884766
map_test/concepts:	0.9999025591782161

Epoch 57
losses_train/task:	1.3704719543457031
losses_train/concepts:	0.09876705706119537
losses_train/representations:	0.26723718643188477
losses_train/total:	1.736475944519043
losses_test/task:	1.0794270038604736
losses_test/concepts:	0.008880333974957466
losses_test/representations:	0.2631436884403229
losses_test/total:	1.35145103931427
calibration_test/ece:	0.2178218811750412
calibration_test/brier:	0.565900444984436
accuracy_test/task:	61.708333333333336
accuracy_test/concepts:	99.99652862548828
map_test/concepts:	0.9999024016516549

Epoch 58
losses_train/task:	1.366309404373169
losses_train/concepts:	0.0984250083565712
losses_train/representations:	0.2667589783668518
losses_train/total:	1.7314940690994263
losses_test/task:	1.0790683031082153
losses_test/concepts:	0.008854527957737446
losses_test/representations:	0.2622668147087097
losses_test/total:	1.3501896858215332
calibration_test/ece:	0.21670909225940704
calibration_test/brier:	0.5659676194190979
accuracy_test/task:	61.63194444444444
accuracy_test/concepts:	99.99669647216797
map_test/concepts:	0.9999025166034698

Epoch 59
losses_train/task:	1.3669556379318237
losses_train/concepts:	0.09702271223068237
losses_train/representations:	0.26812541484832764
losses_train/total:	1.7321046590805054
losses_test/task:	1.0730488300323486
losses_test/concepts:	0.008738541975617409
losses_test/representations:	0.26314422488212585
losses_test/total:	1.3449320793151855
calibration_test/ece:	0.2145734578371048
calibration_test/brier:	0.5626955628395081
accuracy_test/task:	61.673611111111114
accuracy_test/concepts:	99.99686431884766
map_test/concepts:	0.999902252640043

Epoch 60
losses_train/task:	1.367705225944519
losses_train/concepts:	0.09705988317728043
losses_train/representations:	0.26734787225723267
losses_train/total:	1.7321125268936157
losses_test/task:	1.0804216861724854
losses_test/concepts:	0.008801087737083435
losses_test/representations:	0.25700515508651733
losses_test/total:	1.346228003501892
calibration_train/ece:	0.23296456038951874
calibration_train/brier:	0.5657485127449036
accuracy_train/task:	62.98866724308301
calibration_test/ece:	0.22597190737724304
calibration_test/brier:	0.5682005882263184
accuracy_test/task:	62.217592592592595
accuracy_train/concepts:	100.0
map_train/concepts:	0.999968022108078
accuracy_test/concepts:	99.9963607788086
map_test/concepts:	0.9999024868011475
accuracy_test/nuisances_task:	5.453703366219997
accuracy_test/nuisances_nontask:	0.041666626930236816
mutual_inf_test/nuisances_task:	0.08673227781291659
mutual_inf_test/nuisances_nontask:	-1.2850203486625134e-05

Epoch 61
losses_train/task:	1.365248441696167
losses_train/concepts:	0.10322963446378708
losses_train/representations:	0.2681328058242798
losses_train/total:	1.7366105318069458
losses_test/task:	1.078236699104309
losses_test/concepts:	0.008676811121404171
losses_test/representations:	0.25396087765693665
losses_test/total:	1.340874195098877
calibration_test/ece:	0.21781028807163239
calibration_test/brier:	0.5645506978034973
accuracy_test/task:	61.604166666666664
accuracy_test/concepts:	99.99620056152344
map_test/concepts:	0.9999026911599296

Epoch 62
losses_train/task:	1.3630298376083374
losses_train/concepts:	0.09712224453687668
losses_train/representations:	0.2691362500190735
losses_train/total:	1.7292886972427368
losses_test/task:	1.0735795497894287
losses_test/concepts:	0.008781025186181068
losses_test/representations:	0.2577457129955292
losses_test/total:	1.3401066064834595
calibration_test/ece:	0.21894939243793488
calibration_test/brier:	0.5625144243240356
accuracy_test/task:	62.067129629629626
accuracy_test/concepts:	99.99669647216797
map_test/concepts:	0.9999017502580371

Epoch 63
losses_train/task:	1.3630948066711426
losses_train/concepts:	0.09941789507865906
losses_train/representations:	0.27049970626831055
losses_train/total:	1.7330130338668823
losses_test/task:	1.0754895210266113
losses_test/concepts:	0.00850873626768589
losses_test/representations:	0.25851166248321533
losses_test/total:	1.3425097465515137
calibration_test/ece:	0.21973924338817596
calibration_test/brier:	0.5640233755111694
accuracy_test/task:	62.05324074074074
accuracy_test/concepts:	99.9971923828125
map_test/concepts:	0.99990257195064

Epoch 64
losses_train/task:	1.3634601831436157
losses_train/concepts:	0.09824281185865402
losses_train/representations:	0.27014321088790894
losses_train/total:	1.7318459749221802
losses_test/task:	1.0753774642944336
losses_test/concepts:	0.00878357794135809
losses_test/representations:	0.2560963034629822
losses_test/total:	1.3402572870254517
calibration_test/ece:	0.21793785691261292
calibration_test/brier:	0.5639635920524597
accuracy_test/task:	61.75925925925926
accuracy_test/concepts:	99.99702453613281
map_test/concepts:	0.9999017800603595

Epoch 65
losses_train/task:	1.3608299493789673
losses_train/concepts:	0.10064896196126938
losses_train/representations:	0.27144306898117065
losses_train/total:	1.7329227924346924
losses_test/task:	1.0709954500198364
losses_test/concepts:	0.00856438372284174
losses_test/representations:	0.2529890239238739
losses_test/total:	1.3325488567352295
calibration_test/ece:	0.22693243622779846
calibration_test/brier:	0.5603117942810059
accuracy_test/task:	62.898148148148145
accuracy_test/concepts:	99.99702453613281
map_test/concepts:	0.9999022483825684

Epoch 66
losses_train/task:	1.3601922988891602
losses_train/concepts:	0.09816398471593857
losses_train/representations:	0.2705141305923462
losses_train/total:	1.728870153427124
losses_test/task:	1.065765619277954
losses_test/concepts:	0.008896322920918465
losses_test/representations:	0.2653706967830658
losses_test/total:	1.3400322198867798
calibration_test/ece:	0.21354065835475922
calibration_test/brier:	0.5595310926437378
accuracy_test/task:	61.807870370370374
accuracy_test/concepts:	99.99603271484375
map_test/concepts:	0.9999021674905505

Epoch 67
losses_train/task:	1.3609408140182495
losses_train/concepts:	0.0975734069943428
losses_train/representations:	0.272867888212204
losses_train/total:	1.7313820123672485
losses_test/task:	1.0651034116744995
losses_test/concepts:	0.008870862424373627
losses_test/representations:	0.2642340660095215
losses_test/total:	1.3382081985473633
calibration_test/ece:	0.22190120816230774
calibration_test/brier:	0.5578316450119019
accuracy_test/task:	62.6087962962963
accuracy_test/concepts:	99.99669647216797
map_test/concepts:	0.999902103628431

Epoch 68
losses_train/task:	1.3580198287963867
losses_train/concepts:	0.10079904645681381
losses_train/representations:	0.27256855368614197
losses_train/total:	1.7313876152038574
losses_test/task:	1.063607931137085
losses_test/concepts:	0.009272094815969467
losses_test/representations:	0.2643551528453827
losses_test/total:	1.337235450744629
calibration_test/ece:	0.22115164995193481
calibration_test/brier:	0.5574543476104736
accuracy_test/task:	62.55555555555556
accuracy_test/concepts:	99.99603271484375
map_test/concepts:	0.999901818377631

Epoch 69
losses_train/task:	1.3580400943756104
losses_train/concepts:	0.09946579486131668
losses_train/representations:	0.2724258303642273
losses_train/total:	1.729932427406311
losses_test/task:	1.0724613666534424
losses_test/concepts:	0.008807359263300896
losses_test/representations:	0.26103076338768005
losses_test/total:	1.3422996997833252
calibration_test/ece:	0.22720429301261902
calibration_test/brier:	0.5635825991630554
accuracy_test/task:	62.701388888888886
accuracy_test/concepts:	99.99669647216797
map_test/concepts:	0.9999022441250938

Epoch 70
losses_train/task:	1.355737566947937
losses_train/concepts:	0.09630747139453888
losses_train/representations:	0.27206656336784363
losses_train/total:	1.7241121530532837
losses_test/task:	1.0604182481765747
losses_test/concepts:	0.00889705028384924
losses_test/representations:	0.26415273547172546
losses_test/total:	1.333467721939087
calibration_train/ece:	0.2266298234462738
calibration_train/brier:	0.5536949038505554
accuracy_train/task:	63.213315217391305
calibration_test/ece:	0.22342459857463837
calibration_test/brier:	0.5560645461082458
accuracy_test/task:	62.826388888888886
accuracy_train/concepts:	100.0
map_train/concepts:	0.9999680263655526
accuracy_test/concepts:	99.99652862548828
map_test/concepts:	0.999902354819434
accuracy_test/nuisances_task:	5.0925929099321365
accuracy_test/nuisances_nontask:	0.09027794003486633
mutual_inf_test/nuisances_task:	0.08416855911969556
mutual_inf_test/nuisances_nontask:	-3.2066048926804314e-05

Epoch 71
losses_train/task:	1.3531851768493652
losses_train/concepts:	0.09891453385353088
losses_train/representations:	0.2736896574497223
losses_train/total:	1.725790023803711
losses_test/task:	1.0632058382034302
losses_test/concepts:	0.008776932954788208
losses_test/representations:	0.2631349265575409
losses_test/total:	1.3351179361343384
calibration_test/ece:	0.22729697823524475
calibration_test/brier:	0.5585038065910339
accuracy_test/task:	63.111111111111114
accuracy_test/concepts:	99.99669647216797
map_test/concepts:	0.9999027124473027

Epoch 72
losses_train/task:	1.3539947271347046
losses_train/concepts:	0.09576130658388138
losses_train/representations:	0.2751840651035309
losses_train/total:	1.7249395847320557
losses_test/task:	1.05473792552948
losses_test/concepts:	0.008808720856904984
losses_test/representations:	0.2675284147262573
losses_test/total:	1.3310751914978027
calibration_test/ece:	0.2177923619747162
calibration_test/brier:	0.5545685887336731
accuracy_test/task:	62.61574074074074
accuracy_test/concepts:	99.99669647216797
map_test/concepts:	0.9999019801616669

Epoch 73
losses_train/task:	1.349128246307373
losses_train/concepts:	0.09882679581642151
losses_train/representations:	0.2768428325653076
losses_train/total:	1.7247987985610962
losses_test/task:	1.0586581230163574
losses_test/concepts:	0.008309894241392612
losses_test/representations:	0.27536988258361816
losses_test/total:	1.342337965965271
calibration_test/ece:	0.22011789679527283
calibration_test/brier:	0.5572612881660461
accuracy_test/task:	62.75231481481482
accuracy_test/concepts:	99.99702453613281
map_test/concepts:	0.9999023505619594

Epoch 74
losses_train/task:	1.349709391593933
losses_train/concepts:	0.09973936527967453
losses_train/representations:	0.27653077244758606
losses_train/total:	1.7259798049926758
losses_test/task:	1.0568208694458008
losses_test/concepts:	0.008647109381854534
losses_test/representations:	0.2721000611782074
losses_test/total:	1.3375673294067383
calibration_test/ece:	0.2237122505903244
calibration_test/brier:	0.5557974576950073
accuracy_test/task:	63.050925925925924
accuracy_test/concepts:	99.99669647216797
map_test/concepts:	0.9999023973941803

Epoch 75
losses_train/task:	1.3506755828857422
losses_train/concepts:	0.09621889144182205
losses_train/representations:	0.27525240182876587
losses_train/total:	1.7221460342407227
losses_test/task:	1.0515049695968628
losses_test/concepts:	0.00878677424043417
losses_test/representations:	0.26600146293640137
losses_test/total:	1.3262931108474731
calibration_test/ece:	0.22940830886363983
calibration_test/brier:	0.5513818264007568
accuracy_test/task:	63.824074074074076
accuracy_test/concepts:	99.99669647216797
map_test/concepts:	0.9999022270951953

Epoch 76
losses_train/task:	1.3489243984222412
losses_train/concepts:	0.09673609584569931
losses_train/representations:	0.27651774883270264
losses_train/total:	1.7221784591674805
losses_test/task:	1.0505338907241821
losses_test/concepts:	0.009194431826472282
losses_test/representations:	0.26796212792396545
losses_test/total:	1.3276902437210083
calibration_test/ece:	0.22659845650196075
calibration_test/brier:	0.5509846210479736
accuracy_test/task:	63.613425925925924
accuracy_test/concepts:	99.9957046508789
map_test/concepts:	0.9999015969889504

Epoch 77
losses_train/task:	1.3473176956176758
losses_train/concepts:	0.09793003648519516
losses_train/representations:	0.27872419357299805
losses_train/total:	1.7239725589752197
losses_test/task:	1.052121639251709
losses_test/concepts:	0.008640759624540806
losses_test/representations:	0.2705381512641907
losses_test/total:	1.3313000202178955
calibration_test/ece:	0.21845149993896484
calibration_test/brier:	0.552104651927948
accuracy_test/task:	62.826388888888886
accuracy_test/concepts:	99.99702453613281
map_test/concepts:	0.9999023761068072

Epoch 78
losses_train/task:	1.3439806699752808
losses_train/concepts:	0.09709940105676651
losses_train/representations:	0.2774970233440399
losses_train/total:	1.718577265739441
losses_test/task:	1.0441277027130127
losses_test/concepts:	0.008771308697760105
losses_test/representations:	0.2673961818218231
losses_test/total:	1.3202948570251465
calibration_test/ece:	0.2326401025056839
calibration_test/brier:	0.5466457605361938
accuracy_test/task:	64.43981481481481
accuracy_test/concepts:	99.99669647216797
map_test/concepts:	0.9999016736234937

Epoch 79
losses_train/task:	1.3458949327468872
losses_train/concepts:	0.1005418598651886
losses_train/representations:	0.2794967293739319
losses_train/total:	1.7259337902069092
losses_test/task:	1.0423235893249512
losses_test/concepts:	0.008838724344968796
losses_test/representations:	0.2726467549800873
losses_test/total:	1.323809266090393
calibration_test/ece:	0.2351762354373932
calibration_test/brier:	0.5454317331314087
accuracy_test/task:	64.7824074074074
accuracy_test/concepts:	99.99669647216797
map_test/concepts:	0.99990257195064

Epoch 80
losses_train/task:	1.3420445919036865
losses_train/concepts:	0.09724518656730652
losses_train/representations:	0.2791728675365448
losses_train/total:	1.7184631824493408
losses_test/task:	1.039480209350586
losses_test/concepts:	0.00878615491092205
losses_test/representations:	0.2748611569404602
losses_test/total:	1.3231276273727417
calibration_train/ece:	0.22346386313438416
calibration_train/brier:	0.541890561580658
accuracy_train/task:	63.95364995059288
calibration_test/ece:	0.21952158212661743
calibration_test/brier:	0.5449073910713196
accuracy_test/task:	63.45601851851852
accuracy_train/concepts:	100.0
map_train/concepts:	0.9999680178506034
accuracy_test/concepts:	99.9963607788086
map_test/concepts:	0.9999017885753086
accuracy_test/nuisances_task:	5.449074320495129
accuracy_test/nuisances_nontask:	0.1273149624466896
mutual_inf_test/nuisances_task:	0.08845601387348956
mutual_inf_test/nuisances_nontask:	-5.528809608579266e-06

Epoch 81
losses_train/task:	1.336345911026001
losses_train/concepts:	0.0982774868607521
losses_train/representations:	0.2819177806377411
losses_train/total:	1.716540813446045
losses_test/task:	1.0415993928909302
losses_test/concepts:	0.008393040858209133
losses_test/representations:	0.2693140208721161
losses_test/total:	1.3193066120147705
calibration_test/ece:	0.2329174429178238
calibration_test/brier:	0.546815812587738
accuracy_test/task:	64.48611111111111
accuracy_test/concepts:	99.99686431884766
map_test/concepts:	0.9999028146266937

Epoch 82
losses_train/task:	1.339211344718933
losses_train/concepts:	0.09892092645168304
losses_train/representations:	0.2790023982524872
losses_train/total:	1.7171345949172974
losses_test/task:	1.0389577150344849
losses_test/concepts:	0.008459513075649738
losses_test/representations:	0.27267834544181824
losses_test/total:	1.3200957775115967
calibration_test/ece:	0.2318047732114792
calibration_test/brier:	0.5456910133361816
accuracy_test/task:	64.45138888888889
accuracy_test/concepts:	99.99702453613281
map_test/concepts:	0.9999025251184191

Epoch 83
losses_train/task:	1.3416407108306885
losses_train/concepts:	0.09808293730020523
losses_train/representations:	0.2798387110233307
losses_train/total:	1.7195625305175781
losses_test/task:	1.0391333103179932
losses_test/concepts:	0.008473510853946209
losses_test/representations:	0.26728230714797974
losses_test/total:	1.3148891925811768
calibration_test/ece:	0.23402604460716248
calibration_test/brier:	0.5449753403663635
accuracy_test/task:	64.64814814814815
accuracy_test/concepts:	99.99702453613281
map_test/concepts:	0.9999026017529624

Epoch 84
losses_train/task:	1.339402675628662
losses_train/concepts:	0.1015421524643898
losses_train/representations:	0.2803460657596588
losses_train/total:	1.7212917804718018
losses_test/task:	1.038116693496704
losses_test/concepts:	0.008652575314044952
losses_test/representations:	0.2729388475418091
losses_test/total:	1.319707989692688
calibration_test/ece:	0.23369215428829193
calibration_test/brier:	0.5449998378753662
accuracy_test/task:	64.71064814814815
accuracy_test/concepts:	99.99652862548828
map_test/concepts:	0.9999023505619594

Epoch 85
losses_train/task:	1.338355302810669
losses_train/concepts:	0.09725000709295273
losses_train/representations:	0.2801405191421509
losses_train/total:	1.7157461643218994
losses_test/task:	1.0395307540893555
losses_test/concepts:	0.008391533978283405
losses_test/representations:	0.26862233877182007
losses_test/total:	1.316544532775879
calibration_test/ece:	0.2316686511039734
calibration_test/brier:	0.5452352166175842
accuracy_test/task:	64.46296296296296
accuracy_test/concepts:	99.99686431884766
map_test/concepts:	0.9999022654124669

Epoch 86
losses_train/task:	1.3391408920288086
losses_train/concepts:	0.09655477851629257
losses_train/representations:	0.27931898832321167
losses_train/total:	1.7150145769119263
losses_test/task:	1.0382643938064575
losses_test/concepts:	0.008569172583520412
losses_test/representations:	0.2705349028110504
losses_test/total:	1.3173681497573853
calibration_test/ece:	0.23332518339157104
calibration_test/brier:	0.5450381636619568
accuracy_test/task:	64.64120370370371
accuracy_test/concepts:	99.99686431884766
map_test/concepts:	0.9999022781848907

Epoch 87
losses_train/task:	1.338856816291809
losses_train/concepts:	0.09987366199493408
losses_train/representations:	0.280582070350647
losses_train/total:	1.7193137407302856
losses_test/task:	1.0394806861877441
losses_test/concepts:	0.008553254418075085
losses_test/representations:	0.2705761790275574
losses_test/total:	1.3186100721359253
calibration_test/ece:	0.23239542543888092
calibration_test/brier:	0.5458298921585083
accuracy_test/task:	64.50925925925925
accuracy_test/concepts:	99.99686431884766
map_test/concepts:	0.9999022739274162

Epoch 88
losses_train/task:	1.3404515981674194
losses_train/concepts:	0.09748128056526184
losses_train/representations:	0.279689759016037
losses_train/total:	1.717622995376587
losses_test/task:	1.037394642829895
losses_test/concepts:	0.008506839163601398
losses_test/representations:	0.2721099555492401
losses_test/total:	1.3180116415023804
calibration_test/ece:	0.23224207758903503
calibration_test/brier:	0.5443837642669678
accuracy_test/task:	64.61805555555556
accuracy_test/concepts:	99.99669647216797
map_test/concepts:	0.9999022781848907

Epoch 89
losses_train/task:	1.3395463228225708
losses_train/concepts:	0.09821787476539612
losses_train/representations:	0.27963075041770935
losses_train/total:	1.717394471168518
losses_test/task:	1.037378191947937
losses_test/concepts:	0.008675790391862392
losses_test/representations:	0.27092409133911133
losses_test/total:	1.3169783353805542
calibration_test/ece:	0.23207850754261017
calibration_test/brier:	0.5441429615020752
accuracy_test/task:	64.60185185185185
accuracy_test/concepts:	99.99669647216797
map_test/concepts:	0.99990257195064

Epoch 90
losses_train/task:	1.3400330543518066
losses_train/concepts:	0.09976144880056381
losses_train/representations:	0.27944546937942505
losses_train/total:	1.7192397117614746
losses_test/task:	1.0390357971191406
losses_test/concepts:	0.008524132892489433
losses_test/representations:	0.2694458067417145
losses_test/total:	1.3170056343078613
calibration_train/ece:	0.23704494535923004
calibration_train/brier:	0.5423408150672913
accuracy_train/task:	65.12243700592886
calibration_test/ece:	0.23222020268440247
calibration_test/brier:	0.5452239513397217
accuracy_test/task:	64.53472222222223
accuracy_train/concepts:	100.0
map_train/concepts:	0.9999680135931287
accuracy_test/concepts:	99.99669647216797
map_test/concepts:	0.9999025804655892
accuracy_test/nuisances_task:	5.393518693745136
accuracy_test/nuisances_nontask:	0.16666650772094727
mutual_inf_test/nuisances_task:	0.08878178628283162
mutual_inf_test/nuisances_nontask:	-2.2979707796633164e-05

Epoch 91
losses_train/task:	1.337204933166504
losses_train/concepts:	0.09895827621221542
losses_train/representations:	0.27888599038124084
losses_train/total:	1.7150497436523438
losses_test/task:	1.0368502140045166
losses_test/concepts:	0.008607630617916584
losses_test/representations:	0.27080008387565613
losses_test/total:	1.3162578344345093
calibration_test/ece:	0.23322579264640808
calibration_test/brier:	0.5438929200172424
accuracy_test/task:	64.73379629629629
accuracy_test/concepts:	99.99669647216797
map_test/concepts:	0.9999023122446877

Epoch 92
losses_train/task:	1.3431614637374878
losses_train/concepts:	0.09849783778190613
losses_train/representations:	0.2807076573371887
losses_train/total:	1.7223670482635498
losses_test/task:	1.037649154663086
losses_test/concepts:	0.008629731833934784
losses_test/representations:	0.2690271735191345
losses_test/total:	1.3153057098388672
calibration_test/ece:	0.23310835659503937
calibration_test/brier:	0.5443828701972961
accuracy_test/task:	64.66203703703704
accuracy_test/concepts:	99.99669647216797
map_test/concepts:	0.9999026145253863

Epoch 93
losses_train/task:	1.3412034511566162
losses_train/concepts:	0.09942662715911865
losses_train/representations:	0.2805926501750946
losses_train/total:	1.7212228775024414
losses_test/task:	1.038321614265442
losses_test/concepts:	0.008727946318686008
losses_test/representations:	0.2695077955722809
losses_test/total:	1.3165574073791504
calibration_test/ece:	0.23551279306411743
calibration_test/brier:	0.5448740124702454
accuracy_test/task:	64.81712962962963
accuracy_test/concepts:	99.99669647216797
map_test/concepts:	0.9999018268925803

Epoch 94
losses_train/task:	1.3396050930023193
losses_train/concepts:	0.09585262089967728
losses_train/representations:	0.2804092466831207
losses_train/total:	1.7158664464950562
losses_test/task:	1.035290241241455
losses_test/concepts:	0.008878764696419239
losses_test/representations:	0.27307063341140747
losses_test/total:	1.3172399997711182
calibration_test/ece:	0.22941969335079193
calibration_test/brier:	0.542829692363739
accuracy_test/task:	64.43981481481481
accuracy_test/concepts:	99.99620056152344
map_test/concepts:	0.999902252640043

Epoch 95
losses_train/task:	1.3396720886230469
losses_train/concepts:	0.09715064615011215
losses_train/representations:	0.27986353635787964
losses_train/total:	1.7166862487792969
losses_test/task:	1.036158800125122
losses_test/concepts:	0.008708723820745945
losses_test/representations:	0.27071434259414673
losses_test/total:	1.3155819177627563
calibration_test/ece:	0.2327941209077835
calibration_test/brier:	0.5436508059501648
accuracy_test/task:	64.69907407407408
accuracy_test/concepts:	99.9963607788086
map_test/concepts:	0.9999020993709564

Epoch 96
losses_train/task:	1.3377577066421509
losses_train/concepts:	0.09655319899320602
losses_train/representations:	0.2803056538105011
losses_train/total:	1.7146161794662476
losses_test/task:	1.0385425090789795
losses_test/concepts:	0.008435857482254505
losses_test/representations:	0.26970115303993225
losses_test/total:	1.3166793584823608
calibration_test/ece:	0.2315523773431778
calibration_test/brier:	0.5448706746101379
accuracy_test/task:	64.43055555555556
accuracy_test/concepts:	99.99686431884766
map_test/concepts:	0.9999022781848907

Epoch 97
losses_train/task:	1.3402632474899292
losses_train/concepts:	0.09924470633268356
losses_train/representations:	0.2803346812725067
losses_train/total:	1.7198423147201538
losses_test/task:	1.035341739654541
losses_test/concepts:	0.008734853938221931
losses_test/representations:	0.2708456218242645
losses_test/total:	1.3149224519729614
calibration_test/ece:	0.23277203738689423
calibration_test/brier:	0.5428489446640015
accuracy_test/task:	64.74074074074075
accuracy_test/concepts:	99.99669647216797
map_test/concepts:	0.9999019290719714

Epoch 98
losses_train/task:	1.3390253782272339
losses_train/concepts:	0.10154883563518524
losses_train/representations:	0.2810209393501282
losses_train/total:	1.7215951681137085
losses_test/task:	1.0376461744308472
losses_test/concepts:	0.008516781032085419
losses_test/representations:	0.2718876898288727
losses_test/total:	1.3180506229400635
calibration_test/ece:	0.23092663288116455
calibration_test/brier:	0.5445659160614014
accuracy_test/task:	64.45833333333333
accuracy_test/concepts:	99.99686431884766
map_test/concepts:	0.9999021334307534

Epoch 99
losses_train/task:	1.338605523109436
losses_train/concepts:	0.09934546053409576
losses_train/representations:	0.2809310853481293
losses_train/total:	1.7188820838928223
losses_test/task:	1.0356403589248657
losses_test/concepts:	0.008740350604057312
losses_test/representations:	0.2743896245956421
losses_test/total:	1.3187705278396606
calibration_test/ece:	0.2300809770822525
calibration_test/brier:	0.5433616638183594
accuracy_test/task:	64.46527777777777
accuracy_test/concepts:	99.9963607788086
map_test/concepts:	0.9999024101666042

Epoch 100
losses_train/task:	1.3355110883712769
losses_train/concepts:	0.09862789511680603
losses_train/representations:	0.2798013389110565
losses_train/total:	1.7139410972595215
losses_test/task:	1.0357011556625366
losses_test/concepts:	0.008806279860436916
losses_test/representations:	0.2722773551940918
losses_test/total:	1.316784381866455
calibration_train/ece:	0.23601172864437103
calibration_train/brier:	0.5402175784111023
accuracy_train/task:	65.21121541501977
calibration_test/ece:	0.23153196275234222
calibration_test/brier:	0.543181836605072
accuracy_test/task:	64.65972222222223
accuracy_train/concepts:	100.0
map_train/concepts:	0.9999680093356541
accuracy_test/concepts:	99.99603271484375
map_test/concepts:	0.9999023037297385
accuracy_test/nuisances_task:	5.224536918103695
accuracy_test/nuisances_nontask:	0.09722225368022919
mutual_inf_test/nuisances_task:	0.08607872145264828
mutual_inf_test/nuisances_nontask:	9.243943253411935e-06

epoch_100.pt
groups=0 err_lowconf=35.340 err_random=35.340
groups=1 err_lowconf=35.556 err_random=35.556
groups=2 err_lowconf=36.368 err_random=36.368
groups=3 err_lowconf=37.405 err_random=37.405
groups=4 err_lowconf=37.764 err_random=37.764
groups=5 err_lowconf=39.819 err_random=39.819
groups=6 err_lowconf=42.562 err_random=42.562
groups=7 err_lowconf=51.347 err_random=51.347
groups=8 err_lowconf=70.676 err_random=70.676
groups=9 err_lowconf=71.088 err_random=71.088
groups=10 err_lowconf=71.975 err_random=71.975
groups=11 err_lowconf=75.229 err_random=75.229
groups=12 err_lowconf=76.046 err_random=76.046
groups=13 err_lowconf=76.863 err_random=76.863
groups=14 err_lowconf=77.586 err_random=77.586
[1;34mwandb[0m:
[1;34mwandb[0m: You can sync this run to the cloud by running:
[1;34mwandb[0m: [1mwandb sync /research/hal-afsharim/minimal_cbm/results/mpi3d-mcbm-1-bs512/42/wandb/offline-run-20260811_192028-u0j1q8x7[0m
[1;34mwandb[0m: Find logs at: [1;35mresults/mpi3d-mcbm-1-bs512/42/wandb/offline-run-20260811_192028-u0j1q8x7/logs[0m
