
===== launch 2026-07-25 06:38:29.437595 gpu1 =====
wandb: Using wandb-core as the SDK backend.  Please refer to https://wandb.me/wandb-core for more information.
wandb: Tracking run with wandb version 0.19.0
wandb: W&B syncing is set to `offline` in this directory.  
wandb: Run `wandb online` or set WANDB_MODE=online to enable cloud syncing.

===== launch 2026-07-25 09:32:00.956479 gpu1 =====
wandb: Using wandb-core as the SDK backend.  Please refer to https://wandb.me/wandb-core for more information.
wandb: Tracking run with wandb version 0.19.0
wandb: W&B syncing is set to `offline` in this directory.  
wandb: Run `wandb online` or set WANDB_MODE=online to enable cloud syncing.

===== launch 2026-07-25 09:38:32.550869 gpu0 =====
wandb: Using wandb-core as the SDK backend.  Please refer to https://wandb.me/wandb-core for more information.
wandb: Tracking run with wandb version 0.19.0
wandb: W&B syncing is set to `offline` in this directory.  
wandb: Run `wandb online` or set WANDB_MODE=online to enable cloud syncing.

===== launch 2026-07-25 09:42:53.916135 gpu4 =====
wandb: Using wandb-core as the SDK backend.  Please refer to https://wandb.me/wandb-core for more information.
wandb: Tracking run with wandb version 0.19.0
wandb: W&B syncing is set to `offline` in this directory.  
wandb: Run `wandb online` or set WANDB_MODE=online to enable cloud syncing.

===== launch 2026-07-26 00:37:56.501896 gpu2 =====
wandb: Using wandb-core as the SDK backend.  Please refer to https://wandb.me/wandb-core for more information.
wandb: Tracking run with wandb version 0.19.0
wandb: W&B syncing is set to `offline` in this directory.  
wandb: Run `wandb online` or set WANDB_MODE=online to enable cloud syncing.
Epoch 1
losses_train/task:	1.7373790740966797
losses_train/concepts:	25.618410110473633
losses_train/total:	4.299221515655518
losses_test/task:	1.3950895071029663
losses_test/concepts:	23.98100471496582
losses_test/total:	3.793189764022827
calibration_test/ece:	0.04741859436035156
calibration_test/brier:	0.6416241526603699
accuracy_test/task:	49.95
accuracy_test/concepts:	82.94966888427734
map_test/concepts:	0.8183106167853111

Epoch 2
losses_train/task:	1.337280035018921
losses_train/concepts:	23.885086059570312
losses_train/total:	3.725789785385132
losses_test/task:	1.239033579826355
losses_test/concepts:	23.362173080444336
losses_test/total:	3.5752506256103516
calibration_test/ece:	0.03494076803326607
calibration_test/brier:	0.5745923519134521
accuracy_test/task:	56.33
accuracy_test/concepts:	83.39155578613281
map_test/concepts:	0.8300173177267425

Epoch 3
losses_train/task:	1.2131352424621582
losses_train/concepts:	23.411842346191406
losses_train/total:	3.554319143295288
losses_test/task:	1.1578313112258911
losses_test/concepts:	23.040739059448242
losses_test/total:	3.4619057178497314
calibration_test/ece:	0.01681719906628132
calibration_test/brier:	0.54262375831604
accuracy_test/task:	58.83
accuracy_test/concepts:	83.59000396728516
map_test/concepts:	0.8367807766771875

Epoch 4
losses_train/task:	1.136074423789978
losses_train/concepts:	23.103679656982422
losses_train/total:	3.4464426040649414
losses_test/task:	1.099757194519043
losses_test/concepts:	22.81623649597168
losses_test/total:	3.381381034851074
calibration_test/ece:	0.014105203561484814
calibration_test/brier:	0.5181363821029663
accuracy_test/task:	60.92
accuracy_test/concepts:	83.75154876708984
map_test/concepts:	0.841140411735978

Epoch 5
losses_train/task:	1.076471209526062
losses_train/concepts:	22.86117172241211
losses_train/total:	3.362586736679077
losses_test/task:	1.0568115711212158
losses_test/concepts:	22.610212326049805
losses_test/total:	3.3178317546844482
calibration_test/ece:	0.010965556837618351
calibration_test/brier:	0.49941903352737427
accuracy_test/task:	62.64
accuracy_test/concepts:	83.90093231201172
map_test/concepts:	0.8450812874943949

Epoch 6
losses_train/task:	1.023384690284729
losses_train/concepts:	22.658954620361328
losses_train/total:	3.289283037185669
losses_test/task:	1.021928310394287
losses_test/concepts:	22.463451385498047
losses_test/total:	3.2682738304138184
calibration_test/ece:	0.013971363194286823
calibration_test/brier:	0.48503798246383667
accuracy_test/task:	63.64
accuracy_test/concepts:	84.0143814086914
map_test/concepts:	0.8479096762603149

Epoch 7
losses_train/task:	0.9799420833587646
losses_train/concepts:	22.489526748657227
losses_train/total:	3.228896379470825
losses_test/task:	0.9948262572288513
losses_test/concepts:	22.346973419189453
losses_test/total:	3.2295238971710205
calibration_test/ece:	0.016672490164637566
calibration_test/brier:	0.4730982780456543
accuracy_test/task:	64.47
accuracy_test/concepts:	84.14045715332031
map_test/concepts:	0.8502437676652335

Epoch 8
losses_train/task:	0.9353296160697937
losses_train/concepts:	22.332773208618164
losses_train/total:	3.1686065196990967
losses_test/task:	0.9628714323043823
losses_test/concepts:	22.21885108947754
losses_test/total:	3.1847567558288574
calibration_test/ece:	0.014790412038564682
calibration_test/brier:	0.4588489830493927
accuracy_test/task:	65.8
accuracy_test/concepts:	84.21141052246094
map_test/concepts:	0.8522815520409495

Epoch 9
losses_train/task:	0.8965734243392944
losses_train/concepts:	22.206626892089844
losses_train/total:	3.1172373294830322
losses_test/task:	0.9563356637954712
losses_test/concepts:	22.170116424560547
losses_test/total:	3.173346996307373
calibration_test/ece:	0.021941978484392166
calibration_test/brier:	0.45541778206825256
accuracy_test/task:	66.04
accuracy_test/concepts:	84.26045989990234
map_test/concepts:	0.8535425820155069

Epoch 10
losses_train/task:	0.8628169894218445
losses_train/concepts:	22.079715728759766
losses_train/total:	3.070791721343994
losses_test/task:	0.9337725043296814
losses_test/concepts:	22.073760986328125
losses_test/total:	3.141148567199707
calibration_test/ece:	0.023445645347237587
calibration_test/brier:	0.44522982835769653
accuracy_test/task:	66.91
accuracy_test/concepts:	84.325927734375
map_test/concepts:	0.8551322056446224

Epoch 11
losses_train/task:	0.8308410048484802
losses_train/concepts:	21.981210708618164
losses_train/total:	3.0289621353149414
losses_test/task:	0.9209436774253845
losses_test/concepts:	21.993450164794922
losses_test/total:	3.120288133621216
calibration_test/ece:	0.024685760959982872
calibration_test/brier:	0.4383973777294159
accuracy_test/task:	67.8
accuracy_test/concepts:	84.40592956542969
map_test/concepts:	0.8560625758254901

Epoch 12
losses_train/task:	0.8042255640029907
losses_train/concepts:	21.87726402282715
losses_train/total:	2.9919512271881104
losses_test/task:	0.9221974611282349
losses_test/concepts:	21.953855514526367
losses_test/total:	3.117582321166992
calibration_test/ece:	0.03835585340857506
calibration_test/brier:	0.4383995532989502
accuracy_test/task:	67.8
accuracy_test/concepts:	84.41484069824219
map_test/concepts:	0.8571744025684893

Epoch 13
losses_train/task:	0.7755035758018494
losses_train/concepts:	21.792356491088867
losses_train/total:	2.9547369480133057
losses_test/task:	0.9147158265113831
losses_test/concepts:	21.909324645996094
losses_test/total:	3.1056487560272217
calibration_test/ece:	0.03912759944796562
calibration_test/brier:	0.43515995144844055
accuracy_test/task:	67.94
accuracy_test/concepts:	84.48513793945312
map_test/concepts:	0.858019802486524

Epoch 14
losses_train/task:	0.7558572292327881
losses_train/concepts:	21.7158260345459
losses_train/total:	2.9274380207061768
losses_test/task:	0.9135133028030396
losses_test/concepts:	21.855146408081055
losses_test/total:	3.0990283489227295
calibration_test/ece:	0.04338575527071953
calibration_test/brier:	0.4336070716381073
accuracy_test/task:	68.14
accuracy_test/concepts:	84.54203033447266
map_test/concepts:	0.8586656245170161

Epoch 15
losses_train/task:	0.7233970761299133
losses_train/concepts:	21.629817962646484
losses_train/total:	2.8863790035247803
losses_test/task:	0.9076371192932129
losses_test/concepts:	21.8431396484375
losses_test/total:	3.091951370239258
calibration_test/ece:	0.04869174584746361
calibration_test/brier:	0.42847076058387756
accuracy_test/task:	68.62
accuracy_test/concepts:	84.54312896728516
map_test/concepts:	0.8591586854308844

Epoch 16
losses_train/task:	0.7027369737625122
losses_train/concepts:	21.55986976623535
losses_train/total:	2.8587234020233154
losses_test/task:	0.9037984013557434
losses_test/concepts:	21.768335342407227
losses_test/total:	3.080631732940674
calibration_test/ece:	0.05648978799581528
calibration_test/brier:	0.4280448853969574
accuracy_test/task:	68.38
accuracy_test/concepts:	84.58485412597656
map_test/concepts:	0.8599504930898547

Epoch 17
losses_train/task:	0.6769052743911743
losses_train/concepts:	21.48065948486328
losses_train/total:	2.8249716758728027
losses_test/task:	0.880282461643219
losses_test/concepts:	21.724992752075195
losses_test/total:	3.0527820587158203
calibration_test/ece:	0.05247058346867561
calibration_test/brier:	0.41589727997779846
accuracy_test/task:	69.55
accuracy_test/concepts:	84.6323471069336
map_test/concepts:	0.8605799599317834

Epoch 18
losses_train/task:	0.6572960615158081
losses_train/concepts:	21.421918869018555
losses_train/total:	2.7994871139526367
losses_test/task:	0.8888297080993652
losses_test/concepts:	21.7198486328125
losses_test/total:	3.060814619064331
calibration_test/ece:	0.05323619395494461
calibration_test/brier:	0.42201337218284607
accuracy_test/task:	69.39
accuracy_test/concepts:	84.59812927246094
map_test/concepts:	0.8607267432380468

Epoch 19
losses_train/task:	0.6345088481903076
losses_train/concepts:	21.355213165283203
losses_train/total:	2.770029306411743
losses_test/task:	0.9040650129318237
losses_test/concepts:	21.715757369995117
losses_test/total:	3.0756406784057617
calibration_test/ece:	0.06160736829042435
calibration_test/brier:	0.4250536561012268
accuracy_test/task:	69.18
accuracy_test/concepts:	84.65655517578125
map_test/concepts:	0.8608297028113157

Epoch 20
losses_train/task:	0.6128217577934265
losses_train/concepts:	21.295686721801758
losses_train/total:	2.7423911094665527
losses_test/task:	0.8929527401924133
losses_test/concepts:	21.70428466796875
losses_test/total:	3.0633816719055176
calibration_test/ece:	0.06668441742658615
calibration_test/brier:	0.4202958643436432
accuracy_test/task:	69.48
accuracy_test/concepts:	84.62796783447266
map_test/concepts:	0.8612914268160239

Epoch 21
losses_train/task:	0.5909850597381592
losses_train/concepts:	21.23109245300293
losses_train/total:	2.7140917778015137
losses_test/task:	0.8986897468566895
losses_test/concepts:	21.65602684020996
losses_test/total:	3.0642926692962646
calibration_test/ece:	0.07100217789411545
calibration_test/brier:	0.4199488162994385
accuracy_test/task:	69.65
accuracy_test/concepts:	84.68219757080078
map_test/concepts:	0.8617936419323087

Epoch 22
losses_train/task:	0.569895327091217
losses_train/concepts:	21.169464111328125
losses_train/total:	2.686840534210205
losses_test/task:	0.9026323556900024
losses_test/concepts:	21.64837646484375
losses_test/total:	3.0674703121185303
calibration_test/ece:	0.07941491156816483
calibration_test/brier:	0.41990479826927185
accuracy_test/task:	69.64
accuracy_test/concepts:	84.69327545166016
map_test/concepts:	0.8620948968455195

Epoch 23
losses_train/task:	0.5536289811134338
losses_train/concepts:	21.13979721069336
losses_train/total:	2.667609214782715
losses_test/task:	0.8815804123878479
losses_test/concepts:	21.610139846801758
losses_test/total:	3.042595148086548
calibration_test/ece:	0.07151152193546295
calibration_test/brier:	0.40991541743278503
accuracy_test/task:	70.66
accuracy_test/concepts:	84.72016906738281
map_test/concepts:	0.8624149486422539

Epoch 24
losses_train/task:	0.5344651341438293
losses_train/concepts:	21.085296630859375
losses_train/total:	2.642996072769165
losses_test/task:	0.8956677913665771
losses_test/concepts:	21.632038116455078
losses_test/total:	3.0588722229003906
calibration_test/ece:	0.0819937139749527
calibration_test/brier:	0.41296640038490295
accuracy_test/task:	70.45
accuracy_test/concepts:	84.73094177246094
map_test/concepts:	0.8623688770458102

Epoch 25
losses_train/task:	0.5142686367034912
losses_train/concepts:	21.031837463378906
losses_train/total:	2.617452621459961
losses_test/task:	0.8938093781471252
losses_test/concepts:	21.612197875976562
losses_test/total:	3.0550296306610107
calibration_test/ece:	0.07632163166999817
calibration_test/brier:	0.4105331003665924
accuracy_test/task:	70.75
accuracy_test/concepts:	84.72938537597656
map_test/concepts:	0.8626654867548496

Epoch 26
losses_train/task:	0.4957617223262787
losses_train/concepts:	20.987865447998047
losses_train/total:	2.5945475101470947
losses_test/task:	0.9204322099685669
losses_test/concepts:	21.6031436920166
losses_test/total:	3.08074688911438
calibration_test/ece:	0.08864595741033554
calibration_test/brier:	0.41779711842536926
accuracy_test/task:	70.22
accuracy_test/concepts:	84.7310791015625
map_test/concepts:	0.8627484918106347

Epoch 27
losses_train/task:	0.47650137543678284
losses_train/concepts:	20.9359073638916
losses_train/total:	2.570091724395752
losses_test/task:	0.9018638134002686
losses_test/concepts:	21.596342086791992
losses_test/total:	3.0614988803863525
calibration_test/ece:	0.08717312663793564
calibration_test/brier:	0.4096165895462036
accuracy_test/task:	71.12
accuracy_test/concepts:	84.73656463623047
map_test/concepts:	0.8628497933968902

Epoch 28
losses_train/task:	0.46138134598731995
losses_train/concepts:	20.902759552001953
losses_train/total:	2.5516576766967773
losses_test/task:	0.9487111568450928
losses_test/concepts:	21.5880126953125
losses_test/total:	3.1075119972229004
calibration_test/ece:	0.10495220124721527
calibration_test/brier:	0.42591211199760437
accuracy_test/task:	69.94
accuracy_test/concepts:	84.72657012939453
map_test/concepts:	0.8632569134933874

Epoch 29
losses_train/task:	0.443013459444046
losses_train/concepts:	20.855758666992188
losses_train/total:	2.5285894870758057
losses_test/task:	0.9343700408935547
losses_test/concepts:	21.58293342590332
losses_test/total:	3.092662811279297
calibration_test/ece:	0.09882474690675735
calibration_test/brier:	0.4170079231262207
accuracy_test/task:	71.02
accuracy_test/concepts:	84.71827697753906
map_test/concepts:	0.8633422148413956

Epoch 30
losses_train/task:	0.43100011348724365
losses_train/concepts:	20.818811416625977
losses_train/total:	2.51288104057312
losses_test/task:	0.947003185749054
losses_test/concepts:	21.595626831054688
losses_test/total:	3.1065659523010254
calibration_test/ece:	0.10326972603797913
calibration_test/brier:	0.4195997416973114
accuracy_test/task:	70.65
accuracy_test/concepts:	84.70907592773438
map_test/concepts:	0.8635735525749624

Epoch 31
losses_train/task:	0.41305235028266907
losses_train/concepts:	20.7864933013916
losses_train/total:	2.4917006492614746
losses_test/task:	0.9591577649116516
losses_test/concepts:	21.562118530273438
losses_test/total:	3.115370512008667
calibration_test/ece:	0.1127244383096695
calibration_test/brier:	0.4222429692745209
accuracy_test/task:	70.45
accuracy_test/concepts:	84.75515747070312
map_test/concepts:	0.8635723448824137

Epoch 32
losses_train/task:	0.3979986011981964
losses_train/concepts:	20.739105224609375
losses_train/total:	2.471907615661621
losses_test/task:	0.9703074097633362
losses_test/concepts:	21.603872299194336
losses_test/total:	3.130694627761841
calibration_test/ece:	0.11274437606334686
calibration_test/brier:	0.42293721437454224
accuracy_test/task:	70.79
accuracy_test/concepts:	84.72078704833984
map_test/concepts:	0.863681401591748

Epoch 33
losses_train/task:	0.38513845205307007
losses_train/concepts:	20.70265769958496
losses_train/total:	2.45540452003479
losses_test/task:	0.9586024284362793
losses_test/concepts:	21.552305221557617
losses_test/total:	3.113832473754883
calibration_test/ece:	0.11473480612039566
calibration_test/brier:	0.4210379421710968
accuracy_test/task:	70.79
accuracy_test/concepts:	84.72828674316406
map_test/concepts:	0.8638988538878039

Epoch 34
losses_train/task:	0.3711857199668884
losses_train/concepts:	20.65728187561035
losses_train/total:	2.4369122982025146
losses_test/task:	0.9831881523132324
losses_test/concepts:	21.549346923828125
losses_test/total:	3.138122797012329
calibration_test/ece:	0.11542351543903351
calibration_test/brier:	0.4255030155181885
accuracy_test/task:	70.63
accuracy_test/concepts:	84.7339096069336
map_test/concepts:	0.863919158349745

Epoch 35
losses_train/task:	0.3600504696369171
losses_train/concepts:	20.62948226928711
losses_train/total:	2.422999143600464
losses_test/task:	0.9643046259880066
losses_test/concepts:	21.496809005737305
losses_test/total:	3.113985538482666
calibration_test/ece:	0.118336021900177
calibration_test/brier:	0.41686904430389404
accuracy_test/task:	71.35
accuracy_test/concepts:	84.7885971069336
map_test/concepts:	0.8645017188973725

Epoch 36
losses_train/task:	0.3460325002670288
losses_train/concepts:	20.55713653564453
losses_train/total:	2.4017457962036133
losses_test/task:	0.989865779876709
losses_test/concepts:	21.499267578125
losses_test/total:	3.1397933959960938
calibration_test/ece:	0.1258402168750763
calibration_test/brier:	0.41938289999961853
accuracy_test/task:	71.35
accuracy_test/concepts:	84.8410873413086
map_test/concepts:	0.8644771691178903

Epoch 37
losses_train/task:	0.32953327894210815
losses_train/concepts:	20.545316696166992
losses_train/total:	2.3840644359588623
losses_test/task:	0.999267041683197
losses_test/concepts:	21.500818252563477
losses_test/total:	3.1493499279022217
calibration_test/ece:	0.1286250501871109
calibration_test/brier:	0.4222401976585388
accuracy_test/task:	70.94
accuracy_test/concepts:	84.8087387084961
map_test/concepts:	0.8645118701970205

Epoch 38
losses_train/task:	0.3203992247581482
losses_train/concepts:	20.49610710144043
losses_train/total:	2.370009183883667
losses_test/task:	0.9915264844894409
losses_test/concepts:	21.486982345581055
losses_test/total:	3.1402251720428467
calibration_test/ece:	0.12375245988368988
calibration_test/brier:	0.4177091419696808
accuracy_test/task:	71.61
accuracy_test/concepts:	84.82937622070312
map_test/concepts:	0.864850748097524

Epoch 39
losses_train/task:	0.30949878692626953
losses_train/concepts:	20.455509185791016
losses_train/total:	2.355050563812256
losses_test/task:	1.0339858531951904
losses_test/concepts:	21.50591278076172
losses_test/total:	3.184577465057373
calibration_test/ece:	0.13315428793430328
calibration_test/brier:	0.4282504916191101
accuracy_test/task:	71.03
accuracy_test/concepts:	84.7970199584961
map_test/concepts:	0.8648511290084571

Epoch 40
losses_train/task:	0.30659765005111694
losses_train/concepts:	20.431028366088867
losses_train/total:	2.349700450897217
losses_test/task:	1.0288164615631104
losses_test/concepts:	21.48368263244629
losses_test/total:	3.177184581756592
calibration_test/ece:	0.13104070723056793
calibration_test/brier:	0.4256657660007477
accuracy_test/task:	71.69
accuracy_test/concepts:	84.84562683105469
map_test/concepts:	0.864878581953235

Epoch 41
losses_train/task:	0.2901182472705841
losses_train/concepts:	20.394033432006836
losses_train/total:	2.3295204639434814
losses_test/task:	1.0411193370819092
losses_test/concepts:	21.45857048034668
losses_test/total:	3.1869771480560303
calibration_test/ece:	0.1403854340314865
calibration_test/brier:	0.42494383454322815
accuracy_test/task:	71.24
accuracy_test/concepts:	84.87438201904297
map_test/concepts:	0.865296313422732

Epoch 42
losses_train/task:	0.2808471918106079
losses_train/concepts:	20.356245040893555
losses_train/total:	2.3164727687835693
losses_test/task:	1.0612953901290894
losses_test/concepts:	21.489015579223633
losses_test/total:	3.2101967334747314
calibration_test/ece:	0.14289763569831848
calibration_test/brier:	0.43227651715278625
accuracy_test/task:	71.2
accuracy_test/concepts:	84.82064056396484
map_test/concepts:	0.8649961857590824

Epoch 43
losses_train/task:	0.27543237805366516
losses_train/concepts:	20.310089111328125
losses_train/total:	2.3064420223236084
losses_test/task:	1.076402187347412
losses_test/concepts:	21.488832473754883
losses_test/total:	3.2252860069274902
calibration_test/ece:	0.14665359258651733
calibration_test/brier:	0.4320932626724243
accuracy_test/task:	71.48
accuracy_test/concepts:	84.81000518798828
map_test/concepts:	0.8656105120899156

Epoch 44
losses_train/task:	0.26254206895828247
losses_train/concepts:	20.268884658813477
losses_train/total:	2.289430618286133
losses_test/task:	1.0624948740005493
losses_test/concepts:	21.46083641052246
losses_test/total:	3.2085788249969482
calibration_test/ece:	0.14912426471710205
calibration_test/brier:	0.42756375670433044
accuracy_test/task:	71.62
accuracy_test/concepts:	84.86407470703125
map_test/concepts:	0.865718157729134

Epoch 45
losses_train/task:	0.25320279598236084
losses_train/concepts:	20.247364044189453
losses_train/total:	2.2779383659362793
losses_test/task:	1.0797533988952637
losses_test/concepts:	21.50992774963379
losses_test/total:	3.230745792388916
calibration_test/ece:	0.1496502310037613
calibration_test/brier:	0.4301050901412964
accuracy_test/task:	71.44
accuracy_test/concepts:	84.81407165527344
map_test/concepts:	0.8657205714844167

Epoch 46
losses_train/task:	0.24321110546588898
losses_train/concepts:	20.19331169128418
losses_train/total:	2.262542247772217
losses_test/task:	1.0930546522140503
losses_test/concepts:	21.473196029663086
losses_test/total:	3.2403743267059326
calibration_test/ece:	0.14853259921073914
calibration_test/brier:	0.42992278933525085
accuracy_test/task:	71.7
accuracy_test/concepts:	84.8706283569336
map_test/concepts:	0.8662516239564866

Epoch 47
losses_train/task:	0.23718832433223724
losses_train/concepts:	20.16176986694336
losses_train/total:	2.2533655166625977
losses_test/task:	1.128607153892517
losses_test/concepts:	21.450593948364258
losses_test/total:	3.2736666202545166
calibration_test/ece:	0.15599095821380615
calibration_test/brier:	0.44067445397377014
accuracy_test/task:	71.24
accuracy_test/concepts:	84.8436050415039
map_test/concepts:	0.8657167840283364

Epoch 48
losses_train/task:	0.22379642724990845
losses_train/concepts:	20.1181697845459
losses_train/total:	2.23561429977417
losses_test/task:	1.1325340270996094
losses_test/concepts:	21.450284957885742
losses_test/total:	3.277562379837036
calibration_test/ece:	0.15502344071865082
calibration_test/brier:	0.4396876096725464
accuracy_test/task:	71.37
accuracy_test/concepts:	84.84049224853516
map_test/concepts:	0.8656471995636821

Epoch 49
losses_train/task:	0.22583460807800293
losses_train/concepts:	20.083845138549805
losses_train/total:	2.234220504760742
losses_test/task:	1.1577122211456299
losses_test/concepts:	21.503751754760742
losses_test/total:	3.308087110519409
calibration_test/ece:	0.16273219883441925
calibration_test/brier:	0.44246119260787964
accuracy_test/task:	71.41
accuracy_test/concepts:	84.86859130859375
map_test/concepts:	0.8660406684502959

Epoch 50
losses_train/task:	0.21474306285381317
losses_train/concepts:	20.06060218811035
losses_train/total:	2.2208032608032227
losses_test/task:	1.1689298152923584
losses_test/concepts:	21.49515151977539
losses_test/total:	3.3184452056884766
calibration_test/ece:	0.16240596771240234
calibration_test/brier:	0.4419901371002197
accuracy_test/task:	71.63
accuracy_test/concepts:	84.82608795166016
map_test/concepts:	0.8659241090063006

Epoch 51
losses_train/task:	0.20872151851654053
losses_train/concepts:	20.00228500366211
losses_train/total:	2.208948850631714
losses_test/task:	1.1821054220199585
losses_test/concepts:	21.49532127380371
losses_test/total:	3.331637382507324
calibration_test/ece:	0.1640297770500183
calibration_test/brier:	0.4423663914203644
accuracy_test/task:	71.55
accuracy_test/concepts:	84.85626220703125
map_test/concepts:	0.8663680797908455

Epoch 52
losses_train/task:	0.20083966851234436
losses_train/concepts:	19.99431037902832
losses_train/total:	2.200269937515259
losses_test/task:	1.241890549659729
losses_test/concepts:	21.495153427124023
losses_test/total:	3.3914053440093994
calibration_test/ece:	0.17079485952854156
calibration_test/brier:	0.4556311070919037
accuracy_test/task:	70.66
accuracy_test/concepts:	84.84078216552734
map_test/concepts:	0.866227914695628

Epoch 53
losses_train/task:	0.19648925960063934
losses_train/concepts:	19.9415283203125
losses_train/total:	2.1906425952911377
losses_test/task:	1.2261911630630493
losses_test/concepts:	21.500812530517578
losses_test/total:	3.3762717247009277
calibration_test/ece:	0.16995617747306824
calibration_test/brier:	0.45038095116615295
accuracy_test/task:	71.07
accuracy_test/concepts:	84.86905670166016
map_test/concepts:	0.8662163255503401

Epoch 54
losses_train/task:	0.18803584575653076
losses_train/concepts:	19.912029266357422
losses_train/total:	2.17923903465271
losses_test/task:	1.187943696975708
losses_test/concepts:	21.46833038330078
losses_test/total:	3.3347766399383545
calibration_test/ece:	0.16661080718040466
calibration_test/brier:	0.44352856278419495
accuracy_test/task:	71.38
accuracy_test/concepts:	84.86015319824219
map_test/concepts:	0.8662310703657568

Epoch 55
losses_train/task:	0.179160013794899
losses_train/concepts:	19.855703353881836
losses_train/total:	2.1647298336029053
losses_test/task:	1.2444167137145996
losses_test/concepts:	21.484140396118164
losses_test/total:	3.392831325531006
calibration_test/ece:	0.1741366982460022
calibration_test/brier:	0.45251503586769104
accuracy_test/task:	70.97
accuracy_test/concepts:	84.87094116210938
map_test/concepts:	0.8665047239046544

Epoch 56
losses_train/task:	0.1780635565519333
losses_train/concepts:	19.83953285217285
losses_train/total:	2.162017345428467
losses_test/task:	1.2762348651885986
losses_test/concepts:	21.537593841552734
losses_test/total:	3.4299936294555664
calibration_test/ece:	0.17439088225364685
calibration_test/brier:	0.45661985874176025
accuracy_test/task:	70.94
accuracy_test/concepts:	84.8548583984375
map_test/concepts:	0.8659727268386632

Epoch 57
losses_train/task:	0.17376527190208435
losses_train/concepts:	19.77192497253418
losses_train/total:	2.1509573459625244
losses_test/task:	1.272591471672058
losses_test/concepts:	21.496780395507812
losses_test/total:	3.422269105911255
calibration_test/ece:	0.1751869022846222
calibration_test/brier:	0.4542032778263092
accuracy_test/task:	71.0
accuracy_test/concepts:	84.8488998413086
map_test/concepts:	0.8663909292081371

Epoch 58
losses_train/task:	0.17072318494319916
losses_train/concepts:	19.744436264038086
losses_train/total:	2.145167112350464
losses_test/task:	1.235229730606079
losses_test/concepts:	21.44803810119629
losses_test/total:	3.380033254623413
calibration_test/ece:	0.1692403256893158
calibration_test/brier:	0.4441883862018585
accuracy_test/task:	71.88
accuracy_test/concepts:	84.89937591552734
map_test/concepts:	0.8672184685710818

Epoch 59
losses_train/task:	0.16819293797016144
losses_train/concepts:	19.7042293548584
losses_train/total:	2.1386160850524902
losses_test/task:	1.2710106372833252
losses_test/concepts:	21.500810623168945
losses_test/total:	3.4210927486419678
calibration_test/ece:	0.1797388195991516
calibration_test/brier:	0.4531552195549011
accuracy_test/task:	71.18
accuracy_test/concepts:	84.8459243774414
map_test/concepts:	0.8669864200055599

Epoch 60
losses_train/task:	0.16745968163013458
losses_train/concepts:	19.670753479003906
losses_train/total:	2.134535312652588
losses_test/task:	1.2655829191207886
losses_test/concepts:	21.46158218383789
losses_test/total:	3.411741256713867
calibration_test/ece:	0.17516663670539856
calibration_test/brier:	0.449321448802948
accuracy_test/task:	71.39
accuracy_test/concepts:	84.86032104492188
map_test/concepts:	0.8670689541613683

Epoch 61
losses_train/task:	0.15277834236621857
losses_train/concepts:	19.618471145629883
losses_train/total:	2.114626169204712
losses_test/task:	1.2841565608978271
losses_test/concepts:	21.46910285949707
losses_test/total:	3.43106746673584
calibration_test/ece:	0.17978063225746155
calibration_test/brier:	0.458827406167984
accuracy_test/task:	71.05
accuracy_test/concepts:	84.83218383789062
map_test/concepts:	0.8666627866914496

Epoch 62
losses_train/task:	0.15903989970684052
losses_train/concepts:	19.589323043823242
losses_train/total:	2.1179728507995605
losses_test/task:	1.3082599639892578
losses_test/concepts:	21.49905014038086
losses_test/total:	3.458164691925049
calibration_test/ece:	0.18623563647270203
calibration_test/brier:	0.46169793605804443
accuracy_test/task:	70.49
accuracy_test/concepts:	84.82672119140625
map_test/concepts:	0.8665121470112354

Epoch 63
losses_train/task:	0.15410323441028595
losses_train/concepts:	19.549726486206055
losses_train/total:	2.109076499938965
losses_test/task:	1.2746113538742065
losses_test/concepts:	21.50835609436035
losses_test/total:	3.425447463989258
calibration_test/ece:	0.17578476667404175
calibration_test/brier:	0.4503486454486847
accuracy_test/task:	71.29
accuracy_test/concepts:	84.8140640258789
map_test/concepts:	0.8668135260231793

Epoch 64
losses_train/task:	0.14976760745048523
losses_train/concepts:	19.527204513549805
losses_train/total:	2.1024866104125977
losses_test/task:	1.3629951477050781
losses_test/concepts:	21.54921531677246
losses_test/total:	3.517916679382324
calibration_test/ece:	0.18468883633613586
calibration_test/brier:	0.4614887237548828
accuracy_test/task:	71.15
accuracy_test/concepts:	84.82032012939453
map_test/concepts:	0.8670742437243462

Epoch 65
losses_train/task:	0.14057686924934387
losses_train/concepts:	19.479232788085938
losses_train/total:	2.0885009765625
losses_test/task:	1.3209649324417114
losses_test/concepts:	21.53329086303711
losses_test/total:	3.474294662475586
calibration_test/ece:	0.18227851390838623
calibration_test/brier:	0.4574093222618103
accuracy_test/task:	71.26
accuracy_test/concepts:	84.81156158447266
map_test/concepts:	0.8669734972063452

Epoch 66
losses_train/task:	0.14411884546279907
losses_train/concepts:	19.460308074951172
losses_train/total:	2.090149402618408
losses_test/task:	1.3281173706054688
losses_test/concepts:	21.519359588623047
losses_test/total:	3.4800539016723633
calibration_test/ece:	0.18188902735710144
calibration_test/brier:	0.4508609473705292
accuracy_test/task:	71.84
accuracy_test/concepts:	84.87171173095703
map_test/concepts:	0.8671565594850108

Epoch 67
losses_train/task:	0.13988929986953735
losses_train/concepts:	19.415294647216797
losses_train/total:	2.0814192295074463
losses_test/task:	1.342048168182373
losses_test/concepts:	21.55214500427246
losses_test/total:	3.497263193130493
calibration_test/ece:	0.18361100554466248
calibration_test/brier:	0.45821839570999146
accuracy_test/task:	71.1
accuracy_test/concepts:	84.84638977050781
map_test/concepts:	0.8671790518565103

Epoch 68
losses_train/task:	0.1393578201532364
losses_train/concepts:	19.366193771362305
losses_train/total:	2.0759775638580322
losses_test/task:	1.3350203037261963
losses_test/concepts:	21.552766799926758
losses_test/total:	3.4902966022491455
calibration_test/ece:	0.18338903784751892
calibration_test/brier:	0.45240849256515503
accuracy_test/task:	71.59
accuracy_test/concepts:	84.83687591552734
map_test/concepts:	0.8671635667560622

Epoch 69
losses_train/task:	0.137556791305542
losses_train/concepts:	19.345691680908203
losses_train/total:	2.072127103805542
losses_test/task:	1.3658757209777832
losses_test/concepts:	21.573026657104492
losses_test/total:	3.5231781005859375
calibration_test/ece:	0.18561194837093353
calibration_test/brier:	0.45839521288871765
accuracy_test/task:	71.33
accuracy_test/concepts:	84.86812591552734
map_test/concepts:	0.8674390756059438

Epoch 70
losses_train/task:	0.1317661702632904
losses_train/concepts:	19.29329490661621
losses_train/total:	2.0610954761505127
losses_test/task:	1.2921767234802246
losses_test/concepts:	21.513532638549805
losses_test/total:	3.4435293674468994
calibration_test/ece:	0.17464476823806763
calibration_test/brier:	0.44508084654808044
accuracy_test/task:	72.31
accuracy_test/concepts:	84.8237533569336
map_test/concepts:	0.8674177739303559

Epoch 71
losses_train/task:	0.1330312043428421
losses_train/concepts:	19.28577995300293
losses_train/total:	2.061609983444214
losses_test/task:	1.315116286277771
losses_test/concepts:	21.547386169433594
losses_test/total:	3.4698545932769775
calibration_test/ece:	0.17818604409694672
calibration_test/brier:	0.4477992057800293
accuracy_test/task:	71.99
accuracy_test/concepts:	84.7945327758789
map_test/concepts:	0.8669628492789343

Epoch 72
losses_train/task:	0.1290474534034729
losses_train/concepts:	19.2329044342041
losses_train/total:	2.0523393154144287
losses_test/task:	1.2957062721252441
losses_test/concepts:	21.529251098632812
losses_test/total:	3.4486308097839355
calibration_test/ece:	0.17240339517593384
calibration_test/brier:	0.43866974115371704
accuracy_test/task:	72.59
accuracy_test/concepts:	84.86438751220703
map_test/concepts:	0.8669550492195413

Epoch 73
losses_train/task:	0.12375401705503464
losses_train/concepts:	19.17156410217285
losses_train/total:	2.040911912918091
losses_test/task:	1.2998502254486084
losses_test/concepts:	21.534408569335938
losses_test/total:	3.453291893005371
calibration_test/ece:	0.17598479986190796
calibration_test/brier:	0.4420817494392395
accuracy_test/task:	72.1
accuracy_test/concepts:	84.81936645507812
map_test/concepts:	0.8676077252021059

Epoch 74
losses_train/task:	0.12340002506971359
losses_train/concepts:	19.141469955444336
losses_train/total:	2.037548303604126
losses_test/task:	1.3264771699905396
losses_test/concepts:	21.618410110473633
losses_test/total:	3.48831844329834
calibration_test/ece:	0.1778465211391449
calibration_test/brier:	0.44657281041145325
accuracy_test/task:	71.99
accuracy_test/concepts:	84.74514770507812
map_test/concepts:	0.8666243717307225

Epoch 75
losses_train/task:	0.1232537254691124
losses_train/concepts:	19.123781204223633
losses_train/total:	2.035632610321045
losses_test/task:	1.3071368932724
losses_test/concepts:	21.56385040283203
losses_test/total:	3.463521957397461
calibration_test/ece:	0.1762324571609497
calibration_test/brier:	0.4372759759426117
accuracy_test/task:	72.46
accuracy_test/concepts:	84.80094146728516
map_test/concepts:	0.8675346670206636

Epoch 76
losses_train/task:	0.1198883205652237
losses_train/concepts:	19.071489334106445
losses_train/total:	2.0270376205444336
losses_test/task:	1.3526885509490967
losses_test/concepts:	21.612140655517578
losses_test/total:	3.513901472091675
calibration_test/ece:	0.17871704697608948
calibration_test/brier:	0.44608792662620544
accuracy_test/task:	72.46
accuracy_test/concepts:	84.79641723632812
map_test/concepts:	0.8672153922962025

Epoch 77
losses_train/task:	0.11755351722240448
losses_train/concepts:	19.038305282592773
losses_train/total:	2.0213849544525146
losses_test/task:	1.3531749248504639
losses_test/concepts:	21.578475952148438
losses_test/total:	3.5110223293304443
calibration_test/ece:	0.18272623419761658
calibration_test/brier:	0.4504704475402832
accuracy_test/task:	71.97
accuracy_test/concepts:	84.79625701904297
map_test/concepts:	0.8673961646854877

Epoch 78
losses_train/task:	0.11588779836893082
losses_train/concepts:	19.009296417236328
losses_train/total:	2.0168182849884033
losses_test/task:	1.3531354665756226
losses_test/concepts:	21.59974479675293
losses_test/total:	3.513110637664795
calibration_test/ece:	0.18150191009044647
calibration_test/brier:	0.4494273364543915
accuracy_test/task:	72.27
accuracy_test/concepts:	84.75296020507812
map_test/concepts:	0.8674758003326133

Epoch 79
losses_train/task:	0.11153014004230499
losses_train/concepts:	18.945388793945312
losses_train/total:	2.0060691833496094
losses_test/task:	1.3997323513031006
losses_test/concepts:	21.626300811767578
losses_test/total:	3.5623626708984375
calibration_test/ece:	0.19093413650989532
calibration_test/brier:	0.46144819259643555
accuracy_test/task:	71.37
accuracy_test/concepts:	84.77547454833984
map_test/concepts:	0.8674223006237298

Epoch 80
losses_train/task:	0.1104104220867157
losses_train/concepts:	18.918685913085938
losses_train/total:	2.0022780895233154
losses_test/task:	1.37920081615448
losses_test/concepts:	21.57831573486328
losses_test/total:	3.5370326042175293
calibration_test/ece:	0.18780724704265594
calibration_test/brier:	0.4549562633037567
accuracy_test/task:	71.66
accuracy_test/concepts:	84.78280639648438
map_test/concepts:	0.8677394108381122

Epoch 81
losses_train/task:	0.09429323673248291
losses_train/concepts:	18.71059799194336
losses_train/total:	1.965353012084961
losses_test/task:	1.3538721799850464
losses_test/concepts:	21.539255142211914
losses_test/total:	3.507797956466675
calibration_test/ece:	0.18207135796546936
calibration_test/brier:	0.4428079128265381
accuracy_test/task:	72.61
accuracy_test/concepts:	84.85313415527344
map_test/concepts:	0.8683214477496222

Epoch 82
losses_train/task:	0.08543698489665985
losses_train/concepts:	18.66498374938965
losses_train/total:	1.9519346952438354
losses_test/task:	1.3526480197906494
losses_test/concepts:	21.52841567993164
losses_test/total:	3.5054891109466553
calibration_test/ece:	0.17828767001628876
calibration_test/brier:	0.4402642548084259
accuracy_test/task:	73.02
accuracy_test/concepts:	84.87171936035156
map_test/concepts:	0.8683313261717558

Epoch 83
losses_train/task:	0.07955494523048401
losses_train/concepts:	18.630786895751953
losses_train/total:	1.9426331520080566
losses_test/task:	1.3572992086410522
losses_test/concepts:	21.519479751586914
losses_test/total:	3.5092477798461914
calibration_test/ece:	0.18080228567123413
calibration_test/brier:	0.44234442710876465
accuracy_test/task:	72.9
accuracy_test/concepts:	84.89779663085938
map_test/concepts:	0.8685651728883386

Epoch 84
losses_train/task:	0.07609996199607849
losses_train/concepts:	18.599048614501953
losses_train/total:	1.9360051155090332
losses_test/task:	1.363315224647522
losses_test/concepts:	21.516862869262695
losses_test/total:	3.5150020122528076
calibration_test/ece:	0.1820080280303955
calibration_test/brier:	0.4401731491088867
accuracy_test/task:	72.81
accuracy_test/concepts:	84.86952209472656
map_test/concepts:	0.8686021679313853

Epoch 85
losses_train/task:	0.07594066858291626
losses_train/concepts:	18.583881378173828
losses_train/total:	1.9343289136886597
losses_test/task:	1.3563628196716309
losses_test/concepts:	21.51544761657715
losses_test/total:	3.5079081058502197
calibration_test/ece:	0.18155762553215027
calibration_test/brier:	0.44082319736480713
accuracy_test/task:	72.86
accuracy_test/concepts:	84.87748718261719
map_test/concepts:	0.868667999166064

Epoch 86
losses_train/task:	0.07532422989606857
losses_train/concepts:	18.59345054626465
losses_train/total:	1.9346686601638794
losses_test/task:	1.3663781881332397
losses_test/concepts:	21.52735137939453
losses_test/total:	3.519113302230835
calibration_test/ece:	0.18254494667053223
calibration_test/brier:	0.44101807475090027
accuracy_test/task:	72.98
accuracy_test/concepts:	84.87577056884766
map_test/concepts:	0.8685586935607716

Epoch 87
losses_train/task:	0.07111372798681259
losses_train/concepts:	18.56392478942871
losses_train/total:	1.9275060892105103
losses_test/task:	1.3659178018569946
losses_test/concepts:	21.524118423461914
losses_test/total:	3.518328905105591
calibration_test/ece:	0.18153823912143707
calibration_test/brier:	0.4407643675804138
accuracy_test/task:	73.05
accuracy_test/concepts:	84.89610290527344
map_test/concepts:	0.8686992503935471

Epoch 88
losses_train/task:	0.06909073144197464
losses_train/concepts:	18.561038970947266
losses_train/total:	1.9251930713653564
losses_test/task:	1.372042179107666
losses_test/concepts:	21.52092933654785
losses_test/total:	3.5241341590881348
calibration_test/ece:	0.17986494302749634
calibration_test/brier:	0.4380687475204468
accuracy_test/task:	73.29
accuracy_test/concepts:	84.87969970703125
map_test/concepts:	0.8687735090497881

Epoch 89
losses_train/task:	0.06680282950401306
losses_train/concepts:	18.539810180664062
losses_train/total:	1.920785665512085
losses_test/task:	1.3813239336013794
losses_test/concepts:	21.521841049194336
losses_test/total:	3.533508062362671
calibration_test/ece:	0.18108439445495605
calibration_test/brier:	0.43862488865852356
accuracy_test/task:	73.18
accuracy_test/concepts:	84.86280822753906
map_test/concepts:	0.8687206848990172

Epoch 90
losses_train/task:	0.0662839338183403
losses_train/concepts:	18.521873474121094
losses_train/total:	1.9184705018997192
losses_test/task:	1.3973748683929443
losses_test/concepts:	21.535648345947266
losses_test/total:	3.5509397983551025
calibration_test/ece:	0.18531428277492523
calibration_test/brier:	0.4431239664554596
accuracy_test/task:	72.89
accuracy_test/concepts:	84.8818588256836
map_test/concepts:	0.8687624529702589

Epoch 91
losses_train/task:	0.06515269726514816
losses_train/concepts:	18.527877807617188
losses_train/total:	1.9179400205612183
losses_test/task:	1.3914471864700317
losses_test/concepts:	21.522621154785156
losses_test/total:	3.5437092781066895
calibration_test/ece:	0.1835821270942688
calibration_test/brier:	0.441924512386322
accuracy_test/task:	73.02
accuracy_test/concepts:	84.89046478271484
map_test/concepts:	0.8687217431142926

Epoch 92
losses_train/task:	0.06388426572084427
losses_train/concepts:	18.510629653930664
losses_train/total:	1.9149463176727295
losses_test/task:	1.390456199645996
losses_test/concepts:	21.519611358642578
losses_test/total:	3.542417287826538
calibration_test/ece:	0.18487548828125
calibration_test/brier:	0.44186484813690186
accuracy_test/task:	72.91
accuracy_test/concepts:	84.88421630859375
map_test/concepts:	0.8687284656334668

Epoch 93
losses_train/task:	0.06234334409236908
losses_train/concepts:	18.496288299560547
losses_train/total:	1.9119704961776733
losses_test/task:	1.3905730247497559
losses_test/concepts:	21.508630752563477
losses_test/total:	3.541435956954956
calibration_test/ece:	0.1843406856060028
calibration_test/brier:	0.4407159090042114
accuracy_test/task:	73.06
accuracy_test/concepts:	84.86717987060547
map_test/concepts:	0.8687341241165996

Epoch 94
losses_train/task:	0.06506531685590744
losses_train/concepts:	18.474153518676758
losses_train/total:	1.9124797582626343
losses_test/task:	1.4034855365753174
losses_test/concepts:	21.527965545654297
losses_test/total:	3.5562825202941895
calibration_test/ece:	0.18644702434539795
calibration_test/brier:	0.44350677728652954
accuracy_test/task:	72.85
accuracy_test/concepts:	84.87686157226562
map_test/concepts:	0.8688750647706911

Epoch 95
losses_train/task:	0.0630669817328453
losses_train/concepts:	18.468551635742188
losses_train/total:	1.9099217653274536
losses_test/task:	1.3979809284210205
losses_test/concepts:	21.525829315185547
losses_test/total:	3.5505638122558594
calibration_test/ece:	0.1844276636838913
calibration_test/brier:	0.4406169354915619
accuracy_test/task:	73.08
accuracy_test/concepts:	84.86203002929688
map_test/concepts:	0.8687755520222709

Epoch 96
losses_train/task:	0.05930357426404953
losses_train/concepts:	18.46170997619629
losses_train/total:	1.9054747819900513
losses_test/task:	1.4098535776138306
losses_test/concepts:	21.520307540893555
losses_test/total:	3.561884641647339
calibration_test/ece:	0.185055673122406
calibration_test/brier:	0.4417209327220917
accuracy_test/task:	73.17
accuracy_test/concepts:	84.8812484741211
map_test/concepts:	0.8688347726128995

Epoch 97
losses_train/task:	0.057700224220752716
losses_train/concepts:	18.446399688720703
losses_train/total:	1.9023401737213135
losses_test/task:	1.4129053354263306
losses_test/concepts:	21.537456512451172
losses_test/total:	3.5666513442993164
calibration_test/ece:	0.18523061275482178
calibration_test/brier:	0.44155430793762207
accuracy_test/task:	73.09
accuracy_test/concepts:	84.87953186035156
map_test/concepts:	0.8688126623164862

Epoch 98
losses_train/task:	0.0591292604804039
losses_train/concepts:	18.44693374633789
losses_train/total:	1.9038233757019043
losses_test/task:	1.4286344051361084
losses_test/concepts:	21.55120277404785
losses_test/total:	3.583753824234009
calibration_test/ece:	0.18816572427749634
calibration_test/brier:	0.44357994198799133
accuracy_test/task:	72.93
accuracy_test/concepts:	84.88218688964844
map_test/concepts:	0.8687772529665381

Epoch 99
losses_train/task:	0.058613505214452744
losses_train/concepts:	18.43479347229004
losses_train/total:	1.9020925760269165
losses_test/task:	1.4217350482940674
losses_test/concepts:	21.542747497558594
losses_test/total:	3.5760085582733154
calibration_test/ece:	0.18509764969348907
calibration_test/brier:	0.4417669475078583
accuracy_test/task:	73.11
accuracy_test/concepts:	84.8631362915039
map_test/concepts:	0.8687433346640319

Epoch 100
losses_train/task:	0.05959311127662659
losses_train/concepts:	18.408546447753906
losses_train/total:	1.9004480838775635
losses_test/task:	1.426262378692627
losses_test/concepts:	21.545164108276367
losses_test/total:	3.580778121948242
calibration_test/ece:	0.18596327304840088
calibration_test/brier:	0.441806823015213
accuracy_test/task:	73.07
accuracy_test/concepts:	84.86608123779297
map_test/concepts:	0.8687534901546314

Epoch 101
losses_train/task:	0.058401670306921005
losses_train/concepts:	18.413278579711914
losses_train/total:	1.8997291326522827
losses_test/task:	1.4320048093795776
losses_test/concepts:	21.55820083618164
losses_test/total:	3.587824583053589
calibration_test/ece:	0.18839001655578613
calibration_test/brier:	0.4428771436214447
accuracy_test/task:	72.95
accuracy_test/concepts:	84.87889862060547
map_test/concepts:	0.8687004882376641

Epoch 102
losses_train/task:	0.05660390853881836
losses_train/concepts:	18.39232635498047
losses_train/total:	1.8958356380462646
losses_test/task:	1.4288264513015747
losses_test/concepts:	21.549102783203125
losses_test/total:	3.5837364196777344
calibration_test/ece:	0.18704259395599365
calibration_test/brier:	0.4429095685482025
accuracy_test/task:	73.09
accuracy_test/concepts:	84.85420227050781
map_test/concepts:	0.8686684409622103

Epoch 103
losses_train/task:	0.05499301105737686
losses_train/concepts:	18.368120193481445
losses_train/total:	1.8918039798736572
losses_test/task:	1.4273391962051392
losses_test/concepts:	21.543302536010742
losses_test/total:	3.581669330596924
calibration_test/ece:	0.18575939536094666
calibration_test/brier:	0.44253548979759216
accuracy_test/task:	73.21
accuracy_test/concepts:	84.86077880859375
map_test/concepts:	0.8687435268657282

Epoch 104
losses_train/task:	0.056303802877664566
losses_train/concepts:	18.389820098876953
losses_train/total:	1.8952866792678833
losses_test/task:	1.4290800094604492
losses_test/concepts:	21.535057067871094
losses_test/total:	3.5825860500335693
calibration_test/ece:	0.18626931309700012
calibration_test/brier:	0.4421919882297516
accuracy_test/task:	73.16
accuracy_test/concepts:	84.857177734375
map_test/concepts:	0.8686936746817082

Epoch 105
losses_train/task:	0.0564928837120533
losses_train/concepts:	18.364164352416992
losses_train/total:	1.8929111957550049
losses_test/task:	1.4403854608535767
losses_test/concepts:	21.564434051513672
losses_test/total:	3.5968284606933594
calibration_test/ece:	0.18692588806152344
calibration_test/brier:	0.4423045516014099
accuracy_test/task:	73.17
accuracy_test/concepts:	84.86216735839844
map_test/concepts:	0.8687776341103017

Epoch 106
losses_train/task:	0.05439594015479088
losses_train/concepts:	18.35654640197754
losses_train/total:	1.8900513648986816
losses_test/task:	1.4304372072219849
losses_test/concepts:	21.556537628173828
losses_test/total:	3.586090087890625
calibration_test/ece:	0.18612755835056305
calibration_test/brier:	0.44113442301750183
accuracy_test/task:	73.23
accuracy_test/concepts:	84.86203002929688
map_test/concepts:	0.8686810279032215

Epoch 107
losses_train/task:	0.05364307761192322
losses_train/concepts:	18.336715698242188
losses_train/total:	1.8873140811920166
losses_test/task:	1.4422483444213867
losses_test/concepts:	21.55884552001953
losses_test/total:	3.598133087158203
calibration_test/ece:	0.1878403127193451
calibration_test/brier:	0.4438433051109314
accuracy_test/task:	73.05
accuracy_test/concepts:	84.88469696044922
map_test/concepts:	0.8687105445424095

Epoch 108
losses_train/task:	0.053108491003513336
losses_train/concepts:	18.3426570892334
losses_train/total:	1.8873740434646606
losses_test/task:	1.4621094465255737
losses_test/concepts:	21.578920364379883
losses_test/total:	3.6200013160705566
calibration_test/ece:	0.19068577885627747
calibration_test/brier:	0.4472419321537018
accuracy_test/task:	72.78
accuracy_test/concepts:	84.88578796386719
map_test/concepts:	0.8686230375897139

Epoch 109
losses_train/task:	0.051966939121484756
losses_train/concepts:	18.325469970703125
losses_train/total:	1.8845127820968628
losses_test/task:	1.4521372318267822
losses_test/concepts:	21.570825576782227
losses_test/total:	3.6092190742492676
calibration_test/ece:	0.18678733706474304
calibration_test/brier:	0.44314202666282654
accuracy_test/task:	73.22
accuracy_test/concepts:	84.87173461914062
map_test/concepts:	0.8687042159726843

Epoch 110
losses_train/task:	0.051703695207834244
losses_train/concepts:	18.309982299804688
losses_train/total:	1.8827016353607178
losses_test/task:	1.4671494960784912
losses_test/concepts:	21.579919815063477
losses_test/total:	3.6251418590545654
calibration_test/ece:	0.18765860795974731
calibration_test/brier:	0.44473710656166077
accuracy_test/task:	73.27
accuracy_test/concepts:	84.89375305175781
map_test/concepts:	0.8687116795917973

Epoch 111
losses_train/task:	0.05055601894855499
losses_train/concepts:	18.307392120361328
losses_train/total:	1.8812960386276245
losses_test/task:	1.4680806398391724
losses_test/concepts:	21.579084396362305
losses_test/total:	3.6259896755218506
calibration_test/ece:	0.1891496181488037
calibration_test/brier:	0.44550150632858276
accuracy_test/task:	73.02
accuracy_test/concepts:	84.86517333984375
map_test/concepts:	0.8685762834502384

Epoch 112
losses_train/task:	0.049411434680223465
losses_train/concepts:	18.311037063598633
losses_train/total:	1.8805155754089355
losses_test/task:	1.4645394086837769
losses_test/concepts:	21.574420928955078
losses_test/total:	3.621981620788574
calibration_test/ece:	0.1870700716972351
calibration_test/brier:	0.44210439920425415
accuracy_test/task:	73.35
accuracy_test/concepts:	84.8743667602539
map_test/concepts:	0.8687230810755864

Epoch 113
losses_train/task:	0.05237644165754318
losses_train/concepts:	18.280261993408203
losses_train/total:	1.8804025650024414
losses_test/task:	1.4717960357666016
losses_test/concepts:	21.567317962646484
losses_test/total:	3.6285269260406494
calibration_test/ece:	0.19066116213798523
calibration_test/brier:	0.44579198956489563
accuracy_test/task:	72.91
accuracy_test/concepts:	84.87593841552734
map_test/concepts:	0.868760148412548

Epoch 114
losses_train/task:	0.050250452011823654
losses_train/concepts:	18.28564453125
losses_train/total:	1.8788156509399414
losses_test/task:	1.4594334363937378
losses_test/concepts:	21.569225311279297
losses_test/total:	3.6163558959960938
calibration_test/ece:	0.1891138106584549
calibration_test/brier:	0.44345352053642273
accuracy_test/task:	73.12
accuracy_test/concepts:	84.85344696044922
map_test/concepts:	0.8686735550872982

Epoch 115
losses_train/task:	0.05169272795319557
losses_train/concepts:	18.282852172851562
losses_train/total:	1.8799782991409302
losses_test/task:	1.4658740758895874
losses_test/concepts:	21.578622817993164
losses_test/total:	3.62373685836792
calibration_test/ece:	0.18875549733638763
calibration_test/brier:	0.44392913579940796
accuracy_test/task:	73.13
accuracy_test/concepts:	84.88609313964844
map_test/concepts:	0.868677141610533

Epoch 116
losses_train/task:	0.049793243408203125
losses_train/concepts:	18.247539520263672
losses_train/total:	1.8745468854904175
losses_test/task:	1.4709060192108154
losses_test/concepts:	21.57203483581543
losses_test/total:	3.6281094551086426
calibration_test/ece:	0.1881994903087616
calibration_test/brier:	0.4428274929523468
accuracy_test/task:	73.26
accuracy_test/concepts:	84.85342407226562
map_test/concepts:	0.8687034195754677

Epoch 117
losses_train/task:	0.04899987205862999
losses_train/concepts:	18.244243621826172
losses_train/total:	1.8734242916107178
losses_test/task:	1.4736361503601074
losses_test/concepts:	21.570838928222656
losses_test/total:	3.630718946456909
calibration_test/ece:	0.18895448744297028
calibration_test/brier:	0.44298139214515686
accuracy_test/task:	73.21
accuracy_test/concepts:	84.86200714111328
map_test/concepts:	0.8687486978014931

Epoch 118
losses_train/task:	0.05159632861614227
losses_train/concepts:	18.235952377319336
losses_train/total:	1.875191330909729
losses_test/task:	1.4647260904312134
losses_test/concepts:	21.572052001953125
losses_test/total:	3.621931314468384
calibration_test/ece:	0.1883241981267929
calibration_test/brier:	0.4433177709579468
accuracy_test/task:	73.16
accuracy_test/concepts:	84.87234497070312
map_test/concepts:	0.868585868505761

Epoch 119
losses_train/task:	0.05004429444670677
losses_train/concepts:	18.238981246948242
losses_train/total:	1.8739417791366577
losses_test/task:	1.471411108970642
losses_test/concepts:	21.578636169433594
losses_test/total:	3.629275321960449
calibration_test/ece:	0.1882438361644745
calibration_test/brier:	0.44314083456993103
accuracy_test/task:	73.29
accuracy_test/concepts:	84.8628158569336
map_test/concepts:	0.8687130921753123

Epoch 120
losses_train/task:	0.04920937493443489
losses_train/concepts:	18.205495834350586
losses_train/total:	1.8697587251663208
losses_test/task:	1.4840322732925415
losses_test/concepts:	21.584688186645508
losses_test/total:	3.642500877380371
calibration_test/ece:	0.18886111676692963
calibration_test/brier:	0.444793701171875
accuracy_test/task:	73.18
accuracy_test/concepts:	84.86030578613281
map_test/concepts:	0.8687248926144093

Epoch 121
losses_train/task:	0.05030292272567749
losses_train/concepts:	18.215524673461914
losses_train/total:	1.8718549013137817
losses_test/task:	1.483331322669983
losses_test/concepts:	21.594310760498047
losses_test/total:	3.6427628993988037
calibration_test/ece:	0.19004622101783752
calibration_test/brier:	0.4456186592578888
accuracy_test/task:	73.12
accuracy_test/concepts:	84.8637466430664
map_test/concepts:	0.868693747324869

Epoch 122
losses_train/task:	0.04952891543507576
losses_train/concepts:	18.22623062133789
losses_train/total:	1.8721507787704468
losses_test/task:	1.4930986166000366
losses_test/concepts:	21.58698844909668
losses_test/total:	3.6517984867095947
calibration_test/ece:	0.1917845606803894
calibration_test/brier:	0.4456297755241394
accuracy_test/task:	72.99
accuracy_test/concepts:	84.84857177734375
map_test/concepts:	0.8686147358966991

Epoch 123
losses_train/task:	0.04818366840481758
losses_train/concepts:	18.19110679626465
losses_train/total:	1.867295265197754
losses_test/task:	1.4873204231262207
losses_test/concepts:	21.583393096923828
losses_test/total:	3.645660400390625
calibration_test/ece:	0.18984249234199524
calibration_test/brier:	0.44443726539611816
accuracy_test/task:	73.15
accuracy_test/concepts:	84.83187103271484
map_test/concepts:	0.8687019671779126

Epoch 124
losses_train/task:	0.043377023190259933
losses_train/concepts:	18.185596466064453
losses_train/total:	1.8619366884231567
losses_test/task:	1.4960817098617554
losses_test/concepts:	21.602169036865234
losses_test/total:	3.656298875808716
calibration_test/ece:	0.18910542130470276
calibration_test/brier:	0.4453350007534027
accuracy_test/task:	73.32
accuracy_test/concepts:	84.85234832763672
map_test/concepts:	0.8685926548205316

Epoch 125
losses_train/task:	0.04966770112514496
losses_train/concepts:	18.179256439208984
losses_train/total:	1.8675934076309204
losses_test/task:	1.489013671875
losses_test/concepts:	21.58696174621582
losses_test/total:	3.647710084915161
calibration_test/ece:	0.18897151947021484
calibration_test/brier:	0.4447914958000183
accuracy_test/task:	73.25
accuracy_test/concepts:	84.82750701904297
map_test/concepts:	0.8685291887959465

Epoch 126
losses_train/task:	0.04995084926486015
losses_train/concepts:	18.168867111206055
losses_train/total:	1.8668385744094849
losses_test/task:	1.5063964128494263
losses_test/concepts:	21.600061416625977
losses_test/total:	3.6664016246795654
calibration_test/ece:	0.1923139989376068
calibration_test/brier:	0.447083055973053
accuracy_test/task:	72.98
accuracy_test/concepts:	84.8517074584961
map_test/concepts:	0.8687010272406042

Epoch 127
losses_train/task:	0.046188633888959885
losses_train/concepts:	18.15094757080078
losses_train/total:	1.8612838983535767
losses_test/task:	1.5120959281921387
losses_test/concepts:	21.631134033203125
losses_test/total:	3.675208568572998
calibration_test/ece:	0.19322921335697174
calibration_test/brier:	0.4470707178115845
accuracy_test/task:	73.05
accuracy_test/concepts:	84.84688568115234
map_test/concepts:	0.8686410783557221

Epoch 128
losses_train/task:	0.04844078794121742
losses_train/concepts:	18.1636962890625
losses_train/total:	1.8648103475570679
losses_test/task:	1.5202635526657104
losses_test/concepts:	21.62245750427246
losses_test/total:	3.682509422302246
calibration_test/ece:	0.19385188817977905
calibration_test/brier:	0.44849327206611633
accuracy_test/task:	72.93
accuracy_test/concepts:	84.84327697753906
map_test/concepts:	0.8687278865836561

Epoch 129
losses_train/task:	0.044768113642930984
losses_train/concepts:	18.151611328125
losses_train/total:	1.859930157661438
losses_test/task:	1.5116642713546753
losses_test/concepts:	21.610515594482422
losses_test/total:	3.6727163791656494
calibration_test/ece:	0.19158801436424255
calibration_test/brier:	0.4471629858016968
accuracy_test/task:	73.15
accuracy_test/concepts:	84.85235595703125
map_test/concepts:	0.868812904576771

Epoch 130
losses_train/task:	0.04658758267760277
losses_train/concepts:	18.154085159301758
losses_train/total:	1.8619968891143799
losses_test/task:	1.513529896736145
losses_test/concepts:	21.6099796295166
losses_test/total:	3.6745269298553467
calibration_test/ece:	0.19089707732200623
calibration_test/brier:	0.44652557373046875
accuracy_test/task:	73.15
accuracy_test/concepts:	84.8510971069336
map_test/concepts:	0.8686633739853278

Epoch 131
losses_train/task:	0.04615649953484535
losses_train/concepts:	18.111780166625977
losses_train/total:	1.8573349714279175
losses_test/task:	1.519416332244873
losses_test/concepts:	21.619211196899414
losses_test/total:	3.681338310241699
calibration_test/ece:	0.1905876100063324
calibration_test/brier:	0.4473673403263092
accuracy_test/task:	73.25
accuracy_test/concepts:	84.83906555175781
map_test/concepts:	0.8687657460104674

Epoch 132
losses_train/task:	0.044054388999938965
losses_train/concepts:	18.134445190429688
losses_train/total:	1.8574984073638916
losses_test/task:	1.5210837125778198
losses_test/concepts:	21.609067916870117
losses_test/total:	3.6819915771484375
calibration_test/ece:	0.19192026555538177
calibration_test/brier:	0.44740840792655945
accuracy_test/task:	73.15
accuracy_test/concepts:	84.86610412597656
map_test/concepts:	0.8687493922188878

Epoch 133
losses_train/task:	0.04503029212355614
losses_train/concepts:	18.134733200073242
losses_train/total:	1.8585039377212524
losses_test/task:	1.5125653743743896
losses_test/concepts:	21.60789680480957
losses_test/total:	3.6733558177948
calibration_test/ece:	0.1923934370279312
calibration_test/brier:	0.4463497996330261
accuracy_test/task:	73.1
accuracy_test/concepts:	84.82579040527344
map_test/concepts:	0.8687104837736115

Epoch 134
losses_train/task:	0.044503580778837204
losses_train/concepts:	18.105567932128906
losses_train/total:	1.8550608158111572
losses_test/task:	1.5180637836456299
losses_test/concepts:	21.615877151489258
losses_test/total:	3.6796517372131348
calibration_test/ece:	0.19137915968894958
calibration_test/brier:	0.4480082094669342
accuracy_test/task:	73.27
accuracy_test/concepts:	84.8572006225586
map_test/concepts:	0.8687624072190374

Epoch 135
losses_train/task:	0.047085508704185486
losses_train/concepts:	18.10857391357422
losses_train/total:	1.8579415082931519
losses_test/task:	1.5112487077713013
losses_test/concepts:	21.616741180419922
losses_test/total:	3.6729238033294678
calibration_test/ece:	0.19098693132400513
calibration_test/brier:	0.44677266478538513
accuracy_test/task:	73.25
accuracy_test/concepts:	84.8365707397461
map_test/concepts:	0.8686408393550664

Epoch 136
losses_train/task:	0.0455162338912487
losses_train/concepts:	18.088064193725586
losses_train/total:	1.8543235063552856
losses_test/task:	1.5217310190200806
losses_test/concepts:	21.610733032226562
losses_test/total:	3.6828038692474365
calibration_test/ece:	0.19325192272663116
calibration_test/brier:	0.4481891095638275
accuracy_test/task:	73.01
accuracy_test/concepts:	84.83435821533203
map_test/concepts:	0.8686425257474184

Epoch 137
losses_train/task:	0.04587775096297264
losses_train/concepts:	18.06694984436035
losses_train/total:	1.8525723218917847
losses_test/task:	1.5280157327651978
losses_test/concepts:	21.629247665405273
losses_test/total:	3.6909408569335938
calibration_test/ece:	0.19436657428741455
calibration_test/brier:	0.44928520917892456
accuracy_test/task:	72.96
accuracy_test/concepts:	84.85313415527344
map_test/concepts:	0.8687386879464611

Epoch 138
losses_train/task:	0.041812703013420105
losses_train/concepts:	18.067699432373047
losses_train/total:	1.8485825061798096
losses_test/task:	1.541838526725769
losses_test/concepts:	21.643489837646484
losses_test/total:	3.7061870098114014
calibration_test/ece:	0.19368064403533936
calibration_test/brier:	0.4497152864933014
accuracy_test/task:	73.1
accuracy_test/concepts:	84.83234405517578
map_test/concepts:	0.8685595486313105

Epoch 139
losses_train/task:	0.04415225237607956
losses_train/concepts:	18.057846069335938
losses_train/total:	1.8499364852905273
losses_test/task:	1.5384085178375244
losses_test/concepts:	21.637344360351562
losses_test/total:	3.7021427154541016
calibration_test/ece:	0.19339990615844727
calibration_test/brier:	0.44855087995529175
accuracy_test/task:	73.05
accuracy_test/concepts:	84.84172821044922
map_test/concepts:	0.8687105644494295

Epoch 140
losses_train/task:	0.04444288834929466
losses_train/concepts:	18.044353485107422
losses_train/total:	1.8488786220550537
losses_test/task:	1.5363969802856445
losses_test/concepts:	21.643903732299805
losses_test/total:	3.7007880210876465
calibration_test/ece:	0.193078875541687
calibration_test/brier:	0.44799140095710754
accuracy_test/task:	73.22
accuracy_test/concepts:	84.84015655517578
map_test/concepts:	0.8686737330863252

Epoch 141
losses_train/task:	0.045493338257074356
losses_train/concepts:	18.04737091064453
losses_train/total:	1.8502295017242432
losses_test/task:	1.5348342657089233
losses_test/concepts:	21.64351463317871
losses_test/total:	3.699186325073242
calibration_test/ece:	0.1915757656097412
calibration_test/brier:	0.44733285903930664
accuracy_test/task:	73.21
accuracy_test/concepts:	84.83968353271484
map_test/concepts:	0.8687415989115834

Epoch 142
losses_train/task:	0.04346087574958801
losses_train/concepts:	18.043968200683594
losses_train/total:	1.8478575944900513
losses_test/task:	1.5378133058547974
losses_test/concepts:	21.649188995361328
losses_test/total:	3.702731132507324
calibration_test/ece:	0.1915862262248993
calibration_test/brier:	0.4485534131526947
accuracy_test/task:	73.24
accuracy_test/concepts:	84.82124328613281
map_test/concepts:	0.8685461312998086

Epoch 143
losses_train/task:	0.044899675995111465
losses_train/concepts:	18.031314849853516
losses_train/total:	1.848031759262085
losses_test/task:	1.5469201803207397
losses_test/concepts:	21.660594940185547
losses_test/total:	3.712980031967163
calibration_test/ece:	0.19314512610435486
calibration_test/brier:	0.4489537179470062
accuracy_test/task:	73.18
accuracy_test/concepts:	84.8509521484375
map_test/concepts:	0.8686316163511947

Epoch 144
losses_train/task:	0.046214696019887924
losses_train/concepts:	18.027992248535156
losses_train/total:	1.8490153551101685
losses_test/task:	1.5524446964263916
losses_test/concepts:	21.659406661987305
losses_test/total:	3.7183854579925537
calibration_test/ece:	0.19483277201652527
calibration_test/brier:	0.4500541388988495
accuracy_test/task:	73.07
accuracy_test/concepts:	84.84202575683594
map_test/concepts:	0.868538259062916

Epoch 145
losses_train/task:	0.04450739175081253
losses_train/concepts:	18.02971076965332
losses_train/total:	1.8474785089492798
losses_test/task:	1.542669653892517
losses_test/concepts:	21.63652229309082
losses_test/total:	3.706322431564331
calibration_test/ece:	0.19587159156799316
calibration_test/brier:	0.4503142237663269
accuracy_test/task:	72.9
accuracy_test/concepts:	84.841552734375
map_test/concepts:	0.868734322139062

Epoch 146
losses_train/task:	0.044680267572402954
losses_train/concepts:	18.00071907043457
losses_train/total:	1.8447532653808594
losses_test/task:	1.5366148948669434
losses_test/concepts:	21.647159576416016
losses_test/total:	3.701331615447998
calibration_test/ece:	0.19409815967082977
calibration_test/brier:	0.44930174946784973
accuracy_test/task:	72.93
accuracy_test/concepts:	84.85453796386719
map_test/concepts:	0.8686868359800428

Epoch 147
losses_train/task:	0.04316346347332001
losses_train/concepts:	18.000885009765625
losses_train/total:	1.8432526588439941
losses_test/task:	1.5482823848724365
losses_test/concepts:	21.667001724243164
losses_test/total:	3.714982032775879
calibration_test/ece:	0.19665825366973877
calibration_test/brier:	0.451701819896698
accuracy_test/task:	72.88
accuracy_test/concepts:	84.85454559326172
map_test/concepts:	0.8686175644397736

Epoch 148
losses_train/task:	0.043968431651592255
losses_train/concepts:	17.99795913696289
losses_train/total:	1.843763828277588
losses_test/task:	1.5537148714065552
losses_test/concepts:	21.647666931152344
losses_test/total:	3.7184815406799316
calibration_test/ece:	0.19528800249099731
calibration_test/brier:	0.44955772161483765
accuracy_test/task:	72.94
accuracy_test/concepts:	84.86735534667969
map_test/concepts:	0.8687079884111881

Epoch 149
losses_train/task:	0.04360717535018921
losses_train/concepts:	17.967830657958984
losses_train/total:	1.8403905630111694
losses_test/task:	1.5522170066833496
losses_test/concepts:	21.671977996826172
losses_test/total:	3.7194149494171143
calibration_test/ece:	0.19458507001399994
calibration_test/brier:	0.448178231716156
accuracy_test/task:	73.05
accuracy_test/concepts:	84.8393783569336
map_test/concepts:	0.8686041972832754

Epoch 150
losses_train/task:	0.042947426438331604
losses_train/concepts:	17.965736389160156
losses_train/total:	1.8395202159881592
losses_test/task:	1.5651376247406006
losses_test/concepts:	21.681154251098633
losses_test/total:	3.7332520484924316
calibration_test/ece:	0.19669821858406067
calibration_test/brier:	0.4504886865615845
accuracy_test/task:	72.85
accuracy_test/concepts:	84.8276596069336
map_test/concepts:	0.8686651815660298

Epoch 151
losses_train/task:	0.04246186465024948
losses_train/concepts:	17.97747802734375
losses_train/total:	1.8402096033096313
losses_test/task:	1.571168303489685
losses_test/concepts:	21.685626983642578
losses_test/total:	3.7397308349609375
calibration_test/ece:	0.19737082719802856
calibration_test/brier:	0.45281797647476196
accuracy_test/task:	72.88
accuracy_test/concepts:	84.83313751220703
map_test/concepts:	0.8687367846723646

Epoch 152
losses_train/task:	0.04244646057486534
losses_train/concepts:	17.9717960357666
losses_train/total:	1.839625597000122
losses_test/task:	1.5629857778549194
losses_test/concepts:	21.660356521606445
losses_test/total:	3.7290213108062744
calibration_test/ece:	0.19505217671394348
calibration_test/brier:	0.44956499338150024
accuracy_test/task:	73.07
accuracy_test/concepts:	84.81201171875
map_test/concepts:	0.8687091834144667

Epoch 153
losses_train/task:	0.04074697941541672
losses_train/concepts:	17.952022552490234
losses_train/total:	1.8359477519989014
losses_test/task:	1.572298526763916
losses_test/concepts:	21.694622039794922
losses_test/total:	3.7417612075805664
calibration_test/ece:	0.19519948959350586
calibration_test/brier:	0.4518950581550598
accuracy_test/task:	72.98
accuracy_test/concepts:	84.82969665527344
map_test/concepts:	0.8685037890681997

Epoch 154
losses_train/task:	0.04321398586034775
losses_train/concepts:	17.95472526550293
losses_train/total:	1.8386878967285156
losses_test/task:	1.5578231811523438
losses_test/concepts:	21.669740676879883
losses_test/total:	3.724796772003174
calibration_test/ece:	0.19527694582939148
calibration_test/brier:	0.4502345621585846
accuracy_test/task:	72.95
accuracy_test/concepts:	84.83499145507812
map_test/concepts:	0.8684867465635762

Epoch 155
losses_train/task:	0.0441359207034111
losses_train/concepts:	17.94902992248535
losses_train/total:	1.8390389680862427
losses_test/task:	1.5535247325897217
losses_test/concepts:	21.66068458557129
losses_test/total:	3.7195932865142822
calibration_test/ece:	0.19561979174613953
calibration_test/brier:	0.4496963918209076
accuracy_test/task:	72.93
accuracy_test/concepts:	84.8087387084961
map_test/concepts:	0.8685209894319996

Epoch 156
losses_train/task:	0.03910500928759575
losses_train/concepts:	17.91437530517578
losses_train/total:	1.8305425643920898
losses_test/task:	1.5723310708999634
losses_test/concepts:	21.689834594726562
losses_test/total:	3.7413148880004883
calibration_test/ece:	0.19525223970413208
calibration_test/brier:	0.4514087438583374
accuracy_test/task:	72.96
accuracy_test/concepts:	84.82828521728516
map_test/concepts:	0.8684910107403994

Epoch 157
losses_train/task:	0.04656298831105232
losses_train/concepts:	17.926626205444336
losses_train/total:	1.8392252922058105
losses_test/task:	1.567086100578308
losses_test/concepts:	21.691974639892578
losses_test/total:	3.7362844944000244
calibration_test/ece:	0.19567206501960754
calibration_test/brier:	0.45019376277923584
accuracy_test/task:	73.0
accuracy_test/concepts:	84.80843353271484
map_test/concepts:	0.8683905728394166

Epoch 158
losses_train/task:	0.042643822729587555
losses_train/concepts:	17.922252655029297
losses_train/total:	1.8348687887191772
losses_test/task:	1.5653728246688843
losses_test/concepts:	21.693737030029297
losses_test/total:	3.7347466945648193
calibration_test/ece:	0.19356009364128113
calibration_test/brier:	0.44870293140411377
accuracy_test/task:	73.21
accuracy_test/concepts:	84.81861114501953
map_test/concepts:	0.8684362480416894

Epoch 159
losses_train/task:	0.0435970276594162
losses_train/concepts:	17.91988182067871
losses_train/total:	1.8355870246887207
losses_test/task:	1.5763800144195557
losses_test/concepts:	21.694976806640625
losses_test/total:	3.7458770275115967
calibration_test/ece:	0.19424982368946075
calibration_test/brier:	0.45109766721725464
accuracy_test/task:	73.14
accuracy_test/concepts:	84.82608795166016
map_test/concepts:	0.868508548126556

Epoch 160
losses_train/task:	0.040452249348163605
losses_train/concepts:	17.87530517578125
losses_train/total:	1.8279831409454346
losses_test/task:	1.5804895162582397
losses_test/concepts:	21.704849243164062
losses_test/total:	3.7509751319885254
calibration_test/ece:	0.19632753729820251
calibration_test/brier:	0.451585054397583
accuracy_test/task:	72.85
accuracy_test/concepts:	84.80812072753906
map_test/concepts:	0.868454716168344

Epoch 161
losses_train/task:	0.04365210235118866
losses_train/concepts:	17.868579864501953
losses_train/total:	1.8305102586746216
losses_test/task:	1.5708632469177246
losses_test/concepts:	21.678333282470703
losses_test/total:	3.7386977672576904
calibration_test/ece:	0.19279208779335022
calibration_test/brier:	0.44899657368659973
accuracy_test/task:	73.23
accuracy_test/concepts:	84.8018798828125
map_test/concepts:	0.868557215668261

Epoch 162
losses_train/task:	0.038798391819000244
losses_train/concepts:	17.85047721862793
losses_train/total:	1.8238472938537598
losses_test/task:	1.5746251344680786
losses_test/concepts:	21.6799373626709
losses_test/total:	3.7426187992095947
calibration_test/ece:	0.19297248125076294
calibration_test/brier:	0.44892022013664246
accuracy_test/task:	73.26
accuracy_test/concepts:	84.81436920166016
map_test/concepts:	0.8686399280559272

Epoch 163
losses_train/task:	0.03914053365588188
losses_train/concepts:	17.87153434753418
losses_train/total:	1.8262931108474731
losses_test/task:	1.569927453994751
losses_test/concepts:	21.677040100097656
losses_test/total:	3.7376320362091064
calibration_test/ece:	0.19370143115520477
calibration_test/brier:	0.4485873579978943
accuracy_test/task:	73.15
accuracy_test/concepts:	84.81641387939453
map_test/concepts:	0.8686537451576442

Epoch 164
losses_train/task:	0.03957407921552658
losses_train/concepts:	17.858633041381836
losses_train/total:	1.8254379034042358
losses_test/task:	1.5710220336914062
losses_test/concepts:	21.67294692993164
losses_test/total:	3.7383172512054443
calibration_test/ece:	0.19302543997764587
calibration_test/brier:	0.4487389624118805
accuracy_test/task:	73.25
accuracy_test/concepts:	84.8179702758789
map_test/concepts:	0.8686934057623148

Epoch 165
losses_train/task:	0.041273415088653564
losses_train/concepts:	17.84514045715332
losses_train/total:	1.8257864713668823
losses_test/task:	1.568884015083313
losses_test/concepts:	21.67235565185547
losses_test/total:	3.7361207008361816
calibration_test/ece:	0.19270823895931244
calibration_test/brier:	0.44853973388671875
accuracy_test/task:	73.25
accuracy_test/concepts:	84.81735229492188
map_test/concepts:	0.8686614721082151

Epoch 166
losses_train/task:	0.040497537702322006
losses_train/concepts:	17.876340866088867
losses_train/total:	1.8281309604644775
losses_test/task:	1.5677976608276367
losses_test/concepts:	21.67190933227539
losses_test/total:	3.7349894046783447
calibration_test/ece:	0.19306114315986633
calibration_test/brier:	0.4481135606765747
accuracy_test/task:	73.21
accuracy_test/concepts:	84.8120346069336
map_test/concepts:	0.8686482392949983

Epoch 167
losses_train/task:	0.03805966302752495
losses_train/concepts:	17.859025955200195
losses_train/total:	1.8239628076553345
losses_test/task:	1.5696825981140137
losses_test/concepts:	21.669740676879883
losses_test/total:	3.7366573810577393
calibration_test/ece:	0.19319024682044983
calibration_test/brier:	0.4483252465724945
accuracy_test/task:	73.19
accuracy_test/concepts:	84.8103256225586
map_test/concepts:	0.8686904594069347

Epoch 168
losses_train/task:	0.04059842228889465
losses_train/concepts:	17.851110458374023
losses_train/total:	1.8257088661193848
losses_test/task:	1.5731377601623535
losses_test/concepts:	21.67961311340332
losses_test/total:	3.741097927093506
calibration_test/ece:	0.19288426637649536
calibration_test/brier:	0.4484148919582367
accuracy_test/task:	73.25
accuracy_test/concepts:	84.81281280517578
map_test/concepts:	0.8687000393401831

Epoch 169
losses_train/task:	0.03928129002451897
losses_train/concepts:	17.85943603515625
losses_train/total:	1.8252241611480713
losses_test/task:	1.5708831548690796
losses_test/concepts:	21.675743103027344
losses_test/total:	3.7384560108184814
calibration_test/ece:	0.19358474016189575
calibration_test/brier:	0.44833847880363464
accuracy_test/task:	73.17
accuracy_test/concepts:	84.81578826904297
map_test/concepts:	0.8686906489310786

Epoch 170
losses_train/task:	0.03675968572497368
losses_train/concepts:	17.855009078979492
losses_train/total:	1.8222599029541016
losses_test/task:	1.5699589252471924
losses_test/concepts:	21.67753028869629
losses_test/total:	3.7377123832702637
calibration_test/ece:	0.19396205246448517
calibration_test/brier:	0.44828808307647705
accuracy_test/task:	73.15
accuracy_test/concepts:	84.8137435913086
map_test/concepts:	0.8686753670917824

Epoch 171
losses_train/task:	0.03795970231294632
losses_train/concepts:	17.84105682373047
losses_train/total:	1.8220653533935547
losses_test/task:	1.5695127248764038
losses_test/concepts:	21.673463821411133
losses_test/total:	3.7368597984313965
calibration_test/ece:	0.19374768435955048
calibration_test/brier:	0.44820278882980347
accuracy_test/task:	73.16
accuracy_test/concepts:	84.81858825683594
map_test/concepts:	0.8686846302589402

Epoch 172
losses_train/task:	0.03782875835895538
losses_train/concepts:	17.843542098999023
losses_train/total:	1.8221838474273682
losses_test/task:	1.5705220699310303
losses_test/concepts:	21.677026748657227
losses_test/total:	3.738224983215332
calibration_test/ece:	0.193757563829422
calibration_test/brier:	0.4483570456504822
accuracy_test/task:	73.16
accuracy_test/concepts:	84.81967163085938
map_test/concepts:	0.8687186570605263

Epoch 173
losses_train/task:	0.03858085721731186
losses_train/concepts:	17.84149742126465
losses_train/total:	1.822730541229248
losses_test/task:	1.5741370916366577
losses_test/concepts:	21.674427032470703
losses_test/total:	3.741579055786133
calibration_test/ece:	0.19390161335468292
calibration_test/brier:	0.44914013147354126
accuracy_test/task:	73.16
accuracy_test/concepts:	84.81389617919922
map_test/concepts:	0.8686887755757198

Epoch 174
losses_train/task:	0.036896102130413055
losses_train/concepts:	17.84140968322754
losses_train/total:	1.8210383653640747
losses_test/task:	1.5746384859085083
losses_test/concepts:	21.6798152923584
losses_test/total:	3.7426202297210693
calibration_test/ece:	0.19484609365463257
calibration_test/brier:	0.44884559512138367
accuracy_test/task:	73.09
accuracy_test/concepts:	84.82327270507812
map_test/concepts:	0.8686896399594843

Epoch 175
losses_train/task:	0.038666076958179474
losses_train/concepts:	17.849098205566406
losses_train/total:	1.8235763311386108
losses_test/task:	1.5729049444198608
losses_test/concepts:	21.67668342590332
losses_test/total:	3.7405741214752197
calibration_test/ece:	0.1941223293542862
calibration_test/brier:	0.4484395980834961
accuracy_test/task:	73.18
accuracy_test/concepts:	84.81483459472656
map_test/concepts:	0.868681663647294

Epoch 176
losses_train/task:	0.03958813473582268
losses_train/concepts:	17.829896926879883
losses_train/total:	1.822577953338623
losses_test/task:	1.5729222297668457
losses_test/concepts:	21.676755905151367
losses_test/total:	3.74059796333313
calibration_test/ece:	0.19299277663230896
calibration_test/brier:	0.44819605350494385
accuracy_test/task:	73.25
accuracy_test/concepts:	84.82186889648438
map_test/concepts:	0.86871011427138

Epoch 177
losses_train/task:	0.039974406361579895
losses_train/concepts:	17.84077262878418
losses_train/total:	1.8240529298782349
losses_test/task:	1.5734881162643433
losses_test/concepts:	21.67667579650879
losses_test/total:	3.7411553859710693
calibration_test/ece:	0.19350412487983704
calibration_test/brier:	0.44822958111763
accuracy_test/task:	73.21
accuracy_test/concepts:	84.82595825195312
map_test/concepts:	0.8687004750827327

Epoch 178
losses_train/task:	0.03854980692267418
losses_train/concepts:	17.850208282470703
losses_train/total:	1.8235695362091064
losses_test/task:	1.57177734375
losses_test/concepts:	21.672325134277344
losses_test/total:	3.7390098571777344
calibration_test/ece:	0.19361257553100586
calibration_test/brier:	0.44829896092414856
accuracy_test/task:	73.18
accuracy_test/concepts:	84.82546997070312
map_test/concepts:	0.8686868381919339

Epoch 179
losses_train/task:	0.039500344544649124
losses_train/concepts:	17.834386825561523
losses_train/total:	1.8229382038116455
losses_test/task:	1.5735061168670654
losses_test/concepts:	21.673219680786133
losses_test/total:	3.7408273220062256
calibration_test/ece:	0.1936885267496109
calibration_test/brier:	0.44856390357017517
accuracy_test/task:	73.16
accuracy_test/concepts:	84.83155822753906
map_test/concepts:	0.8687080021481961

Epoch 180
losses_train/task:	0.037219807505607605
losses_train/concepts:	17.83149528503418
losses_train/total:	1.820369005203247
losses_test/task:	1.5750467777252197
losses_test/concepts:	21.67237091064453
losses_test/total:	3.7422845363616943
calibration_test/ece:	0.19375556707382202
calibration_test/brier:	0.4486386179924011
accuracy_test/task:	73.17
accuracy_test/concepts:	84.82359313964844
map_test/concepts:	0.8686884937342256

Epoch 181
losses_train/task:	0.03950509801506996
losses_train/concepts:	17.830215454101562
losses_train/total:	1.8225265741348267
losses_test/task:	1.571502685546875
losses_test/concepts:	21.67115020751953
losses_test/total:	3.7386178970336914
calibration_test/ece:	0.19379481673240662
calibration_test/brier:	0.44819241762161255
accuracy_test/task:	73.17
accuracy_test/concepts:	84.82640838623047
map_test/concepts:	0.8687370613915846

Epoch 182
losses_train/task:	0.03935689479112625
losses_train/concepts:	17.843944549560547
losses_train/total:	1.8237513303756714
losses_test/task:	1.5721732378005981
losses_test/concepts:	21.670944213867188
losses_test/total:	3.7392683029174805
calibration_test/ece:	0.19413340091705322
calibration_test/brier:	0.4480968713760376
accuracy_test/task:	73.16
accuracy_test/concepts:	84.8285903930664
map_test/concepts:	0.8687418267363682

Epoch 183
losses_train/task:	0.039446473121643066
losses_train/concepts:	17.825916290283203
losses_train/total:	1.8220378160476685
losses_test/task:	1.5733628273010254
losses_test/concepts:	21.676095962524414
losses_test/total:	3.7409729957580566
calibration_test/ece:	0.1927548348903656
calibration_test/brier:	0.4484163224697113
accuracy_test/task:	73.27
accuracy_test/concepts:	84.83281707763672
map_test/concepts:	0.8687287565553561

Epoch 184
losses_train/task:	0.03832174465060234
losses_train/concepts:	17.843904495239258
losses_train/total:	1.822713017463684
losses_test/task:	1.5736300945281982
losses_test/concepts:	21.673551559448242
losses_test/total:	3.74098539352417
calibration_test/ece:	0.19311942160129547
calibration_test/brier:	0.44854384660720825
accuracy_test/task:	73.23
accuracy_test/concepts:	84.82484436035156
map_test/concepts:	0.8687239290447906

Epoch 185
losses_train/task:	0.040860049426555634
losses_train/concepts:	17.82162857055664
losses_train/total:	1.8230235576629639
losses_test/task:	1.5709608793258667
losses_test/concepts:	21.672698974609375
losses_test/total:	3.738229990005493
calibration_test/ece:	0.1927231401205063
calibration_test/brier:	0.44807636737823486
accuracy_test/task:	73.31
accuracy_test/concepts:	84.82625579833984
map_test/concepts:	0.8687148479511961

Epoch 186
losses_train/task:	0.039788685739040375
losses_train/concepts:	17.831634521484375
losses_train/total:	1.822952389717102
losses_test/task:	1.5722192525863647
losses_test/concepts:	21.673315048217773
losses_test/total:	3.739551067352295
calibration_test/ece:	0.19254866242408752
calibration_test/brier:	0.44766807556152344
accuracy_test/task:	73.3
accuracy_test/concepts:	84.82781219482422
map_test/concepts:	0.8687110361643136

Epoch 187
losses_train/task:	0.03822633624076843
losses_train/concepts:	17.848283767700195
losses_train/total:	1.8230552673339844
losses_test/task:	1.5729025602340698
losses_test/concepts:	21.671010971069336
losses_test/total:	3.740002393722534
calibration_test/ece:	0.19297464191913605
calibration_test/brier:	0.4479491114616394
accuracy_test/task:	73.23
accuracy_test/concepts:	84.8287582397461
map_test/concepts:	0.8686964599182829

Epoch 188
losses_train/task:	0.03852977976202965
losses_train/concepts:	17.83353042602539
losses_train/total:	1.821884274482727
losses_test/task:	1.5740292072296143
losses_test/concepts:	21.67551612854004
losses_test/total:	3.741581439971924
calibration_test/ece:	0.1931440532207489
calibration_test/brier:	0.44804292917251587
accuracy_test/task:	73.24
accuracy_test/concepts:	84.82829284667969
map_test/concepts:	0.868708927067928

Epoch 189
losses_train/task:	0.03632422536611557
losses_train/concepts:	17.8392391204834
losses_train/total:	1.820247769355774
losses_test/task:	1.5756762027740479
losses_test/concepts:	21.67437171936035
losses_test/total:	3.7431142330169678
calibration_test/ece:	0.19418078660964966
calibration_test/brier:	0.4481498599052429
accuracy_test/task:	73.14
accuracy_test/concepts:	84.8201675415039
map_test/concepts:	0.8686761031858623

Epoch 190
losses_train/task:	0.038811102509498596
losses_train/concepts:	17.834091186523438
losses_train/total:	1.8222209215164185
losses_test/task:	1.5757511854171753
losses_test/concepts:	21.67363166809082
losses_test/total:	3.7431135177612305
calibration_test/ece:	0.19318599998950958
calibration_test/brier:	0.4481861889362335
accuracy_test/task:	73.26
accuracy_test/concepts:	84.81954193115234
map_test/concepts:	0.8686981445644051

Epoch 191
losses_train/task:	0.038380399346351624
losses_train/concepts:	17.823793411254883
losses_train/total:	1.82076096534729
losses_test/task:	1.5755151510238647
losses_test/concepts:	21.674938201904297
losses_test/total:	3.743009328842163
calibration_test/ece:	0.19366887211799622
calibration_test/brier:	0.44791361689567566
accuracy_test/task:	73.22
accuracy_test/concepts:	84.81375122070312
map_test/concepts:	0.8687029180582613

Epoch 192
losses_train/task:	0.03959161043167114
losses_train/concepts:	17.81916046142578
losses_train/total:	1.8215073347091675
losses_test/task:	1.576483130455017
losses_test/concepts:	21.678913116455078
losses_test/total:	3.7443747520446777
calibration_test/ece:	0.19341284036636353
calibration_test/brier:	0.4482204020023346
accuracy_test/task:	73.23
accuracy_test/concepts:	84.8285903930664
map_test/concepts:	0.8686877174768597

Epoch 193
losses_train/task:	0.03829861432313919
losses_train/concepts:	17.836265563964844
losses_train/total:	1.8219258785247803
losses_test/task:	1.5750049352645874
losses_test/concepts:	21.678190231323242
losses_test/total:	3.742823839187622
calibration_test/ece:	0.19299215078353882
calibration_test/brier:	0.44808951020240784
accuracy_test/task:	73.28
accuracy_test/concepts:	84.82455444335938
map_test/concepts:	0.8686812784289941

Epoch 194
losses_train/task:	0.038220394402742386
losses_train/concepts:	17.840110778808594
losses_train/total:	1.8222315311431885
losses_test/task:	1.5752490758895874
losses_test/concepts:	21.67557144165039
losses_test/total:	3.742805242538452
calibration_test/ece:	0.19328095018863678
calibration_test/brier:	0.44822320342063904
accuracy_test/task:	73.25
accuracy_test/concepts:	84.82157135009766
map_test/concepts:	0.8687136161606759

Epoch 195
losses_train/task:	0.03816083073616028
losses_train/concepts:	17.82490348815918
losses_train/total:	1.820651650428772
losses_test/task:	1.575111985206604
losses_test/concepts:	21.677209854125977
losses_test/total:	3.742833137512207
calibration_test/ece:	0.19354306161403656
calibration_test/brier:	0.44798290729522705
accuracy_test/task:	73.25
accuracy_test/concepts:	84.81922149658203
map_test/concepts:	0.8686880792956799

Epoch 196
losses_train/task:	0.038232505321502686
losses_train/concepts:	17.829572677612305
losses_train/total:	1.8211898803710938
losses_test/task:	1.5776666402816772
losses_test/concepts:	21.675273895263672
losses_test/total:	3.745194911956787
calibration_test/ece:	0.1951589286327362
calibration_test/brier:	0.4485674202442169
accuracy_test/task:	73.11
accuracy_test/concepts:	84.81720733642578
map_test/concepts:	0.8686870788224041

Epoch 197
losses_train/task:	0.04171416163444519
losses_train/concepts:	17.806943893432617
losses_train/total:	1.8224093914031982
losses_test/task:	1.5770598649978638
losses_test/concepts:	21.67743492126465
losses_test/total:	3.7448036670684814
calibration_test/ece:	0.19406625628471375
calibration_test/brier:	0.44817256927490234
accuracy_test/task:	73.17
accuracy_test/concepts:	84.82563781738281
map_test/concepts:	0.868700910359621

Epoch 198
losses_train/task:	0.037997595965862274
losses_train/concepts:	17.808351516723633
losses_train/total:	1.8188318014144897
losses_test/task:	1.5758720636367798
losses_test/concepts:	21.677486419677734
losses_test/total:	3.743621587753296
calibration_test/ece:	0.19233186542987823
calibration_test/brier:	0.4479732811450958
accuracy_test/task:	73.33
accuracy_test/concepts:	84.8268814086914
map_test/concepts:	0.8686962305800989

Epoch 199
losses_train/task:	0.03608917072415352
losses_train/concepts:	17.8041934967041
losses_train/total:	1.816509485244751
losses_test/task:	1.5785892009735107
losses_test/concepts:	21.68107032775879
losses_test/total:	3.746696949005127
calibration_test/ece:	0.19299793243408203
calibration_test/brier:	0.4482658803462982
accuracy_test/task:	73.28
accuracy_test/concepts:	84.82719421386719
map_test/concepts:	0.8687075400957838

Epoch 200
losses_train/task:	0.03585051745176315
losses_train/concepts:	17.79822540283203
losses_train/total:	1.815672516822815
losses_test/task:	1.579063057899475
losses_test/concepts:	21.682680130004883
losses_test/total:	3.747330665588379
calibration_train/ece:	0.002543350216001272
calibration_train/brier:	0.0005615234258584678
accuracy_train/task:	99.97996794871794
calibration_test/ece:	0.19354596734046936
calibration_test/brier:	0.44816264510154724
accuracy_test/task:	73.25
accuracy_train/concepts:	88.17153930664062
map_train/concepts:	0.9144451979082078
accuracy_test/concepts:	84.82172393798828
map_test/concepts:	0.8686933430144563
accuracy_test/nuisances_task:	-0.7211391684375231
accuracy_test/nuisances_nontask:	0.0
mutual_inf_test/nuisances_task:	0.2581094473476759
mutual_inf_test/nuisances_nontask:	0.0

epoch_200.pt
Skipping interventions: model 'cem' is not intervenable
[1;34mwandb[0m:
[1;34mwandb[0m: You can sync this run to the cloud by running:
[1;34mwandb[0m: [1mwandb sync /research/hal-afsharim/minimal_cbm/results/cifar10-cem/42/wandb/offline-run-20260726_003800-ieu6okdp[0m
[1;34mwandb[0m: Find logs at: [1;35mresults/cifar10-cem/42/wandb/offline-run-20260726_003800-ieu6okdp/logs[0m
