
===== launch 2026-07-25 06:40:11.042006 gpu0 =====
wandb: Using wandb-core as the SDK backend.  Please refer to https://wandb.me/wandb-core for more information.
wandb: Tracking run with wandb version 0.19.0
wandb: W&B syncing is set to `offline` in this directory.  
wandb: Run `wandb online` or set WANDB_MODE=online to enable cloud syncing.

===== launch 2026-07-26 01:09:54.745046 gpu0 =====
wandb: Using wandb-core as the SDK backend.  Please refer to https://wandb.me/wandb-core for more information.
wandb: Tracking run with wandb version 0.19.0
wandb: W&B syncing is set to `offline` in this directory.  
wandb: Run `wandb online` or set WANDB_MODE=online to enable cloud syncing.
Epoch 1
losses_train/task:	2.2263102531433105
losses_train/concepts:	26.963594436645508
losses_train/total:	4.922669410705566
losses_test/task:	2.0628199577331543
losses_test/concepts:	25.068510055541992
losses_test/total:	4.569670677185059
calibration_test/ece:	0.11052927374839783
calibration_test/brier:	0.8491201400756836
accuracy_test/task:	27.06
accuracy_test/concepts:	82.04171752929688
map_test/concepts:	0.7957065508235246

Epoch 2
losses_train/task:	1.94916570186615
losses_train/concepts:	24.760604858398438
losses_train/total:	4.425226211547852
losses_test/task:	1.8287988901138306
losses_test/concepts:	24.184345245361328
losses_test/total:	4.247232437133789
calibration_test/ece:	0.0953509733080864
calibration_test/brier:	0.7945025563240051
accuracy_test/task:	32.98
accuracy_test/concepts:	82.62139892578125
map_test/concepts:	0.811648858449189

Epoch 3
losses_train/task:	1.7257778644561768
losses_train/concepts:	24.063980102539062
losses_train/total:	4.132174968719482
losses_test/task:	1.6112200021743774
losses_test/concepts:	23.593002319335938
losses_test/total:	3.9705185890197754
calibration_test/ece:	0.10903222113847733
calibration_test/brier:	0.7318153381347656
accuracy_test/task:	41.83
accuracy_test/concepts:	83.19608306884766
map_test/concepts:	0.823763123160461

Epoch 4
losses_train/task:	1.5525587797164917
losses_train/concepts:	23.600229263305664
losses_train/total:	3.912580966949463
losses_test/task:	1.4789280891418457
losses_test/concepts:	23.300607681274414
losses_test/total:	3.808988332748413
calibration_test/ece:	0.07189630717039108
calibration_test/brier:	0.6796329617500305
accuracy_test/task:	46.58
accuracy_test/concepts:	83.40044403076172
map_test/concepts:	0.8313186147715896

Epoch 5
losses_train/task:	1.4482125043869019
losses_train/concepts:	23.304611206054688
losses_train/total:	3.778675079345703
losses_test/task:	1.4081730842590332
losses_test/concepts:	23.052318572998047
losses_test/total:	3.7134053707122803
calibration_test/ece:	0.040699876844882965
calibration_test/brier:	0.6491201519966125
accuracy_test/task:	48.99
accuracy_test/concepts:	83.59684753417969
map_test/concepts:	0.8364604869275354

Epoch 6
losses_train/task:	1.378844976425171
losses_train/concepts:	23.069828033447266
losses_train/total:	3.6858253479003906
losses_test/task:	1.3746684789657593
losses_test/concepts:	22.90529441833496
losses_test/total:	3.6651978492736816
calibration_test/ece:	0.03421277180314064
calibration_test/brier:	0.6319572329521179
accuracy_test/task:	50.14
accuracy_test/concepts:	83.68497467041016
map_test/concepts:	0.8397765142726712

Epoch 7
losses_train/task:	1.3262574672698975
losses_train/concepts:	22.878986358642578
losses_train/total:	3.6141550540924072
losses_test/task:	1.3196150064468384
losses_test/concepts:	22.742013931274414
losses_test/total:	3.5938169956207275
calibration_test/ece:	0.025886250659823418
calibration_test/brier:	0.6075525879859924
accuracy_test/task:	52.97
accuracy_test/concepts:	83.78748321533203
map_test/concepts:	0.8425047523633111

Epoch 8
losses_train/task:	1.272592544555664
losses_train/concepts:	22.707210540771484
losses_train/total:	3.5433132648468018
losses_test/task:	1.280826210975647
losses_test/concepts:	22.610166549682617
losses_test/total:	3.541841983795166
calibration_test/ece:	0.017507217824459076
calibration_test/brier:	0.5913516879081726
accuracy_test/task:	54.24
accuracy_test/concepts:	83.8888931274414
map_test/concepts:	0.8445988944731653

Epoch 9
losses_train/task:	1.235290765762329
losses_train/concepts:	22.573829650878906
losses_train/total:	3.49267578125
losses_test/task:	1.2348089218139648
losses_test/concepts:	22.498769760131836
losses_test/total:	3.484684944152832
calibration_test/ece:	0.02552897296845913
calibration_test/brier:	0.5721337199211121
accuracy_test/task:	55.7
accuracy_test/concepts:	83.99093627929688
map_test/concepts:	0.8463443092769012

Epoch 10
losses_train/task:	1.1999897956848145
losses_train/concepts:	22.453716278076172
losses_train/total:	3.4453635215759277
losses_test/task:	1.2021229267120361
losses_test/concepts:	22.39537239074707
losses_test/total:	3.441660165786743
calibration_test/ece:	0.01775169186294079
calibration_test/brier:	0.5577946901321411
accuracy_test/task:	57.05
accuracy_test/concepts:	84.04014587402344
map_test/concepts:	0.8481956659816206

Epoch 11
losses_train/task:	1.170335292816162
losses_train/concepts:	22.337722778320312
losses_train/total:	3.4041080474853516
losses_test/task:	1.1791274547576904
losses_test/concepts:	22.33902359008789
losses_test/total:	3.413029670715332
calibration_test/ece:	0.019632717594504356
calibration_test/brier:	0.5470101833343506
accuracy_test/task:	58.18
accuracy_test/concepts:	84.09514617919922
map_test/concepts:	0.8493669693707488

Epoch 12
losses_train/task:	1.1426678895950317
losses_train/concepts:	22.243513107299805
losses_train/total:	3.3670198917388916
losses_test/task:	1.1744662523269653
losses_test/concepts:	22.271255493164062
losses_test/total:	3.4015913009643555
calibration_test/ece:	0.009472467005252838
calibration_test/brier:	0.5420031547546387
accuracy_test/task:	58.72
accuracy_test/concepts:	84.11359405517578
map_test/concepts:	0.8503223183797672

Epoch 13
losses_train/task:	1.1141310930252075
losses_train/concepts:	22.143760681152344
losses_train/total:	3.3285071849823
losses_test/task:	1.141828179359436
losses_test/concepts:	22.22123908996582
losses_test/total:	3.3639519214630127
calibration_test/ece:	0.013820678927004337
calibration_test/brier:	0.528174638748169
accuracy_test/task:	60.16
accuracy_test/concepts:	84.17578125
map_test/concepts:	0.8515609331661835

Epoch 14
losses_train/task:	1.0928970575332642
losses_train/concepts:	22.06894874572754
losses_train/total:	3.299791097640991
losses_test/task:	1.124688744544983
losses_test/concepts:	22.14616584777832
losses_test/total:	3.3393049240112305
calibration_test/ece:	0.01612841710448265
calibration_test/brier:	0.5207675099372864
accuracy_test/task:	60.89
accuracy_test/concepts:	84.21437072753906
map_test/concepts:	0.8525619332212955

Epoch 15
losses_train/task:	1.0613821744918823
losses_train/concepts:	21.974456787109375
losses_train/total:	3.258826971054077
losses_test/task:	1.1103769540786743
losses_test/concepts:	22.139610290527344
losses_test/total:	3.3243374824523926
calibration_test/ece:	0.01506214588880539
calibration_test/brier:	0.512819766998291
accuracy_test/task:	61.86
accuracy_test/concepts:	84.23764038085938
map_test/concepts:	0.8529830637853593

Epoch 16
losses_train/task:	1.0451418161392212
losses_train/concepts:	21.899017333984375
losses_train/total:	3.2350454330444336
losses_test/task:	1.0928884744644165
losses_test/concepts:	22.093238830566406
losses_test/total:	3.3022117614746094
calibration_test/ece:	0.01702588051557541
calibration_test/brier:	0.5040625929832458
accuracy_test/task:	62.65
accuracy_test/concepts:	84.2734375
map_test/concepts:	0.8541711033321917

Epoch 17
losses_train/task:	1.0215493440628052
losses_train/concepts:	21.81145668029785
losses_train/total:	3.2026925086975098
losses_test/task:	1.0844628810882568
losses_test/concepts:	22.05670166015625
losses_test/total:	3.290132999420166
calibration_test/ece:	0.012994355522096157
calibration_test/brier:	0.5003522038459778
accuracy_test/task:	62.46
accuracy_test/concepts:	84.30750274658203
map_test/concepts:	0.8546019096393138

Epoch 18
losses_train/task:	1.0007623434066772
losses_train/concepts:	21.76417350769043
losses_train/total:	3.1771798133850098
losses_test/task:	1.0787842273712158
losses_test/concepts:	22.02161407470703
losses_test/total:	3.280946731567383
calibration_test/ece:	0.01474761962890625
calibration_test/brier:	0.4958137273788452
accuracy_test/task:	63.23
accuracy_test/concepts:	84.31654357910156
map_test/concepts:	0.8553073151269928

Epoch 19
losses_train/task:	0.9817583560943604
losses_train/concepts:	21.678451538085938
losses_train/total:	3.1496028900146484
losses_test/task:	1.0704190731048584
losses_test/concepts:	21.95427894592285
losses_test/total:	3.2658464908599854
calibration_test/ece:	0.01974736899137497
calibration_test/brier:	0.4912503957748413
accuracy_test/task:	63.32
accuracy_test/concepts:	84.37860107421875
map_test/concepts:	0.8563818697584793

Epoch 20
losses_train/task:	0.9650663137435913
losses_train/concepts:	21.589996337890625
losses_train/total:	3.12406587600708
losses_test/task:	1.0629568099975586
losses_test/concepts:	21.972442626953125
losses_test/total:	3.2602009773254395
calibration_test/ece:	0.02122834324836731
calibration_test/brier:	0.4887840747833252
accuracy_test/task:	63.48
accuracy_test/concepts:	84.35905456542969
map_test/concepts:	0.8565295588923618

Epoch 21
losses_train/task:	0.9484529495239258
losses_train/concepts:	21.544288635253906
losses_train/total:	3.102881669998169
losses_test/task:	1.047835350036621
losses_test/concepts:	21.918657302856445
losses_test/total:	3.2397003173828125
calibration_test/ece:	0.019975844770669937
calibration_test/brier:	0.48293304443359375
accuracy_test/task:	64.03
accuracy_test/concepts:	84.4056396484375
map_test/concepts:	0.8572679543867707

Epoch 22
losses_train/task:	0.9259021878242493
losses_train/concepts:	21.46210479736328
losses_train/total:	3.0721113681793213
losses_test/task:	1.0428085327148438
losses_test/concepts:	21.89348793029785
losses_test/total:	3.232156991958618
calibration_test/ece:	0.025254450738430023
calibration_test/brier:	0.4812525510787964
accuracy_test/task:	64.45
accuracy_test/concepts:	84.42265319824219
map_test/concepts:	0.8578180748736486

Epoch 23
losses_train/task:	0.9149782061576843
losses_train/concepts:	21.40423583984375
losses_train/total:	3.0554027557373047
losses_test/task:	1.0401809215545654
losses_test/concepts:	21.87431526184082
losses_test/total:	3.2276132106781006
calibration_test/ece:	0.027686573565006256
calibration_test/brier:	0.4765852391719818
accuracy_test/task:	64.81
accuracy_test/concepts:	84.41720581054688
map_test/concepts:	0.8581147885415703

Epoch 24
losses_train/task:	0.8942984342575073
losses_train/concepts:	21.33275032043457
losses_train/total:	3.0275723934173584
losses_test/task:	1.0370789766311646
losses_test/concepts:	21.866994857788086
losses_test/total:	3.223778486251831
calibration_test/ece:	0.030361652374267578
calibration_test/brier:	0.47485169768333435
accuracy_test/task:	65.09
accuracy_test/concepts:	84.42984771728516
map_test/concepts:	0.8584128462243825

Epoch 25
losses_train/task:	0.8809878826141357
losses_train/concepts:	21.273162841796875
losses_train/total:	3.008305788040161
losses_test/task:	1.0346322059631348
losses_test/concepts:	21.811986923217773
losses_test/total:	3.215831756591797
calibration_test/ece:	0.03146770969033241
calibration_test/brier:	0.47529086470603943
accuracy_test/task:	64.96
accuracy_test/concepts:	84.50768280029297
map_test/concepts:	0.8590217628516257

Epoch 26
losses_train/task:	0.8633453845977783
losses_train/concepts:	21.21769142150879
losses_train/total:	2.9851138591766357
losses_test/task:	1.0402799844741821
losses_test/concepts:	21.854917526245117
losses_test/total:	3.2257730960845947
calibration_test/ece:	0.03491819277405739
calibration_test/brier:	0.47252002358436584
accuracy_test/task:	65.27
accuracy_test/concepts:	84.47764587402344
map_test/concepts:	0.8590059675043449

Epoch 27
losses_train/task:	0.8558661341667175
losses_train/concepts:	21.163387298583984
losses_train/total:	2.972205638885498
losses_test/task:	1.0276597738265991
losses_test/concepts:	21.82579231262207
losses_test/total:	3.210238456726074
calibration_test/ece:	0.03451519459486008
calibration_test/brier:	0.4675391614437103
accuracy_test/task:	65.91
accuracy_test/concepts:	84.47438049316406
map_test/concepts:	0.8593471812782809

Epoch 28
losses_train/task:	0.8396419882774353
losses_train/concepts:	21.11939239501953
losses_train/total:	2.9515788555145264
losses_test/task:	1.0174643993377686
losses_test/concepts:	21.78418731689453
losses_test/total:	3.19588303565979
calibration_test/ece:	0.035651326179504395
calibration_test/brier:	0.46354058384895325
accuracy_test/task:	66.12
accuracy_test/concepts:	84.5267105102539
map_test/concepts:	0.859710572171025

Epoch 29
losses_train/task:	0.8185779452323914
losses_train/concepts:	21.06302833557129
losses_train/total:	2.9248814582824707
losses_test/task:	1.0281842947006226
losses_test/concepts:	21.81620979309082
losses_test/total:	3.209805488586426
calibration_test/ece:	0.043025460094213486
calibration_test/brier:	0.46751463413238525
accuracy_test/task:	65.63
accuracy_test/concepts:	84.50077819824219
map_test/concepts:	0.8597653083270416

Epoch 30
losses_train/task:	0.8067570924758911
losses_train/concepts:	21.0130672454834
losses_train/total:	2.9080636501312256
losses_test/task:	1.0190609693527222
losses_test/concepts:	21.79041862487793
losses_test/total:	3.1981029510498047
calibration_test/ece:	0.04553580284118652
calibration_test/brier:	0.4632170796394348
accuracy_test/task:	66.13
accuracy_test/concepts:	84.50985717773438
map_test/concepts:	0.8599955409299582

Epoch 31
losses_train/task:	0.7971756458282471
losses_train/concepts:	20.960399627685547
losses_train/total:	2.893216848373413
losses_test/task:	1.018019676208496
losses_test/concepts:	21.779237747192383
losses_test/total:	3.1959431171417236
calibration_test/ece:	0.045724738389253616
calibration_test/brier:	0.4628196358680725
accuracy_test/task:	66.06
accuracy_test/concepts:	84.51422119140625
map_test/concepts:	0.8602519849082455

Epoch 32
losses_train/task:	0.7854712605476379
losses_train/concepts:	20.915767669677734
losses_train/total:	2.8770456314086914
losses_test/task:	1.0213301181793213
losses_test/concepts:	21.79104995727539
losses_test/total:	3.200434923171997
calibration_test/ece:	0.04705594480037689
calibration_test/brier:	0.4638749957084656
accuracy_test/task:	66.11
accuracy_test/concepts:	84.5612564086914
map_test/concepts:	0.8602675929432735

Epoch 33
losses_train/task:	0.7715269923210144
losses_train/concepts:	20.871931076049805
losses_train/total:	2.85871958732605
losses_test/task:	1.024015188217163
losses_test/concepts:	21.767654418945312
losses_test/total:	3.2007811069488525
calibration_test/ece:	0.052894800901412964
calibration_test/brier:	0.46356967091560364
accuracy_test/task:	66.33
accuracy_test/concepts:	84.5592269897461
map_test/concepts:	0.860647406312637

Epoch 34
losses_train/task:	0.7564734220504761
losses_train/concepts:	20.805280685424805
losses_train/total:	2.8370018005371094
losses_test/task:	1.015275001525879
losses_test/concepts:	21.789737701416016
losses_test/total:	3.194249153137207
calibration_test/ece:	0.055080436170101166
calibration_test/brier:	0.45929136872291565
accuracy_test/task:	66.85
accuracy_test/concepts:	84.52342987060547
map_test/concepts:	0.8605833301553503

Epoch 35
losses_train/task:	0.7484782934188843
losses_train/concepts:	20.772703170776367
losses_train/total:	2.825749635696411
losses_test/task:	1.0318659543991089
losses_test/concepts:	21.772743225097656
losses_test/total:	3.209139347076416
calibration_test/ece:	0.06219721958041191
calibration_test/brier:	0.46670180559158325
accuracy_test/task:	66.06
accuracy_test/concepts:	84.56390380859375
map_test/concepts:	0.8608461391413584

Epoch 36
losses_train/task:	0.7341607809066772
losses_train/concepts:	20.735151290893555
losses_train/total:	2.807675838470459
losses_test/task:	1.0360931158065796
losses_test/concepts:	21.82117462158203
losses_test/total:	3.218210458755493
calibration_test/ece:	0.06620799005031586
calibration_test/brier:	0.46390795707702637
accuracy_test/task:	66.56
accuracy_test/concepts:	84.49186706542969
map_test/concepts:	0.861070750746876

Epoch 37
losses_train/task:	0.7222648859024048
losses_train/concepts:	20.67414093017578
losses_train/total:	2.7896804809570312
losses_test/task:	1.0377814769744873
losses_test/concepts:	21.82636260986328
losses_test/total:	3.2204172611236572
calibration_test/ece:	0.06802128255367279
calibration_test/brier:	0.464739590883255
accuracy_test/task:	66.34
accuracy_test/concepts:	84.48859405517578
map_test/concepts:	0.8610948581481352

Epoch 38
losses_train/task:	0.7081854343414307
losses_train/concepts:	20.61931610107422
losses_train/total:	2.7701175212860107
losses_test/task:	1.023603916168213
losses_test/concepts:	21.79183578491211
losses_test/total:	3.2027883529663086
calibration_test/ece:	0.06579900532960892
calibration_test/brier:	0.4596894383430481
accuracy_test/task:	66.84
accuracy_test/concepts:	84.5379638671875
map_test/concepts:	0.8614127761684358

Epoch 39
losses_train/task:	0.7001401782035828
losses_train/concepts:	20.587343215942383
losses_train/total:	2.75887393951416
losses_test/task:	1.0237845182418823
losses_test/concepts:	21.75279998779297
losses_test/total:	3.1990649700164795
calibration_test/ece:	0.06376558542251587
calibration_test/brier:	0.4568934440612793
accuracy_test/task:	67.16
accuracy_test/concepts:	84.57218170166016
map_test/concepts:	0.861527087399736

Epoch 40
losses_train/task:	0.6865660548210144
losses_train/concepts:	20.53853416442871
losses_train/total:	2.7404191493988037
losses_test/task:	1.0412031412124634
losses_test/concepts:	21.83233070373535
losses_test/total:	3.2244365215301514
calibration_test/ece:	0.07406988739967346
calibration_test/brier:	0.465974360704422
accuracy_test/task:	66.71
accuracy_test/concepts:	84.53467559814453
map_test/concepts:	0.8614295095903799

Epoch 41
losses_train/task:	0.6799885630607605
losses_train/concepts:	20.512758255004883
losses_train/total:	2.731264114379883
losses_test/task:	1.0343199968338013
losses_test/concepts:	21.808500289916992
losses_test/total:	3.21517014503479
calibration_test/ece:	0.0795866921544075
calibration_test/brier:	0.4633842706680298
accuracy_test/task:	66.63
accuracy_test/concepts:	84.51360321044922
map_test/concepts:	0.861780914652627

Epoch 42
losses_train/task:	0.666154682636261
losses_train/concepts:	20.474430084228516
losses_train/total:	2.713597059249878
losses_test/task:	1.0409091711044312
losses_test/concepts:	21.794864654541016
losses_test/total:	3.220396041870117
calibration_test/ece:	0.07747656106948853
calibration_test/brier:	0.46290501952171326
accuracy_test/task:	66.45
accuracy_test/concepts:	84.51907348632812
map_test/concepts:	0.8617095134686679

Epoch 43
losses_train/task:	0.6600626707077026
losses_train/concepts:	20.412378311157227
losses_train/total:	2.701298713684082
losses_test/task:	1.0354825258255005
losses_test/concepts:	21.823673248291016
losses_test/total:	3.2178497314453125
calibration_test/ece:	0.07578548043966293
calibration_test/brier:	0.4599789083003998
accuracy_test/task:	67.35
accuracy_test/concepts:	84.51828002929688
map_test/concepts:	0.8615730457822792

Epoch 44
losses_train/task:	0.6555845141410828
losses_train/concepts:	20.380390167236328
losses_train/total:	2.693624258041382
losses_test/task:	1.0339523553848267
losses_test/concepts:	21.834156036376953
losses_test/total:	3.2173686027526855
calibration_test/ece:	0.08394018560647964
calibration_test/brier:	0.45839935541152954
accuracy_test/task:	67.0
accuracy_test/concepts:	84.56594848632812
map_test/concepts:	0.8620460937381722

Epoch 45
losses_train/task:	0.6394863128662109
losses_train/concepts:	20.341285705566406
losses_train/total:	2.6736159324645996
losses_test/task:	1.0369150638580322
losses_test/concepts:	21.804174423217773
losses_test/total:	3.2173328399658203
calibration_test/ece:	0.08362451940774918
calibration_test/brier:	0.4630955159664154
accuracy_test/task:	66.98
accuracy_test/concepts:	84.52562713623047
map_test/concepts:	0.8617318128235638

Epoch 46
losses_train/task:	0.6283889412879944
losses_train/concepts:	20.304685592651367
losses_train/total:	2.6588590145111084
losses_test/task:	1.0434600114822388
losses_test/concepts:	21.900493621826172
losses_test/total:	3.2335093021392822
calibration_test/ece:	0.09035085141658783
calibration_test/brier:	0.46297645568847656
accuracy_test/task:	66.99
accuracy_test/concepts:	84.4787368774414
map_test/concepts:	0.8617008033907041

Epoch 47
losses_train/task:	0.6262478828430176
losses_train/concepts:	20.241209030151367
losses_train/total:	2.6503703594207764
losses_test/task:	1.0505541563034058
losses_test/concepts:	21.88004493713379
losses_test/total:	3.2385594844818115
calibration_test/ece:	0.09143447875976562
calibration_test/brier:	0.4639642536640167
accuracy_test/task:	67.0
accuracy_test/concepts:	84.46827697753906
map_test/concepts:	0.8620334634324536

Epoch 48
losses_train/task:	0.6149357557296753
losses_train/concepts:	20.232803344726562
losses_train/total:	2.638216495513916
losses_test/task:	1.038248896598816
losses_test/concepts:	21.835285186767578
losses_test/total:	3.2217772006988525
calibration_test/ece:	0.09072782099246979
calibration_test/brier:	0.4583430290222168
accuracy_test/task:	67.35
accuracy_test/concepts:	84.5267333984375
map_test/concepts:	0.8621302411193028

Epoch 49
losses_train/task:	0.6062485575675964
losses_train/concepts:	20.207881927490234
losses_train/total:	2.627035617828369
losses_test/task:	1.052345871925354
losses_test/concepts:	21.886987686157227
losses_test/total:	3.2410452365875244
calibration_test/ece:	0.09622851014137268
calibration_test/brier:	0.46416187286376953
accuracy_test/task:	67.35
accuracy_test/concepts:	84.48078155517578
map_test/concepts:	0.8620737257879227

Epoch 50
losses_train/task:	0.5873864889144897
losses_train/concepts:	20.150270462036133
losses_train/total:	2.6024134159088135
losses_test/task:	1.0616792440414429
losses_test/concepts:	21.91983413696289
losses_test/total:	3.253662109375
calibration_test/ece:	0.10016752034425735
calibration_test/brier:	0.4657590687274933
accuracy_test/task:	66.89
accuracy_test/concepts:	84.43013763427734
map_test/concepts:	0.8614543480798602

Epoch 51
losses_train/task:	0.5819879174232483
losses_train/concepts:	20.130550384521484
losses_train/total:	2.5950417518615723
losses_test/task:	1.0506916046142578
losses_test/concepts:	21.912124633789062
losses_test/total:	3.2419047355651855
calibration_test/ece:	0.09597402811050415
calibration_test/brier:	0.4628126323223114
accuracy_test/task:	67.54
accuracy_test/concepts:	84.49639129638672
map_test/concepts:	0.8619923643418588

Epoch 52
losses_train/task:	0.5757861733436584
losses_train/concepts:	20.078725814819336
losses_train/total:	2.5836596488952637
losses_test/task:	1.0648343563079834
losses_test/concepts:	21.975788116455078
losses_test/total:	3.2624125480651855
calibration_test/ece:	0.10090067237615585
calibration_test/brier:	0.464595764875412
accuracy_test/task:	67.22
accuracy_test/concepts:	84.39064025878906
map_test/concepts:	0.8619097121991217

Epoch 53
losses_train/task:	0.5715453624725342
losses_train/concepts:	20.052968978881836
losses_train/total:	2.5768439769744873
losses_test/task:	1.0609266757965088
losses_test/concepts:	21.924663543701172
losses_test/total:	3.2533929347991943
calibration_test/ece:	0.10399065911769867
calibration_test/brier:	0.4634891748428345
accuracy_test/task:	67.35
accuracy_test/concepts:	84.45608520507812
map_test/concepts:	0.8624165541841649

Epoch 54
losses_train/task:	0.5587065815925598
losses_train/concepts:	19.996862411499023
losses_train/total:	2.5583925247192383
losses_test/task:	1.0580743551254272
losses_test/concepts:	21.93982696533203
losses_test/total:	3.2520570755004883
calibration_test/ece:	0.1032421737909317
calibration_test/brier:	0.4608347713947296
accuracy_test/task:	67.46
accuracy_test/concepts:	84.4915542602539
map_test/concepts:	0.8622604773845524

Epoch 55
losses_train/task:	0.5536667108535767
losses_train/concepts:	19.984548568725586
losses_train/total:	2.55212140083313
losses_test/task:	1.0713155269622803
losses_test/concepts:	21.916095733642578
losses_test/total:	3.262924909591675
calibration_test/ece:	0.1060444563627243
calibration_test/brier:	0.46522045135498047
accuracy_test/task:	67.41
accuracy_test/concepts:	84.46078491210938
map_test/concepts:	0.8619533688179217

Epoch 56
losses_train/task:	0.5440122485160828
losses_train/concepts:	19.934064865112305
losses_train/total:	2.5374202728271484
losses_test/task:	1.071643590927124
losses_test/concepts:	21.950483322143555
losses_test/total:	3.266693115234375
calibration_test/ece:	0.10787232965230942
calibration_test/brier:	0.4622962474822998
accuracy_test/task:	67.59
accuracy_test/concepts:	84.4201431274414
map_test/concepts:	0.8617061705444939

Epoch 57
losses_train/task:	0.5399547219276428
losses_train/concepts:	19.903902053833008
losses_train/total:	2.530344009399414
losses_test/task:	1.0785561800003052
losses_test/concepts:	21.9720516204834
losses_test/total:	3.275761604309082
calibration_test/ece:	0.11463701725006104
calibration_test/brier:	0.4694731831550598
accuracy_test/task:	66.94
accuracy_test/concepts:	84.44766998291016
map_test/concepts:	0.8615646227262914

Epoch 58
losses_train/task:	0.5278453826904297
losses_train/concepts:	19.862545013427734
losses_train/total:	2.5140981674194336
losses_test/task:	1.083780288696289
losses_test/concepts:	21.968067169189453
losses_test/total:	3.2805864810943604
calibration_test/ece:	0.10965239256620407
calibration_test/brier:	0.46444129943847656
accuracy_test/task:	67.68
accuracy_test/concepts:	84.44359588623047
map_test/concepts:	0.8620037604123354

Epoch 59
losses_train/task:	0.5309804677963257
losses_train/concepts:	19.8378849029541
losses_train/total:	2.514768600463867
losses_test/task:	1.0818246603012085
losses_test/concepts:	21.920595169067383
losses_test/total:	3.2738840579986572
calibration_test/ece:	0.11326417326927185
calibration_test/brier:	0.4683268070220947
accuracy_test/task:	67.17
accuracy_test/concepts:	84.49702453613281
map_test/concepts:	0.8621176070882939

Epoch 60
losses_train/task:	0.5166232585906982
losses_train/concepts:	19.799055099487305
losses_train/total:	2.496528387069702
losses_test/task:	1.0943535566329956
losses_test/concepts:	21.962034225463867
losses_test/total:	3.2905564308166504
calibration_test/ece:	0.1218518614768982
calibration_test/brier:	0.4685933589935303
accuracy_test/task:	67.28
accuracy_test/concepts:	84.42704010009766
map_test/concepts:	0.8623809450073168

Epoch 61
losses_train/task:	0.512732744216919
losses_train/concepts:	19.76615333557129
losses_train/total:	2.4893479347229004
losses_test/task:	1.0809532403945923
losses_test/concepts:	21.959131240844727
losses_test/total:	3.2768666744232178
calibration_test/ece:	0.11547745764255524
calibration_test/brier:	0.46428555250167847
accuracy_test/task:	67.78
accuracy_test/concepts:	84.47359466552734
map_test/concepts:	0.8622182348044589

Epoch 62
losses_train/task:	0.5042412281036377
losses_train/concepts:	19.7515926361084
losses_train/total:	2.4794015884399414
losses_test/task:	1.1031019687652588
losses_test/concepts:	22.032808303833008
losses_test/total:	3.306381940841675
calibration_test/ece:	0.11835366487503052
calibration_test/brier:	0.46785518527030945
accuracy_test/task:	67.67
accuracy_test/concepts:	84.40391540527344
map_test/concepts:	0.8619297877303325

Epoch 63
losses_train/task:	0.49814674258232117
losses_train/concepts:	19.70490264892578
losses_train/total:	2.4686360359191895
losses_test/task:	1.0967587232589722
losses_test/concepts:	21.98697280883789
losses_test/total:	3.2954559326171875
calibration_test/ece:	0.11948887258768082
calibration_test/brier:	0.46835577487945557
accuracy_test/task:	67.5
accuracy_test/concepts:	84.4753189086914
map_test/concepts:	0.8621474678511731

Epoch 64
losses_train/task:	0.4897141456604004
losses_train/concepts:	19.66761589050293
losses_train/total:	2.4564743041992188
losses_test/task:	1.1048070192337036
losses_test/concepts:	22.016399383544922
losses_test/total:	3.3064475059509277
calibration_test/ece:	0.11743899434804916
calibration_test/brier:	0.46958065032958984
accuracy_test/task:	67.89
accuracy_test/concepts:	84.43952941894531
map_test/concepts:	0.8617489520111121

Epoch 65
losses_train/task:	0.49092036485671997
losses_train/concepts:	19.63245964050293
losses_train/total:	2.4541666507720947
losses_test/task:	1.1115072965621948
losses_test/concepts:	22.018686294555664
losses_test/total:	3.3133769035339355
calibration_test/ece:	0.12465106695890427
calibration_test/brier:	0.4735603630542755
accuracy_test/task:	67.23
accuracy_test/concepts:	84.44733428955078
map_test/concepts:	0.8620333014987409

Epoch 66
losses_train/task:	0.4747176766395569
losses_train/concepts:	19.595998764038086
losses_train/total:	2.434316396713257
losses_test/task:	1.114556074142456
losses_test/concepts:	21.99565315246582
losses_test/total:	3.314122200012207
calibration_test/ece:	0.13042397797107697
calibration_test/brier:	0.47410887479782104
accuracy_test/task:	66.88
accuracy_test/concepts:	84.5201644897461
map_test/concepts:	0.8618324769195169

Epoch 67
losses_train/task:	0.47293972969055176
losses_train/concepts:	19.581302642822266
losses_train/total:	2.4310708045959473
losses_test/task:	1.1213855743408203
losses_test/concepts:	22.049280166625977
losses_test/total:	3.326312303543091
calibration_test/ece:	0.12393522262573242
calibration_test/brier:	0.47072407603263855
accuracy_test/task:	67.38
accuracy_test/concepts:	84.36875915527344
map_test/concepts:	0.8619973734021187

Epoch 68
losses_train/task:	0.47429361939430237
losses_train/concepts:	19.545490264892578
losses_train/total:	2.4288439750671387
losses_test/task:	1.1333138942718506
losses_test/concepts:	22.028676986694336
losses_test/total:	3.3361809253692627
calibration_test/ece:	0.13057950139045715
calibration_test/brier:	0.47731640934944153
accuracy_test/task:	67.13
accuracy_test/concepts:	84.46390533447266
map_test/concepts:	0.8623042986728251

Epoch 69
losses_train/task:	0.4657074511051178
losses_train/concepts:	19.522747039794922
losses_train/total:	2.417982578277588
losses_test/task:	1.1220513582229614
losses_test/concepts:	22.097036361694336
losses_test/total:	3.331754684448242
calibration_test/ece:	0.13166876137256622
calibration_test/brier:	0.4740830063819885
accuracy_test/task:	67.18
accuracy_test/concepts:	84.43875885009766
map_test/concepts:	0.8619053305592388

Epoch 70
losses_train/task:	0.4592027962207794
losses_train/concepts:	19.50267219543457
losses_train/total:	2.40946888923645
losses_test/task:	1.1260502338409424
losses_test/concepts:	22.040225982666016
losses_test/total:	3.3300728797912598
calibration_test/ece:	0.12797221541404724
calibration_test/brier:	0.47283169627189636
accuracy_test/task:	67.4
accuracy_test/concepts:	84.46392059326172
map_test/concepts:	0.8622214110800996

Epoch 71
losses_train/task:	0.45117297768592834
losses_train/concepts:	19.455825805664062
losses_train/total:	2.3967559337615967
losses_test/task:	1.1492245197296143
losses_test/concepts:	22.12015151977539
losses_test/total:	3.361240863800049
calibration_test/ece:	0.14322172105312347
calibration_test/brier:	0.4854878783226013
accuracy_test/task:	66.38
accuracy_test/concepts:	84.3851547241211
map_test/concepts:	0.8617710387916304

Epoch 72
losses_train/task:	0.44300878047943115
losses_train/concepts:	19.41241455078125
losses_train/total:	2.3842504024505615
losses_test/task:	1.1323413848876953
losses_test/concepts:	22.071304321289062
losses_test/total:	3.3394718170166016
calibration_test/ece:	0.13183912634849548
calibration_test/brier:	0.4731510877609253
accuracy_test/task:	67.36
accuracy_test/concepts:	84.48967742919922
map_test/concepts:	0.8625954851740971

Epoch 73
losses_train/task:	0.4439486265182495
losses_train/concepts:	19.383134841918945
losses_train/total:	2.382263422012329
losses_test/task:	1.140426516532898
losses_test/concepts:	22.090547561645508
losses_test/total:	3.3494811058044434
calibration_test/ece:	0.13711227476596832
calibration_test/brier:	0.47685712575912476
accuracy_test/task:	67.18
accuracy_test/concepts:	84.45561981201172
map_test/concepts:	0.8621554345590994

Epoch 74
losses_train/task:	0.43829041719436646
losses_train/concepts:	19.34764862060547
losses_train/total:	2.3730545043945312
losses_test/task:	1.1251707077026367
losses_test/concepts:	22.137556076049805
losses_test/total:	3.338926076889038
calibration_test/ece:	0.13627170026302338
calibration_test/brier:	0.4717095196247101
accuracy_test/task:	67.59
accuracy_test/concepts:	84.42266082763672
map_test/concepts:	0.8625422868644819

Epoch 75
losses_train/task:	0.431835412979126
losses_train/concepts:	19.365703582763672
losses_train/total:	2.3684067726135254
losses_test/task:	1.159765362739563
losses_test/concepts:	22.158634185791016
losses_test/total:	3.37562894821167
calibration_test/ece:	0.14007528126239777
calibration_test/brier:	0.4799192249774933
accuracy_test/task:	67.18
accuracy_test/concepts:	84.35812377929688
map_test/concepts:	0.8619600547244772

Epoch 76
losses_train/task:	0.42700430750846863
losses_train/concepts:	19.300939559936523
losses_train/total:	2.357097625732422
losses_test/task:	1.160794734954834
losses_test/concepts:	22.084701538085938
losses_test/total:	3.369265556335449
calibration_test/ece:	0.14311037957668304
calibration_test/brier:	0.48136720061302185
accuracy_test/task:	67.15
accuracy_test/concepts:	84.421875
map_test/concepts:	0.8623426299309358

Epoch 77
losses_train/task:	0.4228796362876892
losses_train/concepts:	19.300893783569336
losses_train/total:	2.352968454360962
losses_test/task:	1.1524028778076172
losses_test/concepts:	22.091110229492188
losses_test/total:	3.361514091491699
calibration_test/ece:	0.14366930723190308
calibration_test/brier:	0.47884735465049744
accuracy_test/task:	67.14
accuracy_test/concepts:	84.40172576904297
map_test/concepts:	0.8621258016210049

Epoch 78
losses_train/task:	0.4124625325202942
losses_train/concepts:	19.248950958251953
losses_train/total:	2.337358236312866
losses_test/task:	1.1766453981399536
losses_test/concepts:	22.19355583190918
losses_test/total:	3.396000385284424
calibration_test/ece:	0.14926239848136902
calibration_test/brier:	0.4834975004196167
accuracy_test/task:	67.16
accuracy_test/concepts:	84.3671875
map_test/concepts:	0.8616754459217191

Epoch 79
losses_train/task:	0.4142554700374603
losses_train/concepts:	19.22378921508789
losses_train/total:	2.3366341590881348
losses_test/task:	1.1676853895187378
losses_test/concepts:	22.238525390625
losses_test/total:	3.3915374279022217
calibration_test/ece:	0.14782485365867615
calibration_test/brier:	0.4829314053058624
accuracy_test/task:	66.95
accuracy_test/concepts:	84.30062103271484
map_test/concepts:	0.8618283608811907

Epoch 80
losses_train/task:	0.41026949882507324
losses_train/concepts:	19.216764450073242
losses_train/total:	2.3319456577301025
losses_test/task:	1.1621335744857788
losses_test/concepts:	22.146167755126953
losses_test/total:	3.3767499923706055
calibration_test/ece:	0.14476150274276733
calibration_test/brier:	0.48052871227264404
accuracy_test/task:	67.12
accuracy_test/concepts:	84.4307632446289
map_test/concepts:	0.8622558346833102

Epoch 81
losses_train/task:	0.38049617409706116
losses_train/concepts:	18.99249839782715
losses_train/total:	2.2797460556030273
losses_test/task:	1.1284239292144775
losses_test/concepts:	22.048660278320312
losses_test/total:	3.3332903385162354
calibration_test/ece:	0.139250248670578
calibration_test/brier:	0.46679213643074036
accuracy_test/task:	68.22
accuracy_test/concepts:	84.48046112060547
map_test/concepts:	0.8629195700050332

Epoch 82
losses_train/task:	0.36940497159957886
losses_train/concepts:	18.945589065551758
losses_train/total:	2.2639615535736084
losses_test/task:	1.1237173080444336
losses_test/concepts:	22.05929946899414
losses_test/total:	3.3296475410461426
calibration_test/ece:	0.13926304876804352
calibration_test/brier:	0.4646708071231842
accuracy_test/task:	68.16
accuracy_test/concepts:	84.48687744140625
map_test/concepts:	0.8631614072946832

Epoch 83
losses_train/task:	0.37302809953689575
losses_train/concepts:	18.94269561767578
losses_train/total:	2.2672979831695557
losses_test/task:	1.127020001411438
losses_test/concepts:	22.071475982666016
losses_test/total:	3.334167957305908
calibration_test/ece:	0.13872063159942627
calibration_test/brier:	0.4654604494571686
accuracy_test/task:	68.33
accuracy_test/concepts:	84.48687744140625
map_test/concepts:	0.863152414036449

Epoch 84
losses_train/task:	0.36615699529647827
losses_train/concepts:	18.910524368286133
losses_train/total:	2.2572102546691895
losses_test/task:	1.1292028427124023
losses_test/concepts:	22.069684982299805
losses_test/total:	3.3361709117889404
calibration_test/ece:	0.1397777497768402
calibration_test/brier:	0.465225487947464
accuracy_test/task:	68.17
accuracy_test/concepts:	84.47203826904297
map_test/concepts:	0.8632291126414202

Epoch 85
losses_train/task:	0.36203110218048096
losses_train/concepts:	18.896432876586914
losses_train/total:	2.251674175262451
losses_test/task:	1.1232963800430298
losses_test/concepts:	22.07086181640625
losses_test/total:	3.3303821086883545
calibration_test/ece:	0.1372414380311966
calibration_test/brier:	0.46386757493019104
accuracy_test/task:	68.38
accuracy_test/concepts:	84.49546813964844
map_test/concepts:	0.8632953100604936

Epoch 86
losses_train/task:	0.3592679500579834
losses_train/concepts:	18.921541213989258
losses_train/total:	2.251420497894287
losses_test/task:	1.127542495727539
losses_test/concepts:	22.049633026123047
losses_test/total:	3.3325061798095703
calibration_test/ece:	0.13550539314746857
calibration_test/brier:	0.4635860323905945
accuracy_test/task:	68.57
accuracy_test/concepts:	84.4934310913086
map_test/concepts:	0.8633519376744516

Epoch 87
losses_train/task:	0.3563055694103241
losses_train/concepts:	18.880584716796875
losses_train/total:	2.244363307952881
losses_test/task:	1.1268807649612427
losses_test/concepts:	22.06068992614746
losses_test/total:	3.332949638366699
calibration_test/ece:	0.1353440135717392
calibration_test/brier:	0.4627600610256195
accuracy_test/task:	68.62
accuracy_test/concepts:	84.51123046875
map_test/concepts:	0.8632526289438829

Epoch 88
losses_train/task:	0.3510914146900177
losses_train/concepts:	18.883316040039062
losses_train/total:	2.2394230365753174
losses_test/task:	1.1257251501083374
losses_test/concepts:	22.058481216430664
losses_test/total:	3.331573486328125
calibration_test/ece:	0.1347900629043579
calibration_test/brier:	0.4607481062412262
accuracy_test/task:	68.81
accuracy_test/concepts:	84.48890686035156
map_test/concepts:	0.8632662795716897

Epoch 89
losses_train/task:	0.35677284002304077
losses_train/concepts:	18.86592674255371
losses_train/total:	2.243365526199341
losses_test/task:	1.127752423286438
losses_test/concepts:	22.06378936767578
losses_test/total:	3.3341312408447266
calibration_test/ece:	0.1362273097038269
calibration_test/brier:	0.4641234874725342
accuracy_test/task:	68.6
accuracy_test/concepts:	84.48406219482422
map_test/concepts:	0.8633833592175506

Epoch 90
losses_train/task:	0.3518507480621338
losses_train/concepts:	18.8492374420166
losses_train/total:	2.2367727756500244
losses_test/task:	1.127456784248352
losses_test/concepts:	22.075681686401367
losses_test/total:	3.3350250720977783
calibration_test/ece:	0.13582858443260193
calibration_test/brier:	0.4627719819545746
accuracy_test/task:	68.71
accuracy_test/concepts:	84.47749328613281
map_test/concepts:	0.8632733476697467

Epoch 91
losses_train/task:	0.3523314893245697
losses_train/concepts:	18.85957145690918
losses_train/total:	2.238288164138794
losses_test/task:	1.133939504623413
losses_test/concepts:	22.07920265197754
losses_test/total:	3.341859817504883
calibration_test/ece:	0.13740938901901245
calibration_test/brier:	0.46351099014282227
accuracy_test/task:	68.68
accuracy_test/concepts:	84.48092651367188
map_test/concepts:	0.8633370418683626

Epoch 92
losses_train/task:	0.34972578287124634
losses_train/concepts:	18.848421096801758
losses_train/total:	2.2345688343048096
losses_test/task:	1.1379692554473877
losses_test/concepts:	22.081295013427734
losses_test/total:	3.346097946166992
calibration_test/ece:	0.138747438788414
calibration_test/brier:	0.46427425742149353
accuracy_test/task:	68.58
accuracy_test/concepts:	84.50139617919922
map_test/concepts:	0.8633423543069512

Epoch 93
losses_train/task:	0.3475348949432373
losses_train/concepts:	18.83664894104004
losses_train/total:	2.2311999797821045
losses_test/task:	1.1329201459884644
losses_test/concepts:	22.076194763183594
losses_test/total:	3.340540647506714
calibration_test/ece:	0.14018617570400238
calibration_test/brier:	0.46579697728157043
accuracy_test/task:	68.47
accuracy_test/concepts:	84.4967041015625
map_test/concepts:	0.8634180838707834

Epoch 94
losses_train/task:	0.34546855092048645
losses_train/concepts:	18.82842445373535
losses_train/total:	2.2283120155334473
losses_test/task:	1.136059284210205
losses_test/concepts:	22.071014404296875
losses_test/total:	3.34316086769104
calibration_test/ece:	0.13780231773853302
calibration_test/brier:	0.4640727937221527
accuracy_test/task:	68.68
accuracy_test/concepts:	84.47514343261719
map_test/concepts:	0.863328613282647

Epoch 95
losses_train/task:	0.3453066349029541
losses_train/concepts:	18.813751220703125
losses_train/total:	2.226682662963867
losses_test/task:	1.1380629539489746
losses_test/concepts:	22.080734252929688
losses_test/total:	3.3461363315582275
calibration_test/ece:	0.13923436403274536
calibration_test/brier:	0.4642906188964844
accuracy_test/task:	68.46
accuracy_test/concepts:	84.50015258789062
map_test/concepts:	0.863334225374274

Epoch 96
losses_train/task:	0.34663447737693787
losses_train/concepts:	18.800840377807617
losses_train/total:	2.2267184257507324
losses_test/task:	1.1363741159439087
losses_test/concepts:	22.08494758605957
losses_test/total:	3.3448688983917236
calibration_test/ece:	0.1393037885427475
calibration_test/brier:	0.46533212065696716
accuracy_test/task:	68.61
accuracy_test/concepts:	84.48124694824219
map_test/concepts:	0.8633221281925216

Epoch 97
losses_train/task:	0.34477153420448303
losses_train/concepts:	18.80399513244629
losses_train/total:	2.2251715660095215
losses_test/task:	1.137101173400879
losses_test/concepts:	22.090599060058594
losses_test/total:	3.346161365509033
calibration_test/ece:	0.14002776145935059
calibration_test/brier:	0.46419936418533325
accuracy_test/task:	68.62
accuracy_test/concepts:	84.49905395507812
map_test/concepts:	0.8632002465892583

Epoch 98
losses_train/task:	0.33904051780700684
losses_train/concepts:	18.79132080078125
losses_train/total:	2.218172311782837
losses_test/task:	1.1428370475769043
losses_test/concepts:	22.083749771118164
losses_test/total:	3.351212501525879
calibration_test/ece:	0.14079248905181885
calibration_test/brier:	0.46526312828063965
accuracy_test/task:	68.57
accuracy_test/concepts:	84.48125457763672
map_test/concepts:	0.863375884888228

Epoch 99
losses_train/task:	0.33711427450180054
losses_train/concepts:	18.787778854370117
losses_train/total:	2.2158913612365723
losses_test/task:	1.1441586017608643
losses_test/concepts:	22.102508544921875
losses_test/total:	3.35440993309021
calibration_test/ece:	0.1424257457256317
calibration_test/brier:	0.4658885598182678
accuracy_test/task:	68.5
accuracy_test/concepts:	84.48983001708984
map_test/concepts:	0.8633102927706204

Epoch 100
losses_train/task:	0.3325884938240051
losses_train/concepts:	18.78386116027832
losses_train/total:	2.210974931716919
losses_test/task:	1.1468654870986938
losses_test/concepts:	22.088661193847656
losses_test/total:	3.3557331562042236
calibration_test/ece:	0.14341311156749725
calibration_test/brier:	0.467009961605072
accuracy_test/task:	68.59
accuracy_test/concepts:	84.48625183105469
map_test/concepts:	0.8632886299164966

Epoch 101
losses_train/task:	0.3371734023094177
losses_train/concepts:	18.773515701293945
losses_train/total:	2.2145252227783203
losses_test/task:	1.1449949741363525
losses_test/concepts:	22.086416244506836
losses_test/total:	3.3536365032196045
calibration_test/ece:	0.14200550317764282
calibration_test/brier:	0.46634018421173096
accuracy_test/task:	68.52
accuracy_test/concepts:	84.49657440185547
map_test/concepts:	0.8633845710428432

Epoch 102
losses_train/task:	0.3344094753265381
losses_train/concepts:	18.75716781616211
losses_train/total:	2.2101261615753174
losses_test/task:	1.1444393396377563
losses_test/concepts:	22.103235244750977
losses_test/total:	3.3547635078430176
calibration_test/ece:	0.14267221093177795
calibration_test/brier:	0.46645405888557434
accuracy_test/task:	68.54
accuracy_test/concepts:	84.48126220703125
map_test/concepts:	0.8633572957478464

Epoch 103
losses_train/task:	0.3330487906932831
losses_train/concepts:	18.776742935180664
losses_train/total:	2.210723638534546
losses_test/task:	1.1519235372543335
losses_test/concepts:	22.095523834228516
losses_test/total:	3.3614749908447266
calibration_test/ece:	0.14556272327899933
calibration_test/brier:	0.4686133861541748
accuracy_test/task:	68.31
accuracy_test/concepts:	84.47515869140625
map_test/concepts:	0.8633094216347672

Epoch 104
losses_train/task:	0.33204638957977295
losses_train/concepts:	18.751720428466797
losses_train/total:	2.2072196006774902
losses_test/task:	1.1529120206832886
losses_test/concepts:	22.08839225769043
losses_test/total:	3.3617520332336426
calibration_test/ece:	0.14154623448848724
calibration_test/brier:	0.4670432507991791
accuracy_test/task:	68.75
accuracy_test/concepts:	84.4867172241211
map_test/concepts:	0.863321844721213

Epoch 105
losses_train/task:	0.33168166875839233
losses_train/concepts:	18.731409072875977
losses_train/total:	2.204822540283203
losses_test/task:	1.1542545557022095
losses_test/concepts:	22.108779907226562
losses_test/total:	3.3651320934295654
calibration_test/ece:	0.14402441680431366
calibration_test/brier:	0.4687548279762268
accuracy_test/task:	68.51
accuracy_test/concepts:	84.48045349121094
map_test/concepts:	0.8633451694622636

Epoch 106
losses_train/task:	0.3276517987251282
losses_train/concepts:	18.754058837890625
losses_train/total:	2.2030580043792725
losses_test/task:	1.153857707977295
losses_test/concepts:	22.099498748779297
losses_test/total:	3.3638079166412354
calibration_test/ece:	0.14313451945781708
calibration_test/brier:	0.46716102957725525
accuracy_test/task:	68.63
accuracy_test/concepts:	84.47750091552734
map_test/concepts:	0.8632592497742735

Epoch 107
losses_train/task:	0.32607153058052063
losses_train/concepts:	18.728925704956055
losses_train/total:	2.198965549468994
losses_test/task:	1.1588637828826904
losses_test/concepts:	22.125850677490234
losses_test/total:	3.3714499473571777
calibration_test/ece:	0.14624759554862976
calibration_test/brier:	0.4699467718601227
accuracy_test/task:	68.46
accuracy_test/concepts:	84.44891357421875
map_test/concepts:	0.8631961727514863

Epoch 108
losses_train/task:	0.3279098570346832
losses_train/concepts:	18.738195419311523
losses_train/total:	2.201730251312256
losses_test/task:	1.1564639806747437
losses_test/concepts:	22.12487030029297
losses_test/total:	3.3689517974853516
calibration_test/ece:	0.14666748046875
calibration_test/brier:	0.4689754247665405
accuracy_test/task:	68.36
accuracy_test/concepts:	84.47640228271484
map_test/concepts:	0.8632149762706831

Epoch 109
losses_train/task:	0.32711878418922424
losses_train/concepts:	18.710073471069336
losses_train/total:	2.1981258392333984
losses_test/task:	1.163954257965088
losses_test/concepts:	22.120317459106445
losses_test/total:	3.3759865760803223
calibration_test/ece:	0.14651983976364136
calibration_test/brier:	0.4697149395942688
accuracy_test/task:	68.47
accuracy_test/concepts:	84.4759292602539
map_test/concepts:	0.8632564375875518

Epoch 110
losses_train/task:	0.3311604857444763
losses_train/concepts:	18.72437286376953
losses_train/total:	2.203598976135254
losses_test/task:	1.1572755575180054
losses_test/concepts:	22.120763778686523
losses_test/total:	3.369352340698242
calibration_test/ece:	0.14644047617912292
calibration_test/brier:	0.46953389048576355
accuracy_test/task:	68.37
accuracy_test/concepts:	84.46218872070312
map_test/concepts:	0.8633127578650601

Epoch 111
losses_train/task:	0.32542306184768677
losses_train/concepts:	18.688066482543945
losses_train/total:	2.1942298412323
losses_test/task:	1.159306287765503
losses_test/concepts:	22.111867904663086
losses_test/total:	3.370493173599243
calibration_test/ece:	0.1448287069797516
calibration_test/brier:	0.4687854051589966
accuracy_test/task:	68.73
accuracy_test/concepts:	84.47577667236328
map_test/concepts:	0.8633618096937425

Epoch 112
losses_train/task:	0.32368582487106323
losses_train/concepts:	18.695518493652344
losses_train/total:	2.1932365894317627
losses_test/task:	1.15953528881073
losses_test/concepts:	22.119691848754883
losses_test/total:	3.3715035915374756
calibration_test/ece:	0.14642587304115295
calibration_test/brier:	0.46988922357559204
accuracy_test/task:	68.56
accuracy_test/concepts:	84.47077941894531
map_test/concepts:	0.8632163493894041

Epoch 113
losses_train/task:	0.3233962655067444
losses_train/concepts:	18.70652198791504
losses_train/total:	2.1940479278564453
losses_test/task:	1.1586556434631348
losses_test/concepts:	22.128433227539062
losses_test/total:	3.371497869491577
calibration_test/ece:	0.14430031180381775
calibration_test/brier:	0.4684402346611023
accuracy_test/task:	68.56
accuracy_test/concepts:	84.47311401367188
map_test/concepts:	0.8631939251790754

Epoch 114
losses_train/task:	0.31509777903556824
losses_train/concepts:	18.692705154418945
losses_train/total:	2.18436861038208
losses_test/task:	1.1670914888381958
losses_test/concepts:	22.126516342163086
losses_test/total:	3.3797430992126465
calibration_test/ece:	0.14676493406295776
calibration_test/brier:	0.4710964262485504
accuracy_test/task:	68.6
accuracy_test/concepts:	84.47814178466797
map_test/concepts:	0.8632939315866679

Epoch 115
losses_train/task:	0.3188321888446808
losses_train/concepts:	18.68075180053711
losses_train/total:	2.18690824508667
losses_test/task:	1.167661428451538
losses_test/concepts:	22.140289306640625
losses_test/total:	3.381690740585327
calibration_test/ece:	0.14909327030181885
calibration_test/brier:	0.4711903929710388
accuracy_test/task:	68.3
accuracy_test/concepts:	84.48513793945312
map_test/concepts:	0.8633089004433714

Epoch 116
losses_train/task:	0.3206354081630707
losses_train/concepts:	18.675777435302734
losses_train/total:	2.1882145404815674
losses_test/task:	1.1684024333953857
losses_test/concepts:	22.124345779418945
losses_test/total:	3.3808367252349854
calibration_test/ece:	0.1440064013004303
calibration_test/brier:	0.469527930021286
accuracy_test/task:	68.72
accuracy_test/concepts:	84.4898452758789
map_test/concepts:	0.863244823354762

Epoch 117
losses_train/task:	0.3200641870498657
losses_train/concepts:	18.66250228881836
losses_train/total:	2.186314344406128
losses_test/task:	1.1630938053131104
losses_test/concepts:	22.138736724853516
losses_test/total:	3.3769679069519043
calibration_test/ece:	0.14718058705329895
calibration_test/brier:	0.4684782326221466
accuracy_test/task:	68.57
accuracy_test/concepts:	84.47205352783203
map_test/concepts:	0.8632118394598365

Epoch 118
losses_train/task:	0.31576046347618103
losses_train/concepts:	18.678600311279297
losses_train/total:	2.1836202144622803
losses_test/task:	1.1708871126174927
losses_test/concepts:	22.137237548828125
losses_test/total:	3.384610891342163
calibration_test/ece:	0.14672720432281494
calibration_test/brier:	0.4701359272003174
accuracy_test/task:	68.66
accuracy_test/concepts:	84.48844146728516
map_test/concepts:	0.8633360009407625

Epoch 119
losses_train/task:	0.31993815302848816
losses_train/concepts:	18.672414779663086
losses_train/total:	2.187178134918213
losses_test/task:	1.1659106016159058
losses_test/concepts:	22.116355895996094
losses_test/total:	3.377545118331909
calibration_test/ece:	0.1458548605442047
calibration_test/brier:	0.46813714504241943
accuracy_test/task:	68.82
accuracy_test/concepts:	84.48656463623047
map_test/concepts:	0.8633354689227417

Epoch 120
losses_train/task:	0.3150781989097595
losses_train/concepts:	18.6458797454834
losses_train/total:	2.1796679496765137
losses_test/task:	1.1724730730056763
losses_test/concepts:	22.12300682067871
losses_test/total:	3.3847734928131104
calibration_test/ece:	0.14894576370716095
calibration_test/brier:	0.47056543827056885
accuracy_test/task:	68.48
accuracy_test/concepts:	84.48249816894531
map_test/concepts:	0.8631990423891693

Epoch 121
losses_train/task:	0.31535571813583374
losses_train/concepts:	18.658491134643555
losses_train/total:	2.181204080581665
losses_test/task:	1.1727811098098755
losses_test/concepts:	22.137989044189453
losses_test/total:	3.386580228805542
calibration_test/ece:	0.15089702606201172
calibration_test/brier:	0.47207123041152954
accuracy_test/task:	68.33
accuracy_test/concepts:	84.46890258789062
map_test/concepts:	0.8630873792571947

Epoch 122
losses_train/task:	0.3139181137084961
losses_train/concepts:	18.656354904174805
losses_train/total:	2.1795530319213867
losses_test/task:	1.1788593530654907
losses_test/concepts:	22.13330078125
losses_test/total:	3.3921892642974854
calibration_test/ece:	0.15086112916469574
calibration_test/brier:	0.4726877808570862
accuracy_test/task:	68.38
accuracy_test/concepts:	84.48937225341797
map_test/concepts:	0.8632786705275066

Epoch 123
losses_train/task:	0.31216371059417725
losses_train/concepts:	18.656225204467773
losses_train/total:	2.177786111831665
losses_test/task:	1.1879456043243408
losses_test/concepts:	22.15243148803711
losses_test/total:	3.4031894207000732
calibration_test/ece:	0.15098847448825836
calibration_test/brier:	0.47491255402565
accuracy_test/task:	68.37
accuracy_test/concepts:	84.46610260009766
map_test/concepts:	0.8631339149433188

Epoch 124
losses_train/task:	0.31022387742996216
losses_train/concepts:	18.63210678100586
losses_train/total:	2.1734349727630615
losses_test/task:	1.1839165687561035
losses_test/concepts:	22.143726348876953
losses_test/total:	3.3982880115509033
calibration_test/ece:	0.15018749237060547
calibration_test/brier:	0.4726361334323883
accuracy_test/task:	68.47
accuracy_test/concepts:	84.46375274658203
map_test/concepts:	0.8631808600621298

Epoch 125
losses_train/task:	0.313638836145401
losses_train/concepts:	18.632972717285156
losses_train/total:	2.17693829536438
losses_test/task:	1.1873061656951904
losses_test/concepts:	22.164552688598633
losses_test/total:	3.4037606716156006
calibration_test/ece:	0.1497107893228531
calibration_test/brier:	0.4739501476287842
accuracy_test/task:	68.43
accuracy_test/concepts:	84.49689483642578
map_test/concepts:	0.8633266122778878

Epoch 126
losses_train/task:	0.3117322027683258
losses_train/concepts:	18.622114181518555
losses_train/total:	2.173943519592285
losses_test/task:	1.1838688850402832
losses_test/concepts:	22.154996871948242
losses_test/total:	3.3993685245513916
calibration_test/ece:	0.15026773512363434
calibration_test/brier:	0.472079873085022
accuracy_test/task:	68.66
accuracy_test/concepts:	84.45781707763672
map_test/concepts:	0.8632433721213602

Epoch 127
losses_train/task:	0.3154195547103882
losses_train/concepts:	18.607410430908203
losses_train/total:	2.1761603355407715
losses_test/task:	1.1864312887191772
losses_test/concepts:	22.169635772705078
losses_test/total:	3.403395652770996
calibration_test/ece:	0.15194270014762878
calibration_test/brier:	0.47325965762138367
accuracy_test/task:	68.61
accuracy_test/concepts:	84.46188354492188
map_test/concepts:	0.8630804067943245

Epoch 128
losses_train/task:	0.308232843875885
losses_train/concepts:	18.6300106048584
losses_train/total:	2.171234130859375
losses_test/task:	1.1902917623519897
losses_test/concepts:	22.166046142578125
losses_test/total:	3.4068970680236816
calibration_test/ece:	0.14980033040046692
calibration_test/brier:	0.4724791944026947
accuracy_test/task:	68.6
accuracy_test/concepts:	84.45390319824219
map_test/concepts:	0.8630324980476871

Epoch 129
losses_train/task:	0.3103656470775604
losses_train/concepts:	18.61456298828125
losses_train/total:	2.171821355819702
losses_test/task:	1.1925935745239258
losses_test/concepts:	22.170150756835938
losses_test/total:	3.4096078872680664
calibration_test/ece:	0.15227729082107544
calibration_test/brier:	0.4756917357444763
accuracy_test/task:	68.41
accuracy_test/concepts:	84.45234680175781
map_test/concepts:	0.8630753932520747

Epoch 130
losses_train/task:	0.31259286403656006
losses_train/concepts:	18.60417938232422
losses_train/total:	2.1730105876922607
losses_test/task:	1.194827675819397
losses_test/concepts:	22.18062973022461
losses_test/total:	3.412890911102295
calibration_test/ece:	0.15162190794944763
calibration_test/brier:	0.4751999080181122
accuracy_test/task:	68.61
accuracy_test/concepts:	84.46734619140625
map_test/concepts:	0.8630930660292506

Epoch 131
losses_train/task:	0.30459851026535034
losses_train/concepts:	18.6175479888916
losses_train/total:	2.166353225708008
losses_test/task:	1.188116431236267
losses_test/concepts:	22.150985717773438
losses_test/total:	3.403214454650879
calibration_test/ece:	0.15123555064201355
calibration_test/brier:	0.47370609641075134
accuracy_test/task:	68.55
accuracy_test/concepts:	84.48001861572266
map_test/concepts:	0.8632777346065268

Epoch 132
losses_train/task:	0.307293564081192
losses_train/concepts:	18.565275192260742
losses_train/total:	2.16382098197937
losses_test/task:	1.2002180814743042
losses_test/concepts:	22.165224075317383
losses_test/total:	3.4167399406433105
calibration_test/ece:	0.15409845113754272
calibration_test/brier:	0.4775315523147583
accuracy_test/task:	68.19
accuracy_test/concepts:	84.47268676757812
map_test/concepts:	0.8632324017817155

Epoch 133
losses_train/task:	0.3023504614830017
losses_train/concepts:	18.566431045532227
losses_train/total:	2.1589951515197754
losses_test/task:	1.1965534687042236
losses_test/concepts:	22.17826271057129
losses_test/total:	3.4143800735473633
calibration_test/ece:	0.15057899057865143
calibration_test/brier:	0.47430548071861267
accuracy_test/task:	68.74
accuracy_test/concepts:	84.44859313964844
map_test/concepts:	0.8631675899960101

Epoch 134
losses_train/task:	0.30603155493736267
losses_train/concepts:	18.56856918334961
losses_train/total:	2.1628880500793457
losses_test/task:	1.19609797000885
losses_test/concepts:	22.177440643310547
losses_test/total:	3.413841724395752
calibration_test/ece:	0.15231916308403015
calibration_test/brier:	0.47413790225982666
accuracy_test/task:	68.59
accuracy_test/concepts:	84.45795440673828
map_test/concepts:	0.8631448429077864

Epoch 135
losses_train/task:	0.3077370822429657
losses_train/concepts:	18.582700729370117
losses_train/total:	2.1660072803497314
losses_test/task:	1.1932429075241089
losses_test/concepts:	22.157005310058594
losses_test/total:	3.4089434146881104
calibration_test/ece:	0.15502801537513733
calibration_test/brier:	0.47419798374176025
accuracy_test/task:	68.43
accuracy_test/concepts:	84.44969940185547
map_test/concepts:	0.8631835080450401

Epoch 136
losses_train/task:	0.3012526333332062
losses_train/concepts:	18.580476760864258
losses_train/total:	2.159301280975342
losses_test/task:	1.1952457427978516
losses_test/concepts:	22.19297218322754
losses_test/total:	3.4145426750183105
calibration_test/ece:	0.15460896492004395
calibration_test/brier:	0.4747791886329651
accuracy_test/task:	68.31
accuracy_test/concepts:	84.44860076904297
map_test/concepts:	0.863190317992121

Epoch 137
losses_train/task:	0.3017624616622925
losses_train/concepts:	18.57455825805664
losses_train/total:	2.159219264984131
losses_test/task:	1.2018506526947021
losses_test/concepts:	22.183788299560547
losses_test/total:	3.420229434967041
calibration_test/ece:	0.15536174178123474
calibration_test/brier:	0.47690215706825256
accuracy_test/task:	68.26
accuracy_test/concepts:	84.4660873413086
map_test/concepts:	0.8631725149462

Epoch 138
losses_train/task:	0.30363133549690247
losses_train/concepts:	18.568714141845703
losses_train/total:	2.1605019569396973
losses_test/task:	1.2060271501541138
losses_test/concepts:	22.204090118408203
losses_test/total:	3.426436185836792
calibration_test/ece:	0.15633200109004974
calibration_test/brier:	0.4761418104171753
accuracy_test/task:	68.32
accuracy_test/concepts:	84.44843292236328
map_test/concepts:	0.8630720964283682

Epoch 139
losses_train/task:	0.30140283703804016
losses_train/concepts:	18.55825424194336
losses_train/total:	2.1572279930114746
losses_test/task:	1.2007594108581543
losses_test/concepts:	22.184532165527344
losses_test/total:	3.419212818145752
calibration_test/ece:	0.15398401021957397
calibration_test/brier:	0.47525787353515625
accuracy_test/task:	68.4
accuracy_test/concepts:	84.42967224121094
map_test/concepts:	0.8629237632849254

Epoch 140
losses_train/task:	0.3052597641944885
losses_train/concepts:	18.55601692199707
losses_train/total:	2.160861015319824
losses_test/task:	1.2022877931594849
losses_test/concepts:	22.197263717651367
losses_test/total:	3.4220142364501953
calibration_test/ece:	0.15678995847702026
calibration_test/brier:	0.4766635596752167
accuracy_test/task:	68.3
accuracy_test/concepts:	84.46312713623047
map_test/concepts:	0.8629295672290027

Epoch 141
losses_train/task:	0.3032669126987457
losses_train/concepts:	18.54902458190918
losses_train/total:	2.158169746398926
losses_test/task:	1.2002205848693848
losses_test/concepts:	22.188108444213867
losses_test/total:	3.4190330505371094
calibration_test/ece:	0.15344801545143127
calibration_test/brier:	0.4748847782611847
accuracy_test/task:	68.72
accuracy_test/concepts:	84.45734405517578
map_test/concepts:	0.8630025449674577

Epoch 142
losses_train/task:	0.3034617304801941
losses_train/concepts:	18.55349349975586
losses_train/total:	2.1588099002838135
losses_test/task:	1.2125532627105713
losses_test/concepts:	22.185733795166016
losses_test/total:	3.431126117706299
calibration_test/ece:	0.156093567609787
calibration_test/brier:	0.4768749475479126
accuracy_test/task:	68.38
accuracy_test/concepts:	84.46046447753906
map_test/concepts:	0.8630280368961394

Epoch 143
losses_train/task:	0.29930025339126587
losses_train/concepts:	18.538026809692383
losses_train/total:	2.1531033515930176
losses_test/task:	1.2101385593414307
losses_test/concepts:	22.204471588134766
losses_test/total:	3.4305853843688965
calibration_test/ece:	0.15625721216201782
calibration_test/brier:	0.4784598648548126
accuracy_test/task:	68.44
accuracy_test/concepts:	84.44953155517578
map_test/concepts:	0.8629858187632635

Epoch 144
losses_train/task:	0.29639846086502075
losses_train/concepts:	18.555023193359375
losses_train/total:	2.15190052986145
losses_test/task:	1.2069106101989746
losses_test/concepts:	22.200817108154297
losses_test/total:	3.426992654800415
calibration_test/ece:	0.15572728216648102
calibration_test/brier:	0.4767703115940094
accuracy_test/task:	68.47
accuracy_test/concepts:	84.44467163085938
map_test/concepts:	0.8628682690905407

Epoch 145
losses_train/task:	0.29755815863609314
losses_train/concepts:	18.541410446166992
losses_train/total:	2.1516995429992676
losses_test/task:	1.2091978788375854
losses_test/concepts:	22.19756507873535
losses_test/total:	3.4289541244506836
calibration_test/ece:	0.15649950504302979
calibration_test/brier:	0.4781562089920044
accuracy_test/task:	68.42
accuracy_test/concepts:	84.44123840332031
map_test/concepts:	0.8630175503785722

Epoch 146
losses_train/task:	0.2964935302734375
losses_train/concepts:	18.518259048461914
losses_train/total:	2.148320436477661
losses_test/task:	1.2166712284088135
losses_test/concepts:	22.208799362182617
losses_test/total:	3.4375510215759277
calibration_test/ece:	0.1598140448331833
calibration_test/brier:	0.47948890924453735
accuracy_test/task:	68.17
accuracy_test/concepts:	84.44609069824219
map_test/concepts:	0.8629355580196716

Epoch 147
losses_train/task:	0.2960892915725708
losses_train/concepts:	18.52448272705078
losses_train/total:	2.1485371589660645
losses_test/task:	1.2162388563156128
losses_test/concepts:	22.214963912963867
losses_test/total:	3.4377357959747314
calibration_test/ece:	0.160312220454216
calibration_test/brier:	0.47960135340690613
accuracy_test/task:	68.14
accuracy_test/concepts:	84.43061828613281
map_test/concepts:	0.8628869158565067

Epoch 148
losses_train/task:	0.292865127325058
losses_train/concepts:	18.518783569335938
losses_train/total:	2.144745111465454
losses_test/task:	1.215907096862793
losses_test/concepts:	22.214256286621094
losses_test/total:	3.43733286857605
calibration_test/ece:	0.15783703327178955
calibration_test/brier:	0.4778640568256378
accuracy_test/task:	68.39
accuracy_test/concepts:	84.44562530517578
map_test/concepts:	0.8630516076809727

Epoch 149
losses_train/task:	0.29557111859321594
losses_train/concepts:	18.511598587036133
losses_train/total:	2.146730422973633
losses_test/task:	1.214737892150879
losses_test/concepts:	22.227310180664062
losses_test/total:	3.437469244003296
calibration_test/ece:	0.1605168581008911
calibration_test/brier:	0.4789280891418457
accuracy_test/task:	68.25
accuracy_test/concepts:	84.4459228515625
map_test/concepts:	0.8629123388091102

Epoch 150
losses_train/task:	0.2989788353443146
losses_train/concepts:	18.511693954467773
losses_train/total:	2.150148868560791
losses_test/task:	1.2151275873184204
losses_test/concepts:	22.21289825439453
losses_test/total:	3.436417579650879
calibration_test/ece:	0.15898558497428894
calibration_test/brier:	0.47904491424560547
accuracy_test/task:	68.32
accuracy_test/concepts:	84.4474868774414
map_test/concepts:	0.8631032956764102

Epoch 151
losses_train/task:	0.29849010705947876
losses_train/concepts:	18.496192932128906
losses_train/total:	2.1481080055236816
losses_test/task:	1.215047836303711
losses_test/concepts:	22.244985580444336
losses_test/total:	3.439547538757324
calibration_test/ece:	0.15976552665233612
calibration_test/brier:	0.4793337881565094
accuracy_test/task:	68.14
accuracy_test/concepts:	84.4468994140625
map_test/concepts:	0.8628934233565815

Epoch 152
losses_train/task:	0.2951529622077942
losses_train/concepts:	18.48925018310547
losses_train/total:	2.144078016281128
losses_test/task:	1.2218493223190308
losses_test/concepts:	22.215463638305664
losses_test/total:	3.44339656829834
calibration_test/ece:	0.15934939682483673
calibration_test/brier:	0.4796215891838074
accuracy_test/task:	68.39
accuracy_test/concepts:	84.45016479492188
map_test/concepts:	0.8630184603389353

Epoch 153
losses_train/task:	0.29321935772895813
losses_train/concepts:	18.5014591217041
losses_train/total:	2.1433663368225098
losses_test/task:	1.2221598625183105
losses_test/concepts:	22.212562561035156
losses_test/total:	3.4434163570404053
calibration_test/ece:	0.15990540385246277
calibration_test/brier:	0.48039305210113525
accuracy_test/task:	68.2
accuracy_test/concepts:	84.44452667236328
map_test/concepts:	0.8629640382132493

Epoch 154
losses_train/task:	0.29966309666633606
losses_train/concepts:	18.5
losses_train/total:	2.1496634483337402
losses_test/task:	1.2275525331497192
losses_test/concepts:	22.198272705078125
losses_test/total:	3.447378396987915
calibration_test/ece:	0.16181495785713196
calibration_test/brier:	0.4811989665031433
accuracy_test/task:	68.15
accuracy_test/concepts:	84.42860412597656
map_test/concepts:	0.8630520423757844

Epoch 155
losses_train/task:	0.2905275225639343
losses_train/concepts:	18.48320960998535
losses_train/total:	2.138848066329956
losses_test/task:	1.2233222723007202
losses_test/concepts:	22.231138229370117
losses_test/total:	3.4464364051818848
calibration_test/ece:	0.15817062556743622
calibration_test/brier:	0.4770062565803528
accuracy_test/task:	68.67
accuracy_test/concepts:	84.40907287597656
map_test/concepts:	0.8629981923731975

Epoch 156
losses_train/task:	0.2940605580806732
losses_train/concepts:	18.488698959350586
losses_train/total:	2.1429314613342285
losses_test/task:	1.2263281345367432
losses_test/concepts:	22.24785041809082
losses_test/total:	3.451113224029541
calibration_test/ece:	0.15992087125778198
calibration_test/brier:	0.48068779706954956
accuracy_test/task:	68.27
accuracy_test/concepts:	84.43781280517578
map_test/concepts:	0.8628771822550334

Epoch 157
losses_train/task:	0.29299041628837585
losses_train/concepts:	18.495708465576172
losses_train/total:	2.142561197280884
losses_test/task:	1.2291080951690674
losses_test/concepts:	22.235395431518555
losses_test/total:	3.4526476860046387
calibration_test/ece:	0.16103947162628174
calibration_test/brier:	0.48118409514427185
accuracy_test/task:	68.28
accuracy_test/concepts:	84.44188690185547
map_test/concepts:	0.8629834516323172

Epoch 158
losses_train/task:	0.2913964092731476
losses_train/concepts:	18.46294403076172
losses_train/total:	2.137690305709839
losses_test/task:	1.2263966798782349
losses_test/concepts:	22.227619171142578
losses_test/total:	3.4491589069366455
calibration_test/ece:	0.160660058259964
calibration_test/brier:	0.47870537638664246
accuracy_test/task:	68.26
accuracy_test/concepts:	84.4320297241211
map_test/concepts:	0.8629119144170545

Epoch 159
losses_train/task:	0.2890718877315521
losses_train/concepts:	18.48039436340332
losses_train/total:	2.1371121406555176
losses_test/task:	1.2252249717712402
losses_test/concepts:	22.23911476135254
losses_test/total:	3.449136972427368
calibration_test/ece:	0.16138315200805664
calibration_test/brier:	0.479367196559906
accuracy_test/task:	68.22
accuracy_test/concepts:	84.45172882080078
map_test/concepts:	0.8627887652837671

Epoch 160
losses_train/task:	0.2916274666786194
losses_train/concepts:	18.487333297729492
losses_train/total:	2.1403613090515137
losses_test/task:	1.2308279275894165
losses_test/concepts:	22.234926223754883
losses_test/total:	3.4543206691741943
calibration_test/ece:	0.16106264293193817
calibration_test/brier:	0.4806268513202667
accuracy_test/task:	68.34
accuracy_test/concepts:	84.43327331542969
map_test/concepts:	0.8629738610470667

Epoch 161
losses_train/task:	0.2878069579601288
losses_train/concepts:	18.452573776245117
losses_train/total:	2.133063554763794
losses_test/task:	1.2240344285964966
losses_test/concepts:	22.20025062561035
losses_test/total:	3.444059371948242
calibration_test/ece:	0.15944483876228333
calibration_test/brier:	0.47712573409080505
accuracy_test/task:	68.49
accuracy_test/concepts:	84.43470001220703
map_test/concepts:	0.8629212504019961

Epoch 162
losses_train/task:	0.28570809960365295
losses_train/concepts:	18.4346866607666
losses_train/total:	2.129178047180176
losses_test/task:	1.2239238023757935
losses_test/concepts:	22.201120376586914
losses_test/total:	3.4440348148345947
calibration_test/ece:	0.16134333610534668
calibration_test/brier:	0.4785074293613434
accuracy_test/task:	68.23
accuracy_test/concepts:	84.44309997558594
map_test/concepts:	0.8629485529381782

Epoch 163
losses_train/task:	0.2822689414024353
losses_train/concepts:	18.432283401489258
losses_train/total:	2.1254961490631104
losses_test/task:	1.220902442932129
losses_test/concepts:	22.196792602539062
losses_test/total:	3.440582036972046
calibration_test/ece:	0.16051237285137177
calibration_test/brier:	0.4779479503631592
accuracy_test/task:	68.27
accuracy_test/concepts:	84.44827270507812
map_test/concepts:	0.8629777088062838

Epoch 164
losses_train/task:	0.287874311208725
losses_train/concepts:	18.437902450561523
losses_train/total:	2.131664991378784
losses_test/task:	1.2237839698791504
losses_test/concepts:	22.200149536132812
losses_test/total:	3.443798780441284
calibration_test/ece:	0.16065634787082672
calibration_test/brier:	0.47879019379615784
accuracy_test/task:	68.26
accuracy_test/concepts:	84.44267272949219
map_test/concepts:	0.8629791623679921

Epoch 165
losses_train/task:	0.2879587411880493
losses_train/concepts:	18.419801712036133
losses_train/total:	2.129939079284668
losses_test/task:	1.2250416278839111
losses_test/concepts:	22.196229934692383
losses_test/total:	3.444664478302002
calibration_test/ece:	0.15995338559150696
calibration_test/brier:	0.47871798276901245
accuracy_test/task:	68.31
accuracy_test/concepts:	84.43827056884766
map_test/concepts:	0.8629860341898166

Epoch 166
losses_train/task:	0.28650322556495667
losses_train/concepts:	18.44391632080078
losses_train/total:	2.1308958530426025
losses_test/task:	1.2235167026519775
losses_test/concepts:	22.197654724121094
losses_test/total:	3.443281412124634
calibration_test/ece:	0.15939509868621826
calibration_test/brier:	0.47770053148269653
accuracy_test/task:	68.4
accuracy_test/concepts:	84.44859313964844
map_test/concepts:	0.8629296468570828

Epoch 167
losses_train/task:	0.2879117429256439
losses_train/concepts:	18.417888641357422
losses_train/total:	2.1296989917755127
losses_test/task:	1.2242000102996826
losses_test/concepts:	22.20279884338379
losses_test/total:	3.44447922706604
calibration_test/ece:	0.1598457396030426
calibration_test/brier:	0.4788709580898285
accuracy_test/task:	68.35
accuracy_test/concepts:	84.44172668457031
map_test/concepts:	0.8629647887428291

Epoch 168
losses_train/task:	0.2832281291484833
losses_train/concepts:	18.455238342285156
losses_train/total:	2.1287529468536377
losses_test/task:	1.2242934703826904
losses_test/concepts:	22.20048713684082
losses_test/total:	3.4443421363830566
calibration_test/ece:	0.16061542928218842
calibration_test/brier:	0.4785642623901367
accuracy_test/task:	68.3
accuracy_test/concepts:	84.4415512084961
map_test/concepts:	0.8629999913391657

Epoch 169
losses_train/task:	0.2834932208061218
losses_train/concepts:	18.426733016967773
losses_train/total:	2.1261656284332275
losses_test/task:	1.2246748208999634
losses_test/concepts:	22.202470779418945
losses_test/total:	3.4449219703674316
calibration_test/ece:	0.15957094728946686
calibration_test/brier:	0.47872841358184814
accuracy_test/task:	68.39
accuracy_test/concepts:	84.4392318725586
map_test/concepts:	0.8629884307738394

Epoch 170
losses_train/task:	0.28173041343688965
losses_train/concepts:	18.41864776611328
losses_train/total:	2.123594045639038
losses_test/task:	1.2267459630966187
losses_test/concepts:	22.202192306518555
losses_test/total:	3.446964740753174
calibration_test/ece:	0.1601833701133728
calibration_test/brier:	0.47942519187927246
accuracy_test/task:	68.38
accuracy_test/concepts:	84.44453430175781
map_test/concepts:	0.8629864830290899

Epoch 171
losses_train/task:	0.2878045439720154
losses_train/concepts:	18.45820426940918
losses_train/total:	2.13362455368042
losses_test/task:	1.2260807752609253
losses_test/concepts:	22.203676223754883
losses_test/total:	3.44644832611084
calibration_test/ece:	0.15952877700328827
calibration_test/brier:	0.47873926162719727
accuracy_test/task:	68.39
accuracy_test/concepts:	84.43577575683594
map_test/concepts:	0.8629311307449825

Epoch 172
losses_train/task:	0.28190886974334717
losses_train/concepts:	18.447906494140625
losses_train/total:	2.1267006397247314
losses_test/task:	1.2263661623001099
losses_test/concepts:	22.197580337524414
losses_test/total:	3.44612455368042
calibration_test/ece:	0.15964120626449585
calibration_test/brier:	0.47877055406570435
accuracy_test/task:	68.43
accuracy_test/concepts:	84.44438171386719
map_test/concepts:	0.8629843975650147

Epoch 173
losses_train/task:	0.2862430512905121
losses_train/concepts:	18.411725997924805
losses_train/total:	2.1274163722991943
losses_test/task:	1.2257448434829712
losses_test/concepts:	22.201074600219727
losses_test/total:	3.4458534717559814
calibration_test/ece:	0.16001346707344055
calibration_test/brier:	0.47882845997810364
accuracy_test/task:	68.35
accuracy_test/concepts:	84.43907165527344
map_test/concepts:	0.8629427665728144

Epoch 174
losses_train/task:	0.27850326895713806
losses_train/concepts:	18.426939010620117
losses_train/total:	2.121197462081909
losses_test/task:	1.227103590965271
losses_test/concepts:	22.1994571685791
losses_test/total:	3.4470505714416504
calibration_test/ece:	0.1603354960680008
calibration_test/brier:	0.47890907526016235
accuracy_test/task:	68.36
accuracy_test/concepts:	84.44094848632812
map_test/concepts:	0.8630084942560643

Epoch 175
losses_train/task:	0.28392666578292847
losses_train/concepts:	18.414358139038086
losses_train/total:	2.1253626346588135
losses_test/task:	1.2249199151992798
losses_test/concepts:	22.20098304748535
losses_test/total:	3.4450182914733887
calibration_test/ece:	0.15924370288848877
calibration_test/brier:	0.4782460033893585
accuracy_test/task:	68.4
accuracy_test/concepts:	84.44032287597656
map_test/concepts:	0.8629878562060185

Epoch 176
losses_train/task:	0.285736620426178
losses_train/concepts:	18.431243896484375
losses_train/total:	2.1288607120513916
losses_test/task:	1.2241896390914917
losses_test/concepts:	22.197200775146484
losses_test/total:	3.443910598754883
calibration_test/ece:	0.1578792929649353
calibration_test/brier:	0.4763122498989105
accuracy_test/task:	68.52
accuracy_test/concepts:	84.44251251220703
map_test/concepts:	0.862954976328183

Epoch 177
losses_train/task:	0.2827102839946747
losses_train/concepts:	18.43134117126465
losses_train/total:	2.1258432865142822
losses_test/task:	1.2258894443511963
losses_test/concepts:	22.20114517211914
losses_test/total:	3.4460041522979736
calibration_test/ece:	0.15876877307891846
calibration_test/brier:	0.47783851623535156
accuracy_test/task:	68.44
accuracy_test/concepts:	84.43812561035156
map_test/concepts:	0.8629796471795999

Epoch 178
losses_train/task:	0.2827676236629486
losses_train/concepts:	18.423601150512695
losses_train/total:	2.1251277923583984
losses_test/task:	1.228580117225647
losses_test/concepts:	22.203357696533203
losses_test/total:	3.4489152431488037
calibration_test/ece:	0.15929941833019257
calibration_test/brier:	0.47915494441986084
accuracy_test/task:	68.42
accuracy_test/concepts:	84.44015502929688
map_test/concepts:	0.8629591196076944

Epoch 179
losses_train/task:	0.28444904088974
losses_train/concepts:	18.442401885986328
losses_train/total:	2.128688097000122
losses_test/task:	1.2226383686065674
losses_test/concepts:	22.196903228759766
losses_test/total:	3.442328453063965
calibration_test/ece:	0.15837961435317993
calibration_test/brier:	0.47703221440315247
accuracy_test/task:	68.46
accuracy_test/concepts:	84.44860076904297
map_test/concepts:	0.8630057187983766

Epoch 180
losses_train/task:	0.28572630882263184
losses_train/concepts:	18.427902221679688
losses_train/total:	2.128516674041748
losses_test/task:	1.2268885374069214
losses_test/concepts:	22.198925018310547
losses_test/total:	3.446780204772949
calibration_test/ece:	0.1605541855096817
calibration_test/brier:	0.47964876890182495
accuracy_test/task:	68.29
accuracy_test/concepts:	84.45015716552734
map_test/concepts:	0.8630158847663552

Epoch 181
losses_train/task:	0.283234179019928
losses_train/concepts:	18.42435073852539
losses_train/total:	2.125669479370117
losses_test/task:	1.2236567735671997
losses_test/concepts:	22.197044372558594
losses_test/total:	3.4433610439300537
calibration_test/ece:	0.15865889191627502
calibration_test/brier:	0.477829247713089
accuracy_test/task:	68.44
accuracy_test/concepts:	84.45093536376953
map_test/concepts:	0.8630244928062893

Epoch 182
losses_train/task:	0.28201669454574585
losses_train/concepts:	18.432064056396484
losses_train/total:	2.1252236366271973
losses_test/task:	1.2251100540161133
losses_test/concepts:	22.19556427001953
losses_test/total:	3.444666624069214
calibration_test/ece:	0.15982410311698914
calibration_test/brier:	0.4783947765827179
accuracy_test/task:	68.34
accuracy_test/concepts:	84.44845581054688
map_test/concepts:	0.8630567534710281

Epoch 183
losses_train/task:	0.28340408205986023
losses_train/concepts:	18.418405532836914
losses_train/total:	2.1252455711364746
losses_test/task:	1.2248955965042114
losses_test/concepts:	22.19834327697754
losses_test/total:	3.444730043411255
calibration_test/ece:	0.15852497518062592
calibration_test/brier:	0.4773222804069519
accuracy_test/task:	68.52
accuracy_test/concepts:	84.44719696044922
map_test/concepts:	0.8630021761055104

Epoch 184
losses_train/task:	0.2870841920375824
losses_train/concepts:	18.4375
losses_train/total:	2.1308345794677734
losses_test/task:	1.2237567901611328
losses_test/concepts:	22.199485778808594
losses_test/total:	3.4437055587768555
calibration_test/ece:	0.15917305648326874
calibration_test/brier:	0.47772765159606934
accuracy_test/task:	68.44
accuracy_test/concepts:	84.44985961914062
map_test/concepts:	0.863018099218607

Epoch 185
losses_train/task:	0.282437801361084
losses_train/concepts:	18.428117752075195
losses_train/total:	2.125250816345215
losses_test/task:	1.2282816171646118
losses_test/concepts:	22.202743530273438
losses_test/total:	3.4485554695129395
calibration_test/ece:	0.16032832860946655
calibration_test/brier:	0.4785766005516052
accuracy_test/task:	68.33
accuracy_test/concepts:	84.44735717773438
map_test/concepts:	0.8630186666268855

Epoch 186
losses_train/task:	0.2877790927886963
losses_train/concepts:	18.42434310913086
losses_train/total:	2.1302130222320557
losses_test/task:	1.2246202230453491
losses_test/concepts:	22.20471954345703
losses_test/total:	3.445091724395752
calibration_test/ece:	0.160299152135849
calibration_test/brier:	0.47791552543640137
accuracy_test/task:	68.39
accuracy_test/concepts:	84.44469451904297
map_test/concepts:	0.8630103737814352

Epoch 187
losses_train/task:	0.2822003960609436
losses_train/concepts:	18.41250991821289
losses_train/total:	2.1234524250030518
losses_test/task:	1.2222980260849
losses_test/concepts:	22.2061710357666
losses_test/total:	3.4429144859313965
calibration_test/ece:	0.1605992615222931
calibration_test/brier:	0.47716009616851807
accuracy_test/task:	68.39
accuracy_test/concepts:	84.44252014160156
map_test/concepts:	0.8629872153978795

Epoch 188
losses_train/task:	0.2808423936367035
losses_train/concepts:	18.42516326904297
losses_train/total:	2.1233596801757812
losses_test/task:	1.2273688316345215
losses_test/concepts:	22.207284927368164
losses_test/total:	3.448098659515381
calibration_test/ece:	0.15918445587158203
calibration_test/brier:	0.4779600203037262
accuracy_test/task:	68.44
accuracy_test/concepts:	84.44625091552734
map_test/concepts:	0.862957815057598

Epoch 189
losses_train/task:	0.2794176936149597
losses_train/concepts:	18.4311466217041
losses_train/total:	2.1225333213806152
losses_test/task:	1.2270232439041138
losses_test/concepts:	22.209367752075195
losses_test/total:	3.447960376739502
calibration_test/ece:	0.16022072732448578
calibration_test/brier:	0.47839027643203735
accuracy_test/task:	68.38
accuracy_test/concepts:	84.44735717773438
map_test/concepts:	0.862982268910855

Epoch 190
losses_train/task:	0.2804447412490845
losses_train/concepts:	18.41444206237793
losses_train/total:	2.121889114379883
losses_test/task:	1.2271578311920166
losses_test/concepts:	22.20872688293457
losses_test/total:	3.448031425476074
calibration_test/ece:	0.1594497114419937
calibration_test/brier:	0.4780888557434082
accuracy_test/task:	68.43
accuracy_test/concepts:	84.44297790527344
map_test/concepts:	0.8629615211393684

Epoch 191
losses_train/task:	0.28027108311653137
losses_train/concepts:	18.401737213134766
losses_train/total:	2.1204445362091064
losses_test/task:	1.2267210483551025
losses_test/concepts:	22.207998275756836
losses_test/total:	3.4475209712982178
calibration_test/ece:	0.15980872511863708
calibration_test/brier:	0.4781733453273773
accuracy_test/task:	68.45
accuracy_test/concepts:	84.44938659667969
map_test/concepts:	0.8629862745292485

Epoch 192
losses_train/task:	0.2840748727321625
losses_train/concepts:	18.412721633911133
losses_train/total:	2.1253466606140137
losses_test/task:	1.225319743156433
losses_test/concepts:	22.209272384643555
losses_test/total:	3.446247100830078
calibration_test/ece:	0.15828360617160797
calibration_test/brier:	0.47697997093200684
accuracy_test/task:	68.54
accuracy_test/concepts:	84.44734954833984
map_test/concepts:	0.8630115619162098

Epoch 193
losses_train/task:	0.28370141983032227
losses_train/concepts:	18.421979904174805
losses_train/total:	2.125899076461792
losses_test/task:	1.2268439531326294
losses_test/concepts:	22.20532989501953
losses_test/total:	3.4473764896392822
calibration_test/ece:	0.16011667251586914
calibration_test/brier:	0.47812217473983765
accuracy_test/task:	68.39
accuracy_test/concepts:	84.4298324584961
map_test/concepts:	0.8629758271272294

Epoch 194
losses_train/task:	0.28402847051620483
losses_train/concepts:	18.416521072387695
losses_train/total:	2.1256818771362305
losses_test/task:	1.2308948040008545
losses_test/concepts:	22.20586585998535
losses_test/total:	3.451482057571411
calibration_test/ece:	0.16070294380187988
calibration_test/brier:	0.4794502854347229
accuracy_test/task:	68.3
accuracy_test/concepts:	84.43656921386719
map_test/concepts:	0.8629792019492015

Epoch 195
losses_train/task:	0.2775861620903015
losses_train/concepts:	18.426801681518555
losses_train/total:	2.1202659606933594
losses_test/task:	1.2262791395187378
losses_test/concepts:	22.202110290527344
losses_test/total:	3.4464900493621826
calibration_test/ece:	0.16032561659812927
calibration_test/brier:	0.4782666862010956
accuracy_test/task:	68.42
accuracy_test/concepts:	84.44187927246094
map_test/concepts:	0.8630332892062142

Epoch 196
losses_train/task:	0.2806658446788788
losses_train/concepts:	18.404766082763672
losses_train/total:	2.121143341064453
losses_test/task:	1.2297536134719849
losses_test/concepts:	22.207565307617188
losses_test/total:	3.450509548187256
calibration_test/ece:	0.16047683358192444
calibration_test/brier:	0.4793909192085266
accuracy_test/task:	68.37
accuracy_test/concepts:	84.44438934326172
map_test/concepts:	0.8629713011905551

Epoch 197
losses_train/task:	0.28309598565101624
losses_train/concepts:	18.41472625732422
losses_train/total:	2.1245691776275635
losses_test/task:	1.2277967929840088
losses_test/concepts:	22.203655242919922
losses_test/total:	3.4481611251831055
calibration_test/ece:	0.1594400703907013
calibration_test/brier:	0.47794151306152344
accuracy_test/task:	68.5
accuracy_test/concepts:	84.45469665527344
map_test/concepts:	0.8630373105988838

Epoch 198
losses_train/task:	0.2873663306236267
losses_train/concepts:	18.402143478393555
losses_train/total:	2.1275806427001953
losses_test/task:	1.2284899950027466
losses_test/concepts:	22.20355987548828
losses_test/total:	3.448845624923706
calibration_test/ece:	0.15941816568374634
calibration_test/brier:	0.47818198800086975
accuracy_test/task:	68.47
accuracy_test/concepts:	84.44812774658203
map_test/concepts:	0.8630328994477168

Epoch 199
losses_train/task:	0.2862323224544525
losses_train/concepts:	18.41106414794922
losses_train/total:	2.1273388862609863
losses_test/task:	1.2246947288513184
losses_test/concepts:	22.209243774414062
losses_test/total:	3.4456193447113037
calibration_test/ece:	0.15950307250022888
calibration_test/brier:	0.47725528478622437
accuracy_test/task:	68.52
accuracy_test/concepts:	84.43547821044922
map_test/concepts:	0.8629825882380828

Epoch 200
losses_train/task:	0.2794344127178192
losses_train/concepts:	18.401655197143555
losses_train/total:	2.119601011276245
losses_test/task:	1.2279458045959473
losses_test/concepts:	22.208480834960938
losses_test/total:	3.448793888092041
calibration_train/ece:	0.039910685271024704
calibration_train/brier:	0.0718916654586792
accuracy_train/task:	95.61097756410257
calibration_test/ece:	0.15870064496994019
calibration_test/brier:	0.4775904715061188
accuracy_test/task:	68.5
accuracy_train/concepts:	87.62455749511719
map_train/concepts:	0.9049020650563762
accuracy_test/concepts:	84.44500732421875
map_test/concepts:	0.8630180136533454
accuracy_test/nuisances_task:	-0.530000276203397
accuracy_test/nuisances_nontask:	0.0
mutual_inf_test/nuisances_task:	0.1705881864779628
mutual_inf_test/nuisances_nontask:	0.0

epoch_200.pt
groups=0 err_lowconf=31.500 err_random=31.500
groups=1 err_lowconf=31.570 err_random=31.570
groups=2 err_lowconf=31.390 err_random=31.390
groups=3 err_lowconf=31.240 err_random=31.240
groups=4 err_lowconf=31.280 err_random=31.280
groups=5 err_lowconf=31.640 err_random=31.640
groups=6 err_lowconf=31.560 err_random=31.560
groups=7 err_lowconf=31.300 err_random=31.300
groups=8 err_lowconf=31.500 err_random=31.500
groups=9 err_lowconf=31.750 err_random=31.750
groups=10 err_lowconf=31.590 err_random=31.590
groups=11 err_lowconf=31.890 err_random=31.890
groups=12 err_lowconf=31.780 err_random=31.780
groups=13 err_lowconf=30.980 err_random=30.980
groups=14 err_lowconf=30.710 err_random=30.710
groups=15 err_lowconf=30.470 err_random=30.470
groups=16 err_lowconf=30.260 err_random=30.260
groups=17 err_lowconf=30.350 err_random=30.350
groups=18 err_lowconf=29.480 err_random=29.480
groups=19 err_lowconf=30.060 err_random=30.060
groups=20 err_lowconf=30.160 err_random=30.160
groups=21 err_lowconf=29.680 err_random=29.680
groups=22 err_lowconf=30.190 err_random=30.190
groups=23 err_lowconf=30.400 err_random=30.400
groups=24 err_lowconf=30.230 err_random=30.230
groups=25 err_lowconf=30.230 err_random=30.230
groups=26 err_lowconf=29.970 err_random=29.970
groups=27 err_lowconf=30.450 err_random=30.450
groups=28 err_lowconf=30.460 err_random=30.460
groups=29 err_lowconf=30.350 err_random=30.350
groups=30 err_lowconf=30.250 err_random=30.250
groups=31 err_lowconf=29.810 err_random=29.810
groups=32 err_lowconf=29.930 err_random=29.930
groups=33 err_lowconf=29.760 err_random=29.760
groups=34 err_lowconf=29.800 err_random=29.800
groups=35 err_lowconf=30.110 err_random=30.110
groups=36 err_lowconf=30.020 err_random=30.020
groups=37 err_lowconf=29.980 err_random=29.980
groups=38 err_lowconf=29.820 err_random=29.820
groups=39 err_lowconf=29.890 err_random=29.890
groups=40 err_lowconf=29.840 err_random=29.840
groups=41 err_lowconf=30.040 err_random=30.040
groups=42 err_lowconf=30.390 err_random=30.390
groups=43 err_lowconf=30.640 err_random=30.640
groups=44 err_lowconf=30.660 err_random=30.660
groups=45 err_lowconf=30.890 err_random=30.890
groups=46 err_lowconf=30.790 err_random=30.790
groups=47 err_lowconf=32.040 err_random=32.040
groups=48 err_lowconf=31.960 err_random=31.960
groups=49 err_lowconf=31.910 err_random=31.910
groups=50 err_lowconf=31.870 err_random=31.870
groups=51 err_lowconf=31.910 err_random=31.910
groups=52 err_lowconf=31.910 err_random=31.910
groups=53 err_lowconf=31.900 err_random=31.900
groups=54 err_lowconf=31.860 err_random=31.860
groups=55 err_lowconf=31.830 err_random=31.830
groups=56 err_lowconf=31.750 err_random=31.750
groups=57 err_lowconf=31.740 err_random=31.740
groups=58 err_lowconf=31.740 err_random=31.740
groups=59 err_lowconf=31.740 err_random=31.740
groups=60 err_lowconf=31.730 err_random=31.730
groups=61 err_lowconf=31.730 err_random=31.730
groups=62 err_lowconf=31.730 err_random=31.730
groups=63 err_lowconf=31.730 err_random=31.730
groups=64 err_lowconf=31.740 err_random=31.740
[1;34mwandb[0m:
[1;34mwandb[0m: You can sync this run to the cloud by running:
[1;34mwandb[0m: [1mwandb sync /research/hal-afsharim/minimal_cbm/results/cifar10-arhcbm/42/wandb/offline-run-20260726_010958-bu10bprp[0m
[1;34mwandb[0m: Find logs at: [1;35mresults/cifar10-arhcbm/42/wandb/offline-run-20260726_010958-bu10bprp/logs[0m
