
===== launch 2026-07-25 06:30:32.576154 gpu1 =====
wandb: Using wandb-core as the SDK backend.  Please refer to https://wandb.me/wandb-core for more information.
wandb: Tracking run with wandb version 0.19.0
wandb: W&B syncing is set to `offline` in this directory.  
wandb: Run `wandb online` or set WANDB_MODE=online to enable cloud syncing.

===== launch 2026-07-25 06:36:47.582589 gpu4 =====
wandb: Using wandb-core as the SDK backend.  Please refer to https://wandb.me/wandb-core for more information.
wandb: Tracking run with wandb version 0.19.0
wandb: W&B syncing is set to `offline` in this directory.  
wandb: Run `wandb online` or set WANDB_MODE=online to enable cloud syncing.

===== launch 2026-07-25 06:55:58.839765 gpu4 =====
wandb: Using wandb-core as the SDK backend.  Please refer to https://wandb.me/wandb-core for more information.
wandb: Tracking run with wandb version 0.19.0
wandb: W&B syncing is set to `offline` in this directory.  
wandb: Run `wandb online` or set WANDB_MODE=online to enable cloud syncing.

===== launch 2026-07-25 09:28:57.088386 gpu0 =====
wandb: Using wandb-core as the SDK backend.  Please refer to https://wandb.me/wandb-core for more information.
wandb: Tracking run with wandb version 0.19.0
wandb: W&B syncing is set to `offline` in this directory.  
wandb: Run `wandb online` or set WANDB_MODE=online to enable cloud syncing.

===== launch 2026-07-25 09:36:50.433661 gpu4 =====
wandb: Using wandb-core as the SDK backend.  Please refer to https://wandb.me/wandb-core for more information.
wandb: Tracking run with wandb version 0.19.0
wandb: W&B syncing is set to `offline` in this directory.  
wandb: Run `wandb online` or set WANDB_MODE=online to enable cloud syncing.
Traceback (most recent call last):
  File "/research/hal-afsharim/minimal_cbm/bin/train.py", line 29, in <module>
    train = TrainExperiment(
  File "/research/hal-afsharim/minimal_cbm/src/experiments/train.py", line 27, in __init__
    super().__init__(**kwargs)
  File "/research/hal-afsharim/minimal_cbm/src/experiments/base.py", line 50, in __init__
    self._set_all()
  File "/research/hal-afsharim/minimal_cbm/src/experiments/train.py", line 53, in _set_all
    self.to(self.device)
  File "/research/hal-afsharim/minimal_cbm/src/experiments/base.py", line 128, in to
    self.model.to(device, dtype)
  File "/research/hal-afsharim/miniconda3/envs/mcbm/lib/python3.10/site-packages/torch/nn/modules/module.py", line 927, in to
    return self._apply(convert)
  File "/research/hal-afsharim/miniconda3/envs/mcbm/lib/python3.10/site-packages/torch/nn/modules/module.py", line 579, in _apply
    module._apply(fn)
  File "/research/hal-afsharim/miniconda3/envs/mcbm/lib/python3.10/site-packages/torch/nn/modules/module.py", line 579, in _apply
    module._apply(fn)
  File "/research/hal-afsharim/miniconda3/envs/mcbm/lib/python3.10/site-packages/torch/nn/modules/module.py", line 579, in _apply
    module._apply(fn)
  [Previous line repeated 1 more time]
  File "/research/hal-afsharim/miniconda3/envs/mcbm/lib/python3.10/site-packages/torch/nn/modules/module.py", line 602, in _apply
    param_applied = fn(param)
  File "/research/hal-afsharim/miniconda3/envs/mcbm/lib/python3.10/site-packages/torch/nn/modules/module.py", line 925, in convert
    return t.to(device, dtype if t.is_floating_point() or t.is_complex() else None, non_blocking)
RuntimeError: CUDA error: out of memory
CUDA kernel errors might be asynchronously reported at some other API call,so the stacktrace below might be incorrect.
For debugging consider passing CUDA_LAUNCH_BLOCKING=1.
[1;34mwandb[0m:
[1;34mwandb[0m: You can sync this run to the cloud by running:
[1;34mwandb[0m: [1mwandb sync /research/hal-afsharim/minimal_cbm/results/cifar10-cbm/42/wandb/offline-run-20260725_093655-h66t58s1[0m
[1;34mwandb[0m: Find logs at: [1;35mresults/cifar10-cbm/42/wandb/offline-run-20260725_093655-h66t58s1/logs[0m

===== launch 2026-07-25 09:41:11.796505 gpu0 =====
wandb: Using wandb-core as the SDK backend.  Please refer to https://wandb.me/wandb-core for more information.
wandb: Tracking run with wandb version 0.19.0
wandb: W&B syncing is set to `offline` in this directory.  
wandb: Run `wandb online` or set WANDB_MODE=online to enable cloud syncing.

===== launch 2026-07-25 10:39:04.851351 gpu4 =====
wandb: Using wandb-core as the SDK backend.  Please refer to https://wandb.me/wandb-core for more information.
wandb: Tracking run with wandb version 0.19.0
wandb: W&B syncing is set to `offline` in this directory.  
wandb: Run `wandb online` or set WANDB_MODE=online to enable cloud syncing.

===== launch 2026-07-29 03:10:03.380583 gpu1 =====
wandb: Using wandb-core as the SDK backend.  Please refer to https://wandb.me/wandb-core for more information.
wandb: Tracking run with wandb version 0.19.0
wandb: W&B syncing is set to `offline` in this directory.  
wandb: Run `wandb online` or set WANDB_MODE=online to enable cloud syncing.
Epoch 1
losses_train/task:	1.8170750141143799
losses_train/concepts:	25.38030433654785
losses_train/total:	4.355106830596924
losses_test/task:	1.4546529054641724
losses_test/concepts:	24.051467895507812
losses_test/total:	3.859800338745117
calibration_test/ece:	0.09992894530296326
calibration_test/brier:	0.6669169068336487
accuracy_test/task:	48.24
accuracy_test/concepts:	83.06607818603516
map_test/concepts:	0.8221334696281701

Epoch 2
losses_train/task:	1.362284541130066
losses_train/concepts:	23.87004852294922
losses_train/total:	3.7492899894714355
losses_test/task:	1.2536711692810059
losses_test/concepts:	23.36581039428711
losses_test/total:	3.590252637863159
calibration_test/ece:	0.061926648020744324
calibration_test/brier:	0.5850778818130493
accuracy_test/task:	55.5
accuracy_test/concepts:	83.52203369140625
map_test/concepts:	0.8332212125969818

Epoch 3
losses_train/task:	1.2227308750152588
losses_train/concepts:	23.362085342407227
losses_train/total:	3.558939218521118
losses_test/task:	1.1571542024612427
losses_test/concepts:	23.011436462402344
losses_test/total:	3.458298444747925
calibration_test/ece:	0.04671115428209305
calibration_test/brier:	0.5431177616119385
accuracy_test/task:	58.69
accuracy_test/concepts:	83.75968170166016
map_test/concepts:	0.8395848463987932

Epoch 4
losses_train/task:	1.1368091106414795
losses_train/concepts:	23.03322982788086
losses_train/total:	3.4401328563690186
losses_test/task:	1.0971304178237915
losses_test/concepts:	22.792024612426758
losses_test/total:	3.3763325214385986
calibration_test/ece:	0.029665948823094368
calibration_test/brier:	0.5177471041679382
accuracy_test/task:	60.74
accuracy_test/concepts:	83.91874694824219
map_test/concepts:	0.8440792586188763

Epoch 5
losses_train/task:	1.0747168064117432
losses_train/concepts:	22.798904418945312
losses_train/total:	3.354607582092285
losses_test/task:	1.0364664793014526
losses_test/concepts:	22.555561065673828
losses_test/total:	3.292022466659546
calibration_test/ece:	0.02092566341161728
calibration_test/brier:	0.4911430776119232
accuracy_test/task:	63.01
accuracy_test/concepts:	84.09748840332031
map_test/concepts:	0.8474615141749382

Epoch 6
losses_train/task:	1.0166858434677124
losses_train/concepts:	22.590713500976562
losses_train/total:	3.27575945854187
losses_test/task:	1.0002182722091675
losses_test/concepts:	22.41558265686035
losses_test/total:	3.24177622795105
calibration_test/ece:	0.014642132446169853
calibration_test/brier:	0.4749072790145874
accuracy_test/task:	64.52
accuracy_test/concepts:	84.22186279296875
map_test/concepts:	0.8504258419270627

Epoch 7
losses_train/task:	0.9691029191017151
losses_train/concepts:	22.426509857177734
losses_train/total:	3.2117526531219482
losses_test/task:	0.9662396907806396
losses_test/concepts:	22.32676887512207
losses_test/total:	3.198915958404541
calibration_test/ece:	0.013658261857926846
calibration_test/brier:	0.45962193608283997
accuracy_test/task:	65.5
accuracy_test/concepts:	84.28422546386719
map_test/concepts:	0.8520432536315639

Epoch 8
losses_train/task:	0.9258532524108887
losses_train/concepts:	22.272079467773438
losses_train/total:	3.1530609130859375
losses_test/task:	0.9384819865226746
losses_test/concepts:	22.190889358520508
losses_test/total:	3.1575706005096436
calibration_test/ece:	0.012284694239497185
calibration_test/brier:	0.44696226716041565
accuracy_test/task:	66.73
accuracy_test/concepts:	84.39155578613281
map_test/concepts:	0.8540816112072207

Epoch 9
losses_train/task:	0.8934341073036194
losses_train/concepts:	22.152259826660156
losses_train/total:	3.1086585521698
losses_test/task:	0.922845721244812
losses_test/concepts:	22.100788116455078
losses_test/total:	3.1329243183135986
calibration_test/ece:	0.006190883927047253
calibration_test/brier:	0.4395396411418915
accuracy_test/task:	67.3
accuracy_test/concepts:	84.43795013427734
map_test/concepts:	0.8556536614196375

Epoch 10
losses_train/task:	0.860472559928894
losses_train/concepts:	22.0480899810791
losses_train/total:	3.065281391143799
losses_test/task:	0.9121929407119751
losses_test/concepts:	22.066925048828125
losses_test/total:	3.1188852787017822
calibration_test/ece:	0.012591072358191013
calibration_test/brier:	0.43437039852142334
accuracy_test/task:	67.97
accuracy_test/concepts:	84.47376251220703
map_test/concepts:	0.8562659740564413

Epoch 11
losses_train/task:	0.8290544748306274
losses_train/concepts:	21.929018020629883
losses_train/total:	3.0219552516937256
losses_test/task:	0.9036450982093811
losses_test/concepts:	21.987632751464844
losses_test/total:	3.102407932281494
calibration_test/ece:	0.01597016118466854
calibration_test/brier:	0.4304225444793701
accuracy_test/task:	68.1
accuracy_test/concepts:	84.52999114990234
map_test/concepts:	0.8575643881922588

Epoch 12
losses_train/task:	0.8039410710334778
losses_train/concepts:	21.843273162841797
losses_train/total:	2.988267660140991
losses_test/task:	0.8892021179199219
losses_test/concepts:	21.93703842163086
losses_test/total:	3.0829062461853027
calibration_test/ece:	0.017605483531951904
calibration_test/brier:	0.4231817424297333
accuracy_test/task:	68.98
accuracy_test/concepts:	84.57953643798828
map_test/concepts:	0.8585565509274602

Epoch 13
losses_train/task:	0.7777151465415955
losses_train/concepts:	21.74199867248535
losses_train/total:	2.9519147872924805
losses_test/task:	0.8822290897369385
losses_test/concepts:	21.899555206298828
losses_test/total:	3.0721850395202637
calibration_test/ece:	0.02213619463145733
calibration_test/brier:	0.41827499866485596
accuracy_test/task:	69.33
accuracy_test/concepts:	84.5707778930664
map_test/concepts:	0.8592972046462819

Epoch 14
losses_train/task:	0.7515697479248047
losses_train/concepts:	21.665666580200195
losses_train/total:	2.9181363582611084
losses_test/task:	0.8812347650527954
losses_test/concepts:	21.880815505981445
losses_test/total:	3.0693163871765137
calibration_test/ece:	0.029556866735219955
calibration_test/brier:	0.41910701990127563
accuracy_test/task:	69.6
accuracy_test/concepts:	84.61734008789062
map_test/concepts:	0.8600313721690327

Epoch 15
losses_train/task:	0.7264090776443481
losses_train/concepts:	21.587751388549805
losses_train/total:	2.8851847648620605
losses_test/task:	0.8897033929824829
losses_test/concepts:	21.835939407348633
losses_test/total:	3.0732975006103516
calibration_test/ece:	0.03785606101155281
calibration_test/brier:	0.421923965215683
accuracy_test/task:	69.16
accuracy_test/concepts:	84.6021728515625
map_test/concepts:	0.8610640380647965

Epoch 16
losses_train/task:	0.7041659951210022
losses_train/concepts:	21.500404357910156
losses_train/total:	2.854205369949341
losses_test/task:	0.8669052124023438
losses_test/concepts:	21.778738021850586
losses_test/total:	3.0447793006896973
calibration_test/ece:	0.03308834880590439
calibration_test/brier:	0.412458211183548
accuracy_test/task:	69.84
accuracy_test/concepts:	84.61233520507812
map_test/concepts:	0.8614137534168549

Epoch 17
losses_train/task:	0.6823702454566956
losses_train/concepts:	21.434368133544922
losses_train/total:	2.8258070945739746
losses_test/task:	0.8602126836776733
losses_test/concepts:	21.72026252746582
losses_test/total:	3.0322389602661133
calibration_test/ece:	0.04091821238398552
calibration_test/brier:	0.405643492937088
accuracy_test/task:	70.57
accuracy_test/concepts:	84.70171356201172
map_test/concepts:	0.86218792560976

Epoch 18
losses_train/task:	0.6603832840919495
losses_train/concepts:	21.376909255981445
losses_train/total:	2.7980735301971436
losses_test/task:	0.8662134408950806
losses_test/concepts:	21.734708786010742
losses_test/total:	3.039684534072876
calibration_test/ece:	0.04435744881629944
calibration_test/brier:	0.40962544083595276
accuracy_test/task:	69.72
accuracy_test/concepts:	84.669677734375
map_test/concepts:	0.8624248849228024

Epoch 19
losses_train/task:	0.637958288192749
losses_train/concepts:	21.317148208618164
losses_train/total:	2.769672155380249
losses_test/task:	0.8614944219589233
losses_test/concepts:	21.65799903869629
losses_test/total:	3.027294397354126
calibration_test/ece:	0.05389534309506416
calibration_test/brier:	0.4065137803554535
accuracy_test/task:	70.03
accuracy_test/concepts:	84.71906280517578
map_test/concepts:	0.8631000086897984

Epoch 20
losses_train/task:	0.616808295249939
losses_train/concepts:	21.244293212890625
losses_train/total:	2.741239309310913
losses_test/task:	0.8462594151496887
losses_test/concepts:	21.660240173339844
losses_test/total:	3.0122833251953125
calibration_test/ece:	0.044570159167051315
calibration_test/brier:	0.3982633054256439
accuracy_test/task:	70.9
accuracy_test/concepts:	84.71625518798828
map_test/concepts:	0.8633860371774063

Epoch 21
losses_train/task:	0.5954398512840271
losses_train/concepts:	21.180419921875
losses_train/total:	2.713481903076172
losses_test/task:	0.8693504333496094
losses_test/concepts:	21.6412353515625
losses_test/total:	3.0334746837615967
calibration_test/ece:	0.061512742191553116
calibration_test/brier:	0.40498054027557373
accuracy_test/task:	70.84
accuracy_test/concepts:	84.75436401367188
map_test/concepts:	0.8635491013992578

Epoch 22
losses_train/task:	0.5781895518302917
losses_train/concepts:	21.125572204589844
losses_train/total:	2.6907453536987305
losses_test/task:	0.8548583984375
losses_test/concepts:	21.614500045776367
losses_test/total:	3.016308546066284
calibration_test/ece:	0.05161207541823387
calibration_test/brier:	0.3990011215209961
accuracy_test/task:	71.19
accuracy_test/concepts:	84.74624633789062
map_test/concepts:	0.8637594965402968

Epoch 23
losses_train/task:	0.5581173896789551
losses_train/concepts:	21.083316802978516
losses_train/total:	2.6664483547210693
losses_test/task:	0.866081714630127
losses_test/concepts:	21.59986686706543
losses_test/total:	3.0260684490203857
calibration_test/ece:	0.06341764330863953
calibration_test/brier:	0.4009046256542206
accuracy_test/task:	70.84
accuracy_test/concepts:	84.76468658447266
map_test/concepts:	0.8642347168060951

Epoch 24
losses_train/task:	0.5415569543838501
losses_train/concepts:	21.024662017822266
losses_train/total:	2.6440229415893555
losses_test/task:	0.865414023399353
losses_test/concepts:	21.59286117553711
losses_test/total:	3.0246999263763428
calibration_test/ece:	0.06522923707962036
calibration_test/brier:	0.4016794264316559
accuracy_test/task:	71.03
accuracy_test/concepts:	84.7762451171875
map_test/concepts:	0.8645509571069852

Epoch 25
losses_train/task:	0.5201890468597412
losses_train/concepts:	20.98813247680664
losses_train/total:	2.619002342224121
losses_test/task:	0.8685590624809265
losses_test/concepts:	21.572036743164062
losses_test/total:	3.0257627964019775
calibration_test/ece:	0.07034026831388474
calibration_test/brier:	0.4003898501396179
accuracy_test/task:	71.33
accuracy_test/concepts:	84.7842025756836
map_test/concepts:	0.8649003300815821

Epoch 26
losses_train/task:	0.5001646280288696
losses_train/concepts:	20.93138313293457
losses_train/total:	2.593303680419922
losses_test/task:	0.894188404083252
losses_test/concepts:	21.597898483276367
losses_test/total:	3.053978443145752
calibration_test/ece:	0.07561467587947845
calibration_test/brier:	0.4074355959892273
accuracy_test/task:	71.08
accuracy_test/concepts:	84.7601547241211
map_test/concepts:	0.8647489621071145

Epoch 27
losses_train/task:	0.4864189922809601
losses_train/concepts:	20.901803970336914
losses_train/total:	2.5766000747680664
losses_test/task:	0.8587652444839478
losses_test/concepts:	21.509180068969727
losses_test/total:	3.009683609008789
calibration_test/ece:	0.07782703638076782
calibration_test/brier:	0.3948628604412079
accuracy_test/task:	71.64
accuracy_test/concepts:	84.81858825683594
map_test/concepts:	0.8653621196281165

Epoch 28
losses_train/task:	0.46512240171432495
losses_train/concepts:	20.84150505065918
losses_train/total:	2.5492749214172363
losses_test/task:	0.8898621797561646
losses_test/concepts:	21.57502555847168
losses_test/total:	3.0473647117614746
calibration_test/ece:	0.08372668921947479
calibration_test/brier:	0.404331773519516
accuracy_test/task:	71.28
accuracy_test/concepts:	84.76970672607422
map_test/concepts:	0.8650663733715191

Epoch 29
losses_train/task:	0.4460793137550354
losses_train/concepts:	20.786909103393555
losses_train/total:	2.5247719287872314
losses_test/task:	0.9106303453445435
losses_test/concepts:	21.531858444213867
losses_test/total:	3.063816785812378
calibration_test/ece:	0.08957796543836594
calibration_test/brier:	0.40838080644607544
accuracy_test/task:	71.53
accuracy_test/concepts:	84.7750015258789
map_test/concepts:	0.8652592254802585

Epoch 30
losses_train/task:	0.4326639175415039
losses_train/concepts:	20.751949310302734
losses_train/total:	2.5078585147857666
losses_test/task:	0.9040870666503906
losses_test/concepts:	21.512500762939453
losses_test/total:	3.0553371906280518
calibration_test/ece:	0.0913170874118805
calibration_test/brier:	0.40585944056510925
accuracy_test/task:	71.47
accuracy_test/concepts:	84.80654907226562
map_test/concepts:	0.8656221416313201

Epoch 31
losses_train/task:	0.41596004366874695
losses_train/concepts:	20.69408416748047
losses_train/total:	2.485368013381958
losses_test/task:	0.9246914386749268
losses_test/concepts:	21.54408073425293
losses_test/total:	3.079099655151367
calibration_test/ece:	0.09818659722805023
calibration_test/brier:	0.4121837317943573
accuracy_test/task:	71.04
accuracy_test/concepts:	84.7739028930664
map_test/concepts:	0.8653806031215936

Epoch 32
losses_train/task:	0.4045863449573517
losses_train/concepts:	20.661449432373047
losses_train/total:	2.4707324504852295
losses_test/task:	0.9119084477424622
losses_test/concepts:	21.49140167236328
losses_test/total:	3.0610485076904297
calibration_test/ece:	0.09830312430858612
calibration_test/brier:	0.4077748656272888
accuracy_test/task:	71.33
accuracy_test/concepts:	84.79483795166016
map_test/concepts:	0.8659386684885249

Epoch 33
losses_train/task:	0.3882530927658081
losses_train/concepts:	20.636930465698242
losses_train/total:	2.4519455432891846
losses_test/task:	0.9242042303085327
losses_test/concepts:	21.540870666503906
losses_test/total:	3.078291654586792
calibration_test/ece:	0.10347341001033783
calibration_test/brier:	0.4099885821342468
accuracy_test/task:	71.42
accuracy_test/concepts:	84.78062438964844
map_test/concepts:	0.8653709726640955

Epoch 34
losses_train/task:	0.37075191736221313
losses_train/concepts:	20.583419799804688
losses_train/total:	2.4290952682495117
losses_test/task:	0.9444979429244995
losses_test/concepts:	21.4663028717041
losses_test/total:	3.0911288261413574
calibration_test/ece:	0.10965785384178162
calibration_test/brier:	0.4144544303417206
accuracy_test/task:	71.28
accuracy_test/concepts:	84.830322265625
map_test/concepts:	0.8659976407652721

Epoch 35
losses_train/task:	0.35689932107925415
losses_train/concepts:	20.54073143005371
losses_train/total:	2.4109721183776855
losses_test/task:	0.9282601475715637
losses_test/concepts:	21.49321937561035
losses_test/total:	3.0775816440582275
calibration_test/ece:	0.10983466356992722
calibration_test/brier:	0.4081341028213501
accuracy_test/task:	71.8
accuracy_test/concepts:	84.8137435913086
map_test/concepts:	0.8661191681167111

Epoch 36
losses_train/task:	0.3478989601135254
losses_train/concepts:	20.51351547241211
losses_train/total:	2.3992509841918945
losses_test/task:	0.9586036801338196
losses_test/concepts:	21.478931427001953
losses_test/total:	3.1064975261688232
calibration_test/ece:	0.11567537486553192
calibration_test/brier:	0.4181578755378723
accuracy_test/task:	71.42
accuracy_test/concepts:	84.80952453613281
map_test/concepts:	0.8664247171254829

Epoch 37
losses_train/task:	0.3309504985809326
losses_train/concepts:	20.457447052001953
losses_train/total:	2.376694679260254
losses_test/task:	0.9639145135879517
losses_test/concepts:	21.43182945251465
losses_test/total:	3.107098340988159
calibration_test/ece:	0.1199331283569336
calibration_test/brier:	0.41580191254615784
accuracy_test/task:	71.35
accuracy_test/concepts:	84.85811614990234
map_test/concepts:	0.8664890133077279

Epoch 38
losses_train/task:	0.3163822889328003
losses_train/concepts:	20.416095733642578
losses_train/total:	2.3579907417297363
losses_test/task:	0.9579788446426392
losses_test/concepts:	21.434349060058594
losses_test/total:	3.101414203643799
calibration_test/ece:	0.1143466904759407
calibration_test/brier:	0.4096560478210449
accuracy_test/task:	72.11
accuracy_test/concepts:	84.83219146728516
map_test/concepts:	0.8665815726853907

Epoch 39
losses_train/task:	0.3019496202468872
losses_train/concepts:	20.390789031982422
losses_train/total:	2.3410284519195557
losses_test/task:	0.9760565757751465
losses_test/concepts:	21.407737731933594
losses_test/total:	3.116830825805664
calibration_test/ece:	0.12574993073940277
calibration_test/brier:	0.41657182574272156
accuracy_test/task:	71.67
accuracy_test/concepts:	84.90672302246094
map_test/concepts:	0.8666243967600167

Epoch 40
losses_train/task:	0.2904939353466034
losses_train/concepts:	20.35318374633789
losses_train/total:	2.3258116245269775
losses_test/task:	0.9940222501754761
losses_test/concepts:	21.425067901611328
losses_test/total:	3.1365294456481934
calibration_test/ece:	0.1292465329170227
calibration_test/brier:	0.41725829243659973
accuracy_test/task:	71.81
accuracy_test/concepts:	84.8628158569336
map_test/concepts:	0.8668461645720527

Epoch 41
losses_train/task:	0.2812008857727051
losses_train/concepts:	20.306100845336914
losses_train/total:	2.31181001663208
losses_test/task:	1.0092719793319702
losses_test/concepts:	21.4191837310791
losses_test/total:	3.1511898040771484
calibration_test/ece:	0.13398726284503937
calibration_test/brier:	0.41979461908340454
accuracy_test/task:	71.71
accuracy_test/concepts:	84.9040756225586
map_test/concepts:	0.8669796915492043

Epoch 42
losses_train/task:	0.2772051692008972
losses_train/concepts:	20.279903411865234
losses_train/total:	2.305196762084961
losses_test/task:	1.0205366611480713
losses_test/concepts:	21.42363739013672
losses_test/total:	3.1628994941711426
calibration_test/ece:	0.1345951110124588
calibration_test/brier:	0.42184218764305115
accuracy_test/task:	71.85
accuracy_test/concepts:	84.9095458984375
map_test/concepts:	0.8667803878197446

Epoch 43
losses_train/task:	0.2652396261692047
losses_train/concepts:	20.23130989074707
losses_train/total:	2.2883694171905518
losses_test/task:	1.0327643156051636
losses_test/concepts:	21.404891967773438
losses_test/total:	3.173253297805786
calibration_test/ece:	0.13973340392112732
calibration_test/brier:	0.4295375943183899
accuracy_test/task:	71.16
accuracy_test/concepts:	84.87812042236328
map_test/concepts:	0.866880780144129

Epoch 44
losses_train/task:	0.25435203313827515
losses_train/concepts:	20.183944702148438
losses_train/total:	2.272747278213501
losses_test/task:	1.0530481338500977
losses_test/concepts:	21.428796768188477
losses_test/total:	3.195927858352661
calibration_test/ece:	0.14030086994171143
calibration_test/brier:	0.4264473021030426
accuracy_test/task:	71.88
accuracy_test/concepts:	84.90251159667969
map_test/concepts:	0.8672473158221692

Epoch 45
losses_train/task:	0.2424691617488861
losses_train/concepts:	20.163124084472656
losses_train/total:	2.2587804794311523
losses_test/task:	1.0945782661437988
losses_test/concepts:	21.44382667541504
losses_test/total:	3.2389614582061768
calibration_test/ece:	0.14756745100021362
calibration_test/brier:	0.4375106990337372
accuracy_test/task:	71.04
accuracy_test/concepts:	84.84954071044922
map_test/concepts:	0.8671872672857717

Epoch 46
losses_train/task:	0.2325102984905243
losses_train/concepts:	20.10947036743164
losses_train/total:	2.243457317352295
losses_test/task:	1.0769984722137451
losses_test/concepts:	21.44305992126465
losses_test/total:	3.221304178237915
calibration_test/ece:	0.14543738961219788
calibration_test/brier:	0.4316098690032959
accuracy_test/task:	71.62
accuracy_test/concepts:	84.88282012939453
map_test/concepts:	0.866748319240287

Epoch 47
losses_train/task:	0.23186498880386353
losses_train/concepts:	20.07619285583496
losses_train/total:	2.239483594894409
losses_test/task:	1.10126531124115
losses_test/concepts:	21.463003158569336
losses_test/total:	3.2475664615631104
calibration_test/ece:	0.154062420129776
calibration_test/brier:	0.43951332569122314
accuracy_test/task:	71.28
accuracy_test/concepts:	84.84921264648438
map_test/concepts:	0.8669438015203923

Epoch 48
losses_train/task:	0.21983462572097778
losses_train/concepts:	20.047637939453125
losses_train/total:	2.2245988845825195
losses_test/task:	1.0806471109390259
losses_test/concepts:	21.386491775512695
losses_test/total:	3.2192962169647217
calibration_test/ece:	0.14895497262477875
calibration_test/brier:	0.4275711476802826
accuracy_test/task:	71.9
accuracy_test/concepts:	84.91390991210938
map_test/concepts:	0.8680348328780383

Epoch 49
losses_train/task:	0.21663036942481995
losses_train/concepts:	19.996980667114258
losses_train/total:	2.2163281440734863
losses_test/task:	1.0945203304290771
losses_test/concepts:	21.39865493774414
losses_test/total:	3.2343854904174805
calibration_test/ece:	0.1508123278617859
calibration_test/brier:	0.4301299750804901
accuracy_test/task:	71.97
accuracy_test/concepts:	84.89031982421875
map_test/concepts:	0.8677526898682117

Epoch 50
losses_train/task:	0.2111029326915741
losses_train/concepts:	19.997291564941406
losses_train/total:	2.2108309268951416
losses_test/task:	1.115713357925415
losses_test/concepts:	21.415592193603516
losses_test/total:	3.257272243499756
calibration_test/ece:	0.15143857896327972
calibration_test/brier:	0.43419966101646423
accuracy_test/task:	71.82
accuracy_test/concepts:	84.8826675415039
map_test/concepts:	0.8673679047496989

Epoch 51
losses_train/task:	0.1980968862771988
losses_train/concepts:	19.930572509765625
losses_train/total:	2.191155195236206
losses_test/task:	1.1109435558319092
losses_test/concepts:	21.40392303466797
losses_test/total:	3.251335859298706
calibration_test/ece:	0.1516427844762802
calibration_test/brier:	0.4271213412284851
accuracy_test/task:	72.2
accuracy_test/concepts:	84.88420867919922
map_test/concepts:	0.867765937699005

Epoch 52
losses_train/task:	0.2014288306236267
losses_train/concepts:	19.89822769165039
losses_train/total:	2.1912498474121094
losses_test/task:	1.1182411909103394
losses_test/concepts:	21.39263343811035
losses_test/total:	3.25750470161438
calibration_test/ece:	0.15033847093582153
calibration_test/brier:	0.42934009432792664
accuracy_test/task:	72.11
accuracy_test/concepts:	84.91203308105469
map_test/concepts:	0.8676132657565176

Epoch 53
losses_train/task:	0.18945804238319397
losses_train/concepts:	19.848159790039062
losses_train/total:	2.1742732524871826
losses_test/task:	1.1829193830490112
losses_test/concepts:	21.416776657104492
losses_test/total:	3.3245973587036133
calibration_test/ece:	0.16349124908447266
calibration_test/brier:	0.44231805205345154
accuracy_test/task:	71.75
accuracy_test/concepts:	84.89059448242188
map_test/concepts:	0.8679012644570321

Epoch 54
losses_train/task:	0.18396170437335968
losses_train/concepts:	19.827899932861328
losses_train/total:	2.1667511463165283
losses_test/task:	1.1428024768829346
losses_test/concepts:	21.42692756652832
losses_test/total:	3.2854955196380615
calibration_test/ece:	0.15870264172554016
calibration_test/brier:	0.43372294306755066
accuracy_test/task:	71.89
accuracy_test/concepts:	84.86781311035156
map_test/concepts:	0.8677756616380066

Epoch 55
losses_train/task:	0.1774309277534485
losses_train/concepts:	19.796688079833984
losses_train/total:	2.1570992469787598
losses_test/task:	1.1365740299224854
losses_test/concepts:	21.42471694946289
losses_test/total:	3.279045820236206
calibration_test/ece:	0.15412329137325287
calibration_test/brier:	0.4313020408153534
accuracy_test/task:	72.24
accuracy_test/concepts:	84.86687469482422
map_test/concepts:	0.8678578743711114

Epoch 56
losses_train/task:	0.1734078824520111
losses_train/concepts:	19.761550903320312
losses_train/total:	2.149564266204834
losses_test/task:	1.1670937538146973
losses_test/concepts:	21.379846572875977
losses_test/total:	3.3050789833068848
calibration_test/ece:	0.16215446591377258
calibration_test/brier:	0.44009971618652344
accuracy_test/task:	71.63
accuracy_test/concepts:	84.8840560913086
map_test/concepts:	0.8680507157696411

Epoch 57
losses_train/task:	0.16585001349449158
losses_train/concepts:	19.712646484375
losses_train/total:	2.1371138095855713
losses_test/task:	1.1983338594436646
losses_test/concepts:	21.446491241455078
losses_test/total:	3.3429830074310303
calibration_test/ece:	0.16699692606925964
calibration_test/brier:	0.44240325689315796
accuracy_test/task:	71.38
accuracy_test/concepts:	84.88202667236328
map_test/concepts:	0.8679143199697137

Epoch 58
losses_train/task:	0.16404280066490173
losses_train/concepts:	19.675064086914062
losses_train/total:	2.13154935836792
losses_test/task:	1.187890887260437
losses_test/concepts:	21.44573211669922
losses_test/total:	3.3324646949768066
calibration_test/ece:	0.1693527102470398
calibration_test/brier:	0.4392322301864624
accuracy_test/task:	71.56
accuracy_test/concepts:	84.86609649658203
map_test/concepts:	0.8678125512087718

Epoch 59
losses_train/task:	0.1564302295446396
losses_train/concepts:	19.627527236938477
losses_train/total:	2.1191835403442383
losses_test/task:	1.2415266036987305
losses_test/concepts:	21.441268920898438
losses_test/total:	3.385653495788574
calibration_test/ece:	0.1766851842403412
calibration_test/brier:	0.4473038613796234
accuracy_test/task:	71.21
accuracy_test/concepts:	84.9178237915039
map_test/concepts:	0.8680202205432579

Epoch 60
losses_train/task:	0.15501275658607483
losses_train/concepts:	19.587257385253906
losses_train/total:	2.1137373447418213
losses_test/task:	1.18425452709198
losses_test/concepts:	21.39238929748535
losses_test/total:	3.323493003845215
calibration_test/ece:	0.16547125577926636
calibration_test/brier:	0.4369950592517853
accuracy_test/task:	72.04
accuracy_test/concepts:	84.89765930175781
map_test/concepts:	0.8681293261470273

Epoch 61
losses_train/task:	0.1473403126001358
losses_train/concepts:	19.54146385192871
losses_train/total:	2.1014881134033203
losses_test/task:	1.2809996604919434
losses_test/concepts:	21.477127075195312
losses_test/total:	3.4287126064300537
calibration_test/ece:	0.1770119071006775
calibration_test/brier:	0.451801061630249
accuracy_test/task:	71.47
accuracy_test/concepts:	84.90108489990234
map_test/concepts:	0.8682414046488702

Epoch 62
losses_train/task:	0.14641863107681274
losses_train/concepts:	19.51183319091797
losses_train/total:	2.097602367401123
losses_test/task:	1.2299156188964844
losses_test/concepts:	21.42574691772461
losses_test/total:	3.372490406036377
calibration_test/ece:	0.1680237054824829
calibration_test/brier:	0.44424742460250854
accuracy_test/task:	71.86
accuracy_test/concepts:	84.8904800415039
map_test/concepts:	0.8679943128954619

Epoch 63
losses_train/task:	0.14388088881969452
losses_train/concepts:	19.492712020874023
losses_train/total:	2.0931525230407715
losses_test/task:	1.2362443208694458
losses_test/concepts:	21.413829803466797
losses_test/total:	3.3776276111602783
calibration_test/ece:	0.172148659825325
calibration_test/brier:	0.44512519240379333
accuracy_test/task:	71.74
accuracy_test/concepts:	84.89624786376953
map_test/concepts:	0.8683127096155658

Epoch 64
losses_train/task:	0.14095576107501984
losses_train/concepts:	19.45736312866211
losses_train/total:	2.086690902709961
losses_test/task:	1.2465825080871582
losses_test/concepts:	21.44144630432129
losses_test/total:	3.3907275199890137
calibration_test/ece:	0.17160536348819733
calibration_test/brier:	0.4440970718860626
accuracy_test/task:	71.88
accuracy_test/concepts:	84.87983703613281
map_test/concepts:	0.8679583253106102

Epoch 65
losses_train/task:	0.13697071373462677
losses_train/concepts:	19.420005798339844
losses_train/total:	2.0789711475372314
losses_test/task:	1.226114273071289
losses_test/concepts:	21.43075942993164
losses_test/total:	3.369190216064453
calibration_test/ece:	0.17105773091316223
calibration_test/brier:	0.43930986523628235
accuracy_test/task:	71.96
accuracy_test/concepts:	84.90641021728516
map_test/concepts:	0.8684525224380195

Epoch 66
losses_train/task:	0.13311287760734558
losses_train/concepts:	19.36762809753418
losses_train/total:	2.069876194000244
losses_test/task:	1.2505912780761719
losses_test/concepts:	21.450422286987305
losses_test/total:	3.395634174346924
calibration_test/ece:	0.1705823838710785
calibration_test/brier:	0.4433133900165558
accuracy_test/task:	71.94
accuracy_test/concepts:	84.91875457763672
map_test/concepts:	0.8682809397578239

Epoch 67
losses_train/task:	0.13096368312835693
losses_train/concepts:	19.333587646484375
losses_train/total:	2.0643229484558105
losses_test/task:	1.2556689977645874
losses_test/concepts:	21.428464889526367
losses_test/total:	3.3985164165496826
calibration_test/ece:	0.17168456315994263
calibration_test/brier:	0.44677314162254333
accuracy_test/task:	71.75
accuracy_test/concepts:	84.87906646728516
map_test/concepts:	0.867990784579888

Epoch 68
losses_train/task:	0.13408097624778748
losses_train/concepts:	19.330821990966797
losses_train/total:	2.06716251373291
losses_test/task:	1.267993450164795
losses_test/concepts:	21.44123649597168
losses_test/total:	3.412116765975952
calibration_test/ece:	0.17297515273094177
calibration_test/brier:	0.44821327924728394
accuracy_test/task:	71.82
accuracy_test/concepts:	84.92515563964844
map_test/concepts:	0.8678518570959568

Epoch 69
losses_train/task:	0.1254100203514099
losses_train/concepts:	19.259016036987305
losses_train/total:	2.0513110160827637
losses_test/task:	1.2846497297286987
losses_test/concepts:	21.47026824951172
losses_test/total:	3.4316766262054443
calibration_test/ece:	0.17687903344631195
calibration_test/brier:	0.44912537932395935
accuracy_test/task:	71.74
accuracy_test/concepts:	84.9348373413086
map_test/concepts:	0.8683863818878308

Epoch 70
losses_train/task:	0.1238832101225853
losses_train/concepts:	19.236003875732422
losses_train/total:	2.0474841594696045
losses_test/task:	1.2787021398544312
losses_test/concepts:	21.46570587158203
losses_test/total:	3.4252734184265137
calibration_test/ece:	0.17770367860794067
calibration_test/brier:	0.45182549953460693
accuracy_test/task:	71.41
accuracy_test/concepts:	84.83967590332031
map_test/concepts:	0.8682989017106593

Epoch 71
losses_train/task:	0.12324875593185425
losses_train/concepts:	19.19312286376953
losses_train/total:	2.0425610542297363
losses_test/task:	1.303498387336731
losses_test/concepts:	21.449445724487305
losses_test/total:	3.4484431743621826
calibration_test/ece:	0.17916694283485413
calibration_test/brier:	0.4463271498680115
accuracy_test/task:	71.88
accuracy_test/concepts:	84.93375396728516
map_test/concepts:	0.8689760187407956

Epoch 72
losses_train/task:	0.1220945343375206
losses_train/concepts:	19.155996322631836
losses_train/total:	2.037693977355957
losses_test/task:	1.2880710363388062
losses_test/concepts:	21.439435958862305
losses_test/total:	3.4320149421691895
calibration_test/ece:	0.1790389120578766
calibration_test/brier:	0.44332069158554077
accuracy_test/task:	72.1
accuracy_test/concepts:	84.97906494140625
map_test/concepts:	0.8692902461625636

Epoch 73
losses_train/task:	0.12122393399477005
losses_train/concepts:	19.118640899658203
losses_train/total:	2.0330891609191895
losses_test/task:	1.2721816301345825
losses_test/concepts:	21.41429328918457
losses_test/total:	3.4136106967926025
calibration_test/ece:	0.17361024022102356
calibration_test/brier:	0.4446711838245392
accuracy_test/task:	72.05
accuracy_test/concepts:	84.88719940185547
map_test/concepts:	0.868556899484247

Epoch 74
losses_train/task:	0.11777320504188538
losses_train/concepts:	19.09893798828125
losses_train/total:	2.027667284011841
losses_test/task:	1.3137894868850708
losses_test/concepts:	21.49186897277832
losses_test/total:	3.462977170944214
calibration_test/ece:	0.18055422604084015
calibration_test/brier:	0.44779908657073975
accuracy_test/task:	71.9
accuracy_test/concepts:	84.91344451904297
map_test/concepts:	0.8686787674669176

Epoch 75
losses_train/task:	0.11761216819286346
losses_train/concepts:	19.04366683959961
losses_train/total:	2.021977663040161
losses_test/task:	1.3196521997451782
losses_test/concepts:	21.451416015625
losses_test/total:	3.464794397354126
calibration_test/ece:	0.1792774200439453
calibration_test/brier:	0.450668066740036
accuracy_test/task:	71.83
accuracy_test/concepts:	84.87266540527344
map_test/concepts:	0.8684485210105777

Epoch 76
losses_train/task:	0.10701803863048553
losses_train/concepts:	18.998458862304688
losses_train/total:	2.006864309310913
losses_test/task:	1.3278648853302002
losses_test/concepts:	21.482900619506836
losses_test/total:	3.4761555194854736
calibration_test/ece:	0.18130908906459808
calibration_test/brier:	0.449068546295166
accuracy_test/task:	71.94
accuracy_test/concepts:	84.85671997070312
map_test/concepts:	0.8687325363280252

Epoch 77
losses_train/task:	0.11109457910060883
losses_train/concepts:	19.01181983947754
losses_train/total:	2.012277364730835
losses_test/task:	1.3078511953353882
losses_test/concepts:	21.435821533203125
losses_test/total:	3.451432704925537
calibration_test/ece:	0.1788797229528427
calibration_test/brier:	0.4471248388290405
accuracy_test/task:	71.96
accuracy_test/concepts:	84.904541015625
map_test/concepts:	0.8687472180463374

Epoch 78
losses_train/task:	0.11046561598777771
losses_train/concepts:	18.94097900390625
losses_train/total:	2.004563808441162
losses_test/task:	1.331171989440918
losses_test/concepts:	21.518285751342773
losses_test/total:	3.4830009937286377
calibration_test/ece:	0.17974340915679932
calibration_test/brier:	0.4521189332008362
accuracy_test/task:	71.93
accuracy_test/concepts:	84.90530395507812
map_test/concepts:	0.8686252214247361

Epoch 79
losses_train/task:	0.1067863404750824
losses_train/concepts:	18.909543991088867
losses_train/total:	1.9977420568466187
losses_test/task:	1.348950982093811
losses_test/concepts:	21.52212905883789
losses_test/total:	3.501164436340332
calibration_test/ece:	0.1844082474708557
calibration_test/brier:	0.4512382447719574
accuracy_test/task:	71.75
accuracy_test/concepts:	84.8554916381836
map_test/concepts:	0.8680528695113026

Epoch 80
losses_train/task:	0.10868052393198013
losses_train/concepts:	18.903322219848633
losses_train/total:	1.9990135431289673
losses_test/task:	1.3116052150726318
losses_test/concepts:	21.442520141601562
losses_test/total:	3.455857038497925
calibration_test/ece:	0.1779899001121521
calibration_test/brier:	0.4444936513900757
accuracy_test/task:	72.17
accuracy_test/concepts:	84.91172790527344
map_test/concepts:	0.8685550594236702

Epoch 81
losses_train/task:	0.09117112308740616
losses_train/concepts:	18.650968551635742
losses_train/total:	1.9562679529190063
losses_test/task:	1.2768757343292236
losses_test/concepts:	21.40198516845703
losses_test/total:	3.417074203491211
calibration_test/ece:	0.1743527054786682
calibration_test/brier:	0.4344125986099243
accuracy_test/task:	72.74
accuracy_test/concepts:	84.9387435913086
map_test/concepts:	0.8692206046544015

Epoch 82
losses_train/task:	0.07939507812261581
losses_train/concepts:	18.618345260620117
losses_train/total:	1.9412310123443604
losses_test/task:	1.2712396383285522
losses_test/concepts:	21.388051986694336
losses_test/total:	3.4100451469421387
calibration_test/ece:	0.1747521162033081
calibration_test/brier:	0.43214765191078186
accuracy_test/task:	72.77
accuracy_test/concepts:	84.9467544555664
map_test/concepts:	0.8694965180475265

Epoch 83
losses_train/task:	0.07621206343173981
losses_train/concepts:	18.625757217407227
losses_train/total:	1.9387866258621216
losses_test/task:	1.2726454734802246
losses_test/concepts:	21.386964797973633
losses_test/total:	3.4113407135009766
calibration_test/ece:	0.1746734380722046
calibration_test/brier:	0.43264663219451904
accuracy_test/task:	72.81
accuracy_test/concepts:	84.95076751708984
map_test/concepts:	0.8694461695849895

Epoch 84
losses_train/task:	0.07326258718967438
losses_train/concepts:	18.581289291381836
losses_train/total:	1.931391954421997
losses_test/task:	1.2761199474334717
losses_test/concepts:	21.40451431274414
losses_test/total:	3.4165711402893066
calibration_test/ece:	0.17503875494003296
calibration_test/brier:	0.43400633335113525
accuracy_test/task:	72.83
accuracy_test/concepts:	84.96421813964844
map_test/concepts:	0.8695627147099003

Epoch 85
losses_train/task:	0.07195122539997101
losses_train/concepts:	18.592557907104492
losses_train/total:	1.9312057495117188
losses_test/task:	1.2774672508239746
losses_test/concepts:	21.396541595458984
losses_test/total:	3.4171221256256104
calibration_test/ece:	0.17173132300376892
calibration_test/brier:	0.4311050772666931
accuracy_test/task:	73.13
accuracy_test/concepts:	84.96156311035156
map_test/concepts:	0.8696210742928088

Epoch 86
losses_train/task:	0.07085734605789185
losses_train/concepts:	18.55838394165039
losses_train/total:	1.9266951084136963
losses_test/task:	1.2829945087432861
losses_test/concepts:	21.410104751586914
losses_test/total:	3.4240050315856934
calibration_test/ece:	0.1723945289850235
calibration_test/brier:	0.4308709502220154
accuracy_test/task:	73.13
accuracy_test/concepts:	84.96000671386719
map_test/concepts:	0.8696676824474707

Epoch 87
losses_train/task:	0.06819891929626465
losses_train/concepts:	18.541332244873047
losses_train/total:	1.9223328828811646
losses_test/task:	1.2884215116500854
losses_test/concepts:	21.42438316345215
losses_test/total:	3.4308600425720215
calibration_test/ece:	0.17336873710155487
calibration_test/brier:	0.4322914481163025
accuracy_test/task:	73.09
accuracy_test/concepts:	84.94109344482422
map_test/concepts:	0.8695527724921703

Epoch 88
losses_train/task:	0.0658360943198204
losses_train/concepts:	18.532819747924805
losses_train/total:	1.9191172122955322
losses_test/task:	1.2815481424331665
losses_test/concepts:	21.412555694580078
losses_test/total:	3.422804117202759
calibration_test/ece:	0.17137184739112854
calibration_test/brier:	0.43006631731987
accuracy_test/task:	73.18
accuracy_test/concepts:	84.97029113769531
map_test/concepts:	0.8696455236058682

Epoch 89
losses_train/task:	0.06171123683452606
losses_train/concepts:	18.54610252380371
losses_train/total:	1.916321039199829
losses_test/task:	1.2779048681259155
losses_test/concepts:	21.409076690673828
losses_test/total:	3.4188129901885986
calibration_test/ece:	0.17143729329109192
calibration_test/brier:	0.42814764380455017
accuracy_test/task:	73.24
accuracy_test/concepts:	84.97949981689453
map_test/concepts:	0.8697226410731673

Epoch 90
losses_train/task:	0.06456039100885391
losses_train/concepts:	18.525619506835938
losses_train/total:	1.9171229600906372
losses_test/task:	1.2814085483551025
losses_test/concepts:	21.411823272705078
losses_test/total:	3.4225900173187256
calibration_test/ece:	0.17254707217216492
calibration_test/brier:	0.4292338788509369
accuracy_test/task:	73.16
accuracy_test/concepts:	84.9854736328125
map_test/concepts:	0.8696673637023196

Epoch 91
losses_train/task:	0.06257431209087372
losses_train/concepts:	18.52471351623535
losses_train/total:	1.9150453805923462
losses_test/task:	1.2801467180252075
losses_test/concepts:	21.399593353271484
losses_test/total:	3.4201066493988037
calibration_test/ece:	0.17300951480865479
calibration_test/brier:	0.429072767496109
accuracy_test/task:	73.16
accuracy_test/concepts:	84.9856185913086
map_test/concepts:	0.8697587602073327

Epoch 92
losses_train/task:	0.061458688229322433
losses_train/concepts:	18.498409271240234
losses_train/total:	1.9112998247146606
losses_test/task:	1.284732460975647
losses_test/concepts:	21.402679443359375
losses_test/total:	3.4250001907348633
calibration_test/ece:	0.17129433155059814
calibration_test/brier:	0.42965230345726013
accuracy_test/task:	73.28
accuracy_test/concepts:	84.95968627929688
map_test/concepts:	0.8697429354069754

Epoch 93
losses_train/task:	0.060100097209215164
losses_train/concepts:	18.48642921447754
losses_train/total:	1.9087427854537964
losses_test/task:	1.290239930152893
losses_test/concepts:	21.413719177246094
losses_test/total:	3.4316117763519287
calibration_test/ece:	0.1727636158466339
calibration_test/brier:	0.42971864342689514
accuracy_test/task:	73.26
accuracy_test/concepts:	84.96717071533203
map_test/concepts:	0.8696962944231927

Epoch 94
losses_train/task:	0.0590539313852787
losses_train/concepts:	18.467287063598633
losses_train/total:	1.9057847261428833
losses_test/task:	1.2904607057571411
losses_test/concepts:	21.416982650756836
losses_test/total:	3.4321603775024414
calibration_test/ece:	0.17280060052871704
calibration_test/brier:	0.4299461841583252
accuracy_test/task:	73.24
accuracy_test/concepts:	84.97421264648438
map_test/concepts:	0.8697548495838419

Epoch 95
losses_train/task:	0.05729645490646362
losses_train/concepts:	18.4432315826416
losses_train/total:	1.9016193151474
losses_test/task:	1.2936608791351318
losses_test/concepts:	21.415224075317383
losses_test/total:	3.435182571411133
calibration_test/ece:	0.17371490597724915
calibration_test/brier:	0.4300236701965332
accuracy_test/task:	73.22
accuracy_test/concepts:	84.98750305175781
map_test/concepts:	0.8697543060407043

Epoch 96
losses_train/task:	0.05750231444835663
losses_train/concepts:	18.437938690185547
losses_train/total:	1.901297926902771
losses_test/task:	1.3033182621002197
losses_test/concepts:	21.416088104248047
losses_test/total:	3.4449269771575928
calibration_test/ece:	0.17384889721870422
calibration_test/brier:	0.430194616317749
accuracy_test/task:	73.24
accuracy_test/concepts:	84.97124481201172
map_test/concepts:	0.8697559520369396

Epoch 97
losses_train/task:	0.05868054926395416
losses_train/concepts:	18.423629760742188
losses_train/total:	1.9010437726974487
losses_test/task:	1.3013836145401
losses_test/concepts:	21.413719177246094
losses_test/total:	3.442755699157715
calibration_test/ece:	0.17206767201423645
calibration_test/brier:	0.43019840121269226
accuracy_test/task:	73.44
accuracy_test/concepts:	84.96233367919922
map_test/concepts:	0.869773777667433

Epoch 98
losses_train/task:	0.05598513409495354
losses_train/concepts:	18.432310104370117
losses_train/total:	1.8992162942886353
losses_test/task:	1.3047616481781006
losses_test/concepts:	21.413686752319336
losses_test/total:	3.446129560470581
calibration_test/ece:	0.1732328087091446
calibration_test/brier:	0.429474413394928
accuracy_test/task:	73.35
accuracy_test/concepts:	84.98202514648438
map_test/concepts:	0.8698161686770618

Epoch 99
losses_train/task:	0.05803057923913002
losses_train/concepts:	18.441925048828125
losses_train/total:	1.9022225141525269
losses_test/task:	1.2980009317398071
losses_test/concepts:	21.418460845947266
losses_test/total:	3.4398465156555176
calibration_test/ece:	0.17039471864700317
calibration_test/brier:	0.4286311864852905
accuracy_test/task:	73.63
accuracy_test/concepts:	84.9540786743164
map_test/concepts:	0.8697653338313103

Epoch 100
losses_train/task:	0.05614053085446358
losses_train/concepts:	18.416221618652344
losses_train/total:	1.8977628946304321
losses_test/task:	1.3089622259140015
losses_test/concepts:	21.431896209716797
losses_test/total:	3.452151298522949
calibration_test/ece:	0.17073273658752441
calibration_test/brier:	0.4289207458496094
accuracy_test/task:	73.58
accuracy_test/concepts:	84.99201965332031
map_test/concepts:	0.8698364516021684

Epoch 101
losses_train/task:	0.054497603327035904
losses_train/concepts:	18.41834831237793
losses_train/total:	1.8963305950164795
losses_test/task:	1.309889554977417
losses_test/concepts:	21.437484741210938
losses_test/total:	3.4536385536193848
calibration_test/ece:	0.17290905117988586
calibration_test/brier:	0.4293840825557709
accuracy_test/task:	73.42
accuracy_test/concepts:	84.96686553955078
map_test/concepts:	0.8698200401850045

Epoch 102
losses_train/task:	0.0555524043738842
losses_train/concepts:	18.40481185913086
losses_train/total:	1.8960344791412354
losses_test/task:	1.3044902086257935
losses_test/concepts:	21.43313980102539
losses_test/total:	3.4478046894073486
calibration_test/ece:	0.17112323641777039
calibration_test/brier:	0.4282243549823761
accuracy_test/task:	73.61
accuracy_test/concepts:	84.98982238769531
map_test/concepts:	0.8698974853614345

Epoch 103
losses_train/task:	0.05371848866343498
losses_train/concepts:	18.384761810302734
losses_train/total:	1.8921947479248047
losses_test/task:	1.3135197162628174
losses_test/concepts:	21.435976028442383
losses_test/total:	3.4571187496185303
calibration_test/ece:	0.17270919680595398
calibration_test/brier:	0.42823001742362976
accuracy_test/task:	73.53
accuracy_test/concepts:	84.98342895507812
map_test/concepts:	0.870043549221009

Epoch 104
losses_train/task:	0.051181595772504807
losses_train/concepts:	18.373849868774414
losses_train/total:	1.888566017150879
losses_test/task:	1.306046485900879
losses_test/concepts:	21.423484802246094
losses_test/total:	3.448394536972046
calibration_test/ece:	0.17249354720115662
calibration_test/brier:	0.42941826581954956
accuracy_test/task:	73.5
accuracy_test/concepts:	84.98577117919922
map_test/concepts:	0.8698886877391487

Epoch 105
losses_train/task:	0.05260910838842392
losses_train/concepts:	18.3617000579834
losses_train/total:	1.8887782096862793
losses_test/task:	1.3204834461212158
losses_test/concepts:	21.447214126586914
losses_test/total:	3.4652059078216553
calibration_test/ece:	0.1718035638332367
calibration_test/brier:	0.42977920174598694
accuracy_test/task:	73.62
accuracy_test/concepts:	84.97045135498047
map_test/concepts:	0.869702409952879

Epoch 106
losses_train/task:	0.051222603768110275
losses_train/concepts:	18.369203567504883
losses_train/total:	1.888143539428711
losses_test/task:	1.3141684532165527
losses_test/concepts:	21.42106056213379
losses_test/total:	3.4562742710113525
calibration_test/ece:	0.17476052045822144
calibration_test/brier:	0.42960748076438904
accuracy_test/task:	73.46
accuracy_test/concepts:	84.98563385009766
map_test/concepts:	0.8699665137100965

Epoch 107
losses_train/task:	0.05099954828619957
losses_train/concepts:	18.35487937927246
losses_train/total:	1.8864859342575073
losses_test/task:	1.3182317018508911
losses_test/concepts:	21.43441390991211
losses_test/total:	3.4616739749908447
calibration_test/ece:	0.17556604743003845
calibration_test/brier:	0.43069785833358765
accuracy_test/task:	73.29
accuracy_test/concepts:	84.97843933105469
map_test/concepts:	0.8698457546997815

Epoch 108
losses_train/task:	0.05136831849813461
losses_train/concepts:	18.3380126953125
losses_train/total:	1.8851701021194458
losses_test/task:	1.3099325895309448
losses_test/concepts:	21.42691993713379
losses_test/total:	3.452625274658203
calibration_test/ece:	0.17104658484458923
calibration_test/brier:	0.429104745388031
accuracy_test/task:	73.67
accuracy_test/concepts:	84.9731216430664
map_test/concepts:	0.8698134467704222

Epoch 109
losses_train/task:	0.052161697298288345
losses_train/concepts:	18.32149887084961
losses_train/total:	1.884311318397522
losses_test/task:	1.3163385391235352
losses_test/concepts:	21.43783950805664
losses_test/total:	3.46012282371521
calibration_test/ece:	0.17271965742111206
calibration_test/brier:	0.4282159209251404
accuracy_test/task:	73.62
accuracy_test/concepts:	84.96751403808594
map_test/concepts:	0.8697820700472221

Epoch 110
losses_train/task:	0.04977761581540108
losses_train/concepts:	18.351577758789062
losses_train/total:	1.8849354982376099
losses_test/task:	1.3249517679214478
losses_test/concepts:	21.450454711914062
losses_test/total:	3.469996213912964
calibration_test/ece:	0.17266476154327393
calibration_test/brier:	0.4295443296432495
accuracy_test/task:	73.63
accuracy_test/concepts:	84.9759521484375
map_test/concepts:	0.8697831714525819

Epoch 111
losses_train/task:	0.04980530962347984
losses_train/concepts:	18.319236755371094
losses_train/total:	1.8817287683486938
losses_test/task:	1.3170465230941772
losses_test/concepts:	21.43024444580078
losses_test/total:	3.460071563720703
calibration_test/ece:	0.17439308762550354
calibration_test/brier:	0.42905786633491516
accuracy_test/task:	73.53
accuracy_test/concepts:	84.96344757080078
map_test/concepts:	0.8697650366229936

Epoch 112
losses_train/task:	0.05011499673128128
losses_train/concepts:	18.30632781982422
losses_train/total:	1.8807480335235596
losses_test/task:	1.3230645656585693
losses_test/concepts:	21.437414169311523
losses_test/total:	3.4668049812316895
calibration_test/ece:	0.17332537472248077
calibration_test/brier:	0.42880499362945557
accuracy_test/task:	73.61
accuracy_test/concepts:	84.97172546386719
map_test/concepts:	0.8698113590944558

Epoch 113
losses_train/task:	0.04939023777842522
losses_train/concepts:	18.314437866210938
losses_train/total:	1.8808327913284302
losses_test/task:	1.330260992050171
losses_test/concepts:	21.439453125
losses_test/total:	3.4742069244384766
calibration_test/ece:	0.17401355504989624
calibration_test/brier:	0.4297102391719818
accuracy_test/task:	73.62
accuracy_test/concepts:	84.97483825683594
map_test/concepts:	0.8698682645335793

Epoch 114
losses_train/task:	0.04801966995000839
losses_train/concepts:	18.3016300201416
losses_train/total:	1.878180742263794
losses_test/task:	1.3392008543014526
losses_test/concepts:	21.442821502685547
losses_test/total:	3.4834837913513184
calibration_test/ece:	0.1743452548980713
calibration_test/brier:	0.42993617057800293
accuracy_test/task:	73.64
accuracy_test/concepts:	84.97296142578125
map_test/concepts:	0.8699943153187633

Epoch 115
losses_train/task:	0.050058480352163315
losses_train/concepts:	18.289493560791016
losses_train/total:	1.8790079355239868
losses_test/task:	1.330588698387146
losses_test/concepts:	21.45182228088379
losses_test/total:	3.4757702350616455
calibration_test/ece:	0.17568373680114746
calibration_test/brier:	0.4304107427597046
accuracy_test/task:	73.35
accuracy_test/concepts:	84.97610473632812
map_test/concepts:	0.869856694014743

Epoch 116
losses_train/task:	0.050113361328840256
losses_train/concepts:	18.260173797607422
losses_train/total:	1.8761314153671265
losses_test/task:	1.3371613025665283
losses_test/concepts:	21.444087982177734
losses_test/total:	3.4815709590911865
calibration_test/ece:	0.17384731769561768
calibration_test/brier:	0.43105828762054443
accuracy_test/task:	73.62
accuracy_test/concepts:	84.9698486328125
map_test/concepts:	0.869799718610011

Epoch 117
losses_train/task:	0.04980510100722313
losses_train/concepts:	18.263734817504883
losses_train/total:	1.8761793375015259
losses_test/task:	1.3329187631607056
losses_test/concepts:	21.446983337402344
losses_test/total:	3.4776172637939453
calibration_test/ece:	0.1758614182472229
calibration_test/brier:	0.43052607774734497
accuracy_test/task:	73.44
accuracy_test/concepts:	84.98404693603516
map_test/concepts:	0.8697683741338551

Epoch 118
losses_train/task:	0.046680159866809845
losses_train/concepts:	18.247339248657227
losses_train/total:	1.871414065361023
losses_test/task:	1.3381390571594238
losses_test/concepts:	21.4475154876709
losses_test/total:	3.4828901290893555
calibration_test/ece:	0.1739494651556015
calibration_test/brier:	0.4298468232154846
accuracy_test/task:	73.59
accuracy_test/concepts:	84.96952819824219
map_test/concepts:	0.8699011100688949

Epoch 119
losses_train/task:	0.04753968492150307
losses_train/concepts:	18.26285171508789
losses_train/total:	1.8738256692886353
losses_test/task:	1.3421837091445923
losses_test/concepts:	21.455724716186523
losses_test/total:	3.4877560138702393
calibration_test/ece:	0.17561769485473633
calibration_test/brier:	0.4305744171142578
accuracy_test/task:	73.45
accuracy_test/concepts:	84.97015380859375
map_test/concepts:	0.8698133463039994

Epoch 120
losses_train/task:	0.04702199622988701
losses_train/concepts:	18.23358154296875
losses_train/total:	1.870381474494934
losses_test/task:	1.3443650007247925
losses_test/concepts:	21.445131301879883
losses_test/total:	3.488877296447754
calibration_test/ece:	0.17421859502792358
calibration_test/brier:	0.4307633936405182
accuracy_test/task:	73.69
accuracy_test/concepts:	84.96249389648438
map_test/concepts:	0.8699835625011474

Epoch 121
losses_train/task:	0.046512726694345474
losses_train/concepts:	18.226354598999023
losses_train/total:	1.8691486120224
losses_test/task:	1.346443772315979
losses_test/concepts:	21.46413803100586
losses_test/total:	3.4928574562072754
calibration_test/ece:	0.17645475268363953
calibration_test/brier:	0.431471586227417
accuracy_test/task:	73.51
accuracy_test/concepts:	84.98155975341797
map_test/concepts:	0.8698964454233646

Epoch 122
losses_train/task:	0.045532312244176865
losses_train/concepts:	18.219810485839844
losses_train/total:	1.867512822151184
losses_test/task:	1.345846176147461
losses_test/concepts:	21.447032928466797
losses_test/total:	3.4905500411987305
calibration_test/ece:	0.17680828273296356
calibration_test/brier:	0.43187519907951355
accuracy_test/task:	73.43
accuracy_test/concepts:	84.97405242919922
map_test/concepts:	0.8699329835362732

Epoch 123
losses_train/task:	0.04803520068526268
losses_train/concepts:	18.235231399536133
losses_train/total:	1.8715581893920898
losses_test/task:	1.348791241645813
losses_test/concepts:	21.47022819519043
losses_test/total:	3.4958133697509766
calibration_test/ece:	0.17597883939743042
calibration_test/brier:	0.43232661485671997
accuracy_test/task:	73.5
accuracy_test/concepts:	84.9587631225586
map_test/concepts:	0.8697819523513317

Epoch 124
losses_train/task:	0.04816553741693497
losses_train/concepts:	18.184059143066406
losses_train/total:	1.8665729761123657
losses_test/task:	1.3429381847381592
losses_test/concepts:	21.447052001953125
losses_test/total:	3.4876439571380615
calibration_test/ece:	0.1759154051542282
calibration_test/brier:	0.4310970604419708
accuracy_test/task:	73.4
accuracy_test/concepts:	84.97611236572266
map_test/concepts:	0.8696930782753043

Epoch 125
losses_train/task:	0.04527796432375908
losses_train/concepts:	18.201208114624023
losses_train/total:	1.8653992414474487
losses_test/task:	1.354259729385376
losses_test/concepts:	21.476179122924805
losses_test/total:	3.501877784729004
calibration_test/ece:	0.17798534035682678
calibration_test/brier:	0.430728554725647
accuracy_test/task:	73.47
accuracy_test/concepts:	84.97188568115234
map_test/concepts:	0.8698545868974179

Epoch 126
losses_train/task:	0.046231187880039215
losses_train/concepts:	18.21160316467285
losses_train/total:	1.86739182472229
losses_test/task:	1.3458118438720703
losses_test/concepts:	21.45977210998535
losses_test/total:	3.491788864135742
calibration_test/ece:	0.17552797496318817
calibration_test/brier:	0.43134036660194397
accuracy_test/task:	73.55
accuracy_test/concepts:	84.96015930175781
map_test/concepts:	0.8698048398364335

Epoch 127
losses_train/task:	0.04530305787920952
losses_train/concepts:	18.18362808227539
losses_train/total:	1.8636668920516968
losses_test/task:	1.3630231618881226
losses_test/concepts:	21.480573654174805
losses_test/total:	3.511079788208008
calibration_test/ece:	0.1766217052936554
calibration_test/brier:	0.4319016635417938
accuracy_test/task:	73.54
accuracy_test/concepts:	84.9675064086914
map_test/concepts:	0.8697369772708043

Epoch 128
losses_train/task:	0.04622973874211311
losses_train/concepts:	18.17447280883789
losses_train/total:	1.8636773824691772
losses_test/task:	1.3652887344360352
losses_test/concepts:	21.47919273376465
losses_test/total:	3.513207197189331
calibration_test/ece:	0.17780165374279022
calibration_test/brier:	0.4335358738899231
accuracy_test/task:	73.35
accuracy_test/concepts:	84.9714126586914
map_test/concepts:	0.8697121235309169

Epoch 129
losses_train/task:	0.044462595134973526
losses_train/concepts:	18.16184425354004
losses_train/total:	1.8606476783752441
losses_test/task:	1.3537750244140625
losses_test/concepts:	21.469839096069336
losses_test/total:	3.5007596015930176
calibration_test/ece:	0.17736679315567017
calibration_test/brier:	0.4333535134792328
accuracy_test/task:	73.39
accuracy_test/concepts:	84.9557876586914
map_test/concepts:	0.8696254751412198

Epoch 130
losses_train/task:	0.04348885267972946
losses_train/concepts:	18.173328399658203
losses_train/total:	1.8608237504959106
losses_test/task:	1.3677185773849487
losses_test/concepts:	21.486644744873047
losses_test/total:	3.516382932662964
calibration_test/ece:	0.17813262343406677
calibration_test/brier:	0.4347538650035858
accuracy_test/task:	73.41
accuracy_test/concepts:	84.97171783447266
map_test/concepts:	0.8696510174777359

Epoch 131
losses_train/task:	0.045040104538202286
losses_train/concepts:	18.146291732788086
losses_train/total:	1.859669804573059
losses_test/task:	1.357467770576477
losses_test/concepts:	21.472389221191406
losses_test/total:	3.5047059059143066
calibration_test/ece:	0.17706269025802612
calibration_test/brier:	0.4329075217247009
accuracy_test/task:	73.39
accuracy_test/concepts:	84.95844268798828
map_test/concepts:	0.8698372899089009

Epoch 132
losses_train/task:	0.046506017446517944
losses_train/concepts:	18.13267707824707
losses_train/total:	1.859773874282837
losses_test/task:	1.3611887693405151
losses_test/concepts:	21.471817016601562
losses_test/total:	3.5083703994750977
calibration_test/ece:	0.17781421542167664
calibration_test/brier:	0.43275782465934753
accuracy_test/task:	73.48
accuracy_test/concepts:	84.96891784667969
map_test/concepts:	0.869784840149805

Epoch 133
losses_train/task:	0.04438817501068115
losses_train/concepts:	18.128332138061523
losses_train/total:	1.8572211265563965
losses_test/task:	1.3623584508895874
losses_test/concepts:	21.486352920532227
losses_test/total:	3.510993719100952
calibration_test/ece:	0.1781022697687149
calibration_test/brier:	0.43331825733184814
accuracy_test/task:	73.44
accuracy_test/concepts:	84.95079803466797
map_test/concepts:	0.8696726731723174

Epoch 134
losses_train/task:	0.042976487427949905
losses_train/concepts:	18.107166290283203
losses_train/total:	1.8536934852600098
losses_test/task:	1.3667352199554443
losses_test/concepts:	21.482751846313477
losses_test/total:	3.5150105953216553
calibration_test/ece:	0.17792004346847534
calibration_test/brier:	0.4327717423439026
accuracy_test/task:	73.49
accuracy_test/concepts:	84.95829010009766
map_test/concepts:	0.8697492857463658

Epoch 135
losses_train/task:	0.044355608522892
losses_train/concepts:	18.10435676574707
losses_train/total:	1.8547911643981934
losses_test/task:	1.3704913854599
losses_test/concepts:	21.496570587158203
losses_test/total:	3.5201478004455566
calibration_test/ece:	0.17786431312561035
calibration_test/brier:	0.43344002962112427
accuracy_test/task:	73.62
accuracy_test/concepts:	84.95220184326172
map_test/concepts:	0.8696896493202075

Epoch 136
losses_train/task:	0.04427141696214676
losses_train/concepts:	18.09707260131836
losses_train/total:	1.8539787530899048
losses_test/task:	1.3713370561599731
losses_test/concepts:	21.497148513793945
losses_test/total:	3.521052598953247
calibration_test/ece:	0.17754952609539032
calibration_test/brier:	0.4337998628616333
accuracy_test/task:	73.53
accuracy_test/concepts:	84.94265747070312
map_test/concepts:	0.8695587660185993

Epoch 137
losses_train/task:	0.04313914105296135
losses_train/concepts:	18.099008560180664
losses_train/total:	1.8530408143997192
losses_test/task:	1.374423623085022
losses_test/concepts:	21.48671531677246
losses_test/total:	3.5230953693389893
calibration_test/ece:	0.1787792593240738
calibration_test/brier:	0.4340042471885681
accuracy_test/task:	73.49
accuracy_test/concepts:	84.9609375
map_test/concepts:	0.8698029431980103

Epoch 138
losses_train/task:	0.04269658774137497
losses_train/concepts:	18.089691162109375
losses_train/total:	1.8516650199890137
losses_test/task:	1.3807306289672852
losses_test/concepts:	21.50086212158203
losses_test/total:	3.530818223953247
calibration_test/ece:	0.1769065409898758
calibration_test/brier:	0.4336963891983032
accuracy_test/task:	73.72
accuracy_test/concepts:	84.95922088623047
map_test/concepts:	0.8698364517185837

Epoch 139
losses_train/task:	0.043886903673410416
losses_train/concepts:	18.0845947265625
losses_train/total:	1.8523461818695068
losses_test/task:	1.3750088214874268
losses_test/concepts:	21.490144729614258
losses_test/total:	3.52402400970459
calibration_test/ece:	0.17540714144706726
calibration_test/brier:	0.4316120147705078
accuracy_test/task:	73.81
accuracy_test/concepts:	84.94609832763672
map_test/concepts:	0.8698130545672029

Epoch 140
losses_train/task:	0.044024545699357986
losses_train/concepts:	18.078014373779297
losses_train/total:	1.851826786994934
losses_test/task:	1.376372218132019
losses_test/concepts:	21.509347915649414
losses_test/total:	3.5273070335388184
calibration_test/ece:	0.17687150835990906
calibration_test/brier:	0.43239903450012207
accuracy_test/task:	73.75
accuracy_test/concepts:	84.97203826904297
map_test/concepts:	0.8697513223160058

Epoch 141
losses_train/task:	0.04276711121201515
losses_train/concepts:	18.07963752746582
losses_train/total:	1.850731372833252
losses_test/task:	1.3786449432373047
losses_test/concepts:	21.508413314819336
losses_test/total:	3.5294861793518066
calibration_test/ece:	0.1759345680475235
calibration_test/brier:	0.4321800172328949
accuracy_test/task:	73.77
accuracy_test/concepts:	84.96063995361328
map_test/concepts:	0.8697775485925376

Epoch 142
losses_train/task:	0.04200279712677002
losses_train/concepts:	18.067724227905273
losses_train/total:	1.8487756252288818
losses_test/task:	1.3815242052078247
losses_test/concepts:	21.51038360595703
losses_test/total:	3.532562732696533
calibration_test/ece:	0.17779764533042908
calibration_test/brier:	0.4330058693885803
accuracy_test/task:	73.63
accuracy_test/concepts:	84.94844055175781
map_test/concepts:	0.8697504351148382

Epoch 143
losses_train/task:	0.040954459458589554
losses_train/concepts:	18.036428451538086
losses_train/total:	1.8445966243743896
losses_test/task:	1.3962483406066895
losses_test/concepts:	21.51651954650879
losses_test/total:	3.547901153564453
calibration_test/ece:	0.17757557332515717
calibration_test/brier:	0.4334566295146942
accuracy_test/task:	73.87
accuracy_test/concepts:	84.9626693725586
map_test/concepts:	0.869919961434789

Epoch 144
losses_train/task:	0.04239324480295181
losses_train/concepts:	18.05821990966797
losses_train/total:	1.8482156991958618
losses_test/task:	1.385221242904663
losses_test/concepts:	21.502431869506836
losses_test/total:	3.535464286804199
calibration_test/ece:	0.17955602705478668
calibration_test/brier:	0.43327343463897705
accuracy_test/task:	73.49
accuracy_test/concepts:	84.9425048828125
map_test/concepts:	0.8697723132790998

Epoch 145
losses_train/task:	0.04261293634772301
losses_train/concepts:	18.053512573242188
losses_train/total:	1.8479636907577515
losses_test/task:	1.3883064985275269
losses_test/concepts:	21.519596099853516
losses_test/total:	3.5402657985687256
calibration_test/ece:	0.18015539646148682
calibration_test/brier:	0.43410107493400574
accuracy_test/task:	73.44
accuracy_test/concepts:	84.9485855102539
map_test/concepts:	0.8697221219772473

Epoch 146
losses_train/task:	0.04250386729836464
losses_train/concepts:	18.023988723754883
losses_train/total:	1.844901442527771
losses_test/task:	1.3897210359573364
losses_test/concepts:	21.516218185424805
losses_test/total:	3.5413429737091064
calibration_test/ece:	0.1788608729839325
calibration_test/brier:	0.4342021942138672
accuracy_test/task:	73.65
accuracy_test/concepts:	84.92719268798828
map_test/concepts:	0.8697290882701054

Epoch 147
losses_train/task:	0.04314722493290901
losses_train/concepts:	18.04535675048828
losses_train/total:	1.8476821184158325
losses_test/task:	1.3939111232757568
losses_test/concepts:	21.515111923217773
losses_test/total:	3.545422315597534
calibration_test/ece:	0.17827942967414856
calibration_test/brier:	0.4347687363624573
accuracy_test/task:	73.64
accuracy_test/concepts:	84.9457778930664
map_test/concepts:	0.8698589380364865

Epoch 148
losses_train/task:	0.041028499603271484
losses_train/concepts:	18.048316955566406
losses_train/total:	1.8458596467971802
losses_test/task:	1.395093560218811
losses_test/concepts:	21.521574020385742
losses_test/total:	3.5472514629364014
calibration_test/ece:	0.17892062664031982
calibration_test/brier:	0.43451523780822754
accuracy_test/task:	73.51
accuracy_test/concepts:	84.95281982421875
map_test/concepts:	0.8697358001954854

Epoch 149
losses_train/task:	0.04435389116406441
losses_train/concepts:	18.00404167175293
losses_train/total:	1.84475839138031
losses_test/task:	1.398195743560791
losses_test/concepts:	21.534120559692383
losses_test/total:	3.5516088008880615
calibration_test/ece:	0.178722083568573
calibration_test/brier:	0.43555179238319397
accuracy_test/task:	73.62
accuracy_test/concepts:	84.94454193115234
map_test/concepts:	0.8696841994533315

Epoch 150
losses_train/task:	0.040885306894779205
losses_train/concepts:	18.00564956665039
losses_train/total:	1.8414510488510132
losses_test/task:	1.3997721672058105
losses_test/concepts:	21.533939361572266
losses_test/total:	3.5531651973724365
calibration_test/ece:	0.1798354536294937
calibration_test/brier:	0.4353199601173401
accuracy_test/task:	73.49
accuracy_test/concepts:	84.93700408935547
map_test/concepts:	0.8696567678125575

Epoch 151
losses_train/task:	0.04180990159511566
losses_train/concepts:	18.001462936401367
losses_train/total:	1.841956615447998
losses_test/task:	1.400730848312378
losses_test/concepts:	21.525983810424805
losses_test/total:	3.5533294677734375
calibration_test/ece:	0.17986801266670227
calibration_test/brier:	0.43563202023506165
accuracy_test/task:	73.43
accuracy_test/concepts:	84.93718719482422
map_test/concepts:	0.8695333611685783

Epoch 152
losses_train/task:	0.042854275554418564
losses_train/concepts:	17.987621307373047
losses_train/total:	1.8416167497634888
losses_test/task:	1.4026691913604736
losses_test/concepts:	21.523252487182617
losses_test/total:	3.554995059967041
calibration_test/ece:	0.18119463324546814
calibration_test/brier:	0.43557408452033997
accuracy_test/task:	73.36
accuracy_test/concepts:	84.92875671386719
map_test/concepts:	0.8695668961154297

Epoch 153
losses_train/task:	0.04236214607954025
losses_train/concepts:	17.975967407226562
losses_train/total:	1.8399581909179688
losses_test/task:	1.4037580490112305
losses_test/concepts:	21.546241760253906
losses_test/total:	3.558382511138916
calibration_test/ece:	0.17969447374343872
calibration_test/brier:	0.43608570098876953
accuracy_test/task:	73.51
accuracy_test/concepts:	84.94999694824219
map_test/concepts:	0.8695324385771528

Epoch 154
losses_train/task:	0.040588606148958206
losses_train/concepts:	17.98087501525879
losses_train/total:	1.838676929473877
losses_test/task:	1.3984042406082153
losses_test/concepts:	21.531835556030273
losses_test/total:	3.5515878200531006
calibration_test/ece:	0.17788748443126678
calibration_test/brier:	0.43507450819015503
accuracy_test/task:	73.63
accuracy_test/concepts:	84.947021484375
map_test/concepts:	0.869568559108302

Epoch 155
losses_train/task:	0.04215873032808304
losses_train/concepts:	17.976377487182617
losses_train/total:	1.8397969007492065
losses_test/task:	1.4060851335525513
losses_test/concepts:	21.545963287353516
losses_test/total:	3.5606813430786133
calibration_test/ece:	0.17925122380256653
calibration_test/brier:	0.43400272727012634
accuracy_test/task:	73.57
accuracy_test/concepts:	84.93484497070312
map_test/concepts:	0.8695873951073736

Epoch 156
losses_train/task:	0.04089735820889473
losses_train/concepts:	17.965051651000977
losses_train/total:	1.837403655052185
losses_test/task:	1.413148045539856
losses_test/concepts:	21.54074478149414
losses_test/total:	3.567223310470581
calibration_test/ece:	0.1779937744140625
calibration_test/brier:	0.435395210981369
accuracy_test/task:	73.69
accuracy_test/concepts:	84.94281005859375
map_test/concepts:	0.8696207541506737

Epoch 157
losses_train/task:	0.04012894630432129
losses_train/concepts:	17.948909759521484
losses_train/total:	1.835020661354065
losses_test/task:	1.4065312147140503
losses_test/concepts:	21.521501541137695
losses_test/total:	3.558680772781372
calibration_test/ece:	0.17863135039806366
calibration_test/brier:	0.4357759654521942
accuracy_test/task:	73.55
accuracy_test/concepts:	84.9384536743164
map_test/concepts:	0.8697365885600448

Epoch 158
losses_train/task:	0.041090819984674454
losses_train/concepts:	17.951879501342773
losses_train/total:	1.8362785577774048
losses_test/task:	1.4119664430618286
losses_test/concepts:	21.535581588745117
losses_test/total:	3.5655248165130615
calibration_test/ece:	0.18002507090568542
calibration_test/brier:	0.4354824125766754
accuracy_test/task:	73.46
accuracy_test/concepts:	84.95716857910156
map_test/concepts:	0.8696844084188342

Epoch 159
losses_train/task:	0.039150435477495193
losses_train/concepts:	17.928958892822266
losses_train/total:	1.8320454359054565
losses_test/task:	1.4130972623825073
losses_test/concepts:	21.546159744262695
losses_test/total:	3.5677127838134766
calibration_test/ece:	0.17886191606521606
calibration_test/brier:	0.43561917543411255
accuracy_test/task:	73.56
accuracy_test/concepts:	84.94828796386719
map_test/concepts:	0.8695642196107656

Epoch 160
losses_train/task:	0.040325526148080826
losses_train/concepts:	17.93076515197754
losses_train/total:	1.8334028720855713
losses_test/task:	1.4163368940353394
losses_test/concepts:	21.535568237304688
losses_test/total:	3.5698933601379395
calibration_test/ece:	0.18009114265441895
calibration_test/brier:	0.4373815357685089
accuracy_test/task:	73.55
accuracy_test/concepts:	84.93717956542969
map_test/concepts:	0.86953555571381

Epoch 161
losses_train/task:	0.04117925837635994
losses_train/concepts:	17.9094181060791
losses_train/total:	1.8321201801300049
losses_test/task:	1.41443932056427
losses_test/concepts:	21.51920509338379
losses_test/total:	3.5663607120513916
calibration_test/ece:	0.18062587082386017
calibration_test/brier:	0.4360751509666443
accuracy_test/task:	73.42
accuracy_test/concepts:	84.93672180175781
map_test/concepts:	0.8696416169404984

Epoch 162
losses_train/task:	0.0378703847527504
losses_train/concepts:	17.900548934936523
losses_train/total:	1.827924132347107
losses_test/task:	1.4171985387802124
losses_test/concepts:	21.5244140625
losses_test/total:	3.5696396827697754
calibration_test/ece:	0.1804642677307129
calibration_test/brier:	0.436185359954834
accuracy_test/task:	73.47
accuracy_test/concepts:	84.9364013671875
map_test/concepts:	0.869663511402905

Epoch 163
losses_train/task:	0.03877799212932587
losses_train/concepts:	17.909616470336914
losses_train/total:	1.8297390937805176
losses_test/task:	1.4129077196121216
losses_test/concepts:	21.525381088256836
losses_test/total:	3.5654444694519043
calibration_test/ece:	0.18007411062717438
calibration_test/brier:	0.43560683727264404
accuracy_test/task:	73.49
accuracy_test/concepts:	84.93655395507812
map_test/concepts:	0.8696531198220327

Epoch 164
losses_train/task:	0.03942221403121948
losses_train/concepts:	17.929655075073242
losses_train/total:	1.8323876857757568
losses_test/task:	1.4130276441574097
losses_test/concepts:	21.522689819335938
losses_test/total:	3.565296173095703
calibration_test/ece:	0.18048390746116638
calibration_test/brier:	0.4357730448246002
accuracy_test/task:	73.44
accuracy_test/concepts:	84.92874145507812
map_test/concepts:	0.8696251593064517

Epoch 165
losses_train/task:	0.03872205317020416
losses_train/concepts:	17.895971298217773
losses_train/total:	1.828319787979126
losses_test/task:	1.4115186929702759
losses_test/concepts:	21.52228546142578
losses_test/total:	3.5637481212615967
calibration_test/ece:	0.1791253685951233
calibration_test/brier:	0.43539854884147644
accuracy_test/task:	73.58
accuracy_test/concepts:	84.92969512939453
map_test/concepts:	0.8696419323096052

Epoch 166
losses_train/task:	0.040548987686634064
losses_train/concepts:	17.885555267333984
losses_train/total:	1.8291049003601074
losses_test/task:	1.4143681526184082
losses_test/concepts:	21.523183822631836
losses_test/total:	3.5666863918304443
calibration_test/ece:	0.1796492636203766
calibration_test/brier:	0.4356173872947693
accuracy_test/task:	73.57
accuracy_test/concepts:	84.93235778808594
map_test/concepts:	0.8696710531366989

Epoch 167
losses_train/task:	0.03711087629199028
losses_train/concepts:	17.88397216796875
losses_train/total:	1.8255072832107544
losses_test/task:	1.4146724939346313
losses_test/concepts:	21.524768829345703
losses_test/total:	3.567150354385376
calibration_test/ece:	0.18013867735862732
calibration_test/brier:	0.4354390501976013
accuracy_test/task:	73.49
accuracy_test/concepts:	84.93718719482422
map_test/concepts:	0.8696919570211321

Epoch 168
losses_train/task:	0.03793565556406975
losses_train/concepts:	17.885231018066406
losses_train/total:	1.8264591693878174
losses_test/task:	1.4122166633605957
losses_test/concepts:	21.521865844726562
losses_test/total:	3.5644030570983887
calibration_test/ece:	0.17992866039276123
calibration_test/brier:	0.4352097511291504
accuracy_test/task:	73.5
accuracy_test/concepts:	84.93172454833984
map_test/concepts:	0.8696904113749042

Epoch 169
losses_train/task:	0.03731702268123627
losses_train/concepts:	17.88207244873047
losses_train/total:	1.8255243301391602
losses_test/task:	1.4144383668899536
losses_test/concepts:	21.52619743347168
losses_test/total:	3.567056894302368
calibration_test/ece:	0.17916390299797058
calibration_test/brier:	0.4354735314846039
accuracy_test/task:	73.6
accuracy_test/concepts:	84.93640899658203
map_test/concepts:	0.8696847357787192

Epoch 170
losses_train/task:	0.037653423845767975
losses_train/concepts:	17.881729125976562
losses_train/total:	1.8258253335952759
losses_test/task:	1.41120445728302
losses_test/concepts:	21.520797729492188
losses_test/total:	3.563284158706665
calibration_test/ece:	0.17987817525863647
calibration_test/brier:	0.43525516986846924
accuracy_test/task:	73.51
accuracy_test/concepts:	84.935302734375
map_test/concepts:	0.8697272666031495

Epoch 171
losses_train/task:	0.03765789419412613
losses_train/concepts:	17.86840057373047
losses_train/total:	1.8244980573654175
losses_test/task:	1.411780834197998
losses_test/concepts:	21.521507263183594
losses_test/total:	3.563932418823242
calibration_test/ece:	0.17909714579582214
calibration_test/brier:	0.4353391230106354
accuracy_test/task:	73.61
accuracy_test/concepts:	84.93701934814453
map_test/concepts:	0.8697189289378002

Epoch 172
losses_train/task:	0.0378732793033123
losses_train/concepts:	17.887298583984375
losses_train/total:	1.8266032934188843
losses_test/task:	1.4115245342254639
losses_test/concepts:	21.524885177612305
losses_test/total:	3.564012050628662
calibration_test/ece:	0.17937931418418884
calibration_test/brier:	0.435336709022522
accuracy_test/task:	73.58
accuracy_test/concepts:	84.93000030517578
map_test/concepts:	0.8697159356670454

Epoch 173
losses_train/task:	0.03665831685066223
losses_train/concepts:	17.870006561279297
losses_train/total:	1.8236583471298218
losses_test/task:	1.4118554592132568
losses_test/concepts:	21.521974563598633
losses_test/total:	3.564053773880005
calibration_test/ece:	0.18039682507514954
calibration_test/brier:	0.43524932861328125
accuracy_test/task:	73.49
accuracy_test/concepts:	84.93109130859375
map_test/concepts:	0.8697160533629358

Epoch 174
losses_train/task:	0.038053542375564575
losses_train/concepts:	17.87274932861328
losses_train/total:	1.8253273963928223
losses_test/task:	1.4137190580368042
losses_test/concepts:	21.526020050048828
losses_test/total:	3.566321849822998
calibration_test/ece:	0.1801702231168747
calibration_test/brier:	0.4353504478931427
accuracy_test/task:	73.53
accuracy_test/concepts:	84.92546844482422
map_test/concepts:	0.8697492746869102

Epoch 175
losses_train/task:	0.037912484258413315
losses_train/concepts:	17.884296417236328
losses_train/total:	1.8263423442840576
losses_test/task:	1.4153300523757935
losses_test/concepts:	21.527650833129883
losses_test/total:	3.5680956840515137
calibration_test/ece:	0.18028992414474487
calibration_test/brier:	0.43546199798583984
accuracy_test/task:	73.53
accuracy_test/concepts:	84.93326568603516
map_test/concepts:	0.8697581348242238

Epoch 176
losses_train/task:	0.036587346345186234
losses_train/concepts:	17.874155044555664
losses_train/total:	1.824002981185913
losses_test/task:	1.4133557081222534
losses_test/concepts:	21.526029586791992
losses_test/total:	3.5659596920013428
calibration_test/ece:	0.18045884370803833
calibration_test/brier:	0.435077965259552
accuracy_test/task:	73.5
accuracy_test/concepts:	84.93702697753906
map_test/concepts:	0.8697468619793653

Epoch 177
losses_train/task:	0.03843425214290619
losses_train/concepts:	17.879791259765625
losses_train/total:	1.8264113664627075
losses_test/task:	1.414750576019287
losses_test/concepts:	21.52737808227539
losses_test/total:	3.567488431930542
calibration_test/ece:	0.18051373958587646
calibration_test/brier:	0.4352100193500519
accuracy_test/task:	73.5
accuracy_test/concepts:	84.935302734375
map_test/concepts:	0.8697351305745542

Epoch 178
losses_train/task:	0.03702451288700104
losses_train/concepts:	17.90447425842285
losses_train/total:	1.8274719715118408
losses_test/task:	1.4151005744934082
losses_test/concepts:	21.527137756347656
losses_test/total:	3.5678136348724365
calibration_test/ece:	0.17978081107139587
calibration_test/brier:	0.4349214732646942
accuracy_test/task:	73.57
accuracy_test/concepts:	84.92984008789062
map_test/concepts:	0.869738005916588

Epoch 179
losses_train/task:	0.03715800866484642
losses_train/concepts:	17.869667053222656
losses_train/total:	1.824125051498413
losses_test/task:	1.4131827354431152
losses_test/concepts:	21.523393630981445
losses_test/total:	3.5655229091644287
calibration_test/ece:	0.18065792322158813
calibration_test/brier:	0.43490898609161377
accuracy_test/task:	73.48
accuracy_test/concepts:	84.92687225341797
map_test/concepts:	0.8697581875603646

Epoch 180
losses_train/task:	0.035297732800245285
losses_train/concepts:	17.884742736816406
losses_train/total:	1.8237721920013428
losses_test/task:	1.4147605895996094
losses_test/concepts:	21.525720596313477
losses_test/total:	3.567333459854126
calibration_test/ece:	0.18037031590938568
calibration_test/brier:	0.43510672450065613
accuracy_test/task:	73.51
accuracy_test/concepts:	84.93562316894531
map_test/concepts:	0.8697314934106544

Epoch 181
losses_train/task:	0.03744690120220184
losses_train/concepts:	17.87871742248535
losses_train/total:	1.8253188133239746
losses_test/task:	1.41552734375
losses_test/concepts:	21.528806686401367
losses_test/total:	3.5684077739715576
calibration_test/ece:	0.1799609363079071
calibration_test/brier:	0.43557289242744446
accuracy_test/task:	73.57
accuracy_test/concepts:	84.9296875
map_test/concepts:	0.8697125541511923

Epoch 182
losses_train/task:	0.03820744901895523
losses_train/concepts:	17.877925872802734
losses_train/total:	1.826000452041626
losses_test/task:	1.415224552154541
losses_test/concepts:	21.527246475219727
losses_test/total:	3.567948818206787
calibration_test/ece:	0.18125656247138977
calibration_test/brier:	0.43607425689697266
accuracy_test/task:	73.44
accuracy_test/concepts:	84.93561553955078
map_test/concepts:	0.869723642943427

Epoch 183
losses_train/task:	0.03665468096733093
losses_train/concepts:	17.865468978881836
losses_train/total:	1.8232018947601318
losses_test/task:	1.412993311882019
losses_test/concepts:	21.524375915527344
losses_test/total:	3.5654296875
calibration_test/ece:	0.18100672960281372
calibration_test/brier:	0.43546658754348755
accuracy_test/task:	73.46
accuracy_test/concepts:	84.93046569824219
map_test/concepts:	0.869717059424147

Epoch 184
losses_train/task:	0.037661366164684296
losses_train/concepts:	17.8765869140625
losses_train/total:	1.8253198862075806
losses_test/task:	1.4133325815200806
losses_test/concepts:	21.52426528930664
losses_test/total:	3.5657591819763184
calibration_test/ece:	0.1801648885011673
calibration_test/brier:	0.4353353977203369
accuracy_test/task:	73.54
accuracy_test/concepts:	84.9281234741211
map_test/concepts:	0.8697066137101501

Epoch 185
losses_train/task:	0.03787335380911827
losses_train/concepts:	17.870262145996094
losses_train/total:	1.8249006271362305
losses_test/task:	1.417923927307129
losses_test/concepts:	21.532085418701172
losses_test/total:	3.5711324214935303
calibration_test/ece:	0.18067409098148346
calibration_test/brier:	0.4356568455696106
accuracy_test/task:	73.51
accuracy_test/concepts:	84.92921447753906
map_test/concepts:	0.8696982173714787

Epoch 186
losses_train/task:	0.037385471165180206
losses_train/concepts:	17.868492126464844
losses_train/total:	1.8242346048355103
losses_test/task:	1.4160977602005005
losses_test/concepts:	21.528762817382812
losses_test/total:	3.5689737796783447
calibration_test/ece:	0.18015968799591064
calibration_test/brier:	0.4354161024093628
accuracy_test/task:	73.56
accuracy_test/concepts:	84.94093322753906
map_test/concepts:	0.8697437670780346

Epoch 187
losses_train/task:	0.03856928274035454
losses_train/concepts:	17.869548797607422
losses_train/total:	1.8255242109298706
losses_test/task:	1.4158868789672852
losses_test/concepts:	21.525224685668945
losses_test/total:	3.568408489227295
calibration_test/ece:	0.1806565821170807
calibration_test/brier:	0.43549132347106934
accuracy_test/task:	73.5
accuracy_test/concepts:	84.93248748779297
map_test/concepts:	0.8697326654801145

Epoch 188
losses_train/task:	0.037083156406879425
losses_train/concepts:	17.88189125061035
losses_train/total:	1.8252731561660767
losses_test/task:	1.4143773317337036
losses_test/concepts:	21.527477264404297
losses_test/total:	3.567124843597412
calibration_test/ece:	0.1813029646873474
calibration_test/brier:	0.43555083870887756
accuracy_test/task:	73.41
accuracy_test/concepts:	84.9348373413086
map_test/concepts:	0.8697238367749378

Epoch 189
losses_train/task:	0.03747440502047539
losses_train/concepts:	17.879749298095703
losses_train/total:	1.825451135635376
losses_test/task:	1.415935754776001
losses_test/concepts:	21.53093147277832
losses_test/total:	3.56902813911438
calibration_test/ece:	0.180866539478302
calibration_test/brier:	0.43576255440711975
accuracy_test/task:	73.48
accuracy_test/concepts:	84.93749237060547
map_test/concepts:	0.8697663437342271

Epoch 190
losses_train/task:	0.03742830082774162
losses_train/concepts:	17.861448287963867
losses_train/total:	1.8235722780227661
losses_test/task:	1.4183002710342407
losses_test/concepts:	21.534950256347656
losses_test/total:	3.5717947483062744
calibration_test/ece:	0.18090002238750458
calibration_test/brier:	0.4358060657978058
accuracy_test/task:	73.48
accuracy_test/concepts:	84.93795776367188
map_test/concepts:	0.869763316353783

Epoch 191
losses_train/task:	0.037667956203222275
losses_train/concepts:	17.874755859375
losses_train/total:	1.8251432180404663
losses_test/task:	1.4173790216445923
losses_test/concepts:	21.530033111572266
losses_test/total:	3.5703821182250977
calibration_test/ece:	0.18135330080986023
calibration_test/brier:	0.435623437166214
accuracy_test/task:	73.43
accuracy_test/concepts:	84.93155670166016
map_test/concepts:	0.8697325640823692

Epoch 192
losses_train/task:	0.037693437188863754
losses_train/concepts:	17.877656936645508
losses_train/total:	1.825459361076355
losses_test/task:	1.4147526025772095
losses_test/concepts:	21.52556037902832
losses_test/total:	3.5673084259033203
calibration_test/ece:	0.18081310391426086
calibration_test/brier:	0.4354589879512787
accuracy_test/task:	73.48
accuracy_test/concepts:	84.93421936035156
map_test/concepts:	0.8697272470453754

Epoch 193
losses_train/task:	0.03675985708832741
losses_train/concepts:	17.869815826416016
losses_train/total:	1.8237409591674805
losses_test/task:	1.4161123037338257
losses_test/concepts:	21.529510498046875
losses_test/total:	3.5690622329711914
calibration_test/ece:	0.1802498698234558
calibration_test/brier:	0.43546098470687866
accuracy_test/task:	73.55
accuracy_test/concepts:	84.92874145507812
map_test/concepts:	0.869715454406105

Epoch 194
losses_train/task:	0.03619426116347313
losses_train/concepts:	17.885080337524414
losses_train/total:	1.8247019052505493
losses_test/task:	1.4158990383148193
losses_test/concepts:	21.524839401245117
losses_test/total:	3.568382740020752
calibration_test/ece:	0.18016429245471954
calibration_test/brier:	0.4352302849292755
accuracy_test/task:	73.54
accuracy_test/concepts:	84.93203735351562
map_test/concepts:	0.8697428153827786

Epoch 195
losses_train/task:	0.036912038922309875
losses_train/concepts:	17.870689392089844
losses_train/total:	1.8239812850952148
losses_test/task:	1.4177796840667725
losses_test/concepts:	21.53067398071289
losses_test/total:	3.5708465576171875
calibration_test/ece:	0.1798388659954071
calibration_test/brier:	0.43556705117225647
accuracy_test/task:	73.61
accuracy_test/concepts:	84.9312515258789
map_test/concepts:	0.8696945465635508

Epoch 196
losses_train/task:	0.038783300668001175
losses_train/concepts:	17.868316650390625
losses_train/total:	1.8256146907806396
losses_test/task:	1.4174144268035889
losses_test/concepts:	21.53143310546875
losses_test/total:	3.570557117462158
calibration_test/ece:	0.17972040176391602
calibration_test/brier:	0.43536797165870667
accuracy_test/task:	73.58
accuracy_test/concepts:	84.93312072753906
map_test/concepts:	0.8696825752267614

Epoch 197
losses_train/task:	0.03693230077624321
losses_train/concepts:	17.84250831604004
losses_train/total:	1.8211827278137207
losses_test/task:	1.4170538187026978
losses_test/concepts:	21.529264450073242
losses_test/total:	3.569981098175049
calibration_test/ece:	0.17953917384147644
calibration_test/brier:	0.43529388308525085
accuracy_test/task:	73.62
accuracy_test/concepts:	84.93608856201172
map_test/concepts:	0.8696878077462316

Epoch 198
losses_train/task:	0.03676912561058998
losses_train/concepts:	17.870664596557617
losses_train/total:	1.8238357305526733
losses_test/task:	1.4166839122772217
losses_test/concepts:	21.530141830444336
losses_test/total:	3.5696980953216553
calibration_test/ece:	0.17955282330513
calibration_test/brier:	0.4355425238609314
accuracy_test/task:	73.62
accuracy_test/concepts:	84.93264770507812
map_test/concepts:	0.8697177309077233

Epoch 199
losses_train/task:	0.037307873368263245
losses_train/concepts:	17.859636306762695
losses_train/total:	1.82327139377594
losses_test/task:	1.414955973625183
losses_test/concepts:	21.52537727355957
losses_test/total:	3.567493438720703
calibration_test/ece:	0.17931462824344635
calibration_test/brier:	0.4356631934642792
accuracy_test/task:	73.64
accuracy_test/concepts:	84.93232727050781
map_test/concepts:	0.8697567953495309

Epoch 200
losses_train/task:	0.037057213485240936
losses_train/concepts:	17.87205696105957
losses_train/total:	1.8242626190185547
losses_test/task:	1.41618812084198
losses_test/concepts:	21.524198532104492
losses_test/total:	3.5686075687408447
calibration_train/ece:	0.003073688130825758
calibration_train/brier:	0.0004883481306023896
accuracy_train/task:	99.98597756410257
calibration_test/ece:	0.18032675981521606
calibration_test/brier:	0.43570971488952637
accuracy_test/task:	73.56
accuracy_train/concepts:	88.220947265625
map_train/concepts:	0.9149533126037568
accuracy_test/concepts:	84.9348373413086
map_test/concepts:	0.8697775525506586
accuracy_test/nuisances_task:	-0.4397467721866656
accuracy_test/nuisances_nontask:	0.0
mutual_inf_test/nuisances_task:	0.17910306191914643
mutual_inf_test/nuisances_nontask:	0.0

epoch_200.pt
groups=0 err_lowconf=26.440 err_random=26.440
groups=1 err_lowconf=26.630 err_random=26.630
groups=2 err_lowconf=26.370 err_random=26.370
groups=3 err_lowconf=26.400 err_random=26.400
groups=4 err_lowconf=26.840 err_random=26.840
groups=5 err_lowconf=27.350 err_random=27.350
groups=6 err_lowconf=27.520 err_random=27.520
groups=7 err_lowconf=27.010 err_random=27.010
groups=8 err_lowconf=26.600 err_random=26.600
groups=9 err_lowconf=26.350 err_random=26.350
groups=10 err_lowconf=25.710 err_random=25.710
groups=11 err_lowconf=25.360 err_random=25.360
groups=12 err_lowconf=25.170 err_random=25.170
groups=13 err_lowconf=24.760 err_random=24.760
groups=14 err_lowconf=25.030 err_random=25.030
groups=15 err_lowconf=24.380 err_random=24.380
groups=16 err_lowconf=24.320 err_random=24.320
groups=17 err_lowconf=23.920 err_random=23.920
groups=18 err_lowconf=24.160 err_random=24.160
groups=19 err_lowconf=23.970 err_random=23.970
groups=20 err_lowconf=24.620 err_random=24.620
groups=21 err_lowconf=24.840 err_random=24.840
groups=22 err_lowconf=24.550 err_random=24.550
groups=23 err_lowconf=24.450 err_random=24.450
groups=24 err_lowconf=24.880 err_random=24.880
groups=25 err_lowconf=24.490 err_random=24.490
groups=26 err_lowconf=24.780 err_random=24.780
groups=27 err_lowconf=25.630 err_random=25.630
groups=28 err_lowconf=25.660 err_random=25.660
groups=29 err_lowconf=25.700 err_random=25.700
groups=30 err_lowconf=25.590 err_random=25.590
groups=31 err_lowconf=24.670 err_random=24.670
groups=32 err_lowconf=24.790 err_random=24.790
groups=33 err_lowconf=24.860 err_random=24.860
groups=34 err_lowconf=24.900 err_random=24.900
groups=35 err_lowconf=25.670 err_random=25.670
groups=36 err_lowconf=26.180 err_random=26.180
groups=37 err_lowconf=25.940 err_random=25.940
groups=38 err_lowconf=26.450 err_random=26.450
groups=39 err_lowconf=26.440 err_random=26.440
groups=40 err_lowconf=26.940 err_random=26.940
groups=41 err_lowconf=27.590 err_random=27.590
groups=42 err_lowconf=27.770 err_random=27.770
groups=43 err_lowconf=27.720 err_random=27.720
groups=44 err_lowconf=27.990 err_random=27.990
groups=45 err_lowconf=30.250 err_random=30.250
groups=46 err_lowconf=31.260 err_random=31.260
groups=47 err_lowconf=30.970 err_random=30.970
groups=48 err_lowconf=30.420 err_random=30.420
groups=49 err_lowconf=29.970 err_random=29.970
groups=50 err_lowconf=30.210 err_random=30.210
groups=51 err_lowconf=31.120 err_random=31.120
groups=52 err_lowconf=32.260 err_random=32.260
groups=53 err_lowconf=31.890 err_random=31.890
groups=54 err_lowconf=31.430 err_random=31.430
groups=55 err_lowconf=31.360 err_random=31.360
groups=56 err_lowconf=30.940 err_random=30.940
groups=57 err_lowconf=31.870 err_random=31.870
groups=58 err_lowconf=32.390 err_random=32.390
groups=59 err_lowconf=33.050 err_random=33.050
groups=60 err_lowconf=33.800 err_random=33.800
groups=61 err_lowconf=36.150 err_random=36.150
groups=62 err_lowconf=35.650 err_random=35.650
groups=63 err_lowconf=37.060 err_random=37.060
groups=64 err_lowconf=37.650 err_random=37.650
[1;34mwandb[0m:
[1;34mwandb[0m: You can sync this run to the cloud by running:
[1;34mwandb[0m: [1mwandb sync /research/hal-afsharim/minimal_cbm/results/cifar10-cbm/42/wandb/offline-run-20260729_031007-djtrw2kn[0m
[1;34mwandb[0m: Find logs at: [1;35mresults/cifar10-cbm/42/wandb/offline-run-20260729_031007-djtrw2kn/logs[0m
