
===== launch 2026-07-28 13:56:18.784498 gpu0 =====
wandb: Using wandb-core as the SDK backend.  Please refer to https://wandb.me/wandb-core for more information.
wandb: Tracking run with wandb version 0.19.0
wandb: W&B syncing is set to `offline` in this directory.  
wandb: Run `wandb online` or set WANDB_MODE=online to enable cloud syncing.
Epoch 1
losses_train/task:	2.2301018238067627
losses_train/concepts:	26.39574432373047
losses_train/total:	4.8696770668029785
losses_test/task:	2.057342290878296
losses_test/concepts:	24.84485626220703
losses_test/total:	4.5418291091918945
calibration_test/ece:	0.09291119873523712
calibration_test/brier:	0.8480460047721863
accuracy_test/task:	25.86
accuracy_test/concepts:	81.12922668457031
map_test/concepts:	0.7331729635188822

Epoch 2
losses_train/task:	1.9023116827011108
losses_train/concepts:	24.51986312866211
losses_train/total:	4.354298114776611
losses_test/task:	1.7539026737213135
losses_test/concepts:	23.953807830810547
losses_test/total:	4.149283409118652
calibration_test/ece:	0.11183401942253113
calibration_test/brier:	0.7767830491065979
accuracy_test/task:	35.76
accuracy_test/concepts:	82.02295684814453
map_test/concepts:	0.7576933913805988

Epoch 3
losses_train/task:	1.6638716459274292
losses_train/concepts:	23.84154510498047
losses_train/total:	4.048025131225586
losses_test/task:	1.5550785064697266
losses_test/concepts:	23.459550857543945
losses_test/total:	3.901033878326416
calibration_test/ece:	0.09902714937925339
calibration_test/brier:	0.7065990567207336
accuracy_test/task:	43.62
accuracy_test/concepts:	82.52922821044922
map_test/concepts:	0.7721372962114401

Epoch 4
losses_train/task:	1.5150011777877808
losses_train/concepts:	23.42094612121582
losses_train/total:	3.8570945262908936
losses_test/task:	1.4596434831619263
losses_test/concepts:	23.176475524902344
losses_test/total:	3.7772908210754395
calibration_test/ece:	0.06381826102733612
calibration_test/brier:	0.6651033759117126
accuracy_test/task:	47.35
accuracy_test/concepts:	82.842041015625
map_test/concepts:	0.7797213953454047

Epoch 5
losses_train/task:	1.4146418571472168
losses_train/concepts:	23.12252426147461
losses_train/total:	3.726895332336426
losses_test/task:	1.3664146661758423
losses_test/concepts:	22.870092391967773
losses_test/total:	3.6534230709075928
calibration_test/ece:	0.04360366612672806
calibration_test/brier:	0.6272128224372864
accuracy_test/task:	50.87
accuracy_test/concepts:	83.09750366210938
map_test/concepts:	0.7852081637538504

Epoch 6
losses_train/task:	1.3447400331497192
losses_train/concepts:	22.885459899902344
losses_train/total:	3.633286714553833
losses_test/task:	1.302811861038208
losses_test/concepts:	22.707103729248047
losses_test/total:	3.5735230445861816
calibration_test/ece:	0.02731269970536232
calibration_test/brier:	0.6004499793052673
accuracy_test/task:	53.29
accuracy_test/concepts:	83.1879653930664
map_test/concepts:	0.7890505086979829

Epoch 7
losses_train/task:	1.292166829109192
losses_train/concepts:	22.683727264404297
losses_train/total:	3.5605404376983643
losses_test/task:	1.2682753801345825
losses_test/concepts:	22.53540802001953
losses_test/total:	3.5218167304992676
calibration_test/ece:	0.01863357238471508
calibration_test/brier:	0.5860869288444519
accuracy_test/task:	54.38
accuracy_test/concepts:	83.34078216552734
map_test/concepts:	0.7920962798525579

Epoch 8
losses_train/task:	1.2472039461135864
losses_train/concepts:	22.515710830688477
losses_train/total:	3.498774766921997
losses_test/task:	1.2088167667388916
losses_test/concepts:	22.402360916137695
losses_test/total:	3.4490530490875244
calibration_test/ece:	0.020845821127295494
calibration_test/brier:	0.5605957508087158
accuracy_test/task:	56.96
accuracy_test/concepts:	83.41232299804688
map_test/concepts:	0.7947023897431791

Epoch 9
losses_train/task:	1.2109472751617432
losses_train/concepts:	22.370769500732422
losses_train/total:	3.448025703430176
losses_test/task:	1.1832553148269653
losses_test/concepts:	22.284748077392578
losses_test/total:	3.4117298126220703
calibration_test/ece:	0.02107018232345581
calibration_test/brier:	0.5475589632987976
accuracy_test/task:	58.17
accuracy_test/concepts:	83.5379638671875
map_test/concepts:	0.7970031864242628

Epoch 10
losses_train/task:	1.1767081022262573
losses_train/concepts:	22.25760841369629
losses_train/total:	3.402470350265503
losses_test/task:	1.1650553941726685
losses_test/concepts:	22.22601318359375
losses_test/total:	3.3876559734344482
calibration_test/ece:	0.019307928159832954
calibration_test/brier:	0.5370749831199646
accuracy_test/task:	59.18
accuracy_test/concepts:	83.5804672241211
map_test/concepts:	0.7986013825284317

Epoch 11
losses_train/task:	1.144931435585022
losses_train/concepts:	22.139814376831055
losses_train/total:	3.3589115142822266
losses_test/task:	1.1503294706344604
losses_test/concepts:	22.133869171142578
losses_test/total:	3.3637166023254395
calibration_test/ece:	0.01700802892446518
calibration_test/brier:	0.5315357446670532
accuracy_test/task:	59.86
accuracy_test/concepts:	83.64859008789062
map_test/concepts:	0.8002284592366777

Epoch 12
losses_train/task:	1.1210209131240845
losses_train/concepts:	22.041748046875
losses_train/total:	3.325194835662842
losses_test/task:	1.1314548254013062
losses_test/concepts:	22.067773818969727
losses_test/total:	3.338231086730957
calibration_test/ece:	0.014836909249424934
calibration_test/brier:	0.5224931836128235
accuracy_test/task:	60.33
accuracy_test/concepts:	83.68751525878906
map_test/concepts:	0.8014497007825412

Epoch 13
losses_train/task:	1.0921951532363892
losses_train/concepts:	21.95915985107422
losses_train/total:	3.288111686706543
losses_test/task:	1.1067678928375244
losses_test/concepts:	22.026195526123047
losses_test/total:	3.30938720703125
calibration_test/ece:	0.015248187817633152
calibration_test/brier:	0.5112802982330322
accuracy_test/task:	61.6
accuracy_test/concepts:	83.71170043945312
map_test/concepts:	0.802635473140981

Epoch 14
losses_train/task:	1.0669981241226196
losses_train/concepts:	21.863365173339844
losses_train/total:	3.2533328533172607
losses_test/task:	1.0920385122299194
losses_test/concepts:	21.97863006591797
losses_test/total:	3.2899012565612793
calibration_test/ece:	0.011084919795393944
calibration_test/brier:	0.505240261554718
accuracy_test/task:	61.96
accuracy_test/concepts:	83.81452941894531
map_test/concepts:	0.8036390260676853

Epoch 15
losses_train/task:	1.0454224348068237
losses_train/concepts:	21.81544303894043
losses_train/total:	3.2269651889801025
losses_test/task:	1.0862376689910889
losses_test/concepts:	21.918087005615234
losses_test/total:	3.2780473232269287
calibration_test/ece:	0.014499213546514511
calibration_test/brier:	0.49945956468582153
accuracy_test/task:	62.72
accuracy_test/concepts:	83.84858703613281
map_test/concepts:	0.8046743368613534

Epoch 16
losses_train/task:	1.028320550918579
losses_train/concepts:	21.723543167114258
losses_train/total:	3.2006750106811523
losses_test/task:	1.0728769302368164
losses_test/concepts:	21.869016647338867
losses_test/total:	3.2597780227661133
calibration_test/ece:	0.008984463289380074
calibration_test/brier:	0.49240127205848694
accuracy_test/task:	63.29
accuracy_test/concepts:	83.88532257080078
map_test/concepts:	0.805528417637106

Epoch 17
losses_train/task:	1.009786605834961
losses_train/concepts:	21.65420150756836
losses_train/total:	3.1752066612243652
losses_test/task:	1.0736507177352905
losses_test/concepts:	21.853355407714844
losses_test/total:	3.2589869499206543
calibration_test/ece:	0.014932299964129925
calibration_test/brier:	0.4898999035358429
accuracy_test/task:	63.41
accuracy_test/concepts:	83.91950988769531
map_test/concepts:	0.806245613086503

Epoch 18
losses_train/task:	0.9916558265686035
losses_train/concepts:	21.60255241394043
losses_train/total:	3.1519112586975098
losses_test/task:	1.0608727931976318
losses_test/concepts:	21.841753005981445
losses_test/total:	3.2450480461120605
calibration_test/ece:	0.019041111692786217
calibration_test/brier:	0.48549866676330566
accuracy_test/task:	63.75
accuracy_test/concepts:	83.92842864990234
map_test/concepts:	0.806526125583332

Epoch 19
losses_train/task:	0.9690371155738831
losses_train/concepts:	21.528072357177734
losses_train/total:	3.121842622756958
losses_test/task:	1.0490126609802246
losses_test/concepts:	21.783771514892578
losses_test/total:	3.2273898124694824
calibration_test/ece:	0.022181497886776924
calibration_test/brier:	0.4791523814201355
accuracy_test/task:	64.36
accuracy_test/concepts:	83.9778060913086
map_test/concepts:	0.8074109241715632

Epoch 20
losses_train/task:	0.9567444920539856
losses_train/concepts:	21.460840225219727
losses_train/total:	3.102827787399292
losses_test/task:	1.0471073389053345
losses_test/concepts:	21.758882522583008
losses_test/total:	3.2229957580566406
calibration_test/ece:	0.01993858441710472
calibration_test/brier:	0.477508008480072
accuracy_test/task:	64.98
accuracy_test/concepts:	83.98562622070312
map_test/concepts:	0.8078141793375835

Epoch 21
losses_train/task:	0.9384089708328247
losses_train/concepts:	21.42289161682129
losses_train/total:	3.0806992053985596
losses_test/task:	1.0335357189178467
losses_test/concepts:	21.72926139831543
losses_test/total:	3.2064614295959473
calibration_test/ece:	0.019619883969426155
calibration_test/brier:	0.4719291031360626
accuracy_test/task:	64.95
accuracy_test/concepts:	84.0062484741211
map_test/concepts:	0.8084231974789873

Epoch 22
losses_train/task:	0.9182918071746826
losses_train/concepts:	21.34300994873047
losses_train/total:	3.052595615386963
losses_test/task:	1.0201829671859741
losses_test/concepts:	21.712162017822266
losses_test/total:	3.191399097442627
calibration_test/ece:	0.026622414588928223
calibration_test/brier:	0.46644243597984314
accuracy_test/task:	65.19
accuracy_test/concepts:	84.03218078613281
map_test/concepts:	0.8085981452604756

Epoch 23
losses_train/task:	0.8978783488273621
losses_train/concepts:	21.288679122924805
losses_train/total:	3.026747465133667
losses_test/task:	1.0077483654022217
losses_test/concepts:	21.701217651367188
losses_test/total:	3.177870512008667
calibration_test/ece:	0.025273865088820457
calibration_test/brier:	0.46121010184288025
accuracy_test/task:	65.9
accuracy_test/concepts:	84.05249786376953
map_test/concepts:	0.8091466767946258

Epoch 24
losses_train/task:	0.8795239925384521
losses_train/concepts:	21.245243072509766
losses_train/total:	3.0040481090545654
losses_test/task:	0.99898761510849
losses_test/concepts:	21.651264190673828
losses_test/total:	3.1641149520874023
calibration_test/ece:	0.028407324105501175
calibration_test/brier:	0.45782843232154846
accuracy_test/task:	65.93
accuracy_test/concepts:	84.06593322753906
map_test/concepts:	0.8100842715939507

Epoch 25
losses_train/task:	0.8681924939155579
losses_train/concepts:	21.169679641723633
losses_train/total:	2.985159397125244
losses_test/task:	1.007859230041504
losses_test/concepts:	21.670928955078125
losses_test/total:	3.174952745437622
calibration_test/ece:	0.03084600903093815
calibration_test/brier:	0.45976343750953674
accuracy_test/task:	65.91
accuracy_test/concepts:	84.0942153930664
map_test/concepts:	0.8103079105494544

Epoch 26
losses_train/task:	0.8475280404090881
losses_train/concepts:	21.11964988708496
losses_train/total:	2.9594924449920654
losses_test/task:	0.9982226490974426
losses_test/concepts:	21.647062301635742
losses_test/total:	3.1629292964935303
calibration_test/ece:	0.03248570114374161
calibration_test/brier:	0.4554351568222046
accuracy_test/task:	66.38
accuracy_test/concepts:	84.11482238769531
map_test/concepts:	0.8105494763003662

Epoch 27
losses_train/task:	0.8321847915649414
losses_train/concepts:	21.067251205444336
losses_train/total:	2.938910722732544
losses_test/task:	0.994351863861084
losses_test/concepts:	21.637977600097656
losses_test/total:	3.158149480819702
calibration_test/ece:	0.043317608535289764
calibration_test/brier:	0.4561854600906372
accuracy_test/task:	65.97
accuracy_test/concepts:	84.1087417602539
map_test/concepts:	0.8109462880529463

Epoch 28
losses_train/task:	0.8235225677490234
losses_train/concepts:	21.022727966308594
losses_train/total:	2.9257946014404297
losses_test/task:	0.9949803948402405
losses_test/concepts:	21.618698120117188
losses_test/total:	3.1568500995635986
calibration_test/ece:	0.04114919900894165
calibration_test/brier:	0.45436567068099976
accuracy_test/task:	66.38
accuracy_test/concepts:	84.14141082763672
map_test/concepts:	0.8113446726929396

Epoch 29
losses_train/task:	0.8015799522399902
losses_train/concepts:	20.954574584960938
losses_train/total:	2.8970375061035156
losses_test/task:	0.9847947359085083
losses_test/concepts:	21.62700653076172
losses_test/total:	3.1474945545196533
calibration_test/ece:	0.04532019793987274
calibration_test/brier:	0.4488743245601654
accuracy_test/task:	67.22
accuracy_test/concepts:	84.16203308105469
map_test/concepts:	0.8111183610744774

Epoch 30
losses_train/task:	0.7965453863143921
losses_train/concepts:	20.908308029174805
losses_train/total:	2.8873770236968994
losses_test/task:	0.9918981790542603
losses_test/concepts:	21.591411590576172
losses_test/total:	3.1510396003723145
calibration_test/ece:	0.04921463876962662
calibration_test/brier:	0.4521881937980652
accuracy_test/task:	66.8
accuracy_test/concepts:	84.16312408447266
map_test/concepts:	0.8115782340755686

Epoch 31
losses_train/task:	0.7824189066886902
losses_train/concepts:	20.85691261291504
losses_train/total:	2.8681106567382812
losses_test/task:	0.996686577796936
losses_test/concepts:	21.596275329589844
losses_test/total:	3.1563150882720947
calibration_test/ece:	0.05592400208115578
calibration_test/brier:	0.4539598524570465
accuracy_test/task:	66.68
accuracy_test/concepts:	84.1595458984375
map_test/concepts:	0.8116399470018223

Epoch 32
losses_train/task:	0.762986958026886
losses_train/concepts:	20.803974151611328
losses_train/total:	2.8433854579925537
losses_test/task:	0.9836819767951965
losses_test/concepts:	21.58959197998047
losses_test/total:	3.142641067504883
calibration_test/ece:	0.05230245366692543
calibration_test/brier:	0.44898998737335205
accuracy_test/task:	67.25
accuracy_test/concepts:	84.17047119140625
map_test/concepts:	0.8116839017602615

Epoch 33
losses_train/task:	0.750524640083313
losses_train/concepts:	20.75997543334961
losses_train/total:	2.826521158218384
losses_test/task:	0.9928984045982361
losses_test/concepts:	21.605478286743164
losses_test/total:	3.1534457206726074
calibration_test/ece:	0.05805203691124916
calibration_test/brier:	0.4500807523727417
accuracy_test/task:	67.39
accuracy_test/concepts:	84.171875
map_test/concepts:	0.8118680726620369

Epoch 34
losses_train/task:	0.741601288318634
losses_train/concepts:	20.721147537231445
losses_train/total:	2.8137176036834717
losses_test/task:	0.9853053092956543
losses_test/concepts:	21.5615177154541
losses_test/total:	3.1414573192596436
calibration_test/ece:	0.05794767290353775
calibration_test/brier:	0.4464442729949951
accuracy_test/task:	67.64
accuracy_test/concepts:	84.16468048095703
map_test/concepts:	0.8121713704313152

Epoch 35
losses_train/task:	0.727995753288269
losses_train/concepts:	20.66728401184082
losses_train/total:	2.7947237491607666
losses_test/task:	0.9953389763832092
losses_test/concepts:	21.566614151000977
losses_test/total:	3.152000904083252
calibration_test/ece:	0.06236572563648224
calibration_test/brier:	0.4506308138370514
accuracy_test/task:	67.82
accuracy_test/concepts:	84.19639587402344
map_test/concepts:	0.8123064418323338

Epoch 36
losses_train/task:	0.7032679319381714
losses_train/concepts:	20.619585037231445
losses_train/total:	2.7652273178100586
losses_test/task:	0.9963607788085938
losses_test/concepts:	21.569313049316406
losses_test/total:	3.153292417526245
calibration_test/ece:	0.07135238498449326
calibration_test/brier:	0.4497992694377899
accuracy_test/task:	67.65
accuracy_test/concepts:	84.20702362060547
map_test/concepts:	0.8127369254943915

Epoch 37
losses_train/task:	0.695263683795929
losses_train/concepts:	20.564041137695312
losses_train/total:	2.7516677379608154
losses_test/task:	1.0053187608718872
losses_test/concepts:	21.574556350708008
losses_test/total:	3.1627745628356934
calibration_test/ece:	0.07183991372585297
calibration_test/brier:	0.4522714912891388
accuracy_test/task:	67.35
accuracy_test/concepts:	84.18359375
map_test/concepts:	0.8126185464207083

Epoch 38
losses_train/task:	0.68792325258255
losses_train/concepts:	20.5233097076416
losses_train/total:	2.740253448486328
losses_test/task:	1.0029739141464233
losses_test/concepts:	21.587596893310547
losses_test/total:	3.161733627319336
calibration_test/ece:	0.07508786022663116
calibration_test/brier:	0.4511421322822571
accuracy_test/task:	67.56
accuracy_test/concepts:	84.17858123779297
map_test/concepts:	0.8124763602390885

Epoch 39
losses_train/task:	0.6772968173027039
losses_train/concepts:	20.473909378051758
losses_train/total:	2.7246861457824707
losses_test/task:	0.9925444722175598
losses_test/concepts:	21.594505310058594
losses_test/total:	3.1519956588745117
calibration_test/ece:	0.07028000056743622
calibration_test/brier:	0.44505763053894043
accuracy_test/task:	68.12
accuracy_test/concepts:	84.18141174316406
map_test/concepts:	0.8126430580159649

Epoch 40
losses_train/task:	0.6644942760467529
losses_train/concepts:	20.43818473815918
losses_train/total:	2.708312511444092
losses_test/task:	0.9920433163642883
losses_test/concepts:	21.556903839111328
losses_test/total:	3.147733449935913
calibration_test/ece:	0.07073560357093811
calibration_test/brier:	0.445388525724411
accuracy_test/task:	68.28
accuracy_test/concepts:	84.23906707763672
map_test/concepts:	0.8128815112868324

Epoch 41
losses_train/task:	0.65520179271698
losses_train/concepts:	20.40562629699707
losses_train/total:	2.695765495300293
losses_test/task:	1.003424882888794
losses_test/concepts:	21.62430763244629
losses_test/total:	3.16585636138916
calibration_test/ece:	0.0788077712059021
calibration_test/brier:	0.44881030917167664
accuracy_test/task:	68.16
accuracy_test/concepts:	84.19203186035156
map_test/concepts:	0.8127675864379853

Epoch 42
losses_train/task:	0.6419823169708252
losses_train/concepts:	20.3765926361084
losses_train/total:	2.679640531539917
losses_test/task:	1.0188404321670532
losses_test/concepts:	21.625932693481445
losses_test/total:	3.181434154510498
calibration_test/ece:	0.08417031168937683
calibration_test/brier:	0.45285284519195557
accuracy_test/task:	68.15
accuracy_test/concepts:	84.18170928955078
map_test/concepts:	0.8129345235647634

Epoch 43
losses_train/task:	0.6321019530296326
losses_train/concepts:	20.318744659423828
losses_train/total:	2.663978099822998
losses_test/task:	1.0180481672286987
losses_test/concepts:	21.640213012695312
losses_test/total:	3.182069778442383
calibration_test/ece:	0.08584623038768768
calibration_test/brier:	0.45232948660850525
accuracy_test/task:	68.22
accuracy_test/concepts:	84.17437744140625
map_test/concepts:	0.8132615082431585

Epoch 44
losses_train/task:	0.6212918758392334
losses_train/concepts:	20.292879104614258
losses_train/total:	2.650578260421753
losses_test/task:	1.0218299627304077
losses_test/concepts:	21.627050399780273
losses_test/total:	3.184535503387451
calibration_test/ece:	0.08946337550878525
calibration_test/brier:	0.4531067907810211
accuracy_test/task:	68.2
accuracy_test/concepts:	84.19061279296875
map_test/concepts:	0.813310066703707

Epoch 45
losses_train/task:	0.6125962734222412
losses_train/concepts:	20.246660232543945
losses_train/total:	2.6372628211975098
losses_test/task:	1.0220322608947754
losses_test/concepts:	21.63872528076172
losses_test/total:	3.1859047412872314
calibration_test/ece:	0.08783850818872452
calibration_test/brier:	0.45120057463645935
accuracy_test/task:	68.48
accuracy_test/concepts:	84.15265655517578
map_test/concepts:	0.8131465942133218

Epoch 46
losses_train/task:	0.6032430529594421
losses_train/concepts:	20.21249008178711
losses_train/total:	2.6244916915893555
losses_test/task:	1.0484505891799927
losses_test/concepts:	21.67242431640625
losses_test/total:	3.215693235397339
calibration_test/ece:	0.09683222323656082
calibration_test/brier:	0.46166977286338806
accuracy_test/task:	67.64
accuracy_test/concepts:	84.1323471069336
map_test/concepts:	0.8129954598261975

Epoch 47
losses_train/task:	0.589392364025116
losses_train/concepts:	20.173023223876953
losses_train/total:	2.606694221496582
losses_test/task:	1.0434441566467285
losses_test/concepts:	21.710386276245117
losses_test/total:	3.214481830596924
calibration_test/ece:	0.09729701280593872
calibration_test/brier:	0.4572943449020386
accuracy_test/task:	67.97
accuracy_test/concepts:	84.09750366210938
map_test/concepts:	0.8128002820303664

Epoch 48
losses_train/task:	0.5835676789283752
losses_train/concepts:	20.139455795288086
losses_train/total:	2.5975146293640137
losses_test/task:	1.0341877937316895
losses_test/concepts:	21.63038444519043
losses_test/total:	3.197226047515869
calibration_test/ece:	0.09270230680704117
calibration_test/brier:	0.44999176263809204
accuracy_test/task:	68.32
accuracy_test/concepts:	84.19235229492188
map_test/concepts:	0.8136477045482025

Epoch 49
losses_train/task:	0.5667203664779663
losses_train/concepts:	20.09192657470703
losses_train/total:	2.575913190841675
losses_test/task:	1.037139892578125
losses_test/concepts:	21.712081909179688
losses_test/total:	3.208347797393799
calibration_test/ece:	0.0952349528670311
calibration_test/brier:	0.4529646039009094
accuracy_test/task:	68.38
accuracy_test/concepts:	84.11296081542969
map_test/concepts:	0.8130688912933692

Epoch 50
losses_train/task:	0.5673595666885376
losses_train/concepts:	20.049509048461914
losses_train/total:	2.5723111629486084
losses_test/task:	1.0560332536697388
losses_test/concepts:	21.714256286621094
losses_test/total:	3.2274587154388428
calibration_test/ece:	0.10097777843475342
calibration_test/brier:	0.45814022421836853
accuracy_test/task:	68.07
accuracy_test/concepts:	84.1137466430664
map_test/concepts:	0.813142511062324

Epoch 51
losses_train/task:	0.5536585450172424
losses_train/concepts:	20.029300689697266
losses_train/total:	2.5565876960754395
losses_test/task:	1.0318180322647095
losses_test/concepts:	21.697378158569336
losses_test/total:	3.2015554904937744
calibration_test/ece:	0.09852632880210876
calibration_test/brier:	0.4464051127433777
accuracy_test/task:	68.77
accuracy_test/concepts:	84.10843658447266
map_test/concepts:	0.8136643444886431

Epoch 52
losses_train/task:	0.5441336631774902
losses_train/concepts:	19.993196487426758
losses_train/total:	2.543452739715576
losses_test/task:	1.065943717956543
losses_test/concepts:	21.681509017944336
losses_test/total:	3.2340948581695557
calibration_test/ece:	0.1018892228603363
calibration_test/brier:	0.45767948031425476
accuracy_test/task:	68.31
accuracy_test/concepts:	84.17655181884766
map_test/concepts:	0.8136165619362146

Epoch 53
losses_train/task:	0.5383507013320923
losses_train/concepts:	19.94912338256836
losses_train/total:	2.5332629680633545
losses_test/task:	1.0425689220428467
losses_test/concepts:	21.723493576049805
losses_test/total:	3.2149176597595215
calibration_test/ece:	0.11199194192886353
calibration_test/brier:	0.4534372091293335
accuracy_test/task:	67.95
accuracy_test/concepts:	84.12873840332031
map_test/concepts:	0.8131450801738538

Epoch 54
losses_train/task:	0.5266242027282715
losses_train/concepts:	19.930194854736328
losses_train/total:	2.5196452140808105
losses_test/task:	1.042382001876831
losses_test/concepts:	21.735105514526367
losses_test/total:	3.2158925533294678
calibration_test/ece:	0.10799065232276917
calibration_test/brier:	0.4533292353153229
accuracy_test/task:	68.47
accuracy_test/concepts:	84.12841033935547
map_test/concepts:	0.8132568828295916

Epoch 55
losses_train/task:	0.525977611541748
losses_train/concepts:	19.86769676208496
losses_train/total:	2.5127460956573486
losses_test/task:	1.051195740699768
losses_test/concepts:	21.722745895385742
losses_test/total:	3.22347092628479
calibration_test/ece:	0.11379776149988174
calibration_test/brier:	0.4557502865791321
accuracy_test/task:	67.99
accuracy_test/concepts:	84.1310806274414
map_test/concepts:	0.8132435848820023

Epoch 56
losses_train/task:	0.5163493752479553
losses_train/concepts:	19.847312927246094
losses_train/total:	2.501079559326172
losses_test/task:	1.045097827911377
losses_test/concepts:	21.70168113708496
losses_test/total:	3.2152657508850098
calibration_test/ece:	0.11266389489173889
calibration_test/brier:	0.4522514045238495
accuracy_test/task:	68.46
accuracy_test/concepts:	84.13937377929688
map_test/concepts:	0.8135364676709287

Epoch 57
losses_train/task:	0.504856288433075
losses_train/concepts:	19.808574676513672
losses_train/total:	2.4857146739959717
losses_test/task:	1.0438872575759888
losses_test/concepts:	21.752901077270508
losses_test/total:	3.219177722930908
calibration_test/ece:	0.11103585362434387
calibration_test/brier:	0.45024165511131287
accuracy_test/task:	68.72
accuracy_test/concepts:	84.1217041015625
map_test/concepts:	0.8136253461125307

Epoch 58
losses_train/task:	0.4998548626899719
losses_train/concepts:	19.77605438232422
losses_train/total:	2.4774606227874756
losses_test/task:	1.068128228187561
losses_test/concepts:	21.69797706604004
losses_test/total:	3.237927198410034
calibration_test/ece:	0.11660274863243103
calibration_test/brier:	0.4610837996006012
accuracy_test/task:	67.86
accuracy_test/concepts:	84.14983367919922
map_test/concepts:	0.8130997836124152

Epoch 59
losses_train/task:	0.4904320538043976
losses_train/concepts:	19.74396324157715
losses_train/total:	2.464829206466675
losses_test/task:	1.0577747821807861
losses_test/concepts:	21.721500396728516
losses_test/total:	3.2299256324768066
calibration_test/ece:	0.11501254141330719
calibration_test/brier:	0.45326074957847595
accuracy_test/task:	68.49
accuracy_test/concepts:	84.14795684814453
map_test/concepts:	0.8137538008159027

Epoch 60
losses_train/task:	0.48282113671302795
losses_train/concepts:	19.702993392944336
losses_train/total:	2.4531214237213135
losses_test/task:	1.0675044059753418
losses_test/concepts:	21.726308822631836
losses_test/total:	3.2401351928710938
calibration_test/ece:	0.11515187472105026
calibration_test/brier:	0.4578250050544739
accuracy_test/task:	68.42
accuracy_test/concepts:	84.17485809326172
map_test/concepts:	0.8133777703624219

Epoch 61
losses_train/task:	0.47786206007003784
losses_train/concepts:	19.669681549072266
losses_train/total:	2.4448301792144775
losses_test/task:	1.0678445100784302
losses_test/concepts:	21.802383422851562
losses_test/total:	3.2480828762054443
calibration_test/ece:	0.1210307851433754
calibration_test/brier:	0.45569854974746704
accuracy_test/task:	68.64
accuracy_test/concepts:	84.07469177246094
map_test/concepts:	0.813394938071724

Epoch 62
losses_train/task:	0.4722374379634857
losses_train/concepts:	19.650066375732422
losses_train/total:	2.437244415283203
losses_test/task:	1.0784655809402466
losses_test/concepts:	21.75927734375
losses_test/total:	3.2543938159942627
calibration_test/ece:	0.12222602218389511
calibration_test/brier:	0.4580605924129486
accuracy_test/task:	68.19
accuracy_test/concepts:	84.12702941894531
map_test/concepts:	0.8134503487963229

Epoch 63
losses_train/task:	0.4664468765258789
losses_train/concepts:	19.5967960357666
losses_train/total:	2.4261271953582764
losses_test/task:	1.0744980573654175
losses_test/concepts:	21.826303482055664
losses_test/total:	3.257129192352295
calibration_test/ece:	0.12356667220592499
calibration_test/brier:	0.4599848985671997
accuracy_test/task:	68.42
accuracy_test/concepts:	84.09968566894531
map_test/concepts:	0.8131928847869858

Epoch 64
losses_train/task:	0.45871689915657043
losses_train/concepts:	19.553279876708984
losses_train/total:	2.4140450954437256
losses_test/task:	1.0695769786834717
losses_test/concepts:	21.783885955810547
losses_test/total:	3.2479653358459473
calibration_test/ece:	0.12542445957660675
calibration_test/brier:	0.45822080969810486
accuracy_test/task:	68.31
accuracy_test/concepts:	84.1273422241211
map_test/concepts:	0.8131239289650694

Epoch 65
losses_train/task:	0.4507542550563812
losses_train/concepts:	19.534971237182617
losses_train/total:	2.404252290725708
losses_test/task:	1.0820491313934326
losses_test/concepts:	21.845075607299805
losses_test/total:	3.266556739807129
calibration_test/ece:	0.12410861253738403
calibration_test/brier:	0.4582996070384979
accuracy_test/task:	68.6
accuracy_test/concepts:	84.08873748779297
map_test/concepts:	0.8130232713883743

Epoch 66
losses_train/task:	0.4546424150466919
losses_train/concepts:	19.501190185546875
losses_train/total:	2.404761552810669
losses_test/task:	1.0759717226028442
losses_test/concepts:	21.849990844726562
losses_test/total:	3.260970115661621
calibration_test/ece:	0.1250130832195282
calibration_test/brier:	0.456798255443573
accuracy_test/task:	68.71
accuracy_test/concepts:	84.10843658447266
map_test/concepts:	0.8134111949475482

Epoch 67
losses_train/task:	0.43720993399620056
losses_train/concepts:	19.464487075805664
losses_train/total:	2.3836588859558105
losses_test/task:	1.0887541770935059
losses_test/concepts:	21.906705856323242
losses_test/total:	3.2794244289398193
calibration_test/ece:	0.12659597396850586
calibration_test/brier:	0.45927342772483826
accuracy_test/task:	68.71
accuracy_test/concepts:	84.02391052246094
map_test/concepts:	0.8127657563309185

Epoch 68
losses_train/task:	0.43737736344337463
losses_train/concepts:	19.437692642211914
losses_train/total:	2.381146192550659
losses_test/task:	1.084850549697876
losses_test/concepts:	21.879179000854492
losses_test/total:	3.272768974304199
calibration_test/ece:	0.12467792630195618
calibration_test/brier:	0.45453378558158875
accuracy_test/task:	69.32
accuracy_test/concepts:	84.111083984375
map_test/concepts:	0.8131459163851105

Epoch 69
losses_train/task:	0.4315187335014343
losses_train/concepts:	19.42071533203125
losses_train/total:	2.373591661453247
losses_test/task:	1.0784894227981567
losses_test/concepts:	21.855100631713867
losses_test/total:	3.2639994621276855
calibration_test/ece:	0.1289864033460617
calibration_test/brier:	0.45822012424468994
accuracy_test/task:	68.97
accuracy_test/concepts:	84.10687255859375
map_test/concepts:	0.8139459161320701

Epoch 70
losses_train/task:	0.42513129115104675
losses_train/concepts:	19.381813049316406
losses_train/total:	2.3633134365081787
losses_test/task:	1.0968692302703857
losses_test/concepts:	21.876691818237305
losses_test/total:	3.2845382690429688
calibration_test/ece:	0.12872859835624695
calibration_test/brier:	0.4575514793395996
accuracy_test/task:	68.85
accuracy_test/concepts:	84.115478515625
map_test/concepts:	0.8127613300457597

Epoch 71
losses_train/task:	0.41980499029159546
losses_train/concepts:	19.35908317565918
losses_train/total:	2.3557140827178955
losses_test/task:	1.1039060354232788
losses_test/concepts:	21.880123138427734
losses_test/total:	3.291919231414795
calibration_test/ece:	0.13374458253383636
calibration_test/brier:	0.46582186222076416
accuracy_test/task:	68.15
accuracy_test/concepts:	84.13626098632812
map_test/concepts:	0.8139172980445437

Epoch 72
losses_train/task:	0.41076114773750305
losses_train/concepts:	19.31673812866211
losses_train/total:	2.342435359954834
losses_test/task:	1.107905387878418
losses_test/concepts:	21.888519287109375
losses_test/total:	3.296757221221924
calibration_test/ece:	0.13407117128372192
calibration_test/brier:	0.45928066968917847
accuracy_test/task:	69.0
accuracy_test/concepts:	84.05906677246094
map_test/concepts:	0.8134807782480493

Epoch 73
losses_train/task:	0.41188549995422363
losses_train/concepts:	19.291946411132812
losses_train/total:	2.3410804271698
losses_test/task:	1.1029878854751587
losses_test/concepts:	21.914653778076172
losses_test/total:	3.2944533824920654
calibration_test/ece:	0.13512179255485535
calibration_test/brier:	0.4628141522407532
accuracy_test/task:	68.85
accuracy_test/concepts:	84.07327270507812
map_test/concepts:	0.8126847394742072

Epoch 74
losses_train/task:	0.4022024869918823
losses_train/concepts:	19.258216857910156
losses_train/total:	2.328023672103882
losses_test/task:	1.1149613857269287
losses_test/concepts:	21.907608032226562
losses_test/total:	3.3057219982147217
calibration_test/ece:	0.13898736238479614
calibration_test/brier:	0.46718505024909973
accuracy_test/task:	68.24
accuracy_test/concepts:	84.11186981201172
map_test/concepts:	0.8129667362663895

Epoch 75
losses_train/task:	0.4014059603214264
losses_train/concepts:	19.22231674194336
losses_train/total:	2.323636531829834
losses_test/task:	1.1128536462783813
losses_test/concepts:	21.91569709777832
losses_test/total:	3.3044233322143555
calibration_test/ece:	0.1347143054008484
calibration_test/brier:	0.4650772511959076
accuracy_test/task:	68.98
accuracy_test/concepts:	84.02218627929688
map_test/concepts:	0.8132630854379386

Epoch 76
losses_train/task:	0.3954307734966278
losses_train/concepts:	19.184066772460938
losses_train/total:	2.313837766647339
losses_test/task:	1.1432781219482422
losses_test/concepts:	22.038372039794922
losses_test/total:	3.3471148014068604
calibration_test/ece:	0.1372060775756836
calibration_test/brier:	0.4682242274284363
accuracy_test/task:	68.84
accuracy_test/concepts:	83.98185729980469
map_test/concepts:	0.812795887584798

Epoch 77
losses_train/task:	0.3917456269264221
losses_train/concepts:	19.177227020263672
losses_train/total:	2.30946946144104
losses_test/task:	1.1405532360076904
losses_test/concepts:	22.051881790161133
losses_test/total:	3.345740795135498
calibration_test/ece:	0.140829399228096
calibration_test/brier:	0.4713018536567688
accuracy_test/task:	68.36
accuracy_test/concepts:	84.03282165527344
map_test/concepts:	0.8134973414707929

Epoch 78
losses_train/task:	0.3879204988479614
losses_train/concepts:	19.130945205688477
losses_train/total:	2.3010153770446777
losses_test/task:	1.1530793905258179
losses_test/concepts:	22.01897621154785
losses_test/total:	3.3549773693084717
calibration_test/ece:	0.14374445378780365
calibration_test/brier:	0.47133564949035645
accuracy_test/task:	68.56
accuracy_test/concepts:	83.9937515258789
map_test/concepts:	0.8122738427482545

Epoch 79
losses_train/task:	0.38390523195266724
losses_train/concepts:	19.12489128112793
losses_train/total:	2.2963945865631104
losses_test/task:	1.1331965923309326
losses_test/concepts:	21.99237632751465
losses_test/total:	3.3324334621429443
calibration_test/ece:	0.14512915909290314
calibration_test/brier:	0.4658378064632416
accuracy_test/task:	68.42
accuracy_test/concepts:	84.07029724121094
map_test/concepts:	0.8128991428529844

Epoch 80
losses_train/task:	0.3845897614955902
losses_train/concepts:	19.079744338989258
losses_train/total:	2.2925643920898438
losses_test/task:	1.1421380043029785
losses_test/concepts:	22.036603927612305
losses_test/total:	3.3457977771759033
calibration_test/ece:	0.14146676659584045
calibration_test/brier:	0.46724623441696167
accuracy_test/task:	68.74
accuracy_test/concepts:	84.04592895507812
map_test/concepts:	0.8129179241368547

Epoch 81
losses_train/task:	0.35718995332717896
losses_train/concepts:	18.905534744262695
losses_train/total:	2.2477426528930664
losses_test/task:	1.11652672290802
losses_test/concepts:	21.88594627380371
losses_test/total:	3.3051207065582275
calibration_test/ece:	0.1360594630241394
calibration_test/brier:	0.45840054750442505
accuracy_test/task:	69.52
accuracy_test/concepts:	84.15984344482422
map_test/concepts:	0.8144661824917421

Epoch 82
losses_train/task:	0.3437243700027466
losses_train/concepts:	18.837005615234375
losses_train/total:	2.227426052093506
losses_test/task:	1.103991150856018
losses_test/concepts:	21.884063720703125
losses_test/total:	3.29239821434021
calibration_test/ece:	0.1346021592617035
calibration_test/brier:	0.4527433514595032
accuracy_test/task:	69.63
accuracy_test/concepts:	84.17375183105469
map_test/concepts:	0.8145577526884153

Epoch 83
losses_train/task:	0.33973613381385803
losses_train/concepts:	18.838146209716797
losses_train/total:	2.2235498428344727
losses_test/task:	1.106024980545044
losses_test/concepts:	21.886253356933594
losses_test/total:	3.294650077819824
calibration_test/ece:	0.13329896330833435
calibration_test/brier:	0.4535265564918518
accuracy_test/task:	69.89
accuracy_test/concepts:	84.15827941894531
map_test/concepts:	0.8144738464034162

Epoch 84
losses_train/task:	0.34053874015808105
losses_train/concepts:	18.809341430664062
losses_train/total:	2.221472978591919
losses_test/task:	1.1065326929092407
losses_test/concepts:	21.890514373779297
losses_test/total:	3.2955830097198486
calibration_test/ece:	0.13266509771347046
calibration_test/brier:	0.4524688422679901
accuracy_test/task:	69.92
accuracy_test/concepts:	84.16622924804688
map_test/concepts:	0.8145520272082649

Epoch 85
losses_train/task:	0.33194366097450256
losses_train/concepts:	18.79585075378418
losses_train/total:	2.211528778076172
losses_test/task:	1.111924648284912
losses_test/concepts:	21.88770294189453
losses_test/total:	3.300693988800049
calibration_test/ece:	0.13476760685443878
calibration_test/brier:	0.45380717515945435
accuracy_test/task:	69.82
accuracy_test/concepts:	84.15093231201172
map_test/concepts:	0.8145336077432148

Epoch 86
losses_train/task:	0.33108583092689514
losses_train/concepts:	18.78510093688965
losses_train/total:	2.2095954418182373
losses_test/task:	1.113222599029541
losses_test/concepts:	21.896957397460938
losses_test/total:	3.302917957305908
calibration_test/ece:	0.13607634603977203
calibration_test/brier:	0.45676034688949585
accuracy_test/task:	69.54
accuracy_test/concepts:	84.16999053955078
map_test/concepts:	0.8146790058235638

Epoch 87
losses_train/task:	0.33319535851478577
losses_train/concepts:	18.778175354003906
losses_train/total:	2.2110142707824707
losses_test/task:	1.1096000671386719
losses_test/concepts:	21.876216888427734
losses_test/total:	3.297222375869751
calibration_test/ece:	0.13659340143203735
calibration_test/brier:	0.4552183449268341
accuracy_test/task:	69.67
accuracy_test/concepts:	84.169677734375
map_test/concepts:	0.8146341392421164

Epoch 88
losses_train/task:	0.3307828903198242
losses_train/concepts:	18.76865005493164
losses_train/total:	2.2076470851898193
losses_test/task:	1.1163941621780396
losses_test/concepts:	21.8964900970459
losses_test/total:	3.306041955947876
calibration_test/ece:	0.13677804172039032
calibration_test/brier:	0.45652177929878235
accuracy_test/task:	69.68
accuracy_test/concepts:	84.1770248413086
map_test/concepts:	0.8146740679512732

Epoch 89
losses_train/task:	0.33094826340675354
losses_train/concepts:	18.769012451171875
losses_train/total:	2.207850217819214
losses_test/task:	1.1156264543533325
losses_test/concepts:	21.906538009643555
losses_test/total:	3.306279182434082
calibration_test/ece:	0.13432908058166504
calibration_test/brier:	0.45320919156074524
accuracy_test/task:	69.9
accuracy_test/concepts:	84.17593383789062
map_test/concepts:	0.8147648086305708

Epoch 90
losses_train/task:	0.3291694223880768
losses_train/concepts:	18.74833869934082
losses_train/total:	2.2040023803710938
losses_test/task:	1.1140528917312622
losses_test/concepts:	21.9022274017334
losses_test/total:	3.3042755126953125
calibration_test/ece:	0.13872694969177246
calibration_test/brier:	0.456148236989975
accuracy_test/task:	69.53
accuracy_test/concepts:	84.18092346191406
map_test/concepts:	0.8146750484593213

Epoch 91
losses_train/task:	0.32673320174217224
losses_train/concepts:	18.755416870117188
losses_train/total:	2.2022740840911865
losses_test/task:	1.113210916519165
losses_test/concepts:	21.895273208618164
losses_test/total:	3.3027384281158447
calibration_test/ece:	0.13653682172298431
calibration_test/brier:	0.45439550280570984
accuracy_test/task:	69.7
accuracy_test/concepts:	84.17295837402344
map_test/concepts:	0.8146102312020957

Epoch 92
losses_train/task:	0.3223513662815094
losses_train/concepts:	18.722166061401367
losses_train/total:	2.1945669651031494
losses_test/task:	1.1115199327468872
losses_test/concepts:	21.896888732910156
losses_test/total:	3.301208972930908
calibration_test/ece:	0.13809804618358612
calibration_test/brier:	0.45410487055778503
accuracy_test/task:	69.73
accuracy_test/concepts:	84.17545318603516
map_test/concepts:	0.8145560870179906

Epoch 93
losses_train/task:	0.3180129826068878
losses_train/concepts:	18.709135055541992
losses_train/total:	2.1889262199401855
losses_test/task:	1.1153188943862915
losses_test/concepts:	21.907270431518555
losses_test/total:	3.3060462474823
calibration_test/ece:	0.1385444700717926
calibration_test/brier:	0.45515820384025574
accuracy_test/task:	69.64
accuracy_test/concepts:	84.17625427246094
map_test/concepts:	0.8145524610299617

Epoch 94
losses_train/task:	0.3217560648918152
losses_train/concepts:	18.72022819519043
losses_train/total:	2.1937782764434814
losses_test/task:	1.1192539930343628
losses_test/concepts:	21.913795471191406
losses_test/total:	3.310633897781372
calibration_test/ece:	0.13894104957580566
calibration_test/brier:	0.45428594946861267
accuracy_test/task:	69.69
accuracy_test/concepts:	84.16703796386719
map_test/concepts:	0.8145596538088284

Epoch 95
losses_train/task:	0.3207675814628601
losses_train/concepts:	18.707393646240234
losses_train/total:	2.1915078163146973
losses_test/task:	1.1207340955734253
losses_test/concepts:	21.904399871826172
losses_test/total:	3.311173439025879
calibration_test/ece:	0.1385650932788849
calibration_test/brier:	0.45588839054107666
accuracy_test/task:	69.73
accuracy_test/concepts:	84.17232513427734
map_test/concepts:	0.8145532518974505

Epoch 96
losses_train/task:	0.31828856468200684
losses_train/concepts:	18.70703887939453
losses_train/total:	2.1889917850494385
losses_test/task:	1.1198774576187134
losses_test/concepts:	21.905282974243164
losses_test/total:	3.310405969619751
calibration_test/ece:	0.13889862596988678
calibration_test/brier:	0.4543815851211548
accuracy_test/task:	69.82
accuracy_test/concepts:	84.17327117919922
map_test/concepts:	0.8146105676423758

Epoch 97
losses_train/task:	0.3188588619232178
losses_train/concepts:	18.696693420410156
losses_train/total:	2.188528537750244
losses_test/task:	1.1210530996322632
losses_test/concepts:	21.916656494140625
losses_test/total:	3.312718391418457
calibration_test/ece:	0.14157463610172272
calibration_test/brier:	0.45615580677986145
accuracy_test/task:	69.61
accuracy_test/concepts:	84.16203308105469
map_test/concepts:	0.81466492038453

Epoch 98
losses_train/task:	0.314694344997406
losses_train/concepts:	18.695972442626953
losses_train/total:	2.1842925548553467
losses_test/task:	1.1237328052520752
losses_test/concepts:	21.921743392944336
losses_test/total:	3.3159072399139404
calibration_test/ece:	0.1410682499408722
calibration_test/brier:	0.45450645685195923
accuracy_test/task:	69.56
accuracy_test/concepts:	84.1759262084961
map_test/concepts:	0.8146640487248078

Epoch 99
losses_train/task:	0.312526136636734
losses_train/concepts:	18.689401626586914
losses_train/total:	2.1814677715301514
losses_test/task:	1.125084638595581
losses_test/concepts:	21.927385330200195
losses_test/total:	3.3178229331970215
calibration_test/ece:	0.14122818410396576
calibration_test/brier:	0.45583057403564453
accuracy_test/task:	69.53
accuracy_test/concepts:	84.18280029296875
map_test/concepts:	0.814730933518149

Epoch 100
losses_train/task:	0.31207892298698425
losses_train/concepts:	18.644887924194336
losses_train/total:	2.1765682697296143
losses_test/task:	1.1250728368759155
losses_test/concepts:	21.935100555419922
losses_test/total:	3.3185830116271973
calibration_test/ece:	0.14229032397270203
calibration_test/brier:	0.4541112184524536
accuracy_test/task:	69.6
accuracy_test/concepts:	84.17108917236328
map_test/concepts:	0.8145702793262899

Epoch 101
losses_train/task:	0.3137357234954834
losses_train/concepts:	18.662696838378906
losses_train/total:	2.1800057888031006
losses_test/task:	1.1260111331939697
losses_test/concepts:	21.927766799926758
losses_test/total:	3.3187882900238037
calibration_test/ece:	0.1427851766347885
calibration_test/brier:	0.45511355996131897
accuracy_test/task:	69.64
accuracy_test/concepts:	84.16968536376953
map_test/concepts:	0.8146630722330883

Epoch 102
losses_train/task:	0.3093937933444977
losses_train/concepts:	18.658817291259766
losses_train/total:	2.1752753257751465
losses_test/task:	1.13215970993042
losses_test/concepts:	21.92643928527832
losses_test/total:	3.324803352355957
calibration_test/ece:	0.14092957973480225
calibration_test/brier:	0.45514824986457825
accuracy_test/task:	69.7
accuracy_test/concepts:	84.17030334472656
map_test/concepts:	0.8147013208363205

Epoch 103
losses_train/task:	0.3097265064716339
losses_train/concepts:	18.661401748657227
losses_train/total:	2.175868272781372
losses_test/task:	1.1362671852111816
losses_test/concepts:	21.933799743652344
losses_test/total:	3.3296470642089844
calibration_test/ece:	0.14355908334255219
calibration_test/brier:	0.4571572244167328
accuracy_test/task:	69.46
accuracy_test/concepts:	84.17545318603516
map_test/concepts:	0.8145968089811504

Epoch 104
losses_train/task:	0.3067665100097656
losses_train/concepts:	18.650588989257812
losses_train/total:	2.1718249320983887
losses_test/task:	1.1246634721755981
losses_test/concepts:	21.939672470092773
losses_test/total:	3.318631410598755
calibration_test/ece:	0.14247500896453857
calibration_test/brier:	0.4545731842517853
accuracy_test/task:	69.61
accuracy_test/concepts:	84.17733764648438
map_test/concepts:	0.8145388460834511

Epoch 105
losses_train/task:	0.30764326453208923
losses_train/concepts:	18.647748947143555
losses_train/total:	2.1724207401275635
losses_test/task:	1.1380653381347656
losses_test/concepts:	21.93648338317871
losses_test/total:	3.3317129611968994
calibration_test/ece:	0.14315645396709442
calibration_test/brier:	0.4574756920337677
accuracy_test/task:	69.54
accuracy_test/concepts:	84.1698226928711
map_test/concepts:	0.8145704569178633

Epoch 106
losses_train/task:	0.3030872046947479
losses_train/concepts:	18.621870040893555
losses_train/total:	2.1652743816375732
losses_test/task:	1.1302257776260376
losses_test/concepts:	21.948884963989258
losses_test/total:	3.325115442276001
calibration_test/ece:	0.14148364961147308
calibration_test/brier:	0.4554855525493622
accuracy_test/task:	69.66
accuracy_test/concepts:	84.16497802734375
map_test/concepts:	0.8146322914981283

Epoch 107
losses_train/task:	0.3083833158016205
losses_train/concepts:	18.641386032104492
losses_train/total:	2.172520637512207
losses_test/task:	1.1378803253173828
losses_test/concepts:	21.947969436645508
losses_test/total:	3.3326783180236816
calibration_test/ece:	0.1451273262500763
calibration_test/brier:	0.45793506503105164
accuracy_test/task:	69.61
accuracy_test/concepts:	84.16577911376953
map_test/concepts:	0.8146033176453784

Epoch 108
losses_train/task:	0.3029794991016388
losses_train/concepts:	18.615310668945312
losses_train/total:	2.164510488510132
losses_test/task:	1.1368545293807983
losses_test/concepts:	21.95258140563965
losses_test/total:	3.332113265991211
calibration_test/ece:	0.14311346411705017
calibration_test/brier:	0.4558522403240204
accuracy_test/task:	69.72
accuracy_test/concepts:	84.14796447753906
map_test/concepts:	0.81446945812786

Epoch 109
losses_train/task:	0.3034396469593048
losses_train/concepts:	18.61325454711914
losses_train/total:	2.1647658348083496
losses_test/task:	1.1372129917144775
losses_test/concepts:	21.96456527709961
losses_test/total:	3.333669662475586
calibration_test/ece:	0.14739805459976196
calibration_test/brier:	0.4583432674407959
accuracy_test/task:	69.39
accuracy_test/concepts:	84.15795135498047
map_test/concepts:	0.8145281957695261

Epoch 110
losses_train/task:	0.30025652050971985
losses_train/concepts:	18.60128402709961
losses_train/total:	2.1603844165802
losses_test/task:	1.1380589008331299
losses_test/concepts:	21.968381881713867
losses_test/total:	3.334897756576538
calibration_test/ece:	0.14585919678211212
calibration_test/brier:	0.4580360949039459
accuracy_test/task:	69.49
accuracy_test/concepts:	84.16312408447266
map_test/concepts:	0.8144446607329883

Epoch 111
losses_train/task:	0.3011842370033264
losses_train/concepts:	18.584808349609375
losses_train/total:	2.1596646308898926
losses_test/task:	1.1400796175003052
losses_test/concepts:	21.98682403564453
losses_test/total:	3.3387625217437744
calibration_test/ece:	0.14836391806602478
calibration_test/brier:	0.45965757966041565
accuracy_test/task:	69.3
accuracy_test/concepts:	84.14513397216797
map_test/concepts:	0.8144439338357188

Epoch 112
losses_train/task:	0.30452629923820496
losses_train/concepts:	18.606996536254883
losses_train/total:	2.1652252674102783
losses_test/task:	1.134157419204712
losses_test/concepts:	21.957935333251953
losses_test/total:	3.3299503326416016
calibration_test/ece:	0.1454068124294281
calibration_test/brier:	0.455594539642334
accuracy_test/task:	69.66
accuracy_test/concepts:	84.17154693603516
map_test/concepts:	0.8146566960494965

Epoch 113
losses_train/task:	0.2994885742664337
losses_train/concepts:	18.59014320373535
losses_train/total:	2.1585030555725098
losses_test/task:	1.1409685611724854
losses_test/concepts:	21.942659378051758
losses_test/total:	3.3352344036102295
calibration_test/ece:	0.1450466513633728
calibration_test/brier:	0.4579780399799347
accuracy_test/task:	69.69
accuracy_test/concepts:	84.173583984375
map_test/concepts:	0.8143390991608612

Epoch 114
losses_train/task:	0.299374520778656
losses_train/concepts:	18.57832145690918
losses_train/total:	2.1572065353393555
losses_test/task:	1.143771767616272
losses_test/concepts:	21.97241973876953
losses_test/total:	3.341013193130493
calibration_test/ece:	0.14659416675567627
calibration_test/brier:	0.45918941497802734
accuracy_test/task:	69.58
accuracy_test/concepts:	84.16719055175781
map_test/concepts:	0.8144728912157007

Epoch 115
losses_train/task:	0.2969855070114136
losses_train/concepts:	18.585857391357422
losses_train/total:	2.155571222305298
losses_test/task:	1.1409448385238647
losses_test/concepts:	21.97675132751465
losses_test/total:	3.3386199474334717
calibration_test/ece:	0.14397381246089935
calibration_test/brier:	0.45693501830101013
accuracy_test/task:	69.83
accuracy_test/concepts:	84.16060638427734
map_test/concepts:	0.814470432815142

Epoch 116
losses_train/task:	0.29605114459991455
losses_train/concepts:	18.584104537963867
losses_train/total:	2.1544618606567383
losses_test/task:	1.1496822834014893
losses_test/concepts:	21.98735809326172
losses_test/total:	3.3484184741973877
calibration_test/ece:	0.14950981736183167
calibration_test/brier:	0.4609569311141968
accuracy_test/task:	69.29
accuracy_test/concepts:	84.13591003417969
map_test/concepts:	0.8144197968649678

Epoch 117
losses_train/task:	0.2957363724708557
losses_train/concepts:	18.56693458557129
losses_train/total:	2.1524300575256348
losses_test/task:	1.1520628929138184
losses_test/concepts:	21.981929779052734
losses_test/total:	3.350255012512207
calibration_test/ece:	0.14587336778640747
calibration_test/brier:	0.4595964848995209
accuracy_test/task:	69.64
accuracy_test/concepts:	84.16217803955078
map_test/concepts:	0.8144191068713553

Epoch 118
losses_train/task:	0.29464709758758545
losses_train/concepts:	18.546527862548828
losses_train/total:	2.1493005752563477
losses_test/task:	1.147187352180481
losses_test/concepts:	21.967344284057617
losses_test/total:	3.343921661376953
calibration_test/ece:	0.14608684182167053
calibration_test/brier:	0.45799195766448975
accuracy_test/task:	69.68
accuracy_test/concepts:	84.16670989990234
map_test/concepts:	0.8143696315237321

Epoch 119
losses_train/task:	0.29994577169418335
losses_train/concepts:	18.558021545410156
losses_train/total:	2.155747652053833
losses_test/task:	1.147409439086914
losses_test/concepts:	21.9793701171875
losses_test/total:	3.345346689224243
calibration_test/ece:	0.1445903480052948
calibration_test/brier:	0.45692503452301025
accuracy_test/task:	69.82
accuracy_test/concepts:	84.16984558105469
map_test/concepts:	0.8144256710074842

Epoch 120
losses_train/task:	0.292916476726532
losses_train/concepts:	18.554710388183594
losses_train/total:	2.1483891010284424
losses_test/task:	1.1527636051177979
losses_test/concepts:	21.98851203918457
losses_test/total:	3.3516154289245605
calibration_test/ece:	0.15265870094299316
calibration_test/brier:	0.46212220191955566
accuracy_test/task:	69.09
accuracy_test/concepts:	84.16468811035156
map_test/concepts:	0.8145464569097385

Epoch 121
losses_train/task:	0.29188770055770874
losses_train/concepts:	18.546308517456055
losses_train/total:	2.146519660949707
losses_test/task:	1.156450629234314
losses_test/concepts:	21.993932723999023
losses_test/total:	3.3558435440063477
calibration_test/ece:	0.14979785680770874
calibration_test/brier:	0.4628331959247589
accuracy_test/task:	69.33
accuracy_test/concepts:	84.14437866210938
map_test/concepts:	0.8143287440761924

Epoch 122
losses_train/task:	0.2924889326095581
losses_train/concepts:	18.52337074279785
losses_train/total:	2.1448261737823486
losses_test/task:	1.1502127647399902
losses_test/concepts:	21.985416412353516
losses_test/total:	3.3487541675567627
calibration_test/ece:	0.1476953774690628
calibration_test/brier:	0.4587807059288025
accuracy_test/task:	69.53
accuracy_test/concepts:	84.16813659667969
map_test/concepts:	0.8142860208754428

Epoch 123
losses_train/task:	0.29291123151779175
losses_train/concepts:	18.538061141967773
losses_train/total:	2.1467185020446777
losses_test/task:	1.149387240409851
losses_test/concepts:	21.996910095214844
losses_test/total:	3.34907865524292
calibration_test/ece:	0.1469297558069229
calibration_test/brier:	0.4580153226852417
accuracy_test/task:	69.6
accuracy_test/concepts:	84.1624984741211
map_test/concepts:	0.8143981443718076

Epoch 124
losses_train/task:	0.29417356848716736
losses_train/concepts:	18.520023345947266
losses_train/total:	2.1461780071258545
losses_test/task:	1.1619210243225098
losses_test/concepts:	22.003408432006836
losses_test/total:	3.3622608184814453
calibration_test/ece:	0.14964984357357025
calibration_test/brier:	0.46242037415504456
accuracy_test/task:	69.4
accuracy_test/concepts:	84.15514373779297
map_test/concepts:	0.814483824535273

Epoch 125
losses_train/task:	0.29059553146362305
losses_train/concepts:	18.527557373046875
losses_train/total:	2.1433510780334473
losses_test/task:	1.1592330932617188
losses_test/concepts:	22.004377365112305
losses_test/total:	3.359670877456665
calibration_test/ece:	0.14950329065322876
calibration_test/brier:	0.4612826108932495
accuracy_test/task:	69.44
accuracy_test/concepts:	84.14015197753906
map_test/concepts:	0.8142315408913419

Epoch 126
losses_train/task:	0.2933911681175232
losses_train/concepts:	18.511890411376953
losses_train/total:	2.144578456878662
losses_test/task:	1.1615185737609863
losses_test/concepts:	21.99532699584961
losses_test/total:	3.361051321029663
calibration_test/ece:	0.15045428276062012
calibration_test/brier:	0.46384087204933167
accuracy_test/task:	69.32
accuracy_test/concepts:	84.15515899658203
map_test/concepts:	0.8142824685201049

Epoch 127
losses_train/task:	0.2907507121562958
losses_train/concepts:	18.516401290893555
losses_train/total:	2.142390489578247
losses_test/task:	1.1613080501556396
losses_test/concepts:	21.996740341186523
losses_test/total:	3.3609812259674072
calibration_test/ece:	0.15458127856254578
calibration_test/brier:	0.46299102902412415
accuracy_test/task:	69.03
accuracy_test/concepts:	84.15044403076172
map_test/concepts:	0.8143427257891744

Epoch 128
losses_train/task:	0.2881593406200409
losses_train/concepts:	18.518321990966797
losses_train/total:	2.1399922370910645
losses_test/task:	1.1559346914291382
losses_test/concepts:	22.002811431884766
losses_test/total:	3.3562164306640625
calibration_test/ece:	0.14886990189552307
calibration_test/brier:	0.4603367745876312
accuracy_test/task:	69.59
accuracy_test/concepts:	84.17922973632812
map_test/concepts:	0.8144619694212452

Epoch 129
losses_train/task:	0.28445273637771606
losses_train/concepts:	18.503753662109375
losses_train/total:	2.1348280906677246
losses_test/task:	1.1616219282150269
losses_test/concepts:	21.999101638793945
losses_test/total:	3.36153244972229
calibration_test/ece:	0.15341393649578094
calibration_test/brier:	0.4635481834411621
accuracy_test/task:	69.12
accuracy_test/concepts:	84.15484619140625
map_test/concepts:	0.814227573107928

Epoch 130
losses_train/task:	0.2881820797920227
losses_train/concepts:	18.4793643951416
losses_train/total:	2.1361184120178223
losses_test/task:	1.1613738536834717
losses_test/concepts:	22.02043914794922
losses_test/total:	3.363417625427246
calibration_test/ece:	0.1538083553314209
calibration_test/brier:	0.46386104822158813
accuracy_test/task:	69.23
accuracy_test/concepts:	84.13326263427734
map_test/concepts:	0.8144450631225482

Epoch 131
losses_train/task:	0.28848639130592346
losses_train/concepts:	18.482580184936523
losses_train/total:	2.1367452144622803
losses_test/task:	1.1676450967788696
losses_test/concepts:	22.005558013916016
losses_test/total:	3.3682007789611816
calibration_test/ece:	0.14917036890983582
calibration_test/brier:	0.4609023332595825
accuracy_test/task:	69.54
accuracy_test/concepts:	84.12701416015625
map_test/concepts:	0.8143186374218203

Epoch 132
losses_train/task:	0.28498658537864685
losses_train/concepts:	18.47500228881836
losses_train/total:	2.132486581802368
losses_test/task:	1.1607592105865479
losses_test/concepts:	22.020904541015625
losses_test/total:	3.362849473953247
calibration_test/ece:	0.15172795951366425
calibration_test/brier:	0.46177154779434204
accuracy_test/task:	69.4
accuracy_test/concepts:	84.15107727050781
map_test/concepts:	0.8142671895911917

Epoch 133
losses_train/task:	0.28439536690711975
losses_train/concepts:	18.482669830322266
losses_train/total:	2.132662534713745
losses_test/task:	1.1737241744995117
losses_test/concepts:	22.00663948059082
losses_test/total:	3.3743882179260254
calibration_test/ece:	0.15277597308158875
calibration_test/brier:	0.46234628558158875
accuracy_test/task:	69.29
accuracy_test/concepts:	84.13610076904297
map_test/concepts:	0.8141986760892905

Epoch 134
losses_train/task:	0.28109562397003174
losses_train/concepts:	18.48349952697754
losses_train/total:	2.129445791244507
losses_test/task:	1.1691226959228516
losses_test/concepts:	22.02523422241211
losses_test/total:	3.371647357940674
calibration_test/ece:	0.15194280445575714
calibration_test/brier:	0.4622948169708252
accuracy_test/task:	69.5
accuracy_test/concepts:	84.12078857421875
map_test/concepts:	0.8143169318791479

Epoch 135
losses_train/task:	0.2878183126449585
losses_train/concepts:	18.47767448425293
losses_train/total:	2.1355862617492676
losses_test/task:	1.1673473119735718
losses_test/concepts:	22.020355224609375
losses_test/total:	3.3693816661834717
calibration_test/ece:	0.1544605791568756
calibration_test/brier:	0.46338334679603577
accuracy_test/task:	69.18
accuracy_test/concepts:	84.14797973632812
map_test/concepts:	0.814273665077053

Epoch 136
losses_train/task:	0.28080761432647705
losses_train/concepts:	18.468460083007812
losses_train/total:	2.1276538372039795
losses_test/task:	1.1717995405197144
losses_test/concepts:	22.03376007080078
losses_test/total:	3.3751749992370605
calibration_test/ece:	0.15385892987251282
calibration_test/brier:	0.46275898814201355
accuracy_test/task:	69.39
accuracy_test/concepts:	84.1249771118164
map_test/concepts:	0.8141736887628213

Epoch 137
losses_train/task:	0.2826184928417206
losses_train/concepts:	18.459548950195312
losses_train/total:	2.128573417663574
losses_test/task:	1.1716115474700928
losses_test/concepts:	22.038654327392578
losses_test/total:	3.375476837158203
calibration_test/ece:	0.15173086524009705
calibration_test/brier:	0.46169576048851013
accuracy_test/task:	69.47
accuracy_test/concepts:	84.1390609741211
map_test/concepts:	0.8142370301065966

Epoch 138
losses_train/task:	0.28166088461875916
losses_train/concepts:	18.45384407043457
losses_train/total:	2.127044916152954
losses_test/task:	1.167771816253662
losses_test/concepts:	22.025171279907227
losses_test/total:	3.3702900409698486
calibration_test/ece:	0.14879706501960754
calibration_test/brier:	0.4604932963848114
accuracy_test/task:	69.79
accuracy_test/concepts:	84.15170288085938
map_test/concepts:	0.8143294188193977

Epoch 139
losses_train/task:	0.28297901153564453
losses_train/concepts:	18.454959869384766
losses_train/total:	2.1284754276275635
losses_test/task:	1.1711769104003906
losses_test/concepts:	22.035106658935547
losses_test/total:	3.3746867179870605
calibration_test/ece:	0.15307529270648956
calibration_test/brier:	0.46143075823783875
accuracy_test/task:	69.42
accuracy_test/concepts:	84.13389587402344
map_test/concepts:	0.8143450849456713

Epoch 140
losses_train/task:	0.2813722789287567
losses_train/concepts:	18.45433807373047
losses_train/total:	2.12680721282959
losses_test/task:	1.1724344491958618
losses_test/concepts:	22.033706665039062
losses_test/total:	3.3758046627044678
calibration_test/ece:	0.1492845118045807
calibration_test/brier:	0.4619694948196411
accuracy_test/task:	69.74
accuracy_test/concepts:	84.11827087402344
map_test/concepts:	0.8141603466356173

Epoch 141
losses_train/task:	0.27807581424713135
losses_train/concepts:	18.4456787109375
losses_train/total:	2.1226441860198975
losses_test/task:	1.1821550130844116
losses_test/concepts:	22.04595184326172
losses_test/total:	3.3867502212524414
calibration_test/ece:	0.15386581420898438
calibration_test/brier:	0.4631686508655548
accuracy_test/task:	69.34
accuracy_test/concepts:	84.11123657226562
map_test/concepts:	0.8141144241672009

Epoch 142
losses_train/task:	0.27404874563217163
losses_train/concepts:	18.421703338623047
losses_train/total:	2.1162190437316895
losses_test/task:	1.1731781959533691
losses_test/concepts:	22.03449249267578
losses_test/total:	3.3766279220581055
calibration_test/ece:	0.1529531478881836
calibration_test/brier:	0.4609925150871277
accuracy_test/task:	69.55
accuracy_test/concepts:	84.140625
map_test/concepts:	0.8141624793643132

Epoch 143
losses_train/task:	0.280180960893631
losses_train/concepts:	18.43254280090332
losses_train/total:	2.1234354972839355
losses_test/task:	1.180638313293457
losses_test/concepts:	22.042200088500977
losses_test/total:	3.384859085083008
calibration_test/ece:	0.15426796674728394
calibration_test/brier:	0.46279677748680115
accuracy_test/task:	69.38
accuracy_test/concepts:	84.1310806274414
map_test/concepts:	0.8141185655840673

Epoch 144
losses_train/task:	0.276815265417099
losses_train/concepts:	18.40876579284668
losses_train/total:	2.1176917552948
losses_test/task:	1.1856598854064941
losses_test/concepts:	22.050065994262695
losses_test/total:	3.3906660079956055
calibration_test/ece:	0.15331129729747772
calibration_test/brier:	0.462298184633255
accuracy_test/task:	69.52
accuracy_test/concepts:	84.12515258789062
map_test/concepts:	0.8141536774346605

Epoch 145
losses_train/task:	0.2805546522140503
losses_train/concepts:	18.418649673461914
losses_train/total:	2.12241792678833
losses_test/task:	1.17783522605896
losses_test/concepts:	22.0467472076416
losses_test/total:	3.382509708404541
calibration_test/ece:	0.15370255708694458
calibration_test/brier:	0.4614618122577667
accuracy_test/task:	69.62
accuracy_test/concepts:	84.11124420166016
map_test/concepts:	0.8143444444867782

Epoch 146
losses_train/task:	0.2727896571159363
losses_train/concepts:	18.40631103515625
losses_train/total:	2.1134209632873535
losses_test/task:	1.180708885192871
losses_test/concepts:	22.058168411254883
losses_test/total:	3.3865253925323486
calibration_test/ece:	0.1521550714969635
calibration_test/brier:	0.46275782585144043
accuracy_test/task:	69.72
accuracy_test/concepts:	84.11686706542969
map_test/concepts:	0.8141674448270351

Epoch 147
losses_train/task:	0.2764042615890503
losses_train/concepts:	18.42400360107422
losses_train/total:	2.1188035011291504
losses_test/task:	1.181553602218628
losses_test/concepts:	22.046833038330078
losses_test/total:	3.3862383365631104
calibration_test/ece:	0.1524852067232132
calibration_test/brier:	0.46308648586273193
accuracy_test/task:	69.71
accuracy_test/concepts:	84.11155700683594
map_test/concepts:	0.8142961388221011

Epoch 148
losses_train/task:	0.2792418599128723
losses_train/concepts:	18.396841049194336
losses_train/total:	2.1189255714416504
losses_test/task:	1.1818703413009644
losses_test/concepts:	22.048233032226562
losses_test/total:	3.3866941928863525
calibration_test/ece:	0.15333527326583862
calibration_test/brier:	0.46384066343307495
accuracy_test/task:	69.58
accuracy_test/concepts:	84.14154815673828
map_test/concepts:	0.8142810044810176

Epoch 149
losses_train/task:	0.2762608826160431
losses_train/concepts:	18.394899368286133
losses_train/total:	2.115751266479492
losses_test/task:	1.1844549179077148
losses_test/concepts:	22.05367660522461
losses_test/total:	3.389822006225586
calibration_test/ece:	0.15519709885120392
calibration_test/brier:	0.46459946036338806
accuracy_test/task:	69.53
accuracy_test/concepts:	84.1417236328125
map_test/concepts:	0.8143650232814252

Epoch 150
losses_train/task:	0.27080923318862915
losses_train/concepts:	18.40278434753418
losses_train/total:	2.111088514328003
losses_test/task:	1.187160849571228
losses_test/concepts:	22.048004150390625
losses_test/total:	3.3919613361358643
calibration_test/ece:	0.15221621096134186
calibration_test/brier:	0.46378564834594727
accuracy_test/task:	69.7
accuracy_test/concepts:	84.12093353271484
map_test/concepts:	0.8142820610664785

Epoch 151
losses_train/task:	0.27135273814201355
losses_train/concepts:	18.39237403869629
losses_train/total:	2.1105916500091553
losses_test/task:	1.184754729270935
losses_test/concepts:	22.054126739501953
losses_test/total:	3.390166997909546
calibration_test/ece:	0.15396322309970856
calibration_test/brier:	0.46314913034439087
accuracy_test/task:	69.68
accuracy_test/concepts:	84.13359832763672
map_test/concepts:	0.8142483301926404

Epoch 152
losses_train/task:	0.26936107873916626
losses_train/concepts:	18.37247085571289
losses_train/total:	2.1066086292266846
losses_test/task:	1.1797809600830078
losses_test/concepts:	22.070270538330078
losses_test/total:	3.386808156967163
calibration_test/ece:	0.1536259651184082
calibration_test/brier:	0.4617249071598053
accuracy_test/task:	69.54
accuracy_test/concepts:	84.14451599121094
map_test/concepts:	0.8141226089792326

Epoch 153
losses_train/task:	0.2750215232372284
losses_train/concepts:	18.378198623657227
losses_train/total:	2.1128416061401367
losses_test/task:	1.187583327293396
losses_test/concepts:	22.05888557434082
losses_test/total:	3.393472909927368
calibration_test/ece:	0.1567053496837616
calibration_test/brier:	0.4638839364051819
accuracy_test/task:	69.52
accuracy_test/concepts:	84.1282730102539
map_test/concepts:	0.8143555885762908

Epoch 154
losses_train/task:	0.2720462679862976
losses_train/concepts:	18.387624740600586
losses_train/total:	2.1108086109161377
losses_test/task:	1.1875447034835815
losses_test/concepts:	22.04496192932129
losses_test/total:	3.392040491104126
calibration_test/ece:	0.15535542368888855
calibration_test/brier:	0.46355193853378296
accuracy_test/task:	69.59
accuracy_test/concepts:	84.12530517578125
map_test/concepts:	0.8144861292676069

Epoch 155
losses_train/task:	0.2721320390701294
losses_train/concepts:	18.388830184936523
losses_train/total:	2.1110146045684814
losses_test/task:	1.1915984153747559
losses_test/concepts:	22.087238311767578
losses_test/total:	3.400322675704956
calibration_test/ece:	0.1550465077161789
calibration_test/brier:	0.4664841294288635
accuracy_test/task:	69.46
accuracy_test/concepts:	84.1256332397461
map_test/concepts:	0.8144129466963932

Epoch 156
losses_train/task:	0.2740704119205475
losses_train/concepts:	18.375308990478516
losses_train/total:	2.1116020679473877
losses_test/task:	1.1927827596664429
losses_test/concepts:	22.073535919189453
losses_test/total:	3.4001364707946777
calibration_test/ece:	0.1595720499753952
calibration_test/brier:	0.4673041105270386
accuracy_test/task:	69.02
accuracy_test/concepts:	84.12078094482422
map_test/concepts:	0.8141162213869393

Epoch 157
losses_train/task:	0.27330607175827026
losses_train/concepts:	18.364389419555664
losses_train/total:	2.109745740890503
losses_test/task:	1.1877318620681763
losses_test/concepts:	22.060142517089844
losses_test/total:	3.3937463760375977
calibration_test/ece:	0.15425315499305725
calibration_test/brier:	0.46424829959869385
accuracy_test/task:	69.69
accuracy_test/concepts:	84.13296508789062
map_test/concepts:	0.8141252623172477

Epoch 158
losses_train/task:	0.2688682973384857
losses_train/concepts:	18.350961685180664
losses_train/total:	2.10396409034729
losses_test/task:	1.196663498878479
losses_test/concepts:	22.060317993164062
losses_test/total:	3.402696132659912
calibration_test/ece:	0.15874990820884705
calibration_test/brier:	0.4659065306186676
accuracy_test/task:	69.37
accuracy_test/concepts:	84.11483001708984
map_test/concepts:	0.814180844114162

Epoch 159
losses_train/task:	0.2691580653190613
losses_train/concepts:	18.36042022705078
losses_train/total:	2.105201244354248
losses_test/task:	1.1922802925109863
losses_test/concepts:	22.070556640625
losses_test/total:	3.399336576461792
calibration_test/ece:	0.1564437747001648
calibration_test/brier:	0.4653812050819397
accuracy_test/task:	69.53
accuracy_test/concepts:	84.11968994140625
map_test/concepts:	0.8140671190340072

Epoch 160
losses_train/task:	0.26898571848869324
losses_train/concepts:	18.350954055786133
losses_train/total:	2.104081869125366
losses_test/task:	1.2007709741592407
losses_test/concepts:	22.060190200805664
losses_test/total:	3.406789779663086
calibration_test/ece:	0.15924561023712158
calibration_test/brier:	0.46836817264556885
accuracy_test/task:	69.16
accuracy_test/concepts:	84.1171875
map_test/concepts:	0.8140972384717315

Epoch 161
losses_train/task:	0.2714657485485077
losses_train/concepts:	18.332719802856445
losses_train/total:	2.104738473892212
losses_test/task:	1.1956465244293213
losses_test/concepts:	22.045299530029297
losses_test/total:	3.4001758098602295
calibration_test/ece:	0.15695419907569885
calibration_test/brier:	0.4647429585456848
accuracy_test/task:	69.37
accuracy_test/concepts:	84.12545776367188
map_test/concepts:	0.8142209687503055

Epoch 162
losses_train/task:	0.26892614364624023
losses_train/concepts:	18.322019577026367
losses_train/total:	2.101125717163086
losses_test/task:	1.1921602487564087
losses_test/concepts:	22.04686164855957
losses_test/total:	3.396845579147339
calibration_test/ece:	0.15571725368499756
calibration_test/brier:	0.46278828382492065
accuracy_test/task:	69.58
accuracy_test/concepts:	84.12889862060547
map_test/concepts:	0.8143197705503553

Epoch 163
losses_train/task:	0.26454928517341614
losses_train/concepts:	18.32373046875
losses_train/total:	2.0969228744506836
losses_test/task:	1.1924972534179688
losses_test/concepts:	22.048494338989258
losses_test/total:	3.397346258163452
calibration_test/ece:	0.15481668710708618
calibration_test/brier:	0.4639604389667511
accuracy_test/task:	69.63
accuracy_test/concepts:	84.12702941894531
map_test/concepts:	0.8143375270301476

Epoch 164
losses_train/task:	0.26517948508262634
losses_train/concepts:	18.342729568481445
losses_train/total:	2.099454164505005
losses_test/task:	1.1921560764312744
losses_test/concepts:	22.047697067260742
losses_test/total:	3.396925926208496
calibration_test/ece:	0.1554950773715973
calibration_test/brier:	0.463713675737381
accuracy_test/task:	69.57
accuracy_test/concepts:	84.12390899658203
map_test/concepts:	0.8143181733903475

Epoch 165
losses_train/task:	0.2657775282859802
losses_train/concepts:	18.32545280456543
losses_train/total:	2.098322868347168
losses_test/task:	1.1916558742523193
losses_test/concepts:	22.047576904296875
losses_test/total:	3.3964130878448486
calibration_test/ece:	0.1547078788280487
calibration_test/brier:	0.46381473541259766
accuracy_test/task:	69.65
accuracy_test/concepts:	84.1254653930664
map_test/concepts:	0.8143223533406854

Epoch 166
losses_train/task:	0.2654414176940918
losses_train/concepts:	18.321653366088867
losses_train/total:	2.0976061820983887
losses_test/task:	1.186926007270813
losses_test/concepts:	22.046207427978516
losses_test/total:	3.391547203063965
calibration_test/ece:	0.15425844490528107
calibration_test/brier:	0.46273812651634216
accuracy_test/task:	69.66
accuracy_test/concepts:	84.12811279296875
map_test/concepts:	0.8144220875110477

Epoch 167
losses_train/task:	0.2691182792186737
losses_train/concepts:	18.30607032775879
losses_train/total:	2.0997250080108643
losses_test/task:	1.1865648031234741
losses_test/concepts:	22.045637130737305
losses_test/total:	3.3911285400390625
calibration_test/ece:	0.15476521849632263
calibration_test/brier:	0.46248164772987366
accuracy_test/task:	69.67
accuracy_test/concepts:	84.13139343261719
map_test/concepts:	0.81439346895786

Epoch 168
losses_train/task:	0.2622944712638855
losses_train/concepts:	18.323991775512695
losses_train/total:	2.0946950912475586
losses_test/task:	1.1836556196212769
losses_test/concepts:	22.048900604248047
losses_test/total:	3.3885464668273926
calibration_test/ece:	0.1537567526102066
calibration_test/brier:	0.46056532859802246
accuracy_test/task:	69.82
accuracy_test/concepts:	84.13418579101562
map_test/concepts:	0.8144428781233728

Epoch 169
losses_train/task:	0.2629259526729584
losses_train/concepts:	18.334304809570312
losses_train/total:	2.09635853767395
losses_test/task:	1.1838092803955078
losses_test/concepts:	22.04662322998047
losses_test/total:	3.388471841812134
calibration_test/ece:	0.15406209230422974
calibration_test/brier:	0.4607955515384674
accuracy_test/task:	69.78
accuracy_test/concepts:	84.12826538085938
map_test/concepts:	0.8143663604278117

Epoch 170
losses_train/task:	0.26223474740982056
losses_train/concepts:	18.317466735839844
losses_train/total:	2.093979835510254
losses_test/task:	1.1864417791366577
losses_test/concepts:	22.049135208129883
losses_test/total:	3.3913543224334717
calibration_test/ece:	0.15403226017951965
calibration_test/brier:	0.46182265877723694
accuracy_test/task:	69.7
accuracy_test/concepts:	84.13684844970703
map_test/concepts:	0.8144657843513414

Epoch 171
losses_train/task:	0.2658081650733948
losses_train/concepts:	18.30741310119629
losses_train/total:	2.096550226211548
losses_test/task:	1.1844857931137085
losses_test/concepts:	22.048933029174805
losses_test/total:	3.389378786087036
calibration_test/ece:	0.15417860448360443
calibration_test/brier:	0.46178364753723145
accuracy_test/task:	69.67
accuracy_test/concepts:	84.11343383789062
map_test/concepts:	0.8143980959430337

Epoch 172
losses_train/task:	0.2673112154006958
losses_train/concepts:	18.310428619384766
losses_train/total:	2.0983545780181885
losses_test/task:	1.1907700300216675
losses_test/concepts:	22.051837921142578
losses_test/total:	3.395954132080078
calibration_test/ece:	0.15570664405822754
calibration_test/brier:	0.4637744724750519
accuracy_test/task:	69.56
accuracy_test/concepts:	84.11968231201172
map_test/concepts:	0.8143472637748346

Epoch 173
losses_train/task:	0.2681199312210083
losses_train/concepts:	18.327404022216797
losses_train/total:	2.100860595703125
losses_test/task:	1.187423586845398
losses_test/concepts:	22.05132293701172
losses_test/total:	3.3925557136535645
calibration_test/ece:	0.15387585759162903
calibration_test/brier:	0.46250301599502563
accuracy_test/task:	69.67
accuracy_test/concepts:	84.12358093261719
map_test/concepts:	0.8143568861414678

Epoch 174
losses_train/task:	0.26507970690727234
losses_train/concepts:	18.306211471557617
losses_train/total:	2.095701217651367
losses_test/task:	1.1891635656356812
losses_test/concepts:	22.048635482788086
losses_test/total:	3.3940277099609375
calibration_test/ece:	0.15460728108882904
calibration_test/brier:	0.4633551836013794
accuracy_test/task:	69.63
accuracy_test/concepts:	84.125
map_test/concepts:	0.8143784731510095

Epoch 175
losses_train/task:	0.26729732751846313
losses_train/concepts:	18.311542510986328
losses_train/total:	2.098452091217041
losses_test/task:	1.184678316116333
losses_test/concepts:	22.05272102355957
losses_test/total:	3.3899505138397217
calibration_test/ece:	0.15408079326152802
calibration_test/brier:	0.461550235748291
accuracy_test/task:	69.71
accuracy_test/concepts:	84.13155364990234
map_test/concepts:	0.814394359884318

Epoch 176
losses_train/task:	0.2678714096546173
losses_train/concepts:	18.317842483520508
losses_train/total:	2.0996556282043457
losses_test/task:	1.191676378250122
losses_test/concepts:	22.057655334472656
losses_test/total:	3.3974416255950928
calibration_test/ece:	0.15529058873653412
calibration_test/brier:	0.46367713809013367
accuracy_test/task:	69.62
accuracy_test/concepts:	84.11734008789062
map_test/concepts:	0.8143722655950114

Epoch 177
losses_train/task:	0.2638409733772278
losses_train/concepts:	18.309465408325195
losses_train/total:	2.0947864055633545
losses_test/task:	1.189850091934204
losses_test/concepts:	22.049087524414062
losses_test/total:	3.3947577476501465
calibration_test/ece:	0.15556453168392181
calibration_test/brier:	0.4630560576915741
accuracy_test/task:	69.56
accuracy_test/concepts:	84.12295532226562
map_test/concepts:	0.8144147302955389

Epoch 178
losses_train/task:	0.2669332027435303
losses_train/concepts:	18.313438415527344
losses_train/total:	2.098278045654297
losses_test/task:	1.1893006563186646
losses_test/concepts:	22.052797317504883
losses_test/total:	3.394580364227295
calibration_test/ece:	0.15441761910915375
calibration_test/brier:	0.4620143473148346
accuracy_test/task:	69.68
accuracy_test/concepts:	84.12060546875
map_test/concepts:	0.8143897184636444

Epoch 179
losses_train/task:	0.2683413028717041
losses_train/concepts:	18.31672477722168
losses_train/total:	2.1000144481658936
losses_test/task:	1.189318060874939
losses_test/concepts:	22.054588317871094
losses_test/total:	3.3947770595550537
calibration_test/ece:	0.15442568063735962
calibration_test/brier:	0.46286073327064514
accuracy_test/task:	69.6
accuracy_test/concepts:	84.11499786376953
map_test/concepts:	0.8143884375458583

Epoch 180
losses_train/task:	0.26728108525276184
losses_train/concepts:	18.316434860229492
losses_train/total:	2.0989227294921875
losses_test/task:	1.1879613399505615
losses_test/concepts:	22.057476043701172
losses_test/total:	3.3937082290649414
calibration_test/ece:	0.15497395396232605
calibration_test/brier:	0.462082177400589
accuracy_test/task:	69.62
accuracy_test/concepts:	84.12295532226562
map_test/concepts:	0.8143847812898457

Epoch 181
losses_train/task:	0.270589143037796
losses_train/concepts:	18.33629035949707
losses_train/total:	2.1042184829711914
losses_test/task:	1.1905401945114136
losses_test/concepts:	22.05755043029785
losses_test/total:	3.3962948322296143
calibration_test/ece:	0.15491434931755066
calibration_test/brier:	0.4630337059497833
accuracy_test/task:	69.59
accuracy_test/concepts:	84.11312866210938
map_test/concepts:	0.814300048397854

Epoch 182
losses_train/task:	0.2618264853954315
losses_train/concepts:	18.30605125427246
losses_train/total:	2.0924313068389893
losses_test/task:	1.1907333135604858
losses_test/concepts:	22.05462074279785
losses_test/total:	3.39619517326355
calibration_test/ece:	0.15380217134952545
calibration_test/brier:	0.46201932430267334
accuracy_test/task:	69.74
accuracy_test/concepts:	84.11405181884766
map_test/concepts:	0.8143563803751022

Epoch 183
losses_train/task:	0.2617965638637543
losses_train/concepts:	18.301454544067383
losses_train/total:	2.091942071914673
losses_test/task:	1.1904650926589966
losses_test/concepts:	22.060394287109375
losses_test/total:	3.3965041637420654
calibration_test/ece:	0.15421269834041595
calibration_test/brier:	0.46178364753723145
accuracy_test/task:	69.67
accuracy_test/concepts:	84.11687469482422
map_test/concepts:	0.814432781713549

Epoch 184
losses_train/task:	0.2624411880970001
losses_train/concepts:	18.315624237060547
losses_train/total:	2.0940041542053223
losses_test/task:	1.1938670873641968
losses_test/concepts:	22.061124801635742
losses_test/total:	3.399979591369629
calibration_test/ece:	0.15443703532218933
calibration_test/brier:	0.46238940954208374
accuracy_test/task:	69.65
accuracy_test/concepts:	84.11359405517578
map_test/concepts:	0.8143708101124503

Epoch 185
losses_train/task:	0.26189079880714417
losses_train/concepts:	18.29837989807129
losses_train/total:	2.0917298793792725
losses_test/task:	1.1924095153808594
losses_test/concepts:	22.0572509765625
losses_test/total:	3.398134708404541
calibration_test/ece:	0.1548408567905426
calibration_test/brier:	0.4628063440322876
accuracy_test/task:	69.62
accuracy_test/concepts:	84.11669921875
map_test/concepts:	0.8143970380770043

Epoch 186
losses_train/task:	0.26148080825805664
losses_train/concepts:	18.286876678466797
losses_train/total:	2.0901684761047363
losses_test/task:	1.1913467645645142
losses_test/concepts:	22.05913734436035
losses_test/total:	3.397260904312134
calibration_test/ece:	0.15404874086380005
calibration_test/brier:	0.4623071253299713
accuracy_test/task:	69.68
accuracy_test/concepts:	84.1193618774414
map_test/concepts:	0.8144302659784444

Epoch 187
losses_train/task:	0.26515644788742065
losses_train/concepts:	18.30112075805664
losses_train/total:	2.095268487930298
losses_test/task:	1.1907743215560913
losses_test/concepts:	22.057086944580078
losses_test/total:	3.3964831829071045
calibration_test/ece:	0.15270105004310608
calibration_test/brier:	0.4612109959125519
accuracy_test/task:	69.81
accuracy_test/concepts:	84.1128158569336
map_test/concepts:	0.8143970826640725

Epoch 188
losses_train/task:	0.26940688490867615
losses_train/concepts:	18.29714584350586
losses_train/total:	2.0991201400756836
losses_test/task:	1.1891015768051147
losses_test/concepts:	22.05548667907715
losses_test/total:	3.394651412963867
calibration_test/ece:	0.15263518691062927
calibration_test/brier:	0.4611559212207794
accuracy_test/task:	69.79
accuracy_test/concepts:	84.12610626220703
map_test/concepts:	0.8144264827715233

Epoch 189
losses_train/task:	0.261202871799469
losses_train/concepts:	18.28565216064453
losses_train/total:	2.0897676944732666
losses_test/task:	1.1889032125473022
losses_test/concepts:	22.061424255371094
losses_test/total:	3.395045518875122
calibration_test/ece:	0.15451373159885406
calibration_test/brier:	0.4620089828968048
accuracy_test/task:	69.59
accuracy_test/concepts:	84.12327575683594
map_test/concepts:	0.8143993089324795

Epoch 190
losses_train/task:	0.26188817620277405
losses_train/concepts:	18.299503326416016
losses_train/total:	2.091838836669922
losses_test/task:	1.190231442451477
losses_test/concepts:	22.060115814208984
losses_test/total:	3.3962433338165283
calibration_test/ece:	0.15334203839302063
calibration_test/brier:	0.4613858759403229
accuracy_test/task:	69.78
accuracy_test/concepts:	84.11578369140625
map_test/concepts:	0.8143223864608444

Epoch 191
losses_train/task:	0.2619274854660034
losses_train/concepts:	18.311477661132812
losses_train/total:	2.0930747985839844
losses_test/task:	1.1955264806747437
losses_test/concepts:	22.06262969970703
losses_test/total:	3.4017879962921143
calibration_test/ece:	0.1555774062871933
calibration_test/brier:	0.4629221558570862
accuracy_test/task:	69.58
accuracy_test/concepts:	84.11499786376953
map_test/concepts:	0.8143555080750957

Epoch 192
losses_train/task:	0.26368558406829834
losses_train/concepts:	18.30405044555664
losses_train/total:	2.0940914154052734
losses_test/task:	1.1910028457641602
losses_test/concepts:	22.059078216552734
losses_test/total:	3.3969104290008545
calibration_test/ece:	0.15325498580932617
calibration_test/brier:	0.4618956446647644
accuracy_test/task:	69.77
accuracy_test/concepts:	84.11748504638672
map_test/concepts:	0.8143717221100815

Epoch 193
losses_train/task:	0.2572391629219055
losses_train/concepts:	18.293249130249023
losses_train/total:	2.0865638256073
losses_test/task:	1.1883530616760254
losses_test/concepts:	22.058168411254883
losses_test/total:	3.394169330596924
calibration_test/ece:	0.1536252498626709
calibration_test/brier:	0.4602068364620209
accuracy_test/task:	69.78
accuracy_test/concepts:	84.118896484375
map_test/concepts:	0.8144064286025241

Epoch 194
losses_train/task:	0.2618517279624939
losses_train/concepts:	18.29306411743164
losses_train/total:	2.091158151626587
losses_test/task:	1.1907047033309937
losses_test/concepts:	22.060028076171875
losses_test/total:	3.39670729637146
calibration_test/ece:	0.15254506468772888
calibration_test/brier:	0.46139901876449585
accuracy_test/task:	69.84
accuracy_test/concepts:	84.1165542602539
map_test/concepts:	0.8144137079361826

Epoch 195
losses_train/task:	0.2623967230319977
losses_train/concepts:	18.309782028198242
losses_train/total:	2.0933752059936523
losses_test/task:	1.1942788362503052
losses_test/concepts:	22.058542251586914
losses_test/total:	3.400132656097412
calibration_test/ece:	0.15305516123771667
calibration_test/brier:	0.46258294582366943
accuracy_test/task:	69.83
accuracy_test/concepts:	84.12281799316406
map_test/concepts:	0.8144387210486457

Epoch 196
losses_train/task:	0.2597305178642273
losses_train/concepts:	18.31001091003418
losses_train/total:	2.0907294750213623
losses_test/task:	1.1898918151855469
losses_test/concepts:	22.060302734375
losses_test/total:	3.3959219455718994
calibration_test/ece:	0.15191146731376648
calibration_test/brier:	0.46166518330574036
accuracy_test/task:	69.94
accuracy_test/concepts:	84.12093353271484
map_test/concepts:	0.8144338308484294

Epoch 197
losses_train/task:	0.26703864336013794
losses_train/concepts:	18.297895431518555
losses_train/total:	2.096827983856201
losses_test/task:	1.1922465562820435
losses_test/concepts:	22.0584659576416
losses_test/total:	3.3980929851531982
calibration_test/ece:	0.15457971394062042
calibration_test/brier:	0.4625684916973114
accuracy_test/task:	69.65
accuracy_test/concepts:	84.11811828613281
map_test/concepts:	0.8144185465644114

Epoch 198
losses_train/task:	0.26666784286499023
losses_train/concepts:	18.294086456298828
losses_train/total:	2.0960774421691895
losses_test/task:	1.1925870180130005
losses_test/concepts:	22.05849266052246
losses_test/total:	3.3984363079071045
calibration_test/ece:	0.15382811427116394
calibration_test/brier:	0.4624345600605011
accuracy_test/task:	69.76
accuracy_test/concepts:	84.11312103271484
map_test/concepts:	0.8143966140341945

Epoch 199
losses_train/task:	0.263582319021225
losses_train/concepts:	18.300161361694336
losses_train/total:	2.093599319458008
losses_test/task:	1.1929844617843628
losses_test/concepts:	22.0577392578125
losses_test/total:	3.398758888244629
calibration_test/ece:	0.15486228466033936
calibration_test/brier:	0.4631841778755188
accuracy_test/task:	69.58
accuracy_test/concepts:	84.11921691894531
map_test/concepts:	0.8144459813483991

Epoch 200
losses_train/task:	0.26260456442832947
losses_train/concepts:	18.311805725097656
losses_train/total:	2.0937836170196533
losses_test/task:	1.190187931060791
losses_test/concepts:	22.061033248901367
losses_test/total:	3.3962910175323486
calibration_train/ece:	0.036921944469213486
calibration_train/brier:	0.06017797440290451
accuracy_train/task:	96.33413461538461
calibration_test/ece:	0.15435945987701416
calibration_test/brier:	0.4623132348060608
accuracy_test/task:	69.7
accuracy_train/concepts:	87.61106872558594
map_train/concepts:	0.8711019817274064
accuracy_test/concepts:	84.1148452758789
map_test/concepts:	0.8144310095813125
accuracy_test/nuisances_task:	-0.4553161844422546
accuracy_test/nuisances_nontask:	0.0
mutual_inf_test/nuisances_task:	0.19244100903360456
mutual_inf_test/nuisances_nontask:	0.0

epoch_200.pt
groups=0 err_lowconf=30.300 err_random=30.300
groups=1 err_lowconf=30.460 err_random=30.460
groups=2 err_lowconf=30.590 err_random=30.590
groups=3 err_lowconf=30.550 err_random=30.550
groups=4 err_lowconf=30.230 err_random=30.230
groups=5 err_lowconf=29.980 err_random=29.980
groups=6 err_lowconf=30.000 err_random=30.000
groups=7 err_lowconf=29.920 err_random=29.920
groups=8 err_lowconf=29.800 err_random=29.800
groups=9 err_lowconf=29.710 err_random=29.710
groups=10 err_lowconf=29.530 err_random=29.530
groups=11 err_lowconf=29.730 err_random=29.730
groups=12 err_lowconf=29.510 err_random=29.510
groups=13 err_lowconf=29.010 err_random=29.010
groups=14 err_lowconf=28.730 err_random=28.730
groups=15 err_lowconf=27.720 err_random=27.720
groups=16 err_lowconf=27.110 err_random=27.110
groups=17 err_lowconf=26.590 err_random=26.590
groups=18 err_lowconf=26.320 err_random=26.320
groups=19 err_lowconf=26.210 err_random=26.210
groups=20 err_lowconf=26.190 err_random=26.190
groups=21 err_lowconf=27.120 err_random=27.120
groups=22 err_lowconf=26.210 err_random=26.210
groups=23 err_lowconf=26.670 err_random=26.670
groups=24 err_lowconf=27.170 err_random=27.170
groups=25 err_lowconf=27.200 err_random=27.200
groups=26 err_lowconf=27.160 err_random=27.160
groups=27 err_lowconf=27.060 err_random=27.060
groups=28 err_lowconf=27.040 err_random=27.040
groups=29 err_lowconf=26.990 err_random=26.990
groups=30 err_lowconf=26.960 err_random=26.960
groups=31 err_lowconf=26.980 err_random=26.980
groups=32 err_lowconf=26.830 err_random=26.830
groups=33 err_lowconf=27.000 err_random=27.000
groups=34 err_lowconf=26.990 err_random=26.990
groups=35 err_lowconf=26.910 err_random=26.910
groups=36 err_lowconf=26.940 err_random=26.940
groups=37 err_lowconf=27.170 err_random=27.170
groups=38 err_lowconf=27.140 err_random=27.140
groups=39 err_lowconf=27.110 err_random=27.110
groups=40 err_lowconf=26.940 err_random=26.940
groups=41 err_lowconf=27.120 err_random=27.120
groups=42 err_lowconf=27.180 err_random=27.180
groups=43 err_lowconf=27.380 err_random=27.380
groups=44 err_lowconf=27.820 err_random=27.820
groups=45 err_lowconf=27.840 err_random=27.840
groups=46 err_lowconf=27.690 err_random=27.690
groups=47 err_lowconf=28.400 err_random=28.400
groups=48 err_lowconf=28.290 err_random=28.290
groups=49 err_lowconf=28.310 err_random=28.310
groups=50 err_lowconf=28.280 err_random=28.280
groups=51 err_lowconf=28.270 err_random=28.270
groups=52 err_lowconf=28.260 err_random=28.260
groups=53 err_lowconf=28.270 err_random=28.270
groups=54 err_lowconf=28.240 err_random=28.240
groups=55 err_lowconf=28.240 err_random=28.240
groups=56 err_lowconf=28.250 err_random=28.250
groups=57 err_lowconf=28.250 err_random=28.250
groups=58 err_lowconf=28.240 err_random=28.240
groups=59 err_lowconf=28.240 err_random=28.240
groups=60 err_lowconf=28.230 err_random=28.230
groups=61 err_lowconf=28.230 err_random=28.230
groups=62 err_lowconf=28.230 err_random=28.230
groups=63 err_lowconf=28.230 err_random=28.230
groups=64 err_lowconf=28.230 err_random=28.230
[1;34mwandb[0m:
[1;34mwandb[0m: You can sync this run to the cloud by running:
[1;34mwandb[0m: [1mwandb sync /research/hal-afsharim/minimal_cbm/results/cifar10-arhcbm/44/wandb/offline-run-20260728_135622-21f2nuac[0m
[1;34mwandb[0m: Find logs at: [1;35mresults/cifar10-arhcbm/44/wandb/offline-run-20260728_135622-21f2nuac/logs[0m
