
===== launch 2026-07-27 05:08:31.028386 gpu6 =====
wandb: Using wandb-core as the SDK backend.  Please refer to https://wandb.me/wandb-core for more information.
wandb: Tracking run with wandb version 0.19.0
wandb: W&B syncing is set to `offline` in this directory.  
wandb: Run `wandb online` or set WANDB_MODE=online to enable cloud syncing.
Epoch 1
losses_train/task:	2.1973166465759277
losses_train/concepts:	26.435657501220703
losses_train/total:	4.840880393981934
losses_test/task:	2.0193889141082764
losses_test/concepts:	24.49880599975586
losses_test/total:	4.469269752502441
calibration_test/ece:	0.10632885247468948
calibration_test/brier:	0.8409988284111023
accuracy_test/task:	28.95
accuracy_test/concepts:	81.84329223632812
map_test/concepts:	0.7811771117849275

Epoch 2
losses_train/task:	1.8962479829788208
losses_train/concepts:	24.235578536987305
losses_train/total:	4.319802761077881
losses_test/task:	1.7185602188110352
losses_test/concepts:	23.53717041015625
losses_test/total:	4.072276592254639
calibration_test/ece:	0.1126532182097435
calibration_test/brier:	0.7624272704124451
accuracy_test/task:	38.53
accuracy_test/concepts:	82.63016510009766
map_test/concepts:	0.7998647067142883

Epoch 3
losses_train/task:	1.6282293796539307
losses_train/concepts:	23.519832611083984
losses_train/total:	3.980214834213257
losses_test/task:	1.4993336200714111
losses_test/concepts:	23.061668395996094
losses_test/total:	3.8055002689361572
calibration_test/ece:	0.08091060817241669
calibration_test/brier:	0.6821973323822021
accuracy_test/task:	45.85
accuracy_test/concepts:	83.127197265625
map_test/concepts:	0.8115360358788166

Epoch 4
losses_train/task:	1.4571219682693481
losses_train/concepts:	23.062305450439453
losses_train/total:	3.7633535861968994
losses_test/task:	1.3833341598510742
losses_test/concepts:	22.696107864379883
losses_test/total:	3.6529457569122314
calibration_test/ece:	0.052429959177970886
calibration_test/brier:	0.6354209184646606
accuracy_test/task:	50.38
accuracy_test/concepts:	83.45687866210938
map_test/concepts:	0.8192141530453227

Epoch 5
losses_train/task:	1.359141230583191
losses_train/concepts:	22.753456115722656
losses_train/total:	3.634488105773926
losses_test/task:	1.309158205986023
losses_test/concepts:	22.467777252197266
losses_test/total:	3.5559356212615967
calibration_test/ece:	0.037283625453710556
calibration_test/brier:	0.6038027405738831
accuracy_test/task:	53.07
accuracy_test/concepts:	83.61593627929688
map_test/concepts:	0.8239266636082903

Epoch 6
losses_train/task:	1.2868479490280151
losses_train/concepts:	22.50844383239746
losses_train/total:	3.537693738937378
losses_test/task:	1.2649402618408203
losses_test/concepts:	22.327177047729492
losses_test/total:	3.4976582527160645
calibration_test/ece:	0.02007131651043892
calibration_test/brier:	0.5844383835792542
accuracy_test/task:	54.75
accuracy_test/concepts:	83.74891662597656
map_test/concepts:	0.8268552940571681

Epoch 7
losses_train/task:	1.2369704246520996
losses_train/concepts:	22.33161163330078
losses_train/total:	3.4701321125030518
losses_test/task:	1.220597267150879
losses_test/concepts:	22.167320251464844
losses_test/total:	3.437328577041626
calibration_test/ece:	0.019970698282122612
calibration_test/brier:	0.5655352473258972
accuracy_test/task:	56.58
accuracy_test/concepts:	83.8901596069336
map_test/concepts:	0.8293744705151767

Epoch 8
losses_train/task:	1.1898095607757568
losses_train/concepts:	22.15620231628418
losses_train/total:	3.4054300785064697
losses_test/task:	1.194077968597412
losses_test/concepts:	22.075403213500977
losses_test/total:	3.401618480682373
calibration_test/ece:	0.020054541528224945
calibration_test/brier:	0.553345799446106
accuracy_test/task:	57.66
accuracy_test/concepts:	83.95890808105469
map_test/concepts:	0.8313525976845995

Epoch 9
losses_train/task:	1.1594340801239014
losses_train/concepts:	22.04030990600586
losses_train/total:	3.3634679317474365
losses_test/task:	1.170907735824585
losses_test/concepts:	21.97063636779785
losses_test/total:	3.3679709434509277
calibration_test/ece:	0.016101906076073647
calibration_test/brier:	0.5416613221168518
accuracy_test/task:	58.79
accuracy_test/concepts:	84.04251098632812
map_test/concepts:	0.8330363854183815

Epoch 10
losses_train/task:	1.1274892091751099
losses_train/concepts:	21.902982711791992
losses_train/total:	3.3177883625030518
losses_test/task:	1.1443589925765991
losses_test/concepts:	21.891456604003906
losses_test/total:	3.333503484725952
calibration_test/ece:	0.013478475622832775
calibration_test/brier:	0.5303813219070435
accuracy_test/task:	59.94
accuracy_test/concepts:	84.1050033569336
map_test/concepts:	0.8343289817566983

Epoch 11
losses_train/task:	1.0971107482910156
losses_train/concepts:	21.814191818237305
losses_train/total:	3.278528928756714
losses_test/task:	1.1379077434539795
losses_test/concepts:	21.849971771240234
losses_test/total:	3.3229050636291504
calibration_test/ece:	0.018726490437984467
calibration_test/brier:	0.5261788964271545
accuracy_test/task:	60.33
accuracy_test/concepts:	84.150634765625
map_test/concepts:	0.8357109313365072

Epoch 12
losses_train/task:	1.0714988708496094
losses_train/concepts:	21.718326568603516
losses_train/total:	3.243332624435425
losses_test/task:	1.123333215713501
losses_test/concepts:	21.792512893676758
losses_test/total:	3.302584171295166
calibration_test/ece:	0.016835173591971397
calibration_test/brier:	0.518456757068634
accuracy_test/task:	61.21
accuracy_test/concepts:	84.19578552246094
map_test/concepts:	0.8369306691456586

Epoch 13
losses_train/task:	1.0497061014175415
losses_train/concepts:	21.629150390625
losses_train/total:	3.212620973587036
losses_test/task:	1.1078035831451416
losses_test/concepts:	21.737913131713867
losses_test/total:	3.281595468521118
calibration_test/ece:	0.01752990297973156
calibration_test/brier:	0.5116952657699585
accuracy_test/task:	61.65
accuracy_test/concepts:	84.24798583984375
map_test/concepts:	0.8377711988287047

Epoch 14
losses_train/task:	1.0270931720733643
losses_train/concepts:	21.540586471557617
losses_train/total:	3.181152105331421
losses_test/task:	1.1033588647842407
losses_test/concepts:	21.704601287841797
losses_test/total:	3.2738189697265625
calibration_test/ece:	0.01978534273803234
calibration_test/brier:	0.5076160430908203
accuracy_test/task:	61.89
accuracy_test/concepts:	84.25501251220703
map_test/concepts:	0.8385344187845476

Epoch 15
losses_train/task:	1.0113294124603271
losses_train/concepts:	21.465938568115234
losses_train/total:	3.1579246520996094
losses_test/task:	1.096779227256775
losses_test/concepts:	21.667997360229492
losses_test/total:	3.2635796070098877
calibration_test/ece:	0.021420489996671677
calibration_test/brier:	0.506662905216217
accuracy_test/task:	62.09
accuracy_test/concepts:	84.27766418457031
map_test/concepts:	0.8391689932905138

Epoch 16
losses_train/task:	0.9916723966598511
losses_train/concepts:	21.398588180541992
losses_train/total:	3.131528615951538
losses_test/task:	1.089435338973999
losses_test/concepts:	21.70150375366211
losses_test/total:	3.2595860958099365
calibration_test/ece:	0.024174464866518974
calibration_test/brier:	0.5020036697387695
accuracy_test/task:	62.56
accuracy_test/concepts:	84.29000854492188
map_test/concepts:	0.839485076838173

Epoch 17
losses_train/task:	0.9675331115722656
losses_train/concepts:	21.314363479614258
losses_train/total:	3.098968744277954
losses_test/task:	1.0733181238174438
losses_test/concepts:	21.62589454650879
losses_test/total:	3.235907554626465
calibration_test/ece:	0.02546563744544983
calibration_test/brier:	0.49550390243530273
accuracy_test/task:	63.12
accuracy_test/concepts:	84.31733703613281
map_test/concepts:	0.8399688825011253

Epoch 18
losses_train/task:	0.9488489627838135
losses_train/concepts:	21.242107391357422
losses_train/total:	3.0730600357055664
losses_test/task:	1.072312831878662
losses_test/concepts:	21.603776931762695
losses_test/total:	3.232689619064331
calibration_test/ece:	0.02911105379462242
calibration_test/brier:	0.4928901791572571
accuracy_test/task:	63.37
accuracy_test/concepts:	84.34906005859375
map_test/concepts:	0.8405523294932209

Epoch 19
losses_train/task:	0.9340408444404602
losses_train/concepts:	21.187227249145508
losses_train/total:	3.052762985229492
losses_test/task:	1.0724530220031738
losses_test/concepts:	21.622220993041992
losses_test/total:	3.2346744537353516
calibration_test/ece:	0.03772151097655296
calibration_test/brier:	0.4916556775569916
accuracy_test/task:	63.57
accuracy_test/concepts:	84.3131332397461
map_test/concepts:	0.8408341564354487

Epoch 20
losses_train/task:	0.9159006476402283
losses_train/concepts:	21.127086639404297
losses_train/total:	3.02860951423645
losses_test/task:	1.0433515310287476
losses_test/concepts:	21.573850631713867
losses_test/total:	3.2007369995117188
calibration_test/ece:	0.0375615693628788
calibration_test/brier:	0.4799140691757202
accuracy_test/task:	64.0
accuracy_test/concepts:	84.37422943115234
map_test/concepts:	0.8413947242661379

Epoch 21
losses_train/task:	0.8984639048576355
losses_train/concepts:	21.071857452392578
losses_train/total:	3.0056488513946533
losses_test/task:	1.051054835319519
losses_test/concepts:	21.574180603027344
losses_test/total:	3.208472490310669
calibration_test/ece:	0.042392704635858536
calibration_test/brier:	0.4824644923210144
accuracy_test/task:	64.51
accuracy_test/concepts:	84.3787612915039
map_test/concepts:	0.8421250096289441

Epoch 22
losses_train/task:	0.878860592842102
losses_train/concepts:	21.014320373535156
losses_train/total:	2.9802916049957275
losses_test/task:	1.0498254299163818
losses_test/concepts:	21.540111541748047
losses_test/total:	3.203835964202881
calibration_test/ece:	0.04022897779941559
calibration_test/brier:	0.4798504412174225
accuracy_test/task:	64.66
accuracy_test/concepts:	84.42329406738281
map_test/concepts:	0.8424245479982346

Epoch 23
losses_train/task:	0.8610111474990845
losses_train/concepts:	20.94341468811035
losses_train/total:	2.955352306365967
losses_test/task:	1.0361601114273071
losses_test/concepts:	21.51995277404785
losses_test/total:	3.188155174255371
calibration_test/ece:	0.042288005352020264
calibration_test/brier:	0.47433164715766907
accuracy_test/task:	65.03
accuracy_test/concepts:	84.4537582397461
map_test/concepts:	0.8426777724525891

Epoch 24
losses_train/task:	0.8464634418487549
losses_train/concepts:	20.887998580932617
losses_train/total:	2.9352641105651855
losses_test/task:	1.032923698425293
losses_test/concepts:	21.496917724609375
losses_test/total:	3.1826155185699463
calibration_test/ece:	0.04876121133565903
calibration_test/brier:	0.47385919094085693
accuracy_test/task:	64.99
accuracy_test/concepts:	84.49110412597656
map_test/concepts:	0.8432288062176667

Epoch 25
losses_train/task:	0.8358575701713562
losses_train/concepts:	20.838611602783203
losses_train/total:	2.9197187423706055
losses_test/task:	1.0128848552703857
losses_test/concepts:	21.49602699279785
losses_test/total:	3.162487030029297
calibration_test/ece:	0.039565782994031906
calibration_test/brier:	0.46450746059417725
accuracy_test/task:	65.91
accuracy_test/concepts:	84.48564147949219
map_test/concepts:	0.8437349997111596

Epoch 26
losses_train/task:	0.8217715620994568
losses_train/concepts:	20.787776947021484
losses_train/total:	2.9005494117736816
losses_test/task:	1.0204962491989136
losses_test/concepts:	21.47437858581543
losses_test/total:	3.1679341793060303
calibration_test/ece:	0.045406099408864975
calibration_test/brier:	0.463498055934906
accuracy_test/task:	66.03
accuracy_test/concepts:	84.5034408569336
map_test/concepts:	0.8435033489367925

Epoch 27
losses_train/task:	0.8064041137695312
losses_train/concepts:	20.734668731689453
losses_train/total:	2.879870891571045
losses_test/task:	1.0203874111175537
losses_test/concepts:	21.482725143432617
losses_test/total:	3.1686596870422363
calibration_test/ece:	0.054164525121450424
calibration_test/brier:	0.46505308151245117
accuracy_test/task:	66.0
accuracy_test/concepts:	84.48065185546875
map_test/concepts:	0.8439732373808511

Epoch 28
losses_train/task:	0.7900917530059814
losses_train/concepts:	20.6923828125
losses_train/total:	2.8593297004699707
losses_test/task:	1.0246634483337402
losses_test/concepts:	21.512481689453125
losses_test/total:	3.1759114265441895
calibration_test/ece:	0.05770566314458847
calibration_test/brier:	0.4643413722515106
accuracy_test/task:	65.91
accuracy_test/concepts:	84.44689178466797
map_test/concepts:	0.84348509501433

Epoch 29
losses_train/task:	0.7770920991897583
losses_train/concepts:	20.64996337890625
losses_train/total:	2.842087984085083
losses_test/task:	1.00682532787323
losses_test/concepts:	21.458757400512695
losses_test/total:	3.152700901031494
calibration_test/ece:	0.0572061724960804
calibration_test/brier:	0.4581058621406555
accuracy_test/task:	66.54
accuracy_test/concepts:	84.47624969482422
map_test/concepts:	0.8441380229778588

Epoch 30
losses_train/task:	0.7641027569770813
losses_train/concepts:	20.599180221557617
losses_train/total:	2.8240203857421875
losses_test/task:	1.0194703340530396
losses_test/concepts:	21.484203338623047
losses_test/total:	3.1678903102874756
calibration_test/ece:	0.06329187005758286
calibration_test/brier:	0.46171972155570984
accuracy_test/task:	66.2
accuracy_test/concepts:	84.48892211914062
map_test/concepts:	0.8441886842483655

Epoch 31
losses_train/task:	0.7470889091491699
losses_train/concepts:	20.530559539794922
losses_train/total:	2.800145387649536
losses_test/task:	1.0162057876586914
losses_test/concepts:	21.448883056640625
losses_test/total:	3.161095142364502
calibration_test/ece:	0.06351861357688904
calibration_test/brier:	0.4584392011165619
accuracy_test/task:	66.45
accuracy_test/concepts:	84.54563903808594
map_test/concepts:	0.8448106574360281

Epoch 32
losses_train/task:	0.7356957793235779
losses_train/concepts:	20.49457550048828
losses_train/total:	2.7851529121398926
losses_test/task:	1.0230194330215454
losses_test/concepts:	21.468406677246094
losses_test/total:	3.1698601245880127
calibration_test/ece:	0.06244860216975212
calibration_test/brier:	0.4590812921524048
accuracy_test/task:	66.67
accuracy_test/concepts:	84.55469512939453
map_test/concepts:	0.8444865627097897

Epoch 33
losses_train/task:	0.7304002046585083
losses_train/concepts:	20.4578800201416
losses_train/total:	2.7761871814727783
losses_test/task:	1.0276765823364258
losses_test/concepts:	21.437885284423828
losses_test/total:	3.171464681625366
calibration_test/ece:	0.06874451041221619
calibration_test/brier:	0.4627523422241211
accuracy_test/task:	66.5
accuracy_test/concepts:	84.53546142578125
map_test/concepts:	0.8449908375041559

Epoch 34
losses_train/task:	0.7091624736785889
losses_train/concepts:	20.43330192565918
losses_train/total:	2.752492904663086
losses_test/task:	1.0151476860046387
losses_test/concepts:	21.45599937438965
losses_test/total:	3.160748243331909
calibration_test/ece:	0.06473880261182785
calibration_test/brier:	0.45613622665405273
accuracy_test/task:	67.03
accuracy_test/concepts:	84.55328369140625
map_test/concepts:	0.8449438388925046

Epoch 35
losses_train/task:	0.7025835514068604
losses_train/concepts:	20.38724136352539
losses_train/total:	2.741306781768799
losses_test/task:	1.015851616859436
losses_test/concepts:	21.413320541381836
losses_test/total:	3.1571836471557617
calibration_test/ece:	0.07424070686101913
calibration_test/brier:	0.45790302753448486
accuracy_test/task:	66.23
accuracy_test/concepts:	84.59235382080078
map_test/concepts:	0.8455452516791411

Epoch 36
losses_train/task:	0.6829575896263123
losses_train/concepts:	20.323257446289062
losses_train/total:	2.7152814865112305
losses_test/task:	1.0279102325439453
losses_test/concepts:	21.440692901611328
losses_test/total:	3.1719796657562256
calibration_test/ece:	0.07844166457653046
calibration_test/brier:	0.46072885394096375
accuracy_test/task:	66.59
accuracy_test/concepts:	84.56625366210938
map_test/concepts:	0.845374170341529

Epoch 37
losses_train/task:	0.6809305548667908
losses_train/concepts:	20.292444229125977
losses_train/total:	2.7101755142211914
losses_test/task:	1.030529260635376
losses_test/concepts:	21.446552276611328
losses_test/total:	3.175184965133667
calibration_test/ece:	0.07915877550840378
calibration_test/brier:	0.4621385633945465
accuracy_test/task:	66.72
accuracy_test/concepts:	84.5776596069336
map_test/concepts:	0.8454987486475147

Epoch 38
losses_train/task:	0.6691175699234009
losses_train/concepts:	20.251567840576172
losses_train/total:	2.694274425506592
losses_test/task:	1.0193144083023071
losses_test/concepts:	21.435522079467773
losses_test/total:	3.1628665924072266
calibration_test/ece:	0.0769435465335846
calibration_test/brier:	0.45738843083381653
accuracy_test/task:	67.4
accuracy_test/concepts:	84.56220245361328
map_test/concepts:	0.8450805969187059

Epoch 39
losses_train/task:	0.6537750959396362
losses_train/concepts:	20.22314453125
losses_train/total:	2.6760902404785156
losses_test/task:	1.0207065343856812
losses_test/concepts:	21.46734046936035
losses_test/total:	3.16744065284729
calibration_test/ece:	0.07914485037326813
calibration_test/brier:	0.45576226711273193
accuracy_test/task:	67.1
accuracy_test/concepts:	84.60124969482422
map_test/concepts:	0.8456139115733095

Epoch 40
losses_train/task:	0.6484413146972656
losses_train/concepts:	20.1796817779541
losses_train/total:	2.6664116382598877
losses_test/task:	1.0308685302734375
losses_test/concepts:	21.417591094970703
losses_test/total:	3.172628402709961
calibration_test/ece:	0.08201611042022705
calibration_test/brier:	0.459747314453125
accuracy_test/task:	67.04
accuracy_test/concepts:	84.58345794677734
map_test/concepts:	0.8456726785516366

Epoch 41
losses_train/task:	0.6312463283538818
losses_train/concepts:	20.1275691986084
losses_train/total:	2.6440036296844482
losses_test/task:	1.03721284866333
losses_test/concepts:	21.438085556030273
losses_test/total:	3.181020975112915
calibration_test/ece:	0.08947377651929855
calibration_test/brier:	0.46096479892730713
accuracy_test/task:	66.77
accuracy_test/concepts:	84.59767150878906
map_test/concepts:	0.8454625232843682

Epoch 42
losses_train/task:	0.6205722093582153
losses_train/concepts:	20.086254119873047
losses_train/total:	2.6291983127593994
losses_test/task:	1.0392820835113525
losses_test/concepts:	21.465068817138672
losses_test/total:	3.1857879161834717
calibration_test/ece:	0.08679190278053284
calibration_test/brier:	0.4607369601726532
accuracy_test/task:	66.9
accuracy_test/concepts:	84.5670394897461
map_test/concepts:	0.8454471196746454

Epoch 43
losses_train/task:	0.6132138967514038
losses_train/concepts:	20.05069351196289
losses_train/total:	2.61828351020813
losses_test/task:	1.0351139307022095
losses_test/concepts:	21.453123092651367
losses_test/total:	3.180426836013794
calibration_test/ece:	0.0892266184091568
calibration_test/brier:	0.4597150981426239
accuracy_test/task:	67.09
accuracy_test/concepts:	84.57454681396484
map_test/concepts:	0.8456061308388598

Epoch 44
losses_train/task:	0.6056069731712341
losses_train/concepts:	19.99928855895996
losses_train/total:	2.6055362224578857
losses_test/task:	1.0649361610412598
losses_test/concepts:	21.4674129486084
losses_test/total:	3.2116777896881104
calibration_test/ece:	0.09514487534761429
calibration_test/brier:	0.46965113282203674
accuracy_test/task:	66.38
accuracy_test/concepts:	84.57781982421875
map_test/concepts:	0.8454795267898589

Epoch 45
losses_train/task:	0.5933897495269775
losses_train/concepts:	19.963542938232422
losses_train/total:	2.589744806289673
losses_test/task:	1.037195086479187
losses_test/concepts:	21.48624610900879
losses_test/total:	3.185819149017334
calibration_test/ece:	0.09826918691396713
calibration_test/brier:	0.4591074287891388
accuracy_test/task:	67.39
accuracy_test/concepts:	84.58688354492188
map_test/concepts:	0.8458375658956356

Epoch 46
losses_train/task:	0.5830593705177307
losses_train/concepts:	19.920135498046875
losses_train/total:	2.5750744342803955
losses_test/task:	1.0429946184158325
losses_test/concepts:	21.45771598815918
losses_test/total:	3.1887664794921875
calibration_test/ece:	0.1033921018242836
calibration_test/brier:	0.4615207016468048
accuracy_test/task:	67.08
accuracy_test/concepts:	84.58297729492188
map_test/concepts:	0.8458254328579642

Epoch 47
losses_train/task:	0.5735734105110168
losses_train/concepts:	19.889631271362305
losses_train/total:	2.5625364780426025
losses_test/task:	1.0461899042129517
losses_test/concepts:	21.481687545776367
losses_test/total:	3.194359064102173
calibration_test/ece:	0.09694759547710419
calibration_test/brier:	0.4603904187679291
accuracy_test/task:	67.52
accuracy_test/concepts:	84.6070327758789
map_test/concepts:	0.8460385180660523

Epoch 48
losses_train/task:	0.5621147751808167
losses_train/concepts:	19.828899383544922
losses_train/total:	2.545006513595581
losses_test/task:	1.0627894401550293
losses_test/concepts:	21.513797760009766
losses_test/total:	3.2141687870025635
calibration_test/ece:	0.10806045681238174
calibration_test/brier:	0.4654025435447693
accuracy_test/task:	67.34
accuracy_test/concepts:	84.50390625
map_test/concepts:	0.8461548332124949

Epoch 49
losses_train/task:	0.5580450892448425
losses_train/concepts:	19.82402992248535
losses_train/total:	2.540447950363159
losses_test/task:	1.0736854076385498
losses_test/concepts:	21.534536361694336
losses_test/total:	3.2271387577056885
calibration_test/ece:	0.1020309329032898
calibration_test/brier:	0.4659484028816223
accuracy_test/task:	67.17
accuracy_test/concepts:	84.52001190185547
map_test/concepts:	0.8456461941823363

Epoch 50
losses_train/task:	0.5482999682426453
losses_train/concepts:	19.76556396484375
losses_train/total:	2.5248568058013916
losses_test/task:	1.0734249353408813
losses_test/concepts:	21.498334884643555
losses_test/total:	3.2232584953308105
calibration_test/ece:	0.10703687369823456
calibration_test/brier:	0.4654986262321472
accuracy_test/task:	67.29
accuracy_test/concepts:	84.568603515625
map_test/concepts:	0.8464419299853034

Epoch 51
losses_train/task:	0.541618287563324
losses_train/concepts:	19.760618209838867
losses_train/total:	2.5176782608032227
losses_test/task:	1.0958682298660278
losses_test/concepts:	21.511226654052734
losses_test/total:	3.246990919113159
calibration_test/ece:	0.11145137250423431
calibration_test/brier:	0.47480708360671997
accuracy_test/task:	66.6
accuracy_test/concepts:	84.5534439086914
map_test/concepts:	0.8456718539237045

Epoch 52
losses_train/task:	0.5299604535102844
losses_train/concepts:	19.698137283325195
losses_train/total:	2.499772787094116
losses_test/task:	1.0749807357788086
losses_test/concepts:	21.515363693237305
losses_test/total:	3.2265167236328125
calibration_test/ece:	0.10884018987417221
calibration_test/brier:	0.4647120237350464
accuracy_test/task:	67.4
accuracy_test/concepts:	84.57953643798828
map_test/concepts:	0.8460512007004581

Epoch 53
losses_train/task:	0.5238344073295593
losses_train/concepts:	19.68335723876953
losses_train/total:	2.4921700954437256
losses_test/task:	1.1080025434494019
losses_test/concepts:	21.53317642211914
losses_test/total:	3.261319875717163
calibration_test/ece:	0.1155855655670166
calibration_test/brier:	0.475024938583374
accuracy_test/task:	66.84
accuracy_test/concepts:	84.50889587402344
map_test/concepts:	0.8460126494755968

Epoch 54
losses_train/task:	0.5162680149078369
losses_train/concepts:	19.620426177978516
losses_train/total:	2.47831130027771
losses_test/task:	1.0859100818634033
losses_test/concepts:	21.534561157226562
losses_test/total:	3.2393667697906494
calibration_test/ece:	0.11555994302034378
calibration_test/brier:	0.4677545428276062
accuracy_test/task:	67.42
accuracy_test/concepts:	84.607177734375
map_test/concepts:	0.8464699205942452

Epoch 55
losses_train/task:	0.5155907273292542
losses_train/concepts:	19.604475021362305
losses_train/total:	2.4760382175445557
losses_test/task:	1.09615159034729
losses_test/concepts:	21.517658233642578
losses_test/total:	3.2479171752929688
calibration_test/ece:	0.1163177564740181
calibration_test/brier:	0.4715677797794342
accuracy_test/task:	67.1
accuracy_test/concepts:	84.58967590332031
map_test/concepts:	0.8459748002933338

Epoch 56
losses_train/task:	0.502285897731781
losses_train/concepts:	19.5655517578125
losses_train/total:	2.458841323852539
losses_test/task:	1.0743604898452759
losses_test/concepts:	21.53342628479004
losses_test/total:	3.227703094482422
calibration_test/ece:	0.11364570260047913
calibration_test/brier:	0.4612603485584259
accuracy_test/task:	67.87
accuracy_test/concepts:	84.59515380859375
map_test/concepts:	0.8463021282223053

Epoch 57
losses_train/task:	0.48858290910720825
losses_train/concepts:	19.529773712158203
losses_train/total:	2.4415600299835205
losses_test/task:	1.120270013809204
losses_test/concepts:	21.568592071533203
losses_test/total:	3.2771294116973877
calibration_test/ece:	0.12605895102024078
calibration_test/brier:	0.4761604368686676
accuracy_test/task:	66.82
accuracy_test/concepts:	84.5804672241211
map_test/concepts:	0.8463096211198717

Epoch 58
losses_train/task:	0.4860036373138428
losses_train/concepts:	19.500064849853516
losses_train/total:	2.4360110759735107
losses_test/task:	1.1144336462020874
losses_test/concepts:	21.57158088684082
losses_test/total:	3.271592140197754
calibration_test/ece:	0.1252293884754181
calibration_test/brier:	0.47435224056243896
accuracy_test/task:	67.13
accuracy_test/concepts:	84.5484390258789
map_test/concepts:	0.8460508241550997

Epoch 59
losses_train/task:	0.4790203273296356
losses_train/concepts:	19.457677841186523
losses_train/total:	2.4247887134552
losses_test/task:	1.1156889200210571
losses_test/concepts:	21.562280654907227
losses_test/total:	3.2719178199768066
calibration_test/ece:	0.1282511204481125
calibration_test/brier:	0.4740848243236542
accuracy_test/task:	67.37
accuracy_test/concepts:	84.58534240722656
map_test/concepts:	0.8466836924199015

Epoch 60
losses_train/task:	0.4755260944366455
losses_train/concepts:	19.42717742919922
losses_train/total:	2.418243169784546
losses_test/task:	1.119316577911377
losses_test/concepts:	21.60382080078125
losses_test/total:	3.279697895050049
calibration_test/ece:	0.12983012199401855
calibration_test/brier:	0.4780898988246918
accuracy_test/task:	66.75
accuracy_test/concepts:	84.56233215332031
map_test/concepts:	0.8461991950753145

Epoch 61
losses_train/task:	0.4718138873577118
losses_train/concepts:	19.393159866333008
losses_train/total:	2.411130428314209
losses_test/task:	1.1253727674484253
losses_test/concepts:	21.61475372314453
losses_test/total:	3.2868478298187256
calibration_test/ece:	0.13665886223316193
calibration_test/brier:	0.4774189591407776
accuracy_test/task:	66.92
accuracy_test/concepts:	84.57796478271484
map_test/concepts:	0.8466291574877687

Epoch 62
losses_train/task:	0.4664646089076996
losses_train/concepts:	19.35235595703125
losses_train/total:	2.4017014503479004
losses_test/task:	1.11568284034729
losses_test/concepts:	21.56076431274414
losses_test/total:	3.271759510040283
calibration_test/ece:	0.12754200398921967
calibration_test/brier:	0.47091588377952576
accuracy_test/task:	67.82
accuracy_test/concepts:	84.58814239501953
map_test/concepts:	0.8461907802848145

Epoch 63
losses_train/task:	0.45330366492271423
losses_train/concepts:	19.321557998657227
losses_train/total:	2.3854591846466064
losses_test/task:	1.121181607246399
losses_test/concepts:	21.57784652709961
losses_test/total:	3.278966188430786
calibration_test/ece:	0.1292971819639206
calibration_test/brier:	0.4707939326763153
accuracy_test/task:	67.96
accuracy_test/concepts:	84.55204010009766
map_test/concepts:	0.846304957231041

Epoch 64
losses_train/task:	0.4525817930698395
losses_train/concepts:	19.288206100463867
losses_train/total:	2.3814034461975098
losses_test/task:	1.1393449306488037
losses_test/concepts:	21.596952438354492
losses_test/total:	3.2990403175354004
calibration_test/ece:	0.1312425136566162
calibration_test/brier:	0.4758821427822113
accuracy_test/task:	67.8
accuracy_test/concepts:	84.5239028930664
map_test/concepts:	0.8463938389904797

Epoch 65
losses_train/task:	0.4463067352771759
losses_train/concepts:	19.25498390197754
losses_train/total:	2.3718032836914062
losses_test/task:	1.131821870803833
losses_test/concepts:	21.58159828186035
losses_test/total:	3.2899820804595947
calibration_test/ece:	0.1340639293193817
calibration_test/brier:	0.47595253586769104
accuracy_test/task:	67.23
accuracy_test/concepts:	84.56187438964844
map_test/concepts:	0.8464155914261937

Epoch 66
losses_train/task:	0.4324207603931427
losses_train/concepts:	19.21947479248047
losses_train/total:	2.354367733001709
losses_test/task:	1.1368571519851685
losses_test/concepts:	21.60514259338379
losses_test/total:	3.297372579574585
calibration_test/ece:	0.13847807049751282
calibration_test/brier:	0.47690486907958984
accuracy_test/task:	67.32
accuracy_test/concepts:	84.55780029296875
map_test/concepts:	0.8463366276118904

Epoch 67
losses_train/task:	0.43220677971839905
losses_train/concepts:	19.192279815673828
losses_train/total:	2.3514339923858643
losses_test/task:	1.1507598161697388
losses_test/concepts:	21.627328872680664
losses_test/total:	3.3134925365448
calibration_test/ece:	0.14159339666366577
calibration_test/brier:	0.48148614168167114
accuracy_test/task:	66.98
accuracy_test/concepts:	84.5418701171875
map_test/concepts:	0.8465443884488195

Epoch 68
losses_train/task:	0.4295111298561096
losses_train/concepts:	19.14666748046875
losses_train/total:	2.3441786766052246
losses_test/task:	1.1456364393234253
losses_test/concepts:	21.647876739501953
losses_test/total:	3.3104236125946045
calibration_test/ece:	0.14163750410079956
calibration_test/brier:	0.47827354073524475
accuracy_test/task:	67.3
accuracy_test/concepts:	84.5631103515625
map_test/concepts:	0.8465436287224293

Epoch 69
losses_train/task:	0.4242972433567047
losses_train/concepts:	19.11809539794922
losses_train/total:	2.3361053466796875
losses_test/task:	1.1446342468261719
losses_test/concepts:	21.57913589477539
losses_test/total:	3.3025479316711426
calibration_test/ece:	0.14285503327846527
calibration_test/brier:	0.47915682196617126
accuracy_test/task:	67.24
accuracy_test/concepts:	84.5423355102539
map_test/concepts:	0.8463732777163386

Epoch 70
losses_train/task:	0.4127326011657715
losses_train/concepts:	19.0946102142334
losses_train/total:	2.322192668914795
losses_test/task:	1.1556825637817383
losses_test/concepts:	21.666357040405273
losses_test/total:	3.3223185539245605
calibration_test/ece:	0.14756937325000763
calibration_test/brier:	0.4822831451892853
accuracy_test/task:	67.56
accuracy_test/concepts:	84.5653076171875
map_test/concepts:	0.846833580173552

Epoch 71
losses_train/task:	0.4103141725063324
losses_train/concepts:	19.083450317382812
losses_train/total:	2.318660259246826
losses_test/task:	1.1560966968536377
losses_test/concepts:	21.70001792907715
losses_test/total:	3.326098680496216
calibration_test/ece:	0.14506196975708008
calibration_test/brier:	0.4775104522705078
accuracy_test/task:	67.91
accuracy_test/concepts:	84.51795959472656
map_test/concepts:	0.8462206373806112

Epoch 72
losses_train/task:	0.40910518169403076
losses_train/concepts:	19.04570198059082
losses_train/total:	2.31367564201355
losses_test/task:	1.1770399808883667
losses_test/concepts:	21.703819274902344
losses_test/total:	3.347421884536743
calibration_test/ece:	0.14621742069721222
calibration_test/brier:	0.4816737771034241
accuracy_test/task:	67.64
accuracy_test/concepts:	84.52141571044922
map_test/concepts:	0.8463149000890553

Epoch 73
losses_train/task:	0.39866936206817627
losses_train/concepts:	18.979639053344727
losses_train/total:	2.296633005142212
losses_test/task:	1.1939666271209717
losses_test/concepts:	21.726327896118164
losses_test/total:	3.3665988445281982
calibration_test/ece:	0.15380173921585083
calibration_test/brier:	0.4882023334503174
accuracy_test/task:	66.99
accuracy_test/concepts:	84.48875427246094
map_test/concepts:	0.8454131918260828

Epoch 74
losses_train/task:	0.3997912108898163
losses_train/concepts:	18.945940017700195
losses_train/total:	2.294384479522705
losses_test/task:	1.1801873445510864
losses_test/concepts:	21.743989944458008
losses_test/total:	3.3545873165130615
calibration_test/ece:	0.15328043699264526
calibration_test/brier:	0.4848988652229309
accuracy_test/task:	67.33
accuracy_test/concepts:	84.48624420166016
map_test/concepts:	0.8464447213918902

Epoch 75
losses_train/task:	0.3829873204231262
losses_train/concepts:	18.933759689331055
losses_train/total:	2.2763631343841553
losses_test/task:	1.1808311939239502
losses_test/concepts:	21.759014129638672
losses_test/total:	3.3567328453063965
calibration_test/ece:	0.15253405272960663
calibration_test/brier:	0.484126478433609
accuracy_test/task:	67.43
accuracy_test/concepts:	84.54375457763672
map_test/concepts:	0.8459058891166933

Epoch 76
losses_train/task:	0.38626861572265625
losses_train/concepts:	18.88109588623047
losses_train/total:	2.2743780612945557
losses_test/task:	1.1848899126052856
losses_test/concepts:	21.785383224487305
losses_test/total:	3.3634285926818848
calibration_test/ece:	0.15411771833896637
calibration_test/brier:	0.4851337969303131
accuracy_test/task:	67.54
accuracy_test/concepts:	84.5051498413086
map_test/concepts:	0.8463889649137855

Epoch 77
losses_train/task:	0.383796364068985
losses_train/concepts:	18.899742126464844
losses_train/total:	2.273770332336426
losses_test/task:	1.201693058013916
losses_test/concepts:	21.702939987182617
losses_test/total:	3.3719868659973145
calibration_test/ece:	0.15953344106674194
calibration_test/brier:	0.4921283721923828
accuracy_test/task:	66.98
accuracy_test/concepts:	84.49249267578125
map_test/concepts:	0.846453468198888

Epoch 78
losses_train/task:	0.38041090965270996
losses_train/concepts:	18.839223861694336
losses_train/total:	2.2643346786499023
losses_test/task:	1.1944160461425781
losses_test/concepts:	21.74894905090332
losses_test/total:	3.369311809539795
calibration_test/ece:	0.15377172827720642
calibration_test/brier:	0.4839837849140167
accuracy_test/task:	67.82
accuracy_test/concepts:	84.470458984375
map_test/concepts:	0.8465391083736904

Epoch 79
losses_train/task:	0.3734971284866333
losses_train/concepts:	18.830551147460938
losses_train/total:	2.2565512657165527
losses_test/task:	1.1939688920974731
losses_test/concepts:	21.740062713623047
losses_test/total:	3.3679747581481934
calibration_test/ece:	0.16026991605758667
calibration_test/brier:	0.4905168116092682
accuracy_test/task:	67.15
accuracy_test/concepts:	84.50984191894531
map_test/concepts:	0.8461644205381162

Epoch 80
losses_train/task:	0.366988867521286
losses_train/concepts:	18.78232765197754
losses_train/total:	2.2452218532562256
losses_test/task:	1.2057242393493652
losses_test/concepts:	21.784372329711914
losses_test/total:	3.3841612339019775
calibration_test/ece:	0.1618359386920929
calibration_test/brier:	0.4917348623275757
accuracy_test/task:	67.16
accuracy_test/concepts:	84.47767639160156
map_test/concepts:	0.8458074978552759

Epoch 81
losses_train/task:	0.34366127848625183
losses_train/concepts:	18.581470489501953
losses_train/total:	2.201810359954834
losses_test/task:	1.1751887798309326
losses_test/concepts:	21.673566818237305
losses_test/total:	3.342545509338379
calibration_test/ece:	0.15238924324512482
calibration_test/brier:	0.4764203131198883
accuracy_test/task:	68.23
accuracy_test/concepts:	84.56344604492188
map_test/concepts:	0.8471850343048573

Epoch 82
losses_train/task:	0.32995152473449707
losses_train/concepts:	18.55986976623535
losses_train/total:	2.185938596725464
losses_test/task:	1.1678104400634766
losses_test/concepts:	21.6590518951416
losses_test/total:	3.3337159156799316
calibration_test/ece:	0.15179826319217682
calibration_test/brier:	0.47311723232269287
accuracy_test/task:	68.37
accuracy_test/concepts:	84.58545684814453
map_test/concepts:	0.8473593750968575

Epoch 83
losses_train/task:	0.3257236182689667
losses_train/concepts:	18.5266056060791
losses_train/total:	2.1783857345581055
losses_test/task:	1.1743615865707397
losses_test/concepts:	21.655662536621094
losses_test/total:	3.339928150177002
calibration_test/ece:	0.15415799617767334
calibration_test/brier:	0.4751593768596649
accuracy_test/task:	68.19
accuracy_test/concepts:	84.59935760498047
map_test/concepts:	0.8474299711524509

Epoch 84
losses_train/task:	0.3228788673877716
losses_train/concepts:	18.49966812133789
losses_train/total:	2.1728451251983643
losses_test/task:	1.1771149635314941
losses_test/concepts:	21.679332733154297
losses_test/total:	3.345048427581787
calibration_test/ece:	0.1543591171503067
calibration_test/brier:	0.47675228118896484
accuracy_test/task:	68.15
accuracy_test/concepts:	84.58734130859375
map_test/concepts:	0.8475112449377775

Epoch 85
losses_train/task:	0.3225567638874054
losses_train/concepts:	18.487510681152344
losses_train/total:	2.1713082790374756
losses_test/task:	1.1698769330978394
losses_test/concepts:	21.664491653442383
losses_test/total:	3.3363265991210938
calibration_test/ece:	0.15141519904136658
calibration_test/brier:	0.4736156165599823
accuracy_test/task:	68.52
accuracy_test/concepts:	84.60796356201172
map_test/concepts:	0.8474907155614346

Epoch 86
losses_train/task:	0.31650155782699585
losses_train/concepts:	18.46708106994629
losses_train/total:	2.16321063041687
losses_test/task:	1.1784205436706543
losses_test/concepts:	21.700820922851562
losses_test/total:	3.3485023975372314
calibration_test/ece:	0.15177899599075317
calibration_test/brier:	0.47526729106903076
accuracy_test/task:	68.51
accuracy_test/concepts:	84.56483459472656
map_test/concepts:	0.8475210792967118

Epoch 87
losses_train/task:	0.32111528515815735
losses_train/concepts:	18.473804473876953
losses_train/total:	2.1684961318969727
losses_test/task:	1.1766611337661743
losses_test/concepts:	21.686960220336914
losses_test/total:	3.3453574180603027
calibration_test/ece:	0.15430349111557007
calibration_test/brier:	0.4768882691860199
accuracy_test/task:	68.13
accuracy_test/concepts:	84.58531951904297
map_test/concepts:	0.847566191398073

Epoch 88
losses_train/task:	0.30922067165374756
losses_train/concepts:	18.4558048248291
losses_train/total:	2.154801607131958
losses_test/task:	1.1755472421646118
losses_test/concepts:	21.689237594604492
losses_test/total:	3.3444716930389404
calibration_test/ece:	0.1547510325908661
calibration_test/brier:	0.4754706919193268
accuracy_test/task:	68.19
accuracy_test/concepts:	84.59015655517578
map_test/concepts:	0.847481740580406

Epoch 89
losses_train/task:	0.3112327456474304
losses_train/concepts:	18.43045997619629
losses_train/total:	2.1542792320251465
losses_test/task:	1.1797815561294556
losses_test/concepts:	21.681440353393555
losses_test/total:	3.3479247093200684
calibration_test/ece:	0.15091031789779663
calibration_test/brier:	0.4730603098869324
accuracy_test/task:	68.61
accuracy_test/concepts:	84.58016204833984
map_test/concepts:	0.8474830854102038

Epoch 90
losses_train/task:	0.31146860122680664
losses_train/concepts:	18.418020248413086
losses_train/total:	2.1532697677612305
losses_test/task:	1.1818268299102783
losses_test/concepts:	21.689638137817383
losses_test/total:	3.3507914543151855
calibration_test/ece:	0.15458714962005615
calibration_test/brier:	0.477203369140625
accuracy_test/task:	68.33
accuracy_test/concepts:	84.57438659667969
map_test/concepts:	0.8474426864413545

Epoch 91
losses_train/task:	0.3099987506866455
losses_train/concepts:	18.41579246520996
losses_train/total:	2.151578187942505
losses_test/task:	1.1786155700683594
losses_test/concepts:	21.68976593017578
losses_test/total:	3.3475914001464844
calibration_test/ece:	0.15251189470291138
calibration_test/brier:	0.4729650318622589
accuracy_test/task:	68.62
accuracy_test/concepts:	84.5790786743164
map_test/concepts:	0.8474003405426629

Epoch 92
losses_train/task:	0.3061618208885193
losses_train/concepts:	18.421772003173828
losses_train/total:	2.148338556289673
losses_test/task:	1.189261555671692
losses_test/concepts:	21.676815032958984
losses_test/total:	3.356942892074585
calibration_test/ece:	0.15813332796096802
calibration_test/brier:	0.4788972735404968
accuracy_test/task:	68.13
accuracy_test/concepts:	84.55970764160156
map_test/concepts:	0.8474862129660323

Epoch 93
losses_train/task:	0.3091316819190979
losses_train/concepts:	18.388322830200195
losses_train/total:	2.147963285446167
losses_test/task:	1.182065725326538
losses_test/concepts:	21.68631935119629
losses_test/total:	3.3506977558135986
calibration_test/ece:	0.15542522072792053
calibration_test/brier:	0.47591060400009155
accuracy_test/task:	68.35
accuracy_test/concepts:	84.57843780517578
map_test/concepts:	0.8474633894511499

Epoch 94
losses_train/task:	0.3073456287384033
losses_train/concepts:	18.389070510864258
losses_train/total:	2.1462528705596924
losses_test/task:	1.1960796117782593
losses_test/concepts:	21.714075088500977
losses_test/total:	3.3674864768981934
calibration_test/ece:	0.1568923443555832
calibration_test/brier:	0.47916996479034424
accuracy_test/task:	68.36
accuracy_test/concepts:	84.54859924316406
map_test/concepts:	0.8473622269229963

Epoch 95
losses_train/task:	0.3064402639865875
losses_train/concepts:	18.37296485900879
losses_train/total:	2.143735647201538
losses_test/task:	1.1923822164535522
losses_test/concepts:	21.695600509643555
losses_test/total:	3.3619425296783447
calibration_test/ece:	0.1574944257736206
calibration_test/brier:	0.47870156168937683
accuracy_test/task:	68.27
accuracy_test/concepts:	84.60484313964844
map_test/concepts:	0.8475644889404066

Epoch 96
losses_train/task:	0.30197811126708984
losses_train/concepts:	18.354568481445312
losses_train/total:	2.1374354362487793
losses_test/task:	1.1872198581695557
losses_test/concepts:	21.702194213867188
losses_test/total:	3.3574392795562744
calibration_test/ece:	0.15351852774620056
calibration_test/brier:	0.47481855750083923
accuracy_test/task:	68.75
accuracy_test/concepts:	84.5854721069336
map_test/concepts:	0.8474844848969951

Epoch 97
losses_train/task:	0.29581841826438904
losses_train/concepts:	18.364118576049805
losses_train/total:	2.132230281829834
losses_test/task:	1.186856746673584
losses_test/concepts:	21.68766975402832
losses_test/total:	3.355624198913574
calibration_test/ece:	0.15722353756427765
calibration_test/brier:	0.476793110370636
accuracy_test/task:	68.38
accuracy_test/concepts:	84.59766387939453
map_test/concepts:	0.8475108351558447

Epoch 98
losses_train/task:	0.2977029085159302
losses_train/concepts:	18.354087829589844
losses_train/total:	2.1331117153167725
losses_test/task:	1.194757103919983
losses_test/concepts:	21.692886352539062
losses_test/total:	3.364046573638916
calibration_test/ece:	0.15846970677375793
calibration_test/brier:	0.47826507687568665
accuracy_test/task:	68.1
accuracy_test/concepts:	84.5753173828125
map_test/concepts:	0.8475912920548581

Epoch 99
losses_train/task:	0.29765087366104126
losses_train/concepts:	18.356842041015625
losses_train/total:	2.1333343982696533
losses_test/task:	1.1929007768630981
losses_test/concepts:	21.69950294494629
losses_test/total:	3.3628506660461426
calibration_test/ece:	0.15882554650306702
calibration_test/brier:	0.4796435534954071
accuracy_test/task:	68.18
accuracy_test/concepts:	84.59968566894531
map_test/concepts:	0.8475874437135644

Epoch 100
losses_train/task:	0.2948664128780365
losses_train/concepts:	18.338607788085938
losses_train/total:	2.128727674484253
losses_test/task:	1.1949843168258667
losses_test/concepts:	21.688858032226562
losses_test/total:	3.3638689517974854
calibration_test/ece:	0.1574125438928604
calibration_test/brier:	0.47865787148475647
accuracy_test/task:	68.39
accuracy_test/concepts:	84.58702850341797
map_test/concepts:	0.8474012569640763

Epoch 101
losses_train/task:	0.2919391691684723
losses_train/concepts:	18.332616806030273
losses_train/total:	2.125200033187866
losses_test/task:	1.2014000415802002
losses_test/concepts:	21.70245361328125
losses_test/total:	3.3716447353363037
calibration_test/ece:	0.1597106009721756
calibration_test/brier:	0.47911831736564636
accuracy_test/task:	68.22
accuracy_test/concepts:	84.5892333984375
map_test/concepts:	0.847448852902744

Epoch 102
losses_train/task:	0.29907798767089844
losses_train/concepts:	18.326297760009766
losses_train/total:	2.131706953048706
losses_test/task:	1.2034722566604614
losses_test/concepts:	21.701765060424805
losses_test/total:	3.3736488819122314
calibration_test/ece:	0.15903672575950623
calibration_test/brier:	0.4794329106807709
accuracy_test/task:	68.24
accuracy_test/concepts:	84.59423065185547
map_test/concepts:	0.8476115263765678

Epoch 103
losses_train/task:	0.29513484239578247
losses_train/concepts:	18.300127029418945
losses_train/total:	2.1251461505889893
losses_test/task:	1.195310354232788
losses_test/concepts:	21.70716667175293
losses_test/total:	3.3660266399383545
calibration_test/ece:	0.1580185890197754
calibration_test/brier:	0.476656973361969
accuracy_test/task:	68.36
accuracy_test/concepts:	84.58452606201172
map_test/concepts:	0.8475375666166656

Epoch 104
losses_train/task:	0.29122185707092285
losses_train/concepts:	18.32002067565918
losses_train/total:	2.1232235431671143
losses_test/task:	1.2008030414581299
losses_test/concepts:	21.718347549438477
losses_test/total:	3.3726367950439453
calibration_test/ece:	0.16080255806446075
calibration_test/brier:	0.47917139530181885
accuracy_test/task:	68.13
accuracy_test/concepts:	84.5865707397461
map_test/concepts:	0.8472188740270212

Epoch 105
losses_train/task:	0.2869134247303009
losses_train/concepts:	18.30830192565918
losses_train/total:	2.1177423000335693
losses_test/task:	1.2060368061065674
losses_test/concepts:	21.734933853149414
losses_test/total:	3.379530906677246
calibration_test/ece:	0.15796002745628357
calibration_test/brier:	0.47896870970726013
accuracy_test/task:	68.46
accuracy_test/concepts:	84.56578826904297
map_test/concepts:	0.8472920380881988

Epoch 106
losses_train/task:	0.28576961159706116
losses_train/concepts:	18.29296112060547
losses_train/total:	2.115065097808838
losses_test/task:	1.2019481658935547
losses_test/concepts:	21.732013702392578
losses_test/total:	3.375149965286255
calibration_test/ece:	0.16144442558288574
calibration_test/brier:	0.478591650724411
accuracy_test/task:	68.18
accuracy_test/concepts:	84.57437133789062
map_test/concepts:	0.8474043447640724

Epoch 107
losses_train/task:	0.29272907972335815
losses_train/concepts:	18.27808952331543
losses_train/total:	2.1205389499664307
losses_test/task:	1.2183897495269775
losses_test/concepts:	21.741111755371094
losses_test/total:	3.3925013542175293
calibration_test/ece:	0.1609165519475937
calibration_test/brier:	0.4816391170024872
accuracy_test/task:	68.09
accuracy_test/concepts:	84.56781768798828
map_test/concepts:	0.8472405900247395

Epoch 108
losses_train/task:	0.2856862246990204
losses_train/concepts:	18.28519058227539
losses_train/total:	2.114205837249756
losses_test/task:	1.2144513130187988
losses_test/concepts:	21.74443244934082
losses_test/total:	3.388894557952881
calibration_test/ece:	0.15869879722595215
calibration_test/brier:	0.47952523827552795
accuracy_test/task:	68.41
accuracy_test/concepts:	84.5770263671875
map_test/concepts:	0.8473179084248841

Epoch 109
losses_train/task:	0.28762900829315186
losses_train/concepts:	18.281150817871094
losses_train/total:	2.115744113922119
losses_test/task:	1.208425760269165
losses_test/concepts:	21.732440948486328
losses_test/total:	3.3816702365875244
calibration_test/ece:	0.1590796262025833
calibration_test/brier:	0.4785047769546509
accuracy_test/task:	68.52
accuracy_test/concepts:	84.5640640258789
map_test/concepts:	0.8472779497387819

Epoch 110
losses_train/task:	0.2798224091529846
losses_train/concepts:	18.2872371673584
losses_train/total:	2.108546495437622
losses_test/task:	1.2131989002227783
losses_test/concepts:	21.74698829650879
losses_test/total:	3.3878977298736572
calibration_test/ece:	0.15976789593696594
calibration_test/brier:	0.4783708155155182
accuracy_test/task:	68.47
accuracy_test/concepts:	84.55235290527344
map_test/concepts:	0.8473006897838786

Epoch 111
losses_train/task:	0.2874049246311188
losses_train/concepts:	18.26346778869629
losses_train/total:	2.1137523651123047
losses_test/task:	1.2097705602645874
losses_test/concepts:	21.72640037536621
losses_test/total:	3.382411241531372
calibration_test/ece:	0.15978118777275085
calibration_test/brier:	0.47903457283973694
accuracy_test/task:	68.39
accuracy_test/concepts:	84.56187438964844
map_test/concepts:	0.8473422421957366

Epoch 112
losses_train/task:	0.2838697135448456
losses_train/concepts:	18.277559280395508
losses_train/total:	2.1116251945495605
losses_test/task:	1.217212200164795
losses_test/concepts:	21.738536834716797
losses_test/total:	3.391065835952759
calibration_test/ece:	0.16222339868545532
calibration_test/brier:	0.48117315769195557
accuracy_test/task:	68.34
accuracy_test/concepts:	84.56859588623047
map_test/concepts:	0.8472577413194813

Epoch 113
losses_train/task:	0.28398701548576355
losses_train/concepts:	18.24919891357422
losses_train/total:	2.1089067459106445
losses_test/task:	1.222719669342041
losses_test/concepts:	21.73570442199707
losses_test/total:	3.3962900638580322
calibration_test/ece:	0.16374044120311737
calibration_test/brier:	0.4820669889450073
accuracy_test/task:	68.11
accuracy_test/concepts:	84.57140350341797
map_test/concepts:	0.8473090608604252

Epoch 114
losses_train/task:	0.2847580909729004
losses_train/concepts:	18.242488861083984
losses_train/total:	2.109006881713867
losses_test/task:	1.2238271236419678
losses_test/concepts:	21.752439498901367
losses_test/total:	3.3990702629089355
calibration_test/ece:	0.1635262817144394
calibration_test/brier:	0.4829476475715637
accuracy_test/task:	68.25
accuracy_test/concepts:	84.57876586914062
map_test/concepts:	0.8473701853654347

Epoch 115
losses_train/task:	0.2838546931743622
losses_train/concepts:	18.234989166259766
losses_train/total:	2.1073522567749023
losses_test/task:	1.2217252254486084
losses_test/concepts:	21.744895935058594
losses_test/total:	3.3962152004241943
calibration_test/ece:	0.16289860010147095
calibration_test/brier:	0.48173198103904724
accuracy_test/task:	68.34
accuracy_test/concepts:	84.57189178466797
map_test/concepts:	0.8474663536762819

Epoch 116
losses_train/task:	0.2814455032348633
losses_train/concepts:	18.208993911743164
losses_train/total:	2.1023447513580322
losses_test/task:	1.2289925813674927
losses_test/concepts:	21.753862380981445
losses_test/total:	3.404378890991211
calibration_test/ece:	0.1623336672782898
calibration_test/brier:	0.4826298952102661
accuracy_test/task:	68.4
accuracy_test/concepts:	84.56046295166016
map_test/concepts:	0.847326738119591

Epoch 117
losses_train/task:	0.27831295132637024
losses_train/concepts:	18.21500015258789
losses_train/total:	2.099813222885132
losses_test/task:	1.2292224168777466
losses_test/concepts:	21.739452362060547
losses_test/total:	3.403167724609375
calibration_test/ece:	0.1631033718585968
calibration_test/brier:	0.482924222946167
accuracy_test/task:	68.36
accuracy_test/concepts:	84.55906677246094
map_test/concepts:	0.8472754885442555

Epoch 118
losses_train/task:	0.2810012996196747
losses_train/concepts:	18.242650985717773
losses_train/total:	2.105266571044922
losses_test/task:	1.2262426614761353
losses_test/concepts:	21.74597930908203
losses_test/total:	3.4008402824401855
calibration_test/ece:	0.16541343927383423
calibration_test/brier:	0.484513521194458
accuracy_test/task:	68.17
accuracy_test/concepts:	84.55062866210938
map_test/concepts:	0.8471997614833526

Epoch 119
losses_train/task:	0.2767224609851837
losses_train/concepts:	18.217050552368164
losses_train/total:	2.0984272956848145
losses_test/task:	1.2331477403640747
losses_test/concepts:	21.757490158081055
losses_test/total:	3.4088969230651855
calibration_test/ece:	0.16736887395381927
calibration_test/brier:	0.48733067512512207
accuracy_test/task:	67.93
accuracy_test/concepts:	84.53515625
map_test/concepts:	0.8471383986761793

Epoch 120
losses_train/task:	0.27733901143074036
losses_train/concepts:	18.20882797241211
losses_train/total:	2.0982213020324707
losses_test/task:	1.2375242710113525
losses_test/concepts:	21.75029945373535
losses_test/total:	3.412555694580078
calibration_test/ece:	0.1654527634382248
calibration_test/brier:	0.48594462871551514
accuracy_test/task:	68.22
accuracy_test/concepts:	84.57001495361328
map_test/concepts:	0.8472466547391377

Epoch 121
losses_train/task:	0.27615100145339966
losses_train/concepts:	18.215656280517578
losses_train/total:	2.09771728515625
losses_test/task:	1.2341774702072144
losses_test/concepts:	21.744422912597656
losses_test/total:	3.4086201190948486
calibration_test/ece:	0.1652957797050476
calibration_test/brier:	0.48351815342903137
accuracy_test/task:	68.31
accuracy_test/concepts:	84.57376098632812
map_test/concepts:	0.8473517531529069

Epoch 122
losses_train/task:	0.27155885100364685
losses_train/concepts:	18.181625366210938
losses_train/total:	2.089721441268921
losses_test/task:	1.2408843040466309
losses_test/concepts:	21.770845413208008
losses_test/total:	3.417969226837158
calibration_test/ece:	0.16874046623706818
calibration_test/brier:	0.4868166148662567
accuracy_test/task:	67.89
accuracy_test/concepts:	84.55484008789062
map_test/concepts:	0.8472435039584525

Epoch 123
losses_train/task:	0.27732881903648376
losses_train/concepts:	18.186426162719727
losses_train/total:	2.0959713459014893
losses_test/task:	1.2321728467941284
losses_test/concepts:	21.775802612304688
losses_test/total:	3.409752368927002
calibration_test/ece:	0.16605708003044128
calibration_test/brier:	0.4841665029525757
accuracy_test/task:	68.18
accuracy_test/concepts:	84.5475082397461
map_test/concepts:	0.8470177224371582

Epoch 124
losses_train/task:	0.2753082513809204
losses_train/concepts:	18.195236206054688
losses_train/total:	2.0948326587677
losses_test/task:	1.2357828617095947
losses_test/concepts:	21.77920150756836
losses_test/total:	3.4137024879455566
calibration_test/ece:	0.16325800120830536
calibration_test/brier:	0.48239126801490784
accuracy_test/task:	68.63
accuracy_test/concepts:	84.54736328125
map_test/concepts:	0.8471495970152318

Epoch 125
losses_train/task:	0.26867520809173584
losses_train/concepts:	18.179582595825195
losses_train/total:	2.0866329669952393
losses_test/task:	1.2397180795669556
losses_test/concepts:	21.77579689025879
losses_test/total:	3.41729736328125
calibration_test/ece:	0.1660342514514923
calibration_test/brier:	0.48438602685928345
accuracy_test/task:	68.27
accuracy_test/concepts:	84.55828857421875
map_test/concepts:	0.8473138358676806

Epoch 126
losses_train/task:	0.2702986001968384
losses_train/concepts:	18.175874710083008
losses_train/total:	2.087885856628418
losses_test/task:	1.2457497119903564
losses_test/concepts:	21.780929565429688
losses_test/total:	3.4238433837890625
calibration_test/ece:	0.16614514589309692
calibration_test/brier:	0.4849269390106201
accuracy_test/task:	68.35
accuracy_test/concepts:	84.54423522949219
map_test/concepts:	0.8472030690754764

Epoch 127
losses_train/task:	0.2681410014629364
losses_train/concepts:	18.141881942749023
losses_train/total:	2.0823280811309814
losses_test/task:	1.2436716556549072
losses_test/concepts:	21.777122497558594
losses_test/total:	3.4213836193084717
calibration_test/ece:	0.16770915687084198
calibration_test/brier:	0.485767662525177
accuracy_test/task:	68.06
accuracy_test/concepts:	84.5385971069336
map_test/concepts:	0.8471710052690469

Epoch 128
losses_train/task:	0.2717663049697876
losses_train/concepts:	18.149091720581055
losses_train/total:	2.086676836013794
losses_test/task:	1.247586965560913
losses_test/concepts:	21.77730369567871
losses_test/total:	3.4253172874450684
calibration_test/ece:	0.16932222247123718
calibration_test/brier:	0.4874941408634186
accuracy_test/task:	67.93
accuracy_test/concepts:	84.55250549316406
map_test/concepts:	0.8473545697052032

Epoch 129
losses_train/task:	0.2698548138141632
losses_train/concepts:	18.165504455566406
losses_train/total:	2.0864052772521973
losses_test/task:	1.245381236076355
losses_test/concepts:	21.788787841796875
losses_test/total:	3.424260139465332
calibration_test/ece:	0.16796639561653137
calibration_test/brier:	0.48575371503829956
accuracy_test/task:	67.99
accuracy_test/concepts:	84.54188537597656
map_test/concepts:	0.8472403574851342

Epoch 130
losses_train/task:	0.27015990018844604
losses_train/concepts:	18.168750762939453
losses_train/total:	2.0870354175567627
losses_test/task:	1.2497901916503906
losses_test/concepts:	21.773975372314453
losses_test/total:	3.427186965942383
calibration_test/ece:	0.16801133751869202
calibration_test/brier:	0.48655855655670166
accuracy_test/task:	68.1
accuracy_test/concepts:	84.53438568115234
map_test/concepts:	0.8471358466194943

Epoch 131
losses_train/task:	0.2681887447834015
losses_train/concepts:	18.145198822021484
losses_train/total:	2.0827081203460693
losses_test/task:	1.2479320764541626
losses_test/concepts:	21.780569076538086
losses_test/total:	3.425989866256714
calibration_test/ece:	0.1676141321659088
calibration_test/brier:	0.48486077785491943
accuracy_test/task:	68.21
accuracy_test/concepts:	84.55204010009766
map_test/concepts:	0.8471452515223064

Epoch 132
losses_train/task:	0.2698907256126404
losses_train/concepts:	18.147565841674805
losses_train/total:	2.0846474170684814
losses_test/task:	1.254101037979126
losses_test/concepts:	21.790706634521484
losses_test/total:	3.433173179626465
calibration_test/ece:	0.16904878616333008
calibration_test/brier:	0.48775482177734375
accuracy_test/task:	68.15
accuracy_test/concepts:	84.53545379638672
map_test/concepts:	0.8473109197802842

Epoch 133
losses_train/task:	0.26927289366722107
losses_train/concepts:	18.13249969482422
losses_train/total:	2.082523822784424
losses_test/task:	1.2562413215637207
losses_test/concepts:	21.7988224029541
losses_test/total:	3.4361228942871094
calibration_test/ece:	0.16858714818954468
calibration_test/brier:	0.48801591992378235
accuracy_test/task:	68.22
accuracy_test/concepts:	84.51608276367188
map_test/concepts:	0.8471397058456205

Epoch 134
losses_train/task:	0.26817795634269714
losses_train/concepts:	18.114503860473633
losses_train/total:	2.079627275466919
losses_test/task:	1.257310390472412
losses_test/concepts:	21.80469512939453
losses_test/total:	3.4377806186676025
calibration_test/ece:	0.17131216824054718
calibration_test/brier:	0.4893062114715576
accuracy_test/task:	67.89
accuracy_test/concepts:	84.53250885009766
map_test/concepts:	0.847108015732374

Epoch 135
losses_train/task:	0.26010575890541077
losses_train/concepts:	18.122608184814453
losses_train/total:	2.0723671913146973
losses_test/task:	1.2568155527114868
losses_test/concepts:	21.776508331298828
losses_test/total:	3.434466600418091
calibration_test/ece:	0.1699809432029724
calibration_test/brier:	0.4882355332374573
accuracy_test/task:	67.9
accuracy_test/concepts:	84.54749298095703
map_test/concepts:	0.847144827246666

Epoch 136
losses_train/task:	0.26470616459846497
losses_train/concepts:	18.11854362487793
losses_train/total:	2.0765597820281982
losses_test/task:	1.264859914779663
losses_test/concepts:	21.79429817199707
losses_test/total:	3.444288969039917
calibration_test/ece:	0.16955670714378357
calibration_test/brier:	0.489169180393219
accuracy_test/task:	68.17
accuracy_test/concepts:	84.52265930175781
map_test/concepts:	0.8470562058500946

Epoch 137
losses_train/task:	0.2661586403846741
losses_train/concepts:	18.114543914794922
losses_train/total:	2.0776126384735107
losses_test/task:	1.2643355131149292
losses_test/concepts:	21.808568954467773
losses_test/total:	3.445192337036133
calibration_test/ece:	0.1729573756456375
calibration_test/brier:	0.4914613366127014
accuracy_test/task:	67.8
accuracy_test/concepts:	84.53751373291016
map_test/concepts:	0.8471251146984287

Epoch 138
losses_train/task:	0.26388683915138245
losses_train/concepts:	18.10606575012207
losses_train/total:	2.074493408203125
losses_test/task:	1.2580713033676147
losses_test/concepts:	21.803783416748047
losses_test/total:	3.438448905944824
calibration_test/ece:	0.17137877643108368
calibration_test/brier:	0.48703184723854065
accuracy_test/task:	68.21
accuracy_test/concepts:	84.53421020507812
map_test/concepts:	0.8471804638393223

Epoch 139
losses_train/task:	0.26283642649650574
losses_train/concepts:	18.10676383972168
losses_train/total:	2.073512554168701
losses_test/task:	1.268215298652649
losses_test/concepts:	21.81939697265625
losses_test/total:	3.4501547813415527
calibration_test/ece:	0.17216449975967407
calibration_test/brier:	0.4900413453578949
accuracy_test/task:	68.08
accuracy_test/concepts:	84.52672576904297
map_test/concepts:	0.8469103564857505

Epoch 140
losses_train/task:	0.2642015516757965
losses_train/concepts:	18.076513290405273
losses_train/total:	2.071852922439575
losses_test/task:	1.2627609968185425
losses_test/concepts:	21.809524536132812
losses_test/total:	3.443713665008545
calibration_test/ece:	0.17121848464012146
calibration_test/brier:	0.48780518770217896
accuracy_test/task:	68.2
accuracy_test/concepts:	84.53296661376953
map_test/concepts:	0.8471418563276529

Epoch 141
losses_train/task:	0.2674436867237091
losses_train/concepts:	18.08783531188965
losses_train/total:	2.0762271881103516
losses_test/task:	1.2628589868545532
losses_test/concepts:	21.806676864624023
losses_test/total:	3.4435267448425293
calibration_test/ece:	0.17093804478645325
calibration_test/brier:	0.4875623881816864
accuracy_test/task:	68.17
accuracy_test/concepts:	84.53750610351562
map_test/concepts:	0.8471829841146246

Epoch 142
losses_train/task:	0.2651875913143158
losses_train/concepts:	18.087583541870117
losses_train/total:	2.0739471912384033
losses_test/task:	1.26764976978302
losses_test/concepts:	21.79537582397461
losses_test/total:	3.447187662124634
calibration_test/ece:	0.17163515090942383
calibration_test/brier:	0.48928701877593994
accuracy_test/task:	68.31
accuracy_test/concepts:	84.5506362915039
map_test/concepts:	0.8472607539151795

Epoch 143
losses_train/task:	0.2639111578464508
losses_train/concepts:	18.090280532836914
losses_train/total:	2.072939157485962
losses_test/task:	1.2688888311386108
losses_test/concepts:	21.820043563842773
losses_test/total:	3.450892210006714
calibration_test/ece:	0.1769125610589981
calibration_test/brier:	0.4919183552265167
accuracy_test/task:	67.68
accuracy_test/concepts:	84.5406265258789
map_test/concepts:	0.847291073994711

Epoch 144
losses_train/task:	0.2620755434036255
losses_train/concepts:	18.06671142578125
losses_train/total:	2.0687453746795654
losses_test/task:	1.2709097862243652
losses_test/concepts:	21.810619354248047
losses_test/total:	3.451972007751465
calibration_test/ece:	0.17020007967948914
calibration_test/brier:	0.4885786175727844
accuracy_test/task:	68.31
accuracy_test/concepts:	84.52751159667969
map_test/concepts:	0.847045575035736

Epoch 145
losses_train/task:	0.25900983810424805
losses_train/concepts:	18.074613571166992
losses_train/total:	2.066472291946411
losses_test/task:	1.2695679664611816
losses_test/concepts:	21.811521530151367
losses_test/total:	3.4507195949554443
calibration_test/ece:	0.17028813064098358
calibration_test/brier:	0.4876451790332794
accuracy_test/task:	68.24
accuracy_test/concepts:	84.53890228271484
map_test/concepts:	0.8470534667139873

Epoch 146
losses_train/task:	0.2590295672416687
losses_train/concepts:	18.058141708374023
losses_train/total:	2.0648443698883057
losses_test/task:	1.2697840929031372
losses_test/concepts:	21.82377052307129
losses_test/total:	3.4521613121032715
calibration_test/ece:	0.17030620574951172
calibration_test/brier:	0.4892965853214264
accuracy_test/task:	68.33
accuracy_test/concepts:	84.52423095703125
map_test/concepts:	0.847020628512837

Epoch 147
losses_train/task:	0.2567906677722931
losses_train/concepts:	18.05255699157715
losses_train/total:	2.062047004699707
losses_test/task:	1.2694791555404663
losses_test/concepts:	21.805770874023438
losses_test/total:	3.4500558376312256
calibration_test/ece:	0.17140036821365356
calibration_test/brier:	0.4883875548839569
accuracy_test/task:	68.17
accuracy_test/concepts:	84.54283142089844
map_test/concepts:	0.8471627105609514

Epoch 148
losses_train/task:	0.25536784529685974
losses_train/concepts:	18.07032012939453
losses_train/total:	2.0624005794525146
losses_test/task:	1.2722598314285278
losses_test/concepts:	21.798175811767578
losses_test/total:	3.4520766735076904
calibration_test/ece:	0.1714407503604889
calibration_test/brier:	0.4878167510032654
accuracy_test/task:	68.35
accuracy_test/concepts:	84.54971313476562
map_test/concepts:	0.847048939904198

Epoch 149
losses_train/task:	0.2571849524974823
losses_train/concepts:	18.06856346130371
losses_train/total:	2.0640413761138916
losses_test/task:	1.2743051052093506
losses_test/concepts:	21.82462501525879
losses_test/total:	3.4567670822143555
calibration_test/ece:	0.1733451783657074
calibration_test/brier:	0.4904883801937103
accuracy_test/task:	68.01
accuracy_test/concepts:	84.51766204833984
map_test/concepts:	0.8470697198063135

Epoch 150
losses_train/task:	0.25599560141563416
losses_train/concepts:	18.03176498413086
losses_train/total:	2.059171199798584
losses_test/task:	1.2782379388809204
losses_test/concepts:	21.821002960205078
losses_test/total:	3.4603376388549805
calibration_test/ece:	0.17405161261558533
calibration_test/brier:	0.4907034635543823
accuracy_test/task:	68.11
accuracy_test/concepts:	84.51657104492188
map_test/concepts:	0.847177391522564

Epoch 151
losses_train/task:	0.25783801078796387
losses_train/concepts:	18.033578872680664
losses_train/total:	2.061196804046631
losses_test/task:	1.2801597118377686
losses_test/concepts:	21.825300216674805
losses_test/total:	3.4626893997192383
calibration_test/ece:	0.1727471798658371
calibration_test/brier:	0.49044808745384216
accuracy_test/task:	68.32
accuracy_test/concepts:	84.52578735351562
map_test/concepts:	0.8470467877341434

Epoch 152
losses_train/task:	0.2555842995643616
losses_train/concepts:	18.040111541748047
losses_train/total:	2.0595953464508057
losses_test/task:	1.2808748483657837
losses_test/concepts:	21.847145080566406
losses_test/total:	3.465590238571167
calibration_test/ece:	0.1726110577583313
calibration_test/brier:	0.48886391520500183
accuracy_test/task:	68.35
accuracy_test/concepts:	84.50829315185547
map_test/concepts:	0.8470004216651432

Epoch 153
losses_train/task:	0.2519669532775879
losses_train/concepts:	18.013309478759766
losses_train/total:	2.053297996520996
losses_test/task:	1.2853323221206665
losses_test/concepts:	21.83854866027832
losses_test/total:	3.469187021255493
calibration_test/ece:	0.17269733548164368
calibration_test/brier:	0.4896596670150757
accuracy_test/task:	68.28
accuracy_test/concepts:	84.52001190185547
map_test/concepts:	0.8469397705630399

Epoch 154
losses_train/task:	0.2584287226200104
losses_train/concepts:	18.0399169921875
losses_train/total:	2.062419891357422
losses_test/task:	1.2802702188491821
losses_test/concepts:	21.834274291992188
losses_test/total:	3.4636969566345215
calibration_test/ece:	0.17191115021705627
calibration_test/brier:	0.48899325728416443
accuracy_test/task:	68.32
accuracy_test/concepts:	84.5179672241211
map_test/concepts:	0.8470850070589222

Epoch 155
losses_train/task:	0.25202450156211853
losses_train/concepts:	18.028141021728516
losses_train/total:	2.0548384189605713
losses_test/task:	1.2835273742675781
losses_test/concepts:	21.842504501342773
losses_test/total:	3.4677774906158447
calibration_test/ece:	0.17207130789756775
calibration_test/brier:	0.4893645644187927
accuracy_test/task:	68.53
accuracy_test/concepts:	84.52452850341797
map_test/concepts:	0.8470151359215379

Epoch 156
losses_train/task:	0.2535023093223572
losses_train/concepts:	18.006683349609375
losses_train/total:	2.054170846939087
losses_test/task:	1.289246678352356
losses_test/concepts:	21.842308044433594
losses_test/total:	3.473477602005005
calibration_test/ece:	0.17810308933258057
calibration_test/brier:	0.4935759902000427
accuracy_test/task:	67.79
accuracy_test/concepts:	84.53046417236328
map_test/concepts:	0.8471581295598298

Epoch 157
losses_train/task:	0.25148746371269226
losses_train/concepts:	18.003074645996094
losses_train/total:	2.0517945289611816
losses_test/task:	1.2837116718292236
losses_test/concepts:	21.852949142456055
losses_test/total:	3.469006299972534
calibration_test/ece:	0.1748773157596588
calibration_test/brier:	0.4914788007736206
accuracy_test/task:	68.15
accuracy_test/concepts:	84.5239028930664
map_test/concepts:	0.8469606243306771

Epoch 158
losses_train/task:	0.2521294951438904
losses_train/concepts:	18.02398681640625
losses_train/total:	2.0545284748077393
losses_test/task:	1.2852226495742798
losses_test/concepts:	21.852048873901367
losses_test/total:	3.4704277515411377
calibration_test/ece:	0.17440009117126465
calibration_test/brier:	0.4918121099472046
accuracy_test/task:	68.23
accuracy_test/concepts:	84.51983642578125
map_test/concepts:	0.8468943279003724

Epoch 159
losses_train/task:	0.25401538610458374
losses_train/concepts:	18.002790451049805
losses_train/total:	2.0542943477630615
losses_test/task:	1.2941991090774536
losses_test/concepts:	21.836355209350586
losses_test/total:	3.477834939956665
calibration_test/ece:	0.17642126977443695
calibration_test/brier:	0.4935103952884674
accuracy_test/task:	68.05
accuracy_test/concepts:	84.52734375
map_test/concepts:	0.846735384548083

Epoch 160
losses_train/task:	0.2512357831001282
losses_train/concepts:	17.996379852294922
losses_train/total:	2.0508742332458496
losses_test/task:	1.2952309846878052
losses_test/concepts:	21.851110458374023
losses_test/total:	3.480341672897339
calibration_test/ece:	0.17324817180633545
calibration_test/brier:	0.49262645840644836
accuracy_test/task:	68.32
accuracy_test/concepts:	84.5317153930664
map_test/concepts:	0.8470939057297073

Epoch 161
losses_train/task:	0.2523669898509979
losses_train/concepts:	17.986644744873047
losses_train/total:	2.0510318279266357
losses_test/task:	1.287384271621704
losses_test/concepts:	21.823686599731445
losses_test/total:	3.4697530269622803
calibration_test/ece:	0.1742994636297226
calibration_test/brier:	0.4908207952976227
accuracy_test/task:	68.24
accuracy_test/concepts:	84.54639434814453
map_test/concepts:	0.8470384398242459

Epoch 162
losses_train/task:	0.2421121895313263
losses_train/concepts:	17.96863555908203
losses_train/total:	2.0389747619628906
losses_test/task:	1.2883611917495728
losses_test/concepts:	21.82012367248535
losses_test/total:	3.4703733921051025
calibration_test/ece:	0.1735135316848755
calibration_test/brier:	0.4921773374080658
accuracy_test/task:	68.25
accuracy_test/concepts:	84.54937744140625
map_test/concepts:	0.847059705585707

Epoch 163
losses_train/task:	0.24211126565933228
losses_train/concepts:	17.957870483398438
losses_train/total:	2.037898540496826
losses_test/task:	1.2930686473846436
losses_test/concepts:	21.821027755737305
losses_test/total:	3.4751715660095215
calibration_test/ece:	0.17452526092529297
calibration_test/brier:	0.49279266595840454
accuracy_test/task:	68.25
accuracy_test/concepts:	84.5403060913086
map_test/concepts:	0.847077482030727

Epoch 164
losses_train/task:	0.2462368905544281
losses_train/concepts:	17.960277557373047
losses_train/total:	2.042264938354492
losses_test/task:	1.291595458984375
losses_test/concepts:	21.82063865661621
losses_test/total:	3.4736599922180176
calibration_test/ece:	0.17425039410591125
calibration_test/brier:	0.49213868379592896
accuracy_test/task:	68.28
accuracy_test/concepts:	84.54124450683594
map_test/concepts:	0.8470761158969253

Epoch 165
losses_train/task:	0.24664948880672455
losses_train/concepts:	17.96064567565918
losses_train/total:	2.0427138805389404
losses_test/task:	1.2905374765396118
losses_test/concepts:	21.818225860595703
losses_test/total:	3.472360372543335
calibration_test/ece:	0.1738540232181549
calibration_test/brier:	0.490936815738678
accuracy_test/task:	68.24
accuracy_test/concepts:	84.53968811035156
map_test/concepts:	0.847057253587991

Epoch 166
losses_train/task:	0.24511124193668365
losses_train/concepts:	17.952730178833008
losses_train/total:	2.0403852462768555
losses_test/task:	1.2909777164459229
losses_test/concepts:	21.82005500793457
losses_test/total:	3.4729835987091064
calibration_test/ece:	0.1735112965106964
calibration_test/brier:	0.49170050024986267
accuracy_test/task:	68.34
accuracy_test/concepts:	84.53812408447266
map_test/concepts:	0.8470967022585683

Epoch 167
losses_train/task:	0.2468027025461197
losses_train/concepts:	17.96706199645996
losses_train/total:	2.0435080528259277
losses_test/task:	1.2877012491226196
losses_test/concepts:	21.817594528198242
losses_test/total:	3.4694604873657227
calibration_test/ece:	0.17317229509353638
calibration_test/brier:	0.490323930978775
accuracy_test/task:	68.32
accuracy_test/concepts:	84.54312896728516
map_test/concepts:	0.847109867609106

Epoch 168
losses_train/task:	0.24485856294631958
losses_train/concepts:	17.98536491394043
losses_train/total:	2.0433950424194336
losses_test/task:	1.289614200592041
losses_test/concepts:	21.819974899291992
losses_test/total:	3.4716122150421143
calibration_test/ece:	0.1743483692407608
calibration_test/brier:	0.491473525762558
accuracy_test/task:	68.21
accuracy_test/concepts:	84.53499603271484
map_test/concepts:	0.8471006887266412

Epoch 169
losses_train/task:	0.24360594153404236
losses_train/concepts:	17.94097900390625
losses_train/total:	2.037703275680542
losses_test/task:	1.2890996932983398
losses_test/concepts:	21.82231903076172
losses_test/total:	3.471331834793091
calibration_test/ece:	0.17440924048423767
calibration_test/brier:	0.49131473898887634
accuracy_test/task:	68.24
accuracy_test/concepts:	84.53358459472656
map_test/concepts:	0.8471107406076044

Epoch 170
losses_train/task:	0.24689413607120514
losses_train/concepts:	17.95933723449707
losses_train/total:	2.04282808303833
losses_test/task:	1.2871280908584595
losses_test/concepts:	21.816556930541992
losses_test/total:	3.468783378601074
calibration_test/ece:	0.1735600233078003
calibration_test/brier:	0.4912166893482208
accuracy_test/task:	68.27
accuracy_test/concepts:	84.53311920166016
map_test/concepts:	0.8471144456416368

Epoch 171
losses_train/task:	0.24654175341129303
losses_train/concepts:	17.931272506713867
losses_train/total:	2.0396690368652344
losses_test/task:	1.2879525423049927
losses_test/concepts:	21.821142196655273
losses_test/total:	3.4700663089752197
calibration_test/ece:	0.1747046411037445
calibration_test/brier:	0.4911262094974518
accuracy_test/task:	68.2
accuracy_test/concepts:	84.53889465332031
map_test/concepts:	0.84711699699983

Epoch 172
losses_train/task:	0.24866783618927002
losses_train/concepts:	17.968090057373047
losses_train/total:	2.0454771518707275
losses_test/task:	1.288851022720337
losses_test/concepts:	21.823192596435547
losses_test/total:	3.471170663833618
calibration_test/ece:	0.17438559234142303
calibration_test/brier:	0.49194100499153137
accuracy_test/task:	68.18
accuracy_test/concepts:	84.52999877929688
map_test/concepts:	0.8471031567896716

Epoch 173
losses_train/task:	0.2480977475643158
losses_train/concepts:	17.95467185974121
losses_train/total:	2.043565511703491
losses_test/task:	1.2889971733093262
losses_test/concepts:	21.82134437561035
losses_test/total:	3.4711313247680664
calibration_test/ece:	0.17376883327960968
calibration_test/brier:	0.4907991290092468
accuracy_test/task:	68.27
accuracy_test/concepts:	84.536865234375
map_test/concepts:	0.8471164234215394

Epoch 174
losses_train/task:	0.24614524841308594
losses_train/concepts:	17.950101852416992
losses_train/total:	2.041156053543091
losses_test/task:	1.2875113487243652
losses_test/concepts:	21.818798065185547
losses_test/total:	3.4693918228149414
calibration_test/ece:	0.17236468195915222
calibration_test/brier:	0.48992061614990234
accuracy_test/task:	68.44
accuracy_test/concepts:	84.53421020507812
map_test/concepts:	0.8471480215084739

Epoch 175
losses_train/task:	0.24739603698253632
losses_train/concepts:	17.961105346679688
losses_train/total:	2.0435056686401367
losses_test/task:	1.2876157760620117
losses_test/concepts:	21.82272720336914
losses_test/total:	3.46988844871521
calibration_test/ece:	0.17275431752204895
calibration_test/brier:	0.4906543493270874
accuracy_test/task:	68.35
accuracy_test/concepts:	84.53561401367188
map_test/concepts:	0.8470771030406468

Epoch 176
losses_train/task:	0.2450014054775238
losses_train/concepts:	17.95441436767578
losses_train/total:	2.0404438972473145
losses_test/task:	1.2897727489471436
losses_test/concepts:	21.8194522857666
losses_test/total:	3.471717357635498
calibration_test/ece:	0.1731172651052475
calibration_test/brier:	0.49073266983032227
accuracy_test/task:	68.33
accuracy_test/concepts:	84.53858947753906
map_test/concepts:	0.847080233390443

Epoch 177
losses_train/task:	0.2446584850549698
losses_train/concepts:	17.938125610351562
losses_train/total:	2.038470983505249
losses_test/task:	1.2847070693969727
losses_test/concepts:	21.82303237915039
losses_test/total:	3.467010259628296
calibration_test/ece:	0.1732587069272995
calibration_test/brier:	0.49009180068969727
accuracy_test/task:	68.28
accuracy_test/concepts:	84.53031158447266
map_test/concepts:	0.8471220969804563

Epoch 178
losses_train/task:	0.2436838150024414
losses_train/concepts:	17.952880859375
losses_train/total:	2.038973093032837
losses_test/task:	1.2893493175506592
losses_test/concepts:	21.82080841064453
losses_test/total:	3.4714293479919434
calibration_test/ece:	0.17280617356300354
calibration_test/brier:	0.4905549883842468
accuracy_test/task:	68.33
accuracy_test/concepts:	84.53546142578125
map_test/concepts:	0.8471386564197019

Epoch 179
losses_train/task:	0.246651753783226
losses_train/concepts:	17.95087242126465
losses_train/total:	2.041738986968994
losses_test/task:	1.2857736349105835
losses_test/concepts:	21.820003509521484
losses_test/total:	3.4677743911743164
calibration_test/ece:	0.17432749271392822
calibration_test/brier:	0.49084681272506714
accuracy_test/task:	68.25
accuracy_test/concepts:	84.52623748779297
map_test/concepts:	0.8471096755820327

Epoch 180
losses_train/task:	0.24480074644088745
losses_train/concepts:	17.957260131835938
losses_train/total:	2.040525197982788
losses_test/task:	1.2883656024932861
losses_test/concepts:	21.82132339477539
losses_test/total:	3.470498561859131
calibration_test/ece:	0.1730748414993286
calibration_test/brier:	0.4906570315361023
accuracy_test/task:	68.33
accuracy_test/concepts:	84.52936553955078
map_test/concepts:	0.8471512657706626

Epoch 181
losses_train/task:	0.24569693207740784
losses_train/concepts:	17.93610382080078
losses_train/total:	2.039308547973633
losses_test/task:	1.2890019416809082
losses_test/concepts:	21.822128295898438
losses_test/total:	3.471215009689331
calibration_test/ece:	0.17357216775417328
calibration_test/brier:	0.4906899333000183
accuracy_test/task:	68.29
accuracy_test/concepts:	84.53717803955078
map_test/concepts:	0.8471970293321647

Epoch 182
losses_train/task:	0.24979104101657867
losses_train/concepts:	17.944561004638672
losses_train/total:	2.0442471504211426
losses_test/task:	1.2874130010604858
losses_test/concepts:	21.818660736083984
losses_test/total:	3.4692788124084473
calibration_test/ece:	0.17364969849586487
calibration_test/brier:	0.4895537495613098
accuracy_test/task:	68.3
accuracy_test/concepts:	84.52655029296875
map_test/concepts:	0.8471501760650426

Epoch 183
losses_train/task:	0.23918575048446655
losses_train/concepts:	17.943531036376953
losses_train/total:	2.033538341522217
losses_test/task:	1.2873494625091553
losses_test/concepts:	21.82025146484375
losses_test/total:	3.4693756103515625
calibration_test/ece:	0.17376014590263367
calibration_test/brier:	0.49070584774017334
accuracy_test/task:	68.26
accuracy_test/concepts:	84.52266693115234
map_test/concepts:	0.8471569332759827

Epoch 184
losses_train/task:	0.2463899701833725
losses_train/concepts:	17.922441482543945
losses_train/total:	2.0386345386505127
losses_test/task:	1.286492943763733
losses_test/concepts:	21.820547103881836
losses_test/total:	3.4685473442077637
calibration_test/ece:	0.17338784039020538
calibration_test/brier:	0.4900912940502167
accuracy_test/task:	68.34
accuracy_test/concepts:	84.52936553955078
map_test/concepts:	0.8471108588855714

Epoch 185
losses_train/task:	0.24550975859165192
losses_train/concepts:	17.93998146057129
losses_train/total:	2.039508819580078
losses_test/task:	1.28452730178833
losses_test/concepts:	21.818084716796875
losses_test/total:	3.4663357734680176
calibration_test/ece:	0.1723880171775818
calibration_test/brier:	0.49036553502082825
accuracy_test/task:	68.41
accuracy_test/concepts:	84.52545928955078
map_test/concepts:	0.8471418976550922

Epoch 186
losses_train/task:	0.24645572900772095
losses_train/concepts:	17.936798095703125
losses_train/total:	2.0401365756988525
losses_test/task:	1.2884043455123901
losses_test/concepts:	21.816856384277344
losses_test/total:	3.4700896739959717
calibration_test/ece:	0.17309990525245667
calibration_test/brier:	0.49099647998809814
accuracy_test/task:	68.29
accuracy_test/concepts:	84.52983093261719
map_test/concepts:	0.847187522915192

Epoch 187
losses_train/task:	0.24566827714443207
losses_train/concepts:	17.961009979248047
losses_train/total:	2.0417680740356445
losses_test/task:	1.287045955657959
losses_test/concepts:	21.819421768188477
losses_test/total:	3.4689879417419434
calibration_test/ece:	0.1736208200454712
calibration_test/brier:	0.49048760533332825
accuracy_test/task:	68.26
accuracy_test/concepts:	84.52780151367188
map_test/concepts:	0.8471940057934262

Epoch 188
losses_train/task:	0.24685098230838776
losses_train/concepts:	17.93608283996582
losses_train/total:	2.040459394454956
losses_test/task:	1.2906099557876587
losses_test/concepts:	21.815811157226562
losses_test/total:	3.4721903800964355
calibration_test/ece:	0.1735413372516632
calibration_test/brier:	0.49143528938293457
accuracy_test/task:	68.26
accuracy_test/concepts:	84.53001403808594
map_test/concepts:	0.8471344291465357

Epoch 189
losses_train/task:	0.24479536712169647
losses_train/concepts:	17.940881729125977
losses_train/total:	2.0388834476470947
losses_test/task:	1.2868374586105347
losses_test/concepts:	21.81866455078125
losses_test/total:	3.468703269958496
calibration_test/ece:	0.17293432354927063
calibration_test/brier:	0.49037525057792664
accuracy_test/task:	68.29
accuracy_test/concepts:	84.52842712402344
map_test/concepts:	0.8471201202482916

Epoch 190
losses_train/task:	0.24141061305999756
losses_train/concepts:	17.92870330810547
losses_train/total:	2.0342819690704346
losses_test/task:	1.2870630025863647
losses_test/concepts:	21.819530487060547
losses_test/total:	3.4690163135528564
calibration_test/ece:	0.1739206314086914
calibration_test/brier:	0.49091577529907227
accuracy_test/task:	68.21
accuracy_test/concepts:	84.5335922241211
map_test/concepts:	0.8471743404516019

Epoch 191
losses_train/task:	0.24317747354507446
losses_train/concepts:	17.949451446533203
losses_train/total:	2.038123369216919
losses_test/task:	1.2899547815322876
losses_test/concepts:	21.82418441772461
losses_test/total:	3.4723734855651855
calibration_test/ece:	0.1738419532775879
calibration_test/brier:	0.49162450432777405
accuracy_test/task:	68.24
accuracy_test/concepts:	84.53421783447266
map_test/concepts:	0.8471815282246098

Epoch 192
losses_train/task:	0.24247537553310394
losses_train/concepts:	17.946916580200195
losses_train/total:	2.03716778755188
losses_test/task:	1.2911624908447266
losses_test/concepts:	21.82217025756836
losses_test/total:	3.4733798503875732
calibration_test/ece:	0.1734231412410736
calibration_test/brier:	0.491726279258728
accuracy_test/task:	68.26
accuracy_test/concepts:	84.53843688964844
map_test/concepts:	0.8471268194844015

Epoch 193
losses_train/task:	0.24212287366390228
losses_train/concepts:	17.94455337524414
losses_train/total:	2.0365779399871826
losses_test/task:	1.2888249158859253
losses_test/concepts:	21.816055297851562
losses_test/total:	3.470430374145508
calibration_test/ece:	0.1734350621700287
calibration_test/brier:	0.49106454849243164
accuracy_test/task:	68.32
accuracy_test/concepts:	84.53717041015625
map_test/concepts:	0.8471155288279988

Epoch 194
losses_train/task:	0.24800874292850494
losses_train/concepts:	17.948198318481445
losses_train/total:	2.042828321456909
losses_test/task:	1.288111686706543
losses_test/concepts:	21.818580627441406
losses_test/total:	3.4699697494506836
calibration_test/ece:	0.17439678311347961
calibration_test/brier:	0.49178916215896606
accuracy_test/task:	68.22
accuracy_test/concepts:	84.53905487060547
map_test/concepts:	0.8471193364821374

Epoch 195
losses_train/task:	0.24635714292526245
losses_train/concepts:	17.941822052001953
losses_train/total:	2.0405397415161133
losses_test/task:	1.2858418226242065
losses_test/concepts:	21.818361282348633
losses_test/total:	3.4676778316497803
calibration_test/ece:	0.17286518216133118
calibration_test/brier:	0.49066492915153503
accuracy_test/task:	68.32
accuracy_test/concepts:	84.53015899658203
map_test/concepts:	0.8471623593941331

Epoch 196
losses_train/task:	0.24527056515216827
losses_train/concepts:	17.939023971557617
losses_train/total:	2.039173126220703
losses_test/task:	1.2874321937561035
losses_test/concepts:	21.820173263549805
losses_test/total:	3.4694485664367676
calibration_test/ece:	0.17309409379959106
calibration_test/brier:	0.49081143736839294
accuracy_test/task:	68.38
accuracy_test/concepts:	84.544677734375
map_test/concepts:	0.8471317021176219

Epoch 197
losses_train/task:	0.2407130002975464
losses_train/concepts:	17.926712036132812
losses_train/total:	2.033384323120117
losses_test/task:	1.2880916595458984
losses_test/concepts:	21.82245445251465
losses_test/total:	3.4703381061553955
calibration_test/ece:	0.17445656657218933
calibration_test/brier:	0.4908822178840637
accuracy_test/task:	68.28
accuracy_test/concepts:	84.5317153930664
map_test/concepts:	0.847169645363465

Epoch 198
losses_train/task:	0.2448565810918808
losses_train/concepts:	17.940357208251953
losses_train/total:	2.0388925075531006
losses_test/task:	1.285691261291504
losses_test/concepts:	21.82189178466797
losses_test/total:	3.4678802490234375
calibration_test/ece:	0.17373798787593842
calibration_test/brier:	0.4905948340892792
accuracy_test/task:	68.29
accuracy_test/concepts:	84.53623962402344
map_test/concepts:	0.8471320769167505

Epoch 199
losses_train/task:	0.24609270691871643
losses_train/concepts:	17.92765235900879
losses_train/total:	2.0388598442077637
losses_test/task:	1.2863646745681763
losses_test/concepts:	21.820398330688477
losses_test/total:	3.46840500831604
calibration_test/ece:	0.174991637468338
calibration_test/brier:	0.4911694824695587
accuracy_test/task:	68.26
accuracy_test/concepts:	84.53609466552734
map_test/concepts:	0.8471408818732016

Epoch 200
losses_train/task:	0.2464682012796402
losses_train/concepts:	17.93669891357422
losses_train/total:	2.0401384830474854
losses_test/task:	1.2857775688171387
losses_test/concepts:	21.819135665893555
losses_test/total:	3.4676904678344727
calibration_train/ece:	0.03573085367679596
calibration_train/brier:	0.054724134504795074
accuracy_train/task:	96.77684294871794
calibration_test/ece:	0.17451006174087524
calibration_test/brier:	0.49100005626678467
accuracy_test/task:	68.25
accuracy_train/concepts:	87.95790100097656
map_train/concepts:	0.896929825656116
accuracy_test/concepts:	84.53389739990234
map_test/concepts:	0.8471786152222194
accuracy_test/nuisances_task:	-0.6821519966366925
accuracy_test/nuisances_nontask:	0.0
mutual_inf_test/nuisances_task:	0.1806550853690442
mutual_inf_test/nuisances_nontask:	0.0

epoch_200.pt
groups=0 err_lowconf=31.750 err_random=31.750
groups=1 err_lowconf=31.580 err_random=31.580
groups=2 err_lowconf=31.410 err_random=31.410
groups=3 err_lowconf=31.220 err_random=31.220
groups=4 err_lowconf=31.000 err_random=31.000
groups=5 err_lowconf=31.080 err_random=31.080
groups=6 err_lowconf=30.690 err_random=30.690
groups=7 err_lowconf=31.070 err_random=31.070
groups=8 err_lowconf=30.660 err_random=30.660
groups=9 err_lowconf=30.640 err_random=30.640
groups=10 err_lowconf=30.340 err_random=30.340
groups=11 err_lowconf=29.290 err_random=29.290
groups=12 err_lowconf=28.510 err_random=28.510
groups=13 err_lowconf=28.470 err_random=28.470
groups=14 err_lowconf=28.330 err_random=28.330
groups=15 err_lowconf=27.900 err_random=27.900
groups=16 err_lowconf=27.670 err_random=27.670
groups=17 err_lowconf=27.300 err_random=27.300
groups=18 err_lowconf=26.950 err_random=26.950
groups=19 err_lowconf=26.710 err_random=26.710
groups=20 err_lowconf=26.720 err_random=26.720
groups=21 err_lowconf=26.490 err_random=26.490
groups=22 err_lowconf=26.590 err_random=26.590
groups=23 err_lowconf=26.350 err_random=26.350
groups=24 err_lowconf=26.720 err_random=26.720
groups=25 err_lowconf=27.090 err_random=27.090
groups=26 err_lowconf=27.300 err_random=27.300
groups=27 err_lowconf=27.580 err_random=27.580
groups=28 err_lowconf=27.740 err_random=27.740
groups=29 err_lowconf=27.420 err_random=27.420
groups=30 err_lowconf=27.400 err_random=27.400
groups=31 err_lowconf=27.460 err_random=27.460
groups=32 err_lowconf=27.510 err_random=27.510
groups=33 err_lowconf=27.610 err_random=27.610
groups=34 err_lowconf=27.750 err_random=27.750
groups=35 err_lowconf=27.550 err_random=27.550
groups=36 err_lowconf=27.630 err_random=27.630
groups=37 err_lowconf=27.480 err_random=27.480
groups=38 err_lowconf=27.460 err_random=27.460
groups=39 err_lowconf=27.440 err_random=27.440
groups=40 err_lowconf=27.550 err_random=27.550
groups=41 err_lowconf=27.900 err_random=27.900
groups=42 err_lowconf=27.980 err_random=27.980
groups=43 err_lowconf=27.990 err_random=27.990
groups=44 err_lowconf=28.430 err_random=28.430
groups=45 err_lowconf=28.400 err_random=28.400
groups=46 err_lowconf=28.290 err_random=28.290
groups=47 err_lowconf=28.270 err_random=28.270
groups=48 err_lowconf=28.200 err_random=28.200
groups=49 err_lowconf=28.220 err_random=28.220
groups=50 err_lowconf=28.230 err_random=28.230
groups=51 err_lowconf=28.180 err_random=28.180
groups=52 err_lowconf=28.170 err_random=28.170
groups=53 err_lowconf=28.190 err_random=28.190
groups=54 err_lowconf=28.260 err_random=28.260
groups=55 err_lowconf=28.270 err_random=28.270
groups=56 err_lowconf=28.260 err_random=28.260
groups=57 err_lowconf=28.260 err_random=28.260
groups=58 err_lowconf=28.260 err_random=28.260
groups=59 err_lowconf=28.260 err_random=28.260
groups=60 err_lowconf=28.260 err_random=28.260
groups=61 err_lowconf=28.250 err_random=28.250
groups=62 err_lowconf=28.240 err_random=28.240
groups=63 err_lowconf=28.240 err_random=28.240
groups=64 err_lowconf=28.240 err_random=28.240
[1;34mwandb[0m:
[1;34mwandb[0m: You can sync this run to the cloud by running:
[1;34mwandb[0m: [1mwandb sync /research/hal-afsharim/minimal_cbm/results/cifar10-arhcbm/43/wandb/offline-run-20260727_050835-d35hanlt[0m
[1;34mwandb[0m: Find logs at: [1;35mresults/cifar10-arhcbm/43/wandb/offline-run-20260727_050835-d35hanlt/logs[0m
