
===== launch 2026-07-28 09:06:37.173679 gpu1 =====
wandb: Using wandb-core as the SDK backend.  Please refer to https://wandb.me/wandb-core for more information.
wandb: Tracking run with wandb version 0.19.0
wandb: W&B syncing is set to `offline` in this directory.  
wandb: Run `wandb online` or set WANDB_MODE=online to enable cloud syncing.
Epoch 1
losses_train/task:	1.7739214897155762
losses_train/concepts:	25.558103561401367
losses_train/total:	4.329732894897461
losses_test/task:	1.413023829460144
losses_test/concepts:	24.214324951171875
losses_test/total:	3.834456443786621
calibration_test/ece:	0.04659655690193176
calibration_test/brier:	0.6430255770683289
accuracy_test/task:	49.37
accuracy_test/concepts:	81.7370376586914
map_test/concepts:	0.7548738911136752

Epoch 2
losses_train/task:	1.3401131629943848
losses_train/concepts:	24.016157150268555
losses_train/total:	3.7417287826538086
losses_test/task:	1.234144687652588
losses_test/concepts:	23.524023056030273
losses_test/total:	3.5865468978881836
calibration_test/ece:	0.023935984820127487
calibration_test/brier:	0.5714694857597351
accuracy_test/task:	56.26
accuracy_test/concepts:	82.46420288085938
map_test/concepts:	0.7719613220542669

Epoch 3
losses_train/task:	1.2220993041992188
losses_train/concepts:	23.507137298583984
losses_train/total:	3.572812795639038
losses_test/task:	1.163157343864441
losses_test/concepts:	23.185441970825195
losses_test/total:	3.481701135635376
calibration_test/ece:	0.015897473320364952
calibration_test/brier:	0.5416749715805054
accuracy_test/task:	59.03
accuracy_test/concepts:	82.76859283447266
map_test/concepts:	0.7796535283850972

Epoch 4
losses_train/task:	1.1456063985824585
losses_train/concepts:	23.159420013427734
losses_train/total:	3.4615478515625
losses_test/task:	1.1113219261169434
losses_test/concepts:	22.916515350341797
losses_test/total:	3.4029734134674072
calibration_test/ece:	0.008295351639389992
calibration_test/brier:	0.5199032425880432
accuracy_test/task:	60.67
accuracy_test/concepts:	82.99717712402344
map_test/concepts:	0.7850846989604179

Epoch 5
losses_train/task:	1.08595609664917
losses_train/concepts:	22.902402877807617
losses_train/total:	3.3761961460113525
losses_test/task:	1.0959364175796509
losses_test/concepts:	22.77409553527832
losses_test/total:	3.3733463287353516
calibration_test/ece:	0.017355436459183693
calibration_test/brier:	0.5125384330749512
accuracy_test/task:	61.24
accuracy_test/concepts:	83.13265991210938
map_test/concepts:	0.7893453993892763

Epoch 6
losses_train/task:	1.0405371189117432
losses_train/concepts:	22.704082489013672
losses_train/total:	3.3109447956085205
losses_test/task:	1.0461456775665283
losses_test/concepts:	22.565343856811523
losses_test/total:	3.3026795387268066
calibration_test/ece:	0.012590887024998665
calibration_test/brier:	0.4924343228340149
accuracy_test/task:	62.52
accuracy_test/concepts:	83.32703399658203
map_test/concepts:	0.7930904864915647

Epoch 7
losses_train/task:	0.9980217218399048
losses_train/concepts:	22.537635803222656
losses_train/total:	3.251786947250366
losses_test/task:	1.0121128559112549
losses_test/concepts:	22.45940399169922
losses_test/total:	3.2580525875091553
calibration_test/ece:	0.011517561040818691
calibration_test/brier:	0.47711142897605896
accuracy_test/task:	64.48
accuracy_test/concepts:	83.4340591430664
map_test/concepts:	0.7954931817366742

Epoch 8
losses_train/task:	0.9588497877120972
losses_train/concepts:	22.382959365844727
losses_train/total:	3.1971445083618164
losses_test/task:	0.9945106506347656
losses_test/concepts:	22.362762451171875
losses_test/total:	3.2307870388031006
calibration_test/ece:	0.01693611778318882
calibration_test/brier:	0.4696294069290161
accuracy_test/task:	65.19
accuracy_test/concepts:	83.51859283447266
map_test/concepts:	0.7976837932365015

Epoch 9
losses_train/task:	0.9263763427734375
losses_train/concepts:	22.26603126525879
losses_train/total:	3.1529805660247803
losses_test/task:	0.959893524646759
losses_test/concepts:	22.24786949157715
losses_test/total:	3.184680461883545
calibration_test/ece:	0.013770307414233685
calibration_test/brier:	0.4545978009700775
accuracy_test/task:	66.17
accuracy_test/concepts:	83.63311767578125
map_test/concepts:	0.7996162244817242

Epoch 10
losses_train/task:	0.897233784198761
losses_train/concepts:	22.156002044677734
losses_train/total:	3.112833023071289
losses_test/task:	0.9585663080215454
losses_test/concepts:	22.159393310546875
losses_test/total:	3.1745054721832275
calibration_test/ece:	0.019024116918444633
calibration_test/brier:	0.4543949365615845
accuracy_test/task:	66.49
accuracy_test/concepts:	83.71439361572266
map_test/concepts:	0.8014111564261839

Epoch 11
losses_train/task:	0.8675315380096436
losses_train/concepts:	22.04346466064453
losses_train/total:	3.071877956390381
losses_test/task:	0.93571937084198
losses_test/concepts:	22.089567184448242
losses_test/total:	3.1446757316589355
calibration_test/ece:	0.020950697362422943
calibration_test/brier:	0.4453015625476837
accuracy_test/task:	66.63
accuracy_test/concepts:	83.7376480102539
map_test/concepts:	0.802705624664668

Epoch 12
losses_train/task:	0.8400360345840454
losses_train/concepts:	21.971670150756836
losses_train/total:	3.037203073501587
losses_test/task:	0.9190276265144348
losses_test/concepts:	21.984113693237305
losses_test/total:	3.117439031600952
calibration_test/ece:	0.023644696921110153
calibration_test/brier:	0.4370634853839874
accuracy_test/task:	67.69
accuracy_test/concepts:	83.87124633789062
map_test/concepts:	0.8045058728312142

Epoch 13
losses_train/task:	0.8158904314041138
losses_train/concepts:	21.869123458862305
losses_train/total:	3.0028040409088135
losses_test/task:	0.9365956783294678
losses_test/concepts:	21.977506637573242
losses_test/total:	3.134345293045044
calibration_test/ece:	0.03215423971414566
calibration_test/brier:	0.44193407893180847
accuracy_test/task:	67.33
accuracy_test/concepts:	83.89265441894531
map_test/concepts:	0.8050945505383424

Epoch 14
losses_train/task:	0.787085771560669
losses_train/concepts:	21.785512924194336
losses_train/total:	2.9656362533569336
losses_test/task:	0.9159039258956909
losses_test/concepts:	21.897743225097656
losses_test/total:	3.105678081512451
calibration_test/ece:	0.03827528655529022
calibration_test/brier:	0.43491122126579285
accuracy_test/task:	68.02
accuracy_test/concepts:	83.94625091552734
map_test/concepts:	0.8062867425032891

Epoch 15
losses_train/task:	0.7620183229446411
losses_train/concepts:	21.711349487304688
losses_train/total:	2.9331533908843994
losses_test/task:	0.9182292222976685
losses_test/concepts:	21.891996383666992
losses_test/total:	3.107428789138794
calibration_test/ece:	0.04149932041764259
calibration_test/brier:	0.4346175193786621
accuracy_test/task:	67.91
accuracy_test/concepts:	83.93952941894531
map_test/concepts:	0.8065327280201018

Epoch 16
losses_train/task:	0.7367518544197083
losses_train/concepts:	21.641157150268555
losses_train/total:	2.900866746902466
losses_test/task:	0.9130058288574219
losses_test/concepts:	21.833051681518555
losses_test/total:	3.096311092376709
calibration_test/ece:	0.0461309589445591
calibration_test/brier:	0.4311485290527344
accuracy_test/task:	68.68
accuracy_test/concepts:	83.99954223632812
map_test/concepts:	0.8072531029465608

Epoch 17
losses_train/task:	0.714482307434082
losses_train/concepts:	21.57015609741211
losses_train/total:	2.871497631072998
losses_test/task:	0.9099823236465454
losses_test/concepts:	21.80654525756836
losses_test/total:	3.090637683868408
calibration_test/ece:	0.05908726155757904
calibration_test/brier:	0.42914652824401855
accuracy_test/task:	68.36
accuracy_test/concepts:	84.04389953613281
map_test/concepts:	0.8081060767290182

Epoch 18
losses_train/task:	0.6953542828559875
losses_train/concepts:	21.506460189819336
losses_train/total:	2.8459999561309814
losses_test/task:	0.8773996233940125
losses_test/concepts:	21.750308990478516
losses_test/total:	3.0524303913116455
calibration_test/ece:	0.044081926345825195
calibration_test/brier:	0.41646820306777954
accuracy_test/task:	69.39
accuracy_test/concepts:	84.06140899658203
map_test/concepts:	0.8088323547854088

Epoch 19
losses_train/task:	0.6725661754608154
losses_train/concepts:	21.430500030517578
losses_train/total:	2.815615653991699
losses_test/task:	0.9032782316207886
losses_test/concepts:	21.73918342590332
losses_test/total:	3.0771961212158203
calibration_test/ece:	0.049627844244241714
calibration_test/brier:	0.4245944917201996
accuracy_test/task:	69.15
accuracy_test/concepts:	84.05780792236328
map_test/concepts:	0.8095681252889335

Epoch 20
losses_train/task:	0.6506066918373108
losses_train/concepts:	21.38033676147461
losses_train/total:	2.7886393070220947
losses_test/task:	0.8762189149856567
losses_test/concepts:	21.712724685668945
losses_test/total:	3.047492027282715
calibration_test/ece:	0.049457237124443054
calibration_test/brier:	0.4130750000476837
accuracy_test/task:	69.85
accuracy_test/concepts:	84.09186553955078
map_test/concepts:	0.809710517001804

Epoch 21
losses_train/task:	0.6248877048492432
losses_train/concepts:	21.319652557373047
losses_train/total:	2.756850481033325
losses_test/task:	0.8894506692886353
losses_test/concepts:	21.68625259399414
losses_test/total:	3.0580763816833496
calibration_test/ece:	0.06086928769946098
calibration_test/brier:	0.4182804822921753
accuracy_test/task:	69.84
accuracy_test/concepts:	84.1139144897461
map_test/concepts:	0.8104363681632094

Epoch 22
losses_train/task:	0.6105126738548279
losses_train/concepts:	21.272512435913086
losses_train/total:	2.7377636432647705
losses_test/task:	0.8986778855323792
losses_test/concepts:	21.699445724487305
losses_test/total:	3.068622350692749
calibration_test/ece:	0.061320509761571884
calibration_test/brier:	0.42062896490097046
accuracy_test/task:	69.51
accuracy_test/concepts:	84.07109069824219
map_test/concepts:	0.8102740742033347

Epoch 23
losses_train/task:	0.5901797413825989
losses_train/concepts:	21.204612731933594
losses_train/total:	2.7106423377990723
losses_test/task:	0.8956700563430786
losses_test/concepts:	21.65610694885254
losses_test/total:	3.0612802505493164
calibration_test/ece:	0.06881096214056015
calibration_test/brier:	0.4156724512577057
accuracy_test/task:	70.17
accuracy_test/concepts:	84.15998077392578
map_test/concepts:	0.8111955012427643

Epoch 24
losses_train/task:	0.5726401805877686
losses_train/concepts:	21.17369270324707
losses_train/total:	2.690009117126465
losses_test/task:	0.8910531401634216
losses_test/concepts:	21.629520416259766
losses_test/total:	3.0540053844451904
calibration_test/ece:	0.0788986012339592
calibration_test/brier:	0.41325801610946655
accuracy_test/task:	70.24
accuracy_test/concepts:	84.15530395507812
map_test/concepts:	0.8113864820916206

Epoch 25
losses_train/task:	0.5530410408973694
losses_train/concepts:	21.12078857421875
losses_train/total:	2.6651217937469482
losses_test/task:	0.889220654964447
losses_test/concepts:	21.599225997924805
losses_test/total:	3.0491433143615723
calibration_test/ece:	0.07611910998821259
calibration_test/brier:	0.4095095992088318
accuracy_test/task:	70.65
accuracy_test/concepts:	84.20018005371094
map_test/concepts:	0.8115687046665698

Epoch 26
losses_train/task:	0.5355391502380371
losses_train/concepts:	21.043869018554688
losses_train/total:	2.6399245262145996
losses_test/task:	0.8938705325126648
losses_test/concepts:	21.60064125061035
losses_test/total:	3.053934335708618
calibration_test/ece:	0.08196169883012772
calibration_test/brier:	0.4113020598888397
accuracy_test/task:	70.57
accuracy_test/concepts:	84.19060516357422
map_test/concepts:	0.8120026993565261

Epoch 27
losses_train/task:	0.5160385370254517
losses_train/concepts:	21.03409767150879
losses_train/total:	2.619448661804199
losses_test/task:	0.9103348255157471
losses_test/concepts:	21.624771118164062
losses_test/total:	3.07281231880188
calibration_test/ece:	0.08916102349758148
calibration_test/brier:	0.4161388576030731
accuracy_test/task:	70.4
accuracy_test/concepts:	84.1706314086914
map_test/concepts:	0.8115746634430252

Epoch 28
losses_train/task:	0.502221941947937
losses_train/concepts:	20.980640411376953
losses_train/total:	2.6002869606018066
losses_test/task:	0.8909368515014648
losses_test/concepts:	21.590341567993164
losses_test/total:	3.049970865249634
calibration_test/ece:	0.09133048355579376
calibration_test/brier:	0.408391535282135
accuracy_test/task:	70.49
accuracy_test/concepts:	84.19766235351562
map_test/concepts:	0.8120307959616184

Epoch 29
losses_train/task:	0.4847918450832367
losses_train/concepts:	20.949230194091797
losses_train/total:	2.5797159671783447
losses_test/task:	0.9051213264465332
losses_test/concepts:	21.61045265197754
losses_test/total:	3.0661661624908447
calibration_test/ece:	0.08890250325202942
calibration_test/brier:	0.41171324253082275
accuracy_test/task:	70.82
accuracy_test/concepts:	84.18452453613281
map_test/concepts:	0.8117101951502264

Epoch 30
losses_train/task:	0.46813395619392395
losses_train/concepts:	20.892715454101562
losses_train/total:	2.5574069023132324
losses_test/task:	0.9103893041610718
losses_test/concepts:	21.563800811767578
losses_test/total:	3.0667693614959717
calibration_test/ece:	0.09504421055316925
calibration_test/brier:	0.40932735800743103
accuracy_test/task:	71.1
accuracy_test/concepts:	84.25438690185547
map_test/concepts:	0.812807927490212

Epoch 31
losses_train/task:	0.45062100887298584
losses_train/concepts:	20.854368209838867
losses_train/total:	2.536057233810425
losses_test/task:	0.9282130002975464
losses_test/concepts:	21.641590118408203
losses_test/total:	3.092371940612793
calibration_test/ece:	0.09839987754821777
calibration_test/brier:	0.4158407151699066
accuracy_test/task:	70.73
accuracy_test/concepts:	84.1820297241211
map_test/concepts:	0.8119984796503559

Epoch 32
losses_train/task:	0.4381435513496399
losses_train/concepts:	20.80381965637207
losses_train/total:	2.518523693084717
losses_test/task:	0.9382612109184265
losses_test/concepts:	21.574827194213867
losses_test/total:	3.09574556350708
calibration_test/ece:	0.10417003929615021
calibration_test/brier:	0.41704195737838745
accuracy_test/task:	70.86
accuracy_test/concepts:	84.25437927246094
map_test/concepts:	0.8129642494022846

Epoch 33
losses_train/task:	0.42168837785720825
losses_train/concepts:	20.765596389770508
losses_train/total:	2.498249053955078
losses_test/task:	0.941055417060852
losses_test/concepts:	21.540433883666992
losses_test/total:	3.0950987339019775
calibration_test/ece:	0.1112939864397049
calibration_test/brier:	0.417515367269516
accuracy_test/task:	70.94
accuracy_test/concepts:	84.28079223632812
map_test/concepts:	0.8132918194751255

Epoch 34
losses_train/task:	0.4098075330257416
losses_train/concepts:	20.73821258544922
losses_train/total:	2.483628749847412
losses_test/task:	0.9930136203765869
losses_test/concepts:	21.56590461730957
losses_test/total:	3.149604558944702
calibration_test/ece:	0.12003550678491592
calibration_test/brier:	0.4290411174297333
accuracy_test/task:	70.38
accuracy_test/concepts:	84.27953338623047
map_test/concepts:	0.8126436084276065

Epoch 35
losses_train/task:	0.40152281522750854
losses_train/concepts:	20.716482162475586
losses_train/total:	2.473172664642334
losses_test/task:	0.9565213322639465
losses_test/concepts:	21.546337127685547
losses_test/total:	3.1111552715301514
calibration_test/ece:	0.1101050078868866
calibration_test/brier:	0.4175158143043518
accuracy_test/task:	70.9
accuracy_test/concepts:	84.28813171386719
map_test/concepts:	0.8129213463980705

Epoch 36
losses_train/task:	0.38844409584999084
losses_train/concepts:	20.672195434570312
losses_train/total:	2.455662488937378
losses_test/task:	0.975946843624115
losses_test/concepts:	21.52806854248047
losses_test/total:	3.1287546157836914
calibration_test/ece:	0.12068766355514526
calibration_test/brier:	0.42018574476242065
accuracy_test/task:	71.14
accuracy_test/concepts:	84.29874420166016
map_test/concepts:	0.8137792201014236

Epoch 37
losses_train/task:	0.3676309883594513
losses_train/concepts:	20.63080406188965
losses_train/total:	2.430711030960083
losses_test/task:	0.9877516627311707
losses_test/concepts:	21.556541442871094
losses_test/total:	3.1434059143066406
calibration_test/ece:	0.12545132637023926
calibration_test/brier:	0.42303267121315
accuracy_test/task:	70.98
accuracy_test/concepts:	84.30577850341797
map_test/concepts:	0.8133542652940378

Epoch 38
losses_train/task:	0.3541419506072998
losses_train/concepts:	20.599838256835938
losses_train/total:	2.414125442504883
losses_test/task:	1.0015137195587158
losses_test/concepts:	21.508201599121094
losses_test/total:	3.152333974838257
calibration_test/ece:	0.12373766303062439
calibration_test/brier:	0.41981565952301025
accuracy_test/task:	71.71
accuracy_test/concepts:	84.32140350341797
map_test/concepts:	0.8143332258332521

Epoch 39
losses_train/task:	0.34467828273773193
losses_train/concepts:	20.566368103027344
losses_train/total:	2.4013142585754395
losses_test/task:	1.0383528470993042
losses_test/concepts:	21.554611206054688
losses_test/total:	3.193814277648926
calibration_test/ece:	0.13811445236206055
calibration_test/brier:	0.43146899342536926
accuracy_test/task:	70.48
accuracy_test/concepts:	84.30030059814453
map_test/concepts:	0.8139715574216098

Epoch 40
losses_train/task:	0.33441558480262756
losses_train/concepts:	20.516714096069336
losses_train/total:	2.3860864639282227
losses_test/task:	1.0130367279052734
losses_test/concepts:	21.520328521728516
losses_test/total:	3.165069818496704
calibration_test/ece:	0.12957486510276794
calibration_test/brier:	0.423814982175827
accuracy_test/task:	71.18
accuracy_test/concepts:	84.35579681396484
map_test/concepts:	0.8142726391088217

Epoch 41
losses_train/task:	0.3268240690231323
losses_train/concepts:	20.5103702545166
losses_train/total:	2.3778600692749023
losses_test/task:	1.0207291841506958
losses_test/concepts:	21.503780364990234
losses_test/total:	3.171107292175293
calibration_test/ece:	0.13033798336982727
calibration_test/brier:	0.42290961742401123
accuracy_test/task:	71.79
accuracy_test/concepts:	84.3721923828125
map_test/concepts:	0.8141716747777537

Epoch 42
losses_train/task:	0.3126075565814972
losses_train/concepts:	20.474096298217773
losses_train/total:	2.3600172996520996
losses_test/task:	1.054598331451416
losses_test/concepts:	21.526947021484375
losses_test/total:	3.2072935104370117
calibration_test/ece:	0.14528903365135193
calibration_test/brier:	0.43163663148880005
accuracy_test/task:	70.98
accuracy_test/concepts:	84.33673095703125
map_test/concepts:	0.8145004539983347

Epoch 43
losses_train/task:	0.3003930151462555
losses_train/concepts:	20.43094825744629
losses_train/total:	2.343487024307251
losses_test/task:	1.0607119798660278
losses_test/concepts:	21.503591537475586
losses_test/total:	3.2110705375671387
calibration_test/ece:	0.1426968276500702
calibration_test/brier:	0.4273092746734619
accuracy_test/task:	71.6
accuracy_test/concepts:	84.36843872070312
map_test/concepts:	0.8146864386508241

Epoch 44
losses_train/task:	0.2943258583545685
losses_train/concepts:	20.407211303710938
losses_train/total:	2.335047483444214
losses_test/task:	1.0918911695480347
losses_test/concepts:	21.523639678955078
losses_test/total:	3.244255542755127
calibration_test/ece:	0.14730750024318695
calibration_test/brier:	0.4391530752182007
accuracy_test/task:	70.89
accuracy_test/concepts:	84.3201675415039
map_test/concepts:	0.8140689762076363

Epoch 45
losses_train/task:	0.27753886580467224
losses_train/concepts:	20.367019653320312
losses_train/total:	2.3142404556274414
losses_test/task:	1.083410382270813
losses_test/concepts:	21.498395919799805
losses_test/total:	3.233250379562378
calibration_test/ece:	0.14998236298561096
calibration_test/brier:	0.4340323209762573
accuracy_test/task:	71.26
accuracy_test/concepts:	84.36188507080078
map_test/concepts:	0.8148686575004831

Epoch 46
losses_train/task:	0.2734226584434509
losses_train/concepts:	20.357738494873047
losses_train/total:	2.309197187423706
losses_test/task:	1.0741543769836426
losses_test/concepts:	21.50601577758789
losses_test/total:	3.2247567176818848
calibration_test/ece:	0.14629080891609192
calibration_test/brier:	0.4306740164756775
accuracy_test/task:	71.44
accuracy_test/concepts:	84.32064056396484
map_test/concepts:	0.8144230643520132

Epoch 47
losses_train/task:	0.26262977719306946
losses_train/concepts:	20.307126998901367
losses_train/total:	2.293341636657715
losses_test/task:	1.1215407848358154
losses_test/concepts:	21.511857986450195
losses_test/total:	3.27272629737854
calibration_test/ece:	0.15380670130252838
calibration_test/brier:	0.4371773898601532
accuracy_test/task:	71.42
accuracy_test/concepts:	84.38235473632812
map_test/concepts:	0.814842805499211

Epoch 48
losses_train/task:	0.25895434617996216
losses_train/concepts:	20.275161743164062
losses_train/total:	2.286471128463745
losses_test/task:	1.0954582691192627
losses_test/concepts:	21.44405174255371
losses_test/total:	3.2398641109466553
calibration_test/ece:	0.14576610922813416
calibration_test/brier:	0.429352343082428
accuracy_test/task:	71.86
accuracy_test/concepts:	84.39374542236328
map_test/concepts:	0.815651147684548

Epoch 49
losses_train/task:	0.24948187172412872
losses_train/concepts:	20.245161056518555
losses_train/total:	2.2739973068237305
losses_test/task:	1.1474751234054565
losses_test/concepts:	21.52991485595703
losses_test/total:	3.300466775894165
calibration_test/ece:	0.15563297271728516
calibration_test/brier:	0.440580815076828
accuracy_test/task:	71.4
accuracy_test/concepts:	84.33438110351562
map_test/concepts:	0.8145364549127407

Epoch 50
losses_train/task:	0.24260340631008148
losses_train/concepts:	20.216371536254883
losses_train/total:	2.2642412185668945
losses_test/task:	1.2081170082092285
losses_test/concepts:	21.49321937561035
losses_test/total:	3.357438564300537
calibration_test/ece:	0.16723522543907166
calibration_test/brier:	0.45574238896369934
accuracy_test/task:	70.48
accuracy_test/concepts:	84.4225082397461
map_test/concepts:	0.8150905685615726

Epoch 51
losses_train/task:	0.23543420433998108
losses_train/concepts:	20.189613342285156
losses_train/total:	2.254394054412842
losses_test/task:	1.1520572900772095
losses_test/concepts:	21.500356674194336
losses_test/total:	3.3020923137664795
calibration_test/ece:	0.15668311715126038
calibration_test/brier:	0.4357360899448395
accuracy_test/task:	71.56
accuracy_test/concepts:	84.40719604492188
map_test/concepts:	0.8151172192301601

Epoch 52
losses_train/task:	0.22724443674087524
losses_train/concepts:	20.151935577392578
losses_train/total:	2.2424376010894775
losses_test/task:	1.1890579462051392
losses_test/concepts:	21.503957748413086
losses_test/total:	3.3394532203674316
calibration_test/ece:	0.16259229183197021
calibration_test/brier:	0.44668227434158325
accuracy_test/task:	71.11
accuracy_test/concepts:	84.37391662597656
map_test/concepts:	0.8149057342670858

Epoch 53
losses_train/task:	0.21659879386425018
losses_train/concepts:	20.112680435180664
losses_train/total:	2.2278666496276855
losses_test/task:	1.171506643295288
losses_test/concepts:	21.542095184326172
losses_test/total:	3.325716495513916
calibration_test/ece:	0.16061043739318848
calibration_test/brier:	0.44021371006965637
accuracy_test/task:	71.48
accuracy_test/concepts:	84.33203887939453
map_test/concepts:	0.8148627371992916

Epoch 54
losses_train/task:	0.21009217202663422
losses_train/concepts:	20.06412696838379
losses_train/total:	2.2165050506591797
losses_test/task:	1.2137521505355835
losses_test/concepts:	21.46497344970703
losses_test/total:	3.3602492809295654
calibration_test/ece:	0.16660445928573608
calibration_test/brier:	0.44846317172050476
accuracy_test/task:	71.17
accuracy_test/concepts:	84.41109466552734
map_test/concepts:	0.8157159412512556

Epoch 55
losses_train/task:	0.21135003864765167
losses_train/concepts:	20.058597564697266
losses_train/total:	2.217210292816162
losses_test/task:	1.2277134656906128
losses_test/concepts:	21.529083251953125
losses_test/total:	3.380622386932373
calibration_test/ece:	0.16465330123901367
calibration_test/brier:	0.44169163703918457
accuracy_test/task:	71.94
accuracy_test/concepts:	84.36280822753906
map_test/concepts:	0.8153384948382154

Epoch 56
losses_train/task:	0.19840674102306366
losses_train/concepts:	20.006420135498047
losses_train/total:	2.199047088623047
losses_test/task:	1.2294189929962158
losses_test/concepts:	21.488052368164062
losses_test/total:	3.3782248497009277
calibration_test/ece:	0.16767901182174683
calibration_test/brier:	0.4471435546875
accuracy_test/task:	71.47
accuracy_test/concepts:	84.35173034667969
map_test/concepts:	0.8159922031918541

Epoch 57
losses_train/task:	0.20128512382507324
losses_train/concepts:	20.006649017333984
losses_train/total:	2.2019503116607666
losses_test/task:	1.2838575839996338
losses_test/concepts:	21.530378341674805
losses_test/total:	3.436894655227661
calibration_test/ece:	0.17541009187698364
calibration_test/brier:	0.4582170844078064
accuracy_test/task:	71.15
accuracy_test/concepts:	84.35765838623047
map_test/concepts:	0.8158266566460952

Epoch 58
losses_train/task:	0.19468043744564056
losses_train/concepts:	19.93882179260254
losses_train/total:	2.1885626316070557
losses_test/task:	1.2420647144317627
losses_test/concepts:	21.47998809814453
losses_test/total:	3.390063524246216
calibration_test/ece:	0.16723820567131042
calibration_test/brier:	0.4449367821216583
accuracy_test/task:	71.59
accuracy_test/concepts:	84.36905670166016
map_test/concepts:	0.8159969019470736

Epoch 59
losses_train/task:	0.1888902634382248
losses_train/concepts:	19.936752319335938
losses_train/total:	2.1825661659240723
losses_test/task:	1.2446653842926025
losses_test/concepts:	21.491413116455078
losses_test/total:	3.3938066959381104
calibration_test/ece:	0.16907578706741333
calibration_test/brier:	0.4458519518375397
accuracy_test/task:	71.61
accuracy_test/concepts:	84.39781188964844
map_test/concepts:	0.8156358591513708

Epoch 60
losses_train/task:	0.18012602627277374
losses_train/concepts:	19.891624450683594
losses_train/total:	2.169290065765381
losses_test/task:	1.2368217706680298
losses_test/concepts:	21.484317779541016
losses_test/total:	3.385253667831421
calibration_test/ece:	0.16992312669754028
calibration_test/brier:	0.4430098235607147
accuracy_test/task:	71.89
accuracy_test/concepts:	84.39312744140625
map_test/concepts:	0.8159249268937856

Epoch 61
losses_train/task:	0.17759522795677185
losses_train/concepts:	19.854351043701172
losses_train/total:	2.1630308628082275
losses_test/task:	1.2989970445632935
losses_test/concepts:	21.509965896606445
losses_test/total:	3.449993848800659
calibration_test/ece:	0.17601917684078217
calibration_test/brier:	0.4567224681377411
accuracy_test/task:	71.19
accuracy_test/concepts:	84.37203979492188
map_test/concepts:	0.815349357901141

Epoch 62
losses_train/task:	0.17550325393676758
losses_train/concepts:	19.81609344482422
losses_train/total:	2.1571109294891357
losses_test/task:	1.2625634670257568
losses_test/concepts:	21.51896858215332
losses_test/total:	3.4144604206085205
calibration_test/ece:	0.16783995926380157
calibration_test/brier:	0.44494742155075073
accuracy_test/task:	71.96
accuracy_test/concepts:	84.3812484741211
map_test/concepts:	0.8156991195282899

Epoch 63
losses_train/task:	0.16944175958633423
losses_train/concepts:	19.799570083618164
losses_train/total:	2.1493992805480957
losses_test/task:	1.2854163646697998
losses_test/concepts:	21.48419761657715
losses_test/total:	3.4338364601135254
calibration_test/ece:	0.1744823455810547
calibration_test/brier:	0.45222246646881104
accuracy_test/task:	71.31
accuracy_test/concepts:	84.40813446044922
map_test/concepts:	0.815984237822704

Epoch 64
losses_train/task:	0.16470672190189362
losses_train/concepts:	19.780107498168945
losses_train/total:	2.142716646194458
losses_test/task:	1.255612850189209
losses_test/concepts:	21.459501266479492
losses_test/total:	3.4015634059906006
calibration_test/ece:	0.1694003790616989
calibration_test/brier:	0.4431952238082886
accuracy_test/task:	72.1
accuracy_test/concepts:	84.38046264648438
map_test/concepts:	0.8160355177242309

Epoch 65
losses_train/task:	0.15899506211280823
losses_train/concepts:	19.72956085205078
losses_train/total:	2.1319503784179688
losses_test/task:	1.2903960943222046
losses_test/concepts:	21.452226638793945
losses_test/total:	3.4356184005737305
calibration_test/ece:	0.17497479915618896
calibration_test/brier:	0.4504813551902771
accuracy_test/task:	71.61
accuracy_test/concepts:	84.43624877929688
map_test/concepts:	0.8164826117572375

Epoch 66
losses_train/task:	0.16186019778251648
losses_train/concepts:	19.720857620239258
losses_train/total:	2.1339457035064697
losses_test/task:	1.2535306215286255
losses_test/concepts:	21.46048927307129
losses_test/total:	3.399580717086792
calibration_test/ece:	0.17040638625621796
calibration_test/brier:	0.4454820454120636
accuracy_test/task:	72.06
accuracy_test/concepts:	84.42671966552734
map_test/concepts:	0.8157971958280541

Epoch 67
losses_train/task:	0.15380898118019104
losses_train/concepts:	19.68434715270996
losses_train/total:	2.1222453117370605
losses_test/task:	1.280755877494812
losses_test/concepts:	21.47219467163086
losses_test/total:	3.42797589302063
calibration_test/ece:	0.17331048846244812
calibration_test/brier:	0.4435265064239502
accuracy_test/task:	72.35
accuracy_test/concepts:	84.40624237060547
map_test/concepts:	0.8159103768412024

Epoch 68
losses_train/task:	0.15035909414291382
losses_train/concepts:	19.650774002075195
losses_train/total:	2.115436315536499
losses_test/task:	1.3064368963241577
losses_test/concepts:	21.454586029052734
losses_test/total:	3.4518959522247314
calibration_test/ece:	0.176789328455925
calibration_test/brier:	0.45178189873695374
accuracy_test/task:	71.72
accuracy_test/concepts:	84.39749908447266
map_test/concepts:	0.8159426428610459

Epoch 69
losses_train/task:	0.14535818994045258
losses_train/concepts:	19.60857391357422
losses_train/total:	2.106215238571167
losses_test/task:	1.3212904930114746
losses_test/concepts:	21.48552894592285
losses_test/total:	3.4698433876037598
calibration_test/ece:	0.1735050082206726
calibration_test/brier:	0.4475036561489105
accuracy_test/task:	72.15
accuracy_test/concepts:	84.36219787597656
map_test/concepts:	0.8162790393107571

Epoch 70
losses_train/task:	0.1456691473722458
losses_train/concepts:	19.593338012695312
losses_train/total:	2.105004072189331
losses_test/task:	1.3393769264221191
losses_test/concepts:	21.5060977935791
losses_test/total:	3.48998761177063
calibration_test/ece:	0.18169596791267395
calibration_test/brier:	0.45675382018089294
accuracy_test/task:	71.52
accuracy_test/concepts:	84.38233947753906
map_test/concepts:	0.8162290691398084

Epoch 71
losses_train/task:	0.13852384686470032
losses_train/concepts:	19.53712272644043
losses_train/total:	2.0922367572784424
losses_test/task:	1.3355275392532349
losses_test/concepts:	21.478527069091797
losses_test/total:	3.4833807945251465
calibration_test/ece:	0.17778930068016052
calibration_test/brier:	0.44861629605293274
accuracy_test/task:	72.2
accuracy_test/concepts:	84.43470001220703
map_test/concepts:	0.816235174483154

Epoch 72
losses_train/task:	0.14059415459632874
losses_train/concepts:	19.5092830657959
losses_train/total:	2.0915238857269287
losses_test/task:	1.3134678602218628
losses_test/concepts:	21.45104217529297
losses_test/total:	3.4585719108581543
calibration_test/ece:	0.17773494124412537
calibration_test/brier:	0.4476989805698395
accuracy_test/task:	72.04
accuracy_test/concepts:	84.4348373413086
map_test/concepts:	0.8172644513542764

Epoch 73
losses_train/task:	0.13439838588237762
losses_train/concepts:	19.45574951171875
losses_train/total:	2.0799732208251953
losses_test/task:	1.2989882230758667
losses_test/concepts:	21.46120262145996
losses_test/total:	3.44510817527771
calibration_test/ece:	0.17290112376213074
calibration_test/brier:	0.44175732135772705
accuracy_test/task:	72.52
accuracy_test/concepts:	84.42267608642578
map_test/concepts:	0.8167100462596864

Epoch 74
losses_train/task:	0.13207465410232544
losses_train/concepts:	19.448326110839844
losses_train/total:	2.0769076347351074
losses_test/task:	1.299106478691101
losses_test/concepts:	21.442049026489258
losses_test/total:	3.4433114528656006
calibration_test/ece:	0.17489072680473328
calibration_test/brier:	0.445099413394928
accuracy_test/task:	72.04
accuracy_test/concepts:	84.41874694824219
map_test/concepts:	0.8166746289934963

Epoch 75
losses_train/task:	0.13078530132770538
losses_train/concepts:	19.417041778564453
losses_train/total:	2.07248854637146
losses_test/task:	1.290401577949524
losses_test/concepts:	21.448957443237305
losses_test/total:	3.4352974891662598
calibration_test/ece:	0.17524708807468414
calibration_test/brier:	0.4444600045681
accuracy_test/task:	71.96
accuracy_test/concepts:	84.3918685913086
map_test/concepts:	0.816652393899858

Epoch 76
losses_train/task:	0.12909862399101257
losses_train/concepts:	19.36688995361328
losses_train/total:	2.0657880306243896
losses_test/task:	1.322867512702942
losses_test/concepts:	21.455821990966797
losses_test/total:	3.468451499938965
calibration_test/ece:	0.17441421747207642
calibration_test/brier:	0.44136983156204224
accuracy_test/task:	72.68
accuracy_test/concepts:	84.41702270507812
map_test/concepts:	0.8171468890504912

Epoch 77
losses_train/task:	0.1263313740491867
losses_train/concepts:	19.344663619995117
losses_train/total:	2.0607991218566895
losses_test/task:	1.3412891626358032
losses_test/concepts:	21.46932601928711
losses_test/total:	3.488222599029541
calibration_test/ece:	0.17885130643844604
calibration_test/brier:	0.446499764919281
accuracy_test/task:	72.11
accuracy_test/concepts:	84.43266296386719
map_test/concepts:	0.816722366027534

Epoch 78
losses_train/task:	0.12381008267402649
losses_train/concepts:	19.29043960571289
losses_train/total:	2.052853584289551
losses_test/task:	1.3595339059829712
losses_test/concepts:	21.525609970092773
losses_test/total:	3.512094736099243
calibration_test/ece:	0.18109655380249023
calibration_test/brier:	0.4477519094944
accuracy_test/task:	72.34
accuracy_test/concepts:	84.40345001220703
map_test/concepts:	0.8171830454375595

Epoch 79
losses_train/task:	0.1220521330833435
losses_train/concepts:	19.25425148010254
losses_train/total:	2.0474772453308105
losses_test/task:	1.3587141036987305
losses_test/concepts:	21.51864242553711
losses_test/total:	3.5105788707733154
calibration_test/ece:	0.1798400729894638
calibration_test/brier:	0.44643768668174744
accuracy_test/task:	72.47
accuracy_test/concepts:	84.44000244140625
map_test/concepts:	0.8166880927165039

Epoch 80
losses_train/task:	0.12190760672092438
losses_train/concepts:	19.238121032714844
losses_train/total:	2.045719623565674
losses_test/task:	1.3469479084014893
losses_test/concepts:	21.486154556274414
losses_test/total:	3.495563507080078
calibration_test/ece:	0.18127118051052094
calibration_test/brier:	0.44705408811569214
accuracy_test/task:	72.16
accuracy_test/concepts:	84.4078140258789
map_test/concepts:	0.8170919435797259

Epoch 81
losses_train/task:	0.10336173325777054
losses_train/concepts:	19.04229164123535
losses_train/total:	2.007591962814331
losses_test/task:	1.3135720491409302
losses_test/concepts:	21.39596176147461
losses_test/total:	3.4531683921813965
calibration_test/ece:	0.17598453164100647
calibration_test/brier:	0.43525445461273193
accuracy_test/task:	72.82
accuracy_test/concepts:	84.52265930175781
map_test/concepts:	0.8182218604488298

Epoch 82
losses_train/task:	0.09152285754680634
losses_train/concepts:	19.000978469848633
losses_train/total:	1.9916210174560547
losses_test/task:	1.3204596042633057
losses_test/concepts:	21.380596160888672
losses_test/total:	3.458519458770752
calibration_test/ece:	0.1776561737060547
calibration_test/brier:	0.4357393682003021
accuracy_test/task:	72.78
accuracy_test/concepts:	84.52655792236328
map_test/concepts:	0.8184502164367586

Epoch 83
losses_train/task:	0.08934944868087769
losses_train/concepts:	18.981273651123047
losses_train/total:	1.9874770641326904
losses_test/task:	1.3266875743865967
losses_test/concepts:	21.38695526123047
losses_test/total:	3.4653818607330322
calibration_test/ece:	0.17696021497249603
calibration_test/brier:	0.43553197383880615
accuracy_test/task:	72.94
accuracy_test/concepts:	84.5457992553711
map_test/concepts:	0.8184605482965708

Epoch 84
losses_train/task:	0.08677538484334946
losses_train/concepts:	18.95795249938965
losses_train/total:	1.9825712442398071
losses_test/task:	1.3211212158203125
losses_test/concepts:	21.37578010559082
losses_test/total:	3.4586994647979736
calibration_test/ece:	0.1762634515762329
calibration_test/brier:	0.4359317421913147
accuracy_test/task:	72.97
accuracy_test/concepts:	84.53032684326172
map_test/concepts:	0.8185157414991409

Epoch 85
losses_train/task:	0.08180253952741623
losses_train/concepts:	18.957529067993164
losses_train/total:	1.9775543212890625
losses_test/task:	1.338657021522522
losses_test/concepts:	21.378725051879883
losses_test/total:	3.476529359817505
calibration_test/ece:	0.1790277659893036
calibration_test/brier:	0.4362854063510895
accuracy_test/task:	72.97
accuracy_test/concepts:	84.54077911376953
map_test/concepts:	0.8187488254043274

Epoch 86
losses_train/task:	0.08343815058469772
losses_train/concepts:	18.923694610595703
losses_train/total:	1.975807785987854
losses_test/task:	1.3394535779953003
losses_test/concepts:	21.387481689453125
losses_test/total:	3.4782016277313232
calibration_test/ece:	0.1782234013080597
calibration_test/brier:	0.4358024001121521
accuracy_test/task:	73.06
accuracy_test/concepts:	84.53390502929688
map_test/concepts:	0.8186458134441637

Epoch 87
losses_train/task:	0.0774507224559784
losses_train/concepts:	18.913747787475586
losses_train/total:	1.9688249826431274
losses_test/task:	1.3496527671813965
losses_test/concepts:	21.385438919067383
losses_test/total:	3.48819637298584
calibration_test/ece:	0.17949128150939941
calibration_test/brier:	0.43538251519203186
accuracy_test/task:	73.04
accuracy_test/concepts:	84.5457763671875
map_test/concepts:	0.8187082483782433

Epoch 88
losses_train/task:	0.07625690847635269
losses_train/concepts:	18.899951934814453
losses_train/total:	1.9662522077560425
losses_test/task:	1.357986569404602
losses_test/concepts:	21.40564727783203
losses_test/total:	3.4985511302948
calibration_test/ece:	0.1801302134990692
calibration_test/brier:	0.4367442727088928
accuracy_test/task:	73.12
accuracy_test/concepts:	84.53423309326172
map_test/concepts:	0.8186429081833921

Epoch 89
losses_train/task:	0.07338746637105942
losses_train/concepts:	18.906070709228516
losses_train/total:	1.9639955759048462
losses_test/task:	1.3552154302597046
losses_test/concepts:	21.387985229492188
losses_test/total:	3.4940145015716553
calibration_test/ece:	0.1799030303955078
calibration_test/brier:	0.4357057511806488
accuracy_test/task:	73.06
accuracy_test/concepts:	84.53659057617188
map_test/concepts:	0.8187017507734708

Epoch 90
losses_train/task:	0.07653646916151047
losses_train/concepts:	18.886791229248047
losses_train/total:	1.9652152061462402
losses_test/task:	1.3595657348632812
losses_test/concepts:	21.38220977783203
losses_test/total:	3.497786521911621
calibration_test/ece:	0.17708107829093933
calibration_test/brier:	0.4352729022502899
accuracy_test/task:	73.28
accuracy_test/concepts:	84.54032135009766
map_test/concepts:	0.818641040707007

Epoch 91
losses_train/task:	0.07712806761264801
losses_train/concepts:	18.87900733947754
losses_train/total:	1.9650297164916992
losses_test/task:	1.3642507791519165
losses_test/concepts:	21.38250732421875
losses_test/total:	3.502500534057617
calibration_test/ece:	0.17944452166557312
calibration_test/brier:	0.437439888715744
accuracy_test/task:	73.15
accuracy_test/concepts:	84.53704071044922
map_test/concepts:	0.8186499195289798

Epoch 92
losses_train/task:	0.07065539062023163
losses_train/concepts:	18.85810089111328
losses_train/total:	1.9564656019210815
losses_test/task:	1.3649258613586426
losses_test/concepts:	21.38092041015625
losses_test/total:	3.5030181407928467
calibration_test/ece:	0.17818447947502136
calibration_test/brier:	0.43553397059440613
accuracy_test/task:	73.29
accuracy_test/concepts:	84.53642272949219
map_test/concepts:	0.8187372244428843

Epoch 93
losses_train/task:	0.07075054198503494
losses_train/concepts:	18.850051879882812
losses_train/total:	1.9557561874389648
losses_test/task:	1.3607299327850342
losses_test/concepts:	21.390026092529297
losses_test/total:	3.499732732772827
calibration_test/ece:	0.17953908443450928
calibration_test/brier:	0.43458738923072815
accuracy_test/task:	73.21
accuracy_test/concepts:	84.53484344482422
map_test/concepts:	0.8186517948051915

Epoch 94
losses_train/task:	0.07078133523464203
losses_train/concepts:	18.834379196166992
losses_train/total:	1.9542218446731567
losses_test/task:	1.375741958618164
losses_test/concepts:	21.403240203857422
losses_test/total:	3.516066312789917
calibration_test/ece:	0.17933708429336548
calibration_test/brier:	0.43559905886650085
accuracy_test/task:	73.34
accuracy_test/concepts:	84.53594207763672
map_test/concepts:	0.8186795298242941

Epoch 95
losses_train/task:	0.06976056098937988
losses_train/concepts:	18.831096649169922
losses_train/total:	1.952868103981018
losses_test/task:	1.3777998685836792
losses_test/concepts:	21.394794464111328
losses_test/total:	3.517279624938965
calibration_test/ece:	0.18101802468299866
calibration_test/brier:	0.4364417493343353
accuracy_test/task:	73.11
accuracy_test/concepts:	84.54327392578125
map_test/concepts:	0.8186655901954509

Epoch 96
losses_train/task:	0.0664403960108757
losses_train/concepts:	18.836837768554688
losses_train/total:	1.9501235485076904
losses_test/task:	1.3855061531066895
losses_test/concepts:	21.400632858276367
losses_test/total:	3.5255699157714844
calibration_test/ece:	0.18098989129066467
calibration_test/brier:	0.43666231632232666
accuracy_test/task:	73.21
accuracy_test/concepts:	84.53750610351562
map_test/concepts:	0.8186156708979979

Epoch 97
losses_train/task:	0.06740608811378479
losses_train/concepts:	18.80588150024414
losses_train/total:	1.947995662689209
losses_test/task:	1.3876707553863525
losses_test/concepts:	21.389799118041992
losses_test/total:	3.52665114402771
calibration_test/ece:	0.18037807941436768
calibration_test/brier:	0.43689224123954773
accuracy_test/task:	73.29
accuracy_test/concepts:	84.5428237915039
map_test/concepts:	0.8186400084523484

Epoch 98
losses_train/task:	0.06563905626535416
losses_train/concepts:	18.797927856445312
losses_train/total:	1.945432424545288
losses_test/task:	1.3899067640304565
losses_test/concepts:	21.395336151123047
losses_test/total:	3.5294406414031982
calibration_test/ece:	0.18117791414260864
calibration_test/brier:	0.43763524293899536
accuracy_test/task:	73.35
accuracy_test/concepts:	84.52906799316406
map_test/concepts:	0.818742509232834

Epoch 99
losses_train/task:	0.06467198580503464
losses_train/concepts:	18.79315757751465
losses_train/total:	1.9439877271652222
losses_test/task:	1.3886640071868896
losses_test/concepts:	21.392934799194336
losses_test/total:	3.5279576778411865
calibration_test/ece:	0.18091580271720886
calibration_test/brier:	0.4376594126224518
accuracy_test/task:	73.33
accuracy_test/concepts:	84.53874969482422
map_test/concepts:	0.8187699994887225

Epoch 100
losses_train/task:	0.06336132436990738
losses_train/concepts:	18.789920806884766
losses_train/total:	1.9423534870147705
losses_test/task:	1.3954944610595703
losses_test/concepts:	21.394847869873047
losses_test/total:	3.5349786281585693
calibration_test/ece:	0.1798110157251358
calibration_test/brier:	0.43731263279914856
accuracy_test/task:	73.49
accuracy_test/concepts:	84.54515838623047
map_test/concepts:	0.8187739427085035

Epoch 101
losses_train/task:	0.06358379125595093
losses_train/concepts:	18.766447067260742
losses_train/total:	1.94022798538208
losses_test/task:	1.3950754404067993
losses_test/concepts:	21.39238929748535
losses_test/total:	3.5343148708343506
calibration_test/ece:	0.1791084110736847
calibration_test/brier:	0.4354442358016968
accuracy_test/task:	73.46
accuracy_test/concepts:	84.54875183105469
map_test/concepts:	0.8188888579024933

Epoch 102
losses_train/task:	0.06227869540452957
losses_train/concepts:	18.780202865600586
losses_train/total:	1.9402990341186523
losses_test/task:	1.404247522354126
losses_test/concepts:	21.40032196044922
losses_test/total:	3.544280767440796
calibration_test/ece:	0.18285280466079712
calibration_test/brier:	0.4377478063106537
accuracy_test/task:	73.25
accuracy_test/concepts:	84.53311920166016
map_test/concepts:	0.8187667003367096

Epoch 103
losses_train/task:	0.06237702816724777
losses_train/concepts:	18.75785255432129
losses_train/total:	1.938162088394165
losses_test/task:	1.413902997970581
losses_test/concepts:	21.414548873901367
losses_test/total:	3.5553574562072754
calibration_test/ece:	0.1825549155473709
calibration_test/brier:	0.4395585060119629
accuracy_test/task:	73.18
accuracy_test/concepts:	84.54390716552734
map_test/concepts:	0.8187841047765687

Epoch 104
losses_train/task:	0.06283346563577652
losses_train/concepts:	18.740001678466797
losses_train/total:	1.9368338584899902
losses_test/task:	1.417632818222046
losses_test/concepts:	21.407428741455078
losses_test/total:	3.558375120162964
calibration_test/ece:	0.18369504809379578
calibration_test/brier:	0.44092074036598206
accuracy_test/task:	73.18
accuracy_test/concepts:	84.54266357421875
map_test/concepts:	0.8187356181442738

Epoch 105
losses_train/task:	0.06220224127173424
losses_train/concepts:	18.733177185058594
losses_train/total:	1.9355201721191406
losses_test/task:	1.4074538946151733
losses_test/concepts:	21.392976760864258
losses_test/total:	3.5467519760131836
calibration_test/ece:	0.18342888355255127
calibration_test/brier:	0.43877652287483215
accuracy_test/task:	73.25
accuracy_test/concepts:	84.54704284667969
map_test/concepts:	0.818840102350805

Epoch 106
losses_train/task:	0.06160235032439232
losses_train/concepts:	18.722339630126953
losses_train/total:	1.9338362216949463
losses_test/task:	1.4189742803573608
losses_test/concepts:	21.400463104248047
losses_test/total:	3.55902099609375
calibration_test/ece:	0.18473830819129944
calibration_test/brier:	0.44002363085746765
accuracy_test/task:	73.15
accuracy_test/concepts:	84.55313873291016
map_test/concepts:	0.8186697437195107

Epoch 107
losses_train/task:	0.06377854943275452
losses_train/concepts:	18.733537673950195
losses_train/total:	1.9371329545974731
losses_test/task:	1.4143941402435303
losses_test/concepts:	21.389272689819336
losses_test/total:	3.553321599960327
calibration_test/ece:	0.18603195250034332
calibration_test/brier:	0.43873926997184753
accuracy_test/task:	73.06
accuracy_test/concepts:	84.57125091552734
map_test/concepts:	0.8189324312261306

Epoch 108
losses_train/task:	0.05704685300588608
losses_train/concepts:	18.730817794799805
losses_train/total:	1.9301276206970215
losses_test/task:	1.424721360206604
losses_test/concepts:	21.401025772094727
losses_test/total:	3.564824104309082
calibration_test/ece:	0.1834862232208252
calibration_test/brier:	0.4398804306983948
accuracy_test/task:	73.25
accuracy_test/concepts:	84.54609680175781
map_test/concepts:	0.818790522753261

Epoch 109
losses_train/task:	0.05778808146715164
losses_train/concepts:	18.700796127319336
losses_train/total:	1.9278674125671387
losses_test/task:	1.421830415725708
losses_test/concepts:	21.402326583862305
losses_test/total:	3.5620644092559814
calibration_test/ece:	0.1845615804195404
calibration_test/brier:	0.4389845132827759
accuracy_test/task:	73.24
accuracy_test/concepts:	84.52375030517578
map_test/concepts:	0.8187361201853491

Epoch 110
losses_train/task:	0.05964506417512894
losses_train/concepts:	18.692134857177734
losses_train/total:	1.9288582801818848
losses_test/task:	1.4289050102233887
losses_test/concepts:	21.407079696655273
losses_test/total:	3.569612979888916
calibration_test/ece:	0.18529877066612244
calibration_test/brier:	0.44008979201316833
accuracy_test/task:	73.22
accuracy_test/concepts:	84.54032135009766
map_test/concepts:	0.8187173011829145

Epoch 111
losses_train/task:	0.05843033269047737
losses_train/concepts:	18.679607391357422
losses_train/total:	1.926392912864685
losses_test/task:	1.429793357849121
losses_test/concepts:	21.39690399169922
losses_test/total:	3.5694844722747803
calibration_test/ece:	0.18616002798080444
calibration_test/brier:	0.4403083622455597
accuracy_test/task:	73.09
accuracy_test/concepts:	84.5279769897461
map_test/concepts:	0.8188306714873761

Epoch 112
losses_train/task:	0.058269646018743515
losses_train/concepts:	18.68904685974121
losses_train/total:	1.9271743297576904
losses_test/task:	1.4347904920578003
losses_test/concepts:	21.409324645996094
losses_test/total:	3.575723171234131
calibration_test/ece:	0.18617261946201324
calibration_test/brier:	0.4408769905567169
accuracy_test/task:	73.08
accuracy_test/concepts:	84.53251647949219
map_test/concepts:	0.8187052532448433

Epoch 113
losses_train/task:	0.05872991681098938
losses_train/concepts:	18.68882942199707
losses_train/total:	1.9276107549667358
losses_test/task:	1.4398448467254639
losses_test/concepts:	21.409276962280273
losses_test/total:	3.580773115158081
calibration_test/ece:	0.18675974011421204
calibration_test/brier:	0.44215115904808044
accuracy_test/task:	73.1
accuracy_test/concepts:	84.5296859741211
map_test/concepts:	0.8188485275022686

Epoch 114
losses_train/task:	0.05763904005289078
losses_train/concepts:	18.66265106201172
losses_train/total:	1.923904538154602
losses_test/task:	1.4381035566329956
losses_test/concepts:	21.40414047241211
losses_test/total:	3.5785179138183594
calibration_test/ece:	0.1841466724872589
calibration_test/brier:	0.44121426343917847
accuracy_test/task:	73.33
accuracy_test/concepts:	84.54798889160156
map_test/concepts:	0.8188455202616751

Epoch 115
losses_train/task:	0.0571788065135479
losses_train/concepts:	18.662961959838867
losses_train/total:	1.9234741926193237
losses_test/task:	1.439726710319519
losses_test/concepts:	21.405818939208984
losses_test/total:	3.5803089141845703
calibration_test/ece:	0.18626084923744202
calibration_test/brier:	0.4411714971065521
accuracy_test/task:	73.16
accuracy_test/concepts:	84.54592895507812
map_test/concepts:	0.81886763201328

Epoch 116
losses_train/task:	0.05555916950106621
losses_train/concepts:	18.6593074798584
losses_train/total:	1.9214892387390137
losses_test/task:	1.4380849599838257
losses_test/concepts:	21.41109848022461
losses_test/total:	3.5791947841644287
calibration_test/ece:	0.18336200714111328
calibration_test/brier:	0.43945077061653137
accuracy_test/task:	73.54
accuracy_test/concepts:	84.54891204833984
map_test/concepts:	0.8188630418735556

Epoch 117
losses_train/task:	0.054189905524253845
losses_train/concepts:	18.64031982421875
losses_train/total:	1.9182215929031372
losses_test/task:	1.4553359746932983
losses_test/concepts:	21.42022705078125
losses_test/total:	3.597358465194702
calibration_test/ece:	0.18825097382068634
calibration_test/brier:	0.4423923194408417
accuracy_test/task:	73.05
accuracy_test/concepts:	84.54109954833984
map_test/concepts:	0.8188073018100113

Epoch 118
losses_train/task:	0.053722865879535675
losses_train/concepts:	18.62040138244629
losses_train/total:	1.9157623052597046
losses_test/task:	1.45039963722229
losses_test/concepts:	21.4058780670166
losses_test/total:	3.590987205505371
calibration_test/ece:	0.1863557994365692
calibration_test/brier:	0.4410439431667328
accuracy_test/task:	73.29
accuracy_test/concepts:	84.53030395507812
map_test/concepts:	0.8189672242151573

Epoch 119
losses_train/task:	0.05608576908707619
losses_train/concepts:	18.620309829711914
losses_train/total:	1.918116569519043
losses_test/task:	1.4503315687179565
losses_test/concepts:	21.413915634155273
losses_test/total:	3.5917227268218994
calibration_test/ece:	0.1864941418170929
calibration_test/brier:	0.44137826561927795
accuracy_test/task:	73.21
accuracy_test/concepts:	84.54515075683594
map_test/concepts:	0.8188875550404191

Epoch 120
losses_train/task:	0.05398830771446228
losses_train/concepts:	18.621370315551758
losses_train/total:	1.9161248207092285
losses_test/task:	1.4666420221328735
losses_test/concepts:	21.406831741333008
losses_test/total:	3.6073246002197266
calibration_test/ece:	0.18704405426979065
calibration_test/brier:	0.4420637786388397
accuracy_test/task:	73.2
accuracy_test/concepts:	84.55265045166016
map_test/concepts:	0.8187899843323976

Epoch 121
losses_train/task:	0.051632270216941833
losses_train/concepts:	18.60751724243164
losses_train/total:	1.912383794784546
losses_test/task:	1.4603662490844727
losses_test/concepts:	21.41176986694336
losses_test/total:	3.601543664932251
calibration_test/ece:	0.18789614737033844
calibration_test/brier:	0.44216614961624146
accuracy_test/task:	73.21
accuracy_test/concepts:	84.55391693115234
map_test/concepts:	0.8189105131314136

Epoch 122
losses_train/task:	0.05399441346526146
losses_train/concepts:	18.595651626586914
losses_train/total:	1.913559079170227
losses_test/task:	1.4647172689437866
losses_test/concepts:	21.40928077697754
losses_test/total:	3.6056461334228516
calibration_test/ece:	0.18856199085712433
calibration_test/brier:	0.4431745111942291
accuracy_test/task:	73.16
accuracy_test/concepts:	84.54032135009766
map_test/concepts:	0.8187857922748663

Epoch 123
losses_train/task:	0.051657453179359436
losses_train/concepts:	18.591367721557617
losses_train/total:	1.910794973373413
losses_test/task:	1.4691545963287354
losses_test/concepts:	21.409896850585938
losses_test/total:	3.610145330429077
calibration_test/ece:	0.18745490908622742
calibration_test/brier:	0.44197607040405273
accuracy_test/task:	73.29
accuracy_test/concepts:	84.5317153930664
map_test/concepts:	0.8188808195991442

Epoch 124
losses_train/task:	0.0526629239320755
losses_train/concepts:	18.586517333984375
losses_train/total:	1.9113166332244873
losses_test/task:	1.4782017469406128
losses_test/concepts:	21.43148422241211
losses_test/total:	3.621349573135376
calibration_test/ece:	0.19023576378822327
calibration_test/brier:	0.4434558153152466
accuracy_test/task:	73.15
accuracy_test/concepts:	84.5328140258789
map_test/concepts:	0.8187544264364988

Epoch 125
losses_train/task:	0.052727676928043365
losses_train/concepts:	18.566835403442383
losses_train/total:	1.9094120264053345
losses_test/task:	1.474966287612915
losses_test/concepts:	21.418502807617188
losses_test/total:	3.6168174743652344
calibration_test/ece:	0.18887943029403687
calibration_test/brier:	0.44153866171836853
accuracy_test/task:	73.25
accuracy_test/concepts:	84.53672790527344
map_test/concepts:	0.8188748577376828

Epoch 126
losses_train/task:	0.05347098410129547
losses_train/concepts:	18.568279266357422
losses_train/total:	1.9103001356124878
losses_test/task:	1.4747216701507568
losses_test/concepts:	21.436067581176758
losses_test/total:	3.618328809738159
calibration_test/ece:	0.18660835921764374
calibration_test/brier:	0.44260531663894653
accuracy_test/task:	73.42
accuracy_test/concepts:	84.54078674316406
map_test/concepts:	0.8187521996442229

Epoch 127
losses_train/task:	0.05319654196500778
losses_train/concepts:	18.537967681884766
losses_train/total:	1.9069920778274536
losses_test/task:	1.4851704835891724
losses_test/concepts:	21.433818817138672
losses_test/total:	3.628553628921509
calibration_test/ece:	0.1887381225824356
calibration_test/brier:	0.44364404678344727
accuracy_test/task:	73.24
accuracy_test/concepts:	84.54641723632812
map_test/concepts:	0.8188416226184927

Epoch 128
losses_train/task:	0.053643599152565
losses_train/concepts:	18.560718536376953
losses_train/total:	1.9097152948379517
losses_test/task:	1.4750765562057495
losses_test/concepts:	21.425750732421875
losses_test/total:	3.6176514625549316
calibration_test/ece:	0.18664458394050598
calibration_test/brier:	0.4428614675998688
accuracy_test/task:	73.35
accuracy_test/concepts:	84.54000091552734
map_test/concepts:	0.8187798855360597

Epoch 129
losses_train/task:	0.05420995503664017
losses_train/concepts:	18.53104019165039
losses_train/total:	1.9073150157928467
losses_test/task:	1.478256106376648
losses_test/concepts:	21.428442001342773
losses_test/total:	3.621100902557373
calibration_test/ece:	0.18766804039478302
calibration_test/brier:	0.4413151443004608
accuracy_test/task:	73.32
accuracy_test/concepts:	84.52719116210938
map_test/concepts:	0.8186458661803044

Epoch 130
losses_train/task:	0.050956420600414276
losses_train/concepts:	18.52336883544922
losses_train/total:	1.9032930135726929
losses_test/task:	1.4856144189834595
losses_test/concepts:	21.441267013549805
losses_test/total:	3.6297414302825928
calibration_test/ece:	0.18811951577663422
calibration_test/brier:	0.4439237713813782
accuracy_test/task:	73.23
accuracy_test/concepts:	84.53187561035156
map_test/concepts:	0.8185919039533474

Epoch 131
losses_train/task:	0.05207782983779907
losses_train/concepts:	18.503738403320312
losses_train/total:	1.9024524688720703
losses_test/task:	1.4824985265731812
losses_test/concepts:	21.437986373901367
losses_test/total:	3.6262969970703125
calibration_test/ece:	0.18692269921302795
calibration_test/brier:	0.4417549669742584
accuracy_test/task:	73.38
accuracy_test/concepts:	84.5357894897461
map_test/concepts:	0.8186894922982901

Epoch 132
losses_train/task:	0.051626089960336685
losses_train/concepts:	18.523866653442383
losses_train/total:	1.904011845588684
losses_test/task:	1.492389440536499
losses_test/concepts:	21.44625473022461
losses_test/total:	3.6370151042938232
calibration_test/ece:	0.1894267499446869
calibration_test/brier:	0.44445157051086426
accuracy_test/task:	73.23
accuracy_test/concepts:	84.53688049316406
map_test/concepts:	0.8187190173775889

Epoch 133
losses_train/task:	0.0504668727517128
losses_train/concepts:	18.49831199645996
losses_train/total:	1.900298833847046
losses_test/task:	1.489054799079895
losses_test/concepts:	21.430978775024414
losses_test/total:	3.6321523189544678
calibration_test/ece:	0.18806123733520508
calibration_test/brier:	0.4435980021953583
accuracy_test/task:	73.3
accuracy_test/concepts:	84.54376220703125
map_test/concepts:	0.8187008954701014

Epoch 134
losses_train/task:	0.051556456834077835
losses_train/concepts:	18.520503997802734
losses_train/total:	1.9036076068878174
losses_test/task:	1.482977271080017
losses_test/concepts:	21.419469833374023
losses_test/total:	3.6249237060546875
calibration_test/ece:	0.1887844055891037
calibration_test/brier:	0.4426809549331665
accuracy_test/task:	73.31
accuracy_test/concepts:	84.53752136230469
map_test/concepts:	0.8188195751863532

Epoch 135
losses_train/task:	0.051135044544935226
losses_train/concepts:	18.493595123291016
losses_train/total:	1.900496006011963
losses_test/task:	1.4868525266647339
losses_test/concepts:	21.431232452392578
losses_test/total:	3.6299760341644287
calibration_test/ece:	0.18702012300491333
calibration_test/brier:	0.4445131719112396
accuracy_test/task:	73.36
accuracy_test/concepts:	84.54563903808594
map_test/concepts:	0.8186505439225584

Epoch 136
losses_train/task:	0.05005214735865593
losses_train/concepts:	18.490381240844727
losses_train/total:	1.89909029006958
losses_test/task:	1.496111512184143
losses_test/concepts:	21.43248176574707
losses_test/total:	3.639359474182129
calibration_test/ece:	0.18867139518260956
calibration_test/brier:	0.4434954524040222
accuracy_test/task:	73.44
accuracy_test/concepts:	84.53826904296875
map_test/concepts:	0.8187348045175895

Epoch 137
losses_train/task:	0.04903605580329895
losses_train/concepts:	18.484832763671875
losses_train/total:	1.8975203037261963
losses_test/task:	1.5001723766326904
losses_test/concepts:	21.44466781616211
losses_test/total:	3.6446382999420166
calibration_test/ece:	0.18882574141025543
calibration_test/brier:	0.4439517557621002
accuracy_test/task:	73.42
accuracy_test/concepts:	84.54705047607422
map_test/concepts:	0.8187591404421255

Epoch 138
losses_train/task:	0.051993194967508316
losses_train/concepts:	18.472591400146484
losses_train/total:	1.8992522954940796
losses_test/task:	1.4976930618286133
losses_test/concepts:	21.432945251464844
losses_test/total:	3.6409881114959717
calibration_test/ece:	0.18943199515342712
calibration_test/brier:	0.4449683725833893
accuracy_test/task:	73.27
accuracy_test/concepts:	84.51984405517578
map_test/concepts:	0.8187097301706672

Epoch 139
losses_train/task:	0.050402991473674774
losses_train/concepts:	18.458227157592773
losses_train/total:	1.8962255716323853
losses_test/task:	1.4952787160873413
losses_test/concepts:	21.437671661376953
losses_test/total:	3.6390459537506104
calibration_test/ece:	0.18871821463108063
calibration_test/brier:	0.445210337638855
accuracy_test/task:	73.34
accuracy_test/concepts:	84.54124450683594
map_test/concepts:	0.8187387068755925

Epoch 140
losses_train/task:	0.048535045236349106
losses_train/concepts:	18.46746253967285
losses_train/total:	1.8952808380126953
losses_test/task:	1.507187843322754
losses_test/concepts:	21.444713592529297
losses_test/total:	3.6516597270965576
calibration_test/ece:	0.18935644626617432
calibration_test/brier:	0.44503775238990784
accuracy_test/task:	73.44
accuracy_test/concepts:	84.53905487060547
map_test/concepts:	0.8188172221416607

Epoch 141
losses_train/task:	0.04969187080860138
losses_train/concepts:	18.449979782104492
losses_train/total:	1.8946890830993652
losses_test/task:	1.5138720273971558
losses_test/concepts:	21.45195770263672
losses_test/total:	3.659067392349243
calibration_test/ece:	0.19074048101902008
calibration_test/brier:	0.44545605778694153
accuracy_test/task:	73.26
accuracy_test/concepts:	84.54093170166016
map_test/concepts:	0.8186632266733795

Epoch 142
losses_train/task:	0.04747088998556137
losses_train/concepts:	18.45720672607422
losses_train/total:	1.8931907415390015
losses_test/task:	1.5105198621749878
losses_test/concepts:	21.457216262817383
losses_test/total:	3.6562416553497314
calibration_test/ece:	0.18993620574474335
calibration_test/brier:	0.44480594992637634
accuracy_test/task:	73.26
accuracy_test/concepts:	84.53485870361328
map_test/concepts:	0.8186447182670236

Epoch 143
losses_train/task:	0.04791796952486038
losses_train/concepts:	18.433462142944336
losses_train/total:	1.8912643194198608
losses_test/task:	1.5260131359100342
losses_test/concepts:	21.46699333190918
losses_test/total:	3.6727118492126465
calibration_test/ece:	0.19120186567306519
calibration_test/brier:	0.4463413953781128
accuracy_test/task:	73.24
accuracy_test/concepts:	84.51953125
map_test/concepts:	0.8187339637661353

Epoch 144
losses_train/task:	0.04765547066926956
losses_train/concepts:	18.43041229248047
losses_train/total:	1.8906965255737305
losses_test/task:	1.5214650630950928
losses_test/concepts:	21.473464965820312
losses_test/total:	3.668811798095703
calibration_test/ece:	0.19073475897312164
calibration_test/brier:	0.44606077671051025
accuracy_test/task:	73.3
accuracy_test/concepts:	84.53516387939453
map_test/concepts:	0.8187093560700305

Epoch 145
losses_train/task:	0.04648192599415779
losses_train/concepts:	18.4393310546875
losses_train/total:	1.8904165029525757
losses_test/task:	1.5335307121276855
losses_test/concepts:	21.4774227142334
losses_test/total:	3.6812729835510254
calibration_test/ece:	0.19466620683670044
calibration_test/brier:	0.4470588266849518
accuracy_test/task:	72.99
accuracy_test/concepts:	84.52703857421875
map_test/concepts:	0.8187280914280564

Epoch 146
losses_train/task:	0.049262624233961105
losses_train/concepts:	18.418853759765625
losses_train/total:	1.8911476135253906
losses_test/task:	1.5253751277923584
losses_test/concepts:	21.461830139160156
losses_test/total:	3.671557903289795
calibration_test/ece:	0.1913265883922577
calibration_test/brier:	0.44573208689689636
accuracy_test/task:	73.25
accuracy_test/concepts:	84.53499603271484
map_test/concepts:	0.8187813721597195

Epoch 147
losses_train/task:	0.04941476508975029
losses_train/concepts:	18.39674949645996
losses_train/total:	1.8890902996063232
losses_test/task:	1.5317896604537964
losses_test/concepts:	21.46969223022461
losses_test/total:	3.678759813308716
calibration_test/ece:	0.19168677926063538
calibration_test/brier:	0.44708114862442017
accuracy_test/task:	73.2
accuracy_test/concepts:	84.53484344482422
map_test/concepts:	0.8186080712475814

Epoch 148
losses_train/task:	0.049996793270111084
losses_train/concepts:	18.40123748779297
losses_train/total:	1.890121579170227
losses_test/task:	1.5205321311950684
losses_test/concepts:	21.45732879638672
losses_test/total:	3.6662652492523193
calibration_test/ece:	0.19084592163562775
calibration_test/brier:	0.44635826349258423
accuracy_test/task:	73.31
accuracy_test/concepts:	84.53142547607422
map_test/concepts:	0.8185946894809604

Epoch 149
losses_train/task:	0.046835821121931076
losses_train/concepts:	18.39972496032715
losses_train/total:	1.8868091106414795
losses_test/task:	1.520022988319397
losses_test/concepts:	21.458837509155273
losses_test/total:	3.665907621383667
calibration_test/ece:	0.18920552730560303
calibration_test/brier:	0.446532279253006
accuracy_test/task:	73.34
accuracy_test/concepts:	84.51985168457031
map_test/concepts:	0.8184770092484541

Epoch 150
losses_train/task:	0.0483347550034523
losses_train/concepts:	18.365083694458008
losses_train/total:	1.8848421573638916
losses_test/task:	1.537885308265686
losses_test/concepts:	21.485633850097656
losses_test/total:	3.6864490509033203
calibration_test/ece:	0.19002380967140198
calibration_test/brier:	0.4461962878704071
accuracy_test/task:	73.43
accuracy_test/concepts:	84.52094268798828
map_test/concepts:	0.8186841726419516

Epoch 151
losses_train/task:	0.04617025703191757
losses_train/concepts:	18.37261199951172
losses_train/total:	1.883432149887085
losses_test/task:	1.5354446172714233
losses_test/concepts:	21.47624969482422
losses_test/total:	3.683069944381714
calibration_test/ece:	0.19108419120311737
calibration_test/brier:	0.447034627199173
accuracy_test/task:	73.31
accuracy_test/concepts:	84.53250885009766
map_test/concepts:	0.8186156073934399

Epoch 152
losses_train/task:	0.04936530068516731
losses_train/concepts:	18.375707626342773
losses_train/total:	1.886935830116272
losses_test/task:	1.5288528203964233
losses_test/concepts:	21.47066879272461
losses_test/total:	3.6759185791015625
calibration_test/ece:	0.19121208786964417
calibration_test/brier:	0.4458380937576294
accuracy_test/task:	73.21
accuracy_test/concepts:	84.53079223632812
map_test/concepts:	0.8186175616574474

Epoch 153
losses_train/task:	0.04740855097770691
losses_train/concepts:	18.355220794677734
losses_train/total:	1.8829307556152344
losses_test/task:	1.5434216260910034
losses_test/concepts:	21.47580337524414
losses_test/total:	3.6910011768341064
calibration_test/ece:	0.19289757311344147
calibration_test/brier:	0.4469873011112213
accuracy_test/task:	73.22
accuracy_test/concepts:	84.5475082397461
map_test/concepts:	0.8187388024525717

Epoch 154
losses_train/task:	0.048315178602933884
losses_train/concepts:	18.345008850097656
losses_train/total:	1.8828150033950806
losses_test/task:	1.5439422130584717
losses_test/concepts:	21.484861373901367
losses_test/total:	3.6924285888671875
calibration_test/ece:	0.19262230396270752
calibration_test/brier:	0.44727635383605957
accuracy_test/task:	73.19
accuracy_test/concepts:	84.5267333984375
map_test/concepts:	0.8186770236934535

Epoch 155
losses_train/task:	0.048443540930747986
losses_train/concepts:	18.358890533447266
losses_train/total:	1.8843331336975098
losses_test/task:	1.5472968816757202
losses_test/concepts:	21.48181915283203
losses_test/total:	3.695479154586792
calibration_test/ece:	0.1930159032344818
calibration_test/brier:	0.4478150010108948
accuracy_test/task:	73.1
accuracy_test/concepts:	84.51109313964844
map_test/concepts:	0.8185573717346415

Epoch 156
losses_train/task:	0.04631775617599487
losses_train/concepts:	18.348224639892578
losses_train/total:	1.881141185760498
losses_test/task:	1.5529004335403442
losses_test/concepts:	21.486066818237305
losses_test/total:	3.701507568359375
calibration_test/ece:	0.192740797996521
calibration_test/brier:	0.4472724497318268
accuracy_test/task:	73.27
accuracy_test/concepts:	84.53546905517578
map_test/concepts:	0.8187162026297301

Epoch 157
losses_train/task:	0.04879669100046158
losses_train/concepts:	18.332862854003906
losses_train/total:	1.8820825815200806
losses_test/task:	1.5529853105545044
losses_test/concepts:	21.492116928100586
losses_test/total:	3.702197551727295
calibration_test/ece:	0.19459538161754608
calibration_test/brier:	0.44820746779441833
accuracy_test/task:	73.07
accuracy_test/concepts:	84.5185775756836
map_test/concepts:	0.8184081935323775

Epoch 158
losses_train/task:	0.0454828180372715
losses_train/concepts:	18.317407608032227
losses_train/total:	1.877223253250122
losses_test/task:	1.5527899265289307
losses_test/concepts:	21.505971908569336
losses_test/total:	3.703387498855591
calibration_test/ece:	0.19502635300159454
calibration_test/brier:	0.4480249583721161
accuracy_test/task:	73.09
accuracy_test/concepts:	84.53437805175781
map_test/concepts:	0.818763944262173

Epoch 159
losses_train/task:	0.04750198498368263
losses_train/concepts:	18.33350372314453
losses_train/total:	1.8808526992797852
losses_test/task:	1.5511924028396606
losses_test/concepts:	21.486148834228516
losses_test/total:	3.6998064517974854
calibration_test/ece:	0.1932210773229599
calibration_test/brier:	0.44725820422172546
accuracy_test/task:	73.22
accuracy_test/concepts:	84.536865234375
map_test/concepts:	0.8186549594393

Epoch 160
losses_train/task:	0.04649652540683746
losses_train/concepts:	18.309602737426758
losses_train/total:	1.8774571418762207
losses_test/task:	1.5532641410827637
losses_test/concepts:	21.499298095703125
losses_test/total:	3.703195333480835
calibration_test/ece:	0.19308483600616455
calibration_test/brier:	0.44778627157211304
accuracy_test/task:	73.14
accuracy_test/concepts:	84.51781463623047
map_test/concepts:	0.8185844848048873

Epoch 161
losses_train/task:	0.045208219438791275
losses_train/concepts:	18.285404205322266
losses_train/total:	1.87375009059906
losses_test/task:	1.5429341793060303
losses_test/concepts:	21.474132537841797
losses_test/total:	3.690347909927368
calibration_test/ece:	0.19374403357505798
calibration_test/brier:	0.44699370861053467
accuracy_test/task:	73.16
accuracy_test/concepts:	84.53047943115234
map_test/concepts:	0.818808622949291

Epoch 162
losses_train/task:	0.04446469619870186
losses_train/concepts:	18.27393341064453
losses_train/total:	1.8718583583831787
losses_test/task:	1.5449330806732178
losses_test/concepts:	21.473072052001953
losses_test/total:	3.6922404766082764
calibration_test/ece:	0.1941089630126953
calibration_test/brier:	0.44682076573371887
accuracy_test/task:	73.15
accuracy_test/concepts:	84.53094482421875
map_test/concepts:	0.8188780865166336

Epoch 163
losses_train/task:	0.04576391354203224
losses_train/concepts:	18.263568878173828
losses_train/total:	1.8721197843551636
losses_test/task:	1.5457690954208374
losses_test/concepts:	21.474977493286133
losses_test/total:	3.6932671070098877
calibration_test/ece:	0.19460326433181763
calibration_test/brier:	0.44702109694480896
accuracy_test/task:	73.11
accuracy_test/concepts:	84.52921295166016
map_test/concepts:	0.818861941981595

Epoch 164
losses_train/task:	0.0454680472612381
losses_train/concepts:	18.26395606994629
losses_train/total:	1.8718628883361816
losses_test/task:	1.5469441413879395
losses_test/concepts:	21.47512435913086
losses_test/total:	3.6944565773010254
calibration_test/ece:	0.1937185525894165
calibration_test/brier:	0.4470427334308624
accuracy_test/task:	73.2
accuracy_test/concepts:	84.5278091430664
map_test/concepts:	0.8188076700316742

Epoch 165
losses_train/task:	0.04419603571295738
losses_train/concepts:	18.269357681274414
losses_train/total:	1.8711318969726562
losses_test/task:	1.5458744764328003
losses_test/concepts:	21.473617553710938
losses_test/total:	3.6932358741760254
calibration_test/ece:	0.19365684688091278
calibration_test/brier:	0.44691064953804016
accuracy_test/task:	73.18
accuracy_test/concepts:	84.52452850341797
map_test/concepts:	0.8187930770218372

Epoch 166
losses_train/task:	0.04334330931305885
losses_train/concepts:	18.28541374206543
losses_train/total:	1.8718849420547485
losses_test/task:	1.548388123512268
losses_test/concepts:	21.474807739257812
losses_test/total:	3.695868968963623
calibration_test/ece:	0.19409069418907166
calibration_test/brier:	0.447405070066452
accuracy_test/task:	73.19
accuracy_test/concepts:	84.51891326904297
map_test/concepts:	0.8188287433586083

Epoch 167
losses_train/task:	0.043476611375808716
losses_train/concepts:	18.279573440551758
losses_train/total:	1.8714338541030884
losses_test/task:	1.5479153394699097
losses_test/concepts:	21.47307777404785
losses_test/total:	3.695223331451416
calibration_test/ece:	0.19341632723808289
calibration_test/brier:	0.4470241069793701
accuracy_test/task:	73.25
accuracy_test/concepts:	84.52952575683594
map_test/concepts:	0.8189067470957525

Epoch 168
losses_train/task:	0.04356624558568001
losses_train/concepts:	18.262798309326172
losses_train/total:	1.8698463439941406
losses_test/task:	1.5491423606872559
losses_test/concepts:	21.474834442138672
losses_test/total:	3.696624517440796
calibration_test/ece:	0.19294866919517517
calibration_test/brier:	0.44712021946907043
accuracy_test/task:	73.29
accuracy_test/concepts:	84.52562713623047
map_test/concepts:	0.8188996766111813

Epoch 169
losses_train/task:	0.04459244757890701
losses_train/concepts:	18.269649505615234
losses_train/total:	1.8715583086013794
losses_test/task:	1.5489051342010498
losses_test/concepts:	21.475492477416992
losses_test/total:	3.6964547634124756
calibration_test/ece:	0.19362780451774597
calibration_test/brier:	0.44703802466392517
accuracy_test/task:	73.21
accuracy_test/concepts:	84.52685546875
map_test/concepts:	0.8188590611680411

Epoch 170
losses_train/task:	0.04380187764763832
losses_train/concepts:	18.26899528503418
losses_train/total:	1.870700716972351
losses_test/task:	1.5494998693466187
losses_test/concepts:	21.477277755737305
losses_test/total:	3.697228193283081
calibration_test/ece:	0.1934920847415924
calibration_test/brier:	0.44720566272735596
accuracy_test/task:	73.27
accuracy_test/concepts:	84.53095245361328
map_test/concepts:	0.8188420279184356

Epoch 171
losses_train/task:	0.045052528381347656
losses_train/concepts:	18.273189544677734
losses_train/total:	1.8723721504211426
losses_test/task:	1.5484718084335327
losses_test/concepts:	21.475101470947266
losses_test/total:	3.695981740951538
calibration_test/ece:	0.1928320974111557
calibration_test/brier:	0.44692328572273254
accuracy_test/task:	73.3
accuracy_test/concepts:	84.52156066894531
map_test/concepts:	0.818812110752333

Epoch 172
losses_train/task:	0.0441577285528183
losses_train/concepts:	18.252944946289062
losses_train/total:	1.8694512844085693
losses_test/task:	1.548613429069519
losses_test/concepts:	21.47476577758789
losses_test/total:	3.696089744567871
calibration_test/ece:	0.19391432404518127
calibration_test/brier:	0.4471992254257202
accuracy_test/task:	73.19
accuracy_test/concepts:	84.52984619140625
map_test/concepts:	0.8188449842855334

Epoch 173
losses_train/task:	0.04236852005124092
losses_train/concepts:	18.277511596679688
losses_train/total:	1.8701199293136597
losses_test/task:	1.5512175559997559
losses_test/concepts:	21.478078842163086
losses_test/total:	3.6990253925323486
calibration_test/ece:	0.19420242309570312
calibration_test/brier:	0.44705840945243835
accuracy_test/task:	73.16
accuracy_test/concepts:	84.52953338623047
map_test/concepts:	0.8188920076354407

Epoch 174
losses_train/task:	0.04328623786568642
losses_train/concepts:	18.272409439086914
losses_train/total:	1.870526671409607
losses_test/task:	1.5507524013519287
losses_test/concepts:	21.477500915527344
losses_test/total:	3.698502540588379
calibration_test/ece:	0.19436031579971313
calibration_test/brier:	0.44736728072166443
accuracy_test/task:	73.15
accuracy_test/concepts:	84.51891326904297
map_test/concepts:	0.8188222475000657

Epoch 175
losses_train/task:	0.04212244227528572
losses_train/concepts:	18.263944625854492
losses_train/total:	1.8685176372528076
losses_test/task:	1.5510300397872925
losses_test/concepts:	21.477754592895508
losses_test/total:	3.698805093765259
calibration_test/ece:	0.19310590624809265
calibration_test/brier:	0.4468347728252411
accuracy_test/task:	73.29
accuracy_test/concepts:	84.52452850341797
map_test/concepts:	0.818887434899807

Epoch 176
losses_train/task:	0.042710594832897186
losses_train/concepts:	18.271434783935547
losses_train/total:	1.8698543310165405
losses_test/task:	1.54996657371521
losses_test/concepts:	21.47954750061035
losses_test/total:	3.697922468185425
calibration_test/ece:	0.19281628727912903
calibration_test/brier:	0.44668808579444885
accuracy_test/task:	73.31
accuracy_test/concepts:	84.5278091430664
map_test/concepts:	0.8188457615324296

Epoch 177
losses_train/task:	0.043771032243967056
losses_train/concepts:	18.26093101501465
losses_train/total:	1.8698643445968628
losses_test/task:	1.5489447116851807
losses_test/concepts:	21.477245330810547
losses_test/total:	3.6966700553894043
calibration_test/ece:	0.19291222095489502
calibration_test/brier:	0.44690605998039246
accuracy_test/task:	73.28
accuracy_test/concepts:	84.52172088623047
map_test/concepts:	0.8188403201056644

Epoch 178
losses_train/task:	0.04344657063484192
losses_train/concepts:	18.27181625366211
losses_train/total:	1.8706269264221191
losses_test/task:	1.5486338138580322
losses_test/concepts:	21.4747371673584
losses_test/total:	3.69610595703125
calibration_test/ece:	0.19293200969696045
calibration_test/brier:	0.4467652440071106
accuracy_test/task:	73.27
accuracy_test/concepts:	84.52593994140625
map_test/concepts:	0.8188416293705814

Epoch 179
losses_train/task:	0.04101656377315521
losses_train/concepts:	18.24506378173828
losses_train/total:	1.8655222654342651
losses_test/task:	1.5515241622924805
losses_test/concepts:	21.478496551513672
losses_test/total:	3.699373722076416
calibration_test/ece:	0.19288137555122375
calibration_test/brier:	0.44690150022506714
accuracy_test/task:	73.3
accuracy_test/concepts:	84.51859283447266
map_test/concepts:	0.8188378819031641

Epoch 180
losses_train/task:	0.045572031289339066
losses_train/concepts:	18.26382827758789
losses_train/total:	1.8719544410705566
losses_test/task:	1.549898386001587
losses_test/concepts:	21.477027893066406
losses_test/total:	3.697601795196533
calibration_test/ece:	0.19417822360992432
calibration_test/brier:	0.4470827281475067
accuracy_test/task:	73.16
accuracy_test/concepts:	84.52359008789062
map_test/concepts:	0.8188633005484007

Epoch 181
losses_train/task:	0.04472491145133972
losses_train/concepts:	18.263439178466797
losses_train/total:	1.8710675239562988
losses_test/task:	1.5482126474380493
losses_test/concepts:	21.4774169921875
losses_test/total:	3.6959543228149414
calibration_test/ece:	0.19337058067321777
calibration_test/brier:	0.4472178816795349
accuracy_test/task:	73.24
accuracy_test/concepts:	84.52721405029297
map_test/concepts:	0.8188725800719112

Epoch 182
losses_train/task:	0.04307844862341881
losses_train/concepts:	18.25301742553711
losses_train/total:	1.8683804273605347
losses_test/task:	1.5507770776748657
losses_test/concepts:	21.478715896606445
losses_test/total:	3.6986498832702637
calibration_test/ece:	0.19384533166885376
calibration_test/brier:	0.4473484754562378
accuracy_test/task:	73.22
accuracy_test/concepts:	84.5318832397461
map_test/concepts:	0.8188150409259833

Epoch 183
losses_train/task:	0.04341685771942139
losses_train/concepts:	18.254650115966797
losses_train/total:	1.868881344795227
losses_test/task:	1.5532262325286865
losses_test/concepts:	21.48082733154297
losses_test/total:	3.7013094425201416
calibration_test/ece:	0.1947992742061615
calibration_test/brier:	0.44770389795303345
accuracy_test/task:	73.13
accuracy_test/concepts:	84.52454376220703
map_test/concepts:	0.8188535497174598

Epoch 184
losses_train/task:	0.04378226399421692
losses_train/concepts:	18.253437042236328
losses_train/total:	1.8691250085830688
losses_test/task:	1.5536186695098877
losses_test/concepts:	21.480499267578125
losses_test/total:	3.701669216156006
calibration_test/ece:	0.19355733692646027
calibration_test/brier:	0.44740575551986694
accuracy_test/task:	73.26
accuracy_test/concepts:	84.52468872070312
map_test/concepts:	0.8188253338448703

Epoch 185
losses_train/task:	0.042012136429548264
losses_train/concepts:	18.236286163330078
losses_train/total:	1.865639328956604
losses_test/task:	1.5528645515441895
losses_test/concepts:	21.478565216064453
losses_test/total:	3.700721502304077
calibration_test/ece:	0.1940460205078125
calibration_test/brier:	0.4477500915527344
accuracy_test/task:	73.22
accuracy_test/concepts:	84.51625061035156
map_test/concepts:	0.8188033128972165

Epoch 186
losses_train/task:	0.0422455370426178
losses_train/concepts:	18.264896392822266
losses_train/total:	1.8687355518341064
losses_test/task:	1.5536290407180786
losses_test/concepts:	21.478321075439453
losses_test/total:	3.701460123062134
calibration_test/ece:	0.19384631514549255
calibration_test/brier:	0.44746142625808716
accuracy_test/task:	73.23
accuracy_test/concepts:	84.5261001586914
map_test/concepts:	0.8188259221496992

Epoch 187
losses_train/task:	0.044303033500909805
losses_train/concepts:	18.253660202026367
losses_train/total:	1.8696696758270264
losses_test/task:	1.5565972328186035
losses_test/concepts:	21.480972290039062
losses_test/total:	3.7046937942504883
calibration_test/ece:	0.1943027228116989
calibration_test/brier:	0.44753897190093994
accuracy_test/task:	73.2
accuracy_test/concepts:	84.52906799316406
map_test/concepts:	0.8188806282123551

Epoch 188
losses_train/task:	0.04132627323269844
losses_train/concepts:	18.242856979370117
losses_train/total:	1.8656127452850342
losses_test/task:	1.5555064678192139
losses_test/concepts:	21.478376388549805
losses_test/total:	3.703343629837036
calibration_test/ece:	0.1933765411376953
calibration_test/brier:	0.44769638776779175
accuracy_test/task:	73.29
accuracy_test/concepts:	84.52749633789062
map_test/concepts:	0.8188478213269264

Epoch 189
losses_train/task:	0.04205763712525368
losses_train/concepts:	18.251480102539062
losses_train/total:	1.8672068119049072
losses_test/task:	1.555989384651184
losses_test/concepts:	21.4788875579834
losses_test/total:	3.7038779258728027
calibration_test/ece:	0.19416522979736328
calibration_test/brier:	0.4474349617958069
accuracy_test/task:	73.24
accuracy_test/concepts:	84.52936553955078
map_test/concepts:	0.8188497337978333

Epoch 190
losses_train/task:	0.04338716343045235
losses_train/concepts:	18.26019859313965
losses_train/total:	1.8694069385528564
losses_test/task:	1.5554999113082886
losses_test/concepts:	21.480518341064453
losses_test/total:	3.703552007675171
calibration_test/ece:	0.19304147362709045
calibration_test/brier:	0.44740214943885803
accuracy_test/task:	73.33
accuracy_test/concepts:	84.53359985351562
map_test/concepts:	0.8188552592182532

Epoch 191
losses_train/task:	0.04233991727232933
losses_train/concepts:	18.260087966918945
losses_train/total:	1.8683483600616455
losses_test/task:	1.5544347763061523
losses_test/concepts:	21.480459213256836
losses_test/total:	3.7024807929992676
calibration_test/ece:	0.19407126307487488
calibration_test/brier:	0.4474290907382965
accuracy_test/task:	73.2
accuracy_test/concepts:	84.53063201904297
map_test/concepts:	0.8188032857142389

Epoch 192
losses_train/task:	0.044012412428855896
losses_train/concepts:	18.256977081298828
losses_train/total:	1.869710922241211
losses_test/task:	1.5548014640808105
losses_test/concepts:	21.481428146362305
losses_test/total:	3.7029449939727783
calibration_test/ece:	0.1939479261636734
calibration_test/brier:	0.44756776094436646
accuracy_test/task:	73.26
accuracy_test/concepts:	84.52718353271484
map_test/concepts:	0.8188400830840692

Epoch 193
losses_train/task:	0.04238775372505188
losses_train/concepts:	18.26045799255371
losses_train/total:	1.8684320449829102
losses_test/task:	1.557172417640686
losses_test/concepts:	21.481658935546875
losses_test/total:	3.7053382396698
calibration_test/ece:	0.1947712004184723
calibration_test/brier:	0.4475005865097046
accuracy_test/task:	73.2
accuracy_test/concepts:	84.5243911743164
map_test/concepts:	0.8188337945030071

Epoch 194
losses_train/task:	0.04431239888072014
losses_train/concepts:	18.25489044189453
losses_train/total:	1.869801640510559
losses_test/task:	1.5558725595474243
losses_test/concepts:	21.48026466369629
losses_test/total:	3.7038981914520264
calibration_test/ece:	0.19318895041942596
calibration_test/brier:	0.4472289979457855
accuracy_test/task:	73.35
accuracy_test/concepts:	84.52875518798828
map_test/concepts:	0.8188753860886209

Epoch 195
losses_train/task:	0.043195080012083054
losses_train/concepts:	18.258440017700195
losses_train/total:	1.869039535522461
losses_test/task:	1.5556640625
losses_test/concepts:	21.48073959350586
losses_test/total:	3.703737735748291
calibration_test/ece:	0.1932259500026703
calibration_test/brier:	0.4472314417362213
accuracy_test/task:	73.33
accuracy_test/concepts:	84.5210952758789
map_test/concepts:	0.818830554781016

Epoch 196
losses_train/task:	0.04207364097237587
losses_train/concepts:	18.24868392944336
losses_train/total:	1.8669426441192627
losses_test/task:	1.5568647384643555
losses_test/concepts:	21.481168746948242
losses_test/total:	3.7049803733825684
calibration_test/ece:	0.19430461525917053
calibration_test/brier:	0.44760194420814514
accuracy_test/task:	73.27
accuracy_test/concepts:	84.52484130859375
map_test/concepts:	0.8188618489075452

Epoch 197
losses_train/task:	0.04137555882334709
losses_train/concepts:	18.24117088317871
losses_train/total:	1.8654934167861938
losses_test/task:	1.5583739280700684
losses_test/concepts:	21.48158836364746
losses_test/total:	3.706533432006836
calibration_test/ece:	0.19389000535011292
calibration_test/brier:	0.4473164975643158
accuracy_test/task:	73.29
accuracy_test/concepts:	84.53030395507812
map_test/concepts:	0.8188881208770908

Epoch 198
losses_train/task:	0.04066983237862587
losses_train/concepts:	18.255191802978516
losses_train/total:	1.866188406944275
losses_test/task:	1.5576025247573853
losses_test/concepts:	21.48157501220703
losses_test/total:	3.705761194229126
calibration_test/ece:	0.19550198316574097
calibration_test/brier:	0.44733476638793945
accuracy_test/task:	73.15
accuracy_test/concepts:	84.5302963256836
map_test/concepts:	0.8188763527432457

Epoch 199
losses_train/task:	0.043117690831422806
losses_train/concepts:	18.25811767578125
losses_train/total:	1.8689289093017578
losses_test/task:	1.553566575050354
losses_test/concepts:	21.478412628173828
losses_test/total:	3.7014076709747314
calibration_test/ece:	0.19375835359096527
calibration_test/brier:	0.4469044804573059
accuracy_test/task:	73.29
accuracy_test/concepts:	84.53718566894531
map_test/concepts:	0.8189282059902325

Epoch 200
losses_train/task:	0.04145637899637222
losses_train/concepts:	18.223188400268555
losses_train/total:	1.8637759685516357
losses_test/task:	1.5540691614151
losses_test/concepts:	21.48019027709961
losses_test/total:	3.7020885944366455
calibration_train/ece:	0.0031454674899578094
calibration_train/brier:	0.0007394527783617377
accuracy_train/task:	99.97796474358974
calibration_test/ece:	0.19363510608673096
calibration_test/brier:	0.4468170404434204
accuracy_test/task:	73.3
accuracy_train/concepts:	87.6070785522461
map_train/concepts:	0.8751774674747139
accuracy_test/concepts:	84.5296630859375
map_test/concepts:	0.8189002629369497
accuracy_test/nuisances_task:	-0.6360759463491319
accuracy_test/nuisances_nontask:	0.0
mutual_inf_test/nuisances_task:	0.27771946507409123
mutual_inf_test/nuisances_nontask:	0.0

epoch_200.pt
Skipping interventions: model 'cem' is not intervenable
[1;34mwandb[0m:
[1;34mwandb[0m: You can sync this run to the cloud by running:
[1;34mwandb[0m: [1mwandb sync /research/hal-afsharim/minimal_cbm/results/cifar10-cem/44/wandb/offline-run-20260728_090641-ugm6ewzz[0m
[1;34mwandb[0m: Find logs at: [1;35mresults/cifar10-cem/44/wandb/offline-run-20260728_090641-ugm6ewzz/logs[0m
