
===== launch 2026-07-25 09:27:14.648299 gpu2 =====
wandb: Using wandb-core as the SDK backend.  Please refer to https://wandb.me/wandb-core for more information.
wandb: Tracking run with wandb version 0.19.0
wandb: W&B syncing is set to `offline` in this directory.  
wandb: Run `wandb online` or set WANDB_MODE=online to enable cloud syncing.
/research/hal-afsharim/miniconda3/envs/mcbm/lib/python3.10/site-packages/torchvision/models/_utils.py:208: UserWarning: The parameter 'pretrained' is deprecated since 0.13 and will be removed in 0.15, please use 'weights' instead.
  warnings.warn(
/research/hal-afsharim/miniconda3/envs/mcbm/lib/python3.10/site-packages/torchvision/models/_utils.py:223: UserWarning: Arguments other than a weight enum or `None` for 'weights' are deprecated since 0.13 and will be removed in 0.15. The current behavior is equivalent to passing `weights=Inception_V3_Weights.IMAGENET1K_V1`. You can also use `weights=Inception_V3_Weights.DEFAULT` to get the most up-to-date weights.
  warnings.warn(msg)

===== launch 2026-07-25 09:35:08.218003 gpu2 =====
wandb: Using wandb-core as the SDK backend.  Please refer to https://wandb.me/wandb-core for more information.
wandb: Tracking run with wandb version 0.19.0
wandb: W&B syncing is set to `offline` in this directory.  
wandb: Run `wandb online` or set WANDB_MODE=online to enable cloud syncing.
/research/hal-afsharim/miniconda3/envs/mcbm/lib/python3.10/site-packages/torchvision/models/_utils.py:208: UserWarning: The parameter 'pretrained' is deprecated since 0.13 and will be removed in 0.15, please use 'weights' instead.
  warnings.warn(
/research/hal-afsharim/miniconda3/envs/mcbm/lib/python3.10/site-packages/torchvision/models/_utils.py:223: UserWarning: Arguments other than a weight enum or `None` for 'weights' are deprecated since 0.13 and will be removed in 0.15. The current behavior is equivalent to passing `weights=Inception_V3_Weights.IMAGENET1K_V1`. You can also use `weights=Inception_V3_Weights.DEFAULT` to get the most up-to-date weights.
  warnings.warn(msg)

===== launch 2026-07-25 09:39:29.481552 gpu2 =====
wandb: Using wandb-core as the SDK backend.  Please refer to https://wandb.me/wandb-core for more information.
wandb: Tracking run with wandb version 0.19.0
wandb: W&B syncing is set to `offline` in this directory.  
wandb: Run `wandb online` or set WANDB_MODE=online to enable cloud syncing.
/research/hal-afsharim/miniconda3/envs/mcbm/lib/python3.10/site-packages/torchvision/models/_utils.py:208: UserWarning: The parameter 'pretrained' is deprecated since 0.13 and will be removed in 0.15, please use 'weights' instead.
  warnings.warn(
/research/hal-afsharim/miniconda3/envs/mcbm/lib/python3.10/site-packages/torchvision/models/_utils.py:223: UserWarning: Arguments other than a weight enum or `None` for 'weights' are deprecated since 0.13 and will be removed in 0.15. The current behavior is equivalent to passing `weights=Inception_V3_Weights.IMAGENET1K_V1`. You can also use `weights=Inception_V3_Weights.DEFAULT` to get the most up-to-date weights.
  warnings.warn(msg)

===== launch 2026-07-25 10:37:22.674958 gpu2 =====
wandb: Using wandb-core as the SDK backend.  Please refer to https://wandb.me/wandb-core for more information.
wandb: Tracking run with wandb version 0.19.0
wandb: W&B syncing is set to `offline` in this directory.  
wandb: Run `wandb online` or set WANDB_MODE=online to enable cloud syncing.
/research/hal-afsharim/miniconda3/envs/mcbm/lib/python3.10/site-packages/torchvision/models/_utils.py:208: UserWarning: The parameter 'pretrained' is deprecated since 0.13 and will be removed in 0.15, please use 'weights' instead.
  warnings.warn(
/research/hal-afsharim/miniconda3/envs/mcbm/lib/python3.10/site-packages/torchvision/models/_utils.py:223: UserWarning: Arguments other than a weight enum or `None` for 'weights' are deprecated since 0.13 and will be removed in 0.15. The current behavior is equivalent to passing `weights=Inception_V3_Weights.IMAGENET1K_V1`. You can also use `weights=Inception_V3_Weights.DEFAULT` to get the most up-to-date weights.
  warnings.warn(msg)
Epoch 1
losses_train/task:	5.2989983558654785
losses_train/total:	5.2989983558654785
losses_test/task:	5.293273448944092
losses_test/total:	5.293273448944092
calibration_test/ece:	0.000850987620651722
calibration_test/brier:	0.9949586391448975
accuracy_test/task:	0.6558508802209182

Epoch 2
losses_train/task:	5.288252830505371
losses_train/total:	5.288252830505371
losses_test/task:	5.278080463409424
losses_test/total:	5.278080463409424
calibration_test/ece:	0.019949018955230713
calibration_test/brier:	0.9947964549064636
accuracy_test/task:	2.5716258198136

Epoch 3
losses_train/task:	5.265109539031982
losses_train/total:	5.265109539031982
losses_test/task:	5.227409362792969
losses_test/total:	5.227409362792969
calibration_test/ece:	0.03950032219290733
calibration_test/brier:	0.994252622127533
accuracy_test/task:	4.590956161546427

Epoch 4
losses_train/task:	5.13262939453125
losses_train/total:	5.13262939453125
losses_test/task:	4.794249057769775
losses_test/total:	4.794249057769775
calibration_test/ece:	0.017754053696990013
calibration_test/brier:	0.9886623620986938
accuracy_test/task:	2.7269589230238176

Epoch 5
losses_train/task:	4.409340858459473
losses_train/total:	4.409340858459473
losses_test/task:	4.631393909454346
losses_test/total:	4.631393909454346
calibration_test/ece:	0.08171919733285904
calibration_test/brier:	0.9912061095237732
accuracy_test/task:	3.6244390749050743

Epoch 6
losses_train/task:	3.818347930908203
losses_train/total:	3.818347930908203
losses_test/task:	3.6838412284851074
losses_test/total:	3.6838412284851074
calibration_test/ece:	0.036726947873830795
calibration_test/brier:	0.953253448009491
accuracy_test/task:	10.631687953054884

Epoch 7
losses_train/task:	3.395110845565796
losses_train/total:	3.395110845565796
losses_test/task:	3.0803723335266113
losses_test/total:	3.0803723335266113
calibration_test/ece:	0.02778448350727558
calibration_test/brier:	0.9062050580978394
accuracy_test/task:	18.484639282015877

Epoch 8
losses_train/task:	2.990246295928955
losses_train/total:	2.990246295928955
losses_test/task:	3.1893200874328613
losses_test/total:	3.1893200874328613
calibration_test/ece:	0.1045023649930954
calibration_test/brier:	0.8984419703483582
accuracy_test/task:	20.383154987918537

Epoch 9
losses_train/task:	2.7209556102752686
losses_train/total:	2.7209556102752686
losses_test/task:	2.802717924118042
losses_test/total:	2.802717924118042
calibration_test/ece:	0.059322018176317215
calibration_test/brier:	0.8628526329994202
accuracy_test/task:	25.543665861235763

Epoch 10
losses_train/task:	2.4328010082244873
losses_train/total:	2.4328010082244873
losses_test/task:	2.535614013671875
losses_test/total:	2.535614013671875
calibration_test/ece:	0.08719614148139954
calibration_test/brier:	0.822443962097168
accuracy_test/task:	30.22091819123231

Epoch 11
losses_train/task:	2.212007522583008
losses_train/total:	2.212007522583008
losses_test/task:	3.252578020095825
losses_test/total:	3.252578020095825
calibration_test/ece:	0.14805103838443756
calibration_test/brier:	0.8900873064994812
accuracy_test/task:	23.938557128063515

Epoch 12
losses_train/task:	2.0944201946258545
losses_train/total:	2.0944201946258545
losses_test/task:	2.3080523014068604
losses_test/total:	2.3080523014068604
calibration_test/ece:	0.12497624009847641
calibration_test/brier:	0.7683693766593933
accuracy_test/task:	38.52260959613393

Epoch 13
losses_train/task:	1.9662047624588013
losses_train/total:	1.9662047624588013
losses_test/task:	2.650531053543091
losses_test/total:	2.650531053543091
calibration_test/ece:	0.11752793937921524
calibration_test/brier:	0.8084900975227356
accuracy_test/task:	32.51639627200552

Epoch 14
losses_train/task:	1.820605993270874
losses_train/total:	1.820605993270874
losses_test/task:	2.319143772125244
losses_test/total:	2.319143772125244
calibration_test/ece:	0.09894385933876038
calibration_test/brier:	0.7467618584632874
accuracy_test/task:	40.02416292716603

Epoch 15
losses_train/task:	1.7295055389404297
losses_train/total:	1.7295055389404297
losses_test/task:	2.177323818206787
losses_test/total:	2.177323818206787
calibration_test/ece:	0.12122666835784912
calibration_test/brier:	0.7200343012809753
accuracy_test/task:	43.890231273731445

Epoch 16
losses_train/task:	1.5843908786773682
losses_train/total:	1.5843908786773682
losses_test/task:	2.5119376182556152
losses_test/total:	2.5119376182556152
calibration_test/ece:	0.1935902237892151
calibration_test/brier:	0.7625548243522644
accuracy_test/task:	42.388677942699346

Epoch 17
losses_train/task:	1.600467562675476
losses_train/total:	1.600467562675476
losses_test/task:	2.005659818649292
losses_test/total:	2.005659818649292
calibration_test/ece:	0.12671105563640594
calibration_test/brier:	0.6896805763244629
accuracy_test/task:	45.73696927856403

Epoch 18
losses_train/task:	1.5230095386505127
losses_train/total:	1.5230095386505127
losses_test/task:	2.1154298782348633
losses_test/total:	2.1154298782348633
calibration_test/ece:	0.17280788719654083
calibration_test/brier:	0.6893066763877869
accuracy_test/task:	49.534000690369346

Epoch 19
losses_train/task:	1.4411756992340088
losses_train/total:	1.4411756992340088
losses_test/task:	3.0781376361846924
losses_test/total:	3.0781376361846924
calibration_test/ece:	0.20902860164642334
calibration_test/brier:	0.8270963430404663
accuracy_test/task:	35.77839143942009

Epoch 20
losses_train/task:	1.3992455005645752
losses_train/total:	1.3992455005645752
losses_test/task:	1.9294030666351318
losses_test/total:	1.9294030666351318
calibration_test/ece:	0.1428738236427307
calibration_test/brier:	0.6548492312431335
accuracy_test/task:	50.103555402140145

Epoch 21
losses_train/task:	1.3208568096160889
losses_train/total:	1.3208568096160889
losses_test/task:	2.252927303314209
losses_test/total:	2.252927303314209
calibration_test/ece:	0.20114441215991974
calibration_test/brier:	0.7186815142631531
accuracy_test/task:	46.09941318605454

Epoch 22
losses_train/task:	1.2998931407928467
losses_train/total:	1.2998931407928467
losses_test/task:	2.6751489639282227
losses_test/total:	2.6751489639282227
calibration_test/ece:	0.19677869975566864
calibration_test/brier:	0.7882480025291443
accuracy_test/task:	39.29927511218502

Epoch 23
losses_train/task:	1.2536332607269287
losses_train/total:	1.2536332607269287
losses_test/task:	2.112210512161255
losses_test/total:	2.112210512161255
calibration_test/ece:	0.15046395361423492
calibration_test/brier:	0.6751458644866943
accuracy_test/task:	48.4984466689679

Epoch 24
losses_train/task:	1.2457813024520874
losses_train/total:	1.2457813024520874
losses_test/task:	2.1944992542266846
losses_test/total:	2.1944992542266846
calibration_test/ece:	0.18838810920715332
calibration_test/brier:	0.7022761106491089
accuracy_test/task:	47.618225750776666

Epoch 25
losses_train/task:	1.19031822681427
losses_train/total:	1.19031822681427
losses_test/task:	1.9127017259597778
losses_test/total:	1.9127017259597778
calibration_test/ece:	0.16131652891635895
calibration_test/brier:	0.6270055174827576
accuracy_test/task:	53.55540214014498

Epoch 26
losses_train/task:	1.1426318883895874
losses_train/total:	1.1426318883895874
losses_test/task:	2.056584119796753
losses_test/total:	2.056584119796753
calibration_test/ece:	0.18245789408683777
calibration_test/brier:	0.6511613726615906
accuracy_test/task:	53.05488436313428

Epoch 27
losses_train/task:	1.1331027746200562
losses_train/total:	1.1331027746200562
losses_test/task:	1.910932183265686
losses_test/total:	1.910932183265686
calibration_test/ece:	0.158583402633667
calibration_test/brier:	0.6091260313987732
accuracy_test/task:	55.988954090438384

Epoch 28
losses_train/task:	1.124436378479004
losses_train/total:	1.124436378479004
losses_test/task:	1.8131195306777954
losses_test/total:	1.8131195306777954
calibration_test/ece:	0.16608856618404388
calibration_test/brier:	0.5906926989555359
accuracy_test/task:	58.42250604073179

Epoch 29
losses_train/task:	1.0886448621749878
losses_train/total:	1.0886448621749878
losses_test/task:	1.6541008949279785
losses_test/total:	1.6541008949279785
calibration_test/ece:	0.15869499742984772
calibration_test/brier:	0.5572488307952881
accuracy_test/task:	60.70072488781498

Epoch 30
losses_train/task:	1.0483430624008179
losses_train/total:	1.0483430624008179
losses_test/task:	1.9906580448150635
losses_test/total:	1.9906580448150635
calibration_test/ece:	0.18096961081027985
calibration_test/brier:	0.6070443391799927
accuracy_test/task:	56.36865723161892

Epoch 31
losses_train/task:	0.9840073585510254
losses_train/total:	0.9840073585510254
losses_test/task:	1.699950098991394
losses_test/total:	1.699950098991394
calibration_test/ece:	0.17870894074440002
calibration_test/brier:	0.5499132871627808
accuracy_test/task:	62.01242664825682

Epoch 32
losses_train/task:	0.9756417274475098
losses_train/total:	0.9756417274475098
losses_test/task:	2.1175286769866943
losses_test/total:	2.1175286769866943
calibration_test/ece:	0.2020302712917328
calibration_test/brier:	0.6466554403305054
accuracy_test/task:	53.90058681394546

Epoch 33
losses_train/task:	0.9772762060165405
losses_train/total:	0.9772762060165405
losses_test/task:	2.13100004196167
losses_test/total:	2.13100004196167
calibration_test/ece:	0.21702642738819122
calibration_test/brier:	0.6555403470993042
accuracy_test/task:	54.487400759406285

Epoch 34
losses_train/task:	0.9565589427947998
losses_train/total:	0.9565589427947998
losses_test/task:	2.1906936168670654
losses_test/total:	2.1906936168670654
calibration_test/ece:	0.19850978255271912
calibration_test/brier:	0.6382202506065369
accuracy_test/task:	54.88436313427684

Epoch 35
losses_train/task:	0.9163163900375366
losses_train/total:	0.9163163900375366
losses_test/task:	1.7300431728363037
losses_test/total:	1.7300431728363037
calibration_test/ece:	0.1736333817243576
calibration_test/brier:	0.5377844572067261
accuracy_test/task:	63.58301691404902

Epoch 36
losses_train/task:	0.9059514403343201
losses_train/total:	0.9059514403343201
losses_test/task:	2.0452182292938232
losses_test/total:	2.0452182292938232
calibration_test/ece:	0.1989980936050415
calibration_test/brier:	0.602806568145752
accuracy_test/task:	58.439765274421816

Epoch 37
losses_train/task:	0.9041247367858887
losses_train/total:	0.9041247367858887
losses_test/task:	2.702895402908325
losses_test/total:	2.702895402908325
calibration_test/ece:	0.2390325665473938
calibration_test/brier:	0.7622496485710144
accuracy_test/task:	46.15119088712461

Epoch 38
losses_train/task:	0.926572859287262
losses_train/total:	0.926572859287262
losses_test/task:	4.480244159698486
losses_test/total:	4.480244159698486
calibration_test/ece:	0.24878865480422974
calibration_test/brier:	0.9920753240585327
accuracy_test/task:	20.141525716258197

Epoch 39
losses_train/task:	0.88054358959198
losses_train/total:	0.88054358959198
losses_test/task:	2.138916492462158
losses_test/total:	2.138916492462158
calibration_test/ece:	0.20557966828346252
calibration_test/brier:	0.62956702709198
accuracy_test/task:	57.179841215050054

Epoch 40
losses_train/task:	0.8704714775085449
losses_train/total:	0.8704714775085449
losses_test/task:	1.9830236434936523
losses_test/total:	1.9830236434936523
calibration_test/ece:	0.1751583069562912
calibration_test/brier:	0.6045074462890625
accuracy_test/task:	57.45598895409044

Epoch 41
losses_train/task:	0.8363125324249268
losses_train/total:	0.8363125324249268
losses_test/task:	1.7448649406433105
losses_test/total:	1.7448649406433105
calibration_test/ece:	0.1766686588525772
calibration_test/brier:	0.5371567606925964
accuracy_test/task:	63.56575768035899

Epoch 42
losses_train/task:	0.7899516820907593
losses_train/total:	0.7899516820907593
losses_test/task:	1.9920926094055176
losses_test/total:	1.9920926094055176
calibration_test/ece:	0.19626034796237946
calibration_test/brier:	0.6012713313102722
accuracy_test/task:	58.68139454608215

Epoch 43
losses_train/task:	0.8665084838867188
losses_train/total:	0.8665084838867188
losses_test/task:	2.09446120262146
losses_test/total:	2.09446120262146
calibration_test/ece:	0.20440682768821716
calibration_test/brier:	0.6257300972938538
accuracy_test/task:	56.93821194338971

Epoch 44
losses_train/task:	0.8719549775123596
losses_train/total:	0.8719549775123596
losses_test/task:	1.8931095600128174
losses_test/total:	1.8931095600128174
calibration_test/ece:	0.18057465553283691
calibration_test/brier:	0.5845106840133667
accuracy_test/task:	58.733172247152226

Epoch 45
losses_train/task:	0.7675579190254211
losses_train/total:	0.7675579190254211
losses_test/task:	4.389338493347168
losses_test/total:	4.389338493347168
calibration_test/ece:	0.330569863319397
calibration_test/brier:	0.9923145771026611
accuracy_test/task:	28.098032447359337

Epoch 46
losses_train/task:	0.817660927772522
losses_train/total:	0.817660927772522
losses_test/task:	2.050614833831787
losses_test/total:	2.050614833831787
calibration_test/ece:	0.18947750329971313
calibration_test/brier:	0.6122204065322876
accuracy_test/task:	56.95547117707974

Epoch 47
losses_train/task:	0.842461347579956
losses_train/total:	0.842461347579956
losses_test/task:	2.7054953575134277
losses_test/total:	2.7054953575134277
calibration_test/ece:	0.247857466340065
calibration_test/brier:	0.7573891282081604
accuracy_test/task:	46.51363479461512

Epoch 48
losses_train/task:	0.7511951327323914
losses_train/total:	0.7511951327323914
losses_test/task:	1.8447844982147217
losses_test/total:	1.8447844982147217
calibration_test/ece:	0.1918737143278122
calibration_test/brier:	0.5507562756538391
accuracy_test/task:	63.4276838108388

Epoch 49
losses_train/task:	0.835646390914917
losses_train/total:	0.835646390914917
losses_test/task:	1.7980185747146606
losses_test/total:	1.7980185747146606
calibration_test/ece:	0.16476833820343018
calibration_test/brier:	0.5631391406059265
accuracy_test/task:	59.88954090438384

Epoch 50
losses_train/task:	0.7105512022972107
losses_train/total:	0.7105512022972107
losses_test/task:	1.9223932027816772
losses_test/total:	1.9223932027816772
calibration_test/ece:	0.20147374272346497
calibration_test/brier:	0.5731521844863892
accuracy_test/task:	61.23576113220573

Epoch 51
losses_train/task:	0.7451155185699463
losses_train/total:	0.7451155185699463
losses_test/task:	1.756367802619934
losses_test/total:	1.756367802619934
calibration_test/ece:	0.1846531331539154
calibration_test/brier:	0.5336242914199829
accuracy_test/task:	64.41146013117017

Epoch 52
losses_train/task:	0.7423324584960938
losses_train/total:	0.7423324584960938
losses_test/task:	1.858533263206482
losses_test/total:	1.858533263206482
calibration_test/ece:	0.19092446565628052
calibration_test/brier:	0.5435947179794312
accuracy_test/task:	63.66931308249914

Epoch 53
losses_train/task:	0.7148717641830444
losses_train/total:	0.7148717641830444
losses_test/task:	1.8764002323150635
losses_test/total:	1.8764002323150635
calibration_test/ece:	0.19438616931438446
calibration_test/brier:	0.5495883822441101
accuracy_test/task:	62.96168450120815

Epoch 54
losses_train/task:	0.7038949728012085
losses_train/total:	0.7038949728012085
losses_test/task:	1.725412130355835
losses_test/total:	1.725412130355835
calibration_test/ece:	0.17765021324157715
calibration_test/brier:	0.5194318294525146
accuracy_test/task:	64.99827407663099

Epoch 55
losses_train/task:	0.6899672746658325
losses_train/total:	0.6899672746658325
losses_test/task:	1.8463613986968994
losses_test/total:	1.8463613986968994
calibration_test/ece:	0.185158371925354
calibration_test/brier:	0.5397356748580933
accuracy_test/task:	63.49672074559889

Epoch 56
losses_train/task:	0.6950912475585938
losses_train/total:	0.6950912475585938
losses_test/task:	2.1377670764923096
losses_test/total:	2.1377670764923096
calibration_test/ece:	0.2179419994354248
calibration_test/brier:	0.5990835428237915
accuracy_test/task:	59.734207801173625

Epoch 57
losses_train/task:	0.7245892286300659
losses_train/total:	0.7245892286300659
losses_test/task:	2.378270149230957
losses_test/total:	2.378270149230957
calibration_test/ece:	0.23885618150234222
calibration_test/brier:	0.6639922261238098
accuracy_test/task:	56.02347255781843

Epoch 58
losses_train/task:	0.7060020565986633
losses_train/total:	0.7060020565986633
losses_test/task:	1.9244252443313599
losses_test/total:	1.9244252443313599
calibration_test/ece:	0.20374596118927002
calibration_test/brier:	0.5673636198043823
accuracy_test/task:	61.61546427338626

Epoch 59
losses_train/task:	0.6454553008079529
losses_train/total:	0.6454553008079529
losses_test/task:	1.951582431793213
losses_test/total:	1.951582431793213
calibration_test/ece:	0.20068928599357605
calibration_test/brier:	0.5672418475151062
accuracy_test/task:	62.56472212633759

Epoch 60
losses_train/task:	0.6710841059684753
losses_train/total:	0.6710841059684753
losses_test/task:	2.060824155807495
losses_test/total:	2.060824155807495
calibration_test/ece:	0.21389862895011902
calibration_test/brier:	0.5963197946548462
accuracy_test/task:	59.371763893683124

Epoch 61
losses_train/task:	0.6887335777282715
losses_train/total:	0.6887335777282715
losses_test/task:	1.7793000936508179
losses_test/total:	1.7793000936508179
calibration_test/ece:	0.17214110493659973
calibration_test/brier:	0.5271758437156677
accuracy_test/task:	64.48049706593028

Epoch 62
losses_train/task:	0.6887410283088684
losses_train/total:	0.6887410283088684
losses_test/task:	1.7731186151504517
losses_test/total:	1.7731186151504517
calibration_test/ece:	0.18921399116516113
calibration_test/brier:	0.5226309299468994
accuracy_test/task:	65.63686572316189

Epoch 63
losses_train/task:	0.6213036775588989
losses_train/total:	0.6213036775588989
losses_test/task:	1.9101862907409668
losses_test/total:	1.9101862907409668
calibration_test/ece:	0.19825324416160583
calibration_test/brier:	0.5421236157417297
accuracy_test/task:	64.25612702795996

Epoch 64
losses_train/task:	0.651628851890564
losses_train/total:	0.651628851890564
losses_test/task:	2.046363592147827
losses_test/total:	2.046363592147827
calibration_test/ece:	0.2033756822347641
calibration_test/brier:	0.5827868580818176
accuracy_test/task:	60.75250258888505

Epoch 65
losses_train/task:	0.6601805686950684
losses_train/total:	0.6601805686950684
losses_test/task:	1.93956458568573
losses_test/total:	1.93956458568573
calibration_test/ece:	0.20052514970302582
calibration_test/brier:	0.5542782545089722
accuracy_test/task:	63.686572316189164

Epoch 66
losses_train/task:	0.6278178095817566
losses_train/total:	0.6278178095817566
losses_test/task:	2.243007183074951
losses_test/total:	2.243007183074951
calibration_test/ece:	0.23132357001304626
calibration_test/brier:	0.6052550077438354
accuracy_test/task:	60.303762512944424

Epoch 67
losses_train/task:	0.6479178667068481
losses_train/total:	0.6479178667068481
losses_test/task:	1.8774441480636597
losses_test/total:	1.8774441480636597
calibration_test/ece:	0.19952470064163208
calibration_test/brier:	0.5319080352783203
accuracy_test/task:	65.61960648947186

Epoch 68
losses_train/task:	0.6465514898300171
losses_train/total:	0.6465514898300171
losses_test/task:	1.899463415145874
losses_test/total:	1.899463415145874
calibration_test/ece:	0.19563987851142883
calibration_test/brier:	0.5269222855567932
accuracy_test/task:	65.77493959268209

Epoch 69
losses_train/task:	0.6785762906074524
losses_train/total:	0.6785762906074524
losses_test/task:	2.3336517810821533
losses_test/total:	2.3336517810821533
calibration_test/ece:	0.229222372174263
calibration_test/brier:	0.6346334218978882
accuracy_test/task:	57.85295132896099

Epoch 70
losses_train/task:	0.623558521270752
losses_train/total:	0.623558521270752
losses_test/task:	2.1079041957855225
losses_test/total:	2.1079041957855225
calibration_test/ece:	0.2155391275882721
calibration_test/brier:	0.5871225595474243
accuracy_test/task:	61.27027959958578

Epoch 71
losses_train/task:	0.582233726978302
losses_train/total:	0.582233726978302
losses_test/task:	2.6285102367401123
losses_test/total:	2.6285102367401123
calibration_test/ece:	0.26134780049324036
calibration_test/brier:	0.7122398614883423
accuracy_test/task:	51.6396272005523

Epoch 72
losses_train/task:	0.6021820902824402
losses_train/total:	0.6021820902824402
losses_test/task:	2.2140674591064453
losses_test/total:	2.2140674591064453
calibration_test/ece:	0.23127982020378113
calibration_test/brier:	0.6017146706581116
accuracy_test/task:	60.994131860545394

Epoch 73
losses_train/task:	0.5880400538444519
losses_train/total:	0.5880400538444519
losses_test/task:	2.0319502353668213
losses_test/total:	2.0319502353668213
calibration_test/ece:	0.2070249617099762
calibration_test/brier:	0.5520810484886169
accuracy_test/task:	64.46323783224025

Epoch 74
losses_train/task:	0.5850026607513428
losses_train/total:	0.5850026607513428
losses_test/task:	2.1226961612701416
losses_test/total:	2.1226961612701416
calibration_test/ece:	0.218682661652565
calibration_test/brier:	0.5856160521507263
accuracy_test/task:	61.04590956161547

Epoch 75
losses_train/task:	0.5885909795761108
losses_train/total:	0.5885909795761108
losses_test/task:	1.9575998783111572
losses_test/total:	1.9575998783111572
calibration_test/ece:	0.20919384062290192
calibration_test/brier:	0.5371175408363342
accuracy_test/task:	65.03279254401104

Epoch 76
losses_train/task:	0.5434944033622742
losses_train/total:	0.5434944033622742
losses_test/task:	2.1577086448669434
losses_test/total:	2.1577086448669434
calibration_test/ece:	0.2133876383304596
calibration_test/brier:	0.575459361076355
accuracy_test/task:	61.8570935450466

Epoch 77
losses_train/task:	0.5642956495285034
losses_train/total:	0.5642956495285034
losses_test/task:	2.4274182319641113
losses_test/total:	2.4274182319641113
calibration_test/ece:	0.24241501092910767
calibration_test/brier:	0.6562433242797852
accuracy_test/task:	56.26510182947877

Epoch 78
losses_train/task:	0.6027418375015259
losses_train/total:	0.6027418375015259
losses_test/task:	1.756267786026001
losses_test/total:	1.756267786026001
calibration_test/ece:	0.17926335334777832
calibration_test/brier:	0.492536723613739
accuracy_test/task:	68.17397307559544

Epoch 79
losses_train/task:	0.5925631523132324
losses_train/total:	0.5925631523132324
losses_test/task:	1.955993890762329
losses_test/total:	1.955993890762329
calibration_test/ece:	0.19672073423862457
calibration_test/brier:	0.5608702898025513
accuracy_test/task:	62.15050051777701

Epoch 80
losses_train/task:	0.5840921998023987
losses_train/total:	0.5840921998023987
losses_test/task:	1.667721152305603
losses_test/total:	1.667721152305603
calibration_test/ece:	0.17732630670070648
calibration_test/brier:	0.48757246136665344
accuracy_test/task:	67.88056610286503

Epoch 81
losses_train/task:	0.5851268768310547
losses_train/total:	0.5851268768310547
losses_test/task:	2.133286714553833
losses_test/total:	2.133286714553833
calibration_test/ece:	0.21148310601711273
calibration_test/brier:	0.5825989842414856
accuracy_test/task:	61.23576113220573

Epoch 82
losses_train/task:	0.5911448001861572
losses_train/total:	0.5911448001861572
losses_test/task:	2.1540510654449463
losses_test/total:	2.1540510654449463
calibration_test/ece:	0.22364769876003265
calibration_test/brier:	0.5913379788398743
accuracy_test/task:	61.64998274076631

Epoch 83
losses_train/task:	0.5852960348129272
losses_train/total:	0.5852960348129272
losses_test/task:	1.8751163482666016
losses_test/total:	1.8751163482666016
calibration_test/ece:	0.19892102479934692
calibration_test/brier:	0.5288825631141663
accuracy_test/task:	65.48153261995168

Epoch 84
losses_train/task:	0.5676355361938477
losses_train/total:	0.5676355361938477
losses_test/task:	1.9899811744689941
losses_test/total:	1.9899811744689941
calibration_test/ece:	0.20019496977329254
calibration_test/brier:	0.5636220574378967
accuracy_test/task:	62.39212978943735

Epoch 85
losses_train/task:	0.535243809223175
losses_train/total:	0.535243809223175
losses_test/task:	1.8569982051849365
losses_test/total:	1.8569982051849365
calibration_test/ece:	0.19833499193191528
calibration_test/brier:	0.5189196467399597
accuracy_test/task:	66.74145667932343

Epoch 86
losses_train/task:	0.530968964099884
losses_train/total:	0.530968964099884
losses_test/task:	2.0607309341430664
losses_test/total:	2.0607309341430664
calibration_test/ece:	0.21635660529136658
calibration_test/brier:	0.56466144323349
accuracy_test/task:	63.341387642388675

Epoch 87
losses_train/task:	0.5677119493484497
losses_train/total:	0.5677119493484497
losses_test/task:	2.288055658340454
losses_test/total:	2.288055658340454
calibration_test/ece:	0.23369015753269196
calibration_test/brier:	0.6087037920951843
accuracy_test/task:	60.40731791508457

Epoch 88
losses_train/task:	0.5917752385139465
losses_train/total:	0.5917752385139465
losses_test/task:	2.0535480976104736
losses_test/total:	2.0535480976104736
calibration_test/ece:	0.21646788716316223
calibration_test/brier:	0.5746110677719116
accuracy_test/task:	62.51294442526752

Epoch 89
losses_train/task:	0.5638356804847717
losses_train/total:	0.5638356804847717
losses_test/task:	1.9645006656646729
losses_test/total:	1.9645006656646729
calibration_test/ece:	0.20252300798892975
calibration_test/brier:	0.5295764207839966
accuracy_test/task:	65.96479116327235

Epoch 90
losses_train/task:	0.5448160171508789
losses_train/total:	0.5448160171508789
losses_test/task:	1.973827838897705
losses_test/total:	1.973827838897705
calibration_test/ece:	0.20957641303539276
calibration_test/brier:	0.5440018773078918
accuracy_test/task:	64.60131170176044

Epoch 91
losses_train/task:	0.5497056245803833
losses_train/total:	0.5497056245803833
losses_test/task:	1.9502202272415161
losses_test/total:	1.9502202272415161
calibration_test/ece:	0.20186826586723328
calibration_test/brier:	0.5418297648429871
accuracy_test/task:	64.73938557128064

Epoch 92
losses_train/task:	0.5528883337974548
losses_train/total:	0.5528883337974548
losses_test/task:	2.002948045730591
losses_test/total:	2.002948045730591
calibration_test/ece:	0.20784848928451538
calibration_test/brier:	0.5497574806213379
accuracy_test/task:	63.63479461511909

Epoch 93
losses_train/task:	0.5175904631614685
losses_train/total:	0.5175904631614685
losses_test/task:	2.861692428588867
losses_test/total:	2.861692428588867
calibration_test/ece:	0.27819544076919556
calibration_test/brier:	0.7207950949668884
accuracy_test/task:	52.519848118743525

Epoch 94
losses_train/task:	0.5247259736061096
losses_train/total:	0.5247259736061096
losses_test/task:	2.409783363342285
losses_test/total:	2.409783363342285
calibration_test/ece:	0.23852409422397614
calibration_test/brier:	0.6157597303390503
accuracy_test/task:	60.18294787711426

Epoch 95
losses_train/task:	0.5147673487663269
losses_train/total:	0.5147673487663269
losses_test/task:	2.566688060760498
losses_test/total:	2.566688060760498
calibration_test/ece:	0.24932971596717834
calibration_test/brier:	0.6477632522583008
accuracy_test/task:	57.35243355195029

Epoch 96
losses_train/task:	0.5423368811607361
losses_train/total:	0.5423368811607361
losses_test/task:	2.173379421234131
losses_test/total:	2.173379421234131
calibration_test/ece:	0.2270667999982834
calibration_test/brier:	0.5818553566932678
accuracy_test/task:	62.37487055574732

Epoch 97
losses_train/task:	0.5463231801986694
losses_train/total:	0.5463231801986694
losses_test/task:	2.6000816822052
losses_test/total:	2.6000816822052
calibration_test/ece:	0.26120030879974365
calibration_test/brier:	0.6760213971138
accuracy_test/task:	55.626510182947875

Epoch 98
losses_train/task:	0.555357813835144
losses_train/total:	0.555357813835144
losses_test/task:	1.9720739126205444
losses_test/total:	1.9720739126205444
calibration_test/ece:	0.20399248600006104
calibration_test/brier:	0.5321722030639648
accuracy_test/task:	66.34449430445288

Epoch 99
losses_train/task:	0.5396067500114441
losses_train/total:	0.5396067500114441
losses_test/task:	2.285364866256714
losses_test/total:	2.285364866256714
calibration_test/ece:	0.23412877321243286
calibration_test/brier:	0.6010504364967346
accuracy_test/task:	61.08042802899551

Epoch 100
losses_train/task:	0.5261263847351074
losses_train/total:	0.5261263847351074
losses_test/task:	2.3044729232788086
losses_test/total:	2.3044729232788086
calibration_train/ece:	0.049391910433769226
calibration_train/brier:	0.3921882212162018
accuracy_train/task:	70.10135135135135
calibration_test/ece:	0.2222418487071991
calibration_test/brier:	0.6149183511734009
accuracy_test/task:	59.31998619261305
accuracy_test/nuisances_task:	-0.07408261299133301
accuracy_test/nuisances_nontask:	0.0
mutual_inf_test/nuisances_task:	0.00541565383935175
mutual_inf_test/nuisances_nontask:	0.0

Epoch 101
losses_train/task:	0.46862009167671204
losses_train/total:	0.46862009167671204
losses_test/task:	1.4799002408981323
losses_test/total:	1.4799002408981323
calibration_test/ece:	0.15798607468605042
calibration_test/brier:	0.41597020626068115
accuracy_test/task:	73.29996548153262

Epoch 102
losses_train/task:	0.3993742763996124
losses_train/total:	0.3993742763996124
losses_test/task:	1.4323550462722778
losses_test/total:	1.4323550462722778
calibration_test/ece:	0.15320760011672974
calibration_test/brier:	0.404700368642807
accuracy_test/task:	73.80048325854332

Epoch 103
losses_train/task:	0.4180922210216522
losses_train/total:	0.4180922210216522
losses_test/task:	1.4249035120010376
losses_test/total:	1.4249035120010376
calibration_test/ece:	0.15176811814308167
calibration_test/brier:	0.40078219771385193
accuracy_test/task:	74.31826026924405

Epoch 104
losses_train/task:	0.4028298258781433
losses_train/total:	0.4028298258781433
losses_test/task:	1.4025461673736572
losses_test/total:	1.4025461673736572
calibration_test/ece:	0.15101489424705505
calibration_test/brier:	0.3957398533821106
accuracy_test/task:	74.54263030721437

Epoch 105
losses_train/task:	0.3810945153236389
losses_train/total:	0.3810945153236389
losses_test/task:	1.4159914255142212
losses_test/total:	1.4159914255142212
calibration_test/ece:	0.1500651240348816
calibration_test/brier:	0.3945518434047699
accuracy_test/task:	74.62892647566449

Epoch 106
losses_train/task:	0.3853101432323456
losses_train/total:	0.3853101432323456
losses_test/task:	1.4079872369766235
losses_test/total:	1.4079872369766235
calibration_test/ece:	0.1470051109790802
calibration_test/brier:	0.3922954201698303
accuracy_test/task:	75.04314808422507

Epoch 107
losses_train/task:	0.35919836163520813
losses_train/total:	0.35919836163520813
losses_test/task:	1.4135115146636963
losses_test/total:	1.4135115146636963
calibration_test/ece:	0.14928099513053894
calibration_test/brier:	0.3945293426513672
accuracy_test/task:	74.81877804625475

Epoch 108
losses_train/task:	0.38381001353263855
losses_train/total:	0.38381001353263855
losses_test/task:	1.4165488481521606
losses_test/total:	1.4165488481521606
calibration_test/ece:	0.15002858638763428
calibration_test/brier:	0.3916744589805603
accuracy_test/task:	75.12944425267519

Epoch 109
losses_train/task:	0.3485802114009857
losses_train/total:	0.3485802114009857
losses_test/task:	1.42766535282135
losses_test/total:	1.42766535282135
calibration_test/ece:	0.15269431471824646
calibration_test/brier:	0.39239296317100525
accuracy_test/task:	74.85329651363479

Epoch 110
losses_train/task:	0.37347549200057983
losses_train/total:	0.37347549200057983
losses_test/task:	1.4190622568130493
losses_test/total:	1.4190622568130493
calibration_test/ece:	0.14778685569763184
calibration_test/brier:	0.3881519138813019
accuracy_test/task:	75.38833275802554

Epoch 111
losses_train/task:	0.3662557303905487
losses_train/total:	0.3662557303905487
losses_test/task:	1.415175437927246
losses_test/total:	1.415175437927246
calibration_test/ece:	0.1477755904197693
calibration_test/brier:	0.3871573209762573
accuracy_test/task:	75.49188816016569

Epoch 112
losses_train/task:	0.3627977669239044
losses_train/total:	0.3627977669239044
losses_test/task:	1.413241982460022
losses_test/total:	1.413241982460022
calibration_test/ece:	0.1488412320613861
calibration_test/brier:	0.386012464761734
accuracy_test/task:	75.30203658957542

Epoch 113
losses_train/task:	0.3312894105911255
losses_train/total:	0.3312894105911255
losses_test/task:	1.4025930166244507
losses_test/total:	1.4025930166244507
calibration_test/ece:	0.14544248580932617
calibration_test/brier:	0.3864191472530365
accuracy_test/task:	75.50914739385571

Epoch 114
losses_train/task:	0.3765677511692047
losses_train/total:	0.3765677511692047
losses_test/task:	1.4105448722839355
losses_test/total:	1.4105448722839355
calibration_test/ece:	0.14515939354896545
calibration_test/brier:	0.38423624634742737
accuracy_test/task:	75.69899896444598

Epoch 115
losses_train/task:	0.33445876836776733
losses_train/total:	0.33445876836776733
losses_test/task:	1.4209754467010498
losses_test/total:	1.4209754467010498
calibration_test/ece:	0.14340801537036896
calibration_test/brier:	0.3862250745296478
accuracy_test/task:	75.9233690024163

Epoch 116
losses_train/task:	0.33264023065567017
losses_train/total:	0.33264023065567017
losses_test/task:	1.4116101264953613
losses_test/total:	1.4116101264953613
calibration_test/ece:	0.1501201093196869
calibration_test/brier:	0.3874536156654358
accuracy_test/task:	75.37107352433551

Epoch 117
losses_train/task:	0.3415713608264923
losses_train/total:	0.3415713608264923
losses_test/task:	1.4352400302886963
losses_test/total:	1.4352400302886963
calibration_test/ece:	0.1485680639743805
calibration_test/brier:	0.3907402455806732
accuracy_test/task:	75.40559199171557

Epoch 118
losses_train/task:	0.3387189507484436
losses_train/total:	0.3387189507484436
losses_test/task:	1.412821888923645
losses_test/total:	1.412821888923645
calibration_test/ece:	0.14644744992256165
calibration_test/brier:	0.3874315321445465
accuracy_test/task:	75.716258198136

Epoch 119
losses_train/task:	0.3275608718395233
losses_train/total:	0.3275608718395233
losses_test/task:	1.424885630607605
losses_test/total:	1.424885630607605
calibration_test/ece:	0.14660221338272095
calibration_test/brier:	0.3876854479312897
accuracy_test/task:	75.80255436658612

Epoch 120
losses_train/task:	0.3394216001033783
losses_train/total:	0.3394216001033783
losses_test/task:	1.4325129985809326
losses_test/total:	1.4325129985809326
calibration_test/ece:	0.14731968939304352
calibration_test/brier:	0.3850175142288208
accuracy_test/task:	75.87159130134621

Epoch 121
losses_train/task:	0.3196519911289215
losses_train/total:	0.3196519911289215
losses_test/task:	1.4384140968322754
losses_test/total:	1.4384140968322754
calibration_test/ece:	0.1466386318206787
calibration_test/brier:	0.3874724507331848
accuracy_test/task:	75.716258198136

Epoch 122
losses_train/task:	0.33330038189888
losses_train/total:	0.33330038189888
losses_test/task:	1.4447418451309204
losses_test/total:	1.4447418451309204
calibration_test/ece:	0.14992940425872803
calibration_test/brier:	0.3884858787059784
accuracy_test/task:	75.49188816016569

Epoch 123
losses_train/task:	0.3071390390396118
losses_train/total:	0.3071390390396118
losses_test/task:	1.4340159893035889
losses_test/total:	1.4340159893035889
calibration_test/ece:	0.14824005961418152
calibration_test/brier:	0.38709089159965515
accuracy_test/task:	75.75077666551606

Epoch 124
losses_train/task:	0.33502596616744995
losses_train/total:	0.33502596616744995
losses_test/task:	1.416759967803955
losses_test/total:	1.416759967803955
calibration_test/ece:	0.14580506086349487
calibration_test/brier:	0.38386449217796326
accuracy_test/task:	75.90610976872627

Epoch 125
losses_train/task:	0.30391767621040344
losses_train/total:	0.30391767621040344
losses_test/task:	1.4354966878890991
losses_test/total:	1.4354966878890991
calibration_test/ece:	0.1499476581811905
calibration_test/brier:	0.38750267028808594
accuracy_test/task:	75.54366586123577

Epoch 126
losses_train/task:	0.32331058382987976
losses_train/total:	0.32331058382987976
losses_test/task:	1.4256365299224854
losses_test/total:	1.4256365299224854
calibration_test/ece:	0.14965885877609253
calibration_test/brier:	0.3862813711166382
accuracy_test/task:	75.44011045909562

Epoch 127
losses_train/task:	0.3408950865268707
losses_train/total:	0.3408950865268707
losses_test/task:	1.4431099891662598
losses_test/total:	1.4431099891662598
calibration_test/ece:	0.14965277910232544
calibration_test/brier:	0.3892064094543457
accuracy_test/task:	75.49188816016569

Epoch 128
losses_train/task:	0.3510722815990448
losses_train/total:	0.3510722815990448
losses_test/task:	1.4351826906204224
losses_test/total:	1.4351826906204224
calibration_test/ece:	0.15025347471237183
calibration_test/brier:	0.38641801476478577
accuracy_test/task:	75.52640662754574

Epoch 129
losses_train/task:	0.3191935122013092
losses_train/total:	0.3191935122013092
losses_test/task:	1.4268234968185425
losses_test/total:	1.4268234968185425
calibration_test/ece:	0.148637592792511
calibration_test/brier:	0.38419872522354126
accuracy_test/task:	75.7852951328961

Epoch 130
losses_train/task:	0.30408406257629395
losses_train/total:	0.30408406257629395
losses_test/task:	1.4206554889678955
losses_test/total:	1.4206554889678955
calibration_test/ece:	0.14871583878993988
calibration_test/brier:	0.3849756419658661
accuracy_test/task:	75.69899896444598

Epoch 131
losses_train/task:	0.2899710237979889
losses_train/total:	0.2899710237979889
losses_test/task:	1.43313467502594
losses_test/total:	1.43313467502594
calibration_test/ece:	0.1520363986492157
calibration_test/brier:	0.3856223225593567
accuracy_test/task:	75.49188816016569

Epoch 132
losses_train/task:	0.31602931022644043
losses_train/total:	0.31602931022644043
losses_test/task:	1.4397785663604736
losses_test/total:	1.4397785663604736
calibration_test/ece:	0.14959189295768738
calibration_test/brier:	0.3851974904537201
accuracy_test/task:	75.8543320676562

Epoch 133
losses_train/task:	0.33210957050323486
losses_train/total:	0.33210957050323486
losses_test/task:	1.4359214305877686
losses_test/total:	1.4359214305877686
calibration_test/ece:	0.14888674020767212
calibration_test/brier:	0.38588592410087585
accuracy_test/task:	75.69899896444598

Epoch 134
losses_train/task:	0.2888402044773102
losses_train/total:	0.2888402044773102
losses_test/task:	1.4479347467422485
losses_test/total:	1.4479347467422485
calibration_test/ece:	0.14920970797538757
calibration_test/brier:	0.38902831077575684
accuracy_test/task:	75.59544356230583

Epoch 135
losses_train/task:	0.329487681388855
losses_train/total:	0.329487681388855
losses_test/task:	1.4554697275161743
losses_test/total:	1.4554697275161743
calibration_test/ece:	0.153026282787323
calibration_test/brier:	0.38792428374290466
accuracy_test/task:	75.44011045909562

Epoch 136
losses_train/task:	0.29145216941833496
losses_train/total:	0.29145216941833496
losses_test/task:	1.4399456977844238
losses_test/total:	1.4399456977844238
calibration_test/ece:	0.14976975321769714
calibration_test/brier:	0.38438838720321655
accuracy_test/task:	75.62996202968588

Epoch 137
losses_train/task:	0.32793956995010376
losses_train/total:	0.32793956995010376
losses_test/task:	1.47336745262146
losses_test/total:	1.47336745262146
calibration_test/ece:	0.15198498964309692
calibration_test/brier:	0.38905102014541626
accuracy_test/task:	75.38833275802554

Epoch 138
losses_train/task:	0.31072998046875
losses_train/total:	0.31072998046875
losses_test/task:	1.4406495094299316
losses_test/total:	1.4406495094299316
calibration_test/ece:	0.1505662202835083
calibration_test/brier:	0.3860591948032379
accuracy_test/task:	75.49188816016569

Epoch 139
losses_train/task:	0.32786574959754944
losses_train/total:	0.32786574959754944
losses_test/task:	1.4455549716949463
losses_test/total:	1.4455549716949463
calibration_test/ece:	0.14790388941764832
calibration_test/brier:	0.38495224714279175
accuracy_test/task:	75.87159130134621

Epoch 140
losses_train/task:	0.30707812309265137
losses_train/total:	0.30707812309265137
losses_test/task:	1.4714359045028687
losses_test/total:	1.4714359045028687
calibration_test/ece:	0.15243038535118103
calibration_test/brier:	0.39023691415786743
accuracy_test/task:	75.45736969278563

Epoch 141
losses_train/task:	0.32062196731567383
losses_train/total:	0.32062196731567383
losses_test/task:	1.4543966054916382
losses_test/total:	1.4543966054916382
calibration_test/ece:	0.14834663271903992
calibration_test/brier:	0.3861458897590637
accuracy_test/task:	75.80255436658612

Epoch 142
losses_train/task:	0.3072050213813782
losses_train/total:	0.3072050213813782
losses_test/task:	1.4610518217086792
losses_test/total:	1.4610518217086792
calibration_test/ece:	0.14950746297836304
calibration_test/brier:	0.38356927037239075
accuracy_test/task:	75.81981360027615

Epoch 143
losses_train/task:	0.3135737478733063
losses_train/total:	0.3135737478733063
losses_test/task:	1.49027681350708
losses_test/total:	1.49027681350708
calibration_test/ece:	0.15282100439071655
calibration_test/brier:	0.3927885591983795
accuracy_test/task:	75.33655505695548

Epoch 144
losses_train/task:	0.3039550483226776
losses_train/total:	0.3039550483226776
losses_test/task:	1.451783299446106
losses_test/total:	1.451783299446106
calibration_test/ece:	0.14998143911361694
calibration_test/brier:	0.3875502347946167
accuracy_test/task:	75.61270279599586

Epoch 145
losses_train/task:	0.29414841532707214
losses_train/total:	0.29414841532707214
losses_test/task:	1.4658859968185425
losses_test/total:	1.4658859968185425
calibration_test/ece:	0.15099595487117767
calibration_test/brier:	0.38856106996536255
accuracy_test/task:	75.52640662754574

Epoch 146
losses_train/task:	0.3325468897819519
losses_train/total:	0.3325468897819519
losses_test/task:	1.4654806852340698
losses_test/total:	1.4654806852340698
calibration_test/ece:	0.15090423822402954
calibration_test/brier:	0.3868185579776764
accuracy_test/task:	75.66448049706592

Epoch 147
losses_train/task:	0.31837013363838196
losses_train/total:	0.31837013363838196
losses_test/task:	1.4475064277648926
losses_test/total:	1.4475064277648926
calibration_test/ece:	0.15035416185855865
calibration_test/brier:	0.3837600648403168
accuracy_test/task:	75.76803589920607

Epoch 148
losses_train/task:	0.28879648447036743
losses_train/total:	0.28879648447036743
losses_test/task:	1.4532396793365479
losses_test/total:	1.4532396793365479
calibration_test/ece:	0.14906111359596252
calibration_test/brier:	0.3861110806465149
accuracy_test/task:	75.80255436658612

Epoch 149
losses_train/task:	0.30013519525527954
losses_train/total:	0.30013519525527954
losses_test/task:	1.452364206314087
losses_test/total:	1.452364206314087
calibration_test/ece:	0.14902018010616302
calibration_test/brier:	0.38470402359962463
accuracy_test/task:	75.83707283396618

Epoch 150
losses_train/task:	0.2975069284439087
losses_train/total:	0.2975069284439087
losses_test/task:	1.4704357385635376
losses_test/total:	1.4704357385635376
calibration_test/ece:	0.1500285565853119
calibration_test/brier:	0.3859097957611084
accuracy_test/task:	75.69899896444598

Epoch 151
losses_train/task:	0.31491848826408386
losses_train/total:	0.31491848826408386
losses_test/task:	1.442968487739563
losses_test/total:	1.442968487739563
calibration_test/ece:	0.14841899275779724
calibration_test/brier:	0.38142475485801697
accuracy_test/task:	75.88885053503624

Epoch 152
losses_train/task:	0.3018169105052948
losses_train/total:	0.3018169105052948
losses_test/task:	1.4547948837280273
losses_test/total:	1.4547948837280273
calibration_test/ece:	0.1492449939250946
calibration_test/brier:	0.3843839466571808
accuracy_test/task:	75.7852951328961

Epoch 153
losses_train/task:	0.3117278516292572
losses_train/total:	0.3117278516292572
losses_test/task:	1.4796916246414185
losses_test/total:	1.4796916246414185
calibration_test/ece:	0.14760547876358032
calibration_test/brier:	0.3865901827812195
accuracy_test/task:	75.99240593717639

Epoch 154
losses_train/task:	0.2726825475692749
losses_train/total:	0.2726825475692749
losses_test/task:	1.4690895080566406
losses_test/total:	1.4690895080566406
calibration_test/ece:	0.14892578125
calibration_test/brier:	0.3868761360645294
accuracy_test/task:	75.81981360027615

Epoch 155
losses_train/task:	0.26706820726394653
losses_train/total:	0.26706820726394653
losses_test/task:	1.4574813842773438
losses_test/total:	1.4574813842773438
calibration_test/ece:	0.1508987843990326
calibration_test/brier:	0.3856634199619293
accuracy_test/task:	75.5781843286158

Epoch 156
losses_train/task:	0.31412434577941895
losses_train/total:	0.31412434577941895
losses_test/task:	1.4736751317977905
losses_test/total:	1.4736751317977905
calibration_test/ece:	0.15512436628341675
calibration_test/brier:	0.38933709263801575
accuracy_test/task:	75.3538142906455

Epoch 157
losses_train/task:	0.29561877250671387
losses_train/total:	0.29561877250671387
losses_test/task:	1.4637080430984497
losses_test/total:	1.4637080430984497
calibration_test/ece:	0.14985345304012299
calibration_test/brier:	0.38378629088401794
accuracy_test/task:	75.83707283396618

Epoch 158
losses_train/task:	0.28749024868011475
losses_train/total:	0.28749024868011475
losses_test/task:	1.4570039510726929
losses_test/total:	1.4570039510726929
calibration_test/ece:	0.14938843250274658
calibration_test/brier:	0.3844151198863983
accuracy_test/task:	75.81981360027615

Epoch 159
losses_train/task:	0.2786024510860443
losses_train/total:	0.2786024510860443
losses_test/task:	1.4656922817230225
losses_test/total:	1.4656922817230225
calibration_test/ece:	0.15021154284477234
calibration_test/brier:	0.384390264749527
accuracy_test/task:	75.73351743182603

Epoch 160
losses_train/task:	0.2775272727012634
losses_train/total:	0.2775272727012634
losses_test/task:	1.4561101198196411
losses_test/total:	1.4561101198196411
calibration_test/ece:	0.15050829946994781
calibration_test/brier:	0.38599929213523865
accuracy_test/task:	75.59544356230583

Epoch 161
losses_train/task:	0.28858622908592224
losses_train/total:	0.28858622908592224
losses_test/task:	1.4754562377929688
losses_test/total:	1.4754562377929688
calibration_test/ece:	0.15125007927417755
calibration_test/brier:	0.38699576258659363
accuracy_test/task:	75.59544356230583

Epoch 162
losses_train/task:	0.29152652621269226
losses_train/total:	0.29152652621269226
losses_test/task:	1.4948383569717407
losses_test/total:	1.4948383569717407
calibration_test/ece:	0.15420281887054443
calibration_test/brier:	0.3881291151046753
accuracy_test/task:	75.47462892647566

Epoch 163
losses_train/task:	0.2846056818962097
losses_train/total:	0.2846056818962097
losses_test/task:	1.4884446859359741
losses_test/total:	1.4884446859359741
calibration_test/ece:	0.15337622165679932
calibration_test/brier:	0.38693317770957947
accuracy_test/task:	75.62996202968588

Epoch 164
losses_train/task:	0.29654133319854736
losses_train/total:	0.29654133319854736
losses_test/task:	1.4863457679748535
losses_test/total:	1.4863457679748535
calibration_test/ece:	0.15103374421596527
calibration_test/brier:	0.38661232590675354
accuracy_test/task:	75.73351743182603

Epoch 165
losses_train/task:	0.27786561846733093
losses_train/total:	0.27786561846733093
losses_test/task:	1.475287914276123
losses_test/total:	1.475287914276123
calibration_test/ece:	0.15334007143974304
calibration_test/brier:	0.38562092185020447
accuracy_test/task:	75.5781843286158

Epoch 166
losses_train/task:	0.25182509422302246
losses_train/total:	0.25182509422302246
losses_test/task:	1.4733132123947144
losses_test/total:	1.4733132123947144
calibration_test/ece:	0.1499587595462799
calibration_test/brier:	0.3831629455089569
accuracy_test/task:	75.76803589920607

Epoch 167
losses_train/task:	0.2794683575630188
losses_train/total:	0.2794683575630188
losses_test/task:	1.466687798500061
losses_test/total:	1.466687798500061
calibration_test/ece:	0.14966446161270142
calibration_test/brier:	0.38615861535072327
accuracy_test/task:	75.9233690024163

Epoch 168
losses_train/task:	0.31047776341438293
losses_train/total:	0.31047776341438293
losses_test/task:	1.5009905099868774
losses_test/total:	1.5009905099868774
calibration_test/ece:	0.15209747850894928
calibration_test/brier:	0.3891834020614624
accuracy_test/task:	75.75077666551606

Epoch 169
losses_train/task:	0.29721900820732117
losses_train/total:	0.29721900820732117
losses_test/task:	1.4809956550598145
losses_test/total:	1.4809956550598145
calibration_test/ece:	0.14985054731369019
calibration_test/brier:	0.3859105706214905
accuracy_test/task:	75.88885053503624

Epoch 170
losses_train/task:	0.3141460418701172
losses_train/total:	0.3141460418701172
losses_test/task:	1.4981023073196411
losses_test/total:	1.4981023073196411
calibration_test/ece:	0.15388217568397522
calibration_test/brier:	0.38829678297042847
accuracy_test/task:	75.716258198136

Epoch 171
losses_train/task:	0.26616716384887695
losses_train/total:	0.26616716384887695
losses_test/task:	1.4913073778152466
losses_test/total:	1.4913073778152466
calibration_test/ece:	0.150410458445549
calibration_test/brier:	0.3868914246559143
accuracy_test/task:	75.7852951328961

Epoch 172
losses_train/task:	0.29217249155044556
losses_train/total:	0.29217249155044556
losses_test/task:	1.4663785696029663
losses_test/total:	1.4663785696029663
calibration_test/ece:	0.14819255471229553
calibration_test/brier:	0.383545458316803
accuracy_test/task:	75.99240593717639

Epoch 173
losses_train/task:	0.30744507908821106
losses_train/total:	0.30744507908821106
losses_test/task:	1.4790483713150024
losses_test/total:	1.4790483713150024
calibration_test/ece:	0.15130183100700378
calibration_test/brier:	0.3866897523403168
accuracy_test/task:	75.76803589920607

Epoch 174
losses_train/task:	0.27793651819229126
losses_train/total:	0.27793651819229126
losses_test/task:	1.4704513549804688
losses_test/total:	1.4704513549804688
calibration_test/ece:	0.1524617075920105
calibration_test/brier:	0.3841431438922882
accuracy_test/task:	75.716258198136

Epoch 175
losses_train/task:	0.27561384439468384
losses_train/total:	0.27561384439468384
losses_test/task:	1.5051677227020264
losses_test/total:	1.5051677227020264
calibration_test/ece:	0.15093445777893066
calibration_test/brier:	0.38757407665252686
accuracy_test/task:	75.75077666551606

Epoch 176
losses_train/task:	0.28597187995910645
losses_train/total:	0.28597187995910645
losses_test/task:	1.4771982431411743
losses_test/total:	1.4771982431411743
calibration_test/ece:	0.15105760097503662
calibration_test/brier:	0.3847774267196655
accuracy_test/task:	75.73351743182603

Epoch 177
losses_train/task:	0.25778353214263916
losses_train/total:	0.25778353214263916
losses_test/task:	1.4730654954910278
losses_test/total:	1.4730654954910278
calibration_test/ece:	0.15170805156230927
calibration_test/brier:	0.3838968575000763
accuracy_test/task:	75.59544356230583

Epoch 178
losses_train/task:	0.2671695649623871
losses_train/total:	0.2671695649623871
losses_test/task:	1.5025709867477417
losses_test/total:	1.5025709867477417
calibration_test/ece:	0.15392477810382843
calibration_test/brier:	0.3901178538799286
accuracy_test/task:	75.61270279599586

Epoch 179
losses_train/task:	0.3012271821498871
losses_train/total:	0.3012271821498871
losses_test/task:	1.4899100065231323
losses_test/total:	1.4899100065231323
calibration_test/ece:	0.15188661217689514
calibration_test/brier:	0.389169305562973
accuracy_test/task:	75.64722126337591

Epoch 180
losses_train/task:	0.28393661975860596
losses_train/total:	0.28393661975860596
losses_test/task:	1.4970207214355469
losses_test/total:	1.4970207214355469
calibration_test/ece:	0.15414442121982574
calibration_test/brier:	0.3899357318878174
accuracy_test/task:	75.5781843286158

Epoch 181
losses_train/task:	0.269260436296463
losses_train/total:	0.269260436296463
losses_test/task:	1.5203028917312622
losses_test/total:	1.5203028917312622
calibration_test/ece:	0.154171884059906
calibration_test/brier:	0.39442431926727295
accuracy_test/task:	75.64722126337591

Epoch 182
losses_train/task:	0.2983754575252533
losses_train/total:	0.2983754575252533
losses_test/task:	1.5070453882217407
losses_test/total:	1.5070453882217407
calibration_test/ece:	0.15741153061389923
calibration_test/brier:	0.392457515001297
accuracy_test/task:	75.23299965481533

Epoch 183
losses_train/task:	0.2617242634296417
losses_train/total:	0.2617242634296417
losses_test/task:	1.5175869464874268
losses_test/total:	1.5175869464874268
calibration_test/ece:	0.15743274986743927
calibration_test/brier:	0.39410001039505005
accuracy_test/task:	75.31929582326545

Epoch 184
losses_train/task:	0.276521235704422
losses_train/total:	0.276521235704422
losses_test/task:	1.4987441301345825
losses_test/total:	1.4987441301345825
calibration_test/ece:	0.15699037909507751
calibration_test/brier:	0.39255958795547485
accuracy_test/task:	75.26751812219537

Epoch 185
losses_train/task:	0.30376046895980835
losses_train/total:	0.30376046895980835
losses_test/task:	1.4984056949615479
losses_test/total:	1.4984056949615479
calibration_test/ece:	0.1533128023147583
calibration_test/brier:	0.38871970772743225
accuracy_test/task:	75.73351743182603

Epoch 186
losses_train/task:	0.2831069827079773
losses_train/total:	0.2831069827079773
losses_test/task:	1.5064433813095093
losses_test/total:	1.5064433813095093
calibration_test/ece:	0.1543482542037964
calibration_test/brier:	0.3905215561389923
accuracy_test/task:	75.66448049706592

Epoch 187
losses_train/task:	0.23126491904258728
losses_train/total:	0.23126491904258728
losses_test/task:	1.4778743982315063
losses_test/total:	1.4778743982315063
calibration_test/ece:	0.15207473933696747
calibration_test/brier:	0.3869446814060211
accuracy_test/task:	75.69899896444598

Epoch 188
losses_train/task:	0.27777671813964844
losses_train/total:	0.27777671813964844
losses_test/task:	1.4958487749099731
losses_test/total:	1.4958487749099731
calibration_test/ece:	0.15433621406555176
calibration_test/brier:	0.38833722472190857
accuracy_test/task:	75.75077666551606

Epoch 189
losses_train/task:	0.2730950713157654
losses_train/total:	0.2730950713157654
losses_test/task:	1.4998860359191895
losses_test/total:	1.4998860359191895
calibration_test/ece:	0.15359055995941162
calibration_test/brier:	0.38655543327331543
accuracy_test/task:	75.66448049706592

Epoch 190
losses_train/task:	0.2933076024055481
losses_train/total:	0.2933076024055481
losses_test/task:	1.498113751411438
losses_test/total:	1.498113751411438
calibration_test/ece:	0.1537577211856842
calibration_test/brier:	0.3890608847141266
accuracy_test/task:	75.54366586123577

Epoch 191
losses_train/task:	0.28349167108535767
losses_train/total:	0.28349167108535767
losses_test/task:	1.4993879795074463
losses_test/total:	1.4993879795074463
calibration_test/ece:	0.15517884492874146
calibration_test/brier:	0.38915982842445374
accuracy_test/task:	75.38833275802554

Epoch 192
losses_train/task:	0.25149816274642944
losses_train/total:	0.25149816274642944
losses_test/task:	1.5065052509307861
losses_test/total:	1.5065052509307861
calibration_test/ece:	0.1576734483242035
calibration_test/brier:	0.3931005299091339
accuracy_test/task:	75.12944425267519

Epoch 193
losses_train/task:	0.273390531539917
losses_train/total:	0.273390531539917
losses_test/task:	1.5241608619689941
losses_test/total:	1.5241608619689941
calibration_test/ece:	0.15851590037345886
calibration_test/brier:	0.393342524766922
accuracy_test/task:	75.26751812219537

Epoch 194
losses_train/task:	0.25791046023368835
losses_train/total:	0.25791046023368835
losses_test/task:	1.5145957469940186
losses_test/total:	1.5145957469940186
calibration_test/ece:	0.1578148901462555
calibration_test/brier:	0.3931722044944763
accuracy_test/task:	75.45736969278563

Epoch 195
losses_train/task:	0.25783342123031616
losses_train/total:	0.25783342123031616
losses_test/task:	1.5038952827453613
losses_test/total:	1.5038952827453613
calibration_test/ece:	0.15412122011184692
calibration_test/brier:	0.3884613513946533
accuracy_test/task:	75.47462892647566

Epoch 196
losses_train/task:	0.2675222158432007
losses_train/total:	0.2675222158432007
losses_test/task:	1.5071288347244263
losses_test/total:	1.5071288347244263
calibration_test/ece:	0.15463097393512726
calibration_test/brier:	0.38907188177108765
accuracy_test/task:	75.54366586123577

Epoch 197
losses_train/task:	0.2608678638935089
losses_train/total:	0.2608678638935089
losses_test/task:	1.5202093124389648
losses_test/total:	1.5202093124389648
calibration_test/ece:	0.15236437320709229
calibration_test/brier:	0.39063790440559387
accuracy_test/task:	75.59544356230583

Epoch 198
losses_train/task:	0.2573525905609131
losses_train/total:	0.2573525905609131
losses_test/task:	1.5152889490127563
losses_test/total:	1.5152889490127563
calibration_test/ece:	0.15394940972328186
calibration_test/brier:	0.3893826901912689
accuracy_test/task:	75.54366586123577

Epoch 199
losses_train/task:	0.2755424976348877
losses_train/total:	0.2755424976348877
losses_test/task:	1.5325193405151367
losses_test/total:	1.5325193405151367
calibration_test/ece:	0.15663249790668488
calibration_test/brier:	0.3920108675956726
accuracy_test/task:	75.23299965481533

Epoch 200
losses_train/task:	0.2778054177761078
losses_train/total:	0.2778054177761078
losses_test/task:	1.5248870849609375
losses_test/total:	1.5248870849609375
calibration_train/ece:	0.005225673317909241
calibration_train/brier:	0.07509129494428635
accuracy_train/task:	93.96114864864865
calibration_test/ece:	0.15476740896701813
calibration_test/brier:	0.3921492099761963
accuracy_test/task:	75.3538142906455
accuracy_test/nuisances_task:	-0.1540058392744798
accuracy_test/nuisances_nontask:	0.0
mutual_inf_test/nuisances_task:	0.0012407537314125488
mutual_inf_test/nuisances_nontask:	0.0

Epoch 201
losses_train/task:	0.2727394104003906
losses_train/total:	0.2727394104003906
losses_test/task:	1.5298748016357422
losses_test/total:	1.5298748016357422
calibration_test/ece:	0.151786670088768
calibration_test/brier:	0.3906972110271454
accuracy_test/task:	75.75077666551606

Epoch 202
losses_train/task:	0.23823395371437073
losses_train/total:	0.23823395371437073
losses_test/task:	1.5261671543121338
losses_test/total:	1.5261671543121338
calibration_test/ece:	0.15422001481056213
calibration_test/brier:	0.3911818861961365
accuracy_test/task:	75.50914739385571

Epoch 203
losses_train/task:	0.3020869791507721
losses_train/total:	0.3020869791507721
losses_test/task:	1.5301016569137573
losses_test/total:	1.5301016569137573
calibration_test/ece:	0.15515807271003723
calibration_test/brier:	0.39087727665901184
accuracy_test/task:	75.37107352433551

Epoch 204
losses_train/task:	0.25405070185661316
losses_train/total:	0.25405070185661316
losses_test/task:	1.5297024250030518
losses_test/total:	1.5297024250030518
calibration_test/ece:	0.15232537686824799
calibration_test/brier:	0.38927537202835083
accuracy_test/task:	75.59544356230583

Epoch 205
losses_train/task:	0.2770220935344696
losses_train/total:	0.2770220935344696
losses_test/task:	1.5291721820831299
losses_test/total:	1.5291721820831299
calibration_test/ece:	0.15223652124404907
calibration_test/brier:	0.3892557621002197
accuracy_test/task:	75.75077666551606

Epoch 206
losses_train/task:	0.2450471818447113
losses_train/total:	0.2450471818447113
losses_test/task:	1.5230618715286255
losses_test/total:	1.5230618715286255
calibration_test/ece:	0.1529468148946762
calibration_test/brier:	0.38997307419776917
accuracy_test/task:	75.62996202968588

Epoch 207
losses_train/task:	0.25003764033317566
losses_train/total:	0.25003764033317566
losses_test/task:	1.5215365886688232
losses_test/total:	1.5215365886688232
calibration_test/ece:	0.1531984657049179
calibration_test/brier:	0.3892763555049896
accuracy_test/task:	75.4228512254056

Epoch 208
losses_train/task:	0.2529817521572113
losses_train/total:	0.2529817521572113
losses_test/task:	1.5152642726898193
losses_test/total:	1.5152642726898193
calibration_test/ece:	0.15254555642604828
calibration_test/brier:	0.3892207145690918
accuracy_test/task:	75.50914739385571

Epoch 209
losses_train/task:	0.25563204288482666
losses_train/total:	0.25563204288482666
losses_test/task:	1.5224086046218872
losses_test/total:	1.5224086046218872
calibration_test/ece:	0.15264517068862915
calibration_test/brier:	0.38827595114707947
accuracy_test/task:	75.64722126337591

Epoch 210
losses_train/task:	0.275662899017334
losses_train/total:	0.275662899017334
losses_test/task:	1.5243779420852661
losses_test/total:	1.5243779420852661
calibration_test/ece:	0.15369141101837158
calibration_test/brier:	0.38901638984680176
accuracy_test/task:	75.5781843286158

Epoch 211
losses_train/task:	0.24655412137508392
losses_train/total:	0.24655412137508392
losses_test/task:	1.5239896774291992
losses_test/total:	1.5239896774291992
calibration_test/ece:	0.15267503261566162
calibration_test/brier:	0.38994085788726807
accuracy_test/task:	75.68173973075595

Epoch 212
losses_train/task:	0.26373085379600525
losses_train/total:	0.26373085379600525
losses_test/task:	1.5241258144378662
losses_test/total:	1.5241258144378662
calibration_test/ece:	0.15376880764961243
calibration_test/brier:	0.3902519941329956
accuracy_test/task:	75.56092509492578

Epoch 213
losses_train/task:	0.2635032832622528
losses_train/total:	0.2635032832622528
losses_test/task:	1.5293322801589966
losses_test/total:	1.5293322801589966
calibration_test/ece:	0.1542726457118988
calibration_test/brier:	0.3907882273197174
accuracy_test/task:	75.47462892647566

Epoch 214
losses_train/task:	0.26298749446868896
losses_train/total:	0.26298749446868896
losses_test/task:	1.5080866813659668
losses_test/total:	1.5080866813659668
calibration_test/ece:	0.15018877387046814
calibration_test/brier:	0.3880738615989685
accuracy_test/task:	75.76803589920607

Epoch 215
losses_train/task:	0.25357580184936523
losses_train/total:	0.25357580184936523
losses_test/task:	1.5132560729980469
losses_test/total:	1.5132560729980469
calibration_test/ece:	0.151961088180542
calibration_test/brier:	0.38753384351730347
accuracy_test/task:	75.69899896444598

Epoch 216
losses_train/task:	0.2667320668697357
losses_train/total:	0.2667320668697357
losses_test/task:	1.5114647150039673
losses_test/total:	1.5114647150039673
calibration_test/ece:	0.15312545001506805
calibration_test/brier:	0.38957658410072327
accuracy_test/task:	75.56092509492578

Epoch 217
losses_train/task:	0.24667485058307648
losses_train/total:	0.24667485058307648
losses_test/task:	1.51343834400177
losses_test/total:	1.51343834400177
calibration_test/ece:	0.15280486643314362
calibration_test/brier:	0.3870202302932739
accuracy_test/task:	75.5781843286158

Epoch 218
losses_train/task:	0.25024524331092834
losses_train/total:	0.25024524331092834
losses_test/task:	1.5182299613952637
losses_test/total:	1.5182299613952637
calibration_test/ece:	0.15239599347114563
calibration_test/brier:	0.3892287611961365
accuracy_test/task:	75.66448049706592

Epoch 219
losses_train/task:	0.2462909072637558
losses_train/total:	0.2462909072637558
losses_test/task:	1.5053855180740356
losses_test/total:	1.5053855180740356
calibration_test/ece:	0.15296785533428192
calibration_test/brier:	0.38739290833473206
accuracy_test/task:	75.56092509492578

Epoch 220
losses_train/task:	0.25370344519615173
losses_train/total:	0.25370344519615173
losses_test/task:	1.5168845653533936
losses_test/total:	1.5168845653533936
calibration_test/ece:	0.1541331708431244
calibration_test/brier:	0.3885255455970764
accuracy_test/task:	75.56092509492578

Epoch 221
losses_train/task:	0.249577134847641
losses_train/total:	0.249577134847641
losses_test/task:	1.5165882110595703
losses_test/total:	1.5165882110595703
calibration_test/ece:	0.15334725379943848
calibration_test/brier:	0.38881102204322815
accuracy_test/task:	75.54366586123577

Epoch 222
losses_train/task:	0.262129545211792
losses_train/total:	0.262129545211792
losses_test/task:	1.518170714378357
losses_test/total:	1.518170714378357
calibration_test/ece:	0.1523948311805725
calibration_test/brier:	0.38847142457962036
accuracy_test/task:	75.66448049706592

Epoch 223
losses_train/task:	0.25944066047668457
losses_train/total:	0.25944066047668457
losses_test/task:	1.5177358388900757
losses_test/total:	1.5177358388900757
calibration_test/ece:	0.15412288904190063
calibration_test/brier:	0.388832151889801
accuracy_test/task:	75.56092509492578

Epoch 224
losses_train/task:	0.2283419519662857
losses_train/total:	0.2283419519662857
losses_test/task:	1.5130558013916016
losses_test/total:	1.5130558013916016
calibration_test/ece:	0.15373992919921875
calibration_test/brier:	0.38925790786743164
accuracy_test/task:	75.45736969278563

Epoch 225
losses_train/task:	0.26247167587280273
losses_train/total:	0.26247167587280273
losses_test/task:	1.5185829401016235
losses_test/total:	1.5185829401016235
calibration_test/ece:	0.15455305576324463
calibration_test/brier:	0.38949206471443176
accuracy_test/task:	75.50914739385571

Epoch 226
losses_train/task:	0.2410757839679718
losses_train/total:	0.2410757839679718
losses_test/task:	1.5218396186828613
losses_test/total:	1.5218396186828613
calibration_test/ece:	0.15737378597259521
calibration_test/brier:	0.3904804289340973
accuracy_test/task:	75.2847773558854

Epoch 227
losses_train/task:	0.2544640898704529
losses_train/total:	0.2544640898704529
losses_test/task:	1.5091466903686523
losses_test/total:	1.5091466903686523
calibration_test/ece:	0.1518160104751587
calibration_test/brier:	0.3887616991996765
accuracy_test/task:	75.75077666551606

Epoch 228
losses_train/task:	0.26296013593673706
losses_train/total:	0.26296013593673706
losses_test/task:	1.52204430103302
losses_test/total:	1.52204430103302
calibration_test/ece:	0.15436360239982605
calibration_test/brier:	0.38874486088752747
accuracy_test/task:	75.56092509492578

Epoch 229
losses_train/task:	0.2388029396533966
losses_train/total:	0.2388029396533966
losses_test/task:	1.52646005153656
losses_test/total:	1.52646005153656
calibration_test/ece:	0.1533374786376953
calibration_test/brier:	0.3886434733867645
accuracy_test/task:	75.66448049706592

Epoch 230
losses_train/task:	0.25759992003440857
losses_train/total:	0.25759992003440857
losses_test/task:	1.5129517316818237
losses_test/total:	1.5129517316818237
calibration_test/ece:	0.152862548828125
calibration_test/brier:	0.38741475343704224
accuracy_test/task:	75.66448049706592

Epoch 231
losses_train/task:	0.25729086995124817
losses_train/total:	0.25729086995124817
losses_test/task:	1.5137501955032349
losses_test/total:	1.5137501955032349
calibration_test/ece:	0.1548801064491272
calibration_test/brier:	0.38857951760292053
accuracy_test/task:	75.56092509492578

Epoch 232
losses_train/task:	0.2554682493209839
losses_train/total:	0.2554682493209839
losses_test/task:	1.5069905519485474
losses_test/total:	1.5069905519485474
calibration_test/ece:	0.15388038754463196
calibration_test/brier:	0.38715124130249023
accuracy_test/task:	75.59544356230583

Epoch 233
losses_train/task:	0.24199143052101135
losses_train/total:	0.24199143052101135
losses_test/task:	1.5136712789535522
losses_test/total:	1.5136712789535522
calibration_test/ece:	0.15326648950576782
calibration_test/brier:	0.38855284452438354
accuracy_test/task:	75.66448049706592

Epoch 234
losses_train/task:	0.2726251780986786
losses_train/total:	0.2726251780986786
losses_test/task:	1.5133845806121826
losses_test/total:	1.5133845806121826
calibration_test/ece:	0.15522542595863342
calibration_test/brier:	0.38773661851882935
accuracy_test/task:	75.50914739385571

Epoch 235
losses_train/task:	0.25670063495635986
losses_train/total:	0.25670063495635986
losses_test/task:	1.5064157247543335
losses_test/total:	1.5064157247543335
calibration_test/ece:	0.15166527032852173
calibration_test/brier:	0.3862200975418091
accuracy_test/task:	75.66448049706592

Epoch 236
losses_train/task:	0.277579665184021
losses_train/total:	0.277579665184021
losses_test/task:	1.5046405792236328
losses_test/total:	1.5046405792236328
calibration_test/ece:	0.15262097120285034
calibration_test/brier:	0.3877187967300415
accuracy_test/task:	75.64722126337591

Epoch 237
losses_train/task:	0.25924280285835266
losses_train/total:	0.25924280285835266
losses_test/task:	1.5144308805465698
losses_test/total:	1.5144308805465698
calibration_test/ece:	0.15444988012313843
calibration_test/brier:	0.3892880976200104
accuracy_test/task:	75.47462892647566

Epoch 238
losses_train/task:	0.2683316469192505
losses_train/total:	0.2683316469192505
losses_test/task:	1.5299944877624512
losses_test/total:	1.5299944877624512
calibration_test/ece:	0.1522672027349472
calibration_test/brier:	0.3886781930923462
accuracy_test/task:	75.75077666551606

Epoch 239
losses_train/task:	0.2414165437221527
losses_train/total:	0.2414165437221527
losses_test/task:	1.5170800685882568
losses_test/total:	1.5170800685882568
calibration_test/ece:	0.15476003289222717
calibration_test/brier:	0.3892989158630371
accuracy_test/task:	75.38833275802554

Epoch 240
losses_train/task:	0.2602095901966095
losses_train/total:	0.2602095901966095
losses_test/task:	1.5141350030899048
losses_test/total:	1.5141350030899048
calibration_test/ece:	0.15330377221107483
calibration_test/brier:	0.38853058218955994
accuracy_test/task:	75.54366586123577

Epoch 241
losses_train/task:	0.25879594683647156
losses_train/total:	0.25879594683647156
losses_test/task:	1.5126982927322388
losses_test/total:	1.5126982927322388
calibration_test/ece:	0.1541876196861267
calibration_test/brier:	0.3885436952114105
accuracy_test/task:	75.49188816016569

Epoch 242
losses_train/task:	0.2603978216648102
losses_train/total:	0.2603978216648102
losses_test/task:	1.511000633239746
losses_test/total:	1.511000633239746
calibration_test/ece:	0.15382696688175201
calibration_test/brier:	0.3882681131362915
accuracy_test/task:	75.4228512254056

Epoch 243
losses_train/task:	0.23609425127506256
losses_train/total:	0.23609425127506256
losses_test/task:	1.5097134113311768
losses_test/total:	1.5097134113311768
calibration_test/ece:	0.1529788076877594
calibration_test/brier:	0.38757219910621643
accuracy_test/task:	75.56092509492578

Epoch 244
losses_train/task:	0.23726177215576172
losses_train/total:	0.23726177215576172
losses_test/task:	1.5035256147384644
losses_test/total:	1.5035256147384644
calibration_test/ece:	0.15282712876796722
calibration_test/brier:	0.3874623477458954
accuracy_test/task:	75.52640662754574

Epoch 245
losses_train/task:	0.2483501434326172
losses_train/total:	0.2483501434326172
losses_test/task:	1.5236380100250244
losses_test/total:	1.5236380100250244
calibration_test/ece:	0.1541079580783844
calibration_test/brier:	0.38971051573753357
accuracy_test/task:	75.44011045909562

Epoch 246
losses_train/task:	0.23248600959777832
losses_train/total:	0.23248600959777832
losses_test/task:	1.5110787153244019
losses_test/total:	1.5110787153244019
calibration_test/ece:	0.15329386293888092
calibration_test/brier:	0.3877141773700714
accuracy_test/task:	75.54366586123577

Epoch 247
losses_train/task:	0.24084050953388214
losses_train/total:	0.24084050953388214
losses_test/task:	1.513306736946106
losses_test/total:	1.513306736946106
calibration_test/ece:	0.15567824244499207
calibration_test/brier:	0.38758930563926697
accuracy_test/task:	75.25025888850536

Epoch 248
losses_train/task:	0.23262958228588104
losses_train/total:	0.23262958228588104
losses_test/task:	1.4943394660949707
losses_test/total:	1.4943394660949707
calibration_test/ece:	0.15293054282665253
calibration_test/brier:	0.38542991876602173
accuracy_test/task:	75.52640662754574

Epoch 249
losses_train/task:	0.23874196410179138
losses_train/total:	0.23874196410179138
losses_test/task:	1.5178848505020142
losses_test/total:	1.5178848505020142
calibration_test/ece:	0.15470030903816223
calibration_test/brier:	0.3882899880409241
accuracy_test/task:	75.4228512254056

Epoch 250
losses_train/task:	0.2471758872270584
losses_train/total:	0.2471758872270584
losses_test/task:	1.5229631662368774
losses_test/total:	1.5229631662368774
calibration_train/ece:	0.008480777032673359
calibration_train/brier:	0.06287209689617157
accuracy_train/task:	95.08023648648648
calibration_test/ece:	0.1544305682182312
calibration_test/brier:	0.38853055238723755
accuracy_test/task:	75.45736969278563
accuracy_test/nuisances_task:	-0.17896533012390137
accuracy_test/nuisances_nontask:	0.0
mutual_inf_test/nuisances_task:	-0.00043904340162580576
mutual_inf_test/nuisances_nontask:	0.0

epoch_250.pt
Skipping interventions: model 'vanilla' is not intervenable
[1;34mwandb[0m:
[1;34mwandb[0m: You can sync this run to the cloud by running:
[1;34mwandb[0m: [1mwandb sync /research/hal-afsharim/minimal_cbm/results/cub12-vanilla/42/wandb/offline-run-20260725_103728-n625pw82[0m
[1;34mwandb[0m: Find logs at: [1;35mresults/cub12-vanilla/42/wandb/offline-run-20260725_103728-n625pw82/logs[0m
