
===== launch 2026-07-25 21:53:09.592457 gpu0 =====
wandb: Using wandb-core as the SDK backend.  Please refer to https://wandb.me/wandb-core for more information.
wandb: Tracking run with wandb version 0.19.0
wandb: W&B syncing is set to `offline` in this directory.  
wandb: Run `wandb online` or set WANDB_MODE=online to enable cloud syncing.
Epoch 1
losses_train/task:	1.6664620637893677
losses_train/concepts:	1.8907954692840576
losses_train/total:	3.5572543144226074
losses_test/task:	1.6506179571151733
losses_test/concepts:	2.756063222885132
losses_test/total:	4.406678676605225
calibration_test/ece:	0.04962697625160217
calibration_test/brier:	0.7890360355377197
accuracy_test/task:	27.57175925925926
accuracy_test/concepts:	95.30010223388672
map_test/concepts:	0.9809880086353847

Epoch 2
losses_train/task:	1.350790023803711
losses_train/concepts:	0.3935733437538147
losses_train/total:	1.7443650960922241
losses_test/task:	1.2067363262176514
losses_test/concepts:	0.3604819178581238
losses_test/total:	1.5672190189361572
calibration_test/ece:	0.06305386126041412
calibration_test/brier:	0.6336612701416016
accuracy_test/task:	47.21527777777778
accuracy_test/concepts:	99.01007080078125
map_test/concepts:	0.999318139893668

Epoch 3
losses_train/task:	0.7808604836463928
losses_train/concepts:	0.1640719622373581
losses_train/total:	0.9449319243431091
losses_test/task:	3.053372859954834
losses_test/concepts:	5.324075698852539
losses_test/total:	8.377448081970215
calibration_test/ece:	0.4041752219200134
calibration_test/brier:	0.9933189749717712
accuracy_test/task:	32.914351851851855
accuracy_test/concepts:	94.20716857910156
map_test/concepts:	0.9972447923251561

Epoch 4
losses_train/task:	0.4723082184791565
losses_train/concepts:	0.07572748512029648
losses_train/total:	0.5480362772941589
losses_test/task:	0.6564120650291443
losses_test/concepts:	0.05523908510804176
losses_test/total:	0.7116509079933167
calibration_test/ece:	0.09833690524101257
calibration_test/brier:	0.36420711874961853
accuracy_test/task:	74.38888888888889
accuracy_test/concepts:	99.8945083618164
map_test/concepts:	0.9998898165566581

Epoch 5
losses_train/task:	0.34272241592407227
losses_train/concepts:	0.054073359817266464
losses_train/total:	0.3967956304550171
losses_test/task:	1.0498026609420776
losses_test/concepts:	0.2586689889431
losses_test/total:	1.3084710836410522
calibration_test/ece:	0.1818709522485733
calibration_test/brier:	0.5247090458869934
accuracy_test/task:	64.86574074074075
accuracy_test/concepts:	99.46196746826172
map_test/concepts:	0.999895338501249

Epoch 6
losses_train/task:	0.23962822556495667
losses_train/concepts:	0.03164951130747795
losses_train/total:	0.27127787470817566
losses_test/task:	0.16868919134140015
losses_test/concepts:	0.021416770294308662
losses_test/total:	0.19010595977306366
calibration_test/ece:	0.018900442868471146
calibration_test/brier:	0.09454645961523056
accuracy_test/task:	93.76620370370371
accuracy_test/concepts:	99.96825408935547
map_test/concepts:	0.9999033382960728

Epoch 7
losses_train/task:	0.1825941652059555
losses_train/concepts:	0.022638972848653793
losses_train/total:	0.20523309707641602
losses_test/task:	0.4480942189693451
losses_test/concepts:	0.1385161131620407
losses_test/total:	0.5866102576255798
calibration_test/ece:	0.04623743146657944
calibration_test/brier:	0.22662155330181122
accuracy_test/task:	84.8125
accuracy_test/concepts:	99.70915222167969
map_test/concepts:	0.9998692699841091

Epoch 8
losses_train/task:	0.15993815660476685
losses_train/concepts:	0.02225854992866516
losses_train/total:	0.18219661712646484
losses_test/task:	0.4410368800163269
losses_test/concepts:	0.03412434086203575
losses_test/total:	0.4751615822315216
calibration_test/ece:	0.06678208708763123
calibration_test/brier:	0.2398604303598404
accuracy_test/task:	83.90972222222223
accuracy_test/concepts:	99.96312713623047
map_test/concepts:	0.9999018566949027

Epoch 9
losses_train/task:	0.13633589446544647
losses_train/concepts:	0.01708260364830494
losses_train/total:	0.1534186452627182
losses_test/task:	0.8755401968955994
losses_test/concepts:	0.12059720605611801
losses_test/total:	0.996137261390686
calibration_test/ece:	0.1560019850730896
calibration_test/brier:	0.4067273437976837
accuracy_test/task:	73.45833333333333
accuracy_test/concepts:	99.77429962158203
map_test/concepts:	0.999892566885267

Epoch 10
losses_train/task:	0.10294412821531296
losses_train/concepts:	0.012617360800504684
losses_train/total:	0.1155615821480751
losses_test/task:	0.11232113093137741
losses_test/concepts:	0.0056178686209023
losses_test/total:	0.11793897300958633
calibration_train/ece:	0.0038590284530073404
calibration_train/brier:	0.05798720568418503
accuracy_train/task:	96.02427124505928
calibration_test/ece:	0.004502945579588413
calibration_test/brier:	0.06591814756393433
accuracy_test/task:	95.47453703703704
accuracy_train/concepts:	99.99459075927734
map_train/concepts:	0.9999680093356541
accuracy_test/concepts:	99.9940414428711
map_test/concepts:	0.9999040748391833
accuracy_test/nuisances_task:	28.703702613711357
accuracy_test/nuisances_nontask:	7.25925900042057
mutual_inf_test/nuisances_task:	0.43795245781145975
mutual_inf_test/nuisances_nontask:	0.1559276236455518

Epoch 11
losses_train/task:	0.10297451168298721
losses_train/concepts:	0.015159658156335354
losses_train/total:	0.11813414841890335
losses_test/task:	0.08032216131687164
losses_test/concepts:	0.008333735167980194
losses_test/total:	0.08865590393543243
calibration_test/ece:	0.007556854747235775
calibration_test/brier:	0.043785616755485535
accuracy_test/task:	97.21296296296296
accuracy_test/concepts:	99.98726654052734
map_test/concepts:	0.9999038704804012

Epoch 12
losses_train/task:	0.07212985306978226
losses_train/concepts:	0.007080806884914637
losses_train/total:	0.07921069860458374
losses_test/task:	0.12482765316963196
losses_test/concepts:	0.012725015170872211
losses_test/total:	0.13755258917808533
calibration_test/ece:	0.007428894750773907
calibration_test/brier:	0.06874225288629532
accuracy_test/task:	95.50462962962963
accuracy_test/concepts:	99.97834014892578
map_test/concepts:	0.9999034404754639

Epoch 13
losses_train/task:	0.07410216331481934
losses_train/concepts:	0.01019784901291132
losses_train/total:	0.08430001884698868
losses_test/task:	0.11683593690395355
losses_test/concepts:	0.006499065551906824
losses_test/total:	0.12333495169878006
calibration_test/ece:	0.012367671355605125
calibration_test/brier:	0.06321951746940613
accuracy_test/task:	95.87037037037037
accuracy_test/concepts:	99.99222564697266
map_test/concepts:	0.999904032264437

Epoch 14
losses_train/task:	0.05699750781059265
losses_train/concepts:	0.007867300882935524
losses_train/total:	0.06486483663320541
losses_test/task:	0.061164889484643936
losses_test/concepts:	0.003721577813848853
losses_test/total:	0.0648864209651947
calibration_test/ece:	0.001101926201954484
calibration_test/brier:	0.03360259532928467
accuracy_test/task:	97.82638888888889
accuracy_test/concepts:	99.9963607788086
map_test/concepts:	0.9999040876116071

Epoch 15
losses_train/task:	0.058453913778066635
losses_train/concepts:	0.008058755658566952
losses_train/total:	0.06651269644498825
losses_test/task:	0.22628922760486603
losses_test/concepts:	0.025082241743803024
losses_test/total:	0.2513715922832489
calibration_test/ece:	0.03852253407239914
calibration_test/brier:	0.12345917522907257
accuracy_test/task:	91.97222222222223
accuracy_test/concepts:	99.93915557861328
map_test/concepts:	0.9999033723558698

Epoch 16
losses_train/task:	0.0449073500931263
losses_train/concepts:	0.00450850510969758
losses_train/total:	0.04941586032509804
losses_test/task:	0.0893639475107193
losses_test/concepts:	0.005781346466392279
losses_test/total:	0.09514528512954712
calibration_test/ece:	0.008533546701073647
calibration_test/brier:	0.04951230809092522
accuracy_test/task:	96.7199074074074
accuracy_test/concepts:	99.99222564697266
map_test/concepts:	0.9999040024621146

Epoch 17
losses_train/task:	0.04996134340763092
losses_train/concepts:	0.006189217325299978
losses_train/total:	0.05615054443478584
losses_test/task:	0.11571703851222992
losses_test/concepts:	0.006316923536360264
losses_test/total:	0.12203389406204224
calibration_test/ece:	0.014028964564204216
calibration_test/brier:	0.06608456373214722
accuracy_test/task:	95.55324074074075
accuracy_test/concepts:	99.99405670166016
map_test/concepts:	0.9999036363192967

Epoch 18
losses_train/task:	0.03447558730840683
losses_train/concepts:	0.0048512984067201614
losses_train/total:	0.03932686150074005
losses_test/task:	0.6947312951087952
losses_test/concepts:	0.05674721673130989
losses_test/total:	0.7514778971672058
calibration_test/ece:	0.12358444929122925
calibration_test/brier:	0.28997084498405457
accuracy_test/task:	82.50462962962963
accuracy_test/concepts:	99.88623809814453
map_test/concepts:	0.9998788493020194

Epoch 19
losses_train/task:	0.04970388114452362
losses_train/concepts:	0.007580362726002932
losses_train/total:	0.05728423222899437
losses_test/task:	0.2093840390443802
losses_test/concepts:	0.008544820360839367
losses_test/total:	0.21792878210544586
calibration_test/ece:	0.03148452937602997
calibration_test/brier:	0.10975849628448486
accuracy_test/task:	92.95138888888889
accuracy_test/concepts:	99.98709869384766
map_test/concepts:	0.9999037895883832

Epoch 20
losses_train/task:	0.03006286732852459
losses_train/concepts:	0.003762309206649661
losses_train/total:	0.033825188875198364
losses_test/task:	0.016854064539074898
losses_test/concepts:	0.0015489007346332073
losses_test/total:	0.018402956426143646
calibration_train/ece:	0.0034522286150604486
calibration_train/brier:	0.005266015417873859
accuracy_train/task:	99.68194169960475
calibration_test/ece:	0.0033255857415497303
calibration_test/brier:	0.008742568083107471
accuracy_test/task:	99.45370370370371
accuracy_train/concepts:	100.0
map_train/concepts:	0.9999680135931287
accuracy_test/concepts:	99.99884033203125
map_test/concepts:	0.9999040961265564
accuracy_test/nuisances_task:	29.615740850567818
accuracy_test/nuisances_nontask:	7.601851783692837
mutual_inf_test/nuisances_task:	0.44845782568229997
mutual_inf_test/nuisances_nontask:	0.1741457876105693

Epoch 21
losses_train/task:	0.009333183988928795
losses_train/concepts:	0.0013446009252220392
losses_train/total:	0.010677783749997616
losses_test/task:	0.005709866527467966
losses_test/concepts:	0.0010091797448694706
losses_test/total:	0.006719047669321299
calibration_test/ece:	0.0028718539979308844
calibration_test/brier:	0.0023044636473059654
accuracy_test/task:	99.87268518518519
accuracy_test/concepts:	99.99900817871094
map_test/concepts:	0.999904100384031

Epoch 22
losses_train/task:	0.00703668687492609
losses_train/concepts:	0.0011893425835296512
losses_train/total:	0.008226035162806511
losses_test/task:	0.005266666412353516
losses_test/concepts:	0.0008471464389003813
losses_test/total:	0.006113809999078512
calibration_test/ece:	0.0029055385384708643
calibration_test/brier:	0.0020935034845024347
accuracy_test/task:	99.88194444444444
accuracy_test/concepts:	99.99933624267578
map_test/concepts:	0.9999040961265564

Epoch 23
losses_train/task:	0.005965740419924259
losses_train/concepts:	0.001000091666355729
losses_train/total:	0.00696583604440093
losses_test/task:	0.004784401040524244
losses_test/concepts:	0.0007532841409556568
losses_test/total:	0.0055376868695020676
calibration_test/ece:	0.0024503867607563734
calibration_test/brier:	0.0019145841943100095
accuracy_test/task:	99.88657407407408
accuracy_test/concepts:	99.99950408935547
map_test/concepts:	0.9999040961265564

Epoch 24
losses_train/task:	0.005686400458216667
losses_train/concepts:	0.0010366227943450212
losses_train/total:	0.0067230165004730225
losses_test/task:	0.004444352351129055
losses_test/concepts:	0.0007086164550855756
losses_test/total:	0.0051529682241380215
calibration_test/ece:	0.0023192157968878746
calibration_test/brier:	0.001799143385142088
accuracy_test/task:	99.9050925925926
accuracy_test/concepts:	99.99933624267578
map_test/concepts:	0.9999040961265564

Epoch 25
losses_train/task:	0.005688813980668783
losses_train/concepts:	0.0009506436181254685
losses_train/total:	0.006639454513788223
losses_test/task:	0.004439037758857012
losses_test/concepts:	0.0006730136228725314
losses_test/total:	0.005112050101161003
calibration_test/ece:	0.0021735935006290674
calibration_test/brier:	0.0018496079137548804
accuracy_test/task:	99.89120370370371
accuracy_test/concepts:	99.99950408935547
map_test/concepts:	0.9999040961265564

Epoch 26
losses_train/task:	0.0051910472102463245
losses_train/concepts:	0.0009577741730026901
losses_train/total:	0.006148823536932468
losses_test/task:	0.004157794639468193
losses_test/concepts:	0.0007234131335280836
losses_test/total:	0.004881208762526512
calibration_test/ece:	0.002205504337325692
calibration_test/brier:	0.0016702990978956223
accuracy_test/task:	99.9074074074074
accuracy_test/concepts:	99.99933624267578
map_test/concepts:	0.9999040961265564

Epoch 27
losses_train/task:	0.005244451109319925
losses_train/concepts:	0.0009347426821477711
losses_train/total:	0.00617919210344553
losses_test/task:	0.004332754295319319
losses_test/concepts:	0.0006885550101287663
losses_test/total:	0.005021308548748493
calibration_test/ece:	0.002109093125909567
calibration_test/brier:	0.0018201764905825257
accuracy_test/task:	99.89814814814815
accuracy_test/concepts:	99.99950408935547
map_test/concepts:	0.9999040961265564

Epoch 28
losses_train/task:	0.004930838011205196
losses_train/concepts:	0.0009179272456094623
losses_train/total:	0.005848764907568693
losses_test/task:	0.004039159044623375
losses_test/concepts:	0.0007315114489756525
losses_test/total:	0.00477067194879055
calibration_test/ece:	0.002071322873234749
calibration_test/brier:	0.0016152975149452686
accuracy_test/task:	99.9050925925926
accuracy_test/concepts:	99.99933624267578
map_test/concepts:	0.9999040961265564

Epoch 29
losses_train/task:	0.004892602562904358
losses_train/concepts:	0.000890955445356667
losses_train/total:	0.005783556494861841
losses_test/task:	0.004992048721760511
losses_test/concepts:	0.0007518401253037155
losses_test/total:	0.005743891932070255
calibration_test/ece:	0.0023531056940555573
calibration_test/brier:	0.002179789822548628
accuracy_test/task:	99.88657407407408
accuracy_test/concepts:	99.99933624267578
map_test/concepts:	0.9999040961265564

Epoch 30
losses_train/task:	0.004926004912704229
losses_train/concepts:	0.0008711574482731521
losses_train/total:	0.005797163117676973
losses_test/task:	0.0036781628150492907
losses_test/concepts:	0.0006130486144684255
losses_test/total:	0.004291213117539883
calibration_train/ece:	0.0010568369179964066
calibration_train/brier:	0.0002098548720823601
accuracy_train/task:	99.99305212450592
calibration_test/ece:	0.0019104216480627656
calibration_test/brier:	0.0014653084799647331
accuracy_test/task:	99.91666666666667
accuracy_train/concepts:	100.0
map_train/concepts:	0.9999680433954511
accuracy_test/concepts:	99.99950408935547
map_test/concepts:	0.9999040961265564
accuracy_test/nuisances_task:	28.37268505245447
accuracy_test/nuisances_nontask:	6.814814917743206
mutual_inf_test/nuisances_task:	0.434606334674262
mutual_inf_test/nuisances_nontask:	0.15949366800055775

Epoch 31
losses_train/task:	0.004565600771456957
losses_train/concepts:	0.0008772314176894724
losses_train/total:	0.005442833993583918
losses_test/task:	0.003632007399573922
losses_test/concepts:	0.0007382167968899012
losses_test/total:	0.004370223730802536
calibration_test/ece:	0.0019905418157577515
calibration_test/brier:	0.0014031169703230262
accuracy_test/task:	99.92824074074075
accuracy_test/concepts:	99.99933624267578
map_test/concepts:	0.9999040961265564

Epoch 32
losses_train/task:	0.004668790381401777
losses_train/concepts:	0.0009714651969261467
losses_train/total:	0.0056402613408863544
losses_test/task:	0.003871880704537034
losses_test/concepts:	0.0006760623073205352
losses_test/total:	0.004547944292426109
calibration_test/ece:	0.001973864156752825
calibration_test/brier:	0.0016138744540512562
accuracy_test/task:	99.92361111111111
accuracy_test/concepts:	99.99933624267578
map_test/concepts:	0.9999040961265564

Epoch 33
losses_train/task:	0.004315822850912809
losses_train/concepts:	0.000814815575722605
losses_train/total:	0.00513063557446003
losses_test/task:	0.0033249566331505775
losses_test/concepts:	0.0006777257076464593
losses_test/total:	0.004002681467682123
calibration_test/ece:	0.0017883003456518054
calibration_test/brier:	0.0013236028607934713
accuracy_test/task:	99.92592592592592
accuracy_test/concepts:	99.9991683959961
map_test/concepts:	0.9999040961265564

Epoch 34
losses_train/task:	0.0043900529853999615
losses_train/concepts:	0.0007611411274410784
losses_train/total:	0.005151195917278528
losses_test/task:	0.0037012025713920593
losses_test/concepts:	0.0006756804068572819
losses_test/total:	0.004376881755888462
calibration_test/ece:	0.001884613768197596
calibration_test/brier:	0.0015068919165059924
accuracy_test/task:	99.92129629629629
accuracy_test/concepts:	99.99933624267578
map_test/concepts:	0.9999040961265564

Epoch 35
losses_train/task:	0.0042015486396849155
losses_train/concepts:	0.0007896842435002327
losses_train/total:	0.00499122915789485
losses_test/task:	0.0034177266061306
losses_test/concepts:	0.0006931054522283375
losses_test/total:	0.004110833164304495
calibration_test/ece:	0.001808997243642807
calibration_test/brier:	0.0013468654360622168
accuracy_test/task:	99.92592592592592
accuracy_test/concepts:	99.9991683959961
map_test/concepts:	0.9999040961265564

Epoch 36
losses_train/task:	0.004129357635974884
losses_train/concepts:	0.0008025150746107101
losses_train/total:	0.004931873641908169
losses_test/task:	0.0031453336123377085
losses_test/concepts:	0.0006147732492536306
losses_test/total:	0.00376010756008327
calibration_test/ece:	0.0018472438678145409
calibration_test/brier:	0.0011651440290734172
accuracy_test/task:	99.93981481481481
accuracy_test/concepts:	99.99950408935547
map_test/concepts:	0.9999040961265564

Epoch 37
losses_train/task:	0.003764885710552335
losses_train/concepts:	0.0007918527699075639
losses_train/total:	0.004556739237159491
losses_test/task:	0.0036142589524388313
losses_test/concepts:	0.0006486724596470594
losses_test/total:	0.004262932576239109
calibration_test/ece:	0.0017760701011866331
calibration_test/brier:	0.001507987966760993
accuracy_test/task:	99.92361111111111
accuracy_test/concepts:	99.99933624267578
map_test/concepts:	0.9999040961265564

Epoch 38
losses_train/task:	0.0036289978306740522
losses_train/concepts:	0.0007651911582797766
losses_train/total:	0.004394190851598978
losses_test/task:	0.0035646071191877127
losses_test/concepts:	0.000733318505808711
losses_test/total:	0.004297923296689987
calibration_test/ece:	0.001883510034531355
calibration_test/brier:	0.001437392900697887
accuracy_test/task:	99.93518518518519
accuracy_test/concepts:	99.99933624267578
map_test/concepts:	0.9999040961265564

Epoch 39
losses_train/task:	0.0039933715015649796
losses_train/concepts:	0.0007946497644297779
losses_train/total:	0.004788018297404051
losses_test/task:	0.003020392032340169
losses_test/concepts:	0.0006073164404369891
losses_test/total:	0.003627708414569497
calibration_test/ece:	0.0018658607732504606
calibration_test/brier:	0.0011471266625449061
accuracy_test/task:	99.94675925925925
accuracy_test/concepts:	99.99933624267578
map_test/concepts:	0.9999040961265564

Epoch 40
losses_train/task:	0.004016738384962082
losses_train/concepts:	0.0007558052311651409
losses_train/total:	0.004772542975842953
losses_test/task:	0.0034583976957947016
losses_test/concepts:	0.0006415479001589119
losses_test/total:	0.004099947400391102
calibration_train/ece:	0.0008659711456857622
calibration_train/brier:	0.00013466028030961752
accuracy_train/task:	99.99768404150197
calibration_test/ece:	0.001566003542393446
calibration_test/brier:	0.0014726697700098157
accuracy_test/task:	99.91203703703704
accuracy_train/concepts:	100.0
map_train/concepts:	0.9999680093356541
accuracy_test/concepts:	99.9991683959961
map_test/concepts:	0.9999040961265564
accuracy_test/nuisances_task:	29.071759060025215
accuracy_test/nuisances_nontask:	6.756944581866264
mutual_inf_test/nuisances_task:	0.44013459671288724
mutual_inf_test/nuisances_nontask:	0.15557212250580776

Epoch 41
losses_train/task:	0.003205632558092475
losses_train/concepts:	0.0007504954119212925
losses_train/total:	0.003956128377467394
losses_test/task:	0.0027415009681135416
losses_test/concepts:	0.0006256821216084063
losses_test/total:	0.003367180936038494
calibration_test/ece:	0.0016670709010213614
calibration_test/brier:	0.0010163314873352647
accuracy_test/task:	99.95370370370371
accuracy_test/concepts:	99.99933624267578
map_test/concepts:	0.9999040961265564

Epoch 42
losses_train/task:	0.003203467233106494
losses_train/concepts:	0.0007433044956997037
losses_train/total:	0.00394676998257637
losses_test/task:	0.0027510561048984528
losses_test/concepts:	0.0006058397702872753
losses_test/total:	0.0033568970393389463
calibration_test/ece:	0.0016106433467939496
calibration_test/brier:	0.0010094825411215425
accuracy_test/task:	99.94675925925925
accuracy_test/concepts:	99.99950408935547
map_test/concepts:	0.9999040961265564

Epoch 43
losses_train/task:	0.0030174783896654844
losses_train/concepts:	0.0008021020330488682
losses_train/total:	0.0038195776287466288
losses_test/task:	0.00277785980142653
losses_test/concepts:	0.0006446726038120687
losses_test/total:	0.003422531532123685
calibration_test/ece:	0.0015856457175686955
calibration_test/brier:	0.0010228317696601152
accuracy_test/task:	99.94675925925925
accuracy_test/concepts:	99.99933624267578
map_test/concepts:	0.9999040961265564

Epoch 44
losses_train/task:	0.002980133518576622
losses_train/concepts:	0.0007368585211224854
losses_train/total:	0.003716995706781745
losses_test/task:	0.0032258888240903616
losses_test/concepts:	0.0006609956035390496
losses_test/total:	0.0038868847768753767
calibration_test/ece:	0.0016146558336913586
calibration_test/brier:	0.001328759826719761
accuracy_test/task:	99.93055555555556
accuracy_test/concepts:	99.99933624267578
map_test/concepts:	0.9999040961265564

Epoch 45
losses_train/task:	0.0034557338804006577
losses_train/concepts:	0.0007716253749094903
losses_train/total:	0.004227357916533947
losses_test/task:	0.002802633447572589
losses_test/concepts:	0.0006352124037221074
losses_test/total:	0.0034378438722342253
calibration_test/ece:	0.0016700511332601309
calibration_test/brier:	0.0010294014355167747
accuracy_test/task:	99.95601851851852
accuracy_test/concepts:	99.99933624267578
map_test/concepts:	0.9999040961265564

Epoch 46
losses_train/task:	0.0032490957528352737
losses_train/concepts:	0.0007537074852734804
losses_train/total:	0.004002799745649099
losses_test/task:	0.002889892552047968
losses_test/concepts:	0.0006063478067517281
losses_test/total:	0.0034962405916303396
calibration_test/ece:	0.0015823413850739598
calibration_test/brier:	0.001106976647861302
accuracy_test/task:	99.94212962962963
accuracy_test/concepts:	99.99950408935547
map_test/concepts:	0.9999040961265564

Epoch 47
losses_train/task:	0.0030156420543789864
losses_train/concepts:	0.0007352627580985427
losses_train/total:	0.0037509046960622072
losses_test/task:	0.002705630613490939
losses_test/concepts:	0.0006110494723543525
losses_test/total:	0.003316678572446108
calibration_test/ece:	0.0016198938246816397
calibration_test/brier:	0.0009951621759682894
accuracy_test/task:	99.95138888888889
accuracy_test/concepts:	99.99950408935547
map_test/concepts:	0.9999040961265564

Epoch 48
losses_train/task:	0.0029518159572035074
losses_train/concepts:	0.0007522923406213522
losses_train/total:	0.0037041129544377327
losses_test/task:	0.00271163834258914
losses_test/concepts:	0.0006063784239813685
losses_test/total:	0.0033180166501551867
calibration_test/ece:	0.0017019459046423435
calibration_test/brier:	0.0010150684975087643
accuracy_test/task:	99.93981481481481
accuracy_test/concepts:	99.99950408935547
map_test/concepts:	0.9999040961265564

Epoch 49
losses_train/task:	0.0029109460301697254
losses_train/concepts:	0.0007034753798507154
losses_train/total:	0.0036144210025668144
losses_test/task:	0.002861538203433156
losses_test/concepts:	0.0005851133028045297
losses_test/total:	0.0034466530196368694
calibration_test/ece:	0.001694892649538815
calibration_test/brier:	0.0011033326154574752
accuracy_test/task:	99.9375
accuracy_test/concepts:	99.99933624267578
map_test/concepts:	0.9999040961265564

Epoch 50
losses_train/task:	0.003097069449722767
losses_train/concepts:	0.0007314870017580688
losses_train/total:	0.003828558372333646
losses_test/task:	0.002871898701414466
losses_test/concepts:	0.0006078312289901078
losses_test/total:	0.0034797308035194874
calibration_train/ece:	0.000733770604711026
calibration_train/brier:	9.428325574845076e-05
accuracy_train/task:	99.99691205533597
calibration_test/ece:	0.001565747894346714
calibration_test/brier:	0.001102419919334352
accuracy_test/task:	99.9375
accuracy_train/concepts:	100.0
map_train/concepts:	0.9999680178506034
accuracy_test/concepts:	99.99933624267578
map_test/concepts:	0.9999040961265564
accuracy_test/nuisances_task:	28.40972263365984
accuracy_test/nuisances_nontask:	6.699074059724808
mutual_inf_test/nuisances_task:	0.441463646073711
mutual_inf_test/nuisances_nontask:	0.15655606454487803

epoch_50.pt
Skipping interventions: model 'cem' is not intervenable
[1;34mwandb[0m:
[1;34mwandb[0m: You can sync this run to the cloud by running:
[1;34mwandb[0m: [1mwandb sync /research/hal-afsharim/minimal_cbm/results/mpi3d-cem/44/wandb/offline-run-20260725_215313-170h6m7x[0m
[1;34mwandb[0m: Find logs at: [1;35mresults/mpi3d-cem/44/wandb/offline-run-20260725_215313-170h6m7x/logs[0m
