
===== launch 2026-07-25 19:55:14.496357 gpu4 =====
wandb: Using wandb-core as the SDK backend.  Please refer to https://wandb.me/wandb-core for more information.
wandb: Tracking run with wandb version 0.19.0
wandb: W&B syncing is set to `offline` in this directory.  
wandb: Run `wandb online` or set WANDB_MODE=online to enable cloud syncing.
Epoch 1
losses_train/task:	1.7064208984375
losses_train/concepts:	2.322354316711426
losses_train/representations:	3.0518698692321777
losses_train/total:	13.184380531311035
losses_test/task:	1.6925773620605469
losses_test/concepts:	0.6470373272895813
losses_test/representations:	1.9337539672851562
losses_test/total:	8.140873908996582
calibration_test/ece:	0.0269688181579113
calibration_test/brier:	0.8014145493507385
accuracy_test/task:	25.85185185185185
accuracy_test/concepts:	98.35846710205078
map_test/concepts:	0.9947475918701717

Epoch 2
losses_train/task:	1.7306023836135864
losses_train/concepts:	0.5978458523750305
losses_train/representations:	1.015740990638733
losses_train/total:	5.375668525695801
losses_test/task:	1.706588625907898
losses_test/concepts:	0.2171078324317932
losses_test/representations:	0.7119069695472717
losses_test/total:	4.059414863586426
calibration_test/ece:	0.030885960906744003
calibration_test/brier:	0.8048768639564514
accuracy_test/task:	27.599537037037038
accuracy_test/concepts:	99.51984405517578
map_test/concepts:	0.999567585332053

Epoch 3
losses_train/task:	1.7543302774429321
losses_train/concepts:	0.3243780732154846
losses_train/representations:	0.4941929280757904
losses_train/total:	3.5612874031066895
losses_test/task:	1.735894799232483
losses_test/concepts:	0.12325354665517807
losses_test/representations:	0.417451411485672
losses_test/total:	3.1115028858184814
calibration_test/ece:	0.02766764909029007
calibration_test/brier:	0.814296305179596
accuracy_test/task:	25.91435185185185
accuracy_test/concepts:	99.79084014892578
map_test/concepts:	0.9997834052358355

Epoch 4
losses_train/task:	1.7631818056106567
losses_train/concepts:	0.19190871715545654
losses_train/representations:	0.23240025341510773
losses_train/total:	2.6522912979125977
losses_test/task:	1.7463908195495605
losses_test/concepts:	0.05811013653874397
losses_test/representations:	0.18881842494010925
losses_test/total:	2.3709561824798584
calibration_test/ece:	0.015608163550496101
calibration_test/brier:	0.8181905746459961
accuracy_test/task:	24.125
accuracy_test/concepts:	99.92130279541016
map_test/concepts:	0.9998422861099243

Epoch 5
losses_train/task:	1.7625735998153687
losses_train/concepts:	0.1460724025964737
losses_train/representations:	0.1437738835811615
losses_train/total:	2.3399665355682373
losses_test/task:	1.745895504951477
losses_test/concepts:	0.01957554556429386
losses_test/representations:	0.0811285749077797
losses_test/total:	2.008857250213623
calibration_test/ece:	0.014811924658715725
calibration_test/brier:	0.818095326423645
accuracy_test/task:	24.203703703703702
accuracy_test/concepts:	99.99073791503906
map_test/concepts:	0.9999032148293087

Epoch 6
losses_train/task:	1.7614625692367554
losses_train/concepts:	0.12322220951318741
losses_train/representations:	0.0928642526268959
losses_train/total:	2.1632766723632812
losses_test/task:	1.7496092319488525
losses_test/concepts:	0.04511840641498566
losses_test/representations:	0.20170755684375763
losses_test/total:	2.399850368499756
calibration_test/ece:	0.010213466361165047
calibration_test/brier:	0.8189438581466675
accuracy_test/task:	24.287037037037038
accuracy_test/concepts:	99.93402862548828
map_test/concepts:	0.9998481018202645

Epoch 7
losses_train/task:	1.7596771717071533
losses_train/concepts:	0.11994891613721848
losses_train/representations:	0.08831028640270233
losses_train/total:	2.1445562839508057
losses_test/task:	1.7461737394332886
losses_test/concepts:	0.017559099942445755
losses_test/representations:	0.07630346715450287
losses_test/total:	1.9926425218582153
calibration_test/ece:	0.008693218231201172
calibration_test/brier:	0.8179849982261658
accuracy_test/task:	24.458333333333332
accuracy_test/concepts:	99.984619140625
map_test/concepts:	0.9998938356127057

Epoch 8
losses_train/task:	1.7589128017425537
losses_train/concepts:	0.09925996512174606
losses_train/representations:	0.04904184117913246
losses_train/total:	2.005298376083374
losses_test/task:	1.7422621250152588
losses_test/concepts:	0.012915086932480335
losses_test/representations:	0.04265609756112099
losses_test/total:	1.8831450939178467
calibration_test/ece:	0.008610289543867111
calibration_test/brier:	0.8168303370475769
accuracy_test/task:	24.46527777777778
accuracy_test/concepts:	99.99140167236328
map_test/concepts:	0.9999031509671893

Epoch 9
losses_train/task:	1.7573349475860596
losses_train/concepts:	0.10020016878843307
losses_train/representations:	0.050290580838918686
losses_train/total:	2.0084080696105957
losses_test/task:	1.7431426048278809
losses_test/concepts:	0.046963103115558624
losses_test/representations:	0.10502014309167862
losses_test/total:	2.1051652431488037
calibration_test/ece:	0.005537638906389475
calibration_test/brier:	0.8170779347419739
accuracy_test/task:	24.395833333333332
accuracy_test/concepts:	99.92311096191406
map_test/concepts:	0.9997068558420453

Epoch 10
losses_train/task:	1.7559412717819214
losses_train/concepts:	0.110340915620327
losses_train/representations:	0.05907512456178665
losses_train/total:	2.0435097217559814
losses_test/task:	1.744856834411621
losses_test/concepts:	0.008800186216831207
losses_test/representations:	0.02478271722793579
losses_test/total:	1.828005075454712
calibration_train/ece:	0.003937504254281521
calibration_train/brier:	0.8171788454055786
accuracy_train/task:	24.074388586956523
calibration_test/ece:	0.006409753579646349
calibration_test/brier:	0.8176865577697754
accuracy_test/task:	23.747685185185187
accuracy_train/concepts:	99.99867248535156
map_train/concepts:	0.9999667576381138
accuracy_test/concepts:	99.9963607788086
map_test/concepts:	0.9998998471668789
accuracy_test/nuisances_task:	0.08796285837888718
accuracy_test/nuisances_nontask:	0.13657398521900177
mutual_inf_test/nuisances_task:	-1.666389413534919e-05
mutual_inf_test/nuisances_nontask:	3.072306373530509e-06

Epoch 11
losses_train/task:	1.755719542503357
losses_train/concepts:	0.10618677735328674
losses_train/representations:	0.04803204536437988
losses_train/total:	2.0060040950775146
losses_test/task:	1.740171194076538
losses_test/concepts:	0.009080691263079643
losses_test/representations:	0.02723141945898533
losses_test/total:	1.8309473991394043
calibration_test/ece:	0.010044909082353115
calibration_test/brier:	0.8161313533782959
accuracy_test/task:	24.583333333333332
accuracy_test/concepts:	99.99520111083984
map_test/concepts:	0.9999026996748788

Epoch 12
losses_train/task:	1.7550995349884033
losses_train/concepts:	0.08564838021993637
losses_train/representations:	0.026957493275403976
losses_train/total:	1.921619176864624
losses_test/task:	1.7394745349884033
losses_test/concepts:	0.00592235429212451
losses_test/representations:	0.015449192374944687
losses_test/total:	1.791743516921997
calibration_test/ece:	0.0011907684383913875
calibration_test/brier:	0.8160321116447449
accuracy_test/task:	24.54861111111111
accuracy_test/concepts:	99.99967193603516
map_test/concepts:	0.9999041131564549

Epoch 13
losses_train/task:	1.7541639804840088
losses_train/concepts:	0.08242276310920715
losses_train/representations:	0.020113447681069374
losses_train/total:	1.8969284296035767
losses_test/task:	1.7396302223205566
losses_test/concepts:	0.005790595430880785
losses_test/representations:	0.023328855633735657
losses_test/total:	1.8154069185256958
calibration_test/ece:	0.0024653940927237272
calibration_test/brier:	0.8160293698310852
accuracy_test/task:	24.32638888888889
accuracy_test/concepts:	99.99900817871094
map_test/concepts:	0.9999040492943355

Epoch 14
losses_train/task:	1.7542383670806885
losses_train/concepts:	0.08153776824474335
losses_train/representations:	0.017906608060002327
losses_train/total:	1.889495611190796
losses_test/task:	1.7399348020553589
losses_test/concepts:	0.005025861319154501
losses_test/representations:	0.03424907475709915
losses_test/total:	1.8477084636688232
calibration_test/ece:	0.0039813523180782795
calibration_test/brier:	0.8161439299583435
accuracy_test/task:	24.52314814814815
accuracy_test/concepts:	99.99933624267578
map_test/concepts:	0.9999041131564549

Epoch 15
losses_train/task:	1.752626895904541
losses_train/concepts:	0.0787573903799057
losses_train/representations:	0.016582008451223373
losses_train/total:	1.8811304569244385
losses_test/task:	1.7387529611587524
losses_test/concepts:	0.0048205493949353695
losses_test/representations:	0.013404324650764465
losses_test/total:	1.7837867736816406
calibration_test/ece:	0.01095975935459137
calibration_test/brier:	0.8158219456672668
accuracy_test/task:	24.791666666666668
accuracy_test/concepts:	99.99967193603516
map_test/concepts:	0.9999035980020251

Epoch 16
losses_train/task:	1.7519900798797607
losses_train/concepts:	0.07936444133520126
losses_train/representations:	0.01807313784956932
losses_train/total:	1.8855748176574707
losses_test/task:	1.739000916481018
losses_test/concepts:	0.004233499523252249
losses_test/representations:	0.009728526696562767
losses_test/total:	1.7724205255508423
calibration_test/ece:	0.0023149189073592424
calibration_test/brier:	0.8158803582191467
accuracy_test/task:	24.55787037037037
accuracy_test/concepts:	100.0
map_test/concepts:	0.9999041088989803

Epoch 17
losses_train/task:	1.7522715330123901
losses_train/concepts:	0.0980624184012413
losses_train/representations:	0.03657083585858345
losses_train/total:	1.9600465297698975
losses_test/task:	1.7388215065002441
losses_test/concepts:	0.19385869801044464
losses_test/representations:	0.22685416042804718
losses_test/total:	2.6132421493530273
calibration_test/ece:	0.00526917539536953
calibration_test/brier:	0.8158065676689148
accuracy_test/task:	24.381944444444443
accuracy_test/concepts:	99.77662658691406
map_test/concepts:	0.9996669207300458

Epoch 18
losses_train/task:	1.7520636320114136
losses_train/concepts:	0.08721949905157089
losses_train/representations:	0.026128113269805908
losses_train/total:	1.917667269706726
losses_test/task:	1.7391349077224731
losses_test/concepts:	0.004157872870564461
losses_test/representations:	0.010770049877464771
losses_test/total:	1.7756030559539795
calibration_test/ece:	0.00674636522307992
calibration_test/brier:	0.8158419132232666
accuracy_test/task:	24.666666666666668
accuracy_test/concepts:	99.99933624267578
map_test/concepts:	0.999902993440628

Epoch 19
losses_train/task:	1.7510546445846558
losses_train/concepts:	0.09024573862552643
losses_train/representations:	0.031576599925756454
losses_train/total:	1.936030387878418
losses_test/task:	1.7387831211090088
losses_test/concepts:	0.004339287523180246
losses_test/representations:	0.017490006983280182
losses_test/total:	1.795593500137329
calibration_test/ece:	0.009866517037153244
calibration_test/brier:	0.8160699009895325
accuracy_test/task:	24.449074074074073
accuracy_test/concepts:	99.99900817871094
map_test/concepts:	0.9999031169073922

Epoch 20
losses_train/task:	1.7507421970367432
losses_train/concepts:	0.07807585597038269
losses_train/representations:	0.015465527772903442
losses_train/total:	1.875213861465454
losses_test/task:	1.7362680435180664
losses_test/concepts:	0.004089919850230217
losses_test/representations:	0.015822621062397957
losses_test/total:	1.7878246307373047
calibration_train/ece:	0.00679395254701376
calibration_train/brier:	0.8147082328796387
accuracy_train/task:	24.89732583992095
calibration_test/ece:	0.006632668431848288
calibration_test/brier:	0.8149697184562683
accuracy_test/task:	24.935185185185187
accuracy_train/concepts:	100.0
map_train/concepts:	0.999968022108078
accuracy_test/concepts:	99.99933624267578
map_test/concepts:	0.9999041131564549
accuracy_test/nuisances_task:	0.05324073135852814
accuracy_test/nuisances_nontask:	0.17129629850387573
mutual_inf_test/nuisances_task:	4.296679368631651e-06
mutual_inf_test/nuisances_nontask:	-6.268607297577056e-06

Epoch 21
losses_train/task:	1.7464479207992554
losses_train/concepts:	0.07577290385961533
losses_train/representations:	0.008697186596691608
losses_train/total:	1.8483147621154785
losses_test/task:	1.7334671020507812
losses_test/concepts:	0.003962781745940447
losses_test/representations:	0.007300062570720911
losses_test/total:	1.759330153465271
calibration_test/ece:	0.00812025461345911
calibration_test/brier:	0.8139789700508118
accuracy_test/task:	25.118055555555557
accuracy_test/concepts:	99.99933624267578
map_test/concepts:	0.9999041131564549

Epoch 22
losses_train/task:	1.7450767755508423
losses_train/concepts:	0.07823693752288818
losses_train/representations:	0.008306589908897877
losses_train/total:	1.8482316732406616
losses_test/task:	1.7331511974334717
losses_test/concepts:	0.003918636590242386
losses_test/representations:	0.007181981112807989
losses_test/total:	1.7586160898208618
calibration_test/ece:	0.009945615194737911
calibration_test/brier:	0.8138825297355652
accuracy_test/task:	25.21064814814815
accuracy_test/concepts:	99.99933624267578
map_test/concepts:	0.99990257195064

Epoch 23
losses_train/task:	1.7458189725875854
losses_train/concepts:	0.07749352604150772
losses_train/representations:	0.008016552776098251
losses_train/total:	1.84736168384552
losses_test/task:	1.7327998876571655
losses_test/concepts:	0.00390046089887619
losses_test/representations:	0.006055905949324369
losses_test/total:	1.7548683881759644
calibration_test/ece:	0.009111330844461918
calibration_test/brier:	0.8137615919113159
accuracy_test/task:	25.34027777777778
accuracy_test/concepts:	99.99933624267578
map_test/concepts:	0.9999032361166817

Epoch 24
losses_train/task:	1.7455142736434937
losses_train/concepts:	0.0781945213675499
losses_train/representations:	0.007981275208294392
losses_train/total:	1.8476535081863403
losses_test/task:	1.732580304145813
losses_test/concepts:	0.0038600119296461344
losses_test/representations:	0.0069626709446311
losses_test/total:	1.7573286294937134
calibration_test/ece:	0.009955170564353466
calibration_test/brier:	0.8136747479438782
accuracy_test/task:	25.32638888888889
accuracy_test/concepts:	99.99933624267578
map_test/concepts:	0.999902503831046

Epoch 25
losses_train/task:	1.7449662685394287
losses_train/concepts:	0.07900301367044449
losses_train/representations:	0.008001374080777168
losses_train/total:	1.8479738235473633
losses_test/task:	1.7325810194015503
losses_test/concepts:	0.0038534607738256454
losses_test/representations:	0.00606463523581624
losses_test/total:	1.7546284198760986
calibration_test/ece:	0.0073895445093512535
calibration_test/brier:	0.8137089610099792
accuracy_test/task:	25.26851851851852
accuracy_test/concepts:	99.99933624267578
map_test/concepts:	0.9999032361166817

Epoch 26
losses_train/task:	1.7442587614059448
losses_train/concepts:	0.07915637642145157
losses_train/representations:	0.007819251157343388
losses_train/total:	1.846874713897705
losses_test/task:	1.7324172258377075
losses_test/concepts:	0.003798522986471653
losses_test/representations:	0.006679163780063391
losses_test/total:	1.756252646446228
calibration_test/ece:	0.0075773876160383224
calibration_test/brier:	0.8136271238327026
accuracy_test/task:	25.291666666666668
accuracy_test/concepts:	99.99933624267578
map_test/concepts:	0.9999032403741565

Epoch 27
losses_train/task:	1.7449220418930054
losses_train/concepts:	0.07660764455795288
losses_train/representations:	0.007704148069024086
losses_train/total:	1.844641923904419
losses_test/task:	1.7325022220611572
losses_test/concepts:	0.0037473109550774097
losses_test/representations:	0.006213279906660318
losses_test/total:	1.7548884153366089
calibration_test/ece:	0.009151054546236992
calibration_test/brier:	0.8136500120162964
accuracy_test/task:	25.3125
accuracy_test/concepts:	99.99933624267578
map_test/concepts:	0.9999032190867833

Epoch 28
losses_train/task:	1.7440593242645264
losses_train/concepts:	0.0768456757068634
losses_train/representations:	0.007630265783518553
losses_train/total:	1.8437970876693726
losses_test/task:	1.732236623764038
losses_test/concepts:	0.0037645529955625534
losses_test/representations:	0.0063556800596416
losses_test/total:	1.755068063735962
calibration_test/ece:	0.0054136011749506
calibration_test/brier:	0.8136262893676758
accuracy_test/task:	25.002314814814813
accuracy_test/concepts:	99.99933624267578
map_test/concepts:	0.9999038108757564

Epoch 29
losses_train/task:	1.74481999874115
losses_train/concepts:	0.07740586251020432
losses_train/representations:	0.007591001223772764
losses_train/total:	1.844997763633728
losses_test/task:	1.7321730852127075
losses_test/concepts:	0.003755661193281412
losses_test/representations:	0.0063462513498961926
losses_test/total:	1.7549679279327393
calibration_test/ece:	0.005320056341588497
calibration_test/brier:	0.8135803937911987
accuracy_test/task:	25.22685185185185
accuracy_test/concepts:	99.99933624267578
map_test/concepts:	0.9999038704804012

Epoch 30
losses_train/task:	1.7445238828659058
losses_train/concepts:	0.0785762295126915
losses_train/representations:	0.007374781183898449
losses_train/total:	1.8452222347259521
losses_test/task:	1.7320507764816284
losses_test/concepts:	0.0037303746212273836
losses_test/representations:	0.0065424260683357716
losses_test/total:	1.7554072141647339
calibration_train/ece:	0.005955950822681189
calibration_train/brier:	0.8130565285682678
accuracy_train/task:	25.216156126482215
calibration_test/ece:	0.00562149565666914
calibration_test/brier:	0.813542366027832
accuracy_test/task:	25.07175925925926
accuracy_train/concepts:	100.0
map_train/concepts:	0.9999680135931287
accuracy_test/concepts:	99.99933624267578
map_test/concepts:	0.9999032318592072
accuracy_test/nuisances_task:	0.11574067175388336
accuracy_test/nuisances_nontask:	0.1180555671453476
mutual_inf_test/nuisances_task:	-8.428849035846397e-06
mutual_inf_test/nuisances_nontask:	-4.213336484826247e-05

Epoch 31
losses_train/task:	1.744234561920166
losses_train/concepts:	0.07548046112060547
losses_train/representations:	0.007379418704658747
losses_train/total:	1.8418551683425903
losses_test/task:	1.7320343255996704
losses_test/concepts:	0.0037339036352932453
losses_test/representations:	0.005575509741902351
losses_test/total:	1.7524950504302979
calibration_test/ece:	0.0049330564215779305
calibration_test/brier:	0.8135526776313782
accuracy_test/task:	25.23148148148148
accuracy_test/concepts:	99.99933624267578
map_test/concepts:	0.9999026613576072

Epoch 32
losses_train/task:	1.7441511154174805
losses_train/concepts:	0.0770730972290039
losses_train/representations:	0.007223124150186777
losses_train/total:	1.8428934812545776
losses_test/task:	1.732006549835205
losses_test/concepts:	0.00365885766223073
losses_test/representations:	0.005850345361977816
losses_test/total:	1.75321626663208
calibration_test/ece:	0.0049186511896550655
calibration_test/brier:	0.8135558366775513
accuracy_test/task:	25.15740740740741
accuracy_test/concepts:	99.99950408935547
map_test/concepts:	0.9999040748391833

Epoch 33
losses_train/task:	1.7442052364349365
losses_train/concepts:	0.07537967711687088
losses_train/representations:	0.007206874433904886
losses_train/total:	1.8412050008773804
losses_test/task:	1.7320033311843872
losses_test/concepts:	0.0036714321468025446
losses_test/representations:	0.006210527382791042
losses_test/total:	1.754306435585022
calibration_test/ece:	0.004703718703240156
calibration_test/brier:	0.813561737537384
accuracy_test/task:	25.224537037037038
accuracy_test/concepts:	99.99933624267578
map_test/concepts:	0.9999036022594997

Epoch 34
losses_train/task:	1.7436351776123047
losses_train/concepts:	0.07827205955982208
losses_train/representations:	0.007158699911087751
losses_train/total:	1.8433810472488403
losses_test/task:	1.7316795587539673
losses_test/concepts:	0.0036533563397824764
losses_test/representations:	0.005257216282188892
losses_test/total:	1.751103401184082
calibration_test/ece:	0.006519337184727192
calibration_test/brier:	0.8134422302246094
accuracy_test/task:	25.32638888888889
accuracy_test/concepts:	99.99933624267578
map_test/concepts:	0.9999032361166817

Epoch 35
losses_train/task:	1.743646502494812
losses_train/concepts:	0.07641302049160004
losses_train/representations:	0.007073646876960993
losses_train/total:	1.841279149055481
losses_test/task:	1.7317371368408203
losses_test/concepts:	0.0036772226449102163
losses_test/representations:	0.006291922647505999
losses_test/total:	1.7542905807495117
calibration_test/ece:	0.004991745576262474
calibration_test/brier:	0.8134788870811462
accuracy_test/task:	25.305555555555557
accuracy_test/concepts:	99.99933624267578
map_test/concepts:	0.9999041131564549

Epoch 36
losses_train/task:	1.7433675527572632
losses_train/concepts:	0.07725267112255096
losses_train/representations:	0.0071310922503471375
losses_train/total:	1.8420144319534302
losses_test/task:	1.7317999601364136
losses_test/concepts:	0.003623033408075571
losses_test/representations:	0.005904742516577244
losses_test/total:	1.7531380653381348
calibration_test/ece:	0.004907178692519665
calibration_test/brier:	0.8134812712669373
accuracy_test/task:	25.310185185185187
accuracy_test/concepts:	99.99933624267578
map_test/concepts:	0.9999032531465802

Epoch 37
losses_train/task:	1.7447768449783325
losses_train/concepts:	0.08099853992462158
losses_train/representations:	0.0072067901492118835
losses_train/total:	1.8473966121673584
losses_test/task:	1.731645107269287
losses_test/concepts:	0.0036101038567721844
losses_test/representations:	0.0057458216324448586
losses_test/total:	1.7524925470352173
calibration_test/ece:	0.00432514538988471
calibration_test/brier:	0.8134338855743408
accuracy_test/task:	25.171296296296298
accuracy_test/concepts:	99.99933624267578
map_test/concepts:	0.9999035426548549

Epoch 38
losses_train/task:	1.7441269159317017
losses_train/concepts:	0.07656209170818329
losses_train/representations:	0.006966008339077234
losses_train/total:	1.8415855169296265
losses_test/task:	1.7317781448364258
losses_test/concepts:	0.0035932636819779873
losses_test/representations:	0.006614668760448694
losses_test/total:	1.755215048789978
calibration_test/ece:	0.0027066508773714304
calibration_test/brier:	0.813495397567749
accuracy_test/task:	25.113425925925927
accuracy_test/concepts:	99.99933624267578
map_test/concepts:	0.9999036618641445

Epoch 39
losses_train/task:	1.7439637184143066
losses_train/concepts:	0.07924073189496994
losses_train/representations:	0.006994910072535276
losses_train/total:	1.8441894054412842
losses_test/task:	1.7320376634597778
losses_test/concepts:	0.003429533215239644
losses_test/representations:	0.006633628159761429
losses_test/total:	1.7553699016571045
calibration_test/ece:	0.0039681424386799335
calibration_test/brier:	0.8135397434234619
accuracy_test/task:	25.03009259259259
accuracy_test/concepts:	99.99933624267578
map_test/concepts:	0.9999041131564549

Epoch 40
losses_train/task:	1.7438206672668457
losses_train/concepts:	0.07707494497299194
losses_train/representations:	0.006902094930410385
losses_train/total:	1.841601014137268
losses_test/task:	1.7316911220550537
losses_test/concepts:	0.0035194719675928354
losses_test/representations:	0.005602074321359396
losses_test/total:	1.752016305923462
calibration_train/ece:	0.0051903617568314075
calibration_train/brier:	0.8129346966743469
accuracy_train/task:	25.296442687747035
calibration_test/ece:	0.004032978788018227
calibration_test/brier:	0.8134552240371704
accuracy_test/task:	25.18287037037037
accuracy_train/concepts:	100.0
map_train/concepts:	0.9999680050781795
accuracy_test/concepts:	99.99933624267578
map_test/concepts:	0.9999041131564549
accuracy_test/nuisances_task:	0.07175933569669724
accuracy_test/nuisances_nontask:	0.048611126840114594
mutual_inf_test/nuisances_task:	9.237179272036933e-06
mutual_inf_test/nuisances_nontask:	8.845992751749243e-06

Epoch 41
losses_train/task:	1.7436330318450928
losses_train/concepts:	0.07693473249673843
losses_train/representations:	0.0064060078002512455
losses_train/total:	1.8397852182388306
losses_test/task:	1.7314143180847168
losses_test/concepts:	0.0035397233441472054
losses_test/representations:	0.005452337209135294
losses_test/total:	1.7513110637664795
calibration_test/ece:	0.005123653449118137
calibration_test/brier:	0.8133697509765625
accuracy_test/task:	25.300925925925927
accuracy_test/concepts:	99.99933624267578
map_test/concepts:	0.9999041131564549

Epoch 42
losses_train/task:	1.7426116466522217
losses_train/concepts:	0.07873613387346268
losses_train/representations:	0.006408063694834709
losses_train/total:	1.840571403503418
losses_test/task:	1.731313705444336
losses_test/concepts:	0.003547813044860959
losses_test/representations:	0.005368173588067293
losses_test/total:	1.7509657144546509
calibration_test/ece:	0.004589949734508991
calibration_test/brier:	0.8133418560028076
accuracy_test/task:	25.266203703703702
accuracy_test/concepts:	99.99933624267578
map_test/concepts:	0.9999041131564549

Epoch 43
losses_train/task:	1.743129014968872
losses_train/concepts:	0.07705845683813095
losses_train/representations:	0.0064364830031991005
losses_train/total:	1.8394955396652222
losses_test/task:	1.7313090562820435
losses_test/concepts:	0.003530706511810422
losses_test/representations:	0.005386637523770332
losses_test/total:	1.7509996891021729
calibration_test/ece:	0.00471658818423748
calibration_test/brier:	0.8133429288864136
accuracy_test/task:	25.28009259259259
accuracy_test/concepts:	99.99933624267578
map_test/concepts:	0.9999032105718341

Epoch 44
losses_train/task:	1.742427110671997
losses_train/concepts:	0.07810850441455841
losses_train/representations:	0.006456492003053427
losses_train/total:	1.8399065732955933
losses_test/task:	1.7313108444213867
losses_test/concepts:	0.003486264729872346
losses_test/representations:	0.005540328100323677
losses_test/total:	1.7514188289642334
calibration_test/ece:	0.004361777566373348
calibration_test/brier:	0.8133394122123718
accuracy_test/task:	25.24537037037037
accuracy_test/concepts:	99.99933624267578
map_test/concepts:	0.9999041131564549

Epoch 45
losses_train/task:	1.7429829835891724
losses_train/concepts:	0.0778537318110466
losses_train/representations:	0.0063597033731639385
losses_train/total:	1.8399152755737305
losses_test/task:	1.7312813997268677
losses_test/concepts:	0.0035093396436423063
losses_test/representations:	0.005403170827776194
losses_test/total:	1.7509992122650146
calibration_test/ece:	0.004336316604167223
calibration_test/brier:	0.8133302330970764
accuracy_test/task:	25.25462962962963
accuracy_test/concepts:	99.99933624267578
map_test/concepts:	0.9999041131564549

Epoch 46
losses_train/task:	1.7428462505340576
losses_train/concepts:	0.07597662508487701
losses_train/representations:	0.006421376951038837
losses_train/total:	1.8380862474441528
losses_test/task:	1.7313053607940674
losses_test/concepts:	0.003479527309536934
losses_test/representations:	0.0052339923568069935
losses_test/total:	1.7504867315292358
calibration_test/ece:	0.004851558245718479
calibration_test/brier:	0.8133398294448853
accuracy_test/task:	25.310185185185187
accuracy_test/concepts:	99.99933624267578
map_test/concepts:	0.9999041131564549

Epoch 47
losses_train/task:	1.743142008781433
losses_train/concepts:	0.07655288279056549
losses_train/representations:	0.006400661077350378
losses_train/total:	1.8388950824737549
losses_test/task:	1.7312780618667603
losses_test/concepts:	0.003532770089805126
losses_test/representations:	0.005491476505994797
losses_test/total:	1.7512848377227783
calibration_test/ece:	0.004881861619651318
calibration_test/brier:	0.8133347034454346
accuracy_test/task:	25.33564814814815
accuracy_test/concepts:	99.99933624267578
map_test/concepts:	0.9999041131564549

Epoch 48
losses_train/task:	1.7427520751953125
losses_train/concepts:	0.07517404854297638
losses_train/representations:	0.006345648784190416
losses_train/total:	1.836962342262268
losses_test/task:	1.7312657833099365
losses_test/concepts:	0.003492490854114294
losses_test/representations:	0.00533320801332593
losses_test/total:	1.7507580518722534
calibration_test/ece:	0.005098678171634674
calibration_test/brier:	0.8133310675621033
accuracy_test/task:	25.349537037037038
accuracy_test/concepts:	99.99933624267578
map_test/concepts:	0.9999041131564549

Epoch 49
losses_train/task:	1.7430282831192017
losses_train/concepts:	0.07543325424194336
losses_train/representations:	0.006287058349698782
losses_train/total:	1.8373233079910278
losses_test/task:	1.7312800884246826
losses_test/concepts:	0.003521968377754092
losses_test/representations:	0.005379145964980125
losses_test/total:	1.7509385347366333
calibration_test/ece:	0.004627609625458717
calibration_test/brier:	0.813334047794342
accuracy_test/task:	25.31712962962963
accuracy_test/concepts:	99.99933624267578
map_test/concepts:	0.9999036618641445

Epoch 50
losses_train/task:	1.742928385734558
losses_train/concepts:	0.07708726078271866
losses_train/representations:	0.006329305935651064
losses_train/total:	1.8390049934387207
losses_test/task:	1.7312662601470947
losses_test/concepts:	0.0035212552174925804
losses_test/representations:	0.005288426298648119
losses_test/total:	1.7506526708602905
calibration_train/ece:	0.0055281114764511585
calibration_train/brier:	0.8128043413162231
accuracy_train/task:	25.398344861660078
calibration_test/ece:	0.004125926177948713
calibration_test/brier:	0.813328742980957
accuracy_test/task:	25.252314814814813
accuracy_train/concepts:	100.0
map_train/concepts:	0.9999680178506034
accuracy_test/concepts:	99.99967193603516
map_test/concepts:	0.9999036661216191
accuracy_test/nuisances_task:	0.10416656732559204
accuracy_test/nuisances_nontask:	0.1574074849486351
mutual_inf_test/nuisances_task:	-1.1797586111250702e-05
mutual_inf_test/nuisances_nontask:	9.242453012925367e-07

epoch_50.pt
groups=0 err_lowconf=74.748 err_random=74.748
groups=1 err_lowconf=74.738 err_random=74.738
groups=2 err_lowconf=74.808 err_random=74.808
groups=3 err_lowconf=74.836 err_random=74.836
groups=4 err_lowconf=74.866 err_random=74.866
groups=5 err_lowconf=74.887 err_random=74.887
groups=6 err_lowconf=74.819 err_random=74.819
groups=7 err_lowconf=74.824 err_random=74.824
groups=8 err_lowconf=74.796 err_random=74.796
groups=9 err_lowconf=74.863 err_random=74.863
groups=10 err_lowconf=74.829 err_random=74.829
groups=11 err_lowconf=74.887 err_random=74.887
groups=12 err_lowconf=74.903 err_random=74.903
groups=13 err_lowconf=74.907 err_random=74.907
groups=14 err_lowconf=74.907 err_random=74.907
[1;34mwandb[0m:
[1;34mwandb[0m: You can sync this run to the cloud by running:
[1;34mwandb[0m: [1mwandb sync /research/hal-afsharim/minimal_cbm/results/mpi3d-mcbm-3/43/wandb/offline-run-20260725_195518-rcz16096[0m
[1;34mwandb[0m: Find logs at: [1;35mresults/mpi3d-mcbm-3/43/wandb/offline-run-20260725_195518-rcz16096/logs[0m
