
===== launch 2026-07-25 18:32:14.425808 gpu5 =====
wandb: Using wandb-core as the SDK backend.  Please refer to https://wandb.me/wandb-core for more information.
wandb: Tracking run with wandb version 0.19.0
wandb: W&B syncing is set to `offline` in this directory.  
wandb: Run `wandb online` or set WANDB_MODE=online to enable cloud syncing.
Epoch 1
losses_train/task:	1.7614386081695557
losses_train/concepts:	1.6971975564956665
losses_train/precision:	0.008174375630915165
losses_train/total:	3.466810941696167
losses_test/task:	1.7535593509674072
losses_test/concepts:	0.9544046521186829
losses_test/precision:	0.00926512386649847
losses_test/total:	2.717229127883911
calibration_test/ece:	0.00448453426361084
calibration_test/brier:	0.820665717124939
accuracy_test/task:	23.208333333333332
accuracy_test/concepts:	97.2485122680664
map_test/concepts:	0.9894428976944515

Epoch 2
losses_train/task:	1.7768223285675049
losses_train/concepts:	0.3556462824344635
losses_train/precision:	0.009642303921282291
losses_train/total:	2.1421101093292236
losses_test/task:	1.7676770687103271
losses_test/concepts:	0.8218478560447693
losses_test/precision:	0.007549436762928963
losses_test/total:	2.597076416015625
calibration_test/ece:	0.03764815628528595
calibration_test/brier:	0.8252218961715698
accuracy_test/task:	23.46990740740741
accuracy_test/concepts:	98.11656951904297
map_test/concepts:	0.9983400745051247

Epoch 3
losses_train/task:	1.7791876792907715
losses_train/concepts:	0.14268209040164948
losses_train/precision:	0.006711294874548912
losses_train/total:	1.9285812377929688
losses_test/task:	1.7749269008636475
losses_test/concepts:	0.6019565463066101
losses_test/precision:	0.004691591486334801
losses_test/total:	2.381575107574463
calibration_test/ece:	0.010946203023195267
calibration_test/brier:	0.8276993036270142
accuracy_test/task:	20.83101851851852
accuracy_test/concepts:	98.82655334472656
map_test/concepts:	0.9996549572263446

Epoch 4
losses_train/task:	1.7753276824951172
losses_train/concepts:	0.07849133014678955
losses_train/precision:	0.00504971481859684
losses_train/total:	1.8588695526123047
losses_test/task:	1.7736650705337524
losses_test/concepts:	0.22488002479076385
losses_test/precision:	0.004506975878030062
losses_test/total:	2.003051519393921
calibration_test/ece:	0.01922501064836979
calibration_test/brier:	0.8272355794906616
accuracy_test/task:	21.863425925925927
accuracy_test/concepts:	99.39913177490234
map_test/concepts:	0.9997733022485461

Epoch 5
losses_train/task:	1.7716680765151978
losses_train/concepts:	0.05318227782845497
losses_train/precision:	0.0043458337895572186
losses_train/total:	1.829196810722351
losses_test/task:	1.7699047327041626
losses_test/concepts:	0.04792316257953644
losses_test/precision:	0.0037884623743593693
losses_test/total:	1.8216155767440796
calibration_test/ece:	0.014856250025331974
calibration_test/brier:	0.8260050415992737
accuracy_test/task:	21.88888888888889
accuracy_test/concepts:	99.87847137451172
map_test/concepts:	0.9998917579650879

Epoch 6
losses_train/task:	1.7685472965240479
losses_train/concepts:	0.03617943078279495
losses_train/precision:	0.0035611765924841166
losses_train/total:	1.8082895278930664
losses_test/task:	1.7668548822402954
losses_test/concepts:	0.6150686740875244
losses_test/precision:	0.003325938479974866
losses_test/total:	2.3852486610412598
calibration_test/ece:	0.019835293292999268
calibration_test/brier:	0.8250173330307007
accuracy_test/task:	22.72685185185185
accuracy_test/concepts:	99.2769546508789
map_test/concepts:	0.9995964339801243

Epoch 7
losses_train/task:	1.7658063173294067
losses_train/concepts:	0.038493480533361435
losses_train/precision:	0.003246867563575506
losses_train/total:	1.8075451850891113
losses_test/task:	1.765195608139038
losses_test/concepts:	0.06814458221197128
losses_test/precision:	0.00310575682669878
losses_test/total:	1.8364458084106445
calibration_test/ece:	0.015353205613791943
calibration_test/brier:	0.824409544467926
accuracy_test/task:	22.45601851851852
accuracy_test/concepts:	99.8306884765625
map_test/concepts:	0.999900438955852

Epoch 8
losses_train/task:	1.763309359550476
losses_train/concepts:	0.025054030120372772
losses_train/precision:	0.002847159281373024
losses_train/total:	1.7912101745605469
losses_test/task:	1.76284921169281
losses_test/concepts:	0.5195204615592957
losses_test/precision:	0.0025470855180174112
losses_test/total:	2.284916400909424
calibration_test/ece:	0.021492768079042435
calibration_test/brier:	0.8235611915588379
accuracy_test/task:	23.453703703703702
accuracy_test/concepts:	98.82655334472656
map_test/concepts:	0.9998288026877812

Epoch 9
losses_train/task:	1.7611252069473267
losses_train/concepts:	0.014362017624080181
losses_train/precision:	0.002441748511046171
losses_train/total:	1.7779300212860107
losses_test/task:	1.7601124048233032
losses_test/concepts:	0.016235534101724625
losses_test/precision:	0.0025700200349092484
losses_test/total:	1.778917670249939
calibration_test/ece:	0.016594845801591873
calibration_test/brier:	0.8227148652076721
accuracy_test/task:	23.180555555555557
accuracy_test/concepts:	99.96131134033203
map_test/concepts:	0.9999028018542698

Epoch 10
losses_train/task:	1.759002923965454
losses_train/concepts:	0.01242196373641491
losses_train/precision:	0.002226498443633318
losses_train/total:	1.7736517190933228
losses_test/task:	1.7585653066635132
losses_test/concepts:	0.009826583787798882
losses_test/precision:	0.0027042028959840536
losses_test/total:	1.7710964679718018
calibration_train/ece:	0.017878951504826546
calibration_train/brier:	0.8218130469322205
accuracy_train/task:	23.697659337944664
calibration_test/ece:	0.016812680289149284
calibration_test/brier:	0.8221932053565979
accuracy_test/task:	23.479166666666668
accuracy_train/concepts:	99.98885345458984
map_train/concepts:	0.9999677411147526
accuracy_test/concepts:	99.98280334472656
map_test/concepts:	0.9999030445303235
accuracy_test/nuisances_task:	14.26851823925972
accuracy_test/nuisances_nontask:	4.30787056684494
mutual_inf_test/nuisances_task:	0.27188168145058844
mutual_inf_test/nuisances_nontask:	0.0878981127323587

Epoch 11
losses_train/task:	1.7571507692337036
losses_train/concepts:	0.014947337098419666
losses_train/precision:	0.0020510826725512743
losses_train/total:	1.7741492986679077
losses_test/task:	1.7568110227584839
losses_test/concepts:	0.00658788438886404
losses_test/precision:	0.001809953129850328
losses_test/total:	1.7652082443237305
calibration_test/ece:	0.01946425996720791
calibration_test/brier:	0.8215928077697754
accuracy_test/task:	23.87962962962963
accuracy_test/concepts:	99.9905776977539
map_test/concepts:	0.9999034489904132

Epoch 12
losses_train/task:	1.7554399967193604
losses_train/concepts:	0.016272054985165596
losses_train/precision:	0.0019173191394656897
losses_train/total:	1.7736283540725708
losses_test/task:	1.7546466588974
losses_test/concepts:	0.11039511859416962
losses_test/precision:	0.0016608437290415168
losses_test/total:	1.866703987121582
calibration_test/ece:	0.018834209069609642
calibration_test/brier:	0.820825457572937
accuracy_test/task:	23.90740740740741
accuracy_test/concepts:	99.75760650634766
map_test/concepts:	0.9998793474265507

Epoch 13
losses_train/task:	1.7537472248077393
losses_train/concepts:	0.00979041401296854
losses_train/precision:	0.0017422597156837583
losses_train/total:	1.765280842781067
losses_test/task:	1.753912091255188
losses_test/concepts:	0.00873327162116766
losses_test/precision:	0.0016936128959059715
losses_test/total:	1.7643386125564575
calibration_test/ece:	0.013887553475797176
calibration_test/brier:	0.82059246301651
accuracy_test/task:	23.65509259259259
accuracy_test/concepts:	99.98247528076172
map_test/concepts:	0.9999031679970878

Epoch 14
losses_train/task:	1.75217866897583
losses_train/concepts:	0.0055939736776053905
losses_train/precision:	0.0016315553802996874
losses_train/total:	1.7594043016433716
losses_test/task:	1.7528889179229736
losses_test/concepts:	0.003771417308598757
losses_test/precision:	0.0014460162492468953
losses_test/total:	1.7581053972244263
calibration_test/ece:	0.01444252673536539
calibration_test/brier:	0.8203573226928711
accuracy_test/task:	23.743055555555557
accuracy_test/concepts:	99.99652862548828
map_test/concepts:	0.9999041046415057

Epoch 15
losses_train/task:	1.750711441040039
losses_train/concepts:	0.005183767527341843
losses_train/precision:	0.0015109173255041242
losses_train/total:	1.7574068307876587
losses_test/task:	1.7512474060058594
losses_test/concepts:	0.0034826933406293392
losses_test/precision:	0.0017487216973677278
losses_test/total:	1.756480097770691
calibration_test/ece:	0.012084566056728363
calibration_test/brier:	0.819705069065094
accuracy_test/task:	24.055555555555557
accuracy_test/concepts:	99.99420928955078
map_test/concepts:	0.9999040365219116

Epoch 16
losses_train/task:	1.7495349645614624
losses_train/concepts:	0.005999215878546238
losses_train/precision:	0.0014333755243569613
losses_train/total:	1.756966471672058
losses_test/task:	1.7495120763778687
losses_test/concepts:	0.010641664266586304
losses_test/precision:	0.001605190453119576
losses_test/total:	1.7617594003677368
calibration_test/ece:	0.016158578917384148
calibration_test/brier:	0.8192229270935059
accuracy_test/task:	24.333333333333332
accuracy_test/concepts:	99.97867584228516
map_test/concepts:	0.9999038577079773

Epoch 17
losses_train/task:	1.7483391761779785
losses_train/concepts:	0.004819237161427736
losses_train/precision:	0.0013874751748517156
losses_train/total:	1.7545489072799683
losses_test/task:	1.7483677864074707
losses_test/concepts:	0.0029330761171877384
losses_test/precision:	0.0011875905329361558
losses_test/total:	1.7524880170822144
calibration_test/ece:	0.01607935130596161
calibration_test/brier:	0.818881094455719
accuracy_test/task:	24.266203703703702
accuracy_test/concepts:	99.99586486816406
map_test/concepts:	0.9999039598873684

Epoch 18
losses_train/task:	1.747217059135437
losses_train/concepts:	0.004870658274739981
losses_train/precision:	0.0012705213157460093
losses_train/total:	1.7533596754074097
losses_test/task:	1.747826099395752
losses_test/concepts:	0.005675915628671646
losses_test/precision:	0.0014784280210733414
losses_test/total:	1.7549819946289062
calibration_test/ece:	0.011722316965460777
calibration_test/brier:	0.8187288641929626
accuracy_test/task:	24.03935185185185
accuracy_test/concepts:	99.98760223388672
map_test/concepts:	0.999904100384031

Epoch 19
losses_train/task:	1.746191382408142
losses_train/concepts:	0.01174228172749281
losses_train/precision:	0.0013034968869760633
losses_train/total:	1.75923752784729
losses_test/task:	1.7463079690933228
losses_test/concepts:	0.005674242507666349
losses_test/precision:	0.0011411005398258567
losses_test/total:	1.7531228065490723
calibration_test/ece:	0.01324795838445425
calibration_test/brier:	0.8181872367858887
accuracy_test/task:	24.49074074074074
accuracy_test/concepts:	99.9889144897461
map_test/concepts:	0.9999038747378758

Epoch 20
losses_train/task:	1.7451437711715698
losses_train/concepts:	0.005311395972967148
losses_train/precision:	0.0012167918030172586
losses_train/total:	1.7516732215881348
losses_test/task:	1.7454391717910767
losses_test/concepts:	0.0022345352917909622
losses_test/precision:	0.0011737943859770894
losses_test/total:	1.7488476037979126
calibration_train/ece:	0.012621304951608181
calibration_train/brier:	0.8172568082809448
accuracy_train/task:	24.603199110671937
calibration_test/ece:	0.011661192402243614
calibration_test/brier:	0.8179062008857727
accuracy_test/task:	24.25925925925926
accuracy_train/concepts:	99.99895477294922
map_train/concepts:	0.9999680093356541
accuracy_test/concepts:	99.99702453613281
map_test/concepts:	0.9999041046415057
accuracy_test/nuisances_task:	14.960647746920586
accuracy_test/nuisances_nontask:	3.7638889625668526
mutual_inf_test/nuisances_task:	0.2702487733489465
mutual_inf_test/nuisances_nontask:	0.07859493996442346

Epoch 21
losses_train/task:	1.7432304620742798
losses_train/concepts:	0.0022321592550724745
losses_train/precision:	0.00014174326497595757
losses_train/total:	1.7456039190292358
losses_test/task:	1.7444987297058105
losses_test/concepts:	0.0016581929521635175
losses_test/precision:	0.00011884277773788199
losses_test/total:	1.7462760210037231
calibration_test/ece:	0.011347965337336063
calibration_test/brier:	0.8175942301750183
accuracy_test/task:	24.40509259259259
accuracy_test/concepts:	99.99800872802734
map_test/concepts:	0.9999040876116071

Epoch 22
losses_train/task:	1.742884874343872
losses_train/concepts:	0.0019417632138356566
losses_train/precision:	0.00012375622463878244
losses_train/total:	1.7449514865875244
losses_test/task:	1.7443255186080933
losses_test/concepts:	0.00139727839268744
losses_test/precision:	0.00012083353794878349
losses_test/total:	1.7458432912826538
calibration_test/ece:	0.012180128134787083
calibration_test/brier:	0.8175312876701355
accuracy_test/task:	24.511574074074073
accuracy_test/concepts:	99.99867248535156
map_test/concepts:	0.9999040961265564

Epoch 23
losses_train/task:	1.7426972389221191
losses_train/concepts:	0.0019872747361660004
losses_train/precision:	0.00012249956489540637
losses_train/total:	1.7448055744171143
losses_test/task:	1.7442692518234253
losses_test/concepts:	0.0014073101337999105
losses_test/precision:	0.00012475281255319715
losses_test/total:	1.7458012104034424
calibration_test/ece:	0.011442138813436031
calibration_test/brier:	0.8174927830696106
accuracy_test/task:	24.574074074074073
accuracy_test/concepts:	99.99834442138672
map_test/concepts:	0.9999040918690818

Epoch 24
losses_train/task:	1.7426366806030273
losses_train/concepts:	0.0019454255234450102
losses_train/precision:	0.00012069054355379194
losses_train/total:	1.7447023391723633
losses_test/task:	1.7439649105072021
losses_test/concepts:	0.0017365202074870467
losses_test/precision:	0.00010739854769781232
losses_test/total:	1.7458102703094482
calibration_test/ece:	0.013159259222447872
calibration_test/brier:	0.8174163699150085
accuracy_test/task:	24.51388888888889
accuracy_test/concepts:	99.99800872802734
map_test/concepts:	0.9999040620667594

Epoch 25
losses_train/task:	1.7425042390823364
losses_train/concepts:	0.002012753626331687
losses_train/precision:	0.0001230928028235212
losses_train/total:	1.7446386814117432
losses_test/task:	1.743964433670044
losses_test/concepts:	0.001550639746710658
losses_test/precision:	0.00011507014278322458
losses_test/total:	1.7456291913986206
calibration_test/ece:	0.009926286526024342
calibration_test/brier:	0.8173978328704834
accuracy_test/task:	24.488425925925927
accuracy_test/concepts:	99.99867248535156
map_test/concepts:	0.9999040620667594

Epoch 26
losses_train/task:	1.7424534559249878
losses_train/concepts:	0.0018493260722607374
losses_train/precision:	0.00011746382369892672
losses_train/total:	1.7444214820861816
losses_test/task:	1.743833303451538
losses_test/concepts:	0.0014330896083265543
losses_test/precision:	0.00011972310312557966
losses_test/total:	1.7453862428665161
calibration_test/ece:	0.011804364621639252
calibration_test/brier:	0.8173632025718689
accuracy_test/task:	24.560185185185187
accuracy_test/concepts:	99.99834442138672
map_test/concepts:	0.9999040918690818

Epoch 27
losses_train/task:	1.7423467636108398
losses_train/concepts:	0.0020168134942650795
losses_train/precision:	0.00011642741446848959
losses_train/total:	1.744481086730957
losses_test/task:	1.7437663078308105
losses_test/concepts:	0.001387993572279811
losses_test/precision:	0.00012154618161730468
losses_test/total:	1.7452759742736816
calibration_test/ece:	0.010277286171913147
calibration_test/brier:	0.8173347115516663
accuracy_test/task:	24.54398148148148
accuracy_test/concepts:	99.99834442138672
map_test/concepts:	0.999904100384031

Epoch 28
losses_train/task:	1.7422581911087036
losses_train/concepts:	0.0018893064698204398
losses_train/precision:	0.00012042676826240495
losses_train/total:	1.7442677021026611
losses_test/task:	1.7436754703521729
losses_test/concepts:	0.0014773441944271326
losses_test/precision:	0.0001395304425386712
losses_test/total:	1.7452927827835083
calibration_test/ece:	0.010844742879271507
calibration_test/brier:	0.8173065781593323
accuracy_test/task:	24.53009259259259
accuracy_test/concepts:	99.9985122680664
map_test/concepts:	0.9999040876116071

Epoch 29
losses_train/task:	1.742118000984192
losses_train/concepts:	0.002048059133812785
losses_train/precision:	0.00011809351417468861
losses_train/total:	1.7442823648452759
losses_test/task:	1.7435758113861084
losses_test/concepts:	0.001448354683816433
losses_test/precision:	0.00014862681564409286
losses_test/total:	1.7451726198196411
calibration_test/ece:	0.01240873709321022
calibration_test/brier:	0.817279577255249
accuracy_test/task:	24.53240740740741
accuracy_test/concepts:	99.99834442138672
map_test/concepts:	0.999904100384031

Epoch 30
losses_train/task:	1.7420525550842285
losses_train/concepts:	0.002017023740336299
losses_train/precision:	0.00011974244262091815
losses_train/total:	1.7441887855529785
losses_test/task:	1.7434519529342651
losses_test/concepts:	0.0014494169736281037
losses_test/precision:	9.735870116855949e-05
losses_test/total:	1.7449995279312134
calibration_train/ece:	0.011718501336872578
calibration_train/brier:	0.8166823387145996
accuracy_train/task:	24.73829668972332
calibration_test/ece:	0.010918288491666317
calibration_test/brier:	0.8172425031661987
accuracy_test/task:	24.488425925925927
accuracy_train/concepts:	100.0
map_train/concepts:	0.9999680135931287
accuracy_test/concepts:	99.99834442138672
map_test/concepts:	0.999904100384031
accuracy_test/nuisances_task:	14.212963543832302
accuracy_test/nuisances_nontask:	4.08796276897192
mutual_inf_test/nuisances_task:	0.25944041067928614
mutual_inf_test/nuisances_nontask:	0.07917157036313771

Epoch 31
losses_train/task:	1.741947054862976
losses_train/concepts:	0.0021285866387188435
losses_train/precision:	0.00011674304550979286
losses_train/total:	1.7441937923431396
losses_test/task:	1.743329644203186
losses_test/concepts:	0.0015964268241077662
losses_test/precision:	0.00011972310312557966
losses_test/total:	1.7450459003448486
calibration_test/ece:	0.009136632084846497
calibration_test/brier:	0.8172070384025574
accuracy_test/task:	24.46064814814815
accuracy_test/concepts:	99.9985122680664
map_test/concepts:	0.9999040833541325

Epoch 32
losses_train/task:	1.7418749332427979
losses_train/concepts:	0.002043567132204771
losses_train/precision:	0.00011753693252103403
losses_train/total:	1.7440351247787476
losses_test/task:	1.7433222532272339
losses_test/concepts:	0.001575414091348648
losses_test/precision:	0.00011198849824722856
losses_test/total:	1.7450098991394043
calibration_test/ece:	0.011658924631774426
calibration_test/brier:	0.817209005355835
accuracy_test/task:	24.65740740740741
accuracy_test/concepts:	99.99784851074219
map_test/concepts:	0.9999040961265564

Epoch 33
losses_train/task:	1.7417573928833008
losses_train/concepts:	0.002077152719721198
losses_train/precision:	0.00011435076157795265
losses_train/total:	1.7439489364624023
losses_test/task:	1.743167519569397
losses_test/concepts:	0.0013323143357411027
losses_test/precision:	0.000139865733217448
losses_test/total:	1.7446396350860596
calibration_test/ece:	0.010635243728756905
calibration_test/brier:	0.8171734809875488
accuracy_test/task:	24.55787037037037
accuracy_test/concepts:	99.9991683959961
map_test/concepts:	0.9999041046415057

Epoch 34
losses_train/task:	1.7417460680007935
losses_train/concepts:	0.00214139255695045
losses_train/precision:	0.00011788470146711916
losses_train/total:	1.744005560874939
losses_test/task:	1.7430620193481445
losses_test/concepts:	0.0012281500967219472
losses_test/precision:	0.00011844442633446306
losses_test/total:	1.7444096803665161
calibration_test/ece:	0.007531754672527313
calibration_test/brier:	0.8171215653419495
accuracy_test/task:	24.32638888888889
accuracy_test/concepts:	99.99933624267578
map_test/concepts:	0.9999041088989803

Epoch 35
losses_train/task:	1.7415921688079834
losses_train/concepts:	0.002024883171543479
losses_train/precision:	0.00011810113937826827
losses_train/total:	1.7437347173690796
losses_test/task:	1.7431423664093018
losses_test/concepts:	0.0016197178047150373
losses_test/precision:	0.00012454383249860257
losses_test/total:	1.7448877096176147
calibration_test/ece:	0.01068789605051279
calibration_test/brier:	0.8171374201774597
accuracy_test/task:	24.62962962962963
accuracy_test/concepts:	99.99867248535156
map_test/concepts:	0.9999040833541325

Epoch 36
losses_train/task:	1.7415006160736084
losses_train/concepts:	0.002065293723717332
losses_train/precision:	0.00011777012696256861
losses_train/total:	1.7436848878860474
losses_test/task:	1.742872953414917
losses_test/concepts:	0.00152814039029181
losses_test/precision:	0.00012915479601360857
losses_test/total:	1.7445298433303833
calibration_test/ece:	0.01086981687694788
calibration_test/brier:	0.8170732259750366
accuracy_test/task:	24.569444444444443
accuracy_test/concepts:	99.99867248535156
map_test/concepts:	0.9999040918690818

Epoch 37
losses_train/task:	1.7414168119430542
losses_train/concepts:	0.002237624255940318
losses_train/precision:	0.00011679590534185991
losses_train/total:	1.7437714338302612
losses_test/task:	1.7428547143936157
losses_test/concepts:	0.001738181454129517
losses_test/precision:	0.00011366575199645013
losses_test/total:	1.7447062730789185
calibration_test/ece:	0.008511134423315525
calibration_test/brier:	0.8170550465583801
accuracy_test/task:	24.45138888888889
accuracy_test/concepts:	99.99800872802734
map_test/concepts:	0.999904066324234

Epoch 38
losses_train/task:	1.7413172721862793
losses_train/concepts:	0.002171675907447934
losses_train/precision:	0.00011630634253378958
losses_train/total:	1.7436048984527588
losses_test/task:	1.7427939176559448
losses_test/concepts:	0.0014352479483932257
losses_test/precision:	0.00011119239206891507
losses_test/total:	1.7443411350250244
calibration_test/ece:	0.00933578610420227
calibration_test/brier:	0.8170279860496521
accuracy_test/task:	24.59490740740741
accuracy_test/concepts:	99.99867248535156
map_test/concepts:	0.9999040918690818

Epoch 39
losses_train/task:	1.7412488460540771
losses_train/concepts:	0.002209494123235345
losses_train/precision:	0.00011461509711807594
losses_train/total:	1.743574857711792
losses_test/task:	1.742560625076294
losses_test/concepts:	0.0016767665510997176
losses_test/precision:	0.00011121329589514062
losses_test/total:	1.7443482875823975
calibration_test/ece:	0.010479070246219635
calibration_test/brier:	0.8169625997543335
accuracy_test/task:	24.60648148148148
accuracy_test/concepts:	99.99800872802734
map_test/concepts:	0.999904100384031

Epoch 40
losses_train/task:	1.7411422729492188
losses_train/concepts:	0.002215478802099824
losses_train/precision:	0.0001170464456663467
losses_train/total:	1.7434746026992798
losses_test/task:	1.7424997091293335
losses_test/concepts:	0.0016320000868290663
losses_test/precision:	0.00012282516399864107
losses_test/total:	1.744255542755127
calibration_train/ece:	0.012313071638345718
calibration_train/brier:	0.81639164686203
accuracy_train/task:	24.857954545454547
calibration_test/ece:	0.009780511260032654
calibration_test/brier:	0.8169518709182739
accuracy_test/task:	24.60185185185185
accuracy_train/concepts:	100.0
map_train/concepts:	0.999968022108078
accuracy_test/concepts:	99.99867248535156
map_test/concepts:	0.999904066324234
accuracy_test/nuisances_task:	13.993055932223797
accuracy_test/nuisances_nontask:	3.9259258657693863
mutual_inf_test/nuisances_task:	0.2499349672741692
mutual_inf_test/nuisances_nontask:	0.0793185755727337

Epoch 41
losses_train/task:	1.7409106492996216
losses_train/concepts:	0.0022698314860463142
losses_train/precision:	1.337049252470024e-05
losses_train/total:	1.743193507194519
losses_test/task:	1.7424592971801758
losses_test/concepts:	0.001665303367190063
losses_test/precision:	1.0270376151311211e-05
losses_test/total:	1.7441359758377075
calibration_test/ece:	0.008881901390850544
calibration_test/brier:	0.816935658454895
accuracy_test/task:	24.564814814814813
accuracy_test/concepts:	99.99867248535156
map_test/concepts:	0.9999040961265564

Epoch 42
losses_train/task:	1.7408689260482788
losses_train/concepts:	0.0022011445835232735
losses_train/precision:	1.1606733096414246e-05
losses_train/total:	1.743082046508789
losses_test/task:	1.7424471378326416
losses_test/concepts:	0.001522931968793273
losses_test/precision:	1.1695593457261566e-05
losses_test/total:	1.7439815998077393
calibration_test/ece:	0.009106556884944439
calibration_test/brier:	0.8169295191764832
accuracy_test/task:	24.59490740740741
accuracy_test/concepts:	99.99867248535156
map_test/concepts:	0.9999040961265564

Epoch 43
losses_train/task:	1.7408511638641357
losses_train/concepts:	0.0021918935235589743
losses_train/precision:	1.204353611683473e-05
losses_train/total:	1.7430543899536133
losses_test/task:	1.7424341440200806
losses_test/concepts:	0.0014545256271958351
losses_test/precision:	9.934948138834443e-06
losses_test/total:	1.743897557258606
calibration_test/ece:	0.00906386598944664
calibration_test/brier:	0.8169244527816772
accuracy_test/task:	24.59490740740741
accuracy_test/concepts:	99.99884033203125
map_test/concepts:	0.9999040918690818

Epoch 44
losses_train/task:	1.7408503293991089
losses_train/concepts:	0.0021574448328465223
losses_train/precision:	1.1328748769301455e-05
losses_train/total:	1.7430179119110107
losses_test/task:	1.7424119710922241
losses_test/concepts:	0.0014245768543332815
losses_test/precision:	1.031228657666361e-05
losses_test/total:	1.7438470125198364
calibration_test/ece:	0.008495132438838482
calibration_test/brier:	0.8169174790382385
accuracy_test/task:	24.54398148148148
accuracy_test/concepts:	99.99933624267578
map_test/concepts:	0.9999040961265564

Epoch 45
losses_train/task:	1.7408356666564941
losses_train/concepts:	0.0022345061879605055
losses_train/precision:	1.1589918358367868e-05
losses_train/total:	1.7430791854858398
losses_test/task:	1.7424108982086182
losses_test/concepts:	0.0013789747608825564
losses_test/precision:	1.0878138709813356e-05
losses_test/total:	1.7438009977340698
calibration_test/ece:	0.008984534069895744
calibration_test/brier:	0.8169164061546326
accuracy_test/task:	24.59722222222222
accuracy_test/concepts:	99.9991683959961
map_test/concepts:	0.999904100384031

Epoch 46
losses_train/task:	1.7408136129379272
losses_train/concepts:	0.0022428464144468307
losses_train/precision:	1.1828986316686496e-05
losses_train/total:	1.743066668510437
losses_test/task:	1.7424055337905884
losses_test/concepts:	0.0014792761066928506
losses_test/precision:	1.2156761840742547e-05
losses_test/total:	1.7438974380493164
calibration_test/ece:	0.00893364567309618
calibration_test/brier:	0.8169146180152893
accuracy_test/task:	24.59490740740741
accuracy_test/concepts:	99.99900817871094
map_test/concepts:	0.999904100384031

Epoch 47
losses_train/task:	1.7408080101013184
losses_train/concepts:	0.002244644332677126
losses_train/precision:	1.1998180525552016e-05
losses_train/total:	1.7430644035339355
losses_test/task:	1.742405891418457
losses_test/concepts:	0.0014317672466859221
losses_test/precision:	1.0081736036227085e-05
losses_test/total:	1.743847370147705
calibration_test/ece:	0.008919384330511093
calibration_test/brier:	0.8169131875038147
accuracy_test/task:	24.59490740740741
accuracy_test/concepts:	99.99867248535156
map_test/concepts:	0.999904100384031

Epoch 48
losses_train/task:	1.7408205270767212
losses_train/concepts:	0.002181107411161065
losses_train/precision:	1.158709255832946e-05
losses_train/total:	1.7430131435394287
losses_test/task:	1.7423820495605469
losses_test/concepts:	0.0013944355305284262
losses_test/precision:	1.1758460459532216e-05
losses_test/total:	1.743788480758667
calibration_test/ece:	0.008943479508161545
calibration_test/brier:	0.8169059157371521
accuracy_test/task:	24.599537037037038
accuracy_test/concepts:	99.99933624267578
map_test/concepts:	0.999904100384031

Epoch 49
losses_train/task:	1.7408145666122437
losses_train/concepts:	0.0022640451788902283
losses_train/precision:	1.1439552508818451e-05
losses_train/total:	1.7430903911590576
losses_test/task:	1.742380976676941
losses_test/concepts:	0.0014224931364879012
losses_test/precision:	1.2575913387991022e-05
losses_test/total:	1.7438154220581055
calibration_test/ece:	0.008894308470189571
calibration_test/brier:	0.8169055581092834
accuracy_test/task:	24.59490740740741
accuracy_test/concepts:	99.99884033203125
map_test/concepts:	0.999904100384031

Epoch 50
losses_train/task:	1.7407753467559814
losses_train/concepts:	0.0021187185775488615
losses_train/precision:	1.1556700883375015e-05
losses_train/total:	1.742906093597412
losses_test/task:	1.7423615455627441
losses_test/concepts:	0.0013303045416250825
losses_test/precision:	1.0878138709813356e-05
losses_test/total:	1.7437024116516113
calibration_train/ece:	0.011381466872990131
calibration_train/brier:	0.816342294216156
accuracy_train/task:	24.854866600790515
calibration_test/ece:	0.008914879523217678
calibration_test/brier:	0.8168994188308716
accuracy_test/task:	24.599537037037038
accuracy_train/concepts:	100.0
map_train/concepts:	0.9999680135931287
accuracy_test/concepts:	99.99933624267578
map_test/concepts:	0.999904100384031
accuracy_test/nuisances_task:	13.817129284143448
accuracy_test/nuisances_nontask:	3.9953703060746193
mutual_inf_test/nuisances_task:	0.2488418854163973
mutual_inf_test/nuisances_nontask:	0.07876160491187456

epoch_50.pt
groups=0 err_lowconf=75.400 err_random=75.400
groups=1 err_lowconf=75.396 err_random=75.396
groups=2 err_lowconf=75.396 err_random=75.396
groups=3 err_lowconf=75.396 err_random=75.396
groups=4 err_lowconf=75.396 err_random=75.396
groups=5 err_lowconf=75.396 err_random=75.396
groups=6 err_lowconf=75.396 err_random=75.396
groups=7 err_lowconf=75.396 err_random=75.396
groups=8 err_lowconf=75.396 err_random=75.396
groups=9 err_lowconf=75.396 err_random=75.396
groups=10 err_lowconf=75.396 err_random=75.396
groups=11 err_lowconf=75.396 err_random=75.396
groups=12 err_lowconf=75.396 err_random=75.396
groups=13 err_lowconf=75.396 err_random=75.396
groups=14 err_lowconf=75.396 err_random=75.396
[1;34mwandb[0m:
[1;34mwandb[0m: You can sync this run to the cloud by running:
[1;34mwandb[0m: [1mwandb sync /research/hal-afsharim/minimal_cbm/results/mpi3d-shcbm/43/wandb/offline-run-20260725_183218-i452opjv[0m
[1;34mwandb[0m: Find logs at: [1;35mresults/mpi3d-shcbm/43/wandb/offline-run-20260725_183218-i452opjv/logs[0m
