
===== launch 2026-07-25 20:06:48.488982 gpu1 =====
wandb: Using wandb-core as the SDK backend.  Please refer to https://wandb.me/wandb-core for more information.
wandb: Tracking run with wandb version 0.19.0
wandb: W&B syncing is set to `offline` in this directory.  
wandb: Run `wandb online` or set WANDB_MODE=online to enable cloud syncing.
Epoch 1
losses_train/task:	1.7158479690551758
losses_train/concepts:	2.2361083030700684
losses_train/representations:	2.929713726043701
losses_train/total:	18.60052490234375
losses_test/task:	1.7424967288970947
losses_test/concepts:	1.07687509059906
losses_test/representations:	3.7055253982543945
losses_test/total:	21.34699249267578
calibration_test/ece:	0.0462048165500164
calibration_test/brier:	0.8173050284385681
accuracy_test/task:	25.145833333333332
accuracy_test/concepts:	96.85697937011719
map_test/concepts:	0.9946507470948356

Epoch 2
losses_train/task:	1.73067045211792
losses_train/concepts:	0.6120044589042664
losses_train/representations:	1.020970344543457
losses_train/total:	7.447532653808594
losses_test/task:	1.768203854560852
losses_test/concepts:	0.3882785737514496
losses_test/representations:	1.0957361459732056
losses_test/total:	7.635165214538574
calibration_test/ece:	0.032424625009298325
calibration_test/brier:	0.8246167898178101
accuracy_test/task:	22.53935185185185
accuracy_test/concepts:	99.11176300048828
map_test/concepts:	0.9969600651945386

Epoch 3
losses_train/task:	1.7530306577682495
losses_train/concepts:	0.29570522904396057
losses_train/representations:	0.4493221640586853
losses_train/total:	4.295349597930908
losses_test/task:	1.7299796342849731
losses_test/concepts:	0.08497382700443268
losses_test/representations:	0.620769202709198
losses_test/total:	4.918801307678223
calibration_test/ece:	0.024422138929367065
calibration_test/brier:	0.8129947781562805
accuracy_test/task:	25.613425925925927
accuracy_test/concepts:	99.86341857910156
map_test/concepts:	0.9997729531356266

Epoch 4
losses_train/task:	1.7622027397155762
losses_train/concepts:	0.1877460777759552
losses_train/representations:	0.21981178224086761
losses_train/total:	3.049004077911377
losses_test/task:	1.7517962455749512
losses_test/concepts:	0.6164541840553284
losses_test/representations:	1.0842859745025635
losses_test/total:	7.789684295654297
calibration_test/ece:	0.010389621369540691
calibration_test/brier:	0.8200381398200989
accuracy_test/task:	23.51851851851852
accuracy_test/concepts:	99.0443115234375
map_test/concepts:	0.9994291833468846

Epoch 5
losses_train/task:	1.762673020362854
losses_train/concepts:	0.14680393040180206
losses_train/representations:	0.13668929040431976
losses_train/total:	2.5929248332977295
losses_test/task:	1.7436968088150024
losses_test/concepts:	0.05104735493659973
losses_test/representations:	0.22014673054218292
losses_test/total:	2.895477056503296
calibration_test/ece:	0.013957741670310497
calibration_test/brier:	0.8174158930778503
accuracy_test/task:	24.40740740740741
accuracy_test/concepts:	99.92857360839844
map_test/concepts:	0.999902503831046

Epoch 6
losses_train/task:	1.7618142366409302
losses_train/concepts:	0.13478754460811615
losses_train/representations:	0.10281260311603546
losses_train/total:	2.4106626510620117
losses_test/task:	1.7509547472000122
losses_test/concepts:	0.033046282827854156
losses_test/representations:	0.18554285168647766
losses_test/total:	2.711714267730713
calibration_test/ece:	0.004214850254356861
calibration_test/brier:	0.8195590972900391
accuracy_test/task:	23.88888888888889
accuracy_test/concepts:	99.9462661743164
map_test/concepts:	0.9998746769768851

Epoch 7
losses_train/task:	1.761199712753296
losses_train/concepts:	0.10239534080028534
losses_train/representations:	0.050128817558288574
losses_train/total:	2.1142382621765137
losses_test/task:	1.7486034631729126
losses_test/concepts:	0.009902764111757278
losses_test/representations:	0.036771200597286224
losses_test/total:	1.9423623085021973
calibration_test/ece:	0.005802358500659466
calibration_test/brier:	0.8188273906707764
accuracy_test/task:	24.28472222222222
accuracy_test/concepts:	99.99983215332031
map_test/concepts:	0.9999041088989803

Epoch 8
losses_train/task:	1.7598642110824585
losses_train/concepts:	0.10217423737049103
losses_train/representations:	0.04500715434551239
losses_train/total:	2.0870745182037354
losses_test/task:	1.7429531812667847
losses_test/concepts:	0.11447983235120773
losses_test/representations:	0.15383821725845337
losses_test/total:	2.626624345779419
calibration_test/ece:	0.009708079509437084
calibration_test/brier:	0.8170576691627502
accuracy_test/task:	24.58101851851852
accuracy_test/concepts:	99.84722137451172
map_test/concepts:	0.9988975482327598

Epoch 9
losses_train/task:	1.7583231925964355
losses_train/concepts:	0.10024520754814148
losses_train/representations:	0.04174960404634476
losses_train/total:	2.0673179626464844
losses_test/task:	1.7434568405151367
losses_test/concepts:	0.007697750348597765
losses_test/representations:	0.02302599884569645
losses_test/total:	1.8662837743759155
calibration_test/ece:	0.006050828378647566
calibration_test/brier:	0.8172209858894348
accuracy_test/task:	24.391203703703702
accuracy_test/concepts:	99.99967193603516
map_test/concepts:	0.9999041131564549

Epoch 10
losses_train/task:	1.7570111751556396
losses_train/concepts:	0.10441223531961441
losses_train/representations:	0.04587921127676964
losses_train/total:	2.0908195972442627
losses_test/task:	1.745970606803894
losses_test/concepts:	0.006836222019046545
losses_test/representations:	0.014325452037155628
losses_test/total:	1.8244348764419556
calibration_train/ece:	0.004673168063163757
calibration_train/brier:	0.8176731467247009
accuracy_train/task:	24.089056324110672
calibration_test/ece:	0.003728714771568775
calibration_test/brier:	0.8181554079055786
accuracy_test/task:	23.72222222222222
accuracy_train/concepts:	99.99988555908203
map_train/concepts:	0.9999680135931287
accuracy_test/concepts:	99.99967193603516
map_test/concepts:	0.9999041088989803
accuracy_test/nuisances_task:	0.08564814925193787
accuracy_test/nuisances_nontask:	0.2199072390794754
mutual_inf_test/nuisances_task:	-2.8128807181504456e-05
mutual_inf_test/nuisances_nontask:	-1.0109728002527518e-06

Epoch 11
losses_train/task:	1.7564501762390137
losses_train/concepts:	0.09089767932891846
losses_train/representations:	0.026056403294205666
losses_train/total:	1.977630615234375
losses_test/task:	1.7439848184585571
losses_test/concepts:	0.00631887698546052
losses_test/representations:	0.01451459713280201
losses_test/total:	1.822874903678894
calibration_test/ece:	0.005211951211094856
calibration_test/brier:	0.8174914717674255
accuracy_test/task:	24.17361111111111
accuracy_test/concepts:	99.99967193603516
map_test/concepts:	0.9999041131564549

Epoch 12
losses_train/task:	1.7559205293655396
losses_train/concepts:	0.08535350114107132
losses_train/representations:	0.017657415941357613
losses_train/total:	1.929560899734497
losses_test/task:	1.741565465927124
losses_test/concepts:	0.005558350123465061
losses_test/representations:	0.009436328895390034
losses_test/total:	1.7943055629730225
calibration_test/ece:	0.0034401998855173588
calibration_test/brier:	0.8167294263839722
accuracy_test/task:	24.25
accuracy_test/concepts:	100.0
map_test/concepts:	0.9999041088989803

Epoch 13
losses_train/task:	1.7555670738220215
losses_train/concepts:	0.08350799977779388
losses_train/representations:	0.013412845320999622
losses_train/total:	1.9061394929885864
losses_test/task:	1.7412153482437134
losses_test/concepts:	0.00512603297829628
losses_test/representations:	0.013714305125176907
losses_test/total:	1.81491219997406
calibration_test/ece:	0.004472533240914345
calibration_test/brier:	0.816654622554779
accuracy_test/task:	24.694444444444443
accuracy_test/concepts:	100.0
map_test/concepts:	0.9999041088989803

Epoch 14
losses_train/task:	1.755813479423523
losses_train/concepts:	0.08474189043045044
losses_train/representations:	0.016431497409939766
losses_train/total:	1.922713279724121
losses_test/task:	1.7420047521591187
losses_test/concepts:	0.004760727286338806
losses_test/representations:	0.013003267347812653
losses_test/total:	1.8117812871932983
calibration_test/ece:	0.0032342327758669853
calibration_test/brier:	0.8168063759803772
accuracy_test/task:	24.07175925925926
accuracy_test/concepts:	100.0
map_test/concepts:	0.9999041088989803

Epoch 15
losses_train/task:	1.754144310951233
losses_train/concepts:	0.08004658669233322
losses_train/representations:	0.011364493519067764
losses_train/total:	1.8910127878189087
losses_test/task:	1.7402290105819702
losses_test/concepts:	0.004479788709431887
losses_test/representations:	0.009331603534519672
losses_test/total:	1.791366457939148
calibration_test/ece:	0.004350373987108469
calibration_test/brier:	0.8162570595741272
accuracy_test/task:	24.416666666666668
accuracy_test/concepts:	100.0
map_test/concepts:	0.9999041088989803

Epoch 16
losses_train/task:	1.7535847425460815
losses_train/concepts:	0.09721824526786804
losses_train/representations:	0.03176946938037872
losses_train/total:	2.009650230407715
losses_test/task:	1.7407888174057007
losses_test/concepts:	0.007173629477620125
losses_test/representations:	0.028085684403777122
losses_test/total:	1.8883904218673706
calibration_test/ece:	0.004822550341486931
calibration_test/brier:	0.8164004683494568
accuracy_test/task:	24.641203703703702
accuracy_test/concepts:	99.99520111083984
map_test/concepts:	0.9999030530452728

Epoch 17
losses_train/task:	1.7537477016448975
losses_train/concepts:	0.08720564842224121
losses_train/representations:	0.019574258476495743
losses_train/total:	1.9388245344161987
losses_test/task:	1.741621971130371
losses_test/concepts:	0.0057096099480986595
losses_test/representations:	0.014132516458630562
losses_test/total:	1.8179930448532104
calibration_test/ece:	0.008929102681577206
calibration_test/brier:	0.8169294595718384
accuracy_test/task:	24.28935185185185
accuracy_test/concepts:	99.99736022949219
map_test/concepts:	0.9999040876116071

Epoch 18
losses_train/task:	1.753738284111023
losses_train/concepts:	0.08251769840717316
losses_train/representations:	0.011494199745357037
losses_train/total:	1.8937270641326904
losses_test/task:	1.7405778169631958
losses_test/concepts:	0.003783750580623746
losses_test/representations:	0.006056284066289663
losses_test/total:	1.7746431827545166
calibration_test/ece:	0.0038926727138459682
calibration_test/brier:	0.816354513168335
accuracy_test/task:	24.212962962962962
accuracy_test/concepts:	100.0
map_test/concepts:	0.9999041088989803

Epoch 19
losses_train/task:	1.7529466152191162
losses_train/concepts:	0.08346781134605408
losses_train/representations:	0.015017740428447723
losses_train/total:	1.911499261856079
losses_test/task:	1.7411800622940063
losses_test/concepts:	0.0036112337838858366
losses_test/representations:	0.011293956078588963
losses_test/total:	1.8012608289718628
calibration_test/ece:	0.006307337433099747
calibration_test/brier:	0.8169142603874207
accuracy_test/task:	24.29861111111111
accuracy_test/concepts:	100.0
map_test/concepts:	0.9999041088989803

Epoch 20
losses_train/task:	1.752246379852295
losses_train/concepts:	0.0782175287604332
losses_train/representations:	0.009418751113116741
losses_train/total:	1.8775572776794434
losses_test/task:	1.738969326019287
losses_test/concepts:	0.003456681501120329
losses_test/representations:	0.006221250630915165
losses_test/total:	1.7735326290130615
calibration_train/ece:	0.004723827820271254
calibration_train/brier:	0.815416157245636
accuracy_train/task:	24.548388092885375
calibration_test/ece:	0.0019351711962372065
calibration_test/brier:	0.81591796875
accuracy_test/task:	24.243055555555557
accuracy_train/concepts:	100.0
map_train/concepts:	0.999968022108078
accuracy_test/concepts:	100.0
map_test/concepts:	0.9999041088989803
accuracy_test/nuisances_task:	-0.10648146271705627
accuracy_test/nuisances_nontask:	0.12500006705522537
mutual_inf_test/nuisances_task:	1.2349101987663147e-06
mutual_inf_test/nuisances_nontask:	9.367264537041287e-06

Epoch 21
losses_train/task:	1.747550368309021
losses_train/concepts:	0.07701493054628372
losses_train/representations:	0.00531809451058507
losses_train/total:	1.8511570692062378
losses_test/task:	1.7356622219085693
losses_test/concepts:	0.0034392853267490864
losses_test/representations:	0.0042022839188575745
losses_test/total:	1.7601118087768555
calibration_test/ece:	0.007303269114345312
calibration_test/brier:	0.8147600293159485
accuracy_test/task:	24.89814814814815
accuracy_test/concepts:	100.0
map_test/concepts:	0.9999041088989803

Epoch 22
losses_train/task:	1.7464599609375
losses_train/concepts:	0.07976144552230835
losses_train/representations:	0.005167259369045496
losses_train/total:	1.8520572185516357
losses_test/task:	1.7351144552230835
losses_test/concepts:	0.0034211669117212296
losses_test/representations:	0.00423877639696002
losses_test/total:	1.7597287893295288
calibration_test/ece:	0.005459790583699942
calibration_test/brier:	0.8145672678947449
accuracy_test/task:	24.80324074074074
accuracy_test/concepts:	100.0
map_test/concepts:	0.9999041088989803

Epoch 23
losses_train/task:	1.7465389966964722
losses_train/concepts:	0.07884230464696884
losses_train/representations:	0.005007374566048384
losses_train/total:	1.8504173755645752
losses_test/task:	1.7349227666854858
losses_test/concepts:	0.0034086224623024464
losses_test/representations:	0.0039290026761591434
losses_test/total:	1.7579755783081055
calibration_test/ece:	0.006223115138709545
calibration_test/brier:	0.8145084381103516
accuracy_test/task:	24.65740740740741
accuracy_test/concepts:	100.0
map_test/concepts:	0.9999041088989803

Epoch 24
losses_train/task:	1.7468540668487549
losses_train/concepts:	0.07951447367668152
losses_train/representations:	0.004983037244528532
losses_train/total:	1.8512837886810303
losses_test/task:	1.7344374656677246
losses_test/concepts:	0.0033911392092704773
losses_test/representations:	0.004147122148424387
losses_test/total:	1.7585644721984863
calibration_test/ece:	0.006920888554304838
calibration_test/brier:	0.8143361210823059
accuracy_test/task:	24.98611111111111
accuracy_test/concepts:	100.0
map_test/concepts:	0.9999041088989803

Epoch 25
losses_train/task:	1.7462116479873657
losses_train/concepts:	0.0804213136434555
losses_train/representations:	0.004959797952324152
losses_train/total:	1.851433515548706
losses_test/task:	1.7343629598617554
losses_test/concepts:	0.003376196837052703
losses_test/representations:	0.003588791936635971
losses_test/total:	1.7556840181350708
calibration_test/ece:	0.006460963282734156
calibration_test/brier:	0.8143460750579834
accuracy_test/task:	25.0625
accuracy_test/concepts:	100.0
map_test/concepts:	0.9999041088989803

Epoch 26
losses_train/task:	1.7456895112991333
losses_train/concepts:	0.08057761937379837
losses_train/representations:	0.004883261397480965
losses_train/total:	1.8506834506988525
losses_test/task:	1.7342451810836792
losses_test/concepts:	0.0033617231529206038
losses_test/representations:	0.003935953136533499
losses_test/total:	1.7572873830795288
calibration_test/ece:	0.006869998760521412
calibration_test/brier:	0.814277172088623
accuracy_test/task:	25.055555555555557
accuracy_test/concepts:	100.0
map_test/concepts:	0.9999041088989803

Epoch 27
losses_train/task:	1.7463103532791138
losses_train/concepts:	0.0778081938624382
losses_train/representations:	0.004769951105117798
losses_train/total:	1.8479689359664917
losses_test/task:	1.7343980073928833
losses_test/concepts:	0.0033459982369095087
losses_test/representations:	0.00370539678260684
losses_test/total:	1.7562724351882935
calibration_test/ece:	0.006002076901495457
calibration_test/brier:	0.8143247961997986
accuracy_test/task:	24.819444444444443
accuracy_test/concepts:	100.0
map_test/concepts:	0.9999041088989803

Epoch 28
losses_train/task:	1.7453906536102295
losses_train/concepts:	0.07781145721673965
losses_train/representations:	0.004729713313281536
losses_train/total:	1.8468520641326904
losses_test/task:	1.7339640855789185
losses_test/concepts:	0.0033288090489804745
losses_test/representations:	0.003961564972996712
losses_test/total:	1.7571003437042236
calibration_test/ece:	0.005261333659291267
calibration_test/brier:	0.8142165541648865
accuracy_test/task:	24.854166666666668
accuracy_test/concepts:	100.0
map_test/concepts:	0.9999041088989803

Epoch 29
losses_train/task:	1.7461457252502441
losses_train/concepts:	0.07895448803901672
losses_train/representations:	0.004818121436983347
losses_train/total:	1.8491907119750977
losses_test/task:	1.7339835166931152
losses_test/concepts:	0.0033151067327708006
losses_test/representations:	0.0037512306589633226
losses_test/total:	1.756054401397705
calibration_test/ece:	0.005062748212367296
calibration_test/brier:	0.8142113089561462
accuracy_test/task:	25.03472222222222
accuracy_test/concepts:	100.0
map_test/concepts:	0.9999041088989803

Epoch 30
losses_train/task:	1.7460206747055054
losses_train/concepts:	0.08056630194187164
losses_train/representations:	0.004713547881692648
losses_train/total:	1.8501577377319336
losses_test/task:	1.7337473630905151
losses_test/concepts:	0.003301131073385477
losses_test/representations:	0.0036722994409501553
losses_test/total:	1.7554093599319458
calibration_train/ece:	0.006496908143162727
calibration_train/brier:	0.8135566711425781
accuracy_train/task:	25.21384016798419
calibration_test/ece:	0.005567263346165419
calibration_test/brier:	0.8141292929649353
accuracy_test/task:	25.12037037037037
accuracy_train/concepts:	100.0
map_train/concepts:	0.9999680135931287
accuracy_test/concepts:	100.0
map_test/concepts:	0.9999041088989803
accuracy_test/nuisances_task:	0.10416656732559204
accuracy_test/nuisances_nontask:	0.11342596262693405
mutual_inf_test/nuisances_task:	-1.2836548085815025e-05
mutual_inf_test/nuisances_nontask:	-2.542117861015214e-05

Epoch 31
losses_train/task:	1.745787262916565
losses_train/concepts:	0.07681304961442947
losses_train/representations:	0.004643215332180262
losses_train/total:	1.8458172082901
losses_test/task:	1.7338329553604126
losses_test/concepts:	0.003287107916548848
losses_test/representations:	0.0034704722929745913
losses_test/total:	1.7544718980789185
calibration_test/ece:	0.003713714424520731
calibration_test/brier:	0.8141780495643616
accuracy_test/task:	25.07638888888889
accuracy_test/concepts:	100.0
map_test/concepts:	0.9999041088989803

Epoch 32
losses_train/task:	1.7455908060073853
losses_train/concepts:	0.07839284837245941
losses_train/representations:	0.00456882081925869
losses_train/total:	1.8468286991119385
losses_test/task:	1.7337762117385864
losses_test/concepts:	0.0032721443567425013
losses_test/representations:	0.003728549461811781
losses_test/total:	1.755691647529602
calibration_test/ece:	0.004908928647637367
calibration_test/brier:	0.8141607642173767
accuracy_test/task:	25.083333333333332
accuracy_test/concepts:	100.0
map_test/concepts:	0.9999041088989803

Epoch 33
losses_train/task:	1.7457332611083984
losses_train/concepts:	0.07650832831859589
losses_train/representations:	0.004565584473311901
losses_train/total:	1.8450692892074585
losses_test/task:	1.7339284420013428
losses_test/concepts:	0.0032586550805717707
losses_test/representations:	0.0035366625525057316
losses_test/total:	1.7548716068267822
calibration_test/ece:	0.002332754898816347
calibration_test/brier:	0.8142421841621399
accuracy_test/task:	24.80787037037037
accuracy_test/concepts:	100.0
map_test/concepts:	0.9999041088989803

Epoch 34
losses_train/task:	1.7450456619262695
losses_train/concepts:	0.07935994863510132
losses_train/representations:	0.004488860256969929
losses_train/total:	1.8468475341796875
losses_test/task:	1.733323574066162
losses_test/concepts:	0.0032480123918503523
losses_test/representations:	0.003342973068356514
losses_test/total:	1.7532860040664673
calibration_test/ece:	0.008331396616995335
calibration_test/brier:	0.8139991760253906
accuracy_test/task:	25.22685185185185
accuracy_test/concepts:	100.0
map_test/concepts:	0.9999041088989803

Epoch 35
losses_train/task:	1.745060682296753
losses_train/concepts:	0.07798653841018677
losses_train/representations:	0.00448349304497242
losses_train/total:	1.845463514328003
losses_test/task:	1.7333756685256958
losses_test/concepts:	0.0032325340434908867
losses_test/representations:	0.003815065138041973
losses_test/total:	1.755683183670044
calibration_test/ece:	0.002984615508466959
calibration_test/brier:	0.8140462040901184
accuracy_test/task:	25.104166666666668
accuracy_test/concepts:	100.0
map_test/concepts:	0.9999041088989803

Epoch 36
losses_train/task:	1.74514901638031
losses_train/concepts:	0.07883405685424805
losses_train/representations:	0.004487998783588409
losses_train/total:	1.8464231491088867
losses_test/task:	1.7334976196289062
losses_test/concepts:	0.0032184377778321505
losses_test/representations:	0.003609876614063978
losses_test/total:	1.754765272140503
calibration_test/ece:	0.0026016682386398315
calibration_test/brier:	0.8140760660171509
accuracy_test/task:	24.96759259259259
accuracy_test/concepts:	100.0
map_test/concepts:	0.9999041088989803

Epoch 37
losses_train/task:	1.7455273866653442
losses_train/concepts:	0.08251019567251205
losses_train/representations:	0.004492504056543112
losses_train/total:	1.850501298904419
losses_test/task:	1.7331721782684326
losses_test/concepts:	0.003206605324521661
losses_test/representations:	0.003621982177719474
losses_test/total:	1.7544885873794556
calibration_test/ece:	0.0038729251828044653
calibration_test/brier:	0.8139607906341553
accuracy_test/task:	25.06712962962963
accuracy_test/concepts:	100.0
map_test/concepts:	0.9999041088989803

Epoch 38
losses_train/task:	1.7450313568115234
losses_train/concepts:	0.0778491422533989
losses_train/representations:	0.004386690445244312
losses_train/total:	1.8448140621185303
losses_test/task:	1.7335326671600342
losses_test/concepts:	0.003192868549376726
losses_test/representations:	0.0037381283473223448
losses_test/total:	1.7554148435592651
calibration_test/ece:	0.002209736965596676
calibration_test/brier:	0.814103901386261
accuracy_test/task:	25.083333333333332
accuracy_test/concepts:	100.0
map_test/concepts:	0.9999041088989803

Epoch 39
losses_train/task:	1.7452781200408936
losses_train/concepts:	0.0805639997124672
losses_train/representations:	0.004423181992024183
losses_train/total:	1.8479560613632202
losses_test/task:	1.733466386795044
losses_test/concepts:	0.0031793660018593073
losses_test/representations:	0.0036918381229043007
losses_test/total:	1.7551058530807495
calibration_test/ece:	0.005040220450609922
calibration_test/brier:	0.8140342831611633
accuracy_test/task:	25.03240740740741
accuracy_test/concepts:	100.0
map_test/concepts:	0.9999041088989803

Epoch 40
losses_train/task:	1.7451096773147583
losses_train/concepts:	0.07870771735906601
losses_train/representations:	0.004320973064750433
losses_train/total:	1.8454219102859497
losses_test/task:	1.7336082458496094
losses_test/concepts:	0.0031670103780925274
losses_test/representations:	0.0032487341668456793
losses_test/total:	1.7530187368392944
calibration_train/ece:	0.00464808801189065
calibration_train/brier:	0.8134807348251343
accuracy_train/task:	25.178328804347824
calibration_test/ece:	0.0027667644899338484
calibration_test/brier:	0.8141332268714905
accuracy_test/task:	24.94212962962963
accuracy_train/concepts:	100.0
map_train/concepts:	0.9999680050781795
accuracy_test/concepts:	100.0
map_test/concepts:	0.9999041088989803
accuracy_test/nuisances_task:	0.08101854473352432
accuracy_test/nuisances_nontask:	0.10879635810852051
mutual_inf_test/nuisances_task:	-3.7778038329827623e-06
mutual_inf_test/nuisances_nontask:	3.955773862918122e-06

Epoch 41
losses_train/task:	1.7448437213897705
losses_train/concepts:	0.07852239161729813
losses_train/representations:	0.004025479778647423
losses_train/total:	1.84349524974823
losses_test/task:	1.733193278312683
losses_test/concepts:	0.0031653745099902153
losses_test/representations:	0.00329760555177927
losses_test/total:	1.7528462409973145
calibration_test/ece:	0.0032386216334998608
calibration_test/brier:	0.8139905333518982
accuracy_test/task:	24.916666666666668
accuracy_test/concepts:	100.0
map_test/concepts:	0.9999041088989803

Epoch 42
losses_train/task:	1.7439523935317993
losses_train/concepts:	0.08037089556455612
losses_train/representations:	0.004030783660709858
losses_train/total:	1.8444749116897583
losses_test/task:	1.7330636978149414
losses_test/concepts:	0.0031639235094189644
losses_test/representations:	0.003378679044544697
losses_test/total:	1.7531204223632812
calibration_test/ece:	0.0025295044761151075
calibration_test/brier:	0.8139464259147644
accuracy_test/task:	24.944444444444443
accuracy_test/concepts:	100.0
map_test/concepts:	0.9999041088989803

Epoch 43
losses_train/task:	1.7446556091308594
losses_train/concepts:	0.07884977012872696
losses_train/representations:	0.00404316745698452
losses_train/total:	1.84371817111969
losses_test/task:	1.7330596446990967
losses_test/concepts:	0.0031623428221791983
losses_test/representations:	0.003312818007543683
losses_test/total:	1.7527862787246704
calibration_test/ece:	0.00380495167337358
calibration_test/brier:	0.8139476776123047
accuracy_test/task:	24.877314814814813
accuracy_test/concepts:	100.0
map_test/concepts:	0.9999041088989803

Epoch 44
losses_train/task:	1.7433805465698242
losses_train/concepts:	0.07968769967556
losses_train/representations:	0.004069649148732424
losses_train/total:	1.8434172868728638
losses_test/task:	1.733061671257019
losses_test/concepts:	0.0031616881024092436
losses_test/representations:	0.0033202068880200386
losses_test/total:	1.752824068069458
calibration_test/ece:	0.0024255183525383472
calibration_test/brier:	0.8139522075653076
accuracy_test/task:	24.97222222222222
accuracy_test/concepts:	100.0
map_test/concepts:	0.9999041088989803

Epoch 45
losses_train/task:	1.744138240814209
losses_train/concepts:	0.07950180768966675
losses_train/representations:	0.004031394142657518
losses_train/total:	1.8437983989715576
losses_test/task:	1.7330121994018555
losses_test/concepts:	0.0031605465337634087
losses_test/representations:	0.003321347525343299
losses_test/total:	1.752780556678772
calibration_test/ece:	0.0033357194624841213
calibration_test/brier:	0.8139359354972839
accuracy_test/task:	24.94675925925926
accuracy_test/concepts:	100.0
map_test/concepts:	0.9999041088989803

Epoch 46
losses_train/task:	1.7451168298721313
losses_train/concepts:	0.07806941866874695
losses_train/representations:	0.004044427536427975
losses_train/total:	1.843407392501831
losses_test/task:	1.7330423593521118
losses_test/concepts:	0.0031592969316989183
losses_test/representations:	0.0031880829483270645
losses_test/total:	1.7521414756774902
calibration_test/ece:	0.003661358030512929
calibration_test/brier:	0.813945472240448
accuracy_test/task:	24.974537037037038
accuracy_test/concepts:	100.0
map_test/concepts:	0.9999041088989803

Epoch 47
losses_train/task:	1.7446249723434448
losses_train/concepts:	0.07809858024120331
losses_train/representations:	0.004043912049382925
losses_train/total:	1.8429433107376099
losses_test/task:	1.7330243587493896
losses_test/concepts:	0.0031574086751788855
losses_test/representations:	0.003276312490925193
losses_test/total:	1.7525626420974731
calibration_test/ece:	0.0036809504963457584
calibration_test/brier:	0.8139480352401733
accuracy_test/task:	24.95601851851852
accuracy_test/concepts:	100.0
map_test/concepts:	0.9999041088989803

Epoch 48
losses_train/task:	1.7444226741790771
losses_train/concepts:	0.07622753828763962
losses_train/representations:	0.003994923550635576
losses_train/total:	1.8406269550323486
losses_test/task:	1.7329975366592407
losses_test/concepts:	0.0031564885284751654
losses_test/representations:	0.003283060621470213
losses_test/total:	1.7525687217712402
calibration_test/ece:	0.0030377625953406096
calibration_test/brier:	0.8139380812644958
accuracy_test/task:	25.01851851851852
accuracy_test/concepts:	100.0
map_test/concepts:	0.9999041088989803

Epoch 49
losses_train/task:	1.744681715965271
losses_train/concepts:	0.07676181942224503
losses_train/representations:	0.004000503104180098
losses_train/total:	1.8414479494094849
losses_test/task:	1.7330073118209839
losses_test/concepts:	0.0031552223954349756
losses_test/representations:	0.0033188473898917437
losses_test/total:	1.7527570724487305
calibration_test/ece:	0.004172275308519602
calibration_test/brier:	0.8139370083808899
accuracy_test/task:	25.03472222222222
accuracy_test/concepts:	100.0
map_test/concepts:	0.9999041088989803

Epoch 50
losses_train/task:	1.744547724723816
losses_train/concepts:	0.07832679897546768
losses_train/representations:	0.004006624221801758
losses_train/total:	1.8429070711135864
losses_test/task:	1.732983112335205
losses_test/concepts:	0.003154057078063488
losses_test/representations:	0.0032229546923190355
losses_test/total:	1.752251148223877
calibration_train/ece:	0.004526372067630291
calibration_train/brier:	0.8132907152175903
accuracy_train/task:	25.230051877470355
calibration_test/ece:	0.002522342372685671
calibration_test/brier:	0.8139315843582153
accuracy_test/task:	25.0
accuracy_train/concepts:	100.0
map_train/concepts:	0.9999680178506034
accuracy_test/concepts:	100.0
map_test/concepts:	0.9999041088989803
accuracy_test/nuisances_task:	0.0995369628071785
accuracy_test/nuisances_nontask:	0.09722225368022919
mutual_inf_test/nuisances_task:	-1.6172977029382807e-05
mutual_inf_test/nuisances_nontask:	-2.804413900547864e-06

epoch_50.pt
groups=0 err_lowconf=75.000 err_random=75.000
groups=1 err_lowconf=75.053 err_random=75.053
groups=2 err_lowconf=75.062 err_random=75.062
groups=3 err_lowconf=75.056 err_random=75.056
groups=4 err_lowconf=75.093 err_random=75.093
groups=5 err_lowconf=75.088 err_random=75.088
groups=6 err_lowconf=75.155 err_random=75.155
groups=7 err_lowconf=75.153 err_random=75.153
groups=8 err_lowconf=75.141 err_random=75.141
groups=9 err_lowconf=75.111 err_random=75.111
groups=10 err_lowconf=75.123 err_random=75.123
groups=11 err_lowconf=75.146 err_random=75.146
groups=12 err_lowconf=75.144 err_random=75.144
groups=13 err_lowconf=75.146 err_random=75.146
groups=14 err_lowconf=75.148 err_random=75.148
[1;34mwandb[0m:
[1;34mwandb[0m: You can sync this run to the cloud by running:
[1;34mwandb[0m: [1mwandb sync /research/hal-afsharim/minimal_cbm/results/mpi3d-mcbm-5/43/wandb/offline-run-20260725_200652-swztim9q[0m
[1;34mwandb[0m: Find logs at: [1;35mresults/mpi3d-mcbm-5/43/wandb/offline-run-20260725_200652-swztim9q/logs[0m
