
===== launch 2026-07-26 00:17:12.700924 gpu4 =====
wandb: Using wandb-core as the SDK backend.  Please refer to https://wandb.me/wandb-core for more information.
wandb: Tracking run with wandb version 0.19.0
wandb: W&B syncing is set to `offline` in this directory.  
wandb: Run `wandb online` or set WANDB_MODE=online to enable cloud syncing.
Epoch 1
losses_train/task:	1.7049808502197266
losses_train/concepts:	2.4649806022644043
losses_train/representations:	2.9103479385375977
losses_train/total:	12.901008605957031
losses_test/task:	1.713947057723999
losses_test/concepts:	0.7395782470703125
losses_test/representations:	1.7804954051971436
losses_test/total:	7.795011043548584
calibration_test/ece:	0.012705687433481216
calibration_test/brier:	0.8092037439346313
accuracy_test/task:	24.877314814814813
accuracy_test/concepts:	98.07357025146484
map_test/concepts:	0.9954793240342822

Epoch 2
losses_train/task:	1.7325044870376587
losses_train/concepts:	0.5621005296707153
losses_train/representations:	0.8602975010871887
losses_train/total:	4.875495910644531
losses_test/task:	1.7254974842071533
losses_test/concepts:	0.13862013816833496
losses_test/representations:	0.4230552017688751
losses_test/total:	3.1332833766937256
calibration_test/ece:	0.009469689801335335
calibration_test/brier:	0.8122084736824036
accuracy_test/task:	25.349537037037038
accuracy_test/concepts:	99.80191802978516
map_test/concepts:	0.99979881303651

Epoch 3
losses_train/task:	1.761215329170227
losses_train/concepts:	0.30014273524284363
losses_train/representations:	0.3882829546928406
losses_train/total:	3.226208448410034
losses_test/task:	1.7658395767211914
losses_test/concepts:	0.06662412732839584
losses_test/representations:	0.21649475395679474
losses_test/total:	2.481948137283325
calibration_test/ece:	0.010193582624197006
calibration_test/brier:	0.8244128227233887
accuracy_test/task:	22.30324074074074
accuracy_test/concepts:	99.93766784667969
map_test/concepts:	0.9998589158058167

Epoch 4
losses_train/task:	1.766202449798584
losses_train/concepts:	0.19166868925094604
losses_train/representations:	0.20050852000713348
losses_train/total:	2.559398651123047
losses_test/task:	1.7621312141418457
losses_test/concepts:	0.10180486738681793
losses_test/representations:	0.24855084717273712
losses_test/total:	2.6095876693725586
calibration_test/ece:	0.009123836643993855
calibration_test/brier:	0.8230448961257935
accuracy_test/task:	23.89814814814815
accuracy_test/concepts:	99.87532806396484
map_test/concepts:	0.9997995070048741

Epoch 5
losses_train/task:	1.7650647163391113
losses_train/concepts:	0.1703823059797287
losses_train/representations:	0.14323246479034424
losses_train/total:	2.3651442527770996
losses_test/task:	1.7504839897155762
losses_test/concepts:	0.026426183059811592
losses_test/representations:	0.06403647363185883
losses_test/total:	1.9690183401107788
calibration_test/ece:	0.016580183058977127
calibration_test/brier:	0.8190785050392151
accuracy_test/task:	24.300925925925927
accuracy_test/concepts:	99.98974609375
map_test/concepts:	0.9999007880687714

Epoch 6
losses_train/task:	1.7622246742248535
losses_train/concepts:	0.13341587781906128
losses_train/representations:	0.09109407663345337
losses_train/total:	2.168923854827881
losses_test/task:	1.750856637954712
losses_test/concepts:	0.0689186379313469
losses_test/representations:	0.1283441185951233
losses_test/total:	2.204805374145508
calibration_test/ece:	0.010122464038431644
calibration_test/brier:	0.8193585276603699
accuracy_test/task:	24.520833333333332
accuracy_test/concepts:	99.96907806396484
map_test/concepts:	0.9998871002878461

Epoch 7
losses_train/task:	1.7608197927474976
losses_train/concepts:	0.1194249764084816
losses_train/representations:	0.0645875483751297
losses_train/total:	2.074004888534546
losses_test/task:	1.747710108757019
losses_test/concepts:	0.015383257530629635
losses_test/representations:	0.03691624477505684
losses_test/total:	1.8738420009613037
calibration_test/ece:	0.008824102580547333
calibration_test/brier:	0.8182893991470337
accuracy_test/task:	24.14814814814815
accuracy_test/concepts:	99.99950408935547
map_test/concepts:	0.999904100384031

Epoch 8
losses_train/task:	1.7587997913360596
losses_train/concepts:	0.09932558983564377
losses_train/representations:	0.03580837324261665
losses_train/total:	1.9655522108078003
losses_test/task:	1.7475866079330444
losses_test/concepts:	0.02977299503982067
losses_test/representations:	0.05922500416636467
losses_test/total:	1.955032467842102
calibration_test/ece:	0.0059202890843153
calibration_test/brier:	0.8183530569076538
accuracy_test/task:	24.32638888888889
accuracy_test/concepts:	99.97188568115234
map_test/concepts:	0.9998973480292729

Epoch 9
losses_train/task:	1.7572990655899048
losses_train/concepts:	0.1117791086435318
losses_train/representations:	0.049383148550987244
losses_train/total:	2.0172290802001953
losses_test/task:	1.7446397542953491
losses_test/concepts:	0.01193401962518692
losses_test/representations:	0.019820302724838257
losses_test/total:	1.8160353899002075
calibration_test/ece:	0.010048147290945053
calibration_test/brier:	0.817293643951416
accuracy_test/task:	24.96064814814815
accuracy_test/concepts:	99.99933624267578
map_test/concepts:	0.999904100384031

Epoch 10
losses_train/task:	1.7573963403701782
losses_train/concepts:	0.09828168898820877
losses_train/representations:	0.036194026470184326
losses_train/total:	1.9642616510391235
losses_test/task:	1.7491487264633179
losses_test/concepts:	0.44109204411506653
losses_test/representations:	0.42566800117492676
losses_test/total:	3.4672465324401855
calibration_train/ece:	0.009776441380381584
calibration_train/brier:	0.8174610733985901
accuracy_train/task:	24.779983942687746
calibration_test/ece:	0.0063173966482281685
calibration_test/brier:	0.8188616037368774
accuracy_test/task:	24.39814814814815
accuracy_train/concepts:	99.53630828857422
map_train/concepts:	0.9984278082847595
accuracy_test/concepts:	99.51983642578125
map_test/concepts:	0.9981367843491691
accuracy_test/nuisances_task:	2.81018503010273
accuracy_test/nuisances_nontask:	1.025463081896305
mutual_inf_test/nuisances_task:	0.04380786596934749
mutual_inf_test/nuisances_nontask:	0.010259729288380481

Epoch 11
losses_train/task:	1.7562341690063477
losses_train/concepts:	0.0900387316942215
losses_train/representations:	0.024018440395593643
losses_train/total:	1.9183285236358643
losses_test/task:	1.745861530303955
losses_test/concepts:	0.00992418359965086
losses_test/representations:	0.016907857730984688
losses_test/total:	1.806510090827942
calibration_test/ece:	0.008330163545906544
calibration_test/brier:	0.8179745078086853
accuracy_test/task:	24.44675925925926
accuracy_test/concepts:	99.99933624267578
map_test/concepts:	0.999904100384031

Epoch 12
losses_train/task:	1.7567898035049438
losses_train/concepts:	0.08818992972373962
losses_train/representations:	0.01938927359879017
losses_train/total:	1.903148889541626
losses_test/task:	1.7452181577682495
losses_test/concepts:	0.00888511911034584
losses_test/representations:	0.012079831212759018
losses_test/total:	1.7903417348861694
calibration_test/ece:	0.0028806172776967287
calibration_test/brier:	0.8175522685050964
accuracy_test/task:	24.29861111111111
accuracy_test/concepts:	100.0
map_test/concepts:	0.999904100384031

Epoch 13
losses_train/task:	1.7548483610153198
losses_train/concepts:	0.08262833952903748
losses_train/representations:	0.015493123792111874
losses_train/total:	1.8839539289474487
losses_test/task:	1.7434098720550537
losses_test/concepts:	0.009585753083229065
losses_test/representations:	0.01922960951924324
losses_test/total:	1.8106828927993774
calibration_test/ece:	0.005188716575503349
calibration_test/brier:	0.8171015977859497
accuracy_test/task:	24.53472222222222
accuracy_test/concepts:	99.9971923828125
map_test/concepts:	0.9999040918690818

Epoch 14
losses_train/task:	1.7547329664230347
losses_train/concepts:	0.09758332371711731
losses_train/representations:	0.033888813108205795
losses_train/total:	1.953982949256897
losses_test/task:	1.7457222938537598
losses_test/concepts:	0.008406495675444603
losses_test/representations:	0.01662677526473999
losses_test/total:	1.8040097951889038
calibration_test/ece:	0.0010524175595492125
calibration_test/brier:	0.8178818821907043
accuracy_test/task:	24.287037037037038
accuracy_test/concepts:	99.99900817871094
map_test/concepts:	0.9999040876116071

Epoch 15
losses_train/task:	1.7542279958724976
losses_train/concepts:	0.08265363425016403
losses_train/representations:	0.01496244315057993
losses_train/total:	1.8817700147628784
losses_test/task:	1.7446269989013672
losses_test/concepts:	0.007726337295025587
losses_test/representations:	0.015857046470046043
losses_test/total:	1.7999244928359985
calibration_test/ece:	0.0021545637864619493
calibration_test/brier:	0.8173508048057556
accuracy_test/task:	24.458333333333332
accuracy_test/concepts:	99.99933624267578
map_test/concepts:	0.9999041046415057

Epoch 16
losses_train/task:	1.7538044452667236
losses_train/concepts:	0.0832781046628952
losses_train/representations:	0.013818742707371712
losses_train/total:	1.8785375356674194
losses_test/task:	1.7444825172424316
losses_test/concepts:	0.007130077108740807
losses_test/representations:	0.007247427012771368
losses_test/total:	1.7733553647994995
calibration_test/ece:	0.0017182937590405345
calibration_test/brier:	0.817416250705719
accuracy_test/task:	24.439814814814813
accuracy_test/concepts:	99.99933624267578
map_test/concepts:	0.999904100384031

Epoch 17
losses_train/task:	1.7543745040893555
losses_train/concepts:	0.09950395673513412
losses_train/representations:	0.03314489498734474
losses_train/total:	1.9533137083053589
losses_test/task:	1.7442938089370728
losses_test/concepts:	0.033364925533533096
losses_test/representations:	0.07440914213657379
losses_test/total:	2.0008859634399414
calibration_test/ece:	0.004022546578198671
calibration_test/brier:	0.81729656457901
accuracy_test/task:	24.502314814814813
accuracy_test/concepts:	99.96395111083984
map_test/concepts:	0.9998911917209625

Epoch 18
losses_train/task:	1.7548056840896606
losses_train/concepts:	0.09887367486953735
losses_train/representations:	0.0338374525308609
losses_train/total:	1.9551912546157837
losses_test/task:	1.7432377338409424
losses_test/concepts:	0.006594785489141941
losses_test/representations:	0.010378705337643623
losses_test/total:	1.7809690237045288
calibration_test/ece:	0.00815367791801691
calibration_test/brier:	0.8169681429862976
accuracy_test/task:	24.886574074074073
accuracy_test/concepts:	99.99933624267578
map_test/concepts:	0.999904100384031

Epoch 19
losses_train/task:	1.7535475492477417
losses_train/concepts:	0.0839213952422142
losses_train/representations:	0.014247382059693336
losses_train/total:	1.8802088499069214
losses_test/task:	1.7445344924926758
losses_test/concepts:	0.006208977196365595
losses_test/representations:	0.009189308620989323
losses_test/total:	1.7783104181289673
calibration_test/ece:	0.0033803286496549845
calibration_test/brier:	0.8175603747367859
accuracy_test/task:	24.20601851851852
accuracy_test/concepts:	99.99933624267578
map_test/concepts:	0.9999041046415057

Epoch 20
losses_train/task:	1.754020094871521
losses_train/concepts:	0.07891380041837692
losses_train/representations:	0.01157126110047102
losses_train/total:	1.8676478862762451
losses_test/task:	1.7453489303588867
losses_test/concepts:	0.006493926048278809
losses_test/representations:	0.009112857282161713
losses_test/total:	1.7791811227798462
calibration_train/ece:	0.004024743568152189
calibration_train/brier:	0.8160384297370911
accuracy_train/task:	24.905045701581027
calibration_test/ece:	0.009948122315108776
calibration_test/brier:	0.8177201747894287
accuracy_test/task:	24.21527777777778
accuracy_train/concepts:	100.0
map_train/concepts:	0.9999680093356541
accuracy_test/concepts:	99.99900817871094
map_test/concepts:	0.999904100384031
accuracy_test/nuisances_task:	0.07638875395059586
accuracy_test/nuisances_nontask:	0.08333325386047363
mutual_inf_test/nuisances_task:	-1.0514088682245237e-05
mutual_inf_test/nuisances_nontask:	2.0411230617911613e-06

Epoch 21
losses_train/task:	1.7473729848861694
losses_train/concepts:	0.07744432985782623
losses_train/representations:	0.006246068049222231
losses_train/total:	1.8435561656951904
losses_test/task:	1.7392104864120483
losses_test/concepts:	0.006196625996381044
losses_test/representations:	0.004776598885655403
losses_test/total:	1.7597383260726929
calibration_test/ece:	0.006074738223105669
calibration_test/brier:	0.815639853477478
accuracy_test/task:	24.78472222222222
accuracy_test/concepts:	99.99933624267578
map_test/concepts:	0.999904100384031

Epoch 22
losses_train/task:	1.7471106052398682
losses_train/concepts:	0.07801952958106995
losses_train/representations:	0.006034791469573975
losses_train/total:	1.8432343006134033
losses_test/task:	1.7391226291656494
losses_test/concepts:	0.006311131175607443
losses_test/representations:	0.005113557912409306
losses_test/total:	1.76077401638031
calibration_test/ece:	0.006482104305177927
calibration_test/brier:	0.8156152367591858
accuracy_test/task:	24.87962962962963
accuracy_test/concepts:	99.99933624267578
map_test/concepts:	0.999904100384031

Epoch 23
losses_train/task:	1.74641752243042
losses_train/concepts:	0.0783994048833847
losses_train/representations:	0.006044822279363871
losses_train/total:	1.8429503440856934
losses_test/task:	1.7387417554855347
losses_test/concepts:	0.006119019817560911
losses_test/representations:	0.005108136683702469
losses_test/total:	1.7601840496063232
calibration_test/ece:	0.002822906943038106
calibration_test/brier:	0.8155362010002136
accuracy_test/task:	24.650462962962962
accuracy_test/concepts:	99.99933624267578
map_test/concepts:	0.999904100384031

Epoch 24
losses_train/task:	1.7470850944519043
losses_train/concepts:	0.07846025377511978
losses_train/representations:	0.005808304995298386
losses_train/total:	1.842970609664917
losses_test/task:	1.7385540008544922
losses_test/concepts:	0.005996061023324728
losses_test/representations:	0.004712797235697508
losses_test/total:	1.7586888074874878
calibration_test/ece:	0.0028792694211006165
calibration_test/brier:	0.8154571652412415
accuracy_test/task:	24.796296296296298
accuracy_test/concepts:	99.99933624267578
map_test/concepts:	0.999904100384031

Epoch 25
losses_train/task:	1.7463510036468506
losses_train/concepts:	0.07872308045625687
losses_train/representations:	0.005831016227602959
losses_train/total:	1.8425672054290771
losses_test/task:	1.7381629943847656
losses_test/concepts:	0.0061419266276061535
losses_test/representations:	0.005326786544173956
losses_test/total:	1.7602843046188354
calibration_test/ece:	0.0035355493891984224
calibration_test/brier:	0.815335750579834
accuracy_test/task:	24.76388888888889
accuracy_test/concepts:	99.99933624267578
map_test/concepts:	0.999904100384031

Epoch 26
losses_train/task:	1.7462077140808105
losses_train/concepts:	0.07812583446502686
losses_train/representations:	0.005754408892244101
losses_train/total:	1.8415982723236084
losses_test/task:	1.7383373975753784
losses_test/concepts:	0.005905875936150551
losses_test/representations:	0.005807528737932444
losses_test/total:	1.7616653442382812
calibration_test/ece:	0.004145790357142687
calibration_test/brier:	0.815372884273529
accuracy_test/task:	24.75925925925926
accuracy_test/concepts:	99.99933624267578
map_test/concepts:	0.999904100384031

Epoch 27
losses_train/task:	1.7458289861679077
losses_train/concepts:	0.07844649255275726
losses_train/representations:	0.005727642215788364
losses_train/total:	1.84145987033844
losses_test/task:	1.7382278442382812
losses_test/concepts:	0.006047818809747696
losses_test/representations:	0.005038922652602196
losses_test/total:	1.759392261505127
calibration_test/ece:	0.0038359416648745537
calibration_test/brier:	0.8153871893882751
accuracy_test/task:	24.86574074074074
accuracy_test/concepts:	99.99933624267578
map_test/concepts:	0.999904100384031

Epoch 28
losses_train/task:	1.7462061643600464
losses_train/concepts:	0.07863336056470871
losses_train/representations:	0.005611480213701725
losses_train/total:	1.8416727781295776
losses_test/task:	1.7379732131958008
losses_test/concepts:	0.0059676687233150005
losses_test/representations:	0.005215499084442854
losses_test/total:	1.7595857381820679
calibration_test/ece:	0.004419982898980379
calibration_test/brier:	0.8152835369110107
accuracy_test/task:	25.050925925925927
accuracy_test/concepts:	99.99933624267578
map_test/concepts:	0.999904100384031

Epoch 29
losses_train/task:	1.7461528778076172
losses_train/concepts:	0.07911784946918488
losses_train/representations:	0.005678605753928423
losses_train/total:	1.8423056602478027
losses_test/task:	1.7379112243652344
losses_test/concepts:	0.0059747109189629555
losses_test/representations:	0.005367295816540718
losses_test/total:	1.7599873542785645
calibration_test/ece:	0.002454622182995081
calibration_test/brier:	0.8152822256088257
accuracy_test/task:	24.863425925925927
accuracy_test/concepts:	99.99933624267578
map_test/concepts:	0.999904100384031

Epoch 30
losses_train/task:	1.746124029159546
losses_train/concepts:	0.07959338277578354
losses_train/representations:	0.005627238657325506
losses_train/total:	1.8425999879837036
losses_test/task:	1.737828016281128
losses_test/concepts:	0.005915848072618246
losses_test/representations:	0.0059320759028196335
losses_test/total:	1.761540412902832
calibration_train/ece:	0.004946361295878887
calibration_train/brier:	0.8134168386459351
accuracy_train/task:	25.314970355731226
calibration_test/ece:	0.00339079974219203
calibration_test/brier:	0.8152932524681091
accuracy_test/task:	24.729166666666668
accuracy_train/concepts:	100.0
map_train/concepts:	0.999968022108078
accuracy_test/concepts:	99.99933624267578
map_test/concepts:	0.999904100384031
accuracy_test/nuisances_task:	0.1273149624466896
accuracy_test/nuisances_nontask:	0.1203702762722969
mutual_inf_test/nuisances_task:	9.869943853768604e-06
mutual_inf_test/nuisances_nontask:	1.2062256032785434e-05

Epoch 31
losses_train/task:	1.7459001541137695
losses_train/concepts:	0.07681389153003693
losses_train/representations:	0.005557972937822342
losses_train/total:	1.8393875360488892
losses_test/task:	1.7376600503921509
losses_test/concepts:	0.005963399074971676
losses_test/representations:	0.004738439805805683
losses_test/total:	1.7578380107879639
calibration_test/ece:	0.003468952374532819
calibration_test/brier:	0.8152080774307251
accuracy_test/task:	24.666666666666668
accuracy_test/concepts:	99.99933624267578
map_test/concepts:	0.999904100384031

Epoch 32
losses_train/task:	1.7458912134170532
losses_train/concepts:	0.07872942090034485
losses_train/representations:	0.005616449750959873
losses_train/total:	1.8414709568023682
losses_test/task:	1.7379320859909058
losses_test/concepts:	0.005946691147983074
losses_test/representations:	0.004824817180633545
losses_test/total:	1.7583523988723755
calibration_test/ece:	0.005991381127387285
calibration_test/brier:	0.8153329491615295
accuracy_test/task:	24.747685185185187
accuracy_test/concepts:	99.99933624267578
map_test/concepts:	0.999904100384031

Epoch 33
losses_train/task:	1.7463271617889404
losses_train/concepts:	0.08041027933359146
losses_train/representations:	0.0055635287426412106
losses_train/total:	1.8434277772903442
losses_test/task:	1.737544298171997
losses_test/concepts:	0.0059433309361338615
losses_test/representations:	0.0054333447478711605
losses_test/total:	1.7597882747650146
calibration_test/ece:	0.0035887309350073338
calibration_test/brier:	0.8151983618736267
accuracy_test/task:	24.73611111111111
accuracy_test/concepts:	99.99933624267578
map_test/concepts:	0.999904100384031

Epoch 34
losses_train/task:	1.7456282377243042
losses_train/concepts:	0.07868728786706924
losses_train/representations:	0.005386057309806347
losses_train/total:	1.8404725790023804
losses_test/task:	1.7373619079589844
losses_test/concepts:	0.005760323256254196
losses_test/representations:	0.0048308768309652805
losses_test/total:	1.7576146125793457
calibration_test/ece:	0.0020614818204194307
calibration_test/brier:	0.8151399493217468
accuracy_test/task:	24.74074074074074
accuracy_test/concepts:	99.99933624267578
map_test/concepts:	0.999904100384031

Epoch 35
losses_train/task:	1.7448062896728516
losses_train/concepts:	0.080180823802948
losses_train/representations:	0.005550679285079241
losses_train/total:	1.8416376113891602
losses_test/task:	1.7374372482299805
losses_test/concepts:	0.00590558722615242
losses_test/representations:	0.004877101629972458
losses_test/total:	1.7579739093780518
calibration_test/ece:	0.0035967740695923567
calibration_test/brier:	0.8151634931564331
accuracy_test/task:	24.88425925925926
accuracy_test/concepts:	99.99933624267578
map_test/concepts:	0.999904100384031

Epoch 36
losses_train/task:	1.7457356452941895
losses_train/concepts:	0.08054378628730774
losses_train/representations:	0.005402340553700924
losses_train/total:	1.8424863815307617
losses_test/task:	1.7374975681304932
losses_test/concepts:	0.005979332607239485
losses_test/representations:	0.004799301736056805
losses_test/total:	1.7578741312026978
calibration_test/ece:	0.0032629098277539015
calibration_test/brier:	0.8151745200157166
accuracy_test/task:	25.12962962962963
accuracy_test/concepts:	99.99933624267578
map_test/concepts:	0.999904100384031

Epoch 37
losses_train/task:	1.745603084564209
losses_train/concepts:	0.08068659156560898
losses_train/representations:	0.005457530729472637
losses_train/total:	1.8426612615585327
losses_test/task:	1.7377820014953613
losses_test/concepts:	0.005771813448518515
losses_test/representations:	0.00440585520118475
losses_test/total:	1.7567737102508545
calibration_test/ece:	0.007388478145003319
calibration_test/brier:	0.8152972459793091
accuracy_test/task:	24.814814814814813
accuracy_test/concepts:	99.99933624267578
map_test/concepts:	0.999904100384031

Epoch 38
losses_train/task:	1.744939923286438
losses_train/concepts:	0.07933004945516586
losses_train/representations:	0.005345470272004604
losses_train/total:	1.8403067588806152
losses_test/task:	1.737148642539978
losses_test/concepts:	0.005597083829343319
losses_test/representations:	0.005095195025205612
losses_test/total:	1.758030652999878
calibration_test/ece:	0.005131933372467756
calibration_test/brier:	0.8150844573974609
accuracy_test/task:	24.90740740740741
accuracy_test/concepts:	99.99933624267578
map_test/concepts:	0.999904100384031

Epoch 39
losses_train/task:	1.7457908391952515
losses_train/concepts:	0.07815144211053848
losses_train/representations:	0.005277324002236128
losses_train/total:	1.8397741317749023
losses_test/task:	1.7377547025680542
losses_test/concepts:	0.005587119609117508
losses_test/representations:	0.004678658675402403
losses_test/total:	1.7573778629302979
calibration_test/ece:	0.007593073882162571
calibration_test/brier:	0.8153032660484314
accuracy_test/task:	24.99537037037037
accuracy_test/concepts:	99.99933624267578
map_test/concepts:	0.999904100384031

Epoch 40
losses_train/task:	1.745065689086914
losses_train/concepts:	0.07931648939847946
losses_train/representations:	0.0054015605710446835
losses_train/total:	1.8405870199203491
losses_test/task:	1.7373861074447632
losses_test/concepts:	0.005700763780623674
losses_test/representations:	0.004311621654778719
losses_test/total:	1.7560219764709473
calibration_train/ece:	0.006086050532758236
calibration_train/brier:	0.8132408857345581
accuracy_train/task:	25.49021121541502
calibration_test/ece:	0.004566968884319067
calibration_test/brier:	0.8151444792747498
accuracy_test/task:	24.88425925925926
accuracy_train/concepts:	100.0
map_train/concepts:	0.9999680263655526
accuracy_test/concepts:	99.99933624267578
map_test/concepts:	0.999904100384031
accuracy_test/nuisances_task:	0.006944499909877777
accuracy_test/nuisances_nontask:	0.0
mutual_inf_test/nuisances_task:	1.4021954800269576e-05
mutual_inf_test/nuisances_nontask:	-1.8365436833089888e-05

Epoch 41
losses_train/task:	1.7451807260513306
losses_train/concepts:	0.07612829655408859
losses_train/representations:	0.0047876774333417416
losses_train/total:	1.8356709480285645
losses_test/task:	1.7371447086334229
losses_test/concepts:	0.005723203998059034
losses_test/representations:	0.0042182100005447865
losses_test/total:	1.7555228471755981
calibration_test/ece:	0.004759970586746931
calibration_test/brier:	0.815064549446106
accuracy_test/task:	24.96990740740741
accuracy_test/concepts:	99.99933624267578
map_test/concepts:	0.999904100384031

Epoch 42
losses_train/task:	1.7450957298278809
losses_train/concepts:	0.07628708332777023
losses_train/representations:	0.004744553938508034
losses_train/total:	1.8356175422668457
losses_test/task:	1.7371159791946411
losses_test/concepts:	0.005729002878069878
losses_test/representations:	0.00433009397238493
losses_test/total:	1.755834698677063
calibration_test/ece:	0.0044642603024840355
calibration_test/brier:	0.8150587677955627
accuracy_test/task:	24.95601851851852
accuracy_test/concepts:	99.99933624267578
map_test/concepts:	0.999904100384031

Epoch 43
losses_train/task:	1.7443549633026123
losses_train/concepts:	0.07792706042528152
losses_train/representations:	0.004776537884026766
losses_train/total:	1.8366109132766724
losses_test/task:	1.7369930744171143
losses_test/concepts:	0.005729629658162594
losses_test/representations:	0.0043647997081279755
losses_test/total:	1.755817174911499
calibration_test/ece:	0.002817107830196619
calibration_test/brier:	0.8150159120559692
accuracy_test/task:	24.921296296296298
accuracy_test/concepts:	99.99933624267578
map_test/concepts:	0.999904100384031

Epoch 44
losses_train/task:	1.74430513381958
losses_train/concepts:	0.0773547813296318
losses_train/representations:	0.004742494318634272
losses_train/total:	1.8358863592147827
losses_test/task:	1.7369935512542725
losses_test/concepts:	0.005604082252830267
losses_test/representations:	0.004172332584857941
losses_test/total:	1.755115032196045
calibration_test/ece:	0.003916466608643532
calibration_test/brier:	0.8150160908699036
accuracy_test/task:	24.863425925925927
accuracy_test/concepts:	99.99933624267578
map_test/concepts:	0.999904100384031

Epoch 45
losses_train/task:	1.7444418668746948
losses_train/concepts:	0.07816855609416962
losses_train/representations:	0.004805910401046276
losses_train/total:	1.8370269536972046
losses_test/task:	1.7369670867919922
losses_test/concepts:	0.005736934021115303
losses_test/representations:	0.004281613510102034
losses_test/total:	1.755549669265747
calibration_test/ece:	0.004576889332383871
calibration_test/brier:	0.8150120973587036
accuracy_test/task:	24.90972222222222
accuracy_test/concepts:	99.99933624267578
map_test/concepts:	0.999904100384031

Epoch 46
losses_train/task:	1.744417667388916
losses_train/concepts:	0.07953857630491257
losses_train/representations:	0.004870976321399212
losses_train/total:	1.8385690450668335
losses_test/task:	1.7369977235794067
losses_test/concepts:	0.005730816628783941
losses_test/representations:	0.004504255950450897
losses_test/total:	1.7562423944473267
calibration_test/ece:	0.00510761933401227
calibration_test/brier:	0.8150188326835632
accuracy_test/task:	24.824074074074073
accuracy_test/concepts:	99.99933624267578
map_test/concepts:	0.999904100384031

Epoch 47
losses_train/task:	1.7443430423736572
losses_train/concepts:	0.07941979914903641
losses_train/representations:	0.004806878976523876
losses_train/total:	1.838182806968689
losses_test/task:	1.73698890209198
losses_test/concepts:	0.005567081738263369
losses_test/representations:	0.004228454548865557
losses_test/total:	1.7552415132522583
calibration_test/ece:	0.0038864347152411938
calibration_test/brier:	0.8150120973587036
accuracy_test/task:	24.84259259259259
accuracy_test/concepts:	99.99933624267578
map_test/concepts:	0.999904100384031

Epoch 48
losses_train/task:	1.7442067861557007
losses_train/concepts:	0.07691922783851624
losses_train/representations:	0.004783265758305788
losses_train/total:	1.8354763984680176
losses_test/task:	1.7369320392608643
losses_test/concepts:	0.005625591147691011
losses_test/representations:	0.004271952901035547
losses_test/total:	1.7553739547729492
calibration_test/ece:	0.0035365952644497156
calibration_test/brier:	0.8149996399879456
accuracy_test/task:	24.98611111111111
accuracy_test/concepts:	99.99933624267578
map_test/concepts:	0.999904100384031

Epoch 49
losses_train/task:	1.7446773052215576
losses_train/concepts:	0.07878214120864868
losses_train/representations:	0.0048139276914298534
losses_train/total:	1.837902307510376
losses_test/task:	1.7369797229766846
losses_test/concepts:	0.005636698566377163
losses_test/representations:	0.004326460417360067
losses_test/total:	1.7555955648422241
calibration_test/ece:	0.0046000173315405846
calibration_test/brier:	0.8150151968002319
accuracy_test/task:	24.90972222222222
accuracy_test/concepts:	99.99933624267578
map_test/concepts:	0.999904100384031

Epoch 50
losses_train/task:	1.743568778038025
losses_train/concepts:	0.07719689607620239
losses_train/representations:	0.004814835265278816
losses_train/total:	1.8352118730545044
losses_test/task:	1.7369447946548462
losses_test/concepts:	0.005633038934320211
losses_test/representations:	0.004030484706163406
losses_test/total:	1.754670262336731
calibration_train/ece:	0.004978601820766926
calibration_train/brier:	0.8131151795387268
accuracy_train/task:	25.46087574110672
calibration_test/ece:	0.0038219676353037357
calibration_test/brier:	0.8150017857551575
accuracy_test/task:	24.89814814814815
accuracy_train/concepts:	100.0
map_train/concepts:	0.999968022108078
accuracy_test/concepts:	99.99933624267578
map_test/concepts:	0.999904100384031
accuracy_test/nuisances_task:	0.1504627987742424
accuracy_test/nuisances_nontask:	0.018518418073654175
mutual_inf_test/nuisances_task:	4.392708538025758e-07
mutual_inf_test/nuisances_nontask:	-2.3477726395104703e-05

epoch_50.pt
groups=0 err_lowconf=75.102 err_random=75.102
groups=1 err_lowconf=75.118 err_random=75.118
groups=2 err_lowconf=75.123 err_random=75.123
groups=3 err_lowconf=75.139 err_random=75.139
groups=4 err_lowconf=75.169 err_random=75.169
groups=5 err_lowconf=75.194 err_random=75.194
groups=6 err_lowconf=75.211 err_random=75.211
groups=7 err_lowconf=75.245 err_random=75.245
groups=8 err_lowconf=75.218 err_random=75.218
groups=9 err_lowconf=75.188 err_random=75.188
groups=10 err_lowconf=75.229 err_random=75.229
groups=11 err_lowconf=75.248 err_random=75.248
groups=12 err_lowconf=75.241 err_random=75.241
groups=13 err_lowconf=75.236 err_random=75.236
groups=14 err_lowconf=75.238 err_random=75.238
[1;34mwandb[0m:
[1;34mwandb[0m: You can sync this run to the cloud by running:
[1;34mwandb[0m: [1mwandb sync /research/hal-afsharim/minimal_cbm/results/mpi3d-mcbm-3/44/wandb/offline-run-20260726_001717-cwunh0r9[0m
[1;34mwandb[0m: Find logs at: [1;35mresults/mpi3d-mcbm-3/44/wandb/offline-run-20260726_001717-cwunh0r9/logs[0m
