
===== launch 2026-07-25 06:28:50.570896 gpu0 =====
wandb: Using wandb-core as the SDK backend.  Please refer to https://wandb.me/wandb-core for more information.
wandb: Tracking run with wandb version 0.19.0
wandb: W&B syncing is set to `offline` in this directory.  
wandb: Run `wandb online` or set WANDB_MODE=online to enable cloud syncing.

===== launch 2026-07-25 06:35:05.689024 gpu0 =====
wandb: Using wandb-core as the SDK backend.  Please refer to https://wandb.me/wandb-core for more information.
wandb: Tracking run with wandb version 0.19.0
wandb: W&B syncing is set to `offline` in this directory.  
wandb: Run `wandb online` or set WANDB_MODE=online to enable cloud syncing.
Traceback (most recent call last):
  File "/research/hal-afsharim/minimal_cbm/bin/train.py", line 31, in <module>
    train.run()
  File "/research/hal-afsharim/minimal_cbm/src/experiments/train.py", line 251, in run
    losses_train = self.train_epoch(epoch)
  File "/research/hal-afsharim/minimal_cbm/src/experiments/train.py", line 79, in train_epoch
    losses_step = self._step(x, y, c, backprop=True)
  File "/research/hal-afsharim/minimal_cbm/src/experiments/train.py", line 62, in _step
    outputs = self.model(x=x, c=c, sampling=True)
  File "/research/hal-afsharim/miniconda3/envs/mcbm/lib/python3.10/site-packages/torch/nn/modules/module.py", line 1130, in _call_impl
    return forward_call(*input, **kwargs)
  File "/research/hal-afsharim/miniconda3/envs/mcbm/lib/python3.10/site-packages/torch/nn/parallel/data_parallel.py", line 166, in forward
    return self.module(*inputs[0], **kwargs[0])
  File "/research/hal-afsharim/miniconda3/envs/mcbm/lib/python3.10/site-packages/torch/nn/modules/module.py", line 1130, in _call_impl
    return forward_call(*input, **kwargs)
  File "/research/hal-afsharim/minimal_cbm/src/models/vanilla.py", line 90, in forward
    z = self.p_z_x(x)
  File "/research/hal-afsharim/minimal_cbm/src/models/vanilla.py", line 66, in p_z_x
    return self.encoder(x)
  File "/research/hal-afsharim/miniconda3/envs/mcbm/lib/python3.10/site-packages/torch/nn/modules/module.py", line 1130, in _call_impl
    return forward_call(*input, **kwargs)
  File "/research/hal-afsharim/miniconda3/envs/mcbm/lib/python3.10/site-packages/torch/nn/modules/container.py", line 139, in forward
    input = module(input)
  File "/research/hal-afsharim/miniconda3/envs/mcbm/lib/python3.10/site-packages/torch/nn/modules/module.py", line 1130, in _call_impl
    return forward_call(*input, **kwargs)
  File "/research/hal-afsharim/minimal_cbm/src/models/encoders/cifar_resnet.py", line 182, in forward
    out = self.conv1(x)
  File "/research/hal-afsharim/miniconda3/envs/mcbm/lib/python3.10/site-packages/torch/nn/modules/module.py", line 1130, in _call_impl
    return forward_call(*input, **kwargs)
  File "/research/hal-afsharim/miniconda3/envs/mcbm/lib/python3.10/site-packages/torch/nn/modules/conv.py", line 457, in forward
    return self._conv_forward(input, self.weight, self.bias)
  File "/research/hal-afsharim/miniconda3/envs/mcbm/lib/python3.10/site-packages/torch/nn/modules/conv.py", line 453, in _conv_forward
    return F.conv2d(input, weight, bias, self.stride,
RuntimeError: Given groups=1, weight of size [16, 3, 3, 3], expected input[128, 64, 64, 3] to have 3 channels, but got 64 channels instead
[1;34mwandb[0m:
[1;34mwandb[0m: You can sync this run to the cloud by running:
[1;34mwandb[0m: [1mwandb sync /research/hal-afsharim/minimal_cbm/results/mpi3d-vanilla/42/wandb/offline-run-20260725_063514-nktc532r[0m
[1;34mwandb[0m: Find logs at: [1;35mresults/mpi3d-vanilla/42/wandb/offline-run-20260725_063514-nktc532r/logs[0m

===== launch 2026-07-25 06:54:16.736503 gpu0 =====
wandb: Using wandb-core as the SDK backend.  Please refer to https://wandb.me/wandb-core for more information.
wandb: Tracking run with wandb version 0.19.0
wandb: W&B syncing is set to `offline` in this directory.  
wandb: Run `wandb online` or set WANDB_MODE=online to enable cloud syncing.
Epoch 1
losses_train/task:	1.5291948318481445
losses_train/total:	1.5291948318481445
losses_test/task:	1.3455392122268677
losses_test/total:	1.3455392122268677
calibration_test/ece:	0.09396746754646301
calibration_test/brier:	0.6887454986572266
accuracy_test/task:	40.55324074074074

Epoch 2
losses_train/task:	0.7645652890205383
losses_train/total:	0.7645652890205383
losses_test/task:	0.7663224935531616
losses_test/total:	0.7663224935531616
calibration_test/ece:	0.08453059196472168
calibration_test/brier:	0.4361991882324219
accuracy_test/task:	67.83333333333333

Epoch 3
losses_train/task:	0.32545700669288635
losses_train/total:	0.32545700669288635
losses_test/task:	2.32277512550354
losses_test/total:	2.32277512550354
calibration_test/ece:	0.39198243618011475
calibration_test/brier:	0.8631935119628906
accuracy_test/task:	43.238425925925924

Epoch 4
losses_train/task:	0.19215981662273407
losses_train/total:	0.19215981662273407
losses_test/task:	0.13743603229522705
losses_test/total:	0.13743603229522705
calibration_test/ece:	0.002901816740632057
calibration_test/brier:	0.07638762146234512
accuracy_test/task:	94.89351851851852

Epoch 5
losses_train/task:	0.12535203993320465
losses_train/total:	0.12535203993320465
losses_test/task:	0.35784322023391724
losses_test/total:	0.35784322023391724
calibration_test/ece:	0.06305994838476181
calibration_test/brier:	0.19507548213005066
accuracy_test/task:	87.16203703703704

Epoch 6
losses_train/task:	0.08911549299955368
losses_train/total:	0.08911549299955368
losses_test/task:	0.4745969772338867
losses_test/total:	0.4745969772338867
calibration_test/ece:	0.10013960301876068
calibration_test/brier:	0.255871444940567
accuracy_test/task:	83.42824074074075

Epoch 7
losses_train/task:	0.06845837831497192
losses_train/total:	0.06845837831497192
losses_test/task:	0.11627098172903061
losses_test/total:	0.11627098172903061
calibration_test/ece:	0.009678845293819904
calibration_test/brier:	0.06564699858427048
accuracy_test/task:	95.60416666666667

Epoch 8
losses_train/task:	0.052054233849048615
losses_train/total:	0.052054233849048615
losses_test/task:	0.11705133318901062
losses_test/total:	0.11705133318901062
calibration_test/ece:	0.012110495939850807
calibration_test/brier:	0.06443078815937042
accuracy_test/task:	95.7800925925926

Epoch 9
losses_train/task:	0.044112950563430786
losses_train/total:	0.044112950563430786
losses_test/task:	0.07367204874753952
losses_test/total:	0.07367204874753952
calibration_test/ece:	0.007409332320094109
calibration_test/brier:	0.04125656560063362
accuracy_test/task:	97.24537037037037

Epoch 10
losses_train/task:	0.03777874633669853
losses_train/total:	0.03777874633669853
losses_test/task:	0.026801729574799538
losses_test/total:	0.026801729574799538
calibration_test/ece:	0.0038194123189896345
calibration_test/brier:	0.014589047059416771
accuracy_test/task:	99.07870370370371

Epoch 11
losses_train/task:	0.030197132378816605
losses_train/total:	0.030197132378816605
losses_test/task:	1.6436630487442017
losses_test/total:	1.6436630487442017
calibration_test/ece:	0.2732326090335846
calibration_test/brier:	0.5848434567451477
accuracy_test/task:	66.82175925925925

Epoch 12
losses_train/task:	0.025922654196619987
losses_train/total:	0.025922654196619987
losses_test/task:	0.09052156656980515
losses_test/total:	0.09052156656980515
calibration_test/ece:	0.01214803196489811
calibration_test/brier:	0.04859212413430214
accuracy_test/task:	96.82638888888889

Epoch 13
losses_train/task:	0.021320611238479614
losses_train/total:	0.021320611238479614
losses_test/task:	0.039013732224702835
losses_test/total:	0.039013732224702835
calibration_test/ece:	0.0033203186467289925
calibration_test/brier:	0.020880959928035736
accuracy_test/task:	98.5925925925926

Epoch 14
losses_train/task:	0.022258147597312927
losses_train/total:	0.022258147597312927
losses_test/task:	0.34888556599617004
losses_test/total:	0.34888556599617004
calibration_test/ece:	0.06826455146074295
calibration_test/brier:	0.17764490842819214
accuracy_test/task:	88.7824074074074

Epoch 15
losses_train/task:	0.018552089110016823
losses_train/total:	0.018552089110016823
losses_test/task:	0.01918414607644081
losses_test/total:	0.01918414607644081
calibration_test/ece:	0.0007472838624380529
calibration_test/brier:	0.010288465768098831
accuracy_test/task:	99.31944444444444

Epoch 16
losses_train/task:	0.013525627553462982
losses_train/total:	0.013525627553462982
losses_test/task:	0.03306488320231438
losses_test/total:	0.03306488320231438
calibration_test/ece:	0.002217063447460532
calibration_test/brier:	0.01727156713604927
accuracy_test/task:	98.87962962962963

Epoch 17
losses_train/task:	0.013942099176347256
losses_train/total:	0.013942099176347256
losses_test/task:	0.011076885275542736
losses_test/total:	0.011076885275542736
calibration_test/ece:	0.0005425983690656722
calibration_test/brier:	0.006014504469931126
accuracy_test/task:	99.61342592592592

Epoch 18
losses_train/task:	0.015263371169567108
losses_train/total:	0.015263371169567108
losses_test/task:	0.03605275601148605
losses_test/total:	0.03605275601148605
calibration_test/ece:	0.0024873388465493917
calibration_test/brier:	0.01998143456876278
accuracy_test/task:	98.69212962962963

Epoch 19
losses_train/task:	0.010497640818357468
losses_train/total:	0.010497640818357468
losses_test/task:	0.45587605237960815
losses_test/total:	0.45587605237960815
calibration_test/ece:	0.07339257001876831
calibration_test/brier:	0.1663345992565155
accuracy_test/task:	90.27314814814815

Epoch 20
losses_train/task:	0.014461586251854897
losses_train/total:	0.014461586251854897
losses_test/task:	0.11524350941181183
losses_test/total:	0.11524350941181183
calibration_test/ece:	0.019438276067376137
calibration_test/brier:	0.060359399765729904
accuracy_test/task:	96.0925925925926

Epoch 21
losses_train/task:	0.00272839586250484
losses_train/total:	0.00272839586250484
losses_test/task:	0.0024544328916817904
losses_test/total:	0.0024544328916817904
calibration_test/ece:	0.0010840529575943947
calibration_test/brier:	0.0011287783272564411
accuracy_test/task:	99.92592592592592

Epoch 22
losses_train/task:	0.001440641819499433
losses_train/total:	0.001440641819499433
losses_test/task:	0.0020867479033768177
losses_test/total:	0.0020867479033768177
calibration_test/ece:	0.0008449241286143661
calibration_test/brier:	0.000980927492491901
accuracy_test/task:	99.92824074074075

Epoch 23
losses_train/task:	0.0013578784419223666
losses_train/total:	0.0013578784419223666
losses_test/task:	0.0018668409902602434
losses_test/total:	0.0018668409902602434
calibration_test/ece:	0.0008129862835630774
calibration_test/brier:	0.0008336642058566213
accuracy_test/task:	99.95370370370371

Epoch 24
losses_train/task:	0.001064196927472949
losses_train/total:	0.001064196927472949
losses_test/task:	0.002146622631698847
losses_test/total:	0.002146622631698847
calibration_test/ece:	0.0006820891867391765
calibration_test/brier:	0.0010386770591139793
accuracy_test/task:	99.93287037037037

Epoch 25
losses_train/task:	0.0009636130416765809
losses_train/total:	0.0009636130416765809
losses_test/task:	0.00179775757715106
losses_test/total:	0.00179775757715106
calibration_test/ece:	0.0007184898131527007
calibration_test/brier:	0.000836830644402653
accuracy_test/task:	99.94212962962963

Epoch 26
losses_train/task:	0.0009253792813979089
losses_train/total:	0.0009253792813979089
losses_test/task:	0.0017812781734392047
losses_test/total:	0.0017812781734392047
calibration_test/ece:	0.0006596222519874573
calibration_test/brier:	0.000864707981236279
accuracy_test/task:	99.93518518518519

Epoch 27
losses_train/task:	0.0009954319102689624
losses_train/total:	0.0009954319102689624
losses_test/task:	0.001940943649969995
losses_test/total:	0.001940943649969995
calibration_test/ece:	0.000706092338077724
calibration_test/brier:	0.0009284313418902457
accuracy_test/task:	99.9375

Epoch 28
losses_train/task:	0.0009320901590399444
losses_train/total:	0.0009320901590399444
losses_test/task:	0.0015121952164918184
losses_test/total:	0.0015121952164918184
calibration_test/ece:	0.0006256475462578237
calibration_test/brier:	0.0006743083358742297
accuracy_test/task:	99.96064814814815

Epoch 29
losses_train/task:	0.0009153953287750483
losses_train/total:	0.0009153953287750483
losses_test/task:	0.001577157061547041
losses_test/total:	0.001577157061547041
calibration_test/ece:	0.0006332173943519592
calibration_test/brier:	0.0007351122330874205
accuracy_test/task:	99.95138888888889

Epoch 30
losses_train/task:	0.000802517170086503
losses_train/total:	0.000802517170086503
losses_test/task:	0.0016301281284540892
losses_test/total:	0.0016301281284540892
calibration_test/ece:	0.0005761702777817845
calibration_test/brier:	0.0007753148674964905
accuracy_test/task:	99.94907407407408

Epoch 31
losses_train/task:	0.0006113357376307249
losses_train/total:	0.0006113357376307249
losses_test/task:	0.0014665848575532436
losses_test/total:	0.0014665848575532436
calibration_test/ece:	0.0006240713410079479
calibration_test/brier:	0.0006869779899716377
accuracy_test/task:	99.95601851851852

Epoch 32
losses_train/task:	0.0007439075270667672
losses_train/total:	0.0007439075270667672
losses_test/task:	0.001967006828635931
losses_test/total:	0.001967006828635931
calibration_test/ece:	0.0005357867921702564
calibration_test/brier:	0.0010013453429564834
accuracy_test/task:	99.9375

Epoch 33
losses_train/task:	0.0006215566536411643
losses_train/total:	0.0006215566536411643
losses_test/task:	0.0015365977305918932
losses_test/total:	0.0015365977305918932
calibration_test/ece:	0.0007268867921084166
calibration_test/brier:	0.0007517209160141647
accuracy_test/task:	99.94444444444444

Epoch 34
losses_train/task:	0.0005874228663742542
losses_train/total:	0.0005874228663742542
losses_test/task:	0.0014394117752090096
losses_test/total:	0.0014394117752090096
calibration_test/ece:	0.0006793951033614576
calibration_test/brier:	0.0006892708479426801
accuracy_test/task:	99.96064814814815

Epoch 35
losses_train/task:	0.0005767837283201516
losses_train/total:	0.0005767837283201516
losses_test/task:	0.0014467159053310752
losses_test/total:	0.0014467159053310752
calibration_test/ece:	0.0005378177738748491
calibration_test/brier:	0.0007123763207346201
accuracy_test/task:	99.94907407407408

Epoch 36
losses_train/task:	0.0005377671332098544
losses_train/total:	0.0005377671332098544
losses_test/task:	0.0015095866983756423
losses_test/total:	0.0015095866983756423
calibration_test/ece:	0.0005051326588727534
calibration_test/brier:	0.000739891198463738
accuracy_test/task:	99.94907407407408

Epoch 37
losses_train/task:	0.0005845362902618945
losses_train/total:	0.0005845362902618945
losses_test/task:	0.0012945751659572124
losses_test/total:	0.0012945751659572124
calibration_test/ece:	0.0004948131972923875
calibration_test/brier:	0.0005934496875852346
accuracy_test/task:	99.96527777777777

Epoch 38
losses_train/task:	0.0005891154869459569
losses_train/total:	0.0005891154869459569
losses_test/task:	0.0014303750358521938
losses_test/total:	0.0014303750358521938
calibration_test/ece:	0.000455138913821429
calibration_test/brier:	0.000712228415068239
accuracy_test/task:	99.94907407407408

Epoch 39
losses_train/task:	0.0005035722278989851
losses_train/total:	0.0005035722278989851
losses_test/task:	0.0013187971198931336
losses_test/total:	0.0013187971198931336
calibration_test/ece:	0.00056849280372262
calibration_test/brier:	0.000634808442555368
accuracy_test/task:	99.95138888888889

Epoch 40
losses_train/task:	0.0005662787007167935
losses_train/total:	0.0005662787007167935
losses_test/task:	0.001438528299331665
losses_test/total:	0.001438528299331665
calibration_test/ece:	0.00046471162931993604
calibration_test/brier:	0.0006999655161052942
accuracy_test/task:	99.95138888888889

Epoch 41
losses_train/task:	0.000513050879817456
losses_train/total:	0.000513050879817456
losses_test/task:	0.001510012662038207
losses_test/total:	0.001510012662038207
calibration_test/ece:	0.00047376842121593654
calibration_test/brier:	0.0007361223688349128
accuracy_test/task:	99.95138888888889

Epoch 42
losses_train/task:	0.0005570764187723398
losses_train/total:	0.0005570764187723398
losses_test/task:	0.0013404409401118755
losses_test/total:	0.0013404409401118755
calibration_test/ece:	0.0005275474395602942
calibration_test/brier:	0.0006371214403770864
accuracy_test/task:	99.96064814814815

Epoch 43
losses_train/task:	0.000494081643410027
losses_train/total:	0.000494081643410027
losses_test/task:	0.0016181903192773461
losses_test/total:	0.0016181903192773461
calibration_test/ece:	0.0005709741963073611
calibration_test/brier:	0.0008268759120255709
accuracy_test/task:	99.94907407407408

Epoch 44
losses_train/task:	0.00045956193935126066
losses_train/total:	0.00045956193935126066
losses_test/task:	0.001317408517934382
losses_test/total:	0.001317408517934382
calibration_test/ece:	0.0005320573691278696
calibration_test/brier:	0.0006488891085609794
accuracy_test/task:	99.95601851851852

Epoch 45
losses_train/task:	0.00047829904360696673
losses_train/total:	0.00047829904360696673
losses_test/task:	0.001282084034755826
losses_test/total:	0.001282084034755826
calibration_test/ece:	0.0005383085226640105
calibration_test/brier:	0.0006247644778341055
accuracy_test/task:	99.95138888888889

Epoch 46
losses_train/task:	0.0005046832957305014
losses_train/total:	0.0005046832957305014
losses_test/task:	0.0013382519828155637
losses_test/total:	0.0013382519828155637
calibration_test/ece:	0.000479767651995644
calibration_test/brier:	0.0006525904755108058
accuracy_test/task:	99.95370370370371

Epoch 47
losses_train/task:	0.000547034724149853
losses_train/total:	0.000547034724149853
losses_test/task:	0.0013671995839104056
losses_test/total:	0.0013671995839104056
calibration_test/ece:	0.00044636367238126695
calibration_test/brier:	0.0006810704944655299
accuracy_test/task:	99.95370370370371

Epoch 48
losses_train/task:	0.0006235223263502121
losses_train/total:	0.0006235223263502121
losses_test/task:	0.0012966865906491876
losses_test/total:	0.0012966865906491876
calibration_test/ece:	0.0005390627775341272
calibration_test/brier:	0.0006355855730362236
accuracy_test/task:	99.94907407407408

Epoch 49
losses_train/task:	0.00048783820238895714
losses_train/total:	0.00048783820238895714
losses_test/task:	0.0013890228001400828
losses_test/total:	0.0013890228001400828
calibration_test/ece:	0.0004571136669255793
calibration_test/brier:	0.0006901422166265547
accuracy_test/task:	99.95138888888889

Epoch 50
losses_train/task:	0.0004487413971219212
losses_train/total:	0.0004487413971219212
losses_test/task:	0.0014771879650652409
losses_test/total:	0.0014771879650652409
calibration_train/ece:	0.0001099705696105957
calibration_train/brier:	1.3868092310076463e-06
accuracy_train/task:	100.0
calibration_test/ece:	0.0005239613819867373
calibration_test/brier:	0.0007342506432905793
accuracy_test/task:	99.95833333333333
accuracy_test/nuisances_task:	18.124999292194843
accuracy_test/nuisances_nontask:	4.8912037163972855
mutual_inf_test/nuisances_task:	0.2784124794978756
mutual_inf_test/nuisances_nontask:	0.11770423800749397

epoch_50.pt
Skipping interventions: model 'vanilla' is not intervenable
[1;34mwandb[0m:
[1;34mwandb[0m: You can sync this run to the cloud by running:
[1;34mwandb[0m: [1mwandb sync /research/hal-afsharim/minimal_cbm/results/mpi3d-vanilla/42/wandb/offline-run-20260725_065420-sogrbp2j[0m
[1;34mwandb[0m: Find logs at: [1;35mresults/mpi3d-vanilla/42/wandb/offline-run-20260725_065420-sogrbp2j/logs[0m
