
===== launch 2026-07-25 17:25:13.909021 gpu0 =====
wandb: Using wandb-core as the SDK backend.  Please refer to https://wandb.me/wandb-core for more information.
wandb: Tracking run with wandb version 0.19.0
wandb: W&B syncing is set to `offline` in this directory.  
wandb: Run `wandb online` or set WANDB_MODE=online to enable cloud syncing.
Epoch 1
losses_train/task:	1.601438045501709
losses_train/concepts:	1.8499704599380493
losses_train/total:	3.451411247253418
losses_test/task:	1.4049714803695679
losses_test/concepts:	2.4270241260528564
losses_test/total:	3.8319969177246094
calibration_test/ece:	0.044602155685424805
calibration_test/brier:	0.7043963670730591
accuracy_test/task:	38.16898148148148
accuracy_test/concepts:	93.98033142089844
map_test/concepts:	0.9905623027256557

Epoch 2
losses_train/task:	1.0474554300308228
losses_train/concepts:	0.37373456358909607
losses_train/total:	1.421190857887268
losses_test/task:	1.5640320777893066
losses_test/concepts:	2.4306814670562744
losses_test/total:	3.994713068008423
calibration_test/ece:	0.2671177089214325
calibration_test/brier:	0.7436910271644592
accuracy_test/task:	42.66898148148148
accuracy_test/concepts:	96.12632751464844
map_test/concepts:	0.9984228738716671

Epoch 3
losses_train/task:	0.5989311933517456
losses_train/concepts:	0.12024477124214172
losses_train/total:	0.7191761136054993
losses_test/task:	2.1912715435028076
losses_test/concepts:	2.185014009475708
losses_test/total:	4.37628698348999
calibration_test/ece:	0.34196922183036804
calibration_test/brier:	0.8101989030838013
accuracy_test/task:	45.9375
accuracy_test/concepts:	97.51603698730469
map_test/concepts:	0.9977413671357291

Epoch 4
losses_train/task:	0.38038867712020874
losses_train/concepts:	0.061495281755924225
losses_train/total:	0.44188418984413147
losses_test/task:	0.48980870842933655
losses_test/concepts:	0.1819678246974945
losses_test/total:	0.6717761158943176
calibration_test/ece:	0.029889479279518127
calibration_test/brier:	0.2684096693992615
accuracy_test/task:	81.06018518518519
accuracy_test/concepts:	99.65460205078125
map_test/concepts:	0.9998083582946232

Epoch 5
losses_train/task:	0.28392353653907776
losses_train/concepts:	0.042018692940473557
losses_train/total:	0.3259420394897461
losses_test/task:	1.6549465656280518
losses_test/concepts:	0.7473612427711487
losses_test/total:	2.4023067951202393
calibration_test/ece:	0.28923723101615906
calibration_test/brier:	0.6706562638282776
accuracy_test/task:	57.19675925925926
accuracy_test/concepts:	98.70519256591797
map_test/concepts:	0.9998657362801688

Epoch 6
losses_train/task:	0.20388634502887726
losses_train/concepts:	0.02983224391937256
losses_train/total:	0.23371878266334534
losses_test/task:	0.4726915657520294
losses_test/concepts:	0.34839048981666565
losses_test/total:	0.8210824131965637
calibration_test/ece:	0.06178031489253044
calibration_test/brier:	0.24230585992336273
accuracy_test/task:	83.58101851851852
accuracy_test/concepts:	99.16584014892578
map_test/concepts:	0.9998846096651894

Epoch 7
losses_train/task:	0.16227878630161285
losses_train/concepts:	0.02469944953918457
losses_train/total:	0.18697810173034668
losses_test/task:	0.6936700940132141
losses_test/concepts:	3.429790735244751
losses_test/total:	4.123460292816162
calibration_test/ece:	0.1027735024690628
calibration_test/brier:	0.3265192210674286
accuracy_test/task:	78.34027777777777
accuracy_test/concepts:	98.43534851074219
map_test/concepts:	0.9968601720673698

Epoch 8
losses_train/task:	0.13761718571186066
losses_train/concepts:	0.020221306011080742
losses_train/total:	0.1578386127948761
losses_test/task:	0.17048963904380798
losses_test/concepts:	0.029649827629327774
losses_test/total:	0.20013947784900665
calibration_test/ece:	0.0033864867873489857
calibration_test/brier:	0.09422579407691956
accuracy_test/task:	93.58796296296296
accuracy_test/concepts:	99.93865966796875
map_test/concepts:	0.9999004474708012

Epoch 9
losses_train/task:	0.11283985525369644
losses_train/concepts:	0.018341029062867165
losses_train/total:	0.131181001663208
losses_test/task:	0.06854541599750519
losses_test/concepts:	0.005460720043629408
losses_test/total:	0.0740060955286026
calibration_test/ece:	0.0056304000318050385
calibration_test/brier:	0.03831566125154495
accuracy_test/task:	97.45138888888889
accuracy_test/concepts:	99.99603271484375
map_test/concepts:	0.9999040705817086

Epoch 10
losses_train/task:	0.09621258080005646
losses_train/concepts:	0.01785447634756565
losses_train/total:	0.11406698077917099
losses_test/task:	0.29028651118278503
losses_test/concepts:	0.17411915957927704
losses_test/total:	0.46440568566322327
calibration_train/ece:	0.03261875361204147
calibration_train/brier:	0.14025282859802246
accuracy_train/task:	90.79252099802372
calibration_test/ece:	0.03532826900482178
calibration_test/brier:	0.14594626426696777
accuracy_test/task:	90.3449074074074
accuracy_train/concepts:	99.67439270019531
map_train/concepts:	0.9998996640954699
accuracy_test/concepts:	99.67674255371094
map_test/concepts:	0.9998274530683245
accuracy_test/nuisances_task:	29.877314157783985
accuracy_test/nuisances_nontask:	8.5254630073905
mutual_inf_test/nuisances_task:	0.45714643571523006
mutual_inf_test/nuisances_nontask:	0.20491610043821418

Epoch 11
losses_train/task:	0.06951602548360825
losses_train/concepts:	0.00869288295507431
losses_train/total:	0.07820884883403778
losses_test/task:	0.11579827219247818
losses_test/concepts:	0.007450500503182411
losses_test/total:	0.12324880808591843
calibration_test/ece:	0.011948443949222565
calibration_test/brier:	0.06584906578063965
accuracy_test/task:	95.57407407407408
accuracy_test/concepts:	99.98908233642578
map_test/concepts:	0.9999040365219116

Epoch 12
losses_train/task:	0.06868023425340652
losses_train/concepts:	0.012362797744572163
losses_train/total:	0.08104300498962402
losses_test/task:	0.2366388589143753
losses_test/concepts:	0.041957926005125046
losses_test/total:	0.27859678864479065
calibration_test/ece:	0.03768104314804077
calibration_test/brier:	0.12648329138755798
accuracy_test/task:	91.79398148148148
accuracy_test/concepts:	99.911376953125
map_test/concepts:	0.999901043517249

Epoch 13
losses_train/task:	0.05258625000715256
losses_train/concepts:	0.008249862119555473
losses_train/total:	0.06083611398935318
losses_test/task:	0.04563232511281967
losses_test/concepts:	0.006410427391529083
losses_test/total:	0.05204275995492935
calibration_test/ece:	0.001956148771569133
calibration_test/brier:	0.024576717987656593
accuracy_test/task:	98.4375
accuracy_test/concepts:	99.98974609375
map_test/concepts:	0.9999036150319236

Epoch 14
losses_train/task:	0.04992249235510826
losses_train/concepts:	0.008214657194912434
losses_train/total:	0.0581371933221817
losses_test/task:	0.06636025756597519
losses_test/concepts:	0.016328202560544014
losses_test/total:	0.08268844336271286
calibration_test/ece:	0.0017477850196883082
calibration_test/brier:	0.03411250561475754
accuracy_test/task:	97.80787037037037
accuracy_test/concepts:	99.96527099609375
map_test/concepts:	0.9999036065169743

Epoch 15
losses_train/task:	0.03778257220983505
losses_train/concepts:	0.0046651847660541534
losses_train/total:	0.04244782403111458
losses_test/task:	0.33083102107048035
losses_test/concepts:	0.015494389459490776
losses_test/total:	0.34632569551467896
calibration_test/ece:	0.06222538650035858
calibration_test/brier:	0.16348770260810852
accuracy_test/task:	89.75925925925925
accuracy_test/concepts:	99.97172546386719
map_test/concepts:	0.9999040833541325

Epoch 16
losses_train/task:	0.05021749436855316
losses_train/concepts:	0.008791234344244003
losses_train/total:	0.05900876969099045
losses_test/task:	0.051777467131614685
losses_test/concepts:	0.0038501203525811434
losses_test/total:	0.05562758818268776
calibration_test/ece:	0.0013103991514071822
calibration_test/brier:	0.028182921931147575
accuracy_test/task:	98.16898148148148
accuracy_test/concepts:	99.99239349365234
map_test/concepts:	0.9999039939471653

Epoch 17
losses_train/task:	0.02372104674577713
losses_train/concepts:	0.002912491327151656
losses_train/total:	0.026633553206920624
losses_test/task:	0.03537362068891525
losses_test/concepts:	0.003663647221401334
losses_test/total:	0.03903725743293762
calibration_test/ece:	0.000827572017442435
calibration_test/brier:	0.019502853974699974
accuracy_test/task:	98.69212962962963
accuracy_test/concepts:	99.99635314941406
map_test/concepts:	0.999904100384031

Epoch 18
losses_train/task:	0.03403276205062866
losses_train/concepts:	0.0053795878775417805
losses_train/total:	0.03941231593489647
losses_test/task:	0.018521912395954132
losses_test/concepts:	0.0018149951938539743
losses_test/total:	0.020336905494332314
calibration_test/ece:	0.001805702573619783
calibration_test/brier:	0.010153441689908504
accuracy_test/task:	99.3425925925926
accuracy_test/concepts:	99.99884033203125
map_test/concepts:	0.9999041131564549

Epoch 19
losses_train/task:	0.033045925199985504
losses_train/concepts:	0.007166792172938585
losses_train/total:	0.04021269828081131
losses_test/task:	0.7263124585151672
losses_test/concepts:	0.32209643721580505
losses_test/total:	1.0484095811843872
calibration_test/ece:	0.12105578184127808
calibration_test/brier:	0.27714237570762634
accuracy_test/task:	83.54398148148148
accuracy_test/concepts:	99.43006134033203
map_test/concepts:	0.9998959856373923

Epoch 20
losses_train/task:	0.04022101312875748
losses_train/concepts:	0.009062530472874641
losses_train/total:	0.049283530563116074
losses_test/task:	0.12238369137048721
losses_test/concepts:	0.003352352185174823
losses_test/total:	0.12573601305484772
calibration_train/ece:	0.015945665538311005
calibration_train/brier:	0.056346140801906586
accuracy_train/task:	96.34232954545455
calibration_test/ece:	0.018967673182487488
calibration_test/brier:	0.06591980904340744
accuracy_test/task:	95.7800925925926
accuracy_train/concepts:	99.99878692626953
map_train/concepts:	0.9999679923057556
accuracy_test/concepts:	99.9968490600586
map_test/concepts:	0.999904100384031
accuracy_test/nuisances_task:	31.097222864627838
accuracy_test/nuisances_nontask:	7.905092462897301
mutual_inf_test/nuisances_task:	0.47304770984104083
mutual_inf_test/nuisances_nontask:	0.18732725620988877

Epoch 21
losses_train/task:	0.008482860401272774
losses_train/concepts:	0.0016467933310195804
losses_train/total:	0.010129663161933422
losses_test/task:	0.006207988131791353
losses_test/concepts:	0.00085508479969576
losses_test/total:	0.007063071709126234
calibration_test/ece:	0.0029578697867691517
calibration_test/brier:	0.0024860287085175514
accuracy_test/task:	99.87962962962963
accuracy_test/concepts:	99.99950408935547
map_test/concepts:	0.9999041131564549

Epoch 22
losses_train/task:	0.006386358756572008
losses_train/concepts:	0.001186756999231875
losses_train/total:	0.007573109585791826
losses_test/task:	0.005671584978699684
losses_test/concepts:	0.0008257710724137723
losses_test/total:	0.006497355177998543
calibration_test/ece:	0.0023160655982792377
calibration_test/brier:	0.0023066613357514143
accuracy_test/task:	99.85879629629629
accuracy_test/concepts:	99.9991683959961
map_test/concepts:	0.9999041131564549

Epoch 23
losses_train/task:	0.005754798650741577
losses_train/concepts:	0.0010665057925507426
losses_train/total:	0.006821298040449619
losses_test/task:	0.005169527605175972
losses_test/concepts:	0.0007851503905840218
losses_test/total:	0.005954674910753965
calibration_test/ece:	0.0022043895442038774
calibration_test/brier:	0.002126410137861967
accuracy_test/task:	99.88888888888889
accuracy_test/concepts:	99.9991683959961
map_test/concepts:	0.9999041088989803

Epoch 24
losses_train/task:	0.005084320902824402
losses_train/concepts:	0.0009280389058403671
losses_train/total:	0.006012359168380499
losses_test/task:	0.0052580637857317924
losses_test/concepts:	0.000815687992144376
losses_test/total:	0.006073754280805588
calibration_test/ece:	0.002039305167272687
calibration_test/brier:	0.0021708994172513485
accuracy_test/task:	99.87731481481481
accuracy_test/concepts:	99.99950408935547
map_test/concepts:	0.9999041131564549

Epoch 25
losses_train/task:	0.0048978291451931
losses_train/concepts:	0.00099197868257761
losses_train/total:	0.005889813415706158
losses_test/task:	0.00485167745500803
losses_test/concepts:	0.0007774243713356555
losses_test/total:	0.0056291003711521626
calibration_test/ece:	0.00176473637111485
calibration_test/brier:	0.0020444593392312527
accuracy_test/task:	99.88194444444444
accuracy_test/concepts:	99.99884033203125
map_test/concepts:	0.9999041131564549

Epoch 26
losses_train/task:	0.004623544868081808
losses_train/concepts:	0.0010197170777246356
losses_train/total:	0.005643260665237904
losses_test/task:	0.004235703963786364
losses_test/concepts:	0.000672386318910867
losses_test/total:	0.004908091388642788
calibration_test/ece:	0.0017112982459366322
calibration_test/brier:	0.00173795351292938
accuracy_test/task:	99.89120370370371
accuracy_test/concepts:	99.99933624267578
map_test/concepts:	0.9999041131564549

Epoch 27
losses_train/task:	0.00424483697861433
losses_train/concepts:	0.0008176296250894666
losses_train/total:	0.005062469281256199
losses_test/task:	0.004362866282463074
losses_test/concepts:	0.000639054283965379
losses_test/total:	0.005001920275390148
calibration_test/ece:	0.0016383582260459661
calibration_test/brier:	0.001860837102867663
accuracy_test/task:	99.89120370370371
accuracy_test/concepts:	99.99950408935547
map_test/concepts:	0.9999041131564549

Epoch 28
losses_train/task:	0.004087191075086594
losses_train/concepts:	0.0008604018366895616
losses_train/total:	0.004947596229612827
losses_test/task:	0.004001996014267206
losses_test/concepts:	0.0006943691405467689
losses_test/total:	0.004696365911513567
calibration_test/ece:	0.001691364450380206
calibration_test/brier:	0.0016242408892139792
accuracy_test/task:	99.89351851851852
accuracy_test/concepts:	99.99933624267578
map_test/concepts:	0.9999041088989803

Epoch 29
losses_train/task:	0.0037879899609833956
losses_train/concepts:	0.0008539157570339739
losses_train/total:	0.004641904029995203
losses_test/task:	0.0037368324119597673
losses_test/concepts:	0.0006259155343286693
losses_test/total:	0.004362744744867086
calibration_test/ece:	0.0014995494857430458
calibration_test/brier:	0.0015405945014208555
accuracy_test/task:	99.90972222222223
accuracy_test/concepts:	99.99933624267578
map_test/concepts:	0.9999041131564549

Epoch 30
losses_train/task:	0.0036476622335612774
losses_train/concepts:	0.000806850497610867
losses_train/total:	0.004454510286450386
losses_test/task:	0.004155782051384449
losses_test/concepts:	0.0006936288555152714
losses_test/total:	0.004849412012845278
calibration_train/ece:	0.0009855767711997032
calibration_train/brier:	0.00021619591279886663
accuracy_train/task:	99.99459609683794
calibration_test/ece:	0.0014815767062827945
calibration_test/brier:	0.0017985319718718529
accuracy_test/task:	99.88425925925925
accuracy_train/concepts:	100.0
map_train/concepts:	0.9999680008207049
accuracy_test/concepts:	99.99933624267578
map_test/concepts:	0.9999041088989803
accuracy_test/nuisances_task:	31.15740828216076
accuracy_test/nuisances_nontask:	7.493055611848831
mutual_inf_test/nuisances_task:	0.46487830864283775
mutual_inf_test/nuisances_nontask:	0.18703384384220734

Epoch 31
losses_train/task:	0.0033459693659096956
losses_train/concepts:	0.0007914004381746054
losses_train/total:	0.004137369804084301
losses_test/task:	0.003917931579053402
losses_test/concepts:	0.0007481302018277347
losses_test/total:	0.004666061606258154
calibration_test/ece:	0.001514617819339037
calibration_test/brier:	0.0015711408341303468
accuracy_test/task:	99.90972222222223
accuracy_test/concepts:	99.99884033203125
map_test/concepts:	0.9999041131564549

Epoch 32
losses_train/task:	0.0033876339439302683
losses_train/concepts:	0.0007640023832209408
losses_train/total:	0.0041516367346048355
losses_test/task:	0.003403767477720976
losses_test/concepts:	0.000567641865927726
losses_test/total:	0.003971407655626535
calibration_test/ece:	0.0014559336705133319
calibration_test/brier:	0.0013535090256482363
accuracy_test/task:	99.92361111111111
accuracy_test/concepts:	99.99933624267578
map_test/concepts:	0.9999041131564549

Epoch 33
losses_train/task:	0.003265886567533016
losses_train/concepts:	0.0007460199994966388
losses_train/total:	0.004011902958154678
losses_test/task:	0.003495673183351755
losses_test/concepts:	0.0005645101191475987
losses_test/total:	0.004060187842696905
calibration_test/ece:	0.0015133367851376534
calibration_test/brier:	0.0014444254338741302
accuracy_test/task:	99.9050925925926
accuracy_test/concepts:	99.99950408935547
map_test/concepts:	0.9999041131564549

Epoch 34
losses_train/task:	0.0030957390554249287
losses_train/concepts:	0.000845433387439698
losses_train/total:	0.003941169939935207
losses_test/task:	0.003720515174791217
losses_test/concepts:	0.0006382983410730958
losses_test/total:	0.0043588136322796345
calibration_test/ece:	0.0015545906499028206
calibration_test/brier:	0.0015471327351406217
accuracy_test/task:	99.90972222222223
accuracy_test/concepts:	99.99900817871094
map_test/concepts:	0.9999041131564549

Epoch 35
losses_train/task:	0.0030497456900775433
losses_train/concepts:	0.0007111708982847631
losses_train/total:	0.003760916879400611
losses_test/task:	0.004094090312719345
losses_test/concepts:	0.0005725857918150723
losses_test/total:	0.0046666814014315605
calibration_test/ece:	0.0012021604925394058
calibration_test/brier:	0.001813743612729013
accuracy_test/task:	99.89120370370371
accuracy_test/concepts:	99.99933624267578
map_test/concepts:	0.9999041131564549

Epoch 36
losses_train/task:	0.0031809485517442226
losses_train/concepts:	0.000762877578381449
losses_train/total:	0.0039438242092728615
losses_test/task:	0.003421047003939748
losses_test/concepts:	0.0005477294907905161
losses_test/total:	0.003968776203691959
calibration_test/ece:	0.0013327598571777344
calibration_test/brier:	0.001445374102331698
accuracy_test/task:	99.91898148148148
accuracy_test/concepts:	99.99950408935547
map_test/concepts:	0.9999041131564549

Epoch 37
losses_train/task:	0.002859270665794611
losses_train/concepts:	0.000755580491386354
losses_train/total:	0.0036148515064269304
losses_test/task:	0.002853056648746133
losses_test/concepts:	0.000485156022477895
losses_test/total:	0.0033382116816937923
calibration_test/ece:	0.0012943255715072155
calibration_test/brier:	0.0011477959342300892
accuracy_test/task:	99.93518518518519
accuracy_test/concepts:	99.99967193603516
map_test/concepts:	0.9999041088989803

Epoch 38
losses_train/task:	0.0030665197409689426
losses_train/concepts:	0.0006878540152683854
losses_train/total:	0.0037543759681284428
losses_test/task:	0.003077482106164098
losses_test/concepts:	0.0004951501032337546
losses_test/total:	0.003572633722797036
calibration_test/ece:	0.0012482433812692761
calibration_test/brier:	0.0012844547163695097
accuracy_test/task:	99.92361111111111
accuracy_test/concepts:	99.99967193603516
map_test/concepts:	0.9999041088989803

Epoch 39
losses_train/task:	0.0028182188980281353
losses_train/concepts:	0.0006998663302510977
losses_train/total:	0.003518082434311509
losses_test/task:	0.002762048738077283
losses_test/concepts:	0.0004914760356768966
losses_test/total:	0.003253525821492076
calibration_test/ece:	0.0013282689033076167
calibration_test/brier:	0.0010581801179796457
accuracy_test/task:	99.94444444444444
accuracy_test/concepts:	99.99967193603516
map_test/concepts:	0.9999041131564549

Epoch 40
losses_train/task:	0.003008890664204955
losses_train/concepts:	0.0007145202835090458
losses_train/total:	0.003723412286490202
losses_test/task:	0.0035735538695007563
losses_test/concepts:	0.000519824679940939
losses_test/total:	0.0040933783166110516
calibration_train/ece:	0.000616592587903142
calibration_train/brier:	9.006413165479898e-05
accuracy_train/task:	99.99768404150197
calibration_test/ece:	0.0012583365896716714
calibration_test/brier:	0.0014841475058346987
accuracy_test/task:	99.92361111111111
accuracy_train/concepts:	100.0
map_train/concepts:	0.9999680135931287
accuracy_test/concepts:	99.99950408935547
map_test/concepts:	0.9999041131564549
accuracy_test/nuisances_task:	31.523148342967033
accuracy_test/nuisances_nontask:	7.16435220092535
mutual_inf_test/nuisances_task:	0.4695219678683613
mutual_inf_test/nuisances_nontask:	0.1826781062684033

Epoch 41
losses_train/task:	0.0024113920517265797
losses_train/concepts:	0.0006937757134437561
losses_train/total:	0.0031051686964929104
losses_test/task:	0.002983703510835767
losses_test/concepts:	0.0005573034868575633
losses_test/total:	0.003541008336469531
calibration_test/ece:	0.0014403571840375662
calibration_test/brier:	0.0011667156359180808
accuracy_test/task:	99.94212962962963
accuracy_test/concepts:	99.99950408935547
map_test/concepts:	0.9999041131564549

Epoch 42
losses_train/task:	0.0023517331574112177
losses_train/concepts:	0.0006743083940818906
losses_train/total:	0.0030260414350777864
losses_test/task:	0.0029709392692893744
losses_test/concepts:	0.0005087190656922758
losses_test/total:	0.0034796602558344603
calibration_test/ece:	0.0012995615834370255
calibration_test/brier:	0.0012037771521136165
accuracy_test/task:	99.94212962962963
accuracy_test/concepts:	99.99967193603516
map_test/concepts:	0.9999041131564549

Epoch 43
losses_train/task:	0.0026927213184535503
losses_train/concepts:	0.0006546458462253213
losses_train/total:	0.003347366815432906
losses_test/task:	0.0029418806079775095
losses_test/concepts:	0.0005379299982450902
losses_test/total:	0.003479809034615755
calibration_test/ece:	0.0012988642556592822
calibration_test/brier:	0.0011607249034568667
accuracy_test/task:	99.93518518518519
accuracy_test/concepts:	99.99950408935547
map_test/concepts:	0.9999041131564549

Epoch 44
losses_train/task:	0.0024511858355253935
losses_train/concepts:	0.0006624048110097647
losses_train/total:	0.003113590879365802
losses_test/task:	0.0028107508551329374
losses_test/concepts:	0.0005180882872082293
losses_test/total:	0.0033288407139480114
calibration_test/ece:	0.0012424755841493607
calibration_test/brier:	0.001089817495085299
accuracy_test/task:	99.93981481481481
accuracy_test/concepts:	99.99950408935547
map_test/concepts:	0.9999041131564549

Epoch 45
losses_train/task:	0.0026182078290730715
losses_train/concepts:	0.0006505261990241706
losses_train/total:	0.0032687329221516848
losses_test/task:	0.0030415919609367847
losses_test/concepts:	0.000543756817933172
losses_test/total:	0.003585350699722767
calibration_test/ece:	0.0012174765579402447
calibration_test/brier:	0.0012217743787914515
accuracy_test/task:	99.93518518518519
accuracy_test/concepts:	99.99950408935547
map_test/concepts:	0.9999041131564549

Epoch 46
losses_train/task:	0.002581618959084153
losses_train/concepts:	0.0006510072271339595
losses_train/total:	0.0032326248474419117
losses_test/task:	0.0028901752084493637
losses_test/concepts:	0.0005591122317127883
losses_test/total:	0.0034492879640311003
calibration_test/ece:	0.001281962264329195
calibration_test/brier:	0.0011258210288360715
accuracy_test/task:	99.93055555555556
accuracy_test/concepts:	99.99950408935547
map_test/concepts:	0.9999041131564549

Epoch 47
losses_train/task:	0.0028953771106898785
losses_train/concepts:	0.0006566385272890329
losses_train/total:	0.003552018664777279
losses_test/task:	0.0028055578004568815
losses_test/concepts:	0.0004896509926766157
losses_test/total:	0.003295209025964141
calibration_test/ece:	0.0013229534961283207
calibration_test/brier:	0.001101151225157082
accuracy_test/task:	99.94907407407408
accuracy_test/concepts:	99.99967193603516
map_test/concepts:	0.9999041131564549

Epoch 48
losses_train/task:	0.002450457774102688
losses_train/concepts:	0.0006831632927060127
losses_train/total:	0.00313362292945385
losses_test/task:	0.0026830355636775494
losses_test/concepts:	0.0004947684938088059
losses_test/total:	0.0031778046395629644
calibration_test/ece:	0.0012107710354030132
calibration_test/brier:	0.0010625283466652036
accuracy_test/task:	99.93518518518519
accuracy_test/concepts:	99.99967193603516
map_test/concepts:	0.9999041131564549

Epoch 49
losses_train/task:	0.002599034458398819
losses_train/concepts:	0.0006999323959462345
losses_train/total:	0.003298964584246278
losses_test/task:	0.0026800043415278196
losses_test/concepts:	0.0005059401737526059
losses_test/total:	0.0031859464943408966
calibration_test/ece:	0.0012083760229870677
calibration_test/brier:	0.0010595768690109253
accuracy_test/task:	99.94444444444444
accuracy_test/concepts:	99.99967193603516
map_test/concepts:	0.9999041131564549

Epoch 50
losses_train/task:	0.002378272358328104
losses_train/concepts:	0.0006356454687193036
losses_train/total:	0.0030139179434627295
losses_test/task:	0.002812877530232072
losses_test/concepts:	0.0005254750140011311
losses_test/total:	0.003338351845741272
calibration_train/ece:	0.0005433528567664325
calibration_train/brier:	5.7028813898796216e-05
accuracy_train/task:	99.99845602766798
calibration_test/ece:	0.0012071195524185896
calibration_test/brier:	0.0011536141391843557
accuracy_test/task:	99.93287037037037
accuracy_train/concepts:	100.0
map_train/concepts:	0.9999679837908063
accuracy_test/concepts:	99.99967193603516
map_test/concepts:	0.9999041131564549
accuracy_test/nuisances_task:	30.74305411428213
accuracy_test/nuisances_nontask:	7.337962836027145
mutual_inf_test/nuisances_task:	0.46639757807565674
mutual_inf_test/nuisances_nontask:	0.18657935045974583

epoch_50.pt
Skipping interventions: model 'cem' is not intervenable
[1;34mwandb[0m:
[1;34mwandb[0m: You can sync this run to the cloud by running:
[1;34mwandb[0m: [1mwandb sync /research/hal-afsharim/minimal_cbm/results/mpi3d-cem/43/wandb/offline-run-20260725_172518-bb3acjdj[0m
[1;34mwandb[0m: Find logs at: [1;35mresults/mpi3d-cem/43/wandb/offline-run-20260725_172518-bb3acjdj/logs[0m
