
===== launch 2026-07-25 09:50:02.390187 gpu2 =====
wandb: Using wandb-core as the SDK backend.  Please refer to https://wandb.me/wandb-core for more information.
wandb: Tracking run with wandb version 0.19.0
wandb: W&B syncing is set to `offline` in this directory.  
wandb: Run `wandb online` or set WANDB_MODE=online to enable cloud syncing.

===== launch 2026-07-25 13:56:18.106681 gpu5 =====
wandb: Using wandb-core as the SDK backend.  Please refer to https://wandb.me/wandb-core for more information.
wandb: Tracking run with wandb version 0.19.0
wandb: W&B syncing is set to `offline` in this directory.  
wandb: Run `wandb online` or set WANDB_MODE=online to enable cloud syncing.
Epoch 1
losses_train/task:	1.7011299133300781
losses_train/concepts:	2.9241039752960205
losses_train/representations:	3.536328077316284
losses_train/total:	8.161565780639648
losses_test/task:	1.6921266317367554
losses_test/concepts:	0.5150548815727234
losses_test/representations:	1.865207314491272
losses_test/total:	4.072389602661133
calibration_test/ece:	0.03237577900290489
calibration_test/brier:	0.8024988174438477
accuracy_test/task:	25.502314814814813
accuracy_test/concepts:	98.98561096191406
map_test/concepts:	0.9980038361889976

Epoch 2
losses_train/task:	1.7182996273040771
losses_train/concepts:	0.5424408316612244
losses_train/representations:	0.9711489081382751
losses_train/total:	3.231891632080078
losses_test/task:	1.7895177602767944
losses_test/concepts:	0.5666685104370117
losses_test/representations:	1.7968180179595947
losses_test/total:	4.153005599975586
calibration_test/ece:	0.06443064659833908
calibration_test/brier:	0.8359084725379944
accuracy_test/task:	19.685185185185187
accuracy_test/concepts:	98.68022918701172
map_test/concepts:	0.9991555554526192

Epoch 3
losses_train/task:	1.7289859056472778
losses_train/concepts:	0.3278366029262543
losses_train/representations:	0.5792434215545654
losses_train/total:	2.636064291000366
losses_test/task:	1.7011710405349731
losses_test/concepts:	0.20430465042591095
losses_test/representations:	0.9769878387451172
losses_test/total:	2.8824636936187744
calibration_test/ece:	0.028491012752056122
calibration_test/brier:	0.8020040988922119
accuracy_test/task:	27.305555555555557
accuracy_test/concepts:	99.73991394042969
map_test/concepts:	0.9994789915425437

Epoch 4
losses_train/task:	1.7290239334106445
losses_train/concepts:	0.2330051213502884
losses_train/representations:	0.37343230843544006
losses_train/total:	2.3354618549346924
losses_test/task:	1.7518962621688843
losses_test/concepts:	0.3951791226863861
losses_test/representations:	0.9868656992912292
losses_test/total:	3.133941411972046
calibration_test/ece:	0.05145122855901718
calibration_test/brier:	0.8205153942108154
accuracy_test/task:	22.32638888888889
accuracy_test/concepts:	99.19725036621094
map_test/concepts:	0.9997060894966125

Epoch 5
losses_train/task:	1.7157189846038818
losses_train/concepts:	0.21916793286800385
losses_train/representations:	0.3292163014411926
losses_train/total:	2.2641026973724365
losses_test/task:	1.6638621091842651
losses_test/concepts:	0.048687923699617386
losses_test/representations:	0.25114092230796814
losses_test/total:	1.963690996170044
calibration_test/ece:	0.05077524110674858
calibration_test/brier:	0.787622332572937
accuracy_test/task:	29.86574074074074
accuracy_test/concepts:	99.95866394042969
map_test/concepts:	0.9998911108289447

Epoch 6
losses_train/task:	1.702095866203308
losses_train/concepts:	0.1676972508430481
losses_train/representations:	0.2475159615278244
losses_train/total:	2.1173079013824463
losses_test/task:	1.6498959064483643
losses_test/concepts:	0.04064696282148361
losses_test/representations:	0.2262364774942398
losses_test/total:	1.9167802333831787
calibration_test/ece:	0.04039815813302994
calibration_test/brier:	0.7885022163391113
accuracy_test/task:	29.881944444444443
accuracy_test/concepts:	99.96842193603516
map_test/concepts:	0.9998929372855595

Epoch 7
losses_train/task:	1.6892377138137817
losses_train/concepts:	0.19705680012702942
losses_train/representations:	0.27771157026290894
losses_train/total:	2.164003610610962
losses_test/task:	1.617311716079712
losses_test/concepts:	0.03208203613758087
losses_test/representations:	0.16417239606380463
losses_test/total:	1.813565969467163
calibration_test/ece:	0.07635562866926193
calibration_test/brier:	0.7696277499198914
accuracy_test/task:	33.976851851851855
accuracy_test/concepts:	99.97486877441406
map_test/concepts:	0.9998905318123954

Epoch 8
losses_train/task:	1.6713820695877075
losses_train/concepts:	0.1398915797472
losses_train/representations:	0.2028670459985733
losses_train/total:	2.0141398906707764
losses_test/task:	1.5660712718963623
losses_test/concepts:	0.046188611537218094
losses_test/representations:	0.19621407985687256
losses_test/total:	1.808474063873291
calibration_test/ece:	0.08861275762319565
calibration_test/brier:	0.7500810027122498
accuracy_test/task:	36.25
accuracy_test/concepts:	99.94295501708984
map_test/concepts:	0.9998727653707776

Epoch 9
losses_train/task:	1.6526062488555908
losses_train/concepts:	0.11660630255937576
losses_train/representations:	0.17232559621334076
losses_train/total:	1.9415394067764282
losses_test/task:	1.521811604499817
losses_test/concepts:	0.016384147107601166
losses_test/representations:	0.20683380961418152
losses_test/total:	1.7450308799743652
calibration_test/ece:	0.08330538868904114
calibration_test/brier:	0.7382882237434387
accuracy_test/task:	36.761574074074076
accuracy_test/concepts:	99.99800872802734
map_test/concepts:	0.9999001664774758

Epoch 10
losses_train/task:	1.614781379699707
losses_train/concepts:	0.11851929873228073
losses_train/representations:	0.18818826973438263
losses_train/total:	1.9214906692504883
losses_test/task:	1.4540042877197266
losses_test/concepts:	0.01957838609814644
losses_test/representations:	0.18616074323654175
losses_test/total:	1.659743309020996
calibration_train/ece:	0.13577184081077576
calibration_train/brier:	0.7115725874900818
accuracy_train/task:	43.11156744071146
calibration_test/ece:	0.1305921971797943
calibration_test/brier:	0.7138695120811462
accuracy_test/task:	42.54398148148148
accuracy_train/concepts:	99.9963607788086
map_train/concepts:	0.9999638540404183
accuracy_test/concepts:	99.98957824707031
map_test/concepts:	0.9998968967369625
accuracy_test/nuisances_task:	4.666667059063911
accuracy_test/nuisances_nontask:	0.24305544793605804
mutual_inf_test/nuisances_task:	0.07088625686671379
mutual_inf_test/nuisances_nontask:	9.264643713424725e-06

Epoch 11
losses_train/task:	1.5677402019500732
losses_train/concepts:	0.11792808771133423
losses_train/representations:	0.2121203988790512
losses_train/total:	1.8977876901626587
losses_test/task:	1.4013117551803589
losses_test/concepts:	0.029952233657240868
losses_test/representations:	0.31712085008621216
losses_test/total:	1.748384952545166
calibration_test/ece:	0.12151186168193817
calibration_test/brier:	0.6921220421791077
accuracy_test/task:	44.59027777777778
accuracy_test/concepts:	99.9695816040039
map_test/concepts:	0.9998754220349448

Epoch 12
losses_train/task:	1.5288645029067993
losses_train/concepts:	0.11530627310276031
losses_train/representations:	0.23041844367980957
losses_train/total:	1.8745877742767334
losses_test/task:	1.3213391304016113
losses_test/concepts:	0.016575181856751442
losses_test/representations:	0.20588508248329163
losses_test/total:	1.5437994003295898
calibration_test/ece:	0.1645491123199463
calibration_test/brier:	0.6624236106872559
accuracy_test/task:	49.60648148148148
accuracy_test/concepts:	99.9912338256836
map_test/concepts:	0.9998962453433445

Epoch 13
losses_train/task:	1.5057517290115356
losses_train/concepts:	0.10928907990455627
losses_train/representations:	0.23249825835227966
losses_train/total:	1.8475384712219238
losses_test/task:	1.27409029006958
losses_test/concepts:	0.3543057441711426
losses_test/representations:	0.3986142575740814
losses_test/total:	2.027010679244995
calibration_test/ece:	0.18270763754844666
calibration_test/brier:	0.6474266052246094
accuracy_test/task:	52.620370370370374
accuracy_test/concepts:	99.82672119140625
map_test/concepts:	0.9984772460801261

Epoch 14
losses_train/task:	1.5428580045700073
losses_train/concepts:	0.16295413672924042
losses_train/representations:	0.2792123854160309
losses_train/total:	1.985023856163025
losses_test/task:	1.3106292486190796
losses_test/concepts:	0.013114199042320251
losses_test/representations:	0.19575950503349304
losses_test/total:	1.5195032358169556
calibration_test/ece:	0.19170041382312775
calibration_test/brier:	0.6579015851020813
accuracy_test/task:	51.74768518518518
accuracy_test/concepts:	99.99603271484375
map_test/concepts:	0.9998969605990818

Epoch 15
losses_train/task:	1.487214207649231
losses_train/concepts:	0.10542580485343933
losses_train/representations:	0.2377520352602005
losses_train/total:	1.830392837524414
losses_test/task:	1.2854304313659668
losses_test/concepts:	0.016224458813667297
losses_test/representations:	0.21164895594120026
losses_test/total:	1.5133044719696045
calibration_test/ece:	0.17941345274448395
calibration_test/brier:	0.650517463684082
accuracy_test/task:	52.1087962962963
accuracy_test/concepts:	99.98743438720703
map_test/concepts:	0.9998978972434998

Epoch 16
losses_train/task:	1.4692316055297852
losses_train/concepts:	0.10590266436338425
losses_train/representations:	0.24417434632778168
losses_train/total:	1.8193079233169556
losses_test/task:	1.206426739692688
losses_test/concepts:	0.011506385169923306
losses_test/representations:	0.24111051857471466
losses_test/total:	1.4590439796447754
calibration_test/ece:	0.2015496790409088
calibration_test/brier:	0.6155959963798523
accuracy_test/task:	56.351851851851855
accuracy_test/concepts:	99.99603271484375
map_test/concepts:	0.9998930096626282

Epoch 17
losses_train/task:	1.4725086688995361
losses_train/concepts:	0.11577543616294861
losses_train/representations:	0.2564954161643982
losses_train/total:	1.8447792530059814
losses_test/task:	1.2237123250961304
losses_test/concepts:	0.011142654344439507
losses_test/representations:	0.2265310436487198
losses_test/total:	1.4613858461380005
calibration_test/ece:	0.20569086074829102
calibration_test/brier:	0.6250871419906616
accuracy_test/task:	55.54398148148148
accuracy_test/concepts:	99.9963607788086
map_test/concepts:	0.9998970585209983

Epoch 18
losses_train/task:	1.4401652812957764
losses_train/concepts:	0.10368411988019943
losses_train/representations:	0.2548260986804962
losses_train/total:	1.798676609992981
losses_test/task:	1.194648265838623
losses_test/concepts:	0.022432589903473854
losses_test/representations:	0.2614020109176636
losses_test/total:	1.4784835577011108
calibration_test/ece:	0.21256768703460693
calibration_test/brier:	0.613538384437561
accuracy_test/task:	57.833333333333336
accuracy_test/concepts:	99.9766845703125
map_test/concepts:	0.9998970798083714

Epoch 19
losses_train/task:	1.4181835651397705
losses_train/concepts:	0.10023443400859833
losses_train/representations:	0.26177436113357544
losses_train/total:	1.7801915407180786
losses_test/task:	1.134615421295166
losses_test/concepts:	0.007880913093686104
losses_test/representations:	0.27575206756591797
losses_test/total:	1.4182485342025757
calibration_test/ece:	0.2088761031627655
calibration_test/brier:	0.5832059979438782
accuracy_test/task:	59.870370370370374
accuracy_test/concepts:	99.99933624267578
map_test/concepts:	0.999904100384031

Epoch 20
losses_train/task:	1.3999032974243164
losses_train/concepts:	0.10097382962703705
losses_train/representations:	0.27617648243904114
losses_train/total:	1.7770531177520752
losses_test/task:	1.127086877822876
losses_test/concepts:	0.012329492717981339
losses_test/representations:	0.2701931297779083
losses_test/total:	1.4096094369888306
calibration_train/ece:	0.2161848098039627
calibration_train/brier:	0.5751960277557373
accuracy_train/task:	60.73832756916996
calibration_test/ece:	0.21554377675056458
calibration_test/brier:	0.5778069496154785
accuracy_test/task:	60.58796296296296
accuracy_train/concepts:	99.99668884277344
map_train/concepts:	0.9999671280384064
accuracy_test/concepts:	99.99272918701172
map_test/concepts:	0.9998933587755475
accuracy_test/nuisances_task:	6.233796291053295
accuracy_test/nuisances_nontask:	0.12499988079071045
mutual_inf_test/nuisances_task:	0.09123865183107227
mutual_inf_test/nuisances_nontask:	-1.064947381823611e-05

Epoch 21
losses_train/task:	1.3713701963424683
losses_train/concepts:	0.09512199461460114
losses_train/representations:	0.26133984327316284
losses_train/total:	1.727832555770874
losses_test/task:	1.0757160186767578
losses_test/concepts:	0.007936343550682068
losses_test/representations:	0.2577563524246216
losses_test/total:	1.3414089679718018
calibration_test/ece:	0.2732775807380676
calibration_test/brier:	0.5548253655433655
accuracy_test/task:	66.47916666666667
accuracy_test/concepts:	99.99900817871094
map_test/concepts:	0.9999006688594818

Epoch 22
losses_train/task:	1.3604412078857422
losses_train/concepts:	0.09692969918251038
losses_train/representations:	0.2670200765132904
losses_train/total:	1.7243908643722534
losses_test/task:	1.0643576383590698
losses_test/concepts:	0.007768689654767513
losses_test/representations:	0.26576149463653564
losses_test/total:	1.3378878831863403
calibration_test/ece:	0.27135151624679565
calibration_test/brier:	0.5515080094337463
accuracy_test/task:	66.63194444444444
accuracy_test/concepts:	99.99867248535156
map_test/concepts:	0.9999022611549923

Epoch 23
losses_train/task:	1.3532030582427979
losses_train/concepts:	0.09621673077344894
losses_train/representations:	0.268428236246109
losses_train/total:	1.717846393585205
losses_test/task:	1.046797513961792
losses_test/concepts:	0.007905621081590652
losses_test/representations:	0.2677168548107147
losses_test/total:	1.322420358657837
calibration_test/ece:	0.27241092920303345
calibration_test/brier:	0.5416438579559326
accuracy_test/task:	67.57175925925925
accuracy_test/concepts:	99.99900817871094
map_test/concepts:	0.9999007199491773

Epoch 24
losses_train/task:	1.3461213111877441
losses_train/concepts:	0.09363764524459839
losses_train/representations:	0.27278828620910645
losses_train/total:	1.7125463485717773
losses_test/task:	1.0422910451889038
losses_test/concepts:	0.007593253161758184
losses_test/representations:	0.2709921598434448
losses_test/total:	1.320876955986023
calibration_test/ece:	0.2783803641796112
calibration_test/brier:	0.5418626070022583
accuracy_test/task:	68.03703703703704
accuracy_test/concepts:	99.99933624267578
map_test/concepts:	0.999904100384031

Epoch 25
losses_train/task:	1.342755913734436
losses_train/concepts:	0.0967763215303421
losses_train/representations:	0.2752467095851898
losses_train/total:	1.7147777080535889
losses_test/task:	1.032649278640747
losses_test/concepts:	0.007714828941971064
losses_test/representations:	0.2756441533565521
losses_test/total:	1.3160083293914795
calibration_test/ece:	0.26768994331359863
calibration_test/brier:	0.5353450775146484
accuracy_test/task:	67.63888888888889
accuracy_test/concepts:	99.99867248535156
map_test/concepts:	0.999900975397655

Epoch 26
losses_train/task:	1.339858889579773
losses_train/concepts:	0.0963514968752861
losses_train/representations:	0.27722179889678955
losses_train/total:	1.713432788848877
losses_test/task:	1.0217139720916748
losses_test/concepts:	0.00770749244838953
losses_test/representations:	0.2802726626396179
losses_test/total:	1.3096941709518433
calibration_test/ece:	0.273364394903183
calibration_test/brier:	0.5297321677207947
accuracy_test/task:	68.60185185185185
accuracy_test/concepts:	99.99933624267578
map_test/concepts:	0.9999013713427952

Epoch 27
losses_train/task:	1.3316954374313354
losses_train/concepts:	0.10050972551107407
losses_train/representations:	0.27935928106307983
losses_train/total:	1.7115634679794312
losses_test/task:	1.0177475214004517
losses_test/concepts:	0.007774988189339638
losses_test/representations:	0.27970650792121887
losses_test/total:	1.30522882938385
calibration_test/ece:	0.2716274559497833
calibration_test/brier:	0.5288755297660828
accuracy_test/task:	68.55324074074075
accuracy_test/concepts:	99.99834442138672
map_test/concepts:	0.999901899269649

Epoch 28
losses_train/task:	1.3295923471450806
losses_train/concepts:	0.09695105999708176
losses_train/representations:	0.2823455035686493
losses_train/total:	1.708890438079834
losses_test/task:	1.0109883546829224
losses_test/concepts:	0.007689852267503738
losses_test/representations:	0.2820788621902466
losses_test/total:	1.3007574081420898
calibration_test/ece:	0.26911255717277527
calibration_test/brier:	0.524698793888092
accuracy_test/task:	68.7199074074074
accuracy_test/concepts:	99.99900817871094
map_test/concepts:	0.9999008391584668

Epoch 29
losses_train/task:	1.3279950618743896
losses_train/concepts:	0.09800131618976593
losses_train/representations:	0.2839645743370056
losses_train/total:	1.7099593877792358
losses_test/task:	1.0107183456420898
losses_test/concepts:	0.007758772000670433
losses_test/representations:	0.2817612886428833
losses_test/total:	1.3002387285232544
calibration_test/ece:	0.27603113651275635
calibration_test/brier:	0.5259493589401245
accuracy_test/task:	69.02083333333333
accuracy_test/concepts:	99.99900817871094
map_test/concepts:	0.9999007071767535

Epoch 30
losses_train/task:	1.3219780921936035
losses_train/concepts:	0.09578288346529007
losses_train/representations:	0.2863209843635559
losses_train/total:	1.7040823698043823
losses_test/task:	1.0027767419815063
losses_test/concepts:	0.007581489626318216
losses_test/representations:	0.28595954179763794
losses_test/total:	1.2963175773620605
calibration_train/ece:	0.26741182804107666
calibration_train/brier:	0.5198810696601868
accuracy_train/task:	68.9368206521739
calibration_test/ece:	0.2650204300880432
calibration_test/brier:	0.5232257843017578
accuracy_test/task:	68.53935185185185
accuracy_train/concepts:	100.0
map_train/concepts:	0.9999680050781795
accuracy_test/concepts:	99.99900817871094
map_test/concepts:	0.9999039939471653
accuracy_test/nuisances_task:	6.356481648981571
accuracy_test/nuisances_nontask:	0.2384258434176445
mutual_inf_test/nuisances_task:	0.09437285844926468
mutual_inf_test/nuisances_nontask:	-1.3736242467699e-05

Epoch 31
losses_train/task:	1.319477915763855
losses_train/concepts:	0.09589383006095886
losses_train/representations:	0.2871721684932709
losses_train/total:	1.702541470527649
losses_test/task:	0.9967728853225708
losses_test/concepts:	0.007717897184193134
losses_test/representations:	0.28881698846817017
losses_test/total:	1.2933077812194824
calibration_test/ece:	0.2686319053173065
calibration_test/brier:	0.5179339647293091
accuracy_test/task:	69.1550925925926
accuracy_test/concepts:	99.99867248535156
map_test/concepts:	0.9999023122446877

Epoch 32
losses_train/task:	1.3180197477340698
losses_train/concepts:	0.09505916386842728
losses_train/representations:	0.2882983088493347
losses_train/total:	1.701377034187317
losses_test/task:	0.9926016926765442
losses_test/concepts:	0.008264865726232529
losses_test/representations:	0.2883872091770172
losses_test/total:	1.2892544269561768
calibration_test/ece:	0.2640121877193451
calibration_test/brier:	0.5152824521064758
accuracy_test/task:	68.92129629629629
accuracy_test/concepts:	99.99800872802734
map_test/concepts:	0.999900438955852

Epoch 33
losses_train/task:	1.3121669292449951
losses_train/concepts:	0.09532956033945084
losses_train/representations:	0.2901711165904999
losses_train/total:	1.697669506072998
losses_test/task:	0.9879708290100098
losses_test/concepts:	0.007771862205117941
losses_test/representations:	0.28552788496017456
losses_test/total:	1.2812707424163818
calibration_test/ece:	0.26602357625961304
calibration_test/brier:	0.5141774415969849
accuracy_test/task:	69.27314814814815
accuracy_test/concepts:	99.99900817871094
map_test/concepts:	0.9999031892844609

Epoch 34
losses_train/task:	1.3126317262649536
losses_train/concepts:	0.09866536408662796
losses_train/representations:	0.29273906350135803
losses_train/total:	1.7040373086929321
losses_test/task:	0.9859153628349304
losses_test/concepts:	0.008026817813515663
losses_test/representations:	0.2922731935977936
losses_test/total:	1.286214828491211
calibration_test/ece:	0.2630501389503479
calibration_test/brier:	0.5129522681236267
accuracy_test/task:	69.14814814814815
accuracy_test/concepts:	99.9976806640625
map_test/concepts:	0.9999012436185565

Epoch 35
losses_train/task:	1.3109073638916016
losses_train/concepts:	0.10002490133047104
losses_train/representations:	0.2923298180103302
losses_train/total:	1.7032618522644043
losses_test/task:	0.9854031205177307
losses_test/concepts:	0.0075692967511713505
losses_test/representations:	0.2898904085159302
losses_test/total:	1.2828634977340698
calibration_test/ece:	0.26401662826538086
calibration_test/brier:	0.5121405720710754
accuracy_test/task:	69.25
accuracy_test/concepts:	99.99900817871094
map_test/concepts:	0.9999014224324908

Epoch 36
losses_train/task:	1.3084992170333862
losses_train/concepts:	0.09838502109050751
losses_train/representations:	0.29373225569725037
losses_train/total:	1.7006163597106934
losses_test/task:	0.9822603464126587
losses_test/concepts:	0.00796414539217949
losses_test/representations:	0.29229092597961426
losses_test/total:	1.2825151681900024
calibration_test/ece:	0.25811782479286194
calibration_test/brier:	0.5121187567710876
accuracy_test/task:	68.73148148148148
accuracy_test/concepts:	99.99800872802734
map_test/concepts:	0.9999013500554221

Epoch 37
losses_train/task:	1.3049074411392212
losses_train/concepts:	0.09977616369724274
losses_train/representations:	0.29488977789878845
losses_train/total:	1.6995744705200195
losses_test/task:	0.9746640920639038
losses_test/concepts:	0.008183922618627548
losses_test/representations:	0.2997877299785614
losses_test/total:	1.2826350927352905
calibration_test/ece:	0.25991517305374146
calibration_test/brier:	0.5069248080253601
accuracy_test/task:	69.4375
accuracy_test/concepts:	99.99800872802734
map_test/concepts:	0.9999007071767535

Epoch 38
losses_train/task:	1.3027523756027222
losses_train/concepts:	0.0990026593208313
losses_train/representations:	0.2976171374320984
losses_train/total:	1.699371337890625
losses_test/task:	0.9719114899635315
losses_test/concepts:	0.007786453701555729
losses_test/representations:	0.2932947278022766
losses_test/total:	1.2729926109313965
calibration_test/ece:	0.2578948736190796
calibration_test/brier:	0.5066285133361816
accuracy_test/task:	69.2175925925926
accuracy_test/concepts:	99.99867248535156
map_test/concepts:	0.999901260648455

Epoch 39
losses_train/task:	1.3023399114608765
losses_train/concepts:	0.09807023406028748
losses_train/representations:	0.29664453864097595
losses_train/total:	1.697054386138916
losses_test/task:	0.974449098110199
losses_test/concepts:	0.0076822517439723015
losses_test/representations:	0.29749584197998047
losses_test/total:	1.2796272039413452
calibration_test/ece:	0.2684107720851898
calibration_test/brier:	0.5093093514442444
accuracy_test/task:	69.87962962962963
accuracy_test/concepts:	99.99834442138672
map_test/concepts:	0.9999010946069445

Epoch 40
losses_train/task:	1.3006055355072021
losses_train/concepts:	0.09720265865325928
losses_train/representations:	0.29834258556365967
losses_train/total:	1.696151852607727
losses_test/task:	0.971347987651825
losses_test/concepts:	0.007893593050539494
losses_test/representations:	0.29116111993789673
losses_test/total:	1.2704031467437744
calibration_train/ece:	0.25964146852493286
calibration_train/brier:	0.5023021697998047
accuracy_train/task:	69.54282979249012
calibration_test/ece:	0.25517359375953674
calibration_test/brier:	0.5059796571731567
accuracy_test/task:	68.92361111111111
accuracy_train/concepts:	100.0
map_train/concepts:	0.9999680050781795
accuracy_test/concepts:	99.99834442138672
map_test/concepts:	0.9999006986618042
accuracy_test/nuisances_task:	5.95138855278492
accuracy_test/nuisances_nontask:	0.12962967157363892
mutual_inf_test/nuisances_task:	0.09864373620061007
mutual_inf_test/nuisances_nontask:	-3.381402315705273e-06

Epoch 41
losses_train/task:	1.301052212715149
losses_train/concepts:	0.09907516092061996
losses_train/representations:	0.29589536786079407
losses_train/total:	1.696022391319275
losses_test/task:	0.9685463309288025
losses_test/concepts:	0.007536489516496658
losses_test/representations:	0.296124666929245
losses_test/total:	1.272207498550415
calibration_test/ece:	0.2625325918197632
calibration_test/brier:	0.5051264762878418
accuracy_test/task:	69.69907407407408
accuracy_test/concepts:	99.99867248535156
map_test/concepts:	0.9999017630304609

Epoch 42
losses_train/task:	1.29671311378479
losses_train/concepts:	0.0968133881688118
losses_train/representations:	0.29698893427848816
losses_train/total:	1.6905156373977661
losses_test/task:	0.9685028791427612
losses_test/concepts:	0.007652538362890482
losses_test/representations:	0.29620739817619324
losses_test/total:	1.2723625898361206
calibration_test/ece:	0.262748658657074
calibration_test/brier:	0.5050227642059326
accuracy_test/task:	69.72453703703704
accuracy_test/concepts:	99.99867248535156
map_test/concepts:	0.9999011158943176

Epoch 43
losses_train/task:	1.2928597927093506
losses_train/concepts:	0.09731311351060867
losses_train/representations:	0.29657182097435
losses_train/total:	1.686743974685669
losses_test/task:	0.9692543745040894
losses_test/concepts:	0.007511783856898546
losses_test/representations:	0.2933560609817505
losses_test/total:	1.2701222896575928
calibration_test/ece:	0.2648462653160095
calibration_test/brier:	0.5058047771453857
accuracy_test/task:	69.79166666666667
accuracy_test/concepts:	99.99867248535156
map_test/concepts:	0.9999022994722638

Epoch 44
losses_train/task:	1.2955782413482666
losses_train/concepts:	0.09754753112792969
losses_train/representations:	0.296314001083374
losses_train/total:	1.6894404888153076
losses_test/task:	0.9667900204658508
losses_test/concepts:	0.0077595338225364685
losses_test/representations:	0.30019986629486084
losses_test/total:	1.2747492790222168
calibration_test/ece:	0.2611125111579895
calibration_test/brier:	0.5045041441917419
accuracy_test/task:	69.62037037037037
accuracy_test/concepts:	99.99867248535156
map_test/concepts:	0.9999007114342281

Epoch 45
losses_train/task:	1.2974456548690796
losses_train/concepts:	0.09665689617395401
losses_train/representations:	0.2964313328266144
losses_train/total:	1.6905317306518555
losses_test/task:	0.9659730195999146
losses_test/concepts:	0.007530620321631432
losses_test/representations:	0.2977312207221985
losses_test/total:	1.2712345123291016
calibration_test/ece:	0.263311505317688
calibration_test/brier:	0.5038747787475586
accuracy_test/task:	69.86574074074075
accuracy_test/concepts:	99.99867248535156
map_test/concepts:	0.9999017672879356

Epoch 46
losses_train/task:	1.2957983016967773
losses_train/concepts:	0.10054993629455566
losses_train/representations:	0.29694876074790955
losses_train/total:	1.6932967901229858
losses_test/task:	0.9678654670715332
losses_test/concepts:	0.007730551995337009
losses_test/representations:	0.30053842067718506
losses_test/total:	1.2761342525482178
calibration_test/ece:	0.26291003823280334
calibration_test/brier:	0.5056713223457336
accuracy_test/task:	69.6875
accuracy_test/concepts:	99.99834442138672
map_test/concepts:	0.9999008136136192

Epoch 47
losses_train/task:	1.2960617542266846
losses_train/concepts:	0.09943600744009018
losses_train/representations:	0.2973167300224304
losses_train/total:	1.6928160190582275
losses_test/task:	0.9686800241470337
losses_test/concepts:	0.007541162893176079
losses_test/representations:	0.29627877473831177
losses_test/total:	1.272499680519104
calibration_test/ece:	0.2626643478870392
calibration_test/brier:	0.5059405565261841
accuracy_test/task:	69.65277777777777
accuracy_test/concepts:	99.99867248535156
map_test/concepts:	0.9999019801616669

Epoch 48
losses_train/task:	1.2992446422576904
losses_train/concepts:	0.09904544800519943
losses_train/representations:	0.2976533770561218
losses_train/total:	1.6959441900253296
losses_test/task:	0.9665734171867371
losses_test/concepts:	0.007888010703027248
losses_test/representations:	0.2976348400115967
losses_test/total:	1.272095799446106
calibration_test/ece:	0.2643582820892334
calibration_test/brier:	0.5045084357261658
accuracy_test/task:	69.91203703703704
accuracy_test/concepts:	99.99834442138672
map_test/concepts:	0.9999007540089744

Epoch 49
losses_train/task:	1.2951712608337402
losses_train/concepts:	0.0960257276892662
losses_train/representations:	0.29792213439941406
losses_train/total:	1.6891196966171265
losses_test/task:	0.9657869935035706
losses_test/concepts:	0.007747191935777664
losses_test/representations:	0.2988786995410919
losses_test/total:	1.272412657737732
calibration_test/ece:	0.2596531808376312
calibration_test/brier:	0.5044156908988953
accuracy_test/task:	69.5324074074074
accuracy_test/concepts:	99.99867248535156
map_test/concepts:	0.9999007497514997

Epoch 50
losses_train/task:	1.3009440898895264
losses_train/concepts:	0.09826520830392838
losses_train/representations:	0.2981409728527069
losses_train/total:	1.6973503828048706
losses_test/task:	0.9672514796257019
losses_test/concepts:	0.007588705513626337
losses_test/representations:	0.2945810854434967
losses_test/total:	1.2694214582443237
calibration_train/ece:	0.2654338777065277
calibration_train/brier:	0.5009492635726929
accuracy_train/task:	70.23838932806323
calibration_test/ece:	0.262911319732666
calibration_test/brier:	0.5045403838157654
accuracy_test/task:	69.80092592592592
accuracy_train/concepts:	100.0
map_train/concepts:	0.9999680135931287
accuracy_test/concepts:	99.99867248535156
map_test/concepts:	0.9999007795538221
accuracy_test/nuisances_task:	6.486110761761665
accuracy_test/nuisances_nontask:	0.10416675359010696
mutual_inf_test/nuisances_task:	0.09192963780417962
mutual_inf_test/nuisances_nontask:	-1.2914656704943184e-05

epoch_50.pt
groups=0 err_lowconf=30.199 err_random=30.199
groups=1 err_lowconf=30.801 err_random=30.801
groups=2 err_lowconf=30.935 err_random=30.935
groups=3 err_lowconf=31.891 err_random=31.891
groups=4 err_lowconf=32.380 err_random=32.380
groups=5 err_lowconf=33.646 err_random=33.646
groups=6 err_lowconf=35.255 err_random=35.255
groups=7 err_lowconf=47.688 err_random=47.688
groups=8 err_lowconf=67.350 err_random=67.350
groups=9 err_lowconf=70.475 err_random=70.475
groups=10 err_lowconf=71.701 err_random=71.701
groups=11 err_lowconf=72.868 err_random=72.868
groups=12 err_lowconf=76.752 err_random=76.752
groups=13 err_lowconf=77.366 err_random=77.366
groups=14 err_lowconf=77.944 err_random=77.944
[1;34mwandb[0m:
[1;34mwandb[0m: You can sync this run to the cloud by running:
[1;34mwandb[0m: [1mwandb sync /research/hal-afsharim/minimal_cbm/results/mpi3d-mcbm-1/42/wandb/offline-run-20260725_135622-mqrwsgg1[0m
[1;34mwandb[0m: Find logs at: [1;35mresults/mpi3d-mcbm-1/42/wandb/offline-run-20260725_135622-mqrwsgg1/logs[0m
