
===== launch 2026-07-25 09:39:13.496952 gpu1 =====
wandb: Using wandb-core as the SDK backend.  Please refer to https://wandb.me/wandb-core for more information.
wandb: Tracking run with wandb version 0.19.0
wandb: W&B syncing is set to `offline` in this directory.  
wandb: Run `wandb online` or set WANDB_MODE=online to enable cloud syncing.

===== launch 2026-07-25 09:43:34.763076 gpu0 =====
wandb: Using wandb-core as the SDK backend.  Please refer to https://wandb.me/wandb-core for more information.
wandb: Tracking run with wandb version 0.19.0
wandb: W&B syncing is set to `offline` in this directory.  
wandb: Run `wandb online` or set WANDB_MODE=online to enable cloud syncing.

===== launch 2026-07-25 12:19:33.154599 gpu5 =====
wandb: Using wandb-core as the SDK backend.  Please refer to https://wandb.me/wandb-core for more information.
wandb: Tracking run with wandb version 0.19.0
wandb: W&B syncing is set to `offline` in this directory.  
wandb: Run `wandb online` or set WANDB_MODE=online to enable cloud syncing.
Epoch 1
losses_train/task:	1.7607356309890747
losses_train/concepts:	2.473560094833374
losses_train/total:	4.2343010902404785
losses_test/task:	1.725706934928894
losses_test/concepts:	1.2544455528259277
losses_test/total:	2.980151891708374
calibration_test/ece:	0.010004023090004921
calibration_test/brier:	0.811770498752594
accuracy_test/task:	24.77314814814815
accuracy_test/concepts:	96.73429870605469
map_test/concepts:	0.9913309386798314

Epoch 2
losses_train/task:	1.7670201063156128
losses_train/concepts:	0.39007148146629333
losses_train/total:	2.157092332839966
losses_test/task:	1.7573449611663818
losses_test/concepts:	1.0812190771102905
losses_test/total:	2.838562488555908
calibration_test/ece:	0.023422107100486755
calibration_test/brier:	0.8218299746513367
accuracy_test/task:	22.756944444444443
accuracy_test/concepts:	97.6053237915039
map_test/concepts:	0.9981588338102613

Epoch 3
losses_train/task:	1.7790825366973877
losses_train/concepts:	0.14183786511421204
losses_train/total:	1.920920968055725
losses_test/task:	1.7745740413665771
losses_test/concepts:	1.04353666305542
losses_test/total:	2.8181121349334717
calibration_test/ece:	0.01674928516149521
calibration_test/brier:	0.8275727033615112
accuracy_test/task:	21.627314814814813
accuracy_test/concepts:	97.49983978271484
map_test/concepts:	0.9995017179421016

Epoch 4
losses_train/task:	1.7774317264556885
losses_train/concepts:	0.07271331548690796
losses_train/total:	1.850145936012268
losses_test/task:	1.7766927480697632
losses_test/concepts:	0.2642268240451813
losses_test/total:	2.0409200191497803
calibration_test/ece:	0.007939513772726059
calibration_test/brier:	0.8282961845397949
accuracy_test/task:	20.90740740740741
accuracy_test/concepts:	99.51091003417969
map_test/concepts:	0.9998496004513332

Epoch 5
losses_train/task:	1.7746188640594482
losses_train/concepts:	0.060891471803188324
losses_train/total:	1.8355093002319336
losses_test/task:	1.7747851610183716
losses_test/concepts:	0.06869287043809891
losses_test/total:	1.8434782028198242
calibration_test/ece:	0.010023361071944237
calibration_test/brier:	0.8276790976524353
accuracy_test/task:	21.337962962962962
accuracy_test/concepts:	99.81993865966797
map_test/concepts:	0.9998851503644671

Epoch 6
losses_train/task:	1.7722572088241577
losses_train/concepts:	0.033017877489328384
losses_train/total:	1.8052771091461182
losses_test/task:	1.7715100049972534
losses_test/concepts:	0.19722330570220947
losses_test/total:	1.9687323570251465
calibration_test/ece:	0.012464097701013088
calibration_test/brier:	0.8265812993049622
accuracy_test/task:	21.70138888888889
accuracy_test/concepts:	99.5238037109375
map_test/concepts:	0.9998811142785209

Epoch 7
losses_train/task:	1.7698458433151245
losses_train/concepts:	0.03185385838150978
losses_train/total:	1.801697850227356
losses_test/task:	1.7694381475448608
losses_test/concepts:	0.052244313061237335
losses_test/total:	1.8216829299926758
calibration_test/ece:	0.010629219003021717
calibration_test/brier:	0.8258794546127319
accuracy_test/task:	21.85648148148148
accuracy_test/concepts:	99.8611068725586
map_test/concepts:	0.9998990637915475

Epoch 8
losses_train/task:	1.7676165103912354
losses_train/concepts:	0.017367644235491753
losses_train/total:	1.7849843502044678
losses_test/task:	1.7674239873886108
losses_test/concepts:	0.05570075288414955
losses_test/total:	1.823124647140503
calibration_test/ece:	0.008981743827462196
calibration_test/brier:	0.825212299823761
accuracy_test/task:	22.01851851851852
accuracy_test/concepts:	99.86491394042969
map_test/concepts:	0.9998572170734406

Epoch 9
losses_train/task:	1.7655997276306152
losses_train/concepts:	0.014642924070358276
losses_train/total:	1.780240535736084
losses_test/task:	1.7660900354385376
losses_test/concepts:	0.27981826663017273
losses_test/total:	2.0459070205688477
calibration_test/ece:	0.008804061450064182
calibration_test/brier:	0.8247381448745728
accuracy_test/task:	22.3125
accuracy_test/concepts:	99.317626953125
map_test/concepts:	0.9998975694179535

Epoch 10
losses_train/task:	1.7638522386550903
losses_train/concepts:	0.014782034792006016
losses_train/total:	1.7786340713500977
losses_test/task:	1.763719916343689
losses_test/concepts:	0.00926824752241373
losses_test/total:	1.7729885578155518
calibration_train/ece:	0.010968878865242004
calibration_train/brier:	0.8234967589378357
accuracy_train/task:	22.742712450592887
calibration_test/ece:	0.01051135454326868
calibration_test/brier:	0.823959231376648
accuracy_test/task:	22.63425925925926
accuracy_train/concepts:	99.98826599121094
map_train/concepts:	0.999967702797481
accuracy_test/concepts:	99.98478698730469
map_test/concepts:	0.9999031339372907
accuracy_test/nuisances_task:	16.268518939614296
accuracy_test/nuisances_nontask:	4.729166626930237
mutual_inf_test/nuisances_task:	0.3058090454214568
mutual_inf_test/nuisances_nontask:	0.11143849741696421

Epoch 11
losses_train/task:	1.762229561805725
losses_train/concepts:	0.011941320262849331
losses_train/total:	1.7741719484329224
losses_test/task:	1.7624577283859253
losses_test/concepts:	0.0199287086725235
losses_test/total:	1.7823858261108398
calibration_test/ece:	0.007715650834143162
calibration_test/brier:	0.8235407471656799
accuracy_test/task:	22.52314814814815
accuracy_test/concepts:	99.95270538330078
map_test/concepts:	0.9999030530452728

Epoch 12
losses_train/task:	1.7607251405715942
losses_train/concepts:	0.011081846430897713
losses_train/total:	1.7718065977096558
losses_test/task:	1.7609140872955322
losses_test/concepts:	0.026269156485795975
losses_test/total:	1.7871832847595215
calibration_test/ece:	0.011202067136764526
calibration_test/brier:	0.8230125308036804
accuracy_test/task:	22.881944444444443
accuracy_test/concepts:	99.93617248535156
map_test/concepts:	0.9999024868011475

Epoch 13
losses_train/task:	1.7594043016433716
losses_train/concepts:	0.015624183230102062
losses_train/total:	1.775030493736267
losses_test/task:	1.7600135803222656
losses_test/concepts:	0.004286472219973803
losses_test/total:	1.764299988746643
calibration_test/ece:	0.0071208057925105095
calibration_test/brier:	0.8227511644363403
accuracy_test/task:	22.819444444444443
accuracy_test/concepts:	99.99437713623047
map_test/concepts:	0.9999039002827236

Epoch 14
losses_train/task:	1.758232593536377
losses_train/concepts:	0.008490484207868576
losses_train/total:	1.7667245864868164
losses_test/task:	1.7586722373962402
losses_test/concepts:	0.003838503500446677
losses_test/total:	1.7625093460083008
calibration_test/ece:	0.009311472065746784
calibration_test/brier:	0.8222822546958923
accuracy_test/task:	22.96064814814815
accuracy_test/concepts:	99.99189758300781
map_test/concepts:	0.9999039002827236

Epoch 15
losses_train/task:	1.7569819688796997
losses_train/concepts:	0.007803787011653185
losses_train/total:	1.7647849321365356
losses_test/task:	1.7576850652694702
losses_test/concepts:	0.0050080870278179646
losses_test/total:	1.762693166732788
calibration_test/ece:	0.008810311555862427
calibration_test/brier:	0.8219819068908691
accuracy_test/task:	22.796296296296298
accuracy_test/concepts:	99.98941802978516
map_test/concepts:	0.9999037427561623

Epoch 16
losses_train/task:	1.7557673454284668
losses_train/concepts:	0.00610750075429678
losses_train/total:	1.761875867843628
losses_test/task:	1.757157802581787
losses_test/concepts:	0.0031605768017470837
losses_test/total:	1.7603187561035156
calibration_test/ece:	0.005409042350947857
calibration_test/brier:	0.8218534588813782
accuracy_test/task:	22.72222222222222
accuracy_test/concepts:	99.99504089355469
map_test/concepts:	0.9999039854322161

Epoch 17
losses_train/task:	1.7549515962600708
losses_train/concepts:	0.005498817656189203
losses_train/total:	1.760451316833496
losses_test/task:	1.7554030418395996
losses_test/concepts:	0.0014727249508723617
losses_test/total:	1.7568755149841309
calibration_test/ece:	0.008745753206312656
calibration_test/brier:	0.8212577104568481
accuracy_test/task:	23.229166666666668
accuracy_test/concepts:	99.99817657470703
map_test/concepts:	0.9999040620667594

Epoch 18
losses_train/task:	1.753818154335022
losses_train/concepts:	0.005576794967055321
losses_train/total:	1.7593939304351807
losses_test/task:	1.7548458576202393
losses_test/concepts:	0.009115062654018402
losses_test/total:	1.7639609575271606
calibration_test/ece:	0.009061404503881931
calibration_test/brier:	0.8210742473602295
accuracy_test/task:	23.38425925925926
accuracy_test/concepts:	99.9826431274414
map_test/concepts:	0.9999028657163892

Epoch 19
losses_train/task:	1.7529778480529785
losses_train/concepts:	0.0071314130909740925
losses_train/total:	1.7601102590560913
losses_test/task:	1.7544575929641724
losses_test/concepts:	0.0017825097311288118
losses_test/total:	1.7562410831451416
calibration_test/ece:	0.005849030800163746
calibration_test/brier:	0.8209472894668579
accuracy_test/task:	23.29398148148148
accuracy_test/concepts:	99.99669647216797
map_test/concepts:	0.9999040961265564

Epoch 20
losses_train/task:	1.7521406412124634
losses_train/concepts:	0.0015757628716528416
losses_train/total:	1.7537177801132202
losses_test/task:	1.7545301914215088
losses_test/concepts:	0.0009784679859876633
losses_test/total:	1.7555075883865356
calibration_train/ece:	0.008490526117384434
calibration_train/brier:	0.8198555707931519
accuracy_train/task:	23.886023962450594
calibration_test/ece:	0.0057199876755476
calibration_test/brier:	0.821000337600708
accuracy_test/task:	23.25462962962963
accuracy_train/concepts:	99.99988555908203
map_train/concepts:	0.9999679923057556
accuracy_test/concepts:	99.99867248535156
map_test/concepts:	0.999904100384031
accuracy_test/nuisances_task:	15.32638855278492
accuracy_test/nuisances_nontask:	4.6736108139157295
mutual_inf_test/nuisances_task:	0.29430793912634934
mutual_inf_test/nuisances_nontask:	0.1075841324479947

Epoch 21
losses_train/task:	1.7503013610839844
losses_train/concepts:	0.001052961335517466
losses_train/total:	1.7513548135757446
losses_test/task:	1.7524595260620117
losses_test/concepts:	0.0006078555597923696
losses_test/total:	1.7530680894851685
calibration_test/ece:	0.006901878863573074
calibration_test/brier:	0.8202674984931946
accuracy_test/task:	23.60185185185185
accuracy_test/concepts:	99.99900817871094
map_test/concepts:	0.999904100384031

Epoch 22
losses_train/task:	1.7499154806137085
losses_train/concepts:	0.0007438009488396347
losses_train/total:	1.750659465789795
losses_test/task:	1.7521077394485474
losses_test/concepts:	0.00047891802387312055
losses_test/total:	1.7525864839553833
calibration_test/ece:	0.007011165376752615
calibration_test/brier:	0.8201431632041931
accuracy_test/task:	23.56712962962963
accuracy_test/concepts:	99.99933624267578
map_test/concepts:	0.999904100384031

Epoch 23
losses_train/task:	1.7497566938400269
losses_train/concepts:	0.0007894181180745363
losses_train/total:	1.750548005104065
losses_test/task:	1.7520039081573486
losses_test/concepts:	0.0005151290097273886
losses_test/total:	1.7525196075439453
calibration_test/ece:	0.007180626038461924
calibration_test/brier:	0.8201252222061157
accuracy_test/task:	23.53009259259259
accuracy_test/concepts:	99.99933624267578
map_test/concepts:	0.999904100384031

Epoch 24
losses_train/task:	1.7496845722198486
losses_train/concepts:	0.0007613315829075873
losses_train/total:	1.750444769859314
losses_test/task:	1.7519475221633911
losses_test/concepts:	0.00040354259544983506
losses_test/total:	1.7523504495620728
calibration_test/ece:	0.0068683018907904625
calibration_test/brier:	0.820104718208313
accuracy_test/task:	23.50462962962963
accuracy_test/concepts:	99.99967193603516
map_test/concepts:	0.999904100384031

Epoch 25
losses_train/task:	1.749557375907898
losses_train/concepts:	0.0006825588643550873
losses_train/total:	1.750240445137024
losses_test/task:	1.7520467042922974
losses_test/concepts:	0.0004709688073489815
losses_test/total:	1.752517580986023
calibration_test/ece:	0.006398099008947611
calibration_test/brier:	0.8201329112052917
accuracy_test/task:	23.546296296296298
accuracy_test/concepts:	99.99900817871094
map_test/concepts:	0.999904100384031

Epoch 26
losses_train/task:	1.749479055404663
losses_train/concepts:	0.000717270711902529
losses_train/total:	1.7501949071884155
losses_test/task:	1.7518635988235474
losses_test/concepts:	0.000503788935020566
losses_test/total:	1.752367615699768
calibration_test/ece:	0.007429162971675396
calibration_test/brier:	0.8200809955596924
accuracy_test/task:	23.622685185185187
accuracy_test/concepts:	99.99900817871094
map_test/concepts:	0.999904100384031

Epoch 27
losses_train/task:	1.7493380308151245
losses_train/concepts:	0.0007005073130130768
losses_train/total:	1.7500364780426025
losses_test/task:	1.7517650127410889
losses_test/concepts:	0.0004661229613702744
losses_test/total:	1.7522306442260742
calibration_test/ece:	0.0068260603584349155
calibration_test/brier:	0.8200486302375793
accuracy_test/task:	23.60185185185185
accuracy_test/concepts:	99.99933624267578
map_test/concepts:	0.999904100384031

Epoch 28
losses_train/task:	1.7492796182632446
losses_train/concepts:	0.0006969453534111381
losses_train/total:	1.7499780654907227
losses_test/task:	1.7516716718673706
losses_test/concepts:	0.0006114720017649233
losses_test/total:	1.7522838115692139
calibration_test/ece:	0.0077345110476017
calibration_test/brier:	0.8199947476387024
accuracy_test/task:	23.73148148148148
accuracy_test/concepts:	99.99867248535156
map_test/concepts:	0.999904100384031

Epoch 29
losses_train/task:	1.7491374015808105
losses_train/concepts:	0.0006826973403804004
losses_train/total:	1.7498201131820679
losses_test/task:	1.7514514923095703
losses_test/concepts:	0.00041870935820043087
losses_test/total:	1.7518699169158936
calibration_test/ece:	0.0071860807947814465
calibration_test/brier:	0.8199360966682434
accuracy_test/task:	23.65509259259259
accuracy_test/concepts:	99.99967193603516
map_test/concepts:	0.999904100384031

Epoch 30
losses_train/task:	1.7490804195404053
losses_train/concepts:	0.0006373016512952745
losses_train/total:	1.7497167587280273
losses_test/task:	1.751414179801941
losses_test/concepts:	0.0004150498134549707
losses_test/total:	1.7518285512924194
calibration_train/ece:	0.010667751543223858
calibration_train/brier:	0.8189817070960999
accuracy_train/task:	24.055088932806324
calibration_test/ece:	0.00796982366591692
calibration_test/brier:	0.8199247717857361
accuracy_test/task:	23.68287037037037
accuracy_train/concepts:	100.0
map_train/concepts:	0.9999680348805019
accuracy_test/concepts:	99.99933624267578
map_test/concepts:	0.999904100384031
accuracy_test/nuisances_task:	16.06944389641285
accuracy_test/nuisances_nontask:	4.916666820645332
mutual_inf_test/nuisances_task:	0.2906519246154179
mutual_inf_test/nuisances_nontask:	0.10945344741181917

Epoch 31
losses_train/task:	1.7489848136901855
losses_train/concepts:	0.000601229490712285
losses_train/total:	1.7495850324630737
losses_test/task:	1.751548171043396
losses_test/concepts:	0.00043804815504699945
losses_test/total:	1.7519856691360474
calibration_test/ece:	0.004753896500915289
calibration_test/brier:	0.8199830055236816
accuracy_test/task:	23.46759259259259
accuracy_test/concepts:	99.9991683959961
map_test/concepts:	0.999904100384031

Epoch 32
losses_train/task:	1.7489672899246216
losses_train/concepts:	0.0006694296025671065
losses_train/total:	1.7496356964111328
losses_test/task:	1.7512723207473755
losses_test/concepts:	0.00038725536433048546
losses_test/total:	1.7516602277755737
calibration_test/ece:	0.005802331492304802
calibration_test/brier:	0.8198853731155396
accuracy_test/task:	23.56712962962963
accuracy_test/concepts:	99.99933624267578
map_test/concepts:	0.999904100384031

Epoch 33
losses_train/task:	1.7488468885421753
losses_train/concepts:	0.0005776192410849035
losses_train/total:	1.7494245767593384
losses_test/task:	1.751238465309143
losses_test/concepts:	0.00050604302668944
losses_test/total:	1.7517433166503906
calibration_test/ece:	0.006581821013242006
calibration_test/brier:	0.8198668956756592
accuracy_test/task:	23.67824074074074
accuracy_test/concepts:	99.99900817871094
map_test/concepts:	0.999904100384031

Epoch 34
losses_train/task:	1.7487472295761108
losses_train/concepts:	0.0006307919975370169
losses_train/total:	1.7493761777877808
losses_test/task:	1.7513166666030884
losses_test/concepts:	0.0004265131719876081
losses_test/total:	1.7517423629760742
calibration_test/ece:	0.0070284223183989525
calibration_test/brier:	0.8199057579040527
accuracy_test/task:	23.724537037037038
accuracy_test/concepts:	99.99933624267578
map_test/concepts:	0.999904100384031

Epoch 35
losses_train/task:	1.7486273050308228
losses_train/concepts:	0.0006602694629691541
losses_train/total:	1.7492890357971191
losses_test/task:	1.7510679960250854
losses_test/concepts:	0.0005004508420825005
losses_test/total:	1.7515678405761719
calibration_test/ece:	0.0068107955157756805
calibration_test/brier:	0.8198151588439941
accuracy_test/task:	23.689814814814813
accuracy_test/concepts:	99.99900817871094
map_test/concepts:	0.999904100384031

Epoch 36
losses_train/task:	1.7486085891723633
losses_train/concepts:	0.0006495022680610418
losses_train/total:	1.7492598295211792
losses_test/task:	1.7510195970535278
losses_test/concepts:	0.0005361943040043116
losses_test/total:	1.7515556812286377
calibration_test/ece:	0.006288980599492788
calibration_test/brier:	0.8197951316833496
accuracy_test/task:	23.671296296296298
accuracy_test/concepts:	99.99900817871094
map_test/concepts:	0.999904100384031

Epoch 37
losses_train/task:	1.7485512495040894
losses_train/concepts:	0.0005981526337563992
losses_train/total:	1.749150276184082
losses_test/task:	1.7508864402770996
losses_test/concepts:	0.0004543046816252172
losses_test/total:	1.7513413429260254
calibration_test/ece:	0.007345122750848532
calibration_test/brier:	0.8197526931762695
accuracy_test/task:	23.76851851851852
accuracy_test/concepts:	99.99933624267578
map_test/concepts:	0.999904100384031

Epoch 38
losses_train/task:	1.7484707832336426
losses_train/concepts:	0.0006052747485227883
losses_train/total:	1.7490754127502441
losses_test/task:	1.7508559226989746
losses_test/concepts:	0.0004367562069091946
losses_test/total:	1.7512925863265991
calibration_test/ece:	0.005856900010257959
calibration_test/brier:	0.8197576403617859
accuracy_test/task:	23.62962962962963
accuracy_test/concepts:	99.99933624267578
map_test/concepts:	0.999904100384031

Epoch 39
losses_train/task:	1.7483186721801758
losses_train/concepts:	0.0006216267356649041
losses_train/total:	1.7489407062530518
losses_test/task:	1.7508485317230225
losses_test/concepts:	0.0004397205775603652
losses_test/total:	1.7512879371643066
calibration_test/ece:	0.006814631633460522
calibration_test/brier:	0.8197301626205444
accuracy_test/task:	23.74537037037037
accuracy_test/concepts:	99.99933624267578
map_test/concepts:	0.999904100384031

Epoch 40
losses_train/task:	1.7482746839523315
losses_train/concepts:	0.0005774795426987112
losses_train/total:	1.7488526105880737
losses_test/task:	1.7507824897766113
losses_test/concepts:	0.0004381812468636781
losses_test/total:	1.751220703125
calibration_train/ece:	0.010380593128502369
calibration_train/brier:	0.8187107443809509
accuracy_train/task:	24.136147480237153
calibration_test/ece:	0.006052675191313028
calibration_test/brier:	0.8197374939918518
accuracy_test/task:	23.69675925925926
accuracy_train/concepts:	100.0
map_train/concepts:	0.9999680135931287
accuracy_test/concepts:	99.99933624267578
map_test/concepts:	0.999904100384031
accuracy_test/nuisances_task:	16.009259596467018
accuracy_test/nuisances_nontask:	4.766203835606575
mutual_inf_test/nuisances_task:	0.29526951675062474
mutual_inf_test/nuisances_nontask:	0.10404555685549155

Epoch 41
losses_train/task:	1.7480754852294922
losses_train/concepts:	0.0005721643101423979
losses_train/total:	1.7486475706100464
losses_test/task:	1.7506674528121948
losses_test/concepts:	0.00044196069939062
losses_test/total:	1.7511097192764282
calibration_test/ece:	0.0060912854969501495
calibration_test/brier:	0.8196960091590881
accuracy_test/task:	23.69675925925926
accuracy_test/concepts:	99.99933624267578
map_test/concepts:	0.999904100384031

Epoch 42
losses_train/task:	1.7480167150497437
losses_train/concepts:	0.0005715737934224308
losses_train/total:	1.7485891580581665
losses_test/task:	1.750627040863037
losses_test/concepts:	0.00039019231917336583
losses_test/total:	1.7510164976119995
calibration_test/ece:	0.0058237300254404545
calibration_test/brier:	0.8196806311607361
accuracy_test/task:	23.671296296296298
accuracy_test/concepts:	99.99933624267578
map_test/concepts:	0.999904100384031

Epoch 43
losses_train/task:	1.7479833364486694
losses_train/concepts:	0.00056530034635216
losses_train/total:	1.7485500574111938
losses_test/task:	1.7506084442138672
losses_test/concepts:	0.00048258292372338474
losses_test/total:	1.7510911226272583
calibration_test/ece:	0.006699466612190008
calibration_test/brier:	0.8196732401847839
accuracy_test/task:	23.75925925925926
accuracy_test/concepts:	99.99933624267578
map_test/concepts:	0.999904100384031

Epoch 44
losses_train/task:	1.7479963302612305
losses_train/concepts:	0.0005702956696040928
losses_train/total:	1.7485663890838623
losses_test/task:	1.7505979537963867
losses_test/concepts:	0.0004973298055119812
losses_test/total:	1.7510943412780762
calibration_test/ece:	0.006700992118567228
calibration_test/brier:	0.8196694850921631
accuracy_test/task:	23.75925925925926
accuracy_test/concepts:	99.99933624267578
map_test/concepts:	0.999904100384031

Epoch 45
losses_train/task:	1.7479784488677979
losses_train/concepts:	0.00060122343711555
losses_train/total:	1.748578429222107
losses_test/task:	1.7505905628204346
losses_test/concepts:	0.0003948842640966177
losses_test/total:	1.7509863376617432
calibration_test/ece:	0.005797629710286856
calibration_test/brier:	0.8196688890457153
accuracy_test/task:	23.671296296296298
accuracy_test/concepts:	99.99933624267578
map_test/concepts:	0.999904100384031

Epoch 46
losses_train/task:	1.747969150543213
losses_train/concepts:	0.0006315807113423944
losses_train/total:	1.7486021518707275
losses_test/task:	1.750587821006775
losses_test/concepts:	0.00036328379064798355
losses_test/total:	1.7509511709213257
calibration_test/ece:	0.006651042029261589
calibration_test/brier:	0.8196679949760437
accuracy_test/task:	23.756944444444443
accuracy_test/concepts:	99.99967193603516
map_test/concepts:	0.999904100384031

Epoch 47
losses_train/task:	1.747936725616455
losses_train/concepts:	0.0005931934574618936
losses_train/total:	1.7485294342041016
losses_test/task:	1.7505581378936768
losses_test/concepts:	0.0004054037854075432
losses_test/total:	1.7509645223617554
calibration_test/ece:	0.006652867887169123
calibration_test/brier:	0.8196571469306946
accuracy_test/task:	23.75925925925926
accuracy_test/concepts:	99.99933624267578
map_test/concepts:	0.999904100384031

Epoch 48
losses_train/task:	1.7479385137557983
losses_train/concepts:	0.0005544747109524906
losses_train/total:	1.7484941482543945
losses_test/task:	1.7505567073822021
losses_test/concepts:	0.00042374173062853515
losses_test/total:	1.7509803771972656
calibration_test/ece:	0.006650794297456741
calibration_test/brier:	0.8196568489074707
accuracy_test/task:	23.75925925925926
accuracy_test/concepts:	99.99933624267578
map_test/concepts:	0.999904100384031

Epoch 49
losses_train/task:	1.7479430437088013
losses_train/concepts:	0.0006084482301957905
losses_train/total:	1.7485520839691162
losses_test/task:	1.750553846359253
losses_test/concepts:	0.000556854298338294
losses_test/total:	1.7511115074157715
calibration_test/ece:	0.006653216667473316
calibration_test/brier:	0.8196547627449036
accuracy_test/task:	23.75925925925926
accuracy_test/concepts:	99.99900817871094
map_test/concepts:	0.999904100384031

Epoch 50
losses_train/task:	1.7479220628738403
losses_train/concepts:	0.0005488979513756931
losses_train/total:	1.7484697103500366
losses_test/task:	1.7505414485931396
losses_test/concepts:	0.00039890516200102866
losses_test/total:	1.7509406805038452
calibration_train/ece:	0.010434787720441818
calibration_train/brier:	0.8186617493629456
accuracy_train/task:	24.14541131422925
calibration_test/ece:	0.006636532489210367
calibration_test/brier:	0.8196516633033752
accuracy_test/task:	23.75925925925926
accuracy_train/concepts:	100.0
map_train/concepts:	0.9999680263655526
accuracy_test/concepts:	99.99933624267578
map_test/concepts:	0.999904100384031
accuracy_test/nuisances_task:	15.590278431773186
accuracy_test/nuisances_nontask:	4.9259258434176445
mutual_inf_test/nuisances_task:	0.2883200207292296
mutual_inf_test/nuisances_nontask:	0.10737001986539263

epoch_50.pt
groups=0 err_lowconf=76.241 err_random=76.241
groups=1 err_lowconf=76.241 err_random=76.241
groups=2 err_lowconf=76.243 err_random=76.243
groups=3 err_lowconf=76.243 err_random=76.243
groups=4 err_lowconf=76.243 err_random=76.243
groups=5 err_lowconf=76.243 err_random=76.243
groups=6 err_lowconf=76.243 err_random=76.243
groups=7 err_lowconf=76.243 err_random=76.243
groups=8 err_lowconf=76.243 err_random=76.243
groups=9 err_lowconf=76.243 err_random=76.243
groups=10 err_lowconf=76.243 err_random=76.243
groups=11 err_lowconf=76.243 err_random=76.243
groups=12 err_lowconf=76.243 err_random=76.243
groups=13 err_lowconf=76.243 err_random=76.243
groups=14 err_lowconf=76.243 err_random=76.243
[1;34mwandb[0m:
[1;34mwandb[0m: You can sync this run to the cloud by running:
[1;34mwandb[0m: [1mwandb sync /research/hal-afsharim/minimal_cbm/results/mpi3d-arhcbm/42/wandb/offline-run-20260725_121937-njwveanq[0m
[1;34mwandb[0m: Find logs at: [1;35mresults/mpi3d-arhcbm/42/wandb/offline-run-20260725_121937-njwveanq/logs[0m
