
===== launch 2026-07-25 20:44:52.135817 gpu0 =====
wandb: Using wandb-core as the SDK backend.  Please refer to https://wandb.me/wandb-core for more information.
wandb: Tracking run with wandb version 0.19.0
wandb: W&B syncing is set to `offline` in this directory.  
wandb: Run `wandb online` or set WANDB_MODE=online to enable cloud syncing.
Epoch 1
losses_train/task:	1.5580132007598877
losses_train/total:	1.5580132007598877
losses_test/task:	1.4099617004394531
losses_test/total:	1.4099617004394531
calibration_test/ece:	0.09481973201036453
calibration_test/brier:	0.7145684957504272
accuracy_test/task:	40.60648148148148

Epoch 2
losses_train/task:	0.593571662902832
losses_train/total:	0.593571662902832
losses_test/task:	0.6447867751121521
losses_test/total:	0.6447867751121521
calibration_test/ece:	0.11648909747600555
calibration_test/brier:	0.36718595027923584
accuracy_test/task:	73.18287037037037

Epoch 3
losses_train/task:	0.264480859041214
losses_train/total:	0.264480859041214
losses_test/task:	1.81976318359375
losses_test/total:	1.81976318359375
calibration_test/ece:	0.3649371862411499
calibration_test/brier:	0.7736924886703491
accuracy_test/task:	51.594907407407405

Epoch 4
losses_train/task:	0.16239243745803833
losses_train/total:	0.16239243745803833
losses_test/task:	0.5676747560501099
losses_test/total:	0.5676747560501099
calibration_test/ece:	0.10118906944990158
calibration_test/brier:	0.2728210985660553
accuracy_test/task:	82.92592592592592

Epoch 5
losses_train/task:	0.11542437970638275
losses_train/total:	0.11542437970638275
losses_test/task:	0.1452527791261673
losses_test/total:	0.1452527791261673
calibration_test/ece:	0.010203990153968334
calibration_test/brier:	0.0826793983578682
accuracy_test/task:	94.47685185185185

Epoch 6
losses_train/task:	0.08351878821849823
losses_train/total:	0.08351878821849823
losses_test/task:	0.09520212560892105
losses_test/total:	0.09520212560892105
calibration_test/ece:	0.004006107337772846
calibration_test/brier:	0.05487211048603058
accuracy_test/task:	96.31018518518519

Epoch 7
losses_train/task:	0.06820845603942871
losses_train/total:	0.06820845603942871
losses_test/task:	0.13782721757888794
losses_test/total:	0.13782721757888794
calibration_test/ece:	0.008736802265048027
calibration_test/brier:	0.07282637059688568
accuracy_test/task:	95.30092592592592

Epoch 8
losses_train/task:	0.04986092448234558
losses_train/total:	0.04986092448234558
losses_test/task:	0.8831013441085815
losses_test/total:	0.8831013441085815
calibration_test/ece:	0.17507246136665344
calibration_test/brier:	0.3859432339668274
accuracy_test/task:	76.83796296296296

Epoch 9
losses_train/task:	0.03963977470993996
losses_train/total:	0.03963977470993996
losses_test/task:	0.03263967111706734
losses_test/total:	0.03263967111706734
calibration_test/ece:	0.001495049218647182
calibration_test/brier:	0.018313584849238396
accuracy_test/task:	98.77546296296296

Epoch 10
losses_train/task:	0.030968070030212402
losses_train/total:	0.030968070030212402
losses_test/task:	0.5040220022201538
losses_test/total:	0.5040220022201538
calibration_train/ece:	0.09085363149642944
calibration_train/brier:	0.21419967710971832
accuracy_train/task:	86.87700716403162
calibration_test/ece:	0.09855321049690247
calibration_test/brier:	0.22851628065109253
accuracy_test/task:	86.07870370370371
accuracy_test/nuisances_task:	22.969908826053143
accuracy_test/nuisances_nontask:	6.766203790903091
mutual_inf_test/nuisances_task:	0.3720104156344056
mutual_inf_test/nuisances_nontask:	0.16049366795343578

Epoch 11
losses_train/task:	0.029455846175551414
losses_train/total:	0.029455846175551414
losses_test/task:	0.18782633543014526
losses_test/total:	0.18782633543014526
calibration_test/ece:	0.029000140726566315
calibration_test/brier:	0.09939389675855637
accuracy_test/task:	93.61574074074075

Epoch 12
losses_train/task:	0.025694962590932846
losses_train/total:	0.025694962590932846
losses_test/task:	0.08079107850790024
losses_test/total:	0.08079107850790024
calibration_test/ece:	0.008625094778835773
calibration_test/brier:	0.04484429210424423
accuracy_test/task:	97.07870370370371

Epoch 13
losses_train/task:	0.020830439403653145
losses_train/total:	0.020830439403653145
losses_test/task:	0.053855303674936295
losses_test/total:	0.053855303674936295
calibration_test/ece:	0.004679218865931034
calibration_test/brier:	0.026693211868405342
accuracy_test/task:	98.27314814814815

Epoch 14
losses_train/task:	0.019650602713227272
losses_train/total:	0.019650602713227272
losses_test/task:	0.287889689207077
losses_test/total:	0.287889689207077
calibration_test/ece:	0.05509280785918236
calibration_test/brier:	0.14534683525562286
accuracy_test/task:	90.86805555555556

Epoch 15
losses_train/task:	0.01843797229230404
losses_train/total:	0.01843797229230404
losses_test/task:	0.032029446214437485
losses_test/total:	0.032029446214437485
calibration_test/ece:	0.002743868390098214
calibration_test/brier:	0.017502890899777412
accuracy_test/task:	98.85416666666667

Epoch 16
losses_train/task:	0.014953237026929855
losses_train/total:	0.014953237026929855
losses_test/task:	0.038012661039829254
losses_test/total:	0.038012661039829254
calibration_test/ece:	0.0034756192471832037
calibration_test/brier:	0.02142157033085823
accuracy_test/task:	98.56018518518519

Epoch 17
losses_train/task:	0.014724351465702057
losses_train/total:	0.014724351465702057
losses_test/task:	0.023557055741548538
losses_test/total:	0.023557055741548538
calibration_test/ece:	0.0007686750032007694
calibration_test/brier:	0.012590241618454456
accuracy_test/task:	99.18981481481481

Epoch 18
losses_train/task:	0.009557672776281834
losses_train/total:	0.009557672776281834
losses_test/task:	0.009437104687094688
losses_test/total:	0.009437104687094688
calibration_test/ece:	0.0013217361411079764
calibration_test/brier:	0.004757603630423546
accuracy_test/task:	99.71527777777777

Epoch 19
losses_train/task:	0.011728938668966293
losses_train/total:	0.011728938668966293
losses_test/task:	0.04722949489951134
losses_test/total:	0.04722949489951134
calibration_test/ece:	0.0038641509599983692
calibration_test/brier:	0.025089314207434654
accuracy_test/task:	98.33564814814815

Epoch 20
losses_train/task:	0.011194223538041115
losses_train/total:	0.011194223538041115
losses_test/task:	0.017036421224474907
losses_test/total:	0.017036421224474907
calibration_train/ece:	0.0005319719202816486
calibration_train/brier:	0.005312838591635227
accuracy_train/task:	99.6680459486166
calibration_test/ece:	0.00167376222088933
calibration_test/brier:	0.008316419087350368
accuracy_test/task:	99.48611111111111
accuracy_test/nuisances_task:	21.481480821967125
accuracy_test/nuisances_nontask:	6.0370368883013725
mutual_inf_test/nuisances_task:	0.352012197968795
mutual_inf_test/nuisances_nontask:	0.1470020255318959

Epoch 21
losses_train/task:	0.0019615693017840385
losses_train/total:	0.0019615693017840385
losses_test/task:	0.002675355412065983
losses_test/total:	0.002675355412065983
calibration_test/ece:	0.0004655874508898705
calibration_test/brier:	0.0013668120373040438
accuracy_test/task:	99.9074074074074

Epoch 22
losses_train/task:	0.0011500477558001876
losses_train/total:	0.0011500477558001876
losses_test/task:	0.002069516573101282
losses_test/total:	0.002069516573101282
calibration_test/ece:	0.0005268775275908411
calibration_test/brier:	0.000994996284134686
accuracy_test/task:	99.93981481481481

Epoch 23
losses_train/task:	0.0009999575559049845
losses_train/total:	0.0009999575559049845
losses_test/task:	0.0020603607408702374
losses_test/total:	0.0020603607408702374
calibration_test/ece:	0.0004981093807145953
calibration_test/brier:	0.0010482725920155644
accuracy_test/task:	99.92824074074075

Epoch 24
losses_train/task:	0.000865727779455483
losses_train/total:	0.000865727779455483
losses_test/task:	0.0018599522300064564
losses_test/total:	0.0018599522300064564
calibration_test/ece:	0.0004240258422214538
calibration_test/brier:	0.0009219718631356955
accuracy_test/task:	99.93981481481481

Epoch 25
losses_train/task:	0.0008954795193858445
losses_train/total:	0.0008954795193858445
losses_test/task:	0.0016979263164103031
losses_test/total:	0.0016979263164103031
calibration_test/ece:	0.0004650668997783214
calibration_test/brier:	0.0008441716781817377
accuracy_test/task:	99.9375

Epoch 26
losses_train/task:	0.0006616098689846694
losses_train/total:	0.0006616098689846694
losses_test/task:	0.001685908529907465
losses_test/total:	0.001685908529907465
calibration_test/ece:	0.0005875389906577766
calibration_test/brier:	0.0008316347375512123
accuracy_test/task:	99.93981481481481

Epoch 27
losses_train/task:	0.000846975133754313
losses_train/total:	0.000846975133754313
losses_test/task:	0.0017210497753694654
losses_test/total:	0.0017210497753694654
calibration_test/ece:	0.0004942213417962193
calibration_test/brier:	0.0008784562814980745
accuracy_test/task:	99.9375

Epoch 28
losses_train/task:	0.0007367802318185568
losses_train/total:	0.0007367802318185568
losses_test/task:	0.0016736058751121163
losses_test/total:	0.0016736058751121163
calibration_test/ece:	0.0003982909838669002
calibration_test/brier:	0.0008583193994127214
accuracy_test/task:	99.94444444444444

Epoch 29
losses_train/task:	0.0007178375381045043
losses_train/total:	0.0007178375381045043
losses_test/task:	0.001625328091904521
losses_test/total:	0.001625328091904521
calibration_test/ece:	0.00035670213401317596
calibration_test/brier:	0.0008093885262496769
accuracy_test/task:	99.94675925925925

Epoch 30
losses_train/task:	0.0006234008469618857
losses_train/total:	0.0006234008469618857
losses_test/task:	0.0017800137866288424
losses_test/total:	0.0017800137866288424
calibration_train/ece:	0.000132859728182666
calibration_train/brier:	2.673388507901109e-06
accuracy_train/task:	100.0
calibration_test/ece:	0.00039143412141129375
calibration_test/brier:	0.0008684432250447571
accuracy_test/task:	99.95370370370371
accuracy_test/nuisances_task:	22.300925478339195
accuracy_test/nuisances_nontask:	5.851851962506771
mutual_inf_test/nuisances_task:	0.35745946700769926
mutual_inf_test/nuisances_nontask:	0.14596101081077828

Epoch 31
losses_train/task:	0.0006121394108049572
losses_train/total:	0.0006121394108049572
losses_test/task:	0.001472711330279708
losses_test/total:	0.001472711330279708
calibration_test/ece:	0.0004264132003299892
calibration_test/brier:	0.0007279563578777015
accuracy_test/task:	99.95601851851852

Epoch 32
losses_train/task:	0.0006336966762319207
losses_train/total:	0.0006336966762319207
losses_test/task:	0.0016859443858265877
losses_test/total:	0.0016859443858265877
calibration_test/ece:	0.0002903426066040993
calibration_test/brier:	0.0008232409018091857
accuracy_test/task:	99.95138888888889

Epoch 33
losses_train/task:	0.0005972979124635458
losses_train/total:	0.0005972979124635458
losses_test/task:	0.0015488695353269577
losses_test/total:	0.0015488695353269577
calibration_test/ece:	0.0003796848759520799
calibration_test/brier:	0.0007536388584412634
accuracy_test/task:	99.95370370370371

Epoch 34
losses_train/task:	0.0005152930389158428
losses_train/total:	0.0005152930389158428
losses_test/task:	0.0018697627820074558
losses_test/total:	0.0018697627820074558
calibration_test/ece:	0.00035758610465563834
calibration_test/brier:	0.000929325760807842
accuracy_test/task:	99.94444444444444

Epoch 35
losses_train/task:	0.0005342813092283905
losses_train/total:	0.0005342813092283905
losses_test/task:	0.0019401003373786807
losses_test/total:	0.0019401003373786807
calibration_test/ece:	0.0003801112179644406
calibration_test/brier:	0.0010072250152006745
accuracy_test/task:	99.92592592592592

Epoch 36
losses_train/task:	0.00047987725702114403
losses_train/total:	0.00047987725702114403
losses_test/task:	0.0016299184644594789
losses_test/total:	0.0016299184644594789
calibration_test/ece:	0.0003679054498206824
calibration_test/brier:	0.000802820548415184
accuracy_test/task:	99.94907407407408

Epoch 37
losses_train/task:	0.000535512575879693
losses_train/total:	0.000535512575879693
losses_test/task:	0.0016595659544691443
losses_test/total:	0.0016595659544691443
calibration_test/ece:	0.0003668073331937194
calibration_test/brier:	0.0008161076111719012
accuracy_test/task:	99.94675925925925

Epoch 38
losses_train/task:	0.0004627850139513612
losses_train/total:	0.0004627850139513612
losses_test/task:	0.00151219149120152
losses_test/total:	0.00151219149120152
calibration_test/ece:	0.0004153252812102437
calibration_test/brier:	0.0007481603533960879
accuracy_test/task:	99.95138888888889

Epoch 39
losses_train/task:	0.00044518199865706265
losses_train/total:	0.00044518199865706265
losses_test/task:	0.0014093280769884586
losses_test/total:	0.0014093280769884586
calibration_test/ece:	0.00038750359090045094
calibration_test/brier:	0.0006960172322578728
accuracy_test/task:	99.95138888888889

Epoch 40
losses_train/task:	0.00042928714537993073
losses_train/total:	0.00042928714537993073
losses_test/task:	0.0014800658682361245
losses_test/total:	0.0014800658682361245
calibration_train/ece:	7.665157318115234e-05
calibration_train/brier:	7.114278446351818e-07
accuracy_train/task:	100.0
calibration_test/ece:	0.0004048179544042796
calibration_test/brier:	0.0007359449518844485
accuracy_test/task:	99.95601851851852
accuracy_test/nuisances_task:	21.40509244054556
accuracy_test/nuisances_nontask:	5.467592366039753
mutual_inf_test/nuisances_task:	0.3532356636567193
mutual_inf_test/nuisances_nontask:	0.1400187314546507

Epoch 41
losses_train/task:	0.0004426450759638101
losses_train/total:	0.0004426450759638101
losses_test/task:	0.001396963489241898
losses_test/total:	0.001396963489241898
calibration_test/ece:	0.00031935740844346583
calibration_test/brier:	0.0006759857060387731
accuracy_test/task:	99.95601851851852

Epoch 42
losses_train/task:	0.0004342040920164436
losses_train/total:	0.0004342040920164436
losses_test/task:	0.0015995950670912862
losses_test/total:	0.0015995950670912862
calibration_test/ece:	0.00036720174830406904
calibration_test/brier:	0.0008040816755965352
accuracy_test/task:	99.94212962962963

Epoch 43
losses_train/task:	0.00047416676534339786
losses_train/total:	0.00047416676534339786
losses_test/task:	0.001539895893074572
losses_test/total:	0.001539895893074572
calibration_test/ece:	0.0002645830390974879
calibration_test/brier:	0.0007795186247676611
accuracy_test/task:	99.94907407407408

Epoch 44
losses_train/task:	0.0004210342012811452
losses_train/total:	0.0004210342012811452
losses_test/task:	0.00137926428578794
losses_test/total:	0.00137926428578794
calibration_test/ece:	0.00030882476130500436
calibration_test/brier:	0.000665995932649821
accuracy_test/task:	99.95601851851852

Epoch 45
losses_train/task:	0.0003886422491632402
losses_train/total:	0.0003886422491632402
losses_test/task:	0.0014279328752309084
losses_test/total:	0.0014279328752309084
calibration_test/ece:	0.0003607033286243677
calibration_test/brier:	0.0007154691847972572
accuracy_test/task:	99.95370370370371

Epoch 46
losses_train/task:	0.000473080319352448
losses_train/total:	0.000473080319352448
losses_test/task:	0.0015651669818907976
losses_test/total:	0.0015651669818907976
calibration_test/ece:	0.0002651035028975457
calibration_test/brier:	0.0007637407979927957
accuracy_test/task:	99.95138888888889

Epoch 47
losses_train/task:	0.0004004455404356122
losses_train/total:	0.0004004455404356122
losses_test/task:	0.0014535170048475266
losses_test/total:	0.0014535170048475266
calibration_test/ece:	0.0003140180488117039
calibration_test/brier:	0.0007436340674757957
accuracy_test/task:	99.94907407407408

Epoch 48
losses_train/task:	0.0004296711413189769
losses_train/total:	0.0004296711413189769
losses_test/task:	0.0015254666795954108
losses_test/total:	0.0015254666795954108
calibration_test/ece:	0.00035114417551085353
calibration_test/brier:	0.0007694714004173875
accuracy_test/task:	99.94907407407408

Epoch 49
losses_train/task:	0.0004972054739482701
losses_train/total:	0.0004972054739482701
losses_test/task:	0.001410007243975997
losses_test/total:	0.001410007243975997
calibration_test/ece:	0.0003737436200026423
calibration_test/brier:	0.000702648248989135
accuracy_test/task:	99.94907407407408

Epoch 50
losses_train/task:	0.0003800544363912195
losses_train/total:	0.0003800544363912195
losses_test/task:	0.0014385376125574112
losses_test/total:	0.0014385376125574112
calibration_train/ece:	7.56382942199707e-05
calibration_train/brier:	7.082045385686797e-07
accuracy_train/task:	100.0
calibration_test/ece:	0.0002931543276645243
calibration_test/brier:	0.0007217290112748742
accuracy_test/task:	99.95370370370371
accuracy_test/nuisances_task:	21.377315372228622
accuracy_test/nuisances_nontask:	5.2731480449438095
mutual_inf_test/nuisances_task:	0.3533268933559456
mutual_inf_test/nuisances_nontask:	0.1376719449920697

epoch_50.pt
Skipping interventions: model 'vanilla' is not intervenable
[1;34mwandb[0m:
[1;34mwandb[0m: You can sync this run to the cloud by running:
[1;34mwandb[0m: [1mwandb sync /research/hal-afsharim/minimal_cbm/results/mpi3d-vanilla/44/wandb/offline-run-20260725_204457-n3ianf95[0m
[1;34mwandb[0m: Find logs at: [1;35mresults/mpi3d-vanilla/44/wandb/offline-run-20260725_204457-n3ianf95/logs[0m
