
===== launch 2026-07-25 06:37:48.716951 gpu0 =====
wandb: Using wandb-core as the SDK backend.  Please refer to https://wandb.me/wandb-core for more information.
wandb: Tracking run with wandb version 0.19.0
wandb: W&B syncing is set to `offline` in this directory.  
wandb: Run `wandb online` or set WANDB_MODE=online to enable cloud syncing.
Traceback (most recent call last):
  File "/research/hal-afsharim/minimal_cbm/bin/train.py", line 31, in <module>
    train.run()
  File "/research/hal-afsharim/minimal_cbm/src/experiments/train.py", line 251, in run
    losses_train = self.train_epoch(epoch)
  File "/research/hal-afsharim/minimal_cbm/src/experiments/train.py", line 79, in train_epoch
    losses_step = self._step(x, y, c, backprop=True)
  File "/research/hal-afsharim/minimal_cbm/src/experiments/train.py", line 62, in _step
    outputs = self.model(x=x, c=c, sampling=True)
  File "/research/hal-afsharim/miniconda3/envs/mcbm/lib/python3.10/site-packages/torch/nn/modules/module.py", line 1130, in _call_impl
    return forward_call(*input, **kwargs)
  File "/research/hal-afsharim/miniconda3/envs/mcbm/lib/python3.10/site-packages/torch/nn/parallel/data_parallel.py", line 166, in forward
    return self.module(*inputs[0], **kwargs[0])
  File "/research/hal-afsharim/miniconda3/envs/mcbm/lib/python3.10/site-packages/torch/nn/modules/module.py", line 1130, in _call_impl
    return forward_call(*input, **kwargs)
  File "/research/hal-afsharim/minimal_cbm/src/models/cbm.py", line 83, in forward
    z = self.p_z_x(x)
  File "/research/hal-afsharim/minimal_cbm/src/models/vanilla.py", line 66, in p_z_x
    return self.encoder(x)
  File "/research/hal-afsharim/miniconda3/envs/mcbm/lib/python3.10/site-packages/torch/nn/modules/module.py", line 1130, in _call_impl
    return forward_call(*input, **kwargs)
  File "/research/hal-afsharim/miniconda3/envs/mcbm/lib/python3.10/site-packages/torch/nn/modules/container.py", line 139, in forward
    input = module(input)
  File "/research/hal-afsharim/miniconda3/envs/mcbm/lib/python3.10/site-packages/torch/nn/modules/module.py", line 1130, in _call_impl
    return forward_call(*input, **kwargs)
  File "/research/hal-afsharim/minimal_cbm/src/models/encoders/cifar_resnet.py", line 182, in forward
    out = self.conv1(x)
  File "/research/hal-afsharim/miniconda3/envs/mcbm/lib/python3.10/site-packages/torch/nn/modules/module.py", line 1130, in _call_impl
    return forward_call(*input, **kwargs)
  File "/research/hal-afsharim/miniconda3/envs/mcbm/lib/python3.10/site-packages/torch/nn/modules/conv.py", line 457, in forward
    return self._conv_forward(input, self.weight, self.bias)
  File "/research/hal-afsharim/miniconda3/envs/mcbm/lib/python3.10/site-packages/torch/nn/modules/conv.py", line 453, in _conv_forward
    return F.conv2d(input, weight, bias, self.stride,
RuntimeError: Given groups=1, weight of size [16, 3, 3, 3], expected input[128, 64, 64, 3] to have 3 channels, but got 64 channels instead
[1;34mwandb[0m:
[1;34mwandb[0m: You can sync this run to the cloud by running:
[1;34mwandb[0m: [1mwandb sync /research/hal-afsharim/minimal_cbm/results/mpi3d-cbm/42/wandb/offline-run-20260725_063753-8tiddn3t[0m
[1;34mwandb[0m: Find logs at: [1;35mresults/mpi3d-cbm/42/wandb/offline-run-20260725_063753-8tiddn3t/logs[0m

===== launch 2026-07-25 06:57:00.284607 gpu6 =====
wandb: Using wandb-core as the SDK backend.  Please refer to https://wandb.me/wandb-core for more information.
wandb: Tracking run with wandb version 0.19.0
wandb: W&B syncing is set to `offline` in this directory.  
wandb: Run `wandb online` or set WANDB_MODE=online to enable cloud syncing.

===== launch 2026-07-25 09:27:14.639981 gpu0 =====
wandb: Using wandb-core as the SDK backend.  Please refer to https://wandb.me/wandb-core for more information.
wandb: Tracking run with wandb version 0.19.0
wandb: W&B syncing is set to `offline` in this directory.  
wandb: Run `wandb online` or set WANDB_MODE=online to enable cloud syncing.

===== launch 2026-07-25 09:35:08.205405 gpu0 =====
wandb: Using wandb-core as the SDK backend.  Please refer to https://wandb.me/wandb-core for more information.
wandb: Tracking run with wandb version 0.19.0
wandb: W&B syncing is set to `offline` in this directory.  
wandb: Run `wandb online` or set WANDB_MODE=online to enable cloud syncing.

===== launch 2026-07-25 09:39:29.468336 gpu0 =====
wandb: Using wandb-core as the SDK backend.  Please refer to https://wandb.me/wandb-core for more information.
wandb: Tracking run with wandb version 0.19.0
wandb: W&B syncing is set to `offline` in this directory.  
wandb: Run `wandb online` or set WANDB_MODE=online to enable cloud syncing.

===== launch 2026-07-25 10:37:22.663211 gpu0 =====
wandb: Using wandb-core as the SDK backend.  Please refer to https://wandb.me/wandb-core for more information.
wandb: Tracking run with wandb version 0.19.0
wandb: W&B syncing is set to `offline` in this directory.  
wandb: Run `wandb online` or set WANDB_MODE=online to enable cloud syncing.
Epoch 1
losses_train/task:	1.6600626707077026
losses_train/concepts:	1.817588448524475
losses_train/total:	3.477652072906494
losses_test/task:	4.061765193939209
losses_test/concepts:	14.861108779907227
losses_test/total:	18.922876358032227
calibration_test/ece:	0.4043424725532532
calibration_test/brier:	1.1070024967193604
accuracy_test/task:	17.28935185185185
accuracy_test/concepts:	91.48148345947266
map_test/concepts:	0.977281642811639

Epoch 2
losses_train/task:	1.3216638565063477
losses_train/concepts:	0.43206971883773804
losses_train/total:	1.7537333965301514
losses_test/task:	2.838099718093872
losses_test/concepts:	10.403783798217773
losses_test/total:	13.241886138916016
calibration_test/ece:	0.23871128261089325
calibration_test/brier:	0.8975299000740051
accuracy_test/task:	26.627314814814813
accuracy_test/concepts:	90.58911895751953
map_test/concepts:	0.9903878612177712

Epoch 3
losses_train/task:	0.7622427940368652
losses_train/concepts:	0.18245261907577515
losses_train/total:	0.9446965456008911
losses_test/task:	1.1882188320159912
losses_test/concepts:	0.2105831354856491
losses_test/total:	1.3988016843795776
calibration_test/ece:	0.16427567601203918
calibration_test/brier:	0.5972650051116943
accuracy_test/task:	56.18518518518518
accuracy_test/concepts:	99.62334442138672
map_test/concepts:	0.9997933506965637

Epoch 4
losses_train/task:	0.49037495255470276
losses_train/concepts:	0.10034637153148651
losses_train/total:	0.5907215476036072
losses_test/task:	2.139153003692627
losses_test/concepts:	0.5121942758560181
losses_test/total:	2.6513454914093018
calibration_test/ece:	0.3472157120704651
calibration_test/brier:	0.8286030888557434
accuracy_test/task:	45.976851851851855
accuracy_test/concepts:	99.22338104248047
map_test/concepts:	0.999694504908153

Epoch 5
losses_train/task:	0.34090864658355713
losses_train/concepts:	0.06856561452150345
losses_train/total:	0.40947434306144714
losses_test/task:	0.8432971835136414
losses_test/concepts:	0.5713192820549011
losses_test/total:	1.4146159887313843
calibration_test/ece:	0.1474217176437378
calibration_test/brier:	0.42228731513023376
accuracy_test/task:	70.84722222222223
accuracy_test/concepts:	98.53423309326172
map_test/concepts:	0.9998059911387307

Epoch 6
losses_train/task:	0.25283801555633545
losses_train/concepts:	0.05256873741745949
losses_train/total:	0.3054064214229584
losses_test/task:	6.366621494293213
losses_test/concepts:	7.296952247619629
losses_test/total:	13.663570404052734
calibration_test/ece:	0.5080833435058594
calibration_test/brier:	1.0894030332565308
accuracy_test/task:	37.488425925925924
accuracy_test/concepts:	93.6600570678711
map_test/concepts:	0.9970802707331521

Epoch 7
losses_train/task:	0.2115260660648346
losses_train/concepts:	0.045512761920690536
losses_train/total:	0.25703850388526917
losses_test/task:	0.39252305030822754
losses_test/concepts:	0.11942435801029205
losses_test/total:	0.5119474530220032
calibration_test/ece:	0.047457315027713776
calibration_test/brier:	0.19709531962871552
accuracy_test/task:	86.98148148148148
accuracy_test/concepts:	99.87632751464844
map_test/concepts:	0.9998791643551418

Epoch 8
losses_train/task:	0.17438732087612152
losses_train/concepts:	0.03562025725841522
losses_train/total:	0.21000754833221436
losses_test/task:	0.810509443283081
losses_test/concepts:	0.2583557665348053
losses_test/total:	1.068865418434143
calibration_test/ece:	0.13365866243839264
calibration_test/brier:	0.3647787272930145
accuracy_test/task:	76.49768518518519
accuracy_test/concepts:	99.53174591064453
map_test/concepts:	0.9998825362750462

Epoch 9
losses_train/task:	0.1339084506034851
losses_train/concepts:	0.031007226556539536
losses_train/total:	0.1649155467748642
losses_test/task:	0.47166746854782104
losses_test/concepts:	0.08954403549432755
losses_test/total:	0.561211109161377
calibration_test/ece:	0.07699356228113174
calibration_test/brier:	0.22418014705181122
accuracy_test/task:	85.49305555555556
accuracy_test/concepts:	99.8940200805664
map_test/concepts:	0.9998878283160073

Epoch 10
losses_train/task:	0.1254938393831253
losses_train/concepts:	0.02820514142513275
losses_train/total:	0.15369895100593567
losses_test/task:	2.382317066192627
losses_test/concepts:	0.17989946901798248
losses_test/total:	2.5622177124023438
calibration_train/ece:	0.317150354385376
calibration_train/brier:	0.6951174736022949
accuracy_train/task:	59.247622282608695
calibration_test/ece:	0.31971779465675354
calibration_test/brier:	0.6997939348220825
accuracy_test/task:	58.888888888888886
accuracy_train/concepts:	99.59310150146484
map_train/concepts:	0.99995043022292
accuracy_test/concepts:	99.59293365478516
map_test/concepts:	0.999879743371691
accuracy_test/nuisances_task:	20.54629549384117
accuracy_test/nuisances_nontask:	3.002314642071724
mutual_inf_test/nuisances_task:	0.3369049184455185
mutual_inf_test/nuisances_nontask:	0.07599132107030682

Epoch 11
losses_train/task:	0.11017860472202301
losses_train/concepts:	0.025867430493235588
losses_train/total:	0.13604599237442017
losses_test/task:	0.3438958525657654
losses_test/concepts:	0.045982230454683304
losses_test/total:	0.38987812399864197
calibration_test/ece:	0.05783279612660408
calibration_test/brier:	0.171169713139534
accuracy_test/task:	88.87731481481481
accuracy_test/concepts:	99.95039367675781
map_test/concepts:	0.9998981654644012

Epoch 12
losses_train/task:	0.08716180920600891
losses_train/concepts:	0.019398625940084457
losses_train/total:	0.10656054317951202
losses_test/task:	0.7742068767547607
losses_test/concepts:	0.12419029325246811
losses_test/total:	0.8983969688415527
calibration_test/ece:	0.10607825964689255
calibration_test/brier:	0.2656956911087036
accuracy_test/task:	83.91203703703704
accuracy_test/concepts:	99.80554962158203
map_test/concepts:	0.9998776699815478

Epoch 13
losses_train/task:	0.08802539855241776
losses_train/concepts:	0.019986983388662338
losses_train/total:	0.10801238566637039
losses_test/task:	0.05818402022123337
losses_test/concepts:	0.01193991769105196
losses_test/total:	0.07012396305799484
calibration_test/ece:	0.00179735803976655
calibration_test/brier:	0.03305450826883316
accuracy_test/task:	97.77083333333333
accuracy_test/concepts:	99.99305725097656
map_test/concepts:	0.9999035724571773

Epoch 14
losses_train/task:	0.06552522629499435
losses_train/concepts:	0.015034213662147522
losses_train/total:	0.08055943250656128
losses_test/task:	0.09292112290859222
losses_test/concepts:	0.01665998250246048
losses_test/total:	0.1095811054110527
calibration_test/ece:	0.009414192289113998
calibration_test/brier:	0.05141715705394745
accuracy_test/task:	96.62037037037037
accuracy_test/concepts:	99.98081970214844
map_test/concepts:	0.9999019801616669

Epoch 15
losses_train/task:	0.06248759850859642
losses_train/concepts:	0.013987747021019459
losses_train/total:	0.07647537440061569
losses_test/task:	0.15299448370933533
losses_test/concepts:	0.0140523761510849
losses_test/total:	0.16704675555229187
calibration_test/ece:	0.02425263077020645
calibration_test/brier:	0.08098460733890533
accuracy_test/task:	94.69444444444444
accuracy_test/concepts:	99.98594665527344
map_test/concepts:	0.9999034830502102

Epoch 16
losses_train/task:	0.06177796795964241
losses_train/concepts:	0.016795258969068527
losses_train/total:	0.07857320457696915
losses_test/task:	0.16588298976421356
losses_test/concepts:	0.06714606285095215
losses_test/total:	0.23302896320819855
calibration_test/ece:	0.018889836966991425
calibration_test/brier:	0.08843880891799927
accuracy_test/task:	94.25925925925925
accuracy_test/concepts:	99.95304870605469
map_test/concepts:	0.9998897569520133

Epoch 17
losses_train/task:	0.0573093518614769
losses_train/concepts:	0.013046516105532646
losses_train/total:	0.07035589218139648
losses_test/task:	0.19439491629600525
losses_test/concepts:	0.023028375580906868
losses_test/total:	0.21742336452007294
calibration_test/ece:	0.0330372229218483
calibration_test/brier:	0.09778188914060593
accuracy_test/task:	93.7824074074074
accuracy_test/concepts:	99.98561096191406
map_test/concepts:	0.9999033170086997

Epoch 18
losses_train/task:	0.051626648753881454
losses_train/concepts:	0.011528223752975464
losses_train/total:	0.06315484642982483
losses_test/task:	0.11415743827819824
losses_test/concepts:	0.043508000671863556
losses_test/total:	0.1576654464006424
calibration_test/ece:	0.01121436432003975
calibration_test/brier:	0.05514223501086235
accuracy_test/task:	96.47222222222223
accuracy_test/concepts:	99.89798736572266
map_test/concepts:	0.999902354819434

Epoch 19
losses_train/task:	0.046894680708646774
losses_train/concepts:	0.011171998456120491
losses_train/total:	0.05806668847799301
losses_test/task:	1.2087583541870117
losses_test/concepts:	0.19305650889873505
losses_test/total:	1.4018144607543945
calibration_test/ece:	0.19918683171272278
calibration_test/brier:	0.4502181112766266
accuracy_test/task:	73.44212962962963
accuracy_test/concepts:	99.77446746826172
map_test/concepts:	0.9998926903520312

Epoch 20
losses_train/task:	0.04793087765574455
losses_train/concepts:	0.013369658030569553
losses_train/total:	0.061300475150346756
losses_test/task:	0.15496160089969635
losses_test/concepts:	0.16176976263523102
losses_test/total:	0.31673139333724976
calibration_train/ece:	0.01919712871313095
calibration_train/brier:	0.07666955143213272
accuracy_train/task:	94.88713562252964
calibration_test/ece:	0.020745746791362762
calibration_test/brier:	0.08104740083217621
accuracy_test/task:	94.66203703703704
accuracy_train/concepts:	99.83457946777344
map_train/concepts:	0.9999494510037559
accuracy_test/concepts:	99.82026672363281
map_test/concepts:	0.9998805735792432
accuracy_test/nuisances_task:	19.194444455206394
accuracy_test/nuisances_nontask:	3.673611208796501
mutual_inf_test/nuisances_task:	0.3241313420670642
mutual_inf_test/nuisances_nontask:	0.08808949780427455

Epoch 21
losses_train/task:	0.009975296445190907
losses_train/concepts:	0.005938190035521984
losses_train/total:	0.015913473442196846
losses_test/task:	0.0059976098127663136
losses_test/concepts:	0.00409899465739727
losses_test/total:	0.010096601210534573
calibration_test/ece:	0.002329515293240547
calibration_test/brier:	0.0025549798738211393
accuracy_test/task:	99.85185185185185
accuracy_test/concepts:	99.99470520019531
map_test/concepts:	0.9999040578092847

Epoch 22
losses_train/task:	0.0067247967235744
losses_train/concepts:	0.004304551985114813
losses_train/total:	0.011029347777366638
losses_test/task:	0.004637132398784161
losses_test/concepts:	0.0035565029829740524
losses_test/total:	0.008193638175725937
calibration_test/ece:	0.0022006263025105
calibration_test/brier:	0.0018154274439439178
accuracy_test/task:	99.9050925925926
accuracy_test/concepts:	99.99470520019531
map_test/concepts:	0.9999040833541325

Epoch 23
losses_train/task:	0.00579241756349802
losses_train/concepts:	0.003940424881875515
losses_train/total:	0.009732849895954132
losses_test/task:	0.0042168512009084225
losses_test/concepts:	0.0030867368914186954
losses_test/total:	0.007303590886294842
calibration_test/ece:	0.0017060849349945784
calibration_test/brier:	0.001746173482388258
accuracy_test/task:	99.90046296296296
accuracy_test/concepts:	99.99702453613281
map_test/concepts:	0.9999040876116071

Epoch 24
losses_train/task:	0.0049901558086276054
losses_train/concepts:	0.0034284915309399366
losses_train/total:	0.008418640121817589
losses_test/task:	0.0040654693730175495
losses_test/concepts:	0.0028998663183301687
losses_test/total:	0.006965335458517075
calibration_test/ece:	0.0016884300857782364
calibration_test/brier:	0.001687615062110126
accuracy_test/task:	99.89583333333333
accuracy_test/concepts:	99.9963607788086
map_test/concepts:	0.9999040961265564

Epoch 25
losses_train/task:	0.004495273809880018
losses_train/concepts:	0.0032961000688374043
losses_train/total:	0.007791371550410986
losses_test/task:	0.003262721933424473
losses_test/concepts:	0.0026234702672809362
losses_test/total:	0.005886188708245754
calibration_test/ece:	0.0015653560403734446
calibration_test/brier:	0.001217149430885911
accuracy_test/task:	99.93518518518519
accuracy_test/concepts:	99.99702453613281
map_test/concepts:	0.999904100384031

Epoch 26
losses_train/task:	0.0043808347545564175
losses_train/concepts:	0.0030469815246760845
losses_train/total:	0.0074278125539422035
losses_test/task:	0.003510556649416685
losses_test/concepts:	0.0027569583617150784
losses_test/total:	0.0062675136141479015
calibration_test/ece:	0.0015655704773962498
calibration_test/brier:	0.0014276381116360426
accuracy_test/task:	99.92592592592592
accuracy_test/concepts:	99.99702453613281
map_test/concepts:	0.999904100384031

Epoch 27
losses_train/task:	0.004046181216835976
losses_train/concepts:	0.00298155820928514
losses_train/total:	0.007027739193290472
losses_test/task:	0.003014726098626852
losses_test/concepts:	0.002599344588816166
losses_test/total:	0.005614071618765593
calibration_test/ece:	0.0015424508601427078
calibration_test/brier:	0.0011282688938081264
accuracy_test/task:	99.94444444444444
accuracy_test/concepts:	99.99620056152344
map_test/concepts:	0.999904100384031

Epoch 28
losses_train/task:	0.004154732450842857
losses_train/concepts:	0.0029036235064268112
losses_train/total:	0.00705835921689868
losses_test/task:	0.0029877254273742437
losses_test/concepts:	0.0024801641702651978
losses_test/total:	0.005467887967824936
calibration_test/ece:	0.0014059636741876602
calibration_test/brier:	0.0011488667223602533
accuracy_test/task:	99.94212962962963
accuracy_test/concepts:	99.99686431884766
map_test/concepts:	0.9999040961265564

Epoch 29
losses_train/task:	0.003716260427609086
losses_train/concepts:	0.002718541072681546
losses_train/total:	0.006434802897274494
losses_test/task:	0.0026274456176906824
losses_test/concepts:	0.002482110168784857
losses_test/total:	0.005109557881951332
calibration_test/ece:	0.0013281740248203278
calibration_test/brier:	0.0009685551631264389
accuracy_test/task:	99.94675925925925
accuracy_test/concepts:	99.99686431884766
map_test/concepts:	0.9999040961265564

Epoch 30
losses_train/task:	0.0036167700309306383
losses_train/concepts:	0.0028531779535114765
losses_train/total:	0.0064699528738856316
losses_test/task:	0.0030455212108790874
losses_test/concepts:	0.0024411771446466446
losses_test/total:	0.005486695095896721
calibration_train/ece:	0.0008655056590214372
calibration_train/brier:	0.000129611580632627
accuracy_train/task:	99.99922801383399
calibration_test/ece:	0.0012569469399750233
calibration_test/brier:	0.0012358446838334203
accuracy_test/task:	99.92592592592592
accuracy_train/concepts:	100.0
map_train/concepts:	0.9999680263655526
accuracy_test/concepts:	99.99603271484375
map_test/concepts:	0.9999041046415057
accuracy_test/nuisances_task:	19.578703865408897
accuracy_test/nuisances_nontask:	3.2407404854893684
mutual_inf_test/nuisances_task:	0.3220779847746259
mutual_inf_test/nuisances_nontask:	0.07091312877468015

Epoch 31
losses_train/task:	0.003194658551365137
losses_train/concepts:	0.002599732019007206
losses_train/total:	0.005794386379420757
losses_test/task:	0.0029274155385792255
losses_test/concepts:	0.002453520428389311
losses_test/total:	0.005380934104323387
calibration_test/ece:	0.0010873295832425356
calibration_test/brier:	0.0012235019821673632
accuracy_test/task:	99.93055555555556
accuracy_test/concepts:	99.9957046508789
map_test/concepts:	0.999904100384031

Epoch 32
losses_train/task:	0.0033680079504847527
losses_train/concepts:	0.0025262669660151005
losses_train/total:	0.005894275847822428
losses_test/task:	0.002801446942612529
losses_test/concepts:	0.0022256800439208746
losses_test/total:	0.005027128383517265
calibration_test/ece:	0.0012517488794401288
calibration_test/brier:	0.0010755133116617799
accuracy_test/task:	99.94907407407408
accuracy_test/concepts:	99.99669647216797
map_test/concepts:	0.999904100384031

Epoch 33
losses_train/task:	0.0031556522008031607
losses_train/concepts:	0.002549336524680257
losses_train/total:	0.005704983603209257
losses_test/task:	0.0030663462821394205
losses_test/concepts:	0.0021009354386478662
losses_test/total:	0.005167282186448574
calibration_test/ece:	0.0009884682949632406
calibration_test/brier:	0.0013561565428972244
accuracy_test/task:	99.9050925925926
accuracy_test/concepts:	99.99800872802734
map_test/concepts:	0.999904100384031

Epoch 34
losses_train/task:	0.0031642597168684006
losses_train/concepts:	0.002397875301539898
losses_train/total:	0.00556213827803731
losses_test/task:	0.00265185977332294
losses_test/concepts:	0.001972742611542344
losses_test/total:	0.00462459959089756
calibration_test/ece:	0.0011447547003626823
calibration_test/brier:	0.0010598800145089626
accuracy_test/task:	99.93518518518519
accuracy_test/concepts:	99.99800872802734
map_test/concepts:	0.999904100384031

Epoch 35
losses_train/task:	0.003357834182679653
losses_train/concepts:	0.0023446278646588326
losses_train/total:	0.005702463444322348
losses_test/task:	0.002885366091504693
losses_test/concepts:	0.0021913042291998863
losses_test/total:	0.005076668690890074
calibration_test/ece:	0.0010490987915545702
calibration_test/brier:	0.0012200805358588696
accuracy_test/task:	99.92824074074075
accuracy_test/concepts:	99.99669647216797
map_test/concepts:	0.999904100384031

Epoch 36
losses_train/task:	0.002781163901090622
losses_train/concepts:	0.0023837636690586805
losses_train/total:	0.005164926405996084
losses_test/task:	0.0026575021911412477
losses_test/concepts:	0.002260780893266201
losses_test/total:	0.004918285179883242
calibration_test/ece:	0.0011115605011582375
calibration_test/brier:	0.0010173582704737782
accuracy_test/task:	99.95138888888889
accuracy_test/concepts:	99.99603271484375
map_test/concepts:	0.999904100384031

Epoch 37
losses_train/task:	0.0029722333420068026
losses_train/concepts:	0.0022701253183186054
losses_train/total:	0.00524236261844635
losses_test/task:	0.002370973350480199
losses_test/concepts:	0.002014558296650648
losses_test/total:	0.004385531879961491
calibration_test/ece:	0.000981657300144434
calibration_test/brier:	0.0009091749670915306
accuracy_test/task:	99.94907407407408
accuracy_test/concepts:	99.99702453613281
map_test/concepts:	0.999904100384031

Epoch 38
losses_train/task:	0.0031295251101255417
losses_train/concepts:	0.002268752548843622
losses_train/total:	0.005398275796324015
losses_test/task:	0.002746768295764923
losses_test/concepts:	0.0020351761486381292
losses_test/total:	0.004781946539878845
calibration_test/ece:	0.0009430520585738122
calibration_test/brier:	0.0011334636947140098
accuracy_test/task:	99.94444444444444
accuracy_test/concepts:	99.9976806640625
map_test/concepts:	0.999904100384031

Epoch 39
losses_train/task:	0.002816828666254878
losses_train/concepts:	0.0022762210574001074
losses_train/total:	0.00509305065497756
losses_test/task:	0.0024611002299934626
losses_test/concepts:	0.0021738563664257526
losses_test/total:	0.004634956829249859
calibration_test/ece:	0.0009042690508067608
calibration_test/brier:	0.0009925985941663384
accuracy_test/task:	99.94212962962963
accuracy_test/concepts:	99.99686431884766
map_test/concepts:	0.999904100384031

Epoch 40
losses_train/task:	0.0025359801948070526
losses_train/concepts:	0.0021589614916592836
losses_train/total:	0.004694941453635693
losses_test/task:	0.0027023477014154196
losses_test/concepts:	0.0018830487970262766
losses_test/total:	0.004585397895425558
calibration_train/ece:	0.0005887838779017329
calibration_train/brier:	7.425706280628219e-05
accuracy_train/task:	99.99845602766798
calibration_test/ece:	0.0008884743438102305
calibration_test/brier:	0.00111973041202873
accuracy_test/task:	99.93287037037037
accuracy_train/concepts:	100.0
map_train/concepts:	0.9999680093356541
accuracy_test/concepts:	99.99817657470703
map_test/concepts:	0.999904100384031
accuracy_test/nuisances_task:	20.025463216006756
accuracy_test/nuisances_nontask:	3.0694445595145226
mutual_inf_test/nuisances_task:	0.3182585034248484
mutual_inf_test/nuisances_nontask:	0.06653596671509598

Epoch 41
losses_train/task:	0.0024655433371663094
losses_train/concepts:	0.0021239782217890024
losses_train/total:	0.004589516669511795
losses_test/task:	0.0022565138060599566
losses_test/concepts:	0.0018029884668067098
losses_test/total:	0.004059503320604563
calibration_test/ece:	0.000901681836694479
calibration_test/brier:	0.0008808302809484303
accuracy_test/task:	99.95833333333333
accuracy_test/concepts:	99.99817657470703
map_test/concepts:	0.999904100384031

Epoch 42
losses_train/task:	0.002425973769277334
losses_train/concepts:	0.0020698627922683954
losses_train/total:	0.004495841450989246
losses_test/task:	0.0021473094820976257
losses_test/concepts:	0.0017617355333641171
losses_test/total:	0.0039090425707399845
calibration_test/ece:	0.0008443676051683724
calibration_test/brier:	0.0008091977797448635
accuracy_test/task:	99.95601851851852
accuracy_test/concepts:	99.99817657470703
map_test/concepts:	0.999904100384031

Epoch 43
losses_train/task:	0.0021949366200715303
losses_train/concepts:	0.0020441701635718346
losses_train/total:	0.004239106085151434
losses_test/task:	0.0021453520748764277
losses_test/concepts:	0.0019163612741976976
losses_test/total:	0.004061713349074125
calibration_test/ece:	0.0009298420045524836
calibration_test/brier:	0.0008317671599797904
accuracy_test/task:	99.95833333333333
accuracy_test/concepts:	99.99784851074219
map_test/concepts:	0.999904100384031

Epoch 44
losses_train/task:	0.0024795851204544306
losses_train/concepts:	0.0021446163300424814
losses_train/total:	0.004624202847480774
losses_test/task:	0.002236132975667715
losses_test/concepts:	0.001990573015064001
losses_test/total:	0.004226707387715578
calibration_test/ece:	0.0009145697113126516
calibration_test/brier:	0.0008939955150708556
accuracy_test/task:	99.95601851851852
accuracy_test/concepts:	99.99752044677734
map_test/concepts:	0.999904100384031

Epoch 45
losses_train/task:	0.002289809053763747
losses_train/concepts:	0.002172327833250165
losses_train/total:	0.004462140612304211
losses_test/task:	0.0021401075646281242
losses_test/concepts:	0.0018009470077231526
losses_test/total:	0.003941053990274668
calibration_test/ece:	0.000895833014510572
calibration_test/brier:	0.0008111046045087278
accuracy_test/task:	99.95601851851852
accuracy_test/concepts:	99.99784851074219
map_test/concepts:	0.999904100384031

Epoch 46
losses_train/task:	0.0023958049714565277
losses_train/concepts:	0.002090252237394452
losses_train/total:	0.004486056510359049
losses_test/task:	0.00215153768658638
losses_test/concepts:	0.0018297330243512988
losses_test/total:	0.003981271293014288
calibration_test/ece:	0.0008911064360290766
calibration_test/brier:	0.0008160255383700132
accuracy_test/task:	99.95833333333333
accuracy_test/concepts:	99.99800872802734
map_test/concepts:	0.999904100384031

Epoch 47
losses_train/task:	0.002174593508243561
losses_train/concepts:	0.002135472372174263
losses_train/total:	0.004310064483433962
losses_test/task:	0.0026445938274264336
losses_test/concepts:	0.0019417436560615897
losses_test/total:	0.004586339462548494
calibration_test/ece:	0.0009563966887071729
calibration_test/brier:	0.0011027267901226878
accuracy_test/task:	99.93981481481481
accuracy_test/concepts:	99.99752044677734
map_test/concepts:	0.999904100384031

Epoch 48
losses_train/task:	0.0022306921891868114
losses_train/concepts:	0.0020241173915565014
losses_train/total:	0.004254809580743313
losses_test/task:	0.002269252436235547
losses_test/concepts:	0.0019346204353496432
losses_test/total:	0.0042038713581860065
calibration_test/ece:	0.0008710005786269903
calibration_test/brier:	0.0008962613646872342
accuracy_test/task:	99.95138888888889
accuracy_test/concepts:	99.99735260009766
map_test/concepts:	0.999904100384031

Epoch 49
losses_train/task:	0.0023617360275238752
losses_train/concepts:	0.0021030365023761988
losses_train/total:	0.004464772529900074
losses_test/task:	0.00210193800739944
losses_test/concepts:	0.001806592452339828
losses_test/total:	0.003908530343323946
calibration_test/ece:	0.0008558598929084837
calibration_test/brier:	0.000798224878963083
accuracy_test/task:	99.95601851851852
accuracy_test/concepts:	99.99800872802734
map_test/concepts:	0.999904100384031

Epoch 50
losses_train/task:	0.0021729266736656427
losses_train/concepts:	0.00205564615316689
losses_train/total:	0.004228569101542234
losses_test/task:	0.0022930060513317585
losses_test/concepts:	0.0018400995759293437
losses_test/total:	0.004133104812353849
calibration_train/ece:	0.00046048639342188835
calibration_train/brier:	3.512358671287075e-05
accuracy_train/task:	100.0
calibration_test/ece:	0.0008478360250592232
calibration_test/brier:	0.0009325529681518674
accuracy_test/task:	99.95370370370371
accuracy_train/concepts:	100.0
map_train/concepts:	0.9999680050781795
accuracy_test/concepts:	99.99784851074219
map_test/concepts:	0.999904100384031
accuracy_test/nuisances_task:	18.636573292315006
accuracy_test/nuisances_nontask:	3.0601849779486656
mutual_inf_test/nuisances_task:	0.30393243285394633
mutual_inf_test/nuisances_nontask:	0.06676906332655563

epoch_50.pt
groups=0 err_lowconf=0.046 err_random=0.046
groups=1 err_lowconf=0.345 err_random=0.345
groups=2 err_lowconf=4.903 err_random=4.903
groups=3 err_lowconf=29.623 err_random=29.623
groups=4 err_lowconf=40.875 err_random=40.875
groups=5 err_lowconf=49.479 err_random=49.479
groups=6 err_lowconf=49.993 err_random=49.993
groups=7 err_lowconf=50.470 err_random=50.470
groups=8 err_lowconf=52.347 err_random=52.347
groups=9 err_lowconf=52.963 err_random=52.963
groups=10 err_lowconf=54.458 err_random=54.458
groups=11 err_lowconf=66.627 err_random=66.627
groups=12 err_lowconf=73.225 err_random=73.225
groups=13 err_lowconf=81.785 err_random=81.785
groups=14 err_lowconf=82.613 err_random=82.613
[1;34mwandb[0m:
[1;34mwandb[0m: You can sync this run to the cloud by running:
[1;34mwandb[0m: [1mwandb sync /research/hal-afsharim/minimal_cbm/results/mpi3d-cbm/42/wandb/offline-run-20260725_103728-401bomo8[0m
[1;34mwandb[0m: Find logs at: [1;35mresults/mpi3d-cbm/42/wandb/offline-run-20260725_103728-401bomo8/logs[0m
