SKIP mpi3d-vanilla s42 (complete)
SKIP shapes3d-vanilla s42 (complete)
[10:37] LAUNCH mpi3d-cbm s42 gpu0 (mem 121GB, 117 pending)
[10:37] LAUNCH shapes3d-cbm s42 gpu1 (mem 121GB, 116 pending)
[10:37] LAUNCH cub12-vanilla s42 gpu2 (mem 121GB, 115 pending)
[10:37] LAUNCH awa2-vanilla s42 gpu3 (mem 121GB, 114 pending)
[10:37] LAUNCH cifar10-vanilla s42 gpu4 (mem 121GB, 113 pending)
[10:38] LAUNCH shapes3d-cem s42 gpu5 (mem 90GB, 112 pending)
[10:38] LAUNCH awa2-cbm s42 gpu6 (mem 90GB, 111 pending)
[10:39] LAUNCH cifar10-cbm s42 gpu4 (mem 84GB, 110 pending)
[11:59] DONE mpi3d-cbm s42 (gpu0)
[11:59] LAUNCH mpi3d-cem s42 gpu0 (mem 55GB, 109 pending)
[12:01] DONE shapes3d-cbm s42 (gpu1)
[12:01] LAUNCH shapes3d-arhcbm s42 gpu1 (mem 59GB, 108 pending)
[12:19] DONE shapes3d-cem s42 (gpu5)
[12:19] LAUNCH mpi3d-arhcbm s42 gpu5 (mem 60GB, 107 pending)
[13:38] DONE shapes3d-arhcbm s42 (gpu1)
[13:38] LAUNCH mpi3d-shcbm s42 gpu1 (mem 58GB, 106 pending)
[13:51] DONE mpi3d-cem s42 (gpu0)
[13:51] LAUNCH shapes3d-shcbm s42 gpu0 (mem 61GB, 105 pending)
[13:56] DONE mpi3d-arhcbm s42 (gpu5)
[13:56] LAUNCH mpi3d-mcbm-1 s42 gpu5 (mem 63GB, 104 pending)
[15:07] DONE mpi3d-shcbm s42 (gpu1)
[15:07] LAUNCH shapes3d-mcbm-1 s42 gpu1 (mem 21GB, 103 pending)
[15:13] DONE shapes3d-shcbm s42 (gpu0)
[15:13] LAUNCH mpi3d-mcbm-3 s42 gpu0 (mem 24GB, 102 pending)
[15:32] RETRY cifar10-cbm s42 rc=-9
[15:32] LAUNCH shapes3d-mcbm-3 s42 gpu0 (mem 47GB, 102 pending)
[15:35] DONE mpi3d-mcbm-1 s42 (gpu5)
[15:35] LAUNCH mpi3d-mcbm-5 s42 gpu5 (mem 50GB, 101 pending)
[16:31] DONE cifar10-vanilla s42 (gpu4)
[16:31] LAUNCH shapes3d-mcbm-5 s42 gpu4 (mem 65GB, 100 pending)
[16:43] DONE shapes3d-mcbm-1 s42 (gpu1)
[16:43] LAUNCH mpi3d-vanilla s43 gpu1 (mem 66GB, 99 pending)
[16:59] DONE cub12-vanilla s42 (gpu2)
[16:59] LAUNCH shapes3d-vanilla s43 gpu2 (mem 70GB, 98 pending)
[17:07] DONE mpi3d-mcbm-5 s42 (gpu5)
[17:07] LAUNCH mpi3d-cbm s43 gpu5 (mem 71GB, 97 pending)
[17:14] DONE mpi3d-mcbm-3 s42 (gpu0)
[17:14] LAUNCH shapes3d-cbm s43 gpu2 (mem 71GB, 96 pending)
[17:25] DONE shapes3d-mcbm-3 s42 (gpu0)
[17:25] LAUNCH mpi3d-cem s43 gpu0 (mem 71GB, 95 pending)
[17:53] DONE mpi3d-vanilla s43 (gpu1)
[17:53] LAUNCH shapes3d-cem s43 gpu1 (mem 68GB, 94 pending)
[17:59] DONE shapes3d-mcbm-5 s42 (gpu4)
[17:59] LAUNCH mpi3d-arhcbm s43 gpu4 (mem 71GB, 93 pending)
[18:16] DONE shapes3d-vanilla s43 (gpu2)
[18:16] LAUNCH shapes3d-arhcbm s43 gpu4 (mem 74GB, 92 pending)
[18:32] DONE mpi3d-cbm s43 (gpu5)
[18:32] LAUNCH mpi3d-shcbm s43 gpu5 (mem 72GB, 91 pending)
[18:50] DONE shapes3d-cbm s43 (gpu2)
[18:50] LAUNCH shapes3d-shcbm s43 gpu2 (mem 71GB, 90 pending)
[19:04] DONE mpi3d-cem s43 (gpu0)
[19:04] LAUNCH mpi3d-mcbm-1 s43 gpu0 (mem 71GB, 89 pending)
[19:30] DONE shapes3d-cem s43 (gpu1)
[19:30] LAUNCH shapes3d-mcbm-1 s43 gpu1 (mem 70GB, 88 pending)
[19:55] DONE mpi3d-arhcbm s43 (gpu4)
[19:55] LAUNCH mpi3d-mcbm-3 s43 gpu4 (mem 71GB, 87 pending)
[19:59] DONE mpi3d-shcbm s43 (gpu5)
[19:59] LAUNCH shapes3d-mcbm-3 s43 gpu5 (mem 69GB, 86 pending)
[20:06] DONE shapes3d-arhcbm s43 (gpu4)
[20:06] LAUNCH mpi3d-mcbm-5 s43 gpu1 (mem 69GB, 85 pending)
[20:17] DONE shapes3d-shcbm s43 (gpu2)
[20:17] LAUNCH shapes3d-mcbm-5 s43 gpu2 (mem 71GB, 84 pending)
[20:35] DONE awa2-vanilla s42 (gpu3)
[20:35] LAUNCH shapes3d-vanilla s44 gpu3 (mem 79GB, 83 pending)
[20:44] DONE mpi3d-mcbm-1 s43 (gpu0)
[20:44] LAUNCH mpi3d-vanilla s44 gpu0 (mem 79GB, 82 pending)
[20:48] DONE awa2-cbm s42 (gpu6)
[20:48] LAUNCH cub12-cbm s42 gpu6 (mem 89GB, 81 pending)
[21:23] DONE shapes3d-mcbm-1 s43 (gpu1)
[21:23] LAUNCH shapes3d-cbm s44 gpu5 (mem 72GB, 80 pending)
[21:24] DONE mpi3d-mcbm-3 s43 (gpu4)
[21:24] LAUNCH mpi3d-cbm s44 gpu4 (mem 78GB, 79 pending)
[21:26] DONE shapes3d-mcbm-3 s43 (gpu5)
[21:27] LAUNCH shapes3d-cem s44 gpu3 (mem 84GB, 78 pending)
[21:43] DONE shapes3d-mcbm-5 s43 (gpu2)
[21:43] LAUNCH shapes3d-arhcbm s44 gpu2 (mem 77GB, 77 pending)
[21:45] DONE shapes3d-vanilla s44 (gpu3)
[21:45] LAUNCH shapes3d-shcbm s44 gpu5 (mem 82GB, 76 pending)
[21:53] DONE mpi3d-vanilla s44 (gpu0)
[21:53] LAUNCH mpi3d-cem s44 gpu0 (mem 72GB, 75 pending)
[21:54] DONE mpi3d-mcbm-5 s43 (gpu1)
[21:54] LAUNCH cub12-cem s42 gpu1 (mem 82GB, 74 pending)
[22:46] DONE mpi3d-cbm s44 (gpu4)
[22:46] LAUNCH mpi3d-arhcbm s44 gpu4 (mem 70GB, 73 pending)
[22:49] DONE shapes3d-cbm s44 (gpu5)
[22:49] LAUNCH mpi3d-shcbm s44 gpu0 (mem 74GB, 72 pending)
[23:01] DONE shapes3d-cem s44 (gpu3)
[23:01] LAUNCH shapes3d-mcbm-1 s44 gpu3 (mem 73GB, 71 pending)
[23:11] DONE shapes3d-arhcbm s44 (gpu2)
[23:11] LAUNCH shapes3d-mcbm-3 s44 gpu2 (mem 73GB, 70 pending)
[23:21] DONE shapes3d-shcbm s44 (gpu5)
[23:21] LAUNCH shapes3d-mcbm-5 s44 gpu5 (mem 73GB, 69 pending)
[23:43] DONE mpi3d-cem s44 (gpu0)
[23:43] LAUNCH mpi3d-mcbm-1 s44 gpu5 (mem 74GB, 68 pending)
[00:17] DONE mpi3d-arhcbm s44 (gpu4)
[00:17] LAUNCH mpi3d-mcbm-3 s44 gpu4 (mem 74GB, 67 pending)
[00:32] DONE mpi3d-shcbm s44 (gpu0)
[00:32] LAUNCH mpi3d-mcbm-5 s44 gpu0 (mem 65GB, 66 pending)
[00:37] DONE shapes3d-mcbm-1 s44 (gpu3)
[00:37] LAUNCH awa2-cem s42 gpu3 (mem 71GB, 65 pending)
[00:37] DONE shapes3d-mcbm-3 s44 (gpu2)
[00:37] LAUNCH cifar10-cem s42 gpu2 (mem 73GB, 64 pending)
[01:09] DONE shapes3d-mcbm-5 s44 (gpu5)
[01:09] LAUNCH cifar10-arhcbm s42 gpu0 (mem 64GB, 63 pending)
[01:36] DONE mpi3d-mcbm-1 s44 (gpu5)
[01:36] LAUNCH awa2-arhcbm s42 gpu5 (mem 58GB, 62 pending)
[01:49] DONE mpi3d-mcbm-3 s44 (gpu4)
[02:11] DONE mpi3d-mcbm-5 s44 (gpu0)
[03:10] DONE cub12-cbm s42 (gpu6)
[03:10] LAUNCH cub12-arhcbm s42 gpu4 (mem 72GB, 61 pending)
[04:49] DONE cub12-cem s42 (gpu1)
[04:49] LAUNCH cub12-shcbm s42 gpu1 (mem 71GB, 60 pending)
[07:39] DONE cifar10-arhcbm s42 (gpu0)
[07:39] LAUNCH cifar10-shcbm s42 gpu0 (mem 45GB, 59 pending)
[08:00] DONE cifar10-cem s42 (gpu2)
[08:00] LAUNCH cifar10-mcbm-01 s42 gpu2 (mem 60GB, 58 pending)
[10:06] DONE cub12-arhcbm s42 (gpu4)
[10:06] LAUNCH cub12-mcbm-005 s42 gpu4 (mem 61GB, 57 pending)
[10:33] DONE awa2-cem s42 (gpu3)
[10:33] LAUNCH awa2-shcbm s42 gpu3 (mem 61GB, 56 pending)
[11:45] DONE awa2-arhcbm s42 (gpu5)
[11:46] LAUNCH awa2-mcbm-005 s42 gpu5 (mem 44GB, 55 pending)
[11:55] DONE cub12-shcbm s42 (gpu1)
[11:55] LAUNCH cub12-mcbm-01 s42 gpu1 (mem 47GB, 54 pending)
[13:07] DONE cifar10-shcbm s42 (gpu0)
[13:07] LAUNCH cifar10-mcbm-03 s42 gpu0 (mem 69GB, 53 pending)
[16:04] DONE cifar10-mcbm-01 s42 (gpu2)
[16:04] LAUNCH cifar10-mcbm-05 s42 gpu2 (mem 62GB, 52 pending)
[17:07] DONE cub12-mcbm-005 s42 (gpu4)
[17:07] LAUNCH cub12-mcbm-03 s42 gpu4 (mem 58GB, 51 pending)
[19:14] DONE cub12-mcbm-01 s42 (gpu1)
[19:14] LAUNCH cub12-vanilla s43 gpu1 (mem 38GB, 50 pending)
[20:39] DONE awa2-shcbm s42 (gpu3)
[20:39] LAUNCH awa2-mcbm-01 s42 gpu3 (mem 40GB, 49 pending)
[20:45] DONE cifar10-mcbm-03 s42 (gpu0)
[20:45] LAUNCH cifar10-vanilla s43 gpu0 (mem 64GB, 48 pending)
[21:48] DONE awa2-mcbm-005 s42 (gpu5)
[21:48] LAUNCH awa2-mcbm-03 s42 gpu5 (mem 49GB, 47 pending)
[23:09] DONE cifar10-mcbm-05 s42 (gpu2)
[23:09] LAUNCH cifar10-cbm s43 gpu2 (mem 70GB, 46 pending)
[00:17] DONE cub12-mcbm-03 s42 (gpu4)
[00:17] LAUNCH cub12-cbm s43 gpu4 (mem 57GB, 45 pending)
[01:28] DONE cub12-vanilla s43 (gpu1)
[01:28] LAUNCH cub12-cem s43 gpu1 (mem 54GB, 44 pending)
[01:33] DONE cifar10-vanilla s43 (gpu0)
[01:33] LAUNCH cifar10-cem s43 gpu0 (mem 63GB, 43 pending)
[02:55] RETRY awa2-mcbm-03 s42 rc=1
[04:17] LAUNCH awa2-vanilla s43 gpu5 (mem 44GB, 43 pending)
[05:08] DONE cifar10-cbm s43 (gpu2)
[05:08] LAUNCH cifar10-arhcbm s43 gpu6 (mem 60GB, 42 pending)
[06:43] DONE awa2-mcbm-01 s42 (gpu3)
[06:43] LAUNCH awa2-cbm s43 gpu3 (mem 64GB, 41 pending)
[06:55] DONE cub12-cbm s43 (gpu4)
[06:55] LAUNCH cub12-arhcbm s43 gpu4 (mem 68GB, 40 pending)
[08:37] DONE cub12-cem s43 (gpu1)
[08:37] LAUNCH cub12-shcbm s43 gpu1 (mem 69GB, 39 pending)
[13:55] DONE cub12-arhcbm s43 (gpu4)
[13:55] LAUNCH cub12-mcbm-005 s43 gpu4 (mem 45GB, 38 pending)
[14:17] DONE awa2-vanilla s43 (gpu5)
[14:17] LAUNCH awa2-cem s43 gpu5 (mem 48GB, 37 pending)
[15:17] DONE cifar10-arhcbm s43 (gpu6)
[15:17] LAUNCH cifar10-shcbm s43 gpu1 (mem 52GB, 36 pending)
[15:20] DONE cub12-shcbm s43 (gpu1)
[16:49] DONE awa2-cbm s43 (gpu3)
[16:49] LAUNCH cub12-mcbm-01 s43 gpu3 (mem 65GB, 35 pending)
[17:13] DONE cifar10-cem s43 (gpu0)
[17:13] LAUNCH cifar10-mcbm-01 s43 gpu1 (mem 71GB, 34 pending)
[20:14] DONE cifar10-shcbm s43 (gpu1)
[20:14] LAUNCH cifar10-mcbm-03 s43 gpu1 (mem 67GB, 33 pending)
[21:00] DONE cub12-mcbm-005 s43 (gpu4)
[21:00] LAUNCH cub12-mcbm-03 s43 gpu4 (mem 68GB, 32 pending)
[23:54] DONE cub12-mcbm-01 s43 (gpu3)
[23:54] LAUNCH awa2-arhcbm s43 gpu3 (mem 47GB, 31 pending)
[00:16] DONE awa2-cem s43 (gpu5)
[00:16] LAUNCH awa2-shcbm s43 gpu5 (mem 54GB, 30 pending)
[01:11] DONE cifar10-mcbm-01 s43 (gpu1)
[01:11] LAUNCH cifar10-mcbm-05 s43 gpu1 (mem 76GB, 29 pending)
[03:38] DONE cifar10-mcbm-03 s43 (gpu1)
[03:38] LAUNCH cifar10-vanilla s44 gpu1 (mem 76GB, 28 pending)
[04:02] DONE cub12-mcbm-03 s43 (gpu4)
[04:02] LAUNCH cub12-vanilla s44 gpu4 (mem 79GB, 27 pending)
[04:10] LAUNCH cub12-cbm s44 gpu6 (mem 69GB, 26 pending)
[09:02] DONE cifar10-mcbm-05 s43 (gpu1)
[09:02] LAUNCH cifar10-cbm s44 gpu0 (mem 44GB, 25 pending)
[09:06] DONE cifar10-vanilla s44 (gpu1)
[09:06] LAUNCH cifar10-cem s44 gpu1 (mem 59GB, 24 pending)
[10:02] DONE awa2-arhcbm s43 (gpu3)
[10:02] LAUNCH awa2-mcbm-005 s43 gpu2 (mem 61GB, 23 pending)
[10:06] DONE cub12-vanilla s44 (gpu4)
[10:06] LAUNCH cub12-cem s44 gpu3 (mem 67GB, 22 pending)
[10:42] DONE cub12-cbm s44 (gpu6)
[10:42] LAUNCH cub12-arhcbm s44 gpu4 (mem 62GB, 21 pending)
[10:47] DONE awa2-shcbm s43 (gpu5)
[10:47] LAUNCH awa2-mcbm-01 s43 gpu5 (mem 64GB, 20 pending)
[13:56] DONE cifar10-cbm s44 (gpu0)
[13:56] LAUNCH cifar10-arhcbm s44 gpu0 (mem 69GB, 19 pending)
[15:55] DONE cifar10-cem s44 (gpu1)
[15:55] LAUNCH cifar10-shcbm s44 gpu1 (mem 58GB, 18 pending)
[17:11] DONE cub12-cem s44 (gpu3)
[17:11] LAUNCH cub12-shcbm s44 gpu3 (mem 58GB, 17 pending)
[17:49] DONE cub12-arhcbm s44 (gpu4)
[17:49] LAUNCH cub12-mcbm-005 s44 gpu4 (mem 57GB, 16 pending)
[19:23] RETRY cifar10-shcbm s44 rc=-9
[19:23] LAUNCH cifar10-mcbm-01 s44 gpu1 (mem 36GB, 16 pending)
[20:06] DONE awa2-mcbm-005 s43 (gpu2)
[20:06] LAUNCH awa2-mcbm-03 s43 gpu2 (mem 38GB, 15 pending)
[20:52] DONE awa2-mcbm-01 s43 (gpu5)
[20:52] LAUNCH awa2-vanilla s44 gpu5 (mem 43GB, 14 pending)
[21:29] DONE cifar10-arhcbm s44 (gpu0)
[21:29] LAUNCH cifar10-mcbm-03 s44 gpu0 (mem 71GB, 13 pending)
[00:10] DONE cub12-shcbm s44 (gpu3)
[00:10] LAUNCH cub12-mcbm-01 s44 gpu3 (mem 73GB, 12 pending)
[00:54] DONE cub12-mcbm-005 s44 (gpu4)
[00:54] LAUNCH cub12-mcbm-03 s44 gpu4 (mem 44GB, 11 pending)
[03:08] RETRY cifar10-mcbm-01 s44 rc=-9
[03:08] RETRY cifar10-mcbm-03 s44 rc=-9
[03:08] LAUNCH cifar10-mcbm-05 s44 gpu0 (mem 42GB, 12 pending)
[03:10] LAUNCH cifar10-cbm s42 gpu1 (mem 67GB, 11 pending)
[06:10] DONE awa2-mcbm-03 s43 (gpu2)
[06:10] LAUNCH awa2-cbm s44 gpu2 (mem 62GB, 10 pending)
[06:57] DONE awa2-vanilla s44 (gpu5)
[06:57] LAUNCH awa2-cem s44 gpu5 (mem 47GB, 9 pending)
[07:19] DONE cub12-mcbm-01 s44 (gpu3)
[07:57] DONE cub12-mcbm-03 s44 (gpu4)
[08:07] DONE cifar10-cbm s42 (gpu1)
[08:07] LAUNCH cifar10-shcbm s44 gpu1 (mem 92GB, 8 pending)
[09:58] DONE cifar10-mcbm-05 s44 (gpu0)
[09:58] LAUNCH cifar10-mcbm-01 s44 gpu0 (mem 91GB, 7 pending)
[12:57] DONE cifar10-shcbm s44 (gpu1)
[12:57] LAUNCH cifar10-mcbm-03 s44 gpu1 (mem 84GB, 6 pending)
[16:01] DONE awa2-cbm s44 (gpu2)
[16:01] LAUNCH awa2-arhcbm s44 gpu2 (mem 65GB, 5 pending)
[16:43] DONE awa2-cem s44 (gpu5)
[16:43] LAUNCH awa2-shcbm s44 gpu3 (mem 69GB, 4 pending)
[16:59] DONE cifar10-mcbm-01 s44 (gpu0)
[19:43] DONE cifar10-mcbm-03 s44 (gpu1)
[01:41] DONE awa2-arhcbm s44 (gpu2)
[01:41] LAUNCH awa2-mcbm-005 s44 gpu0 (mem 105GB, 3 pending)
[02:21] DONE awa2-shcbm s44 (gpu3)
[02:21] LAUNCH awa2-mcbm-01 s44 gpu1 (mem 110GB, 2 pending)
[11:22] DONE awa2-mcbm-005 s44 (gpu0)
[11:22] LAUNCH awa2-mcbm-03 s44 gpu0 (mem 107GB, 1 pending)
[11:52] DONE awa2-mcbm-01 s44 (gpu1)
[11:52] LAUNCH awa2-mcbm-03 s42 gpu1 (mem 112GB, 0 pending)
[20:59] DONE awa2-mcbm-03 s44 (gpu0)
[21:26] DONE awa2-mcbm-03 s42 (gpu1)

Queue finished: 120 done, 0 failed
