
===== launch 2026-07-25 09:49:41.929632 gpu0 =====
wandb: Using wandb-core as the SDK backend.  Please refer to https://wandb.me/wandb-core for more information.
wandb: Tracking run with wandb version 0.19.0
wandb: W&B syncing is set to `offline` in this directory.  
wandb: Run `wandb online` or set WANDB_MODE=online to enable cloud syncing.

===== launch 2026-07-25 17:53:07.289012 gpu1 =====
wandb: Using wandb-core as the SDK backend.  Please refer to https://wandb.me/wandb-core for more information.
wandb: Tracking run with wandb version 0.19.0
wandb: W&B syncing is set to `offline` in this directory.  
wandb: Run `wandb online` or set WANDB_MODE=online to enable cloud syncing.
Epoch 1
losses_train/task:	0.8417840003967285
losses_train/concepts:	8.4070463180542
losses_train/total:	9.248820304870605
losses_test/task:	1.8101119995117188
losses_test/concepts:	14.997919082641602
losses_test/total:	16.808027267456055
calibration_test/ece:	0.35973137617111206
calibration_test/brier:	0.7496824264526367
accuracy_test/task:	54.443333333333335
accuracy_test/concepts:	87.08686065673828
map_test/concepts:	0.7583240394790968

Epoch 2
losses_train/task:	0.06368610262870789
losses_train/concepts:	1.3929741382598877
losses_train/total:	1.4566587209701538
losses_test/task:	0.0028687953017652035
losses_test/concepts:	0.1271754801273346
losses_test/total:	0.13004428148269653
calibration_test/ece:	0.0026596100069582462
calibration_test/brier:	0.0003756116493605077
accuracy_test/task:	99.99
accuracy_test/concepts:	99.96370697021484
map_test/concepts:	0.9996962282392714

Epoch 3
losses_train/task:	0.012282160110771656
losses_train/concepts:	0.3639456033706665
losses_train/total:	0.3762277364730835
losses_test/task:	0.0005728835822083056
losses_test/concepts:	0.007754385471343994
losses_test/total:	0.00832726713269949
calibration_test/ece:	0.000570027157664299
calibration_test/brier:	1.1642201570793986e-05
accuracy_test/task:	100.0
accuracy_test/concepts:	100.0
map_test/concepts:	0.9996962348620096

Epoch 4
losses_train/task:	0.0013227747986093163
losses_train/concepts:	0.016291633248329163
losses_train/total:	0.017614420503377914
losses_test/task:	0.0003143014619126916
losses_test/concepts:	0.003031649859622121
losses_test/total:	0.0033459514379501343
calibration_test/ece:	0.00030744430841878057
calibration_test/brier:	2.479734757798724e-05
accuracy_test/task:	100.0
accuracy_test/concepts:	100.0
map_test/concepts:	0.9996962348620096

Epoch 5
losses_train/task:	0.004111542832106352
losses_train/concepts:	0.06856977194547653
losses_train/total:	0.07268129289150238
losses_test/task:	0.3304462432861328
losses_test/concepts:	0.08901956677436829
losses_test/total:	0.41946572065353394
calibration_test/ece:	0.0672725960612297
calibration_test/brier:	0.17898239195346832
accuracy_test/task:	88.55
accuracy_test/concepts:	99.92777252197266
map_test/concepts:	0.9996855358282725

Epoch 6
losses_train/task:	0.0009691751329228282
losses_train/concepts:	0.012529491446912289
losses_train/total:	0.013498665764927864
losses_test/task:	0.00014506724255625159
losses_test/concepts:	0.0026354508008807898
losses_test/total:	0.002780520124360919
calibration_test/ece:	0.00014477968215942383
calibration_test/brier:	1.5867570937189157e-06
accuracy_test/task:	100.0
accuracy_test/concepts:	100.0
map_test/concepts:	0.9996962348620096

Epoch 7
losses_train/task:	0.0005379757494665682
losses_train/concepts:	0.00632784329354763
losses_train/total:	0.006865812465548515
losses_test/task:	6.914656842127442e-05
losses_test/concepts:	0.0009399518603459001
losses_test/total:	0.001009098021313548
calibration_test/ece:	6.908178329467773e-05
calibration_test/brier:	3.206471603789396e-07
accuracy_test/task:	100.0
accuracy_test/concepts:	100.0
map_test/concepts:	0.9996962348620096

Epoch 8
losses_train/task:	0.0007850528345443308
losses_train/concepts:	0.00646879943087697
losses_train/total:	0.0072538480162620544
losses_test/task:	5.4708005336578935e-05
losses_test/concepts:	0.0008318039472214878
losses_test/total:	0.0008865117561072111
calibration_test/ece:	5.4717063903808594e-05
calibration_test/brier:	2.413292747860396e-07
accuracy_test/task:	100.0
accuracy_test/concepts:	100.0
map_test/concepts:	0.9996962348620096

Epoch 9
losses_train/task:	0.0004338754224590957
losses_train/concepts:	0.004455450922250748
losses_train/total:	0.004889325238764286
losses_test/task:	4.5276450691744685e-05
losses_test/concepts:	0.0006246512639336288
losses_test/total:	0.0006699275108985603
calibration_test/ece:	4.5299530029296875e-05
calibration_test/brier:	1.594901135604232e-07
accuracy_test/task:	100.0
accuracy_test/concepts:	100.0
map_test/concepts:	0.9996962348620096

Epoch 10
losses_train/task:	0.00015917221026029438
losses_train/concepts:	0.0020387701224535704
losses_train/total:	0.0021979419980198145
losses_test/task:	3.9383106923196465e-05
losses_test/concepts:	0.001394343562424183
losses_test/total:	0.0014337267493829131
calibration_train/ece:	3.731250762939453e-05
calibration_train/brier:	9.651840571223147e-08
accuracy_train/task:	100.0
calibration_test/ece:	3.93986701965332e-05
calibration_test/brier:	1.0704000885652931e-07
accuracy_test/task:	100.0
accuracy_train/concepts:	100.0
map_train/concepts:	0.9998987350198958
accuracy_test/concepts:	100.0
map_test/concepts:	0.9996962348620096
accuracy_test/nuisances_task:	25.059999898076057
accuracy_test/nuisances_nontask:	45.0066652148962
mutual_inf_test/nuisances_task:	0.20090092707411694
mutual_inf_test/nuisances_nontask:	0.5230829890854798

Epoch 11
losses_train/task:	0.00015853976947255433
losses_train/concepts:	0.0023103582207113504
losses_train/total:	0.0024688963312655687
losses_test/task:	3.0201272238628007e-05
losses_test/concepts:	0.0004612474876921624
losses_test/total:	0.00049144885269925
calibration_test/ece:	3.0279159545898438e-05
calibration_test/brier:	4.512667572953433e-08
accuracy_test/task:	100.0
accuracy_test/concepts:	100.0
map_test/concepts:	0.9996962348620096

Epoch 12
losses_train/task:	0.00013412730186246336
losses_train/concepts:	0.0013293721713125706
losses_train/total:	0.0014634993858635426
losses_test/task:	3.4027350920950994e-05
losses_test/concepts:	0.00032850870047695935
losses_test/total:	0.0003625360841397196
calibration_test/ece:	3.3974647521972656e-05
calibration_test/brier:	1.4471014253558678e-07
accuracy_test/task:	100.0
accuracy_test/concepts:	100.0
map_test/concepts:	0.9996962348620096

Epoch 13
losses_train/task:	0.00014765172090847045
losses_train/concepts:	0.0016228402964770794
losses_train/total:	0.0017704922938719392
losses_test/task:	2.8025602659909055e-05
losses_test/concepts:	0.00033855493529699743
losses_test/total:	0.00036658052704297006
calibration_test/ece:	2.8073787689208984e-05
calibration_test/brier:	4.151065979840496e-08
accuracy_test/task:	100.0
accuracy_test/concepts:	100.0
map_test/concepts:	0.9996962348620096

Epoch 14
losses_train/task:	0.0001926709956023842
losses_train/concepts:	0.0028500459156930447
losses_train/total:	0.0030427181627601385
losses_test/task:	2.908230817411095e-05
losses_test/concepts:	0.00038228268385864794
losses_test/total:	0.0004113650938961655
calibration_test/ece:	2.9027462005615234e-05
calibration_test/brier:	7.6987348052171e-08
accuracy_test/task:	100.0
accuracy_test/concepts:	100.0
map_test/concepts:	0.9996962348620096

Epoch 15
losses_train/task:	0.00014678455772809684
losses_train/concepts:	0.001391220255754888
losses_train/total:	0.0015380049590021372
losses_test/task:	2.6156871172133833e-05
losses_test/concepts:	0.0003441738081164658
losses_test/total:	0.0003703308175317943
calibration_test/ece:	2.6047229766845703e-05
calibration_test/brier:	5.591313012587307e-08
accuracy_test/task:	100.0
accuracy_test/concepts:	100.0
map_test/concepts:	0.9996962348620096

Epoch 16
losses_train/task:	0.00011881926184287295
losses_train/concepts:	0.0010583448456600308
losses_train/total:	0.0011771641438826919
losses_test/task:	2.1694662791560404e-05
losses_test/concepts:	0.00027107170899398625
losses_test/total:	0.0002927664027083665
calibration_test/ece:	2.1696090698242188e-05
calibration_test/brier:	3.814299986970582e-08
accuracy_test/task:	100.0
accuracy_test/concepts:	100.0
map_test/concepts:	0.9996962348620096

Epoch 17
losses_train/task:	0.00010814004781423137
losses_train/concepts:	0.0011348287807777524
losses_train/total:	0.001242968486621976
losses_test/task:	2.1411604393506423e-05
losses_test/concepts:	0.00027368057635612786
losses_test/total:	0.00029509220621548593
calibration_test/ece:	2.1338462829589844e-05
calibration_test/brier:	1.9309917220766692e-08
accuracy_test/task:	100.0
accuracy_test/concepts:	100.0
map_test/concepts:	0.9996962348620096

Epoch 18
losses_train/task:	0.00013563642278313637
losses_train/concepts:	0.0010549852158874273
losses_train/total:	0.0011906200088560581
losses_test/task:	2.118254815286491e-05
losses_test/concepts:	0.00025248946622014046
losses_test/total:	0.0002736720780376345
calibration_test/ece:	2.1219253540039062e-05
calibration_test/brier:	3.354549349410263e-08
accuracy_test/task:	100.0
accuracy_test/concepts:	100.0
map_test/concepts:	0.9996962348620096

Epoch 19
losses_train/task:	0.0028654171619564295
losses_train/concepts:	0.046330902725458145
losses_train/total:	0.049196310341358185
losses_test/task:	5.0381178880343214e-05
losses_test/concepts:	0.0008465645951218903
losses_test/total:	0.0008969458867795765
calibration_test/ece:	5.036592483520508e-05
calibration_test/brier:	1.4566381878466927e-07
accuracy_test/task:	100.0
accuracy_test/concepts:	100.0
map_test/concepts:	0.9996962348620096

Epoch 20
losses_train/task:	0.00021937872224953026
losses_train/concepts:	0.0020149133633822203
losses_train/total:	0.0022342917509377003
losses_test/task:	3.566745363059454e-05
losses_test/concepts:	0.0004990631714463234
losses_test/total:	0.000534730963408947
calibration_train/ece:	3.421306610107422e-05
calibration_train/brier:	5.3125130961007017e-08
accuracy_train/task:	100.0
calibration_test/ece:	3.5703182220458984e-05
calibration_test/brier:	5.401969005447427e-08
accuracy_test/task:	100.0
accuracy_train/concepts:	100.0
map_train/concepts:	0.9998987449540032
accuracy_test/concepts:	100.0
map_test/concepts:	0.9996962348620096
accuracy_test/nuisances_task:	25.171666592359543
accuracy_test/nuisances_nontask:	46.31999917328358
mutual_inf_test/nuisances_task:	0.20595513108771457
mutual_inf_test/nuisances_nontask:	0.5428352141407784

Epoch 21
losses_train/task:	0.00016270001651719213
losses_train/concepts:	0.001512933406047523
losses_train/total:	0.0016756344120949507
losses_test/task:	3.340223338454962e-05
losses_test/concepts:	0.0004801117174793035
losses_test/total:	0.0005135138053447008
calibration_test/ece:	3.331899642944336e-05
calibration_test/brier:	4.773934847435157e-08
accuracy_test/task:	100.0
accuracy_test/concepts:	100.0
map_test/concepts:	0.9996962348620096

Epoch 22
losses_train/task:	0.00014120919513516128
losses_train/concepts:	0.001715628313831985
losses_train/total:	0.0018568377709016204
losses_test/task:	3.326025398564525e-05
losses_test/concepts:	0.00045292123104445636
losses_test/total:	0.0004861814377363771
calibration_test/ece:	3.331899642944336e-05
calibration_test/brier:	4.926323882159522e-08
accuracy_test/task:	100.0
accuracy_test/concepts:	100.0
map_test/concepts:	0.9996962348620096

Epoch 23
losses_train/task:	0.00014976122474763542
losses_train/concepts:	0.0018584429053589702
losses_train/total:	0.00200820155441761
losses_test/task:	3.511210888973437e-05
losses_test/concepts:	0.00044399334001354873
losses_test/total:	0.00047910527791827917
calibration_test/ece:	3.516674041748047e-05
calibration_test/brier:	4.3555100859293816e-08
accuracy_test/task:	100.0
accuracy_test/concepts:	100.0
map_test/concepts:	0.9996962348620096

Epoch 24
losses_train/task:	0.00013511751603800803
losses_train/concepts:	0.0016578544164076447
losses_train/total:	0.0017929711611941457
losses_test/task:	3.1939947803039104e-05
losses_test/concepts:	0.00042864884017035365
losses_test/total:	0.0004605887515936047
calibration_test/ece:	3.1948089599609375e-05
calibration_test/brier:	4.5623380628967425e-08
accuracy_test/task:	100.0
accuracy_test/concepts:	100.0
map_test/concepts:	0.9996962348620096

Epoch 25
losses_train/task:	0.00014333013677969575
losses_train/concepts:	0.001730495598167181
losses_train/total:	0.0018738256767392159
losses_test/task:	3.097165244980715e-05
losses_test/concepts:	0.00043042239849455655
losses_test/total:	0.0004613939963746816
calibration_test/ece:	3.0934810638427734e-05
calibration_test/brier:	3.474553267324154e-08
accuracy_test/task:	100.0
accuracy_test/concepts:	100.0
map_test/concepts:	0.9996962348620096

Epoch 26
losses_train/task:	0.0001545446430100128
losses_train/concepts:	0.001714738318696618
losses_train/total:	0.001869283034466207
losses_test/task:	2.9160410122130997e-05
losses_test/concepts:	0.00041934940963983536
losses_test/total:	0.0004485099343582988
calibration_test/ece:	2.9087066650390625e-05
calibration_test/brier:	3.046790908456387e-08
accuracy_test/task:	100.0
accuracy_test/concepts:	100.0
map_test/concepts:	0.9996962348620096

Epoch 27
losses_train/task:	0.00012496337876655161
losses_train/concepts:	0.0018791049951687455
losses_train/total:	0.002004070673137903
losses_test/task:	2.9425922548398376e-05
losses_test/concepts:	0.00041234379750676453
losses_test/total:	0.0004417697782628238
calibration_test/ece:	2.944469451904297e-05
calibration_test/brier:	3.428657890935938e-08
accuracy_test/task:	100.0
accuracy_test/concepts:	100.0
map_test/concepts:	0.9996962348620096

Epoch 28
losses_train/task:	0.0001243829174200073
losses_train/concepts:	0.0013536422047764063
losses_train/total:	0.0014780251076444983
losses_test/task:	2.902466439991258e-05
losses_test/concepts:	0.000390746135963127
losses_test/total:	0.0004197708622086793
calibration_test/ece:	2.9027462005615234e-05
calibration_test/brier:	3.2593806764680266e-08
accuracy_test/task:	100.0
accuracy_test/concepts:	100.0
map_test/concepts:	0.9996962348620096

Epoch 29
losses_train/task:	0.00013099760690238327
losses_train/concepts:	0.0015024489257484674
losses_train/total:	0.0016334466636180878
losses_test/task:	2.8856245990027674e-05
losses_test/concepts:	0.0003959313326049596
losses_test/total:	0.0004247876349836588
calibration_test/ece:	2.8908252716064453e-05
calibration_test/brier:	3.381172675176458e-08
accuracy_test/task:	100.0
accuracy_test/concepts:	100.0
map_test/concepts:	0.9996962348620096

Epoch 30
losses_train/task:	0.0001521122467238456
losses_train/concepts:	0.001530335401184857
losses_train/total:	0.0016824471531435847
losses_test/task:	2.7054029487771913e-05
losses_test/concepts:	0.0003698061336763203
losses_test/total:	0.000396860035834834
calibration_train/ece:	2.586841583251953e-05
calibration_train/brier:	3.011762217397518e-08
accuracy_train/task:	100.0
calibration_test/ece:	2.7060508728027344e-05
calibration_test/brier:	2.771616003371946e-08
accuracy_test/task:	100.0
accuracy_train/concepts:	100.0
map_train/concepts:	0.9998987482653724
accuracy_test/concepts:	100.0
map_test/concepts:	0.9996962348620096
accuracy_test/nuisances_task:	25.66000036895275
accuracy_test/nuisances_nontask:	44.74000297486782
mutual_inf_test/nuisances_task:	0.2127218778145567
mutual_inf_test/nuisances_nontask:	0.5326112505004075

Epoch 31
losses_train/task:	0.00016616066568531096
losses_train/concepts:	0.0015969194937497377
losses_train/total:	0.0017630786169320345
losses_test/task:	2.8730415579047985e-05
losses_test/concepts:	0.00038415289600379765
losses_test/total:	0.0004128832370042801
calibration_test/ece:	2.872943878173828e-05
calibration_test/brier:	3.239313883796058e-08
accuracy_test/task:	100.0
accuracy_test/concepts:	100.0
map_test/concepts:	0.9996962348620096

Epoch 32
losses_train/task:	0.00013116323680151254
losses_train/concepts:	0.0015097148716449738
losses_train/total:	0.0016408790834248066
losses_test/task:	2.811109516187571e-05
losses_test/concepts:	0.0003627258993219584
losses_test/total:	0.00039083691081032157
calibration_test/ece:	2.8192996978759766e-05
calibration_test/brier:	3.4517050551130524e-08
accuracy_test/task:	100.0
accuracy_test/concepts:	100.0
map_test/concepts:	0.9996962348620096

Epoch 33
losses_train/task:	0.00013264405424706638
losses_train/concepts:	0.0013746648328378797
losses_train/total:	0.0015073079848662019
losses_test/task:	2.8439309971872717e-05
losses_test/concepts:	0.00036636143340729177
losses_test/total:	0.00039480061968788505
calibration_test/ece:	2.8371810913085938e-05
calibration_test/brier:	2.5316079899084798e-08
accuracy_test/task:	100.0
accuracy_test/concepts:	100.0
map_test/concepts:	0.9996962348620096

Epoch 34
losses_train/task:	0.00011931540939258412
losses_train/concepts:	0.0012805332662537694
losses_train/total:	0.0013998482609167695
losses_test/task:	2.6333449568483047e-05
losses_test/concepts:	0.00037842104211449623
losses_test/total:	0.0004047545080538839
calibration_test/ece:	2.6226043701171875e-05
calibration_test/brier:	2.6327372282253236e-08
accuracy_test/task:	100.0
accuracy_test/concepts:	100.0
map_test/concepts:	0.9996962348620096

Epoch 35
losses_train/task:	0.00014469012967310846
losses_train/concepts:	0.0014857350615784526
losses_train/total:	0.0016304252203553915
losses_test/task:	2.767064142972231e-05
losses_test/concepts:	0.0003492111572995782
losses_test/total:	0.00037688176962547004
calibration_test/ece:	2.771615982055664e-05
calibration_test/brier:	3.003080806252001e-08
accuracy_test/task:	100.0
accuracy_test/concepts:	100.0
map_test/concepts:	0.9996962348620096

Epoch 36
losses_train/task:	0.00011718118184944615
losses_train/concepts:	0.0013504649978131056
losses_train/total:	0.0014676458667963743
losses_test/task:	2.865165879484266e-05
losses_test/concepts:	0.0003397282271180302
losses_test/total:	0.00036837992956861854
calibration_test/ece:	2.866983413696289e-05
calibration_test/brier:	3.851453556080742e-08
accuracy_test/task:	100.0
accuracy_test/concepts:	100.0
map_test/concepts:	0.9996962348620096

Epoch 37
losses_train/task:	0.00012974507990293205
losses_train/concepts:	0.0015568681992590427
losses_train/total:	0.001686612842604518
losses_test/task:	3.1784395105205476e-05
losses_test/concepts:	0.0003667674900498241
losses_test/total:	0.0003985519870184362
calibration_test/ece:	3.17692756652832e-05
calibration_test/brier:	4.659890961988822e-08
accuracy_test/task:	100.0
accuracy_test/concepts:	100.0
map_test/concepts:	0.9996962348620096

Epoch 38
losses_train/task:	0.0001207570603583008
losses_train/concepts:	0.0012381357373669744
losses_train/total:	0.001358893932774663
losses_test/task:	2.7169007807970047e-05
losses_test/concepts:	0.00031662636320106685
losses_test/total:	0.0003437953710090369
calibration_test/ece:	2.7239322662353516e-05
calibration_test/brier:	2.452532399388474e-08
accuracy_test/task:	100.0
accuracy_test/concepts:	100.0
map_test/concepts:	0.9996962348620096

Epoch 39
losses_train/task:	0.00011462994734756649
losses_train/concepts:	0.0012527802027761936
losses_train/total:	0.0013674109941348433
losses_test/task:	2.5921266569639556e-05
losses_test/concepts:	0.00032656293478794396
losses_test/total:	0.0003524842904880643
calibration_test/ece:	2.5987625122070312e-05
calibration_test/brier:	2.1260976978965118e-08
accuracy_test/task:	100.0
accuracy_test/concepts:	100.0
map_test/concepts:	0.9996962348620096

Epoch 40
losses_train/task:	0.00012242060620337725
losses_train/concepts:	0.0012608112301677465
losses_train/total:	0.0013832314871251583
losses_test/task:	2.8047774321748875e-05
losses_test/concepts:	0.000330623472109437
losses_test/total:	0.0003586712700780481
calibration_train/ece:	2.586841583251953e-05
calibration_train/brier:	3.1233089003990244e-08
accuracy_train/task:	100.0
calibration_test/ece:	2.8133392333984375e-05
calibration_test/brier:	3.973046958094528e-08
accuracy_test/task:	100.0
accuracy_train/concepts:	100.0
map_train/concepts:	0.9998987449540032
accuracy_test/concepts:	100.0
map_test/concepts:	0.9996962348620096
accuracy_test/nuisances_task:	25.48166699707508
accuracy_test/nuisances_nontask:	44.02666576206684
mutual_inf_test/nuisances_task:	0.20663740243157142
mutual_inf_test/nuisances_nontask:	0.5219959375543345

Epoch 41
losses_train/task:	0.00013186034630052745
losses_train/concepts:	0.0014073335332795978
losses_train/total:	0.0015391942579299212
losses_test/task:	2.3447164494427852e-05
losses_test/concepts:	0.00031184477848000824
losses_test/total:	0.00033529201755300164
calibration_test/ece:	2.3424625396728516e-05
calibration_test/brier:	2.0607313189202614e-08
accuracy_test/task:	100.0
accuracy_test/concepts:	100.0
map_test/concepts:	0.9996962348620096

Epoch 42
losses_train/task:	0.0001180801700684242
losses_train/concepts:	0.0012043279130011797
losses_train/total:	0.001322408439591527
losses_test/task:	2.5731855203048326e-05
losses_test/concepts:	0.0003188406699337065
losses_test/total:	0.0003445725596975535
calibration_test/ece:	2.580881118774414e-05
calibration_test/brier:	2.1857022858284836e-08
accuracy_test/task:	100.0
accuracy_test/concepts:	100.0
map_test/concepts:	0.9996962348620096

Epoch 43
losses_train/task:	0.00012245886318851262
losses_train/concepts:	0.0014355097664520144
losses_train/total:	0.00155796913895756
losses_test/task:	3.284127888036892e-05
losses_test/concepts:	0.00031710072653368115
losses_test/total:	0.0003499421291053295
calibration_test/ece:	3.2842159271240234e-05
calibration_test/brier:	5.3977966985030434e-08
accuracy_test/task:	100.0
accuracy_test/concepts:	100.0
map_test/concepts:	0.9996962348620096

Epoch 44
losses_train/task:	0.00010742062295321375
losses_train/concepts:	0.001479446073062718
losses_train/total:	0.0015868664486333728
losses_test/task:	2.5780116629903205e-05
losses_test/concepts:	0.0003363557334523648
losses_test/total:	0.0003621359064709395
calibration_test/ece:	2.580881118774414e-05
calibration_test/brier:	2.0994741944946327e-08
accuracy_test/task:	100.0
accuracy_test/concepts:	100.0
map_test/concepts:	0.9996962348620096

Epoch 45
losses_train/task:	0.00010331441444577649
losses_train/concepts:	0.0012537080328911543
losses_train/total:	0.0013570222072303295
losses_test/task:	2.7287020202493295e-05
losses_test/concepts:	0.0003223537059966475
losses_test/total:	0.00034964075894095004
calibration_test/ece:	2.7239322662353516e-05
calibration_test/brier:	4.126628283529499e-08
accuracy_test/task:	100.0
accuracy_test/concepts:	100.0
map_test/concepts:	0.9996962348620096

Epoch 46
losses_train/task:	0.00011637923307716846
losses_train/concepts:	0.0010949606075882912
losses_train/total:	0.0012113391421735287
losses_test/task:	2.475519613653887e-05
losses_test/concepts:	0.0003173750883433968
losses_test/total:	0.00034213028266094625
calibration_test/ece:	2.473592758178711e-05
calibration_test/brier:	2.8008223296183132e-08
accuracy_test/task:	100.0
accuracy_test/concepts:	100.0
map_test/concepts:	0.9996962348620096

Epoch 47
losses_train/task:	0.00011486778385005891
losses_train/concepts:	0.0012261400697752833
losses_train/total:	0.0013410085812211037
losses_test/task:	2.2411850295611657e-05
losses_test/concepts:	0.00032395528978668153
losses_test/total:	0.0003463668981567025
calibration_test/ece:	2.2411346435546875e-05
calibration_test/brier:	2.005298860296989e-08
accuracy_test/task:	100.0
accuracy_test/concepts:	100.0
map_test/concepts:	0.9996962348620096

Epoch 48
losses_train/task:	0.00012744397099595517
losses_train/concepts:	0.0012035699328407645
losses_train/total:	0.0013310149079188704
losses_test/task:	2.4599186872364953e-05
losses_test/concepts:	0.0003217216581106186
losses_test/total:	0.0003463207685854286
calibration_test/ece:	2.467632293701172e-05
calibration_test/brier:	2.108812324763676e-08
accuracy_test/task:	100.0
accuracy_test/concepts:	100.0
map_test/concepts:	0.9996962348620096

Epoch 49
losses_train/task:	0.00012024946772726253
losses_train/concepts:	0.0011412383755668998
losses_train/total:	0.0012614877196028829
losses_test/task:	2.3665119442739524e-05
losses_test/concepts:	0.00032079548691399395
losses_test/total:	0.00034446059726178646
calibration_test/ece:	2.3543834686279297e-05
calibration_test/brier:	2.4908780815735554e-08
accuracy_test/task:	100.0
accuracy_test/concepts:	100.0
map_test/concepts:	0.9996962348620096

Epoch 50
losses_train/task:	0.00011580288992263377
losses_train/concepts:	0.0011655674315989017
losses_train/total:	0.0012813704088330269
losses_test/task:	2.511989077902399e-05
losses_test/concepts:	0.0003011397202499211
losses_test/total:	0.0003262596146669239
calibration_train/ece:	2.378225326538086e-05
calibration_train/brier:	1.8283994762668954e-08
accuracy_train/task:	100.0
calibration_test/ece:	2.5212764739990234e-05
calibration_test/brier:	1.8793343770084903e-08
accuracy_test/task:	100.0
accuracy_train/concepts:	100.0
map_train/concepts:	0.9998987515767416
accuracy_test/concepts:	100.0
map_test/concepts:	0.9996962348620096
accuracy_test/nuisances_task:	25.38333460688591
accuracy_test/nuisances_nontask:	45.54666578769684
mutual_inf_test/nuisances_task:	0.21008168090703938
mutual_inf_test/nuisances_nontask:	0.53578817819167

epoch_50.pt
Skipping interventions: model 'cem' is not intervenable
[1;34mwandb[0m:
[1;34mwandb[0m: You can sync this run to the cloud by running:
[1;34mwandb[0m: [1mwandb sync /research/hal-afsharim/minimal_cbm/results/shapes3d-cem/43/wandb/offline-run-20260725_175311-hn85j4xk[0m
[1;34mwandb[0m: Find logs at: [1;35mresults/shapes3d-cem/43/wandb/offline-run-20260725_175311-hn85j4xk/logs[0m
