
===== launch 2026-07-25 06:43:54.896836 gpu5 =====
wandb: Using wandb-core as the SDK backend.  Please refer to https://wandb.me/wandb-core for more information.
wandb: Tracking run with wandb version 0.19.0
wandb: W&B syncing is set to `offline` in this directory.  
wandb: Run `wandb online` or set WANDB_MODE=online to enable cloud syncing.

===== launch 2026-07-25 09:45:37.052274 gpu5 =====
wandb: Using wandb-core as the SDK backend.  Please refer to https://wandb.me/wandb-core for more information.
wandb: Tracking run with wandb version 0.19.0
wandb: W&B syncing is set to `offline` in this directory.  
wandb: Run `wandb online` or set WANDB_MODE=online to enable cloud syncing.

===== launch 2026-07-25 16:31:27.503361 gpu4 =====
wandb: Using wandb-core as the SDK backend.  Please refer to https://wandb.me/wandb-core for more information.
wandb: Tracking run with wandb version 0.19.0
wandb: W&B syncing is set to `offline` in this directory.  
wandb: Run `wandb online` or set WANDB_MODE=online to enable cloud syncing.
Epoch 1
losses_train/task:	1.3935654163360596
losses_train/concepts:	11.320394515991211
losses_train/representations:	6.441769599914551
losses_train/total:	44.92277526855469
losses_test/task:	1.3894516229629517
losses_test/concepts:	8.455789566040039
losses_test/representations:	7.447721004486084
losses_test/total:	47.08382034301758
calibration_test/ece:	0.03686525300145149
calibration_test/brier:	0.7516175508499146
accuracy_test/task:	24.466666666666665
accuracy_test/concepts:	94.87925720214844
map_test/concepts:	0.8660146651996506

Epoch 2
losses_train/task:	1.3849040269851685
losses_train/concepts:	1.217187523841858
losses_train/representations:	0.7285258769989014
losses_train/total:	6.244723320007324
losses_test/task:	1.3829083442687988
losses_test/concepts:	0.14592768251895905
losses_test/representations:	0.13117243349552155
losses_test/total:	2.1846988201141357
calibration_test/ece:	0.02380569465458393
calibration_test/brier:	0.7483634352684021
accuracy_test/task:	27.34
accuracy_test/concepts:	100.0
map_test/concepts:	0.999696198436949

Epoch 3
losses_train/task:	1.3826839923858643
losses_train/concepts:	0.3037413954734802
losses_train/representations:	0.13743294775485992
losses_train/total:	2.3735909461975098
losses_test/task:	1.3775144815444946
losses_test/concepts:	0.08299296349287033
losses_test/representations:	0.04880461469292641
losses_test/total:	1.7045307159423828
calibration_test/ece:	0.02085997723042965
calibration_test/brier:	0.745578944683075
accuracy_test/task:	30.053333333333335
accuracy_test/concepts:	100.0
map_test/concepts:	0.999696198436949

Epoch 4
losses_train/task:	1.3813133239746094
losses_train/concepts:	0.24833624064922333
losses_train/representations:	0.1071162223815918
losses_train/total:	2.1652309894561768
losses_test/task:	1.3783079385757446
losses_test/concepts:	0.05873794108629227
losses_test/representations:	0.027475859969854355
losses_test/total:	1.5744247436523438
calibration_test/ece:	0.008389296010136604
calibration_test/brier:	0.7458946108818054
accuracy_test/task:	29.363333333333333
accuracy_test/concepts:	100.0
map_test/concepts:	0.999696198436949

Epoch 5
losses_train/task:	1.380368947982788
losses_train/concepts:	0.19802325963974
losses_train/representations:	0.07424695789813995
losses_train/total:	1.9496268033981323
losses_test/task:	1.377355933189392
losses_test/concepts:	0.04547150060534477
losses_test/representations:	0.04127446189522743
losses_test/total:	1.629199504852295
calibration_test/ece:	0.007886700332164764
calibration_test/brier:	0.7454866766929626
accuracy_test/task:	29.41
accuracy_test/concepts:	100.0
map_test/concepts:	0.999696198436949

Epoch 6
losses_train/task:	1.3800013065338135
losses_train/concepts:	0.19096732139587402
losses_train/representations:	0.06300915777683258
losses_train/total:	1.886012315750122
losses_test/task:	1.3762413263320923
losses_test/concepts:	0.03697289153933525
losses_test/representations:	0.02673456445336342
losses_test/total:	1.5468863248825073
calibration_test/ece:	0.01463385485112667
calibration_test/brier:	0.7448666095733643
accuracy_test/task:	30.09
accuracy_test/concepts:	100.0
map_test/concepts:	0.999696198436949

Epoch 7
losses_train/task:	1.379217505455017
losses_train/concepts:	0.17221342027187347
losses_train/representations:	0.05050809308886528
losses_train/total:	1.8039711713790894
losses_test/task:	1.3767130374908447
losses_test/concepts:	0.03126371651887894
losses_test/representations:	0.025910640135407448
losses_test/total:	1.5375310182571411
calibration_test/ece:	0.013750565238296986
calibration_test/brier:	0.745090901851654
accuracy_test/task:	29.883333333333333
accuracy_test/concepts:	100.0
map_test/concepts:	0.999696198436949

Epoch 8
losses_train/task:	1.3783798217773438
losses_train/concepts:	0.166945219039917
losses_train/representations:	0.04363718256354332
losses_train/total:	1.7635107040405273
losses_test/task:	1.3757529258728027
losses_test/concepts:	0.027005361393094063
losses_test/representations:	0.029253585264086723
losses_test/total:	1.5490256547927856
calibration_test/ece:	0.01277487725019455
calibration_test/brier:	0.7446537017822266
accuracy_test/task:	30.0
accuracy_test/concepts:	100.0
map_test/concepts:	0.999696198436949

Epoch 9
losses_train/task:	1.37850022315979
losses_train/concepts:	0.1615419238805771
losses_train/representations:	0.037993889302015305
losses_train/total:	1.730012059211731
losses_test/task:	1.3754515647888184
losses_test/concepts:	0.02393435686826706
losses_test/representations:	0.03893190994858742
losses_test/total:	1.5940454006195068
calibration_test/ece:	0.0111513277515769
calibration_test/brier:	0.7444889545440674
accuracy_test/task:	30.076666666666668
accuracy_test/concepts:	100.0
map_test/concepts:	0.999696198436949

Epoch 10
losses_train/task:	1.3782285451889038
losses_train/concepts:	0.15427203476428986
losses_train/representations:	0.03441367670893669
losses_train/total:	1.7045674324035645
losses_test/task:	1.3756905794143677
losses_test/concepts:	0.021541453897953033
losses_test/representations:	0.015311670489609241
losses_test/total:	1.4737900495529175
calibration_train/ece:	0.012785122729837894
calibration_train/brier:	0.7438778877258301
accuracy_train/task:	30.134246088193457
calibration_test/ece:	0.014790822751820087
calibration_test/brier:	0.7446458339691162
accuracy_test/task:	30.03
accuracy_train/concepts:	100.0
map_train/concepts:	0.9998987350198958
accuracy_test/concepts:	100.0
map_test/concepts:	0.999696198436949
accuracy_test/nuisances_task:	0.22499971091747284
accuracy_test/nuisances_nontask:	0.21333321928977966
mutual_inf_test/nuisances_task:	5.6831964328096785e-05
mutual_inf_test/nuisances_nontask:	-2.9945430920608196e-05

Epoch 11
losses_train/task:	1.3781323432922363
losses_train/concepts:	0.14467613399028778
losses_train/representations:	0.03124815784394741
losses_train/total:	1.6790481805801392
losses_test/task:	1.374794363975525
losses_test/concepts:	0.01950099505484104
losses_test/representations:	0.016744321212172508
losses_test/total:	1.4780175685882568
calibration_test/ece:	0.014329019002616405
calibration_test/brier:	0.7441442608833313
accuracy_test/task:	30.44
accuracy_test/concepts:	100.0
map_test/concepts:	0.999696198436949

Epoch 12
losses_train/task:	1.377620816230774
losses_train/concepts:	0.1460793912410736
losses_train/representations:	0.027661273255944252
losses_train/total:	1.6620062589645386
losses_test/task:	1.3751088380813599
losses_test/concepts:	0.017877334728837013
losses_test/representations:	0.01712183654308319
losses_test/total:	1.4785948991775513
calibration_test/ece:	0.005832846276462078
calibration_test/brier:	0.7443225979804993
accuracy_test/task:	29.716666666666665
accuracy_test/concepts:	100.0
map_test/concepts:	0.999696198436949

Epoch 13
losses_train/task:	1.3776251077651978
losses_train/concepts:	0.14153794944286346
losses_train/representations:	0.025039512664079666
losses_train/total:	1.6443604230880737
losses_test/task:	1.3748503923416138
losses_test/concepts:	0.016576677560806274
losses_test/representations:	0.014872812665998936
losses_test/total:	1.465790867805481
calibration_test/ece:	0.01673826389014721
calibration_test/brier:	0.7442103624343872
accuracy_test/task:	30.543333333333333
accuracy_test/concepts:	100.0
map_test/concepts:	0.999696198436949

Epoch 14
losses_train/task:	1.377508282661438
losses_train/concepts:	0.14123959839344025
losses_train/representations:	0.024243440479040146
losses_train/total:	1.6399660110473633
losses_test/task:	1.3747320175170898
losses_test/concepts:	0.015404727309942245
losses_test/representations:	0.01716231182217598
losses_test/total:	1.4759485721588135
calibration_test/ece:	0.011089357547461987
calibration_test/brier:	0.7441576719284058
accuracy_test/task:	30.133333333333333
accuracy_test/concepts:	100.0
map_test/concepts:	0.999696198436949

Epoch 15
losses_train/task:	1.3771030902862549
losses_train/concepts:	0.14095954596996307
losses_train/representations:	0.02323910780251026
losses_train/total:	1.6342599391937256
losses_test/task:	1.3746706247329712
losses_test/concepts:	0.014401045627892017
losses_test/representations:	0.012032117694616318
losses_test/total:	1.4492319822311401
calibration_test/ece:	0.00782718788832426
calibration_test/brier:	0.7441186904907227
accuracy_test/task:	29.856666666666666
accuracy_test/concepts:	100.0
map_test/concepts:	0.999696198436949

Epoch 16
losses_train/task:	1.3773871660232544
losses_train/concepts:	0.14119139313697815
losses_train/representations:	0.02164558693766594
losses_train/total:	1.626806378364563
losses_test/task:	1.3739562034606934
losses_test/concepts:	0.013516929000616074
losses_test/representations:	0.008300324901938438
losses_test/total:	1.4289747476577759
calibration_test/ece:	0.006345043890178204
calibration_test/brier:	0.7437691688537598
accuracy_test/task:	29.906666666666666
accuracy_test/concepts:	100.0
map_test/concepts:	0.999696198436949

Epoch 17
losses_train/task:	1.3772352933883667
losses_train/concepts:	0.1401285082101822
losses_train/representations:	0.020284196361899376
losses_train/total:	1.6187835931777954
losses_test/task:	1.3746668100357056
losses_test/concepts:	0.012792556546628475
losses_test/representations:	0.011194336228072643
losses_test/total:	1.4434306621551514
calibration_test/ece:	0.009452911093831062
calibration_test/brier:	0.744132936000824
accuracy_test/task:	30.046666666666667
accuracy_test/concepts:	100.0
map_test/concepts:	0.999696198436949

Epoch 18
losses_train/task:	1.3769601583480835
losses_train/concepts:	0.1361081302165985
losses_train/representations:	0.01891893707215786
losses_train/total:	1.6076626777648926
losses_test/task:	1.3740386962890625
losses_test/concepts:	0.012171048671007156
losses_test/representations:	0.010002217255532742
losses_test/total:	1.4362214803695679
calibration_test/ece:	0.013134188950061798
calibration_test/brier:	0.7438358068466187
accuracy_test/task:	30.51
accuracy_test/concepts:	100.0
map_test/concepts:	0.999696198436949

Epoch 19
losses_train/task:	1.3771257400512695
losses_train/concepts:	0.1303519904613495
losses_train/representations:	0.01826142705976963
losses_train/total:	1.5987846851348877
losses_test/task:	1.3746304512023926
losses_test/concepts:	0.011481163091957569
losses_test/representations:	0.011707448400557041
losses_test/total:	1.444649338722229
calibration_test/ece:	0.006151343695819378
calibration_test/brier:	0.7441222071647644
accuracy_test/task:	29.636666666666667
accuracy_test/concepts:	100.0
map_test/concepts:	0.999696198436949

Epoch 20
losses_train/task:	1.3767883777618408
losses_train/concepts:	0.13462740182876587
losses_train/representations:	0.016410963609814644
losses_train/total:	1.593470573425293
losses_test/task:	1.374437928199768
losses_test/concepts:	0.011002594605088234
losses_test/representations:	0.007357004098594189
losses_test/total:	1.4222248792648315
calibration_train/ece:	0.004737017676234245
calibration_train/brier:	0.7433184385299683
accuracy_train/task:	30.256490042674255
calibration_test/ece:	0.003530763788148761
calibration_test/brier:	0.7440353631973267
accuracy_test/task:	30.083333333333332
accuracy_train/concepts:	100.0
map_train/concepts:	0.999898741642634
accuracy_test/concepts:	100.0
map_test/concepts:	0.999696198436949
accuracy_test/nuisances_task:	-0.11333301663398743
accuracy_test/nuisances_nontask:	0.32999999821186066
mutual_inf_test/nuisances_task:	8.567053971159089e-05
mutual_inf_test/nuisances_nontask:	-3.772725809036981e-05

Epoch 21
losses_train/task:	1.3760433197021484
losses_train/concepts:	0.1319197118282318
losses_train/representations:	0.008521635085344315
losses_train/total:	1.5505698919296265
losses_test/task:	1.3737167119979858
losses_test/concepts:	0.010947496630251408
losses_test/representations:	0.0039978595450520515
losses_test/total:	1.4046533107757568
calibration_test/ece:	0.0036226403899490833
calibration_test/brier:	0.7436627745628357
accuracy_test/task:	29.936666666666667
accuracy_test/concepts:	100.0
map_test/concepts:	0.999696198436949

Epoch 22
losses_train/task:	1.375734806060791
losses_train/concepts:	0.12409554421901703
losses_train/representations:	0.008238229900598526
losses_train/total:	1.5410218238830566
losses_test/task:	1.3736741542816162
losses_test/concepts:	0.010897851549088955
losses_test/representations:	0.0038348252419382334
losses_test/total:	1.4037461280822754
calibration_test/ece:	0.0070867594331502914
calibration_test/brier:	0.7436416149139404
accuracy_test/task:	30.30666666666667
accuracy_test/concepts:	100.0
map_test/concepts:	0.999696198436949

Epoch 23
losses_train/task:	1.375375509262085
losses_train/concepts:	0.12533733248710632
losses_train/representations:	0.008004657924175262
losses_train/total:	1.540736198425293
losses_test/task:	1.3736952543258667
losses_test/concepts:	0.01084788329899311
losses_test/representations:	0.0031178572680801153
losses_test/total:	1.4001319408416748
calibration_test/ece:	0.006999398116022348
calibration_test/brier:	0.7436512112617493
accuracy_test/task:	30.273333333333333
accuracy_test/concepts:	100.0
map_test/concepts:	0.999696198436949

Epoch 24
losses_train/task:	1.375864863395691
losses_train/concepts:	0.12885403633117676
losses_train/representations:	0.0078107016161084175
losses_train/total:	1.5437719821929932
losses_test/task:	1.373658537864685
losses_test/concepts:	0.010804546996951103
losses_test/representations:	0.002662635175511241
losses_test/total:	1.3977758884429932
calibration_test/ece:	0.006356063764542341
calibration_test/brier:	0.7436341047286987
accuracy_test/task:	30.17
accuracy_test/concepts:	100.0
map_test/concepts:	0.999696198436949

Epoch 25
losses_train/task:	1.3758047819137573
losses_train/concepts:	0.14098301529884338
losses_train/representations:	0.008183254860341549
losses_train/total:	1.557704210281372
losses_test/task:	1.373637080192566
losses_test/concepts:	0.010741176083683968
losses_test/representations:	0.003979251254349947
losses_test/total:	1.4042751789093018
calibration_test/ece:	0.004888568073511124
calibration_test/brier:	0.743622899055481
accuracy_test/task:	30.086666666666666
accuracy_test/concepts:	100.0
map_test/concepts:	0.999696198436949

Epoch 26
losses_train/task:	1.3757600784301758
losses_train/concepts:	0.1274196356534958
losses_train/representations:	0.007865983992815018
losses_train/total:	1.542509913444519
losses_test/task:	1.373670220375061
losses_test/concepts:	0.010691944509744644
losses_test/representations:	0.0026482385583221912
losses_test/total:	1.397603988647461
calibration_test/ece:	0.007949544116854668
calibration_test/brier:	0.7436333894729614
accuracy_test/task:	30.333333333333332
accuracy_test/concepts:	100.0
map_test/concepts:	0.999696198436949

Epoch 27
losses_train/task:	1.375292181968689
losses_train/concepts:	0.12773028016090393
losses_train/representations:	0.007613270077854395
losses_train/total:	1.5410878658294678
losses_test/task:	1.3735588788986206
losses_test/concepts:	0.010646751150488853
losses_test/representations:	0.002598650986328721
losses_test/total:	1.3971995115280151
calibration_test/ece:	0.005668136291205883
calibration_test/brier:	0.7435775399208069
accuracy_test/task:	30.153333333333332
accuracy_test/concepts:	100.0
map_test/concepts:	0.999696198436949

Epoch 28
losses_train/task:	1.3753688335418701
losses_train/concepts:	0.12428317219018936
losses_train/representations:	0.007545045111328363
losses_train/total:	1.5373774766921997
losses_test/task:	1.373497486114502
losses_test/concepts:	0.01059802807867527
losses_test/representations:	0.003789918264374137
losses_test/total:	1.4030455350875854
calibration_test/ece:	0.006594081409275532
calibration_test/brier:	0.7435483336448669
accuracy_test/task:	30.28
accuracy_test/concepts:	100.0
map_test/concepts:	0.999696198436949

Epoch 29
losses_train/task:	1.3756108283996582
losses_train/concepts:	0.1258150041103363
losses_train/representations:	0.007448097225278616
losses_train/total:	1.538666009902954
losses_test/task:	1.3735791444778442
losses_test/concepts:	0.01054668053984642
losses_test/representations:	0.0035384742077440023
losses_test/total:	1.4018185138702393
calibration_test/ece:	0.008455881848931313
calibration_test/brier:	0.7435895800590515
accuracy_test/task:	30.45
accuracy_test/concepts:	100.0
map_test/concepts:	0.999696198436949

Epoch 30
losses_train/task:	1.3759276866912842
losses_train/concepts:	0.13107140362262726
losses_train/representations:	0.007702188566327095
losses_train/total:	1.5455090999603271
losses_test/task:	1.3735206127166748
losses_test/concepts:	0.01049888227134943
losses_test/representations:	0.0036677757743746042
losses_test/total:	1.4023585319519043
calibration_train/ece:	0.007487876806408167
calibration_train/brier:	0.7428200840950012
accuracy_train/task:	30.37984530583215
calibration_test/ece:	0.0067971800453960896
calibration_test/brier:	0.7435606122016907
accuracy_test/task:	30.21
accuracy_train/concepts:	100.0
map_train/concepts:	0.999898738331265
accuracy_test/concepts:	100.0
map_test/concepts:	0.999696198436949
accuracy_test/nuisances_task:	-0.10333359241485596
accuracy_test/nuisances_nontask:	0.1666668802499771
mutual_inf_test/nuisances_task:	-2.0841519141612252e-06
mutual_inf_test/nuisances_nontask:	-1.3624856349370162e-05

Epoch 31
losses_train/task:	1.3750555515289307
losses_train/concepts:	0.1284860372543335
losses_train/representations:	0.007302224636077881
losses_train/total:	1.540052056312561
losses_test/task:	1.373573660850525
losses_test/concepts:	0.01045215968042612
losses_test/representations:	0.002342997118830681
losses_test/total:	1.3957405090332031
calibration_test/ece:	0.009749067947268486
calibration_test/brier:	0.7435910701751709
accuracy_test/task:	30.59
accuracy_test/concepts:	100.0
map_test/concepts:	0.999696198436949

Epoch 32
losses_train/task:	1.3755741119384766
losses_train/concepts:	0.1276020109653473
losses_train/representations:	0.0072515313513576984
losses_train/total:	1.5394333600997925
losses_test/task:	1.373477816581726
losses_test/concepts:	0.01039558369666338
losses_test/representations:	0.0034451503306627274
losses_test/total:	1.4010989665985107
calibration_test/ece:	0.005160474218428135
calibration_test/brier:	0.7435435652732849
accuracy_test/task:	30.16
accuracy_test/concepts:	100.0
map_test/concepts:	0.999696198436949

Epoch 33
losses_train/task:	1.375196099281311
losses_train/concepts:	0.1316131055355072
losses_train/representations:	0.007271386217325926
losses_train/total:	1.5431658029556274
losses_test/task:	1.3733984231948853
losses_test/concepts:	0.010351975448429585
losses_test/representations:	0.0040928516536951065
losses_test/total:	1.4042143821716309
calibration_test/ece:	0.0032776324078440666
calibration_test/brier:	0.7435030341148376
accuracy_test/task:	30.036666666666665
accuracy_test/concepts:	100.0
map_test/concepts:	0.999696198436949

Epoch 34
losses_train/task:	1.3759652376174927
losses_train/concepts:	0.13019044697284698
losses_train/representations:	0.007307271007448435
losses_train/total:	1.542691946029663
losses_test/task:	1.3733967542648315
losses_test/concepts:	0.010301669128239155
losses_test/representations:	0.0032728873193264008
losses_test/total:	1.4000637531280518
calibration_test/ece:	0.00401714164763689
calibration_test/brier:	0.7435057163238525
accuracy_test/task:	30.036666666666665
accuracy_test/concepts:	100.0
map_test/concepts:	0.999696198436949

Epoch 35
losses_train/task:	1.374916434288025
losses_train/concepts:	0.131948322057724
losses_train/representations:	0.007226703688502312
losses_train/total:	1.5429975986480713
losses_test/task:	1.3734699487686157
losses_test/concepts:	0.010262886062264442
losses_test/representations:	0.003893718123435974
losses_test/total:	1.403200387954712
calibration_test/ece:	0.006442435551434755
calibration_test/brier:	0.7435421347618103
accuracy_test/task:	30.053333333333335
accuracy_test/concepts:	100.0
map_test/concepts:	0.999696198436949

Epoch 36
losses_train/task:	1.3749099969863892
losses_train/concepts:	0.1262916922569275
losses_train/representations:	0.007153836544603109
losses_train/total:	1.5369704961776733
losses_test/task:	1.373339295387268
losses_test/concepts:	0.010208754800260067
losses_test/representations:	0.003912297077476978
losses_test/total:	1.403108835220337
calibration_test/ece:	0.0036761804949492216
calibration_test/brier:	0.7434777617454529
accuracy_test/task:	30.066666666666666
accuracy_test/concepts:	100.0
map_test/concepts:	0.999696198436949

Epoch 37
losses_train/task:	1.3755933046340942
losses_train/concepts:	0.13319741189479828
losses_train/representations:	0.007252270355820656
losses_train/total:	1.5450526475906372
losses_test/task:	1.3734670877456665
losses_test/concepts:	0.010164649225771427
losses_test/representations:	0.0036670502740889788
losses_test/total:	1.4019660949707031
calibration_test/ece:	0.00862849410623312
calibration_test/brier:	0.7435317635536194
accuracy_test/task:	30.516666666666666
accuracy_test/concepts:	100.0
map_test/concepts:	0.999696198436949

Epoch 38
losses_train/task:	1.3750046491622925
losses_train/concepts:	0.12546725571155548
losses_train/representations:	0.006881739012897015
losses_train/total:	1.534880518913269
losses_test/task:	1.3733878135681152
losses_test/concepts:	0.010122604668140411
losses_test/representations:	0.0048730215057730675
losses_test/total:	1.4078749418258667
calibration_test/ece:	0.006187467835843563
calibration_test/brier:	0.7434969544410706
accuracy_test/task:	30.31
accuracy_test/concepts:	100.0
map_test/concepts:	0.999696198436949

Epoch 39
losses_train/task:	1.3750932216644287
losses_train/concepts:	0.13104237616062164
losses_train/representations:	0.007109307684004307
losses_train/total:	1.5416826009750366
losses_test/task:	1.3734338283538818
losses_test/concepts:	0.010076998732984066
losses_test/representations:	0.0024161129258573055
losses_test/total:	1.395591139793396
calibration_test/ece:	0.0060863918624818325
calibration_test/brier:	0.7435201406478882
accuracy_test/task:	30.27
accuracy_test/concepts:	100.0
map_test/concepts:	0.999696198436949

Epoch 40
losses_train/task:	1.3749809265136719
losses_train/concepts:	0.1288040429353714
losses_train/representations:	0.007134475279599428
losses_train/total:	1.5394576787948608
losses_test/task:	1.3734349012374878
losses_test/concepts:	0.010039756074547768
losses_test/representations:	0.003970748744904995
losses_test/total:	1.4033291339874268
calibration_train/ece:	0.006496482063084841
calibration_train/brier:	0.7427698969841003
accuracy_train/task:	30.37206614509246
calibration_test/ece:	0.003591744462028146
calibration_test/brier:	0.7435212135314941
accuracy_test/task:	30.07
accuracy_train/concepts:	100.0
map_train/concepts:	0.999898741642634
accuracy_test/concepts:	100.0
map_test/concepts:	0.999696198436949
accuracy_test/nuisances_task:	0.02666674554347992
accuracy_test/nuisances_nontask:	0.3333333879709244
mutual_inf_test/nuisances_task:	4.5799090130971276e-05
mutual_inf_test/nuisances_nontask:	-5.170062831461042e-05

Epoch 41
losses_train/task:	1.3746201992034912
losses_train/concepts:	0.12300538271665573
losses_train/representations:	0.006111469119787216
losses_train/total:	1.5281838178634644
losses_test/task:	1.3733865022659302
losses_test/concepts:	0.010036423802375793
losses_test/representations:	0.002956551034003496
losses_test/total:	1.3982064723968506
calibration_test/ece:	0.005964142736047506
calibration_test/brier:	0.7434998154640198
accuracy_test/task:	30.313333333333333
accuracy_test/concepts:	100.0
map_test/concepts:	0.999696198436949

Epoch 42
losses_train/task:	1.3746821880340576
losses_train/concepts:	0.12978202104568481
losses_train/representations:	0.006214241497218609
losses_train/total:	1.5355353355407715
losses_test/task:	1.373375654220581
losses_test/concepts:	0.010030725039541721
losses_test/representations:	0.0029712978284806013
losses_test/total:	1.3982619047164917
calibration_test/ece:	0.003738544648513198
calibration_test/brier:	0.7434942126274109
accuracy_test/task:	30.093333333333334
accuracy_test/concepts:	100.0
map_test/concepts:	0.999696198436949

Epoch 43
losses_train/task:	1.3748584985733032
losses_train/concepts:	0.13053260743618011
losses_train/representations:	0.006060885265469551
losses_train/total:	1.5356950759887695
losses_test/task:	1.3733783960342407
losses_test/concepts:	0.01002454198896885
losses_test/representations:	0.0026359125040471554
losses_test/total:	1.3965835571289062
calibration_test/ece:	0.0038248596247285604
calibration_test/brier:	0.7434959411621094
accuracy_test/task:	30.096666666666668
accuracy_test/concepts:	100.0
map_test/concepts:	0.999696198436949

Epoch 44
losses_train/task:	1.3753318786621094
losses_train/concepts:	0.1277688592672348
losses_train/representations:	0.00615945877507329
losses_train/total:	1.5338994264602661
losses_test/task:	1.3733482360839844
losses_test/concepts:	0.010021566413342953
losses_test/representations:	0.00288323312997818
losses_test/total:	1.3977854251861572
calibration_test/ece:	0.004282962065190077
calibration_test/brier:	0.7434795498847961
accuracy_test/task:	30.15
accuracy_test/concepts:	100.0
map_test/concepts:	0.999696198436949

Epoch 45
losses_train/task:	1.3748584985733032
losses_train/concepts:	0.13298124074935913
losses_train/representations:	0.006176672410219908
losses_train/total:	1.538723349571228
losses_test/task:	1.373364806175232
losses_test/concepts:	0.01001797802746296
losses_test/representations:	0.0023415989708155394
losses_test/total:	1.3950912952423096
calibration_test/ece:	0.003587794490158558
calibration_test/brier:	0.7434880137443542
accuracy_test/task:	30.066666666666666
accuracy_test/concepts:	100.0
map_test/concepts:	0.999696198436949

Epoch 46
losses_train/task:	1.3747289180755615
losses_train/concepts:	0.13278603553771973
losses_train/representations:	0.006246952805668116
losses_train/total:	1.5387506484985352
losses_test/task:	1.3733681440353394
losses_test/concepts:	0.010013879276812077
losses_test/representations:	0.002642053412273526
losses_test/total:	1.396592617034912
calibration_test/ece:	0.003508123103529215
calibration_test/brier:	0.7434895634651184
accuracy_test/task:	30.066666666666666
accuracy_test/concepts:	100.0
map_test/concepts:	0.999696198436949

Epoch 47
losses_train/task:	1.3749908208847046
losses_train/concepts:	0.12999610602855682
losses_train/representations:	0.006185802165418863
losses_train/total:	1.5359162092208862
losses_test/task:	1.3733713626861572
losses_test/concepts:	0.010008275508880615
losses_test/representations:	0.0028337237890809774
losses_test/total:	1.397548794746399
calibration_test/ece:	0.003457382321357727
calibration_test/brier:	0.743490993976593
accuracy_test/task:	30.063333333333333
accuracy_test/concepts:	100.0
map_test/concepts:	0.999696198436949

Epoch 48
losses_train/task:	1.3751881122589111
losses_train/concepts:	0.12802502512931824
losses_train/representations:	0.0060521275736391544
losses_train/total:	1.5334734916687012
losses_test/task:	1.3733456134796143
losses_test/concepts:	0.010007189586758614
losses_test/representations:	0.0025777891278266907
losses_test/total:	1.3962410688400269
calibration_test/ece:	0.004111393354833126
calibration_test/brier:	0.7434757947921753
accuracy_test/task:	30.126666666666665
accuracy_test/concepts:	100.0
map_test/concepts:	0.999696198436949

Epoch 49
losses_train/task:	1.3750739097595215
losses_train/concepts:	0.13066717982292175
losses_train/representations:	0.005931389052420855
losses_train/total:	1.5353984832763672
losses_test/task:	1.3733370304107666
losses_test/concepts:	0.010001608170568943
losses_test/representations:	0.0027681919746100903
losses_test/total:	1.3971796035766602
calibration_test/ece:	0.0032037743367254734
calibration_test/brier:	0.7434725165367126
accuracy_test/task:	30.053333333333335
accuracy_test/concepts:	100.0
map_test/concepts:	0.999696198436949

Epoch 50
losses_train/task:	1.3745397329330444
losses_train/concepts:	0.1315767467021942
losses_train/representations:	0.006101988721638918
losses_train/total:	1.5366257429122925
losses_test/task:	1.373333215713501
losses_test/concepts:	0.009996890090405941
losses_test/representations:	0.0027262154035270214
losses_test/total:	1.3969613313674927
calibration_train/ece:	0.005560064688324928
calibration_train/brier:	0.7427297234535217
accuracy_train/task:	30.304276315789473
calibration_test/ece:	0.0034544342197477818
calibration_test/brier:	0.7434715032577515
accuracy_test/task:	30.08
accuracy_train/concepts:	100.0
map_train/concepts:	0.9998987317085266
accuracy_test/concepts:	100.0
map_test/concepts:	0.999696198436949
accuracy_test/nuisances_task:	0.1783333718776703
accuracy_test/nuisances_nontask:	0.4066668450832367
mutual_inf_test/nuisances_task:	2.3088673936300097e-05
mutual_inf_test/nuisances_nontask:	-1.6081854475324953e-05

epoch_50.pt
groups=0 err_lowconf=69.920 err_random=69.920
groups=1 err_lowconf=69.923 err_random=69.923
groups=2 err_lowconf=69.937 err_random=69.937
groups=3 err_lowconf=69.930 err_random=69.930
groups=4 err_lowconf=69.930 err_random=69.930
groups=5 err_lowconf=69.947 err_random=69.947
groups=6 err_lowconf=69.920 err_random=69.920
groups=7 err_lowconf=69.910 err_random=69.910
groups=8 err_lowconf=69.920 err_random=69.920
groups=9 err_lowconf=69.937 err_random=69.937
groups=10 err_lowconf=69.953 err_random=69.953
groups=11 err_lowconf=69.953 err_random=69.953
groups=12 err_lowconf=69.953 err_random=69.953
groups=13 err_lowconf=69.953 err_random=69.953
groups=14 err_lowconf=69.957 err_random=69.957
groups=15 err_lowconf=69.953 err_random=69.953
groups=16 err_lowconf=69.953 err_random=69.953
groups=17 err_lowconf=69.953 err_random=69.953
groups=18 err_lowconf=69.953 err_random=69.953
[1;34mwandb[0m:
[1;34mwandb[0m: You can sync this run to the cloud by running:
[1;34mwandb[0m: [1mwandb sync /research/hal-afsharim/minimal_cbm/results/shapes3d-mcbm-5/42/wandb/offline-run-20260725_163132-aopddz4b[0m
[1;34mwandb[0m: Find logs at: [1;35mresults/shapes3d-mcbm-5/42/wandb/offline-run-20260725_163132-aopddz4b/logs[0m
