
===== launch 2026-07-25 23:21:29.551038 gpu5 =====
wandb: Using wandb-core as the SDK backend.  Please refer to https://wandb.me/wandb-core for more information.
wandb: Tracking run with wandb version 0.19.0
wandb: W&B syncing is set to `offline` in this directory.  
wandb: Run `wandb online` or set WANDB_MODE=online to enable cloud syncing.
Epoch 1
losses_train/task:	1.3783320188522339
losses_train/concepts:	13.782705307006836
losses_train/representations:	7.761971473693848
losses_train/total:	53.970909118652344
losses_test/task:	1.3932908773422241
losses_test/concepts:	14.459857940673828
losses_test/representations:	7.692183971405029
losses_test/total:	54.31405258178711
calibration_test/ece:	0.03421393036842346
calibration_test/brier:	0.753524124622345
accuracy_test/task:	25.85333333333333
accuracy_test/concepts:	92.46907043457031
map_test/concepts:	0.8000925953189532

Epoch 2
losses_train/task:	1.384321689605713
losses_train/concepts:	2.657984972000122
losses_train/representations:	0.8499866724014282
losses_train/total:	8.29223346710205
losses_test/task:	1.3816113471984863
losses_test/concepts:	1.394485592842102
losses_test/representations:	0.1921716332435608
losses_test/total:	3.7369537353515625
calibration_test/ece:	0.006634978577494621
calibration_test/brier:	0.7477203011512756
accuracy_test/task:	27.23
accuracy_test/concepts:	95.0022201538086
map_test/concepts:	0.9497834435767598

Epoch 3
losses_train/task:	1.382414698600769
losses_train/concepts:	1.5830632448196411
losses_train/representations:	0.18866176903247833
losses_train/total:	3.9087860584259033
losses_test/task:	1.379638671875
losses_test/concepts:	1.3246656656265259
losses_test/representations:	0.1910330355167389
losses_test/total:	3.659471035003662
calibration_test/ece:	0.0020068117883056402
calibration_test/brier:	0.7466673254966736
accuracy_test/task:	28.323333333333334
accuracy_test/concepts:	99.44074249267578
map_test/concepts:	0.9497834634449747

Epoch 4
losses_train/task:	1.3809566497802734
losses_train/concepts:	1.494202971458435
losses_train/representations:	0.11693297326564789
losses_train/total:	3.4598278999328613
losses_test/task:	1.3778709173202515
losses_test/concepts:	1.3008015155792236
losses_test/representations:	0.07791519165039062
losses_test/total:	3.0682477951049805
calibration_test/ece:	0.016437064856290817
calibration_test/brier:	0.745766282081604
accuracy_test/task:	28.87
accuracy_test/concepts:	99.44129943847656
map_test/concepts:	0.9497834634449747

Epoch 5
losses_train/task:	1.3798192739486694
losses_train/concepts:	1.4493125677108765
losses_train/representations:	0.08431709557771683
losses_train/total:	3.250718116760254
losses_test/task:	1.3774938583374023
losses_test/concepts:	1.2896218299865723
losses_test/representations:	0.09391855448484421
losses_test/total:	3.136708974838257
calibration_test/ece:	0.008130435831844807
calibration_test/brier:	0.7456231117248535
accuracy_test/task:	28.866666666666667
accuracy_test/concepts:	99.44129943847656
map_test/concepts:	0.9497834634449747

Epoch 6
losses_train/task:	1.3792424201965332
losses_train/concepts:	1.432714581489563
losses_train/representations:	0.07116430252790451
losses_train/total:	3.1677756309509277
losses_test/task:	1.3768882751464844
losses_test/concepts:	1.2818711996078491
losses_test/representations:	0.09227003157138824
losses_test/total:	3.1201090812683105
calibration_test/ece:	0.006996002048254013
calibration_test/brier:	0.7453322410583496
accuracy_test/task:	29.096666666666668
accuracy_test/concepts:	95.00314331054688
map_test/concepts:	0.9497834634449747

Epoch 7
losses_train/task:	1.3789520263671875
losses_train/concepts:	1.4102399349212646
losses_train/representations:	0.055671993643045425
losses_train/total:	3.0675532817840576
losses_test/task:	1.3761968612670898
losses_test/concepts:	1.277195692062378
losses_test/representations:	0.020140253007411957
losses_test/total:	2.754093647003174
calibration_test/ece:	0.009405199438333511
calibration_test/brier:	0.7449730634689331
accuracy_test/task:	29.126666666666665
accuracy_test/concepts:	95.00314331054688
map_test/concepts:	0.9497834634449747

Epoch 8
losses_train/task:	1.3779726028442383
losses_train/concepts:	2.1784024238586426
losses_train/representations:	0.4357333183288574
losses_train/total:	5.735045909881592
losses_test/task:	1.3756053447723389
losses_test/concepts:	1.2921379804611206
losses_test/representations:	0.15892919898033142
losses_test/total:	3.462387800216675
calibration_test/ece:	0.002983635291457176
calibration_test/brier:	0.7446656227111816
accuracy_test/task:	29.176666666666666
accuracy_test/concepts:	94.99740600585938
map_test/concepts:	0.9497829568054941

Epoch 9
losses_train/task:	1.3777841329574585
losses_train/concepts:	1.4926291704177856
losses_train/representations:	0.12355852872133255
losses_train/total:	3.4882051944732666
losses_test/task:	1.376236081123352
losses_test/concepts:	1.2741460800170898
losses_test/representations:	0.1157555878162384
losses_test/total:	3.2291600704193115
calibration_test/ece:	0.008000767789781094
calibration_test/brier:	0.7450164556503296
accuracy_test/task:	29.18
accuracy_test/concepts:	99.44110870361328
map_test/concepts:	0.9497834634449747

Epoch 10
losses_train/task:	1.3776600360870361
losses_train/concepts:	1.4206987619400024
losses_train/representations:	0.0674171894788742
losses_train/total:	3.1354455947875977
losses_test/task:	1.374868392944336
losses_test/concepts:	1.2712678909301758
losses_test/representations:	0.05460228770971298
losses_test/total:	2.9191482067108154
calibration_train/ece:	0.01818700134754181
calibration_train/brier:	0.7433333396911621
accuracy_train/task:	30.603218349928877
calibration_test/ece:	0.00933777540922165
calibration_test/brier:	0.7443264722824097
accuracy_test/task:	29.73
accuracy_train/concepts:	94.99893188476562
map_train/concepts:	0.9499614122841094
accuracy_test/concepts:	95.00277709960938
map_test/concepts:	0.9497834634449747
accuracy_test/nuisances_task:	1.196666806936264
accuracy_test/nuisances_nontask:	0.05333311855792999
mutual_inf_test/nuisances_task:	0.001988025498693702
mutual_inf_test/nuisances_nontask:	3.565097277835605e-06

Epoch 11
losses_train/task:	1.3774185180664062
losses_train/concepts:	1.4169268608093262
losses_train/representations:	0.059987377375364304
losses_train/total:	3.09428071975708
losses_test/task:	1.3752756118774414
losses_test/concepts:	1.2691248655319214
losses_test/representations:	0.02080531232059002
losses_test/total:	2.748426675796509
calibration_test/ece:	0.002781236544251442
calibration_test/brier:	0.744533896446228
accuracy_test/task:	28.85
accuracy_test/concepts:	99.44129943847656
map_test/concepts:	0.9497834634449747

Epoch 12
losses_train/task:	1.377153754234314
losses_train/concepts:	1.3960210084915161
losses_train/representations:	0.04446203634142876
losses_train/total:	2.9954843521118164
losses_test/task:	1.3753901720046997
losses_test/concepts:	1.2672691345214844
losses_test/representations:	0.017402872443199158
losses_test/total:	2.7296741008758545
calibration_test/ece:	0.0025054477155208588
calibration_test/brier:	0.7445902824401855
accuracy_test/task:	29.143333333333334
accuracy_test/concepts:	95.00314331054688
map_test/concepts:	0.9497834634449747

Epoch 13
losses_train/task:	1.3766357898712158
losses_train/concepts:	1.3964240550994873
losses_train/representations:	0.040952619165182114
losses_train/total:	2.9778223037719727
losses_test/task:	1.3750325441360474
losses_test/concepts:	1.2658454179763794
losses_test/representations:	0.016059868037700653
losses_test/total:	2.721177101135254
calibration_test/ece:	0.002579965628683567
calibration_test/brier:	0.7444179058074951
accuracy_test/task:	29.296666666666667
accuracy_test/concepts:	99.44129943847656
map_test/concepts:	0.9497834634449747

Epoch 14
losses_train/task:	1.37637460231781
losses_train/concepts:	1.3840774297714233
losses_train/representations:	0.03358645737171173
losses_train/total:	2.928384780883789
losses_test/task:	1.3745368719100952
losses_test/concepts:	1.264732837677002
losses_test/representations:	0.01867084763944149
losses_test/total:	2.7326242923736572
calibration_test/ece:	0.007196074351668358
calibration_test/brier:	0.744217574596405
accuracy_test/task:	29.47
accuracy_test/concepts:	99.44129943847656
map_test/concepts:	0.9497834634449747

Epoch 15
losses_train/task:	1.376073956489563
losses_train/concepts:	1.3828401565551758
losses_train/representations:	0.031209902837872505
losses_train/total:	2.9149651527404785
losses_test/task:	1.3752837181091309
losses_test/concepts:	1.2639198303222656
losses_test/representations:	0.05358712375164032
losses_test/total:	2.9071385860443115
calibration_test/ece:	0.010994818061590195
calibration_test/brier:	0.7446156740188599
accuracy_test/task:	28.583333333333332
accuracy_test/concepts:	99.44129943847656
map_test/concepts:	0.9497834634449747

Epoch 16
losses_train/task:	1.3765915632247925
losses_train/concepts:	1.3870398998260498
losses_train/representations:	0.03045065328478813
losses_train/total:	2.9158825874328613
losses_test/task:	1.3748626708984375
losses_test/concepts:	1.2631950378417969
losses_test/representations:	0.021856525912880898
losses_test/total:	2.7473397254943848
calibration_test/ece:	0.008313554339110851
calibration_test/brier:	0.7443726062774658
accuracy_test/task:	30.073333333333334
accuracy_test/concepts:	95.00314331054688
map_test/concepts:	0.9497834634449747

Epoch 17
losses_train/task:	1.376417636871338
losses_train/concepts:	1.3894166946411133
losses_train/representations:	0.030673881992697716
losses_train/total:	2.9192049503326416
losses_test/task:	1.3748505115509033
losses_test/concepts:	1.2621541023254395
losses_test/representations:	0.02278512716293335
losses_test/total:	2.7509310245513916
calibration_test/ece:	0.009382562711834908
calibration_test/brier:	0.744345486164093
accuracy_test/task:	29.633333333333333
accuracy_test/concepts:	95.00314331054688
map_test/concepts:	0.9497834634449747

Epoch 18
losses_train/task:	1.376198410987854
losses_train/concepts:	1.3787858486175537
losses_train/representations:	0.026664165779948235
losses_train/total:	2.8883056640625
losses_test/task:	1.3747764825820923
losses_test/concepts:	1.2616454362869263
losses_test/representations:	0.01212724857032299
losses_test/total:	2.6970579624176025
calibration_test/ece:	0.003338658018037677
calibration_test/brier:	0.7443344593048096
accuracy_test/task:	29.26
accuracy_test/concepts:	99.44129943847656
map_test/concepts:	0.9497834634449747

Epoch 19
losses_train/task:	1.3762917518615723
losses_train/concepts:	1.3797509670257568
losses_train/representations:	0.02610817365348339
losses_train/total:	2.8865814208984375
losses_test/task:	1.3750112056732178
losses_test/concepts:	1.261195421218872
losses_test/representations:	0.011152688413858414
losses_test/total:	2.6919713020324707
calibration_test/ece:	0.00226532481610775
calibration_test/brier:	0.7444413304328918
accuracy_test/task:	29.393333333333334
accuracy_test/concepts:	99.44129943847656
map_test/concepts:	0.9497834634449747

Epoch 20
losses_train/task:	1.3758589029312134
losses_train/concepts:	1.376600742340088
losses_train/representations:	0.02443137764930725
losses_train/total:	2.8746142387390137
losses_test/task:	1.3745697736740112
losses_test/concepts:	1.260625958442688
losses_test/representations:	0.01292021106928587
losses_test/total:	2.6997976303100586
calibration_train/ece:	0.011601327918469906
calibration_train/brier:	0.7428370714187622
accuracy_train/task:	30.187588904694167
calibration_test/ece:	0.0021811961196362972
calibration_test/brier:	0.7441702485084534
accuracy_test/task:	29.376666666666665
accuracy_train/concepts:	94.99905395507812
map_train/concepts:	0.9498737897309992
accuracy_test/concepts:	95.00314331054688
map_test/concepts:	0.9497834634449747
accuracy_test/nuisances_task:	-0.13166703283786774
accuracy_test/nuisances_nontask:	0.18666647374629974
mutual_inf_test/nuisances_task:	-4.511670523565936e-06
mutual_inf_test/nuisances_nontask:	8.565253587500266e-06

Epoch 21
losses_train/task:	1.3751691579818726
losses_train/concepts:	1.368708610534668
losses_train/representations:	0.013493582606315613
losses_train/total:	2.8113460540771484
losses_test/task:	1.3741108179092407
losses_test/concepts:	1.2605621814727783
losses_test/representations:	0.005243129562586546
losses_test/total:	2.6608893871307373
calibration_test/ece:	0.0011238398728892207
calibration_test/brier:	0.74397212266922
accuracy_test/task:	29.41
accuracy_test/concepts:	99.44129943847656
map_test/concepts:	0.9497834634449747

Epoch 22
losses_train/task:	1.3752456903457642
losses_train/concepts:	1.3747068643569946
losses_train/representations:	0.012878695502877235
losses_train/total:	2.8143441677093506
losses_test/task:	1.373900294303894
losses_test/concepts:	1.2605420351028442
losses_test/representations:	0.004745516926050186
losses_test/total:	2.658169746398926
calibration_test/ece:	0.001735934754833579
calibration_test/brier:	0.7438805103302002
accuracy_test/task:	29.46
accuracy_test/concepts:	99.44129943847656
map_test/concepts:	0.9497834634449747

Epoch 23
losses_train/task:	1.375016212463379
losses_train/concepts:	1.367993950843811
losses_train/representations:	0.012322844937443733
losses_train/total:	2.804623603820801
losses_test/task:	1.3739091157913208
losses_test/concepts:	1.260470986366272
losses_test/representations:	0.004732794128358364
losses_test/total:	2.6580448150634766
calibration_test/ece:	0.0026823151856660843
calibration_test/brier:	0.743893563747406
accuracy_test/task:	29.383333333333333
accuracy_test/concepts:	95.00314331054688
map_test/concepts:	0.9497834634449747

Epoch 24
losses_train/task:	1.374698281288147
losses_train/concepts:	1.3702073097229004
losses_train/representations:	0.012031100690364838
losses_train/total:	2.805061101913452
losses_test/task:	1.3737126588821411
losses_test/concepts:	1.2604563236236572
losses_test/representations:	0.006363773252815008
losses_test/total:	2.665987253189087
calibration_test/ece:	0.004491136875003576
calibration_test/brier:	0.7437984347343445
accuracy_test/task:	29.5
accuracy_test/concepts:	99.44129943847656
map_test/concepts:	0.9497834634449747

Epoch 25
losses_train/task:	1.3742963075637817
losses_train/concepts:	1.3664724826812744
losses_train/representations:	0.011883798986673355
losses_train/total:	2.800187826156616
losses_test/task:	1.3735792636871338
losses_test/concepts:	1.2603992223739624
losses_test/representations:	0.005488716997206211
losses_test/total:	2.6614203453063965
calibration_test/ece:	0.004973771050572395
calibration_test/brier:	0.7437304854393005
accuracy_test/task:	29.533333333333335
accuracy_test/concepts:	95.00314331054688
map_test/concepts:	0.9497834634449747

Epoch 26
losses_train/task:	1.3748582601547241
losses_train/concepts:	1.3621127605438232
losses_train/representations:	0.011802605353295803
losses_train/total:	2.795983076095581
losses_test/task:	1.3735957145690918
losses_test/concepts:	1.2603650093078613
losses_test/representations:	0.004522780887782574
losses_test/total:	2.6565754413604736
calibration_test/ece:	0.005316226277500391
calibration_test/brier:	0.7437463998794556
accuracy_test/task:	29.436666666666667
accuracy_test/concepts:	95.00314331054688
map_test/concepts:	0.9497834634449747

Epoch 27
losses_train/task:	1.3749244213104248
losses_train/concepts:	1.3695261478424072
losses_train/representations:	0.011689822189509869
losses_train/total:	2.8028974533081055
losses_test/task:	1.373627781867981
losses_test/concepts:	1.2603304386138916
losses_test/representations:	0.0066335685551166534
losses_test/total:	2.667126178741455
calibration_test/ece:	0.005858143791556358
calibration_test/brier:	0.7437640428543091
accuracy_test/task:	29.53
accuracy_test/concepts:	95.00314331054688
map_test/concepts:	0.9497834634449747

Epoch 28
losses_train/task:	1.3743113279342651
losses_train/concepts:	1.3659965991973877
losses_train/representations:	0.011813079938292503
losses_train/total:	2.799373149871826
losses_test/task:	1.3736406564712524
losses_test/concepts:	1.2602981328964233
losses_test/representations:	0.00668701808899641
losses_test/total:	2.6673738956451416
calibration_test/ece:	0.0056356699205935
calibration_test/brier:	0.7437772154808044
accuracy_test/task:	29.35333333333333
accuracy_test/concepts:	95.00314331054688
map_test/concepts:	0.9497834634449747

Epoch 29
losses_train/task:	1.3744841814041138
losses_train/concepts:	1.3617355823516846
losses_train/representations:	0.011638837866485119
losses_train/total:	2.7944164276123047
losses_test/task:	1.3735690116882324
losses_test/concepts:	1.2602665424346924
losses_test/representations:	0.005395351443439722
losses_test/total:	2.6608128547668457
calibration_test/ece:	0.009168492630124092
calibration_test/brier:	0.7437289357185364
accuracy_test/task:	29.183333333333334
accuracy_test/concepts:	95.00314331054688
map_test/concepts:	0.9497834634449747

Epoch 30
losses_train/task:	1.3747875690460205
losses_train/concepts:	1.3667980432510376
losses_train/representations:	0.011779064312577248
losses_train/total:	2.8004817962646484
losses_test/task:	1.373571753501892
losses_test/concepts:	1.2602221965789795
losses_test/representations:	0.004728239960968494
losses_test/total:	2.657435655593872
calibration_train/ece:	0.006073606200516224
calibration_train/brier:	0.7424139380455017
accuracy_train/task:	30.35984174964438
calibration_test/ece:	0.0034699789248406887
calibration_test/brier:	0.7437353134155273
accuracy_test/task:	29.433333333333334
accuracy_train/concepts:	94.99886322021484
map_train/concepts:	0.9498610529634688
accuracy_test/concepts:	95.00314331054688
map_test/concepts:	0.9497834634449747
accuracy_test/nuisances_task:	-0.07166638970375061
accuracy_test/nuisances_nontask:	0.059999898076057434
mutual_inf_test/nuisances_task:	-7.003393809268399e-06
mutual_inf_test/nuisances_nontask:	-2.3939782791693176e-05

Epoch 31
losses_train/task:	1.3744897842407227
losses_train/concepts:	1.3754953145980835
losses_train/representations:	0.01169209461659193
losses_train/total:	2.808443069458008
losses_test/task:	1.3734639883041382
losses_test/concepts:	1.2601805925369263
losses_test/representations:	0.004435212351381779
losses_test/total:	2.655820369720459
calibration_test/ece:	0.01033760141581297
calibration_test/brier:	0.7436801195144653
accuracy_test/task:	29.446666666666665
accuracy_test/concepts:	95.00314331054688
map_test/concepts:	0.9497834634449747

Epoch 32
losses_train/task:	1.3745707273483276
losses_train/concepts:	1.3669092655181885
losses_train/representations:	0.011324149556457996
losses_train/total:	2.798100471496582
losses_test/task:	1.3734933137893677
losses_test/concepts:	1.2601670026779175
losses_test/representations:	0.004285881761461496
losses_test/total:	2.655090093612671
calibration_test/ece:	0.005972682498395443
calibration_test/brier:	0.7436973452568054
accuracy_test/task:	29.513333333333332
accuracy_test/concepts:	99.44129943847656
map_test/concepts:	0.9497834634449747

Epoch 33
losses_train/task:	1.3743164539337158
losses_train/concepts:	1.3697152137756348
losses_train/representations:	0.01127689890563488
losses_train/total:	2.800417184829712
losses_test/task:	1.373450756072998
losses_test/concepts:	1.2601077556610107
losses_test/representations:	0.004208118189126253
losses_test/total:	2.654599905014038
calibration_test/ece:	0.004587036091834307
calibration_test/brier:	0.7436785101890564
accuracy_test/task:	29.44333333333333
accuracy_test/concepts:	95.00314331054688
map_test/concepts:	0.9497834634449747

Epoch 34
losses_train/task:	1.374269962310791
losses_train/concepts:	1.3668419122695923
losses_train/representations:	0.011089938692748547
losses_train/total:	2.796560049057007
losses_test/task:	1.3734705448150635
losses_test/concepts:	1.2600758075714111
losses_test/representations:	0.003902705851942301
losses_test/total:	2.6530604362487793
calibration_test/ece:	0.004657311365008354
calibration_test/brier:	0.7436846494674683
accuracy_test/task:	29.376666666666665
accuracy_test/concepts:	95.00314331054688
map_test/concepts:	0.9497834634449747

Epoch 35
losses_train/task:	1.3745568990707397
losses_train/concepts:	1.3680325746536255
losses_train/representations:	0.011174090206623077
losses_train/total:	2.7984583377838135
losses_test/task:	1.3733354806900024
losses_test/concepts:	1.260032296180725
losses_test/representations:	0.004130180459469557
losses_test/total:	2.654017925262451
calibration_test/ece:	0.005183462519198656
calibration_test/brier:	0.7436200380325317
accuracy_test/task:	29.426666666666666
accuracy_test/concepts:	95.00314331054688
map_test/concepts:	0.9497834634449747

Epoch 36
losses_train/task:	1.3744324445724487
losses_train/concepts:	1.3670861721038818
losses_train/representations:	0.01077148038893938
losses_train/total:	2.7953755855560303
losses_test/task:	1.3733465671539307
losses_test/concepts:	1.2600007057189941
losses_test/representations:	0.004550329875200987
losses_test/total:	2.6560988426208496
calibration_test/ece:	0.008519794791936874
calibration_test/brier:	0.7436257004737854
accuracy_test/task:	29.37
accuracy_test/concepts:	95.00314331054688
map_test/concepts:	0.9497834634449747

Epoch 37
losses_train/task:	1.3744866847991943
losses_train/concepts:	1.367939829826355
losses_train/representations:	0.011030600406229496
losses_train/total:	2.797579050064087
losses_test/task:	1.373321533203125
losses_test/concepts:	1.259962797164917
losses_test/representations:	0.004293870180845261
losses_test/total:	2.654754400253296
calibration_test/ece:	0.006625380367040634
calibration_test/brier:	0.7436192035675049
accuracy_test/task:	29.496666666666666
accuracy_test/concepts:	95.00314331054688
map_test/concepts:	0.9497834634449747

Epoch 38
losses_train/task:	1.3745208978652954
losses_train/concepts:	1.3669394254684448
losses_train/representations:	0.01088701095432043
losses_train/total:	2.79589581489563
losses_test/task:	1.3733675479888916
losses_test/concepts:	1.2599471807479858
losses_test/representations:	0.004111995920538902
losses_test/total:	2.6538753509521484
calibration_test/ece:	0.007369037717580795
calibration_test/brier:	0.7436342239379883
accuracy_test/task:	29.41
accuracy_test/concepts:	99.44129943847656
map_test/concepts:	0.9497834634449747

Epoch 39
losses_train/task:	1.374650239944458
losses_train/concepts:	1.3712902069091797
losses_train/representations:	0.010829638689756393
losses_train/total:	2.8000874519348145
losses_test/task:	1.3732962608337402
losses_test/concepts:	1.2599126100540161
losses_test/representations:	0.004558272194117308
losses_test/total:	2.6560001373291016
calibration_test/ece:	0.0067193880677223206
calibration_test/brier:	0.7435963153839111
accuracy_test/task:	29.43
accuracy_test/concepts:	99.44129943847656
map_test/concepts:	0.9497834634449747

Epoch 40
losses_train/task:	1.3740850687026978
losses_train/concepts:	1.3754663467407227
losses_train/representations:	0.011006373912096024
losses_train/total:	2.8045835494995117
losses_test/task:	1.3733103275299072
losses_test/concepts:	1.2598706483840942
losses_test/representations:	0.007252541370689869
losses_test/total:	2.6694445610046387
calibration_train/ece:	0.006252366118133068
calibration_train/brier:	0.7422656416893005
accuracy_train/task:	30.576546941678522
calibration_test/ece:	0.00532965874299407
calibration_test/brier:	0.7436150312423706
accuracy_test/task:	29.61
accuracy_train/concepts:	94.99886322021484
map_train/concepts:	0.9499755998452505
accuracy_test/concepts:	95.00314331054688
map_test/concepts:	0.9497834634449747
accuracy_test/nuisances_task:	0.09166672825813293
accuracy_test/nuisances_nontask:	0.16000010073184967
mutual_inf_test/nuisances_task:	-1.566256652835163e-05
mutual_inf_test/nuisances_nontask:	-1.9373646802489652e-05

Epoch 41
losses_train/task:	1.3739463090896606
losses_train/concepts:	1.3670997619628906
losses_train/representations:	0.010133850388228893
losses_train/total:	2.791715383529663
losses_test/task:	1.373302698135376
losses_test/concepts:	1.2598713636398315
losses_test/representations:	0.004386624787002802
losses_test/total:	2.655107021331787
calibration_test/ece:	0.007368281949311495
calibration_test/brier:	0.7436079382896423
accuracy_test/task:	29.45
accuracy_test/concepts:	95.00314331054688
map_test/concepts:	0.9497834634449747

Epoch 42
losses_train/task:	1.3743066787719727
losses_train/concepts:	1.3655365705490112
losses_train/representations:	0.009818829596042633
losses_train/total:	2.7889368534088135
losses_test/task:	1.3732960224151611
losses_test/concepts:	1.259867787361145
losses_test/representations:	0.004382404964417219
losses_test/total:	2.655076742172241
calibration_test/ece:	0.0065627675503492355
calibration_test/brier:	0.743605375289917
accuracy_test/task:	29.433333333333334
accuracy_test/concepts:	95.00314331054688
map_test/concepts:	0.9497834634449747

Epoch 43
losses_train/task:	1.3747036457061768
losses_train/concepts:	1.3666188716888428
losses_train/representations:	0.009901332668960094
losses_train/total:	2.7908308506011963
losses_test/task:	1.3733421564102173
losses_test/concepts:	1.259867787361145
losses_test/representations:	0.0037446552887558937
losses_test/total:	2.65193247795105
calibration_test/ece:	0.007362238131463528
calibration_test/brier:	0.7436280846595764
accuracy_test/task:	29.426666666666666
accuracy_test/concepts:	95.00314331054688
map_test/concepts:	0.9497834634449747

Epoch 44
losses_train/task:	1.374228835105896
losses_train/concepts:	1.3662570714950562
losses_train/representations:	0.010005165822803974
losses_train/total:	2.790513753890991
losses_test/task:	1.3733123540878296
losses_test/concepts:	1.2598636150360107
losses_test/representations:	0.0041355472058057785
losses_test/total:	2.65385365486145
calibration_test/ece:	0.006738949567079544
calibration_test/brier:	0.7436102032661438
accuracy_test/task:	29.423333333333332
accuracy_test/concepts:	95.00314331054688
map_test/concepts:	0.9497834634449747

Epoch 45
losses_train/task:	1.3740136623382568
losses_train/concepts:	1.3738189935684204
losses_train/representations:	0.009792271070182323
losses_train/total:	2.7967960834503174
losses_test/task:	1.3733216524124146
losses_test/concepts:	1.2598594427108765
losses_test/representations:	0.0036360190715640783
losses_test/total:	2.6513612270355225
calibration_test/ece:	0.008192439563572407
calibration_test/brier:	0.7436140775680542
accuracy_test/task:	29.44333333333333
accuracy_test/concepts:	95.00314331054688
map_test/concepts:	0.9497834634449747

Epoch 46
losses_train/task:	1.3739094734191895
losses_train/concepts:	1.3687574863433838
losses_train/representations:	0.009753848426043987
losses_train/total:	2.7914364337921143
losses_test/task:	1.3733279705047607
losses_test/concepts:	1.2598541975021362
losses_test/representations:	0.0044817086309194565
losses_test/total:	2.6555891036987305
calibration_test/ece:	0.005298504140228033
calibration_test/brier:	0.7436169385910034
accuracy_test/task:	29.5
accuracy_test/concepts:	95.00314331054688
map_test/concepts:	0.9497834634449747

Epoch 47
losses_train/task:	1.37387216091156
losses_train/concepts:	1.3645998239517212
losses_train/representations:	0.009875624440610409
losses_train/total:	2.7878496646881104
losses_test/task:	1.3733409643173218
losses_test/concepts:	1.2598501443862915
losses_test/representations:	0.0052475458942353725
losses_test/total:	2.659428596496582
calibration_test/ece:	0.003803332569077611
calibration_test/brier:	0.743627667427063
accuracy_test/task:	29.563333333333333
accuracy_test/concepts:	95.00314331054688
map_test/concepts:	0.9497834634449747

Epoch 48
losses_train/task:	1.3739972114562988
losses_train/concepts:	1.371986746788025
losses_train/representations:	0.009864029474556446
losses_train/total:	2.7953033447265625
losses_test/task:	1.3733131885528564
losses_test/concepts:	1.2598474025726318
losses_test/representations:	0.004923821426928043
losses_test/total:	2.6577799320220947
calibration_test/ece:	0.004642120096832514
calibration_test/brier:	0.743610680103302
accuracy_test/task:	29.463333333333335
accuracy_test/concepts:	95.00314331054688
map_test/concepts:	0.9497834634449747

Epoch 49
losses_train/task:	1.3746446371078491
losses_train/concepts:	1.3691363334655762
losses_train/representations:	0.009704089723527431
losses_train/total:	2.792301893234253
losses_test/task:	1.3732892274856567
losses_test/concepts:	1.2598462104797363
losses_test/representations:	0.004444248974323273
losses_test/total:	2.655357837677002
calibration_test/ece:	0.005475832149386406
calibration_test/brier:	0.743597149848938
accuracy_test/task:	29.486666666666668
accuracy_test/concepts:	95.00314331054688
map_test/concepts:	0.9497834634449747

Epoch 50
losses_train/task:	1.3736776113510132
losses_train/concepts:	1.370636224746704
losses_train/representations:	0.009733442217111588
losses_train/total:	2.7929818630218506
losses_test/task:	1.3733205795288086
losses_test/concepts:	1.2598435878753662
losses_test/representations:	0.005097224377095699
losses_test/total:	2.658649206161499
calibration_train/ece:	0.007970072329044342
calibration_train/brier:	0.7422715425491333
accuracy_train/task:	30.477640469416784
calibration_test/ece:	0.005837596487253904
calibration_test/brier:	0.7436125874519348
accuracy_test/task:	29.513333333333332
accuracy_train/concepts:	94.99893188476562
map_train/concepts:	0.9500208803349071
accuracy_test/concepts:	95.00314331054688
map_test/concepts:	0.9497834634449747
accuracy_test/nuisances_task:	-0.03833360970020294
accuracy_test/nuisances_nontask:	0.1733332872390747
mutual_inf_test/nuisances_task:	2.0702978194009347e-05
mutual_inf_test/nuisances_nontask:	2.5016560252555387e-05

epoch_50.pt
groups=0 err_lowconf=70.487 err_random=70.487
groups=1 err_lowconf=70.497 err_random=70.497
groups=2 err_lowconf=70.450 err_random=70.450
groups=3 err_lowconf=70.450 err_random=70.450
groups=4 err_lowconf=70.433 err_random=70.433
groups=5 err_lowconf=70.427 err_random=70.427
groups=6 err_lowconf=70.430 err_random=70.430
groups=7 err_lowconf=70.460 err_random=70.460
groups=8 err_lowconf=70.450 err_random=70.450
groups=9 err_lowconf=70.570 err_random=70.570
groups=10 err_lowconf=70.577 err_random=70.577
groups=11 err_lowconf=70.573 err_random=70.573
groups=12 err_lowconf=70.590 err_random=70.590
groups=13 err_lowconf=70.593 err_random=70.593
groups=14 err_lowconf=70.600 err_random=70.600
groups=15 err_lowconf=70.597 err_random=70.597
groups=16 err_lowconf=70.600 err_random=70.600
groups=17 err_lowconf=70.600 err_random=70.600
groups=18 err_lowconf=70.603 err_random=70.603
[1;34mwandb[0m:
[1;34mwandb[0m: You can sync this run to the cloud by running:
[1;34mwandb[0m: [1mwandb sync /research/hal-afsharim/minimal_cbm/results/shapes3d-mcbm-5/44/wandb/offline-run-20260725_232133-02z63bpu[0m
[1;34mwandb[0m: Find logs at: [1;35mresults/shapes3d-mcbm-5/44/wandb/offline-run-20260725_232133-02z63bpu/logs[0m
