
===== launch 2026-07-25 06:42:53.674963 gpu3 =====
wandb: Using wandb-core as the SDK backend.  Please refer to https://wandb.me/wandb-core for more information.
wandb: Tracking run with wandb version 0.19.0
wandb: W&B syncing is set to `offline` in this directory.  
wandb: Run `wandb online` or set WANDB_MODE=online to enable cloud syncing.

===== launch 2026-07-25 09:32:21.271151 gpu5 =====
wandb: Using wandb-core as the SDK backend.  Please refer to https://wandb.me/wandb-core for more information.
wandb: Tracking run with wandb version 0.19.0
wandb: W&B syncing is set to `offline` in this directory.  
wandb: Run `wandb online` or set WANDB_MODE=online to enable cloud syncing.

===== launch 2026-07-25 09:44:35.913591 gpu1 =====
wandb: Using wandb-core as the SDK backend.  Please refer to https://wandb.me/wandb-core for more information.
wandb: Tracking run with wandb version 0.19.0
wandb: W&B syncing is set to `offline` in this directory.  
wandb: Run `wandb online` or set WANDB_MODE=online to enable cloud syncing.

===== launch 2026-07-25 15:32:56.997423 gpu0 =====
wandb: Using wandb-core as the SDK backend.  Please refer to https://wandb.me/wandb-core for more information.
wandb: Tracking run with wandb version 0.19.0
wandb: W&B syncing is set to `offline` in this directory.  
wandb: Run `wandb online` or set WANDB_MODE=online to enable cloud syncing.
Epoch 1
losses_train/task:	1.393631100654602
losses_train/concepts:	10.354015350341797
losses_train/representations:	6.007389545440674
losses_train/total:	29.769792556762695
losses_test/task:	1.3834843635559082
losses_test/concepts:	5.203125
losses_test/representations:	5.106205463409424
losses_test/total:	21.905227661132812
calibration_test/ece:	0.00730331614613533
calibration_test/brier:	0.7484510540962219
accuracy_test/task:	27.52
accuracy_test/concepts:	95.20962524414062
map_test/concepts:	0.8780347771114774

Epoch 2
losses_train/task:	1.3842543363571167
losses_train/concepts:	1.1841479539871216
losses_train/representations:	0.7753419876098633
losses_train/total:	4.894432544708252
losses_test/task:	1.3813363313674927
losses_test/concepts:	0.14496475458145142
losses_test/representations:	0.1748262643814087
losses_test/total:	2.0507800579071045
calibration_test/ece:	0.010137989185750484
calibration_test/brier:	0.7475510835647583
accuracy_test/task:	27.756666666666668
accuracy_test/concepts:	99.99980926513672
map_test/concepts:	0.999696198436949

Epoch 3
losses_train/task:	1.3824150562286377
losses_train/concepts:	0.30193594098091125
losses_train/representations:	0.15641242265701294
losses_train/total:	2.1535866260528564
losses_test/task:	1.3776389360427856
losses_test/concepts:	0.0814494788646698
losses_test/representations:	0.0657091960310936
losses_test/total:	1.6562148332595825
calibration_test/ece:	0.01699077896773815
calibration_test/brier:	0.7456462383270264
accuracy_test/task:	29.65
accuracy_test/concepts:	100.0
map_test/concepts:	0.999696198436949

Epoch 4
losses_train/task:	1.381151556968689
losses_train/concepts:	0.3824045658111572
losses_train/representations:	0.22202490270137787
losses_train/total:	2.4296326637268066
losses_test/task:	1.3775570392608643
losses_test/concepts:	0.06028652936220169
losses_test/representations:	0.04876198619604111
losses_test/total:	1.584129810333252
calibration_test/ece:	0.013070858083665371
calibration_test/brier:	0.745536744594574
accuracy_test/task:	29.816666666666666
accuracy_test/concepts:	100.0
map_test/concepts:	0.999696198436949

Epoch 5
losses_train/task:	1.3803339004516602
losses_train/concepts:	0.20649699866771698
losses_train/representations:	0.10220128297805786
losses_train/total:	1.8934345245361328
losses_test/task:	1.377106785774231
losses_test/concepts:	0.04565154388546944
losses_test/representations:	0.08080579340457916
losses_test/total:	1.6651760339736938
calibration_test/ece:	0.011391800828278065
calibration_test/brier:	0.7453503608703613
accuracy_test/task:	29.706666666666667
accuracy_test/concepts:	100.0
map_test/concepts:	0.999696198436949

Epoch 6
losses_train/task:	1.3799818754196167
losses_train/concepts:	0.19193033874034882
losses_train/representations:	0.08559297770261765
losses_train/total:	1.8286901712417603
losses_test/task:	1.3757116794586182
losses_test/concepts:	0.037075240164995193
losses_test/representations:	0.04906920716166496
losses_test/total:	1.5599948167800903
calibration_test/ece:	0.014354990795254707
calibration_test/brier:	0.7445873022079468
accuracy_test/task:	30.11
accuracy_test/concepts:	100.0
map_test/concepts:	0.999696198436949

Epoch 7
losses_train/task:	1.3790901899337769
losses_train/concepts:	0.17194700241088867
losses_train/representations:	0.06977179646492004
losses_train/total:	1.7603524923324585
losses_test/task:	1.3759716749191284
losses_test/concepts:	0.03123137727379799
losses_test/representations:	0.026256609708070755
losses_test/total:	1.4859731197357178
calibration_test/ece:	0.010667858645319939
calibration_test/brier:	0.7447133660316467
accuracy_test/task:	29.67
accuracy_test/concepts:	100.0
map_test/concepts:	0.999696198436949

Epoch 8
losses_train/task:	1.3783231973648071
losses_train/concepts:	0.16666404902935028
losses_train/representations:	0.06278856843709946
losses_train/total:	1.7333532571792603
losses_test/task:	1.3751323223114014
losses_test/concepts:	0.02699076384305954
losses_test/representations:	0.02846841886639595
losses_test/total:	1.4875279664993286
calibration_test/ece:	0.005186597816646099
calibration_test/brier:	0.7443486452102661
accuracy_test/task:	29.476666666666667
accuracy_test/concepts:	100.0
map_test/concepts:	0.999696198436949

Epoch 9
losses_train/task:	1.378380537033081
losses_train/concepts:	0.16193512082099915
losses_train/representations:	0.05652470886707306
losses_train/total:	1.7098898887634277
losses_test/task:	1.3746002912521362
losses_test/concepts:	0.02392324060201645
losses_test/representations:	0.03544260188937187
losses_test/total:	1.5048513412475586
calibration_test/ece:	0.01050677802413702
calibration_test/brier:	0.7440516948699951
accuracy_test/task:	30.066666666666666
accuracy_test/concepts:	100.0
map_test/concepts:	0.999696198436949

Epoch 10
losses_train/task:	1.3778969049453735
losses_train/concepts:	0.15479382872581482
losses_train/representations:	0.05315735936164856
losses_train/total:	1.6921629905700684
losses_test/task:	1.3749231100082397
losses_test/concepts:	0.021481318399310112
losses_test/representations:	0.029539920389652252
losses_test/total:	1.4850239753723145
calibration_train/ece:	0.014041207730770111
calibration_train/brier:	0.743709921836853
accuracy_train/task:	30.27649359886202
calibration_test/ece:	0.012971974909305573
calibration_test/brier:	0.7442386746406555
accuracy_test/task:	30.166666666666668
accuracy_train/concepts:	100.0
map_train/concepts:	0.9998987350198958
accuracy_test/concepts:	100.0
map_test/concepts:	0.999696198436949
accuracy_test/nuisances_task:	2.6883333921432495
accuracy_test/nuisances_nontask:	0.12333318591117859
mutual_inf_test/nuisances_task:	0.007544113639089578
mutual_inf_test/nuisances_nontask:	-5.882004964574694e-05

Epoch 11
losses_train/task:	1.3778294324874878
losses_train/concepts:	0.14487381279468536
losses_train/representations:	0.046233825385570526
losses_train/total:	1.661405086517334
losses_test/task:	1.374074935913086
losses_test/concepts:	0.019440583884716034
losses_test/representations:	0.02382551319897175
losses_test/total:	1.464991569519043
calibration_test/ece:	0.0058036381378769875
calibration_test/brier:	0.7437769174575806
accuracy_test/task:	30.126666666666665
accuracy_test/concepts:	100.0
map_test/concepts:	0.999696198436949

Epoch 12
losses_train/task:	1.3771597146987915
losses_train/concepts:	0.14444294571876526
losses_train/representations:	0.04309958219528198
losses_train/total:	1.6509007215499878
losses_test/task:	1.3741000890731812
losses_test/concepts:	0.01775960996747017
losses_test/representations:	0.03181066736578941
losses_test/total:	1.487291693687439
calibration_test/ece:	0.008020259439945221
calibration_test/brier:	0.7438129186630249
accuracy_test/task:	30.27
accuracy_test/concepts:	100.0
map_test/concepts:	0.999696198436949

Epoch 13
losses_train/task:	1.3771430253982544
losses_train/concepts:	0.1399477869272232
losses_train/representations:	0.03851117938756943
losses_train/total:	1.632623553276062
losses_test/task:	1.3741081953048706
losses_test/concepts:	0.016476212069392204
losses_test/representations:	0.02678097039461136
losses_test/total:	1.4709264039993286
calibration_test/ece:	0.016238732263445854
calibration_test/brier:	0.7438257932662964
accuracy_test/task:	29.936666666666667
accuracy_test/concepts:	100.0
map_test/concepts:	0.999696198436949

Epoch 14
losses_train/task:	1.37729012966156
losses_train/concepts:	0.1383698731660843
losses_train/representations:	0.035706717520952225
losses_train/total:	1.6227775812149048
losses_test/task:	1.3738099336624146
losses_test/concepts:	0.015318854711949825
losses_test/representations:	0.03590170666575432
losses_test/total:	1.4968342781066895
calibration_test/ece:	0.007095683366060257
calibration_test/brier:	0.7436969876289368
accuracy_test/task:	29.976666666666667
accuracy_test/concepts:	100.0
map_test/concepts:	0.999696198436949

Epoch 15
losses_train/task:	1.37666654586792
losses_train/concepts:	0.13701830804347992
losses_train/representations:	0.03484072908759117
losses_train/total:	1.6182079315185547
losses_test/task:	1.373767614364624
losses_test/concepts:	0.014308144338428974
losses_test/representations:	0.014655554667115211
losses_test/total:	1.4320430755615234
calibration_test/ece:	0.008819968439638615
calibration_test/brier:	0.7436587810516357
accuracy_test/task:	30.323333333333334
accuracy_test/concepts:	100.0
map_test/concepts:	0.999696198436949

Epoch 16
losses_train/task:	1.3770296573638916
losses_train/concepts:	0.13935846090316772
losses_train/representations:	0.034524429589509964
losses_train/total:	1.6199610233306885
losses_test/task:	1.3733843564987183
losses_test/concepts:	0.013427854515612125
losses_test/representations:	0.01992666721343994
losses_test/total:	1.446592926979065
calibration_test/ece:	0.008697686716914177
calibration_test/brier:	0.7434837222099304
accuracy_test/task:	30.263333333333332
accuracy_test/concepts:	100.0
map_test/concepts:	0.999696198436949

Epoch 17
losses_train/task:	1.3766205310821533
losses_train/concepts:	0.13710381090641022
losses_train/representations:	0.03204848989844322
losses_train/total:	1.6098694801330566
losses_test/task:	1.3736746311187744
losses_test/concepts:	0.012710446491837502
losses_test/representations:	0.017254790291190147
losses_test/total:	1.4381489753723145
calibration_test/ece:	0.010772577486932278
calibration_test/brier:	0.7436320781707764
accuracy_test/task:	30.28
accuracy_test/concepts:	100.0
map_test/concepts:	0.999696198436949

Epoch 18
losses_train/task:	1.376503586769104
losses_train/concepts:	0.1337212175130844
losses_train/representations:	0.028542712330818176
losses_train/total:	1.595853328704834
losses_test/task:	1.3731300830841064
losses_test/concepts:	0.012101161293685436
losses_test/representations:	0.013293856754899025
losses_test/total:	1.4251132011413574
calibration_test/ece:	0.007981175556778908
calibration_test/brier:	0.743391752243042
accuracy_test/task:	30.07
accuracy_test/concepts:	100.0
map_test/concepts:	0.999696198436949

Epoch 19
losses_train/task:	1.376534104347229
losses_train/concepts:	0.1277565211057663
losses_train/representations:	0.02829563617706299
losses_train/total:	1.589176893234253
losses_test/task:	1.3739643096923828
losses_test/concepts:	0.011425647884607315
losses_test/representations:	0.025050530210137367
losses_test/total:	1.4605424404144287
calibration_test/ece:	0.006688567344099283
calibration_test/brier:	0.7437926530838013
accuracy_test/task:	29.843333333333334
accuracy_test/concepts:	100.0
map_test/concepts:	0.999696198436949

Epoch 20
losses_train/task:	1.376381516456604
losses_train/concepts:	0.1307828724384308
losses_train/representations:	0.026241548359394073
losses_train/total:	1.5858887434005737
losses_test/task:	1.3736952543258667
losses_test/concepts:	0.010942402295768261
losses_test/representations:	0.012711280025541782
losses_test/total:	1.422770619392395
calibration_train/ece:	0.006914956495165825
calibration_train/brier:	0.7430310249328613
accuracy_train/task:	30.51209103840683
calibration_test/ece:	0.004184316843748093
calibration_test/brier:	0.7436603307723999
accuracy_test/task:	30.14666666666667
accuracy_train/concepts:	100.0
map_train/concepts:	0.999898741642634
accuracy_test/concepts:	100.0
map_test/concepts:	0.999696198436949
accuracy_test/nuisances_task:	-0.016666576266288757
accuracy_test/nuisances_nontask:	0.25999993085861206
mutual_inf_test/nuisances_task:	3.539166130828164e-06
mutual_inf_test/nuisances_nontask:	-2.863635745253834e-05

Epoch 21
losses_train/task:	1.3755781650543213
losses_train/concepts:	0.12829290330410004
losses_train/representations:	0.013660826720297337
losses_train/total:	1.5448538064956665
losses_test/task:	1.3729103803634644
losses_test/concepts:	0.010879884473979473
losses_test/representations:	0.006872544996440411
losses_test/total:	1.4044086933135986
calibration_test/ece:	0.0016920000780373812
calibration_test/brier:	0.7432559132575989
accuracy_test/task:	29.78
accuracy_test/concepts:	100.0
map_test/concepts:	0.999696198436949

Epoch 22
losses_train/task:	1.3752014636993408
losses_train/concepts:	0.11991748958826065
losses_train/representations:	0.012966915965080261
losses_train/total:	1.5340203046798706
losses_test/task:	1.3727779388427734
losses_test/concepts:	0.010829232633113861
losses_test/representations:	0.0064731803722679615
losses_test/total:	1.4030264616012573
calibration_test/ece:	0.00471490528434515
calibration_test/brier:	0.743192195892334
accuracy_test/task:	30.216666666666665
accuracy_test/concepts:	100.0
map_test/concepts:	0.999696198436949

Epoch 23
losses_train/task:	1.3748981952667236
losses_train/concepts:	0.12130721658468246
losses_train/representations:	0.01274221483618021
losses_train/total:	1.5344330072402954
losses_test/task:	1.372758388519287
losses_test/concepts:	0.010777163319289684
losses_test/representations:	0.005962832365185022
losses_test/total:	1.4014244079589844
calibration_test/ece:	0.005120640620589256
calibration_test/brier:	0.7431737184524536
accuracy_test/task:	30.19
accuracy_test/concepts:	100.0
map_test/concepts:	0.999696198436949

Epoch 24
losses_train/task:	1.3752167224884033
losses_train/concepts:	0.12417728453874588
losses_train/representations:	0.012516988441348076
losses_train/total:	1.5369454622268677
losses_test/task:	1.3727012872695923
losses_test/concepts:	0.01073644869029522
losses_test/representations:	0.005631341133266687
losses_test/total:	1.4003316164016724
calibration_test/ece:	0.003579945769160986
calibration_test/brier:	0.743149995803833
accuracy_test/task:	30.046666666666667
accuracy_test/concepts:	100.0
map_test/concepts:	0.999696198436949

Epoch 25
losses_train/task:	1.3752005100250244
losses_train/concepts:	0.13587918877601624
losses_train/representations:	0.01313652191311121
losses_train/total:	1.5504889488220215
losses_test/task:	1.372684359550476
losses_test/concepts:	0.010675312951207161
losses_test/representations:	0.00810590386390686
losses_test/total:	1.4076775312423706
calibration_test/ece:	0.009077440947294235
calibration_test/brier:	0.7431324124336243
accuracy_test/task:	30.403333333333332
accuracy_test/concepts:	100.0
map_test/concepts:	0.999696198436949

Epoch 26
losses_train/task:	1.3753814697265625
losses_train/concepts:	0.12285749614238739
losses_train/representations:	0.01251715887337923
losses_train/total:	1.5357898473739624
losses_test/task:	1.3727277517318726
losses_test/concepts:	0.010625687427818775
losses_test/representations:	0.005380758550018072
losses_test/total:	1.3994956016540527
calibration_test/ece:	0.00995888002216816
calibration_test/brier:	0.7431579828262329
accuracy_test/task:	30.683333333333334
accuracy_test/concepts:	100.0
map_test/concepts:	0.999696198436949

Epoch 27
losses_train/task:	1.3750301599502563
losses_train/concepts:	0.12328438460826874
losses_train/representations:	0.011991400271654129
losses_train/total:	1.534287691116333
losses_test/task:	1.372543215751648
losses_test/concepts:	0.010577002540230751
losses_test/representations:	0.0068247364833951
losses_test/total:	1.4035937786102295
calibration_test/ece:	0.0077824778854846954
calibration_test/brier:	0.7430643439292908
accuracy_test/task:	30.523333333333333
accuracy_test/concepts:	100.0
map_test/concepts:	0.999696198436949

Epoch 28
losses_train/task:	1.3747166395187378
losses_train/concepts:	0.12026511877775192
losses_train/representations:	0.011864401400089264
losses_train/total:	1.5305755138397217
losses_test/task:	1.372530460357666
losses_test/concepts:	0.010532415471971035
losses_test/representations:	0.006697596982121468
losses_test/total:	1.4031552076339722
calibration_test/ece:	0.005772653967142105
calibration_test/brier:	0.743060290813446
accuracy_test/task:	30.356666666666666
accuracy_test/concepts:	100.0
map_test/concepts:	0.999696198436949

Epoch 29
losses_train/task:	1.3748785257339478
losses_train/concepts:	0.12116893380880356
losses_train/representations:	0.011958532966673374
losses_train/total:	1.5319219827651978
losses_test/task:	1.37252938747406
losses_test/concepts:	0.010480097495019436
losses_test/representations:	0.006684374995529652
losses_test/total:	1.403062105178833
calibration_test/ece:	0.0032853123266249895
calibration_test/brier:	0.743060827255249
accuracy_test/task:	30.043333333333333
accuracy_test/concepts:	100.0
map_test/concepts:	0.999696198436949

Epoch 30
losses_train/task:	1.3754448890686035
losses_train/concepts:	0.12554490566253662
losses_train/representations:	0.012294496409595013
losses_train/total:	1.5378730297088623
losses_test/task:	1.3724828958511353
losses_test/concepts:	0.010433928109705448
losses_test/representations:	0.0068351756781339645
losses_test/total:	1.4034227132797241
calibration_train/ece:	0.008848794735968113
calibration_train/brier:	0.742469310760498
accuracy_train/task:	30.633223684210527
calibration_test/ece:	0.0053672222420573235
calibration_test/brier:	0.743037760257721
accuracy_test/task:	30.266666666666666
accuracy_train/concepts:	100.0
map_train/concepts:	0.999898738331265
accuracy_test/concepts:	100.0
map_test/concepts:	0.999696198436949
accuracy_test/nuisances_task:	0.06499961018562317
accuracy_test/nuisances_nontask:	0.17666667699813843
mutual_inf_test/nuisances_task:	1.1369867395916167e-06
mutual_inf_test/nuisances_nontask:	-1.5308058128105095e-05

Epoch 31
losses_train/task:	1.3745372295379639
losses_train/concepts:	0.12444058805704117
losses_train/representations:	0.01159390714019537
losses_train/total:	1.533760666847229
losses_test/task:	1.3725111484527588
losses_test/concepts:	0.010384407825767994
losses_test/representations:	0.004906269256025553
losses_test/total:	1.3976144790649414
calibration_test/ece:	0.004580358974635601
calibration_test/brier:	0.7430546283721924
accuracy_test/task:	30.23
accuracy_test/concepts:	100.0
map_test/concepts:	0.999696198436949

Epoch 32
losses_train/task:	1.375015139579773
losses_train/concepts:	0.12286686152219772
losses_train/representations:	0.01137552224099636
losses_train/total:	1.5320075750350952
losses_test/task:	1.3724210262298584
losses_test/concepts:	0.01033097319304943
losses_test/representations:	0.006953191943466663
losses_test/total:	1.403612732887268
calibration_test/ece:	0.003351004095748067
calibration_test/brier:	0.7430118918418884
accuracy_test/task:	29.91
accuracy_test/concepts:	100.0
map_test/concepts:	0.999696198436949

Epoch 33
losses_train/task:	1.3747352361679077
losses_train/concepts:	0.12664449214935303
losses_train/representations:	0.011508502997457981
losses_train/total:	1.5359039306640625
losses_test/task:	1.3723876476287842
losses_test/concepts:	0.010283478535711765
losses_test/representations:	0.007660417817533016
losses_test/total:	1.4056520462036133
calibration_test/ece:	0.0020921467803418636
calibration_test/brier:	0.7429926991462708
accuracy_test/task:	29.976666666666667
accuracy_test/concepts:	100.0
map_test/concepts:	0.999696198436949

Epoch 34
losses_train/task:	1.3753927946090698
losses_train/concepts:	0.12520836293697357
losses_train/representations:	0.011507255025207996
losses_train/total:	1.5351225137710571
losses_test/task:	1.3723253011703491
losses_test/concepts:	0.010234632529318333
losses_test/representations:	0.0074170418083667755
losses_test/total:	1.404810905456543
calibration_test/ece:	0.005605912767350674
calibration_test/brier:	0.7429664731025696
accuracy_test/task:	30.356666666666666
accuracy_test/concepts:	100.0
map_test/concepts:	0.999696198436949

Epoch 35
losses_train/task:	1.3747445344924927
losses_train/concepts:	0.12573979794979095
losses_train/representations:	0.011458590626716614
losses_train/total:	1.5348601341247559
losses_test/task:	1.3724019527435303
losses_test/concepts:	0.010195784270763397
losses_test/representations:	0.008370671421289444
losses_test/total:	1.4077098369598389
calibration_test/ece:	0.004267447628080845
calibration_test/brier:	0.7430052161216736
accuracy_test/task:	30.02
accuracy_test/concepts:	100.0
map_test/concepts:	0.999696198436949

Epoch 36
losses_train/task:	1.374496340751648
losses_train/concepts:	0.12087158113718033
losses_train/representations:	0.011390320956707
losses_train/total:	1.5295382738113403
losses_test/task:	1.3722736835479736
losses_test/concepts:	0.010144596919417381
losses_test/representations:	0.008524511009454727
losses_test/total:	1.4079917669296265
calibration_test/ece:	0.0030362235847860575
calibration_test/brier:	0.7429388761520386
accuracy_test/task:	30.216666666666665
accuracy_test/concepts:	100.0
map_test/concepts:	0.999696198436949

Epoch 37
losses_train/task:	1.3752496242523193
losses_train/concepts:	0.12809914350509644
losses_train/representations:	0.011668818071484566
losses_train/total:	1.5383555889129639
losses_test/task:	1.3724393844604492
losses_test/concepts:	0.010098820552229881
losses_test/representations:	0.007728190161287785
losses_test/total:	1.4057223796844482
calibration_test/ece:	0.001587694976478815
calibration_test/brier:	0.7430182099342346
accuracy_test/task:	29.93
accuracy_test/concepts:	100.0
map_test/concepts:	0.999696198436949

Epoch 38
losses_train/task:	1.3743971586227417
losses_train/concepts:	0.1209111288189888
losses_train/representations:	0.011099453084170818
losses_train/total:	1.5286071300506592
losses_test/task:	1.3723366260528564
losses_test/concepts:	0.010060294531285763
losses_test/representations:	0.007986652664840221
losses_test/total:	1.406356930732727
calibration_test/ece:	0.004206840880215168
calibration_test/brier:	0.7429696321487427
accuracy_test/task:	30.173333333333332
accuracy_test/concepts:	100.0
map_test/concepts:	0.999696198436949

Epoch 39
losses_train/task:	1.3744392395019531
losses_train/concepts:	0.12530547380447388
losses_train/representations:	0.011539437808096409
losses_train/total:	1.534362554550171
losses_test/task:	1.3723020553588867
losses_test/concepts:	0.010015279054641724
losses_test/representations:	0.005106918513774872
losses_test/total:	1.3976380825042725
calibration_test/ece:	0.005787276662886143
calibration_test/brier:	0.7429481744766235
accuracy_test/task:	30.3
accuracy_test/concepts:	100.0
map_test/concepts:	0.999696198436949

Epoch 40
losses_train/task:	1.374362826347351
losses_train/concepts:	0.12566183507442474
losses_train/representations:	0.011489187367260456
losses_train/total:	1.5344934463500977
losses_test/task:	1.3723044395446777
losses_test/concepts:	0.009975758381187916
losses_test/representations:	0.007680548820644617
losses_test/total:	1.4053212404251099
calibration_train/ece:	0.0042230356484651566
calibration_train/brier:	0.742374062538147
accuracy_train/task:	30.305387624466572
calibration_test/ece:	0.0044554006308317184
calibration_test/brier:	0.7429549098014832
accuracy_test/task:	29.95
accuracy_train/concepts:	100.0
map_train/concepts:	0.999898741642634
accuracy_test/concepts:	100.0
map_test/concepts:	0.999696198436949
accuracy_test/nuisances_task:	0.02666674554347992
accuracy_test/nuisances_nontask:	0.2499997615814209
mutual_inf_test/nuisances_task:	3.4068879628479376e-05
mutual_inf_test/nuisances_nontask:	-2.3173364164352783e-05

Epoch 41
losses_train/task:	1.3739292621612549
losses_train/concepts:	0.11884921044111252
losses_train/representations:	0.009811804629862309
losses_train/total:	1.5222153663635254
losses_test/task:	1.372275948524475
losses_test/concepts:	0.009972142986953259
losses_test/representations:	0.005774436052888632
losses_test/total:	1.3995709419250488
calibration_test/ece:	0.0023253823164850473
calibration_test/brier:	0.7429412007331848
accuracy_test/task:	29.99
accuracy_test/concepts:	100.0
map_test/concepts:	0.999696198436949

Epoch 42
losses_train/task:	1.3739650249481201
losses_train/concepts:	0.12449387460947037
losses_train/representations:	0.009876754134893417
losses_train/total:	1.5280883312225342
losses_test/task:	1.372288703918457
losses_test/concepts:	0.009968177415430546
losses_test/representations:	0.005341246258467436
losses_test/total:	1.3982806205749512
calibration_test/ece:	0.0055621713399887085
calibration_test/brier:	0.7429469227790833
accuracy_test/task:	30.073333333333334
accuracy_test/concepts:	100.0
map_test/concepts:	0.999696198436949

Epoch 43
losses_train/task:	1.3744314908981323
losses_train/concepts:	0.125209778547287
losses_train/representations:	0.009726353920996189
losses_train/total:	1.528818964958191
losses_test/task:	1.3722693920135498
losses_test/concepts:	0.009962080977857113
losses_test/representations:	0.0050385501235723495
losses_test/total:	1.3973474502563477
calibration_test/ece:	0.004069476388394833
calibration_test/brier:	0.7429373860359192
accuracy_test/task:	30.14
accuracy_test/concepts:	100.0
map_test/concepts:	0.999696198436949

Epoch 44
losses_train/task:	1.3747191429138184
losses_train/concepts:	0.12295880168676376
losses_train/representations:	0.009826818481087685
losses_train/total:	1.527158498764038
losses_test/task:	1.372265338897705
losses_test/concepts:	0.009957989677786827
losses_test/representations:	0.005767348688095808
losses_test/total:	1.3995254039764404
calibration_test/ece:	0.0051576835103333
calibration_test/brier:	0.7429353594779968
accuracy_test/task:	30.39666666666667
accuracy_test/concepts:	100.0
map_test/concepts:	0.999696198436949

Epoch 45
losses_train/task:	1.3742574453353882
losses_train/concepts:	0.12790942192077637
losses_train/representations:	0.010062295012176037
losses_train/total:	1.5323541164398193
losses_test/task:	1.3722710609436035
losses_test/concepts:	0.009955805726349354
losses_test/representations:	0.004504299722611904
losses_test/total:	1.3957396745681763
calibration_test/ece:	0.004374753683805466
calibration_test/brier:	0.7429386973381042
accuracy_test/task:	30.296666666666667
accuracy_test/concepts:	100.0
map_test/concepts:	0.999696198436949

Epoch 46
losses_train/task:	1.3741534948349
losses_train/concepts:	0.12756513059139252
losses_train/representations:	0.010108047164976597
losses_train/total:	1.5320425033569336
losses_test/task:	1.372268795967102
losses_test/concepts:	0.009949550032615662
losses_test/representations:	0.005420701578259468
losses_test/total:	1.3984806537628174
calibration_test/ece:	0.006509489845484495
calibration_test/brier:	0.7429378628730774
accuracy_test/task:	30.52
accuracy_test/concepts:	100.0
map_test/concepts:	0.999696198436949

Epoch 47
losses_train/task:	1.3743855953216553
losses_train/concepts:	0.1250225007534027
losses_train/representations:	0.009969286620616913
losses_train/total:	1.5293159484863281
losses_test/task:	1.372262954711914
losses_test/concepts:	0.009944792836904526
losses_test/representations:	0.0055815004743635654
losses_test/total:	1.3989518880844116
calibration_test/ece:	0.0038619237020611763
calibration_test/brier:	0.7429350018501282
accuracy_test/task:	30.25
accuracy_test/concepts:	100.0
map_test/concepts:	0.999696198436949

Epoch 48
losses_train/task:	1.3747953176498413
losses_train/concepts:	0.12249164283275604
losses_train/representations:	0.009618914686143398
losses_train/total:	1.5261428356170654
losses_test/task:	1.3722370862960815
losses_test/concepts:	0.009940850548446178
losses_test/representations:	0.0055666035041213036
losses_test/total:	1.3988789319992065
calibration_test/ece:	0.010126741603016853
calibration_test/brier:	0.7429213523864746
accuracy_test/task:	30.876666666666665
accuracy_test/concepts:	100.0
map_test/concepts:	0.999696198436949

Epoch 49
losses_train/task:	1.374450922012329
losses_train/concepts:	0.12574756145477295
losses_train/representations:	0.00949173141270876
losses_train/total:	1.528674840927124
losses_test/task:	1.372243881225586
losses_test/concepts:	0.00993714015930891
losses_test/representations:	0.005991238169372082
losses_test/total:	1.400154709815979
calibration_test/ece:	0.010971114970743656
calibration_test/brier:	0.7429248690605164
accuracy_test/task:	30.99
accuracy_test/concepts:	100.0
map_test/concepts:	0.999696198436949

Epoch 50
losses_train/task:	1.374001383781433
losses_train/concepts:	0.12715832889080048
losses_train/representations:	0.009859004057943821
losses_train/total:	1.5307351350784302
losses_test/task:	1.3722201585769653
losses_test/concepts:	0.009933385998010635
losses_test/representations:	0.0060033248737454414
losses_test/total:	1.4001632928848267
calibration_train/ece:	0.011120045557618141
calibration_train/brier:	0.7423380613327026
accuracy_train/task:	31.02218172119488
calibration_test/ece:	0.008551661856472492
calibration_test/brier:	0.742913544178009
accuracy_test/task:	30.75
accuracy_train/concepts:	100.0
map_train/concepts:	0.9998987317085266
accuracy_test/concepts:	100.0
map_test/concepts:	0.999696198436949
accuracy_test/nuisances_task:	0.1900002360343933
accuracy_test/nuisances_nontask:	0.1499999314546585
mutual_inf_test/nuisances_task:	2.378343072756417e-05
mutual_inf_test/nuisances_nontask:	-1.7850661226392894e-05

epoch_50.pt
groups=0 err_lowconf=69.250 err_random=69.250
groups=1 err_lowconf=69.407 err_random=69.407
groups=2 err_lowconf=69.443 err_random=69.443
groups=3 err_lowconf=69.473 err_random=69.473
groups=4 err_lowconf=69.753 err_random=69.753
groups=5 err_lowconf=69.833 err_random=69.833
groups=6 err_lowconf=69.680 err_random=69.680
groups=7 err_lowconf=69.600 err_random=69.600
groups=8 err_lowconf=69.673 err_random=69.673
groups=9 err_lowconf=69.737 err_random=69.737
groups=10 err_lowconf=69.823 err_random=69.823
groups=11 err_lowconf=69.823 err_random=69.823
groups=12 err_lowconf=69.937 err_random=69.937
groups=13 err_lowconf=69.977 err_random=69.977
groups=14 err_lowconf=69.987 err_random=69.987
groups=15 err_lowconf=70.027 err_random=70.027
groups=16 err_lowconf=69.907 err_random=69.907
groups=17 err_lowconf=69.950 err_random=69.950
groups=18 err_lowconf=70.053 err_random=70.053
[1;34mwandb[0m:
[1;34mwandb[0m: You can sync this run to the cloud by running:
[1;34mwandb[0m: [1mwandb sync /research/hal-afsharim/minimal_cbm/results/shapes3d-mcbm-3/42/wandb/offline-run-20260725_153302-05cf2uey[0m
[1;34mwandb[0m: Find logs at: [1;35mresults/shapes3d-mcbm-3/42/wandb/offline-run-20260725_153302-05cf2uey/logs[0m
