
===== launch 2026-07-25 09:48:40.796873 gpu2 =====
wandb: Using wandb-core as the SDK backend.  Please refer to https://wandb.me/wandb-core for more information.
wandb: Tracking run with wandb version 0.19.0
wandb: W&B syncing is set to `offline` in this directory.  
wandb: Run `wandb online` or set WANDB_MODE=online to enable cloud syncing.

===== launch 2026-07-25 17:14:20.419035 gpu2 =====
wandb: Using wandb-core as the SDK backend.  Please refer to https://wandb.me/wandb-core for more information.
wandb: Tracking run with wandb version 0.19.0
wandb: W&B syncing is set to `offline` in this directory.  
wandb: Run `wandb online` or set WANDB_MODE=online to enable cloud syncing.
Epoch 1
losses_train/task:	0.7307811975479126
losses_train/concepts:	6.866445541381836
losses_train/total:	7.597231864929199
losses_test/task:	0.7122589945793152
losses_test/concepts:	5.15374231338501
losses_test/total:	5.866002559661865
calibration_test/ece:	0.12450956553220749
calibration_test/brier:	0.40480995178222656
accuracy_test/task:	71.55666666666667
accuracy_test/concepts:	93.33259582519531
map_test/concepts:	0.9822196165720621

Epoch 2
losses_train/task:	0.05030258744955063
losses_train/concepts:	1.0859273672103882
losses_train/total:	1.136229157447815
losses_test/task:	0.13545063138008118
losses_test/concepts:	0.39401403069496155
losses_test/total:	0.529464602470398
calibration_test/ece:	0.016287676990032196
calibration_test/brier:	0.07795143127441406
accuracy_test/task:	94.89666666666666
accuracy_test/concepts:	99.34017944335938
map_test/concepts:	0.9996958937909868

Epoch 3
losses_train/task:	0.02427736297249794
losses_train/concepts:	0.4024060368537903
losses_train/total:	0.4266834855079651
losses_test/task:	0.0009964733617380261
losses_test/concepts:	0.0453902967274189
losses_test/total:	0.046386752277612686
calibration_test/ece:	0.0009474692051298916
calibration_test/brier:	0.00013299337297212332
accuracy_test/task:	99.99666666666667
accuracy_test/concepts:	99.99851989746094
map_test/concepts:	0.9996962348620096

Epoch 4
losses_train/task:	0.0019396363059058785
losses_train/concepts:	0.04908433184027672
losses_train/total:	0.05102398991584778
losses_test/task:	0.0005046917940489948
losses_test/concepts:	0.010798443108797073
losses_test/total:	0.011303129605948925
calibration_test/ece:	0.0005002356483601034
calibration_test/brier:	1.97595600184286e-05
accuracy_test/task:	100.0
accuracy_test/concepts:	100.0
map_test/concepts:	0.9996962348620096

Epoch 5
losses_train/task:	0.001445144647732377
losses_train/concepts:	0.030323879793286324
losses_train/total:	0.031769003719091415
losses_test/task:	0.00020266702631488442
losses_test/concepts:	0.006858970038592815
losses_test/total:	0.007061635609716177
calibration_test/ece:	0.0002008330193348229
calibration_test/brier:	5.953381332801655e-06
accuracy_test/task:	100.0
accuracy_test/concepts:	100.0
map_test/concepts:	0.9996962348620096

Epoch 6
losses_train/task:	0.0011182676535099745
losses_train/concepts:	0.015993420034646988
losses_train/total:	0.017111685127019882
losses_test/task:	0.00010213304631179199
losses_test/concepts:	0.004185608588159084
losses_test/total:	0.004287739749997854
calibration_test/ece:	0.00010170373570872471
calibration_test/brier:	2.1701177956856554e-06
accuracy_test/task:	100.0
accuracy_test/concepts:	100.0
map_test/concepts:	0.9996962348620096

Epoch 7
losses_train/task:	0.0005082992138341069
losses_train/concepts:	0.010707900859415531
losses_train/total:	0.01121620461344719
losses_test/task:	0.00031549521372653544
losses_test/concepts:	0.003127077128738165
losses_test/total:	0.0034425712656229734
calibration_test/ece:	0.00030366546707227826
calibration_test/brier:	4.187688318779692e-05
accuracy_test/task:	100.0
accuracy_test/concepts:	100.0
map_test/concepts:	0.9996962348620096

Epoch 8
losses_train/task:	0.004762463271617889
losses_train/concepts:	0.040079545229673386
losses_train/total:	0.044841982424259186
losses_test/task:	8.811645238893107e-05
losses_test/concepts:	0.00600067526102066
losses_test/total:	0.006088792346417904
calibration_test/ece:	8.679938036948442e-05
calibration_test/brier:	1.7345945479974034e-06
accuracy_test/task:	100.0
accuracy_test/concepts:	100.0
map_test/concepts:	0.9996962348620096

Epoch 9
losses_train/task:	0.00045616336865350604
losses_train/concepts:	0.012707144021987915
losses_train/total:	0.013163323514163494
losses_test/task:	5.250806134426966e-05
losses_test/concepts:	0.0028305198065936565
losses_test/total:	0.0028830268420279026
calibration_test/ece:	5.233287811279297e-05
calibration_test/brier:	7.678945621591993e-07
accuracy_test/task:	100.0
accuracy_test/concepts:	100.0
map_test/concepts:	0.9996962348620096

Epoch 10
losses_train/task:	0.0006186720565892756
losses_train/concepts:	0.007456074468791485
losses_train/total:	0.008074742741882801
losses_test/task:	6.206234684213996e-05
losses_test/concepts:	0.00247928942553699
losses_test/total:	0.0025413520634174347
calibration_train/ece:	6.17641126154922e-05
calibration_train/brier:	3.98050588046317e-06
accuracy_train/task:	100.0
calibration_test/ece:	6.141479389043525e-05
calibration_test/brier:	2.9761711175524397e-06
accuracy_test/task:	100.0
accuracy_train/concepts:	100.0
map_train/concepts:	0.9998987449540032
accuracy_test/concepts:	100.0
map_test/concepts:	0.9996962348620096
accuracy_test/nuisances_task:	18.24166662991047
accuracy_test/nuisances_nontask:	34.27000045776367
mutual_inf_test/nuisances_task:	0.12457313595652036
mutual_inf_test/nuisances_nontask:	0.41518489843269135

Epoch 11
losses_train/task:	0.003942249342799187
losses_train/concepts:	0.00918289553374052
losses_train/total:	0.013125146739184856
losses_test/task:	1.70163966686232e-05
losses_test/concepts:	0.003084452822804451
losses_test/total:	0.0031014687847346067
calibration_test/ece:	1.6987323760986328e-05
calibration_test/brier:	4.3533244564741835e-08
accuracy_test/task:	100.0
accuracy_test/concepts:	100.0
map_test/concepts:	0.9996962348620096

Epoch 12
losses_train/task:	0.0001640906120883301
losses_train/concepts:	0.006177236791700125
losses_train/total:	0.006341332569718361
losses_test/task:	2.8777716579497792e-05
losses_test/concepts:	0.001585911144502461
losses_test/total:	0.0016146886628121138
calibration_test/ece:	2.8789043426513672e-05
calibration_test/brier:	2.2620757533786673e-07
accuracy_test/task:	100.0
accuracy_test/concepts:	100.0
map_test/concepts:	0.9996962348620096

Epoch 13
losses_train/task:	0.00015909723879303783
losses_train/concepts:	0.0040163397789001465
losses_train/total:	0.004175437614321709
losses_test/task:	2.0497667719610035e-05
losses_test/concepts:	0.0013625730061903596
losses_test/total:	0.0013830703683197498
calibration_test/ece:	2.0503997802734375e-05
calibration_test/brier:	5.9183438594345716e-08
accuracy_test/task:	100.0
accuracy_test/concepts:	100.0
map_test/concepts:	0.9996962348620096

Epoch 14
losses_train/task:	0.0008007560973055661
losses_train/concepts:	0.0044251782819628716
losses_train/total:	0.005225935950875282
losses_test/task:	1.382120626658434e-05
losses_test/concepts:	0.0013871662085875869
losses_test/total:	0.001400987384840846
calibration_test/ece:	1.3828277587890625e-05
calibration_test/brier:	3.455479813396778e-08
accuracy_test/task:	100.0
accuracy_test/concepts:	100.0
map_test/concepts:	0.9996962348620096

Epoch 15
losses_train/task:	0.00010766368359327316
losses_train/concepts:	0.0036591223906725645
losses_train/total:	0.003766787238419056
losses_test/task:	1.2315013918851037e-05
losses_test/concepts:	0.0012214394519105554
losses_test/total:	0.0012337544467300177
calibration_test/ece:	1.2278556823730469e-05
calibration_test/brier:	1.0303656594601307e-08
accuracy_test/task:	100.0
accuracy_test/concepts:	100.0
map_test/concepts:	0.9996962348620096

Epoch 16
losses_train/task:	0.0001348026708001271
losses_train/concepts:	0.00326063041575253
losses_train/total:	0.0033954340033233166
losses_test/task:	1.3952850167697761e-05
losses_test/concepts:	0.000983338919468224
losses_test/total:	0.0009972915286198258
calibration_test/ece:	1.3887882232666016e-05
calibration_test/brier:	1.2449423714144814e-08
accuracy_test/task:	100.0
accuracy_test/concepts:	100.0
map_test/concepts:	0.9996962348620096

Epoch 17
losses_train/task:	0.0001139119704021141
losses_train/concepts:	0.0031764947343617678
losses_train/total:	0.003290405962616205
losses_test/task:	1.4672301404061727e-05
losses_test/concepts:	0.001264051767066121
losses_test/total:	0.0012787241721525788
calibration_test/ece:	1.4722347259521484e-05
calibration_test/brier:	1.9027789122105787e-08
accuracy_test/task:	100.0
accuracy_test/concepts:	100.0
map_test/concepts:	0.9996962348620096

Epoch 18
losses_train/task:	0.00015756244829390198
losses_train/concepts:	0.003827128792181611
losses_train/total:	0.003984690178185701
losses_test/task:	1.642107599764131e-05
losses_test/concepts:	0.0010624678106978536
losses_test/total:	0.0010788888903334737
calibration_test/ece:	1.6391277313232422e-05
calibration_test/brier:	2.6041268696985753e-08
accuracy_test/task:	100.0
accuracy_test/concepts:	100.0
map_test/concepts:	0.9996962348620096

Epoch 19
losses_train/task:	0.00016818687436170876
losses_train/concepts:	0.003510535228997469
losses_train/total:	0.0036787220742553473
losses_test/task:	1.4177162483974826e-05
losses_test/concepts:	0.0011351803550496697
losses_test/total:	0.0011493571801111102
calibration_test/ece:	1.4185905456542969e-05
calibration_test/brier:	1.3150771138725759e-08
accuracy_test/task:	100.0
accuracy_test/concepts:	100.0
map_test/concepts:	0.9996962348620096

Epoch 20
losses_train/task:	0.0002869762247428298
losses_train/concepts:	0.0034423850011080503
losses_train/total:	0.003729360643774271
losses_test/task:	1.0039681001217104e-05
losses_test/concepts:	0.0009735022322274745
losses_test/total:	0.0009835418313741684
calibration_train/ece:	9.834766387939453e-06
calibration_train/brier:	8.318313149402456e-09
accuracy_train/task:	100.0
calibration_test/ece:	9.953975677490234e-06
calibration_test/brier:	1.061757437526012e-08
accuracy_test/task:	100.0
accuracy_train/concepts:	100.0
map_train/concepts:	0.999898761510849
accuracy_test/concepts:	100.0
map_test/concepts:	0.9996962348620096
accuracy_test/nuisances_task:	16.368333250284195
accuracy_test/nuisances_nontask:	29.92333397269249
mutual_inf_test/nuisances_task:	0.11614092919374136
mutual_inf_test/nuisances_nontask:	0.36394886474814825

Epoch 21
losses_train/task:	5.817096462124027e-05
losses_train/concepts:	0.002552643185481429
losses_train/total:	0.002610814059153199
losses_test/task:	1.039232847688254e-05
losses_test/concepts:	0.0008807702106423676
losses_test/total:	0.0008911630720831454
calibration_test/ece:	1.0371208190917969e-05
calibration_test/brier:	8.50160919441123e-09
accuracy_test/task:	100.0
accuracy_test/concepts:	100.0
map_test/concepts:	0.9996962348620096

Epoch 22
losses_train/task:	9.684169344836846e-05
losses_train/concepts:	0.002413069596514106
losses_train/total:	0.0025099124759435654
losses_test/task:	1.1769728189392481e-05
losses_test/concepts:	0.0008845652919262648
losses_test/total:	0.0008963352884165943
calibration_test/ece:	1.1801719665527344e-05
calibration_test/brier:	1.798470883329628e-08
accuracy_test/task:	100.0
accuracy_test/concepts:	100.0
map_test/concepts:	0.9996962348620096

Epoch 23
losses_train/task:	8.950366463977844e-05
losses_train/concepts:	0.002606902504339814
losses_train/total:	0.002696406561881304
losses_test/task:	1.116175735660363e-05
losses_test/concepts:	0.0008762381039559841
losses_test/total:	0.0008874002378433943
calibration_test/ece:	1.1146068572998047e-05
calibration_test/brier:	1.1740127980885973e-08
accuracy_test/task:	100.0
accuracy_test/concepts:	100.0
map_test/concepts:	0.9996962348620096

Epoch 24
losses_train/task:	8.185968908946961e-05
losses_train/concepts:	0.0025254341308027506
losses_train/total:	0.0026072931941598654
losses_test/task:	1.133754904003581e-05
losses_test/concepts:	0.0009034710819832981
losses_test/total:	0.0009148083627223969
calibration_test/ece:	1.1324882507324219e-05
calibration_test/brier:	9.65793933715986e-09
accuracy_test/task:	100.0
accuracy_test/concepts:	100.0
map_test/concepts:	0.9996962348620096

Epoch 25
losses_train/task:	7.572594768134877e-05
losses_train/concepts:	0.0023823557421565056
losses_train/total:	0.002458080882206559
losses_test/task:	1.067238008545246e-05
losses_test/concepts:	0.0008662460022605956
losses_test/total:	0.0008769183186814189
calibration_test/ece:	1.0609626770019531e-05
calibration_test/brier:	7.498264231742269e-09
accuracy_test/task:	100.0
accuracy_test/concepts:	100.0
map_test/concepts:	0.9996962348620096

Epoch 26
losses_train/task:	9.115393186220899e-05
losses_train/concepts:	0.0024296597111970186
losses_train/total:	0.0025208129081875086
losses_test/task:	1.2657844308705535e-05
losses_test/concepts:	0.0008271542610600591
losses_test/total:	0.0008398120990023017
calibration_test/ece:	1.2695789337158203e-05
calibration_test/brier:	1.3168652834849581e-08
accuracy_test/task:	100.0
accuracy_test/concepts:	100.0
map_test/concepts:	0.9996962348620096

Epoch 27
losses_train/task:	8.371638978132978e-05
losses_train/concepts:	0.002185897435992956
losses_train/total:	0.002269610995426774
losses_test/task:	1.136032551585231e-05
losses_test/concepts:	0.0008248973172158003
losses_test/total:	0.0008362576481886208
calibration_test/ece:	1.1324882507324219e-05
calibration_test/brier:	8.124112937935024e-09
accuracy_test/task:	100.0
accuracy_test/concepts:	100.0
map_test/concepts:	0.9996962348620096

Epoch 28
losses_train/task:	8.527850150130689e-05
losses_train/concepts:	0.002315573627129197
losses_train/total:	0.0024008536711335182
losses_test/task:	1.2419323866197374e-05
losses_test/concepts:	0.0008655004785396159
losses_test/total:	0.000877919839695096
calibration_test/ece:	1.239776611328125e-05
calibration_test/brier:	1.3202428483793938e-08
accuracy_test/task:	100.0
accuracy_test/concepts:	100.0
map_test/concepts:	0.9996962348620096

Epoch 29
losses_train/task:	8.127507317112759e-05
losses_train/concepts:	0.0022793938405811787
losses_train/total:	0.002360668731853366
losses_test/task:	1.0436241609568242e-05
losses_test/concepts:	0.0008136258111335337
losses_test/total:	0.0008240619790740311
calibration_test/ece:	1.049041748046875e-05
calibration_test/brier:	7.452567452048697e-09
accuracy_test/task:	100.0
accuracy_test/concepts:	100.0
map_test/concepts:	0.9996962348620096

Epoch 30
losses_train/task:	0.00012095161218894646
losses_train/concepts:	0.002212291583418846
losses_train/total:	0.0023332424461841583
losses_test/task:	2.3108079403755255e-05
losses_test/concepts:	0.000821022957097739
losses_test/total:	0.0008441313402727246
calibration_train/ece:	2.3424625396728516e-05
calibration_train/brier:	2.769631350929558e-07
accuracy_train/task:	100.0
calibration_test/ece:	2.3066997528076172e-05
calibration_test/brier:	1.205106627821806e-07
accuracy_test/task:	100.0
accuracy_train/concepts:	100.0
map_train/concepts:	0.9998987482653724
accuracy_test/concepts:	100.0
map_test/concepts:	0.9996962348620096
accuracy_test/nuisances_task:	17.118332907557487
accuracy_test/nuisances_nontask:	28.57999950647354
mutual_inf_test/nuisances_task:	0.11902180420640573
mutual_inf_test/nuisances_nontask:	0.3404093428517211

Epoch 31
losses_train/task:	0.00010371828830102459
losses_train/concepts:	0.0024479420389980078
losses_train/total:	0.0025516620371490717
losses_test/task:	1.2483877981139813e-05
losses_test/concepts:	0.0008419591467827559
losses_test/total:	0.0008544430020265281
calibration_test/ece:	1.2516975402832031e-05
calibration_test/brier:	1.6349554599059957e-08
accuracy_test/task:	100.0
accuracy_test/concepts:	100.0
map_test/concepts:	0.9996962348620096

Epoch 32
losses_train/task:	8.26294781290926e-05
losses_train/concepts:	0.002233524341136217
losses_train/total:	0.002316155703738332
losses_test/task:	1.2172502465546131e-05
losses_test/concepts:	0.0007962452946230769
losses_test/total:	0.0008084179717116058
calibration_test/ece:	1.2099742889404297e-05
calibration_test/brier:	1.344283440118943e-08
accuracy_test/task:	100.0
accuracy_test/concepts:	100.0
map_test/concepts:	0.9996962348620096

Epoch 33
losses_train/task:	0.00010025937808677554
losses_train/concepts:	0.0022794646210968494
losses_train/total:	0.002379723358899355
losses_test/task:	1.2203128790133633e-05
losses_test/concepts:	0.0007596089271828532
losses_test/total:	0.0007718125125393271
calibration_test/ece:	1.2159347534179688e-05
calibration_test/brier:	1.4404455406236139e-08
accuracy_test/task:	100.0
accuracy_test/concepts:	100.0
map_test/concepts:	0.9996962348620096

Epoch 34
losses_train/task:	8.159868593793362e-05
losses_train/concepts:	0.002273367252200842
losses_train/total:	0.0023549674078822136
losses_test/task:	1.1561021892703138e-05
losses_test/concepts:	0.0007799674640409648
losses_test/total:	0.0007915289606899023
calibration_test/ece:	1.1563301086425781e-05
calibration_test/brier:	1.2014309547225821e-08
accuracy_test/task:	100.0
accuracy_test/concepts:	100.0
map_test/concepts:	0.9996962348620096

Epoch 35
losses_train/task:	8.281305781565607e-05
losses_train/concepts:	0.0021229798439890146
losses_train/total:	0.002205795142799616
losses_test/task:	1.3349068467505276e-05
losses_test/concepts:	0.0007755006081424654
losses_test/total:	0.0007888498948886991
calibration_test/ece:	1.329183578491211e-05
calibration_test/brier:	1.366337176733623e-08
accuracy_test/task:	100.0
accuracy_test/concepts:	100.0
map_test/concepts:	0.9996962348620096

Epoch 36
losses_train/task:	8.260219328803942e-05
losses_train/concepts:	0.002156222006306052
losses_train/total:	0.00223882426507771
losses_test/task:	1.2306307326070964e-05
losses_test/concepts:	0.0007624700083397329
losses_test/total:	0.00077477638842538
calibration_test/ece:	1.2218952178955078e-05
calibration_test/brier:	1.1136134681066778e-08
accuracy_test/task:	100.0
accuracy_test/concepts:	100.0
map_test/concepts:	0.9996962348620096

Epoch 37
losses_train/task:	8.586937474319711e-05
losses_train/concepts:	0.0021163946948945522
losses_train/total:	0.0022022617049515247
losses_test/task:	1.2603538380062673e-05
losses_test/concepts:	0.000765342207159847
losses_test/total:	0.0007779456209391356
calibration_test/ece:	1.2636184692382812e-05
calibration_test/brier:	1.4764070854766942e-08
accuracy_test/task:	100.0
accuracy_test/concepts:	100.0
map_test/concepts:	0.9996962348620096

Epoch 38
losses_train/task:	8.600056025898084e-05
losses_train/concepts:	0.0023473287001252174
losses_train/total:	0.0024333291221410036
losses_test/task:	1.1066620572819375e-05
losses_test/concepts:	0.0007912623113952577
losses_test/total:	0.0008023285772651434
calibration_test/ece:	1.1086463928222656e-05
calibration_test/brier:	6.9876513464350865e-09
accuracy_test/task:	100.0
accuracy_test/concepts:	100.0
map_test/concepts:	0.9996962348620096

Epoch 39
losses_train/task:	0.00010549384023761377
losses_train/concepts:	0.0021297067869454622
losses_train/total:	0.0022352011874318123
losses_test/task:	1.1831525625893846e-05
losses_test/concepts:	0.0008207217324525118
losses_test/total:	0.0008325533126480877
calibration_test/ece:	1.1861324310302734e-05
calibration_test/brier:	1.312295605515601e-08
accuracy_test/task:	100.0
accuracy_test/concepts:	100.0
map_test/concepts:	0.9996962348620096

Epoch 40
losses_train/task:	0.00011875863856403157
losses_train/concepts:	0.0020827355328947306
losses_train/total:	0.0022014942951500416
losses_test/task:	1.1472602636786178e-05
losses_test/concepts:	0.0007932566804811358
losses_test/total:	0.0008047291194088757
calibration_train/ece:	1.138448715209961e-05
calibration_train/brier:	8.879359469915471e-09
accuracy_train/task:	100.0
calibration_test/ece:	1.150369644165039e-05
calibration_test/brier:	1.0152658269646508e-08
accuracy_test/task:	100.0
accuracy_train/concepts:	100.0
map_train/concepts:	0.9998987449540032
accuracy_test/concepts:	100.0
map_test/concepts:	0.9996962348620096
accuracy_test/nuisances_task:	17.510000616312027
accuracy_test/nuisances_nontask:	28.800000622868538
mutual_inf_test/nuisances_task:	0.11993216065164292
mutual_inf_test/nuisances_nontask:	0.3427165641519613

Epoch 41
losses_train/task:	8.987888577394187e-05
losses_train/concepts:	0.0022614644840359688
losses_train/total:	0.0023513431660830975
losses_test/task:	1.2718192010652274e-05
losses_test/concepts:	0.0007714364328421652
losses_test/total:	0.0007841546321287751
calibration_test/ece:	1.2636184692382812e-05
calibration_test/brier:	1.7605225721695206e-08
accuracy_test/task:	100.0
accuracy_test/concepts:	100.0
map_test/concepts:	0.9996962348620096

Epoch 42
losses_train/task:	7.208267197711393e-05
losses_train/concepts:	0.002079444471746683
losses_train/total:	0.002151529071852565
losses_test/task:	1.1265435205132235e-05
losses_test/concepts:	0.0007863360806368291
losses_test/total:	0.000797601358499378
calibration_test/ece:	1.1205673217773438e-05
calibration_test/brier:	7.587670936004542e-09
accuracy_test/task:	100.0
accuracy_test/concepts:	100.0
map_test/concepts:	0.9996962348620096

Epoch 43
losses_train/task:	7.93903527664952e-05
losses_train/concepts:	0.002131054876372218
losses_train/total:	0.0022104468662291765
losses_test/task:	1.3829909221385606e-05
losses_test/concepts:	0.0007661335985176265
losses_test/total:	0.0007799637969583273
calibration_test/ece:	1.3887882232666016e-05
calibration_test/brier:	2.1878879152836817e-08
accuracy_test/task:	100.0
accuracy_test/concepts:	100.0
map_test/concepts:	0.9996962348620096

Epoch 44
losses_train/task:	8.80928200786002e-05
losses_train/concepts:	0.0022124515380710363
losses_train/total:	0.002300544874742627
losses_test/task:	1.0709270100051071e-05
losses_test/concepts:	0.0007690094062127173
losses_test/total:	0.0007797183352522552
calibration_test/ece:	1.0669231414794922e-05
calibration_test/brier:	8.489688063662015e-09
accuracy_test/task:	100.0
accuracy_test/concepts:	100.0
map_test/concepts:	0.9996962348620096

Epoch 45
losses_train/task:	9.897832205751911e-05
losses_train/concepts:	0.002117407973855734
losses_train/total:	0.0022163870744407177
losses_test/task:	1.1196499144716654e-05
losses_test/concepts:	0.0008022774709388614
losses_test/total:	0.0008134741219691932
calibration_test/ece:	1.1205673217773438e-05
calibration_test/brier:	8.694330588809862e-09
accuracy_test/task:	100.0
accuracy_test/concepts:	100.0
map_test/concepts:	0.9996962348620096

Epoch 46
losses_train/task:	8.611135854152963e-05
losses_train/concepts:	0.002204613294452429
losses_train/total:	0.0022907238453626633
losses_test/task:	1.2212562978675123e-05
losses_test/concepts:	0.0007841838523745537
losses_test/total:	0.0007963959942571819
calibration_test/ece:	1.2099742889404297e-05
calibration_test/brier:	8.263191020319027e-09
accuracy_test/task:	100.0
accuracy_test/concepts:	100.0
map_test/concepts:	0.9996962348620096

Epoch 47
losses_train/task:	0.00010732208465924487
losses_train/concepts:	0.0021127911750227213
losses_train/total:	0.0022201116662472486
losses_test/task:	1.2313930710661225e-05
losses_test/concepts:	0.000751197396311909
losses_test/total:	0.0007635111687704921
calibration_test/ece:	1.2278556823730469e-05
calibration_test/brier:	1.5223026395005945e-08
accuracy_test/task:	100.0
accuracy_test/concepts:	100.0
map_test/concepts:	0.9996962348620096

Epoch 48
losses_train/task:	9.246892295777798e-05
losses_train/concepts:	0.0021821705158799887
losses_train/total:	0.0022746361792087555
losses_test/task:	1.2232581866555847e-05
losses_test/concepts:	0.0007613952620886266
losses_test/total:	0.0007736275438219309
calibration_test/ece:	1.2159347534179688e-05
calibration_test/brier:	1.0095040359203722e-08
accuracy_test/task:	100.0
accuracy_test/concepts:	100.0
map_test/concepts:	0.9996962348620096

Epoch 49
losses_train/task:	8.888173033483326e-05
losses_train/concepts:	0.0022863380145281553
losses_train/total:	0.002375219017267227
losses_test/task:	1.149863328464562e-05
losses_test/concepts:	0.0007720474386587739
losses_test/total:	0.0007835460128262639
calibration_test/ece:	1.1444091796875e-05
calibration_test/brier:	9.544690371399156e-09
accuracy_test/task:	100.0
accuracy_test/concepts:	100.0
map_test/concepts:	0.9996962348620096

Epoch 50
losses_train/task:	7.184912828961387e-05
losses_train/concepts:	0.002151929307729006
losses_train/total:	0.0022237817756831646
losses_test/task:	1.1365671525709331e-05
losses_test/concepts:	0.0007461888017132878
losses_test/total:	0.0007575546042062342
calibration_train/ece:	1.1265277862548828e-05
calibration_train/brier:	9.564934622119381e-09
accuracy_train/task:	100.0
calibration_test/ece:	1.1324882507324219e-05
calibration_test/brier:	1.0651350024204476e-08
accuracy_test/task:	100.0
accuracy_train/concepts:	100.0
map_train/concepts:	0.9998987350198958
accuracy_test/concepts:	100.0
map_test/concepts:	0.9996962348620096
accuracy_test/nuisances_task:	16.82666763663292
accuracy_test/nuisances_nontask:	29.13000099360943
mutual_inf_test/nuisances_task:	0.12189096687148615
mutual_inf_test/nuisances_nontask:	0.336989251364461

epoch_50.pt
groups=0 err_lowconf=0.000 err_random=0.000
groups=1 err_lowconf=0.000 err_random=0.000
groups=2 err_lowconf=0.013 err_random=0.013
groups=3 err_lowconf=0.180 err_random=0.180
groups=4 err_lowconf=1.040 err_random=1.040
groups=5 err_lowconf=8.010 err_random=8.010
groups=6 err_lowconf=12.267 err_random=12.267
groups=7 err_lowconf=24.147 err_random=24.147
groups=8 err_lowconf=28.327 err_random=28.327
groups=9 err_lowconf=29.960 err_random=29.960
groups=10 err_lowconf=32.083 err_random=32.083
groups=11 err_lowconf=35.420 err_random=35.420
groups=12 err_lowconf=37.623 err_random=37.623
groups=13 err_lowconf=46.377 err_random=46.377
groups=14 err_lowconf=45.307 err_random=45.307
groups=15 err_lowconf=66.683 err_random=66.683
groups=16 err_lowconf=66.407 err_random=66.407
groups=17 err_lowconf=74.683 err_random=74.683
groups=18 err_lowconf=74.683 err_random=74.683
[1;34mwandb[0m:
[1;34mwandb[0m: You can sync this run to the cloud by running:
[1;34mwandb[0m: [1mwandb sync /research/hal-afsharim/minimal_cbm/results/shapes3d-cbm/43/wandb/offline-run-20260725_171424-sg497uhz[0m
[1;34mwandb[0m: Find logs at: [1;35mresults/shapes3d-cbm/43/wandb/offline-run-20260725_171424-sg497uhz/logs[0m
