
===== launch 2026-07-25 19:30:04.139820 gpu1 =====
wandb: Using wandb-core as the SDK backend.  Please refer to https://wandb.me/wandb-core for more information.
wandb: Tracking run with wandb version 0.19.0
wandb: W&B syncing is set to `offline` in this directory.  
wandb: Run `wandb online` or set WANDB_MODE=online to enable cloud syncing.
Epoch 1
losses_train/task:	1.3873826265335083
losses_train/concepts:	12.766233444213867
losses_train/representations:	7.057612419128418
losses_train/total:	21.21121597290039
losses_test/task:	1.3727868795394897
losses_test/concepts:	7.593522071838379
losses_test/representations:	4.433871746063232
losses_test/total:	13.400184631347656
calibration_test/ece:	0.012683816254138947
calibration_test/brier:	0.7431724071502686
accuracy_test/task:	29.72
accuracy_test/concepts:	89.12388610839844
map_test/concepts:	0.7327245738771226

Epoch 2
losses_train/task:	1.379236102104187
losses_train/concepts:	4.03926420211792
losses_train/representations:	2.194753408432007
losses_train/total:	7.613263130187988
losses_test/task:	1.3711328506469727
losses_test/concepts:	1.5041978359222412
losses_test/representations:	0.3250398337841034
losses_test/total:	3.2003695964813232
calibration_test/ece:	0.0116806011646986
calibration_test/brier:	0.7423876523971558
accuracy_test/task:	30.203333333333333
accuracy_test/concepts:	99.44388580322266
map_test/concepts:	0.9496476087305281

Epoch 3
losses_train/task:	1.376343011856079
losses_train/concepts:	1.6097090244293213
losses_train/representations:	0.29785028100013733
losses_train/total:	3.2839019298553467
losses_test/task:	1.3701763153076172
losses_test/concepts:	1.3656346797943115
losses_test/representations:	0.14272551238536835
losses_test/total:	2.878535747528076
calibration_test/ece:	0.022084567695856094
calibration_test/brier:	0.7419652342796326
accuracy_test/task:	30.82
accuracy_test/concepts:	94.99925994873047
map_test/concepts:	0.9496476087305281

Epoch 4
losses_train/task:	1.3740566968917847
losses_train/concepts:	1.5016423463821411
losses_train/representations:	0.24061210453510284
losses_train/total:	3.1163105964660645
losses_test/task:	1.3677635192871094
losses_test/concepts:	1.3253484964370728
losses_test/representations:	0.24847988784313202
losses_test/total:	2.9415907859802246
calibration_test/ece:	0.022152060642838478
calibration_test/brier:	0.740714430809021
accuracy_test/task:	30.743333333333332
accuracy_test/concepts:	99.44388580322266
map_test/concepts:	0.9496476087305281

Epoch 5
losses_train/task:	1.372999906539917
losses_train/concepts:	1.4913779497146606
losses_train/representations:	0.25363320112228394
losses_train/total:	3.1180107593536377
losses_test/task:	1.3671101331710815
losses_test/concepts:	1.3062664270401
losses_test/representations:	0.06490858644247055
losses_test/total:	2.7382853031158447
calibration_test/ece:	0.031660523265600204
calibration_test/brier:	0.7403207421302795
accuracy_test/task:	32.62
accuracy_test/concepts:	95.00055694580078
map_test/concepts:	0.9496476087305281

Epoch 6
losses_train/task:	1.3711854219436646
losses_train/concepts:	1.4290322065353394
losses_train/representations:	0.17174316942691803
losses_train/total:	2.9719598293304443
losses_test/task:	1.3647208213806152
losses_test/concepts:	1.2959195375442505
losses_test/representations:	0.12160732597112656
losses_test/total:	2.782247543334961
calibration_test/ece:	0.02736050635576248
calibration_test/brier:	0.7392420768737793
accuracy_test/task:	32.11666666666667
accuracy_test/concepts:	95.00055694580078
map_test/concepts:	0.9496476087305281

Epoch 7
losses_train/task:	1.3697327375411987
losses_train/concepts:	1.415885329246521
losses_train/representations:	0.1603769063949585
losses_train/total:	2.945993423461914
losses_test/task:	1.3620436191558838
losses_test/concepts:	1.2869930267333984
losses_test/representations:	0.1246078684926033
losses_test/total:	2.7736430168151855
calibration_test/ece:	0.026129376143217087
calibration_test/brier:	0.7378445267677307
accuracy_test/task:	32.656666666666666
accuracy_test/concepts:	99.44388580322266
map_test/concepts:	0.9496476087305281

Epoch 8
losses_train/task:	1.3727595806121826
losses_train/concepts:	3.446187734603882
losses_train/representations:	1.5096584558486938
losses_train/total:	6.328608989715576
losses_test/task:	1.36739182472229
losses_test/concepts:	1.3060473203659058
losses_test/representations:	0.1392785906791687
losses_test/total:	2.8127171993255615
calibration_test/ece:	0.0192418210208416
calibration_test/brier:	0.7406441569328308
accuracy_test/task:	31.303333333333335
accuracy_test/concepts:	95.00055694580078
map_test/concepts:	0.9496476087305281

Epoch 9
losses_train/task:	1.3722403049468994
losses_train/concepts:	1.451377272605896
losses_train/representations:	0.1993785798549652
losses_train/total:	3.0229973793029785
losses_test/task:	1.3666797876358032
losses_test/concepts:	1.2919082641601562
losses_test/representations:	0.09359139204025269
losses_test/total:	2.7521796226501465
calibration_test/ece:	0.01936258375644684
calibration_test/brier:	0.7402406334877014
accuracy_test/task:	31.536666666666665
accuracy_test/concepts:	95.00055694580078
map_test/concepts:	0.9496476087305281

Epoch 10
losses_train/task:	1.3703662157058716
losses_train/concepts:	1.4230440855026245
losses_train/representations:	0.16717833280563354
losses_train/total:	2.9605913162231445
losses_test/task:	1.3630967140197754
losses_test/concepts:	1.2840156555175781
losses_test/representations:	0.09348983317613602
losses_test/total:	2.7406017780303955
calibration_train/ece:	0.04732813313603401
calibration_train/brier:	0.7366763353347778
accuracy_train/task:	33.73155227596017
calibration_test/ece:	0.04085947573184967
calibration_test/brier:	0.7384818196296692
accuracy_test/task:	33.093333333333334
accuracy_train/concepts:	99.44459533691406
map_train/concepts:	0.9498928081658151
accuracy_test/concepts:	99.44388580322266
map_test/concepts:	0.9496476087305281
accuracy_test/nuisances_task:	10.014999657869339
accuracy_test/nuisances_nontask:	11.87666691839695
mutual_inf_test/nuisances_task:	0.06290273479374431
mutual_inf_test/nuisances_nontask:	0.09578786945104911

Epoch 11
losses_train/task:	1.3700870275497437
losses_train/concepts:	1.7768361568450928
losses_train/representations:	0.45378032326698303
losses_train/total:	3.6007022857666016
losses_test/task:	1.3662782907485962
losses_test/concepts:	1.2813714742660522
losses_test/representations:	0.10088395327329636
losses_test/total:	2.7485334873199463
calibration_test/ece:	0.020371519029140472
calibration_test/brier:	0.7401198148727417
accuracy_test/task:	31.61
accuracy_test/concepts:	99.44388580322266
map_test/concepts:	0.9496476087305281

Epoch 12
losses_train/task:	1.3707139492034912
losses_train/concepts:	1.40403413772583
losses_train/representations:	0.14063945412635803
losses_train/total:	2.9153852462768555
losses_test/task:	1.3653960227966309
losses_test/concepts:	1.2772915363311768
losses_test/representations:	0.11518822610378265
losses_test/total:	2.7578752040863037
calibration_test/ece:	0.03265872970223427
calibration_test/brier:	0.739605188369751
accuracy_test/task:	32.27
accuracy_test/concepts:	99.44388580322266
map_test/concepts:	0.9496476087305281

Epoch 13
losses_train/task:	1.369673728942871
losses_train/concepts:	1.3928077220916748
losses_train/representations:	0.12623581290245056
losses_train/total:	2.88871693611145
losses_test/task:	1.3642358779907227
losses_test/concepts:	1.2730228900909424
losses_test/representations:	0.10815997421741486
losses_test/total:	2.74541974067688
calibration_test/ece:	0.013103350065648556
calibration_test/brier:	0.7390694618225098
accuracy_test/task:	30.936666666666667
accuracy_test/concepts:	99.44388580322266
map_test/concepts:	0.9496476087305281

Epoch 14
losses_train/task:	1.3688791990280151
losses_train/concepts:	1.3879185914993286
losses_train/representations:	0.1202092170715332
losses_train/total:	2.8770055770874023
losses_test/task:	1.3626649379730225
losses_test/concepts:	1.2709355354309082
losses_test/representations:	0.07546437531709671
losses_test/total:	2.7090656757354736
calibration_test/ece:	0.029595639556646347
calibration_test/brier:	0.7380729913711548
accuracy_test/task:	33.093333333333334
accuracy_test/concepts:	95.00055694580078
map_test/concepts:	0.9496476087305281

Epoch 15
losses_train/task:	1.3680943250656128
losses_train/concepts:	1.3817890882492065
losses_train/representations:	0.10908658057451248
losses_train/total:	2.8589699268341064
losses_test/task:	1.3616080284118652
losses_test/concepts:	1.2690623998641968
losses_test/representations:	0.08382198959589005
losses_test/total:	2.714491844177246
calibration_test/ece:	0.03044665977358818
calibration_test/brier:	0.7375708222389221
accuracy_test/task:	32.75666666666667
accuracy_test/concepts:	95.00055694580078
map_test/concepts:	0.9496476087305281

Epoch 16
losses_train/task:	1.366251826286316
losses_train/concepts:	1.378572702407837
losses_train/representations:	0.10977538675069809
losses_train/total:	2.854600667953491
losses_test/task:	1.3540427684783936
losses_test/concepts:	1.2671233415603638
losses_test/representations:	0.08957268297672272
losses_test/total:	2.710738182067871
calibration_test/ece:	0.021406378597021103
calibration_test/brier:	0.7336275577545166
accuracy_test/task:	32.38
accuracy_test/concepts:	99.44388580322266
map_test/concepts:	0.9496476087305281

Epoch 17
losses_train/task:	1.362919807434082
losses_train/concepts:	1.3752676248550415
losses_train/representations:	0.10298123210668564
losses_train/total:	2.8411688804626465
losses_test/task:	1.3486944437026978
losses_test/concepts:	1.265507459640503
losses_test/representations:	0.10951583087444305
losses_test/total:	2.7237186431884766
calibration_test/ece:	0.05598168075084686
calibration_test/brier:	0.7308264970779419
accuracy_test/task:	36.12
accuracy_test/concepts:	99.44388580322266
map_test/concepts:	0.9496476087305281

Epoch 18
losses_train/task:	1.359354853630066
losses_train/concepts:	1.3709708452224731
losses_train/representations:	0.10103188455104828
losses_train/total:	2.831357955932617
losses_test/task:	1.3405671119689941
losses_test/concepts:	1.2642788887023926
losses_test/representations:	0.04712951183319092
losses_test/total:	2.6519765853881836
calibration_test/ece:	0.04352836310863495
calibration_test/brier:	0.7272307276725769
accuracy_test/task:	35.18666666666667
accuracy_test/concepts:	99.44388580322266
map_test/concepts:	0.9496476087305281

Epoch 19
losses_train/task:	1.3535281419754028
losses_train/concepts:	1.3669630289077759
losses_train/representations:	0.1012844443321228
losses_train/total:	2.8217756748199463
losses_test/task:	1.321928858757019
losses_test/concepts:	1.2632840871810913
losses_test/representations:	0.08884362876415253
losses_test/total:	2.6740562915802
calibration_test/ece:	0.0899520292878151
calibration_test/brier:	0.7163718938827515
accuracy_test/task:	38.94
accuracy_test/concepts:	95.00055694580078
map_test/concepts:	0.9496476087305281

Epoch 20
losses_train/task:	1.3338061571121216
losses_train/concepts:	1.3627105951309204
losses_train/representations:	0.11098431050777435
losses_train/total:	2.8075029850006104
losses_test/task:	1.2700655460357666
losses_test/concepts:	1.2624229192733765
losses_test/representations:	0.0891432911157608
losses_test/total:	2.6216320991516113
calibration_train/ece:	0.14597879350185394
calibration_train/brier:	0.6883682012557983
accuracy_train/task:	46.34046052631579
calibration_test/ece:	0.13981173932552338
calibration_test/brier:	0.690586268901825
accuracy_test/task:	45.68666666666667
accuracy_train/concepts:	94.99960327148438
map_train/concepts:	0.9499208687080277
accuracy_test/concepts:	95.00055694580078
map_test/concepts:	0.9496476087305281
accuracy_test/nuisances_task:	6.340000033378601
accuracy_test/nuisances_nontask:	7.476666197180748
mutual_inf_test/nuisances_task:	0.02466528793499556
mutual_inf_test/nuisances_nontask:	0.07734156001085768

Epoch 21
losses_train/task:	1.310439944267273
losses_train/concepts:	1.3597959280014038
losses_train/representations:	0.09170026332139969
losses_train/total:	2.7619361877441406
losses_test/task:	1.251209020614624
losses_test/concepts:	1.262247920036316
losses_test/representations:	0.06789416074752808
losses_test/total:	2.581350803375244
calibration_test/ece:	0.18648484349250793
calibration_test/brier:	0.680118203163147
accuracy_test/task:	50.89
accuracy_test/concepts:	99.44388580322266
map_test/concepts:	0.9496476087305281

Epoch 22
losses_train/task:	1.2998394966125488
losses_train/concepts:	1.3583840131759644
losses_train/representations:	0.09535329043865204
losses_train/total:	2.753577470779419
losses_test/task:	1.2296864986419678
losses_test/concepts:	1.2621726989746094
losses_test/representations:	0.07130053639411926
losses_test/total:	2.5631589889526367
calibration_test/ece:	0.1972879320383072
calibration_test/brier:	0.6685163974761963
accuracy_test/task:	52.50333333333333
accuracy_test/concepts:	99.44388580322266
map_test/concepts:	0.9496476087305281

Epoch 23
losses_train/task:	1.2880409955978394
losses_train/concepts:	1.3540681600570679
losses_train/representations:	0.09932875633239746
losses_train/total:	2.741438150405884
losses_test/task:	1.2103379964828491
losses_test/concepts:	1.262089490890503
losses_test/representations:	0.07707198709249496
losses_test/total:	2.5494987964630127
calibration_test/ece:	0.2213670313358307
calibration_test/brier:	0.6581874489784241
accuracy_test/task:	55.196666666666665
accuracy_test/concepts:	99.44388580322266
map_test/concepts:	0.9496476087305281

Epoch 24
losses_train/task:	1.2745246887207031
losses_train/concepts:	1.3668162822723389
losses_train/representations:	0.1104104295372963
losses_train/total:	2.751753568649292
losses_test/task:	1.1876951456069946
losses_test/concepts:	1.2620090246200562
losses_test/representations:	0.09270282089710236
losses_test/total:	2.5424067974090576
calibration_test/ece:	0.2326800525188446
calibration_test/brier:	0.6471269130706787
accuracy_test/task:	57.263333333333335
accuracy_test/concepts:	99.44388580322266
map_test/concepts:	0.9496476087305281

Epoch 25
losses_train/task:	1.2566293478012085
losses_train/concepts:	1.3635669946670532
losses_train/representations:	0.12009099870920181
losses_train/total:	2.740288257598877
losses_test/task:	1.153788685798645
losses_test/concepts:	1.261934518814087
losses_test/representations:	0.09848762303590775
losses_test/total:	2.5142107009887695
calibration_test/ece:	0.24885256588459015
calibration_test/brier:	0.6276997327804565
accuracy_test/task:	59.836666666666666
accuracy_test/concepts:	95.00055694580078
map_test/concepts:	0.9496476087305281

Epoch 26
losses_train/task:	1.2403147220611572
losses_train/concepts:	1.3634790182113647
losses_train/representations:	0.13047347962856293
losses_train/total:	2.734267473220825
losses_test/task:	1.1160504817962646
losses_test/concepts:	1.2618370056152344
losses_test/representations:	0.11516296863555908
losses_test/total:	2.4930505752563477
calibration_test/ece:	0.2595174312591553
calibration_test/brier:	0.6077525615692139
accuracy_test/task:	62.2
accuracy_test/concepts:	95.00055694580078
map_test/concepts:	0.9496476087305281

Epoch 27
losses_train/task:	1.2153143882751465
losses_train/concepts:	1.3667246103286743
losses_train/representations:	0.14671610295772552
losses_train/total:	2.7287561893463135
losses_test/task:	1.0729541778564453
losses_test/concepts:	1.2617528438568115
losses_test/representations:	0.13135725259780884
losses_test/total:	2.4660654067993164
calibration_test/ece:	0.2806667685508728
calibration_test/brier:	0.5861239433288574
accuracy_test/task:	65.67666666666666
accuracy_test/concepts:	99.44388580322266
map_test/concepts:	0.9496476087305281

Epoch 28
losses_train/task:	1.1905806064605713
losses_train/concepts:	1.3674834966659546
losses_train/representations:	0.1633693426847458
losses_train/total:	2.721430778503418
losses_test/task:	1.034110188484192
losses_test/concepts:	1.2616651058197021
losses_test/representations:	0.14302630722522736
losses_test/total:	2.438802719116211
calibration_test/ece:	0.27662408351898193
calibration_test/brier:	0.5655744075775146
accuracy_test/task:	66.64666666666666
accuracy_test/concepts:	95.00055694580078
map_test/concepts:	0.9496476087305281

Epoch 29
losses_train/task:	1.1677813529968262
losses_train/concepts:	1.3607350587844849
losses_train/representations:	0.17777957022190094
losses_train/total:	2.7062981128692627
losses_test/task:	0.9855778217315674
losses_test/concepts:	1.2615886926651
losses_test/representations:	0.16166716814041138
losses_test/total:	2.4088330268859863
calibration_test/ece:	0.2581331729888916
calibration_test/brier:	0.5402426719665527
accuracy_test/task:	66.83
accuracy_test/concepts:	95.00055694580078
map_test/concepts:	0.9496476087305281

Epoch 30
losses_train/task:	1.138008952140808
losses_train/concepts:	1.3672480583190918
losses_train/representations:	0.19371365010738373
losses_train/total:	2.6989693641662598
losses_test/task:	0.9392341375350952
losses_test/concepts:	1.2615095376968384
losses_test/representations:	0.1780889630317688
losses_test/total:	2.378833770751953
calibration_train/ece:	0.2621009051799774
calibration_train/brier:	0.5138512253761292
accuracy_train/task:	69.07116820768137
calibration_test/ece:	0.2541804611682892
calibration_test/brier:	0.5160210132598877
accuracy_test/task:	68.25
accuracy_train/concepts:	94.99978637695312
map_train/concepts:	0.9499860314859284
accuracy_test/concepts:	95.00055694580078
map_test/concepts:	0.9496476087305281
accuracy_test/nuisances_task:	5.475000292062759
accuracy_test/nuisances_nontask:	6.41000010073185
mutual_inf_test/nuisances_task:	0.019652617141416917
mutual_inf_test/nuisances_nontask:	0.06621258836169985

Epoch 31
losses_train/task:	1.1136258840560913
losses_train/concepts:	1.3688421249389648
losses_train/representations:	0.20994144678115845
losses_train/total:	2.6924097537994385
losses_test/task:	0.9049764275550842
losses_test/concepts:	1.2614221572875977
losses_test/representations:	0.19242040812969208
losses_test/total:	2.3588173389434814
calibration_test/ece:	0.2475961148738861
calibration_test/brier:	0.4991919994354248
accuracy_test/task:	69.03
accuracy_test/concepts:	95.00055694580078
map_test/concepts:	0.9496476087305281

Epoch 32
losses_train/task:	1.097732424736023
losses_train/concepts:	1.3659273386001587
losses_train/representations:	0.22161291539669037
losses_train/total:	2.6852757930755615
losses_test/task:	0.8690556287765503
losses_test/concepts:	1.2613445520401
losses_test/representations:	0.2032858282327652
losses_test/total:	2.333685874938965
calibration_test/ece:	0.24362756311893463
calibration_test/brier:	0.48072361946105957
accuracy_test/task:	70.14666666666666
accuracy_test/concepts:	95.00055694580078
map_test/concepts:	0.9496476087305281

Epoch 33
losses_train/task:	1.0752068758010864
losses_train/concepts:	1.3713996410369873
losses_train/representations:	0.23580722510814667
losses_train/total:	2.6824138164520264
losses_test/task:	0.8408065438270569
losses_test/concepts:	1.2612813711166382
losses_test/representations:	0.21331433951854706
losses_test/total:	2.3154006004333496
calibration_test/ece:	0.2542763352394104
calibration_test/brier:	0.46807363629341125
accuracy_test/task:	72.14
accuracy_test/concepts:	99.44388580322266
map_test/concepts:	0.9496476087305281

Epoch 34
losses_train/task:	1.065272569656372
losses_train/concepts:	1.3700034618377686
losses_train/representations:	0.2456425130367279
losses_train/total:	2.6809182167053223
losses_test/task:	0.81424480676651
losses_test/concepts:	1.261195182800293
losses_test/representations:	0.23297806084156036
losses_test/total:	2.3084185123443604
calibration_test/ece:	0.23415683209896088
calibration_test/brier:	0.45484501123428345
accuracy_test/task:	71.51666666666667
accuracy_test/concepts:	99.44388580322266
map_test/concepts:	0.9496476087305281

Epoch 35
losses_train/task:	1.0497758388519287
losses_train/concepts:	1.372623085975647
losses_train/representations:	0.2538553774356842
losses_train/total:	2.6762561798095703
losses_test/task:	0.7944886684417725
losses_test/concepts:	1.2611247301101685
losses_test/representations:	0.23338721692562103
losses_test/total:	2.28900146484375
calibration_test/ece:	0.256507933139801
calibration_test/brier:	0.44435808062553406
accuracy_test/task:	74.41666666666667
accuracy_test/concepts:	95.00055694580078
map_test/concepts:	0.9496476087305281

Epoch 36
losses_train/task:	1.0373363494873047
losses_train/concepts:	1.369212031364441
losses_train/representations:	0.2589001953601837
losses_train/total:	2.665449619293213
losses_test/task:	0.7769739031791687
losses_test/concepts:	1.2610489130020142
losses_test/representations:	0.23594358563423157
losses_test/total:	2.2739665508270264
calibration_test/ece:	0.24091918766498566
calibration_test/brier:	0.4345993399620056
accuracy_test/task:	73.81333333333333
accuracy_test/concepts:	95.00055694580078
map_test/concepts:	0.9496476087305281

Epoch 37
losses_train/task:	1.0297539234161377
losses_train/concepts:	1.3643451929092407
losses_train/representations:	0.26711559295654297
losses_train/total:	2.661214828491211
losses_test/task:	0.7576006650924683
losses_test/concepts:	1.2609740495681763
losses_test/representations:	0.25372985005378723
losses_test/total:	2.2723045349121094
calibration_test/ece:	0.24572338163852692
calibration_test/brier:	0.424295574426651
accuracy_test/task:	75.17333333333333
accuracy_test/concepts:	99.44388580322266
map_test/concepts:	0.9496476087305281

Epoch 38
losses_train/task:	1.0188076496124268
losses_train/concepts:	1.3777152299880981
losses_train/representations:	0.2736884653568268
losses_train/total:	2.6702115535736084
losses_test/task:	0.743503212928772
losses_test/concepts:	1.2609010934829712
losses_test/representations:	0.2542099356651306
losses_test/total:	2.258613348007202
calibration_test/ece:	0.22543571889400482
calibration_test/brier:	0.416390597820282
accuracy_test/task:	73.96666666666667
accuracy_test/concepts:	99.44388580322266
map_test/concepts:	0.9496476087305281

Epoch 39
losses_train/task:	1.0063073635101318
losses_train/concepts:	1.371273159980774
losses_train/representations:	0.28189241886138916
losses_train/total:	2.659472703933716
losses_test/task:	0.7298977375030518
losses_test/concepts:	1.2608439922332764
losses_test/representations:	0.2593690752983093
losses_test/total:	2.2501113414764404
calibration_test/ece:	0.23605963587760925
calibration_test/brier:	0.4100716710090637
accuracy_test/task:	75.48
accuracy_test/concepts:	95.00055694580078
map_test/concepts:	0.9496476087305281

Epoch 40
losses_train/task:	1.002634882926941
losses_train/concepts:	1.3765499591827393
losses_train/representations:	0.2847560942173004
losses_train/total:	2.6639387607574463
losses_test/task:	0.7137976884841919
losses_test/concepts:	1.2607603073120117
losses_test/representations:	0.27835971117019653
losses_test/total:	2.2529170513153076
calibration_train/ece:	0.24146540462970734
calibration_train/brier:	0.3983439803123474
accuracy_train/task:	76.97924075391181
calibration_test/ece:	0.23499082028865814
calibration_test/brier:	0.400257408618927
accuracy_test/task:	76.32333333333334
accuracy_train/concepts:	94.99990844726562
map_train/concepts:	0.9499136333664259
accuracy_test/concepts:	95.00055694580078
map_test/concepts:	0.9496476087305281
accuracy_test/nuisances_task:	5.2250005304813385
accuracy_test/nuisances_nontask:	6.19666650891304
mutual_inf_test/nuisances_task:	0.017080436893330497
mutual_inf_test/nuisances_nontask:	0.04025348782182181

Epoch 41
losses_train/task:	0.9958210587501526
losses_train/concepts:	1.367659330368042
losses_train/representations:	0.289797842502594
losses_train/total:	2.6532785892486572
losses_test/task:	0.7120677828788757
losses_test/concepts:	1.2607598304748535
losses_test/representations:	0.2659890055656433
losses_test/total:	2.238816499710083
calibration_test/ece:	0.24594520032405853
calibration_test/brier:	0.40014588832855225
accuracy_test/task:	77.25666666666666
accuracy_test/concepts:	95.00055694580078
map_test/concepts:	0.9496476087305281

Epoch 42
losses_train/task:	0.9905899167060852
losses_train/concepts:	1.3675131797790527
losses_train/representations:	0.2861793339252472
losses_train/total:	2.644282817840576
losses_test/task:	0.7102765440940857
losses_test/concepts:	1.26075279712677
losses_test/representations:	0.26593321561813354
losses_test/total:	2.2369625568389893
calibration_test/ece:	0.23887509107589722
calibration_test/brier:	0.3988083302974701
accuracy_test/task:	76.68
accuracy_test/concepts:	95.00055694580078
map_test/concepts:	0.9496476087305281

Epoch 43
losses_train/task:	0.9867148995399475
losses_train/concepts:	1.363450527191162
losses_train/representations:	0.28345513343811035
losses_train/total:	2.6336212158203125
losses_test/task:	0.7108976244926453
losses_test/concepts:	1.260746717453003
losses_test/representations:	0.26578739285469055
losses_test/total:	2.2374324798583984
calibration_test/ece:	0.2475443184375763
calibration_test/brier:	0.39869165420532227
accuracy_test/task:	77.51
accuracy_test/concepts:	95.00055694580078
map_test/concepts:	0.9496476087305281

Epoch 44
losses_train/task:	0.9896196722984314
losses_train/concepts:	1.3639025688171387
losses_train/representations:	0.28263339400291443
losses_train/total:	2.6361544132232666
losses_test/task:	0.7092622518539429
losses_test/concepts:	1.2607405185699463
losses_test/representations:	0.2638341784477234
losses_test/total:	2.2338361740112305
calibration_test/ece:	0.24400556087493896
calibration_test/brier:	0.39822039008140564
accuracy_test/task:	77.23666666666666
accuracy_test/concepts:	95.00055694580078
map_test/concepts:	0.9496476087305281

Epoch 45
losses_train/task:	0.9952351450920105
losses_train/concepts:	1.3672864437103271
losses_train/representations:	0.2842867374420166
losses_train/total:	2.646807909011841
losses_test/task:	0.7092769145965576
losses_test/concepts:	1.2607321739196777
losses_test/representations:	0.2618604004383087
losses_test/total:	2.2318692207336426
calibration_test/ece:	0.24363155663013458
calibration_test/brier:	0.39781761169433594
accuracy_test/task:	77.11
accuracy_test/concepts:	95.00055694580078
map_test/concepts:	0.9496476087305281

Epoch 46
losses_train/task:	0.9959414601325989
losses_train/concepts:	1.3675843477249146
losses_train/representations:	0.2856128215789795
losses_train/total:	2.6491377353668213
losses_test/task:	0.7065417170524597
losses_test/concepts:	1.2607263326644897
losses_test/representations:	0.2656821608543396
losses_test/total:	2.232950448989868
calibration_test/ece:	0.24660195410251617
calibration_test/brier:	0.3970639407634735
accuracy_test/task:	77.54
accuracy_test/concepts:	95.00055694580078
map_test/concepts:	0.9496476087305281

Epoch 47
losses_train/task:	0.9922888278961182
losses_train/concepts:	1.369861125946045
losses_train/representations:	0.2866080105304718
losses_train/total:	2.6487581729888916
losses_test/task:	0.7070063352584839
losses_test/concepts:	1.2607184648513794
losses_test/representations:	0.2652074992656708
losses_test/total:	2.2329320907592773
calibration_test/ece:	0.2454337328672409
calibration_test/brier:	0.3967685103416443
accuracy_test/task:	77.40666666666667
accuracy_test/concepts:	95.00055694580078
map_test/concepts:	0.9496476087305281

Epoch 48
losses_train/task:	0.985496997833252
losses_train/concepts:	1.3690869808197021
losses_train/representations:	0.286948561668396
losses_train/total:	2.6415326595306396
losses_test/task:	0.7039657235145569
losses_test/concepts:	1.2607121467590332
losses_test/representations:	0.2683766782283783
losses_test/total:	2.233055353164673
calibration_test/ece:	0.24893705546855927
calibration_test/brier:	0.39463457465171814
accuracy_test/task:	77.89666666666666
accuracy_test/concepts:	95.00055694580078
map_test/concepts:	0.9496476087305281

Epoch 49
losses_train/task:	0.9867485761642456
losses_train/concepts:	1.367855191230774
losses_train/representations:	0.2874213755130768
losses_train/total:	2.642024278640747
losses_test/task:	0.703331470489502
losses_test/concepts:	1.2607060670852661
losses_test/representations:	0.26525530219078064
losses_test/total:	2.229292154312134
calibration_test/ece:	0.24697135388851166
calibration_test/brier:	0.39366814494132996
accuracy_test/task:	77.80666666666667
accuracy_test/concepts:	95.00055694580078
map_test/concepts:	0.9496476087305281

Epoch 50
losses_train/task:	0.9873754978179932
losses_train/concepts:	1.3722331523895264
losses_train/representations:	0.2877822518348694
losses_train/total:	2.647390127182007
losses_test/task:	0.7017992734909058
losses_test/concepts:	1.26070237159729
losses_test/representations:	0.26572999358177185
losses_test/total:	2.2282307147979736
calibration_train/ece:	0.2535494565963745
calibration_train/brier:	0.3920333683490753
accuracy_train/task:	78.46283783783784
calibration_test/ece:	0.24709700047969818
calibration_test/brier:	0.3936564326286316
accuracy_test/task:	77.82666666666667
accuracy_train/concepts:	94.99984741210938
map_train/concepts:	0.9498371970322397
accuracy_test/concepts:	95.00055694580078
map_test/concepts:	0.9496476087305281
accuracy_test/nuisances_task:	5.046667158603668
accuracy_test/nuisances_nontask:	6.733333319425583
mutual_inf_test/nuisances_task:	0.01609557721829863
mutual_inf_test/nuisances_nontask:	0.053520793562444324

epoch_50.pt
groups=0 err_lowconf=22.173 err_random=22.173
groups=1 err_lowconf=23.337 err_random=23.337
groups=2 err_lowconf=23.487 err_random=23.487
groups=3 err_lowconf=23.820 err_random=23.820
groups=4 err_lowconf=24.113 err_random=24.113
groups=5 err_lowconf=31.213 err_random=31.213
groups=6 err_lowconf=48.357 err_random=48.357
groups=7 err_lowconf=51.763 err_random=51.763
groups=8 err_lowconf=54.217 err_random=54.217
groups=9 err_lowconf=56.080 err_random=56.080
groups=10 err_lowconf=57.897 err_random=57.897
groups=11 err_lowconf=60.250 err_random=60.250
groups=12 err_lowconf=62.600 err_random=62.600
groups=13 err_lowconf=63.397 err_random=63.397
groups=14 err_lowconf=63.330 err_random=63.330
groups=15 err_lowconf=66.870 err_random=66.870
groups=16 err_lowconf=68.980 err_random=68.980
groups=17 err_lowconf=70.580 err_random=70.580
groups=18 err_lowconf=71.683 err_random=71.683
[1;34mwandb[0m:
[1;34mwandb[0m: You can sync this run to the cloud by running:
[1;34mwandb[0m: [1mwandb sync /research/hal-afsharim/minimal_cbm/results/shapes3d-mcbm-1/43/wandb/offline-run-20260725_193007-2dab18oi[0m
[1;34mwandb[0m: Find logs at: [1;35mresults/shapes3d-mcbm-1/43/wandb/offline-run-20260725_193007-2dab18oi/logs[0m
