
===== launch 2026-07-25 18:50:56.746713 gpu2 =====
wandb: Using wandb-core as the SDK backend.  Please refer to https://wandb.me/wandb-core for more information.
wandb: Tracking run with wandb version 0.19.0
wandb: W&B syncing is set to `offline` in this directory.  
wandb: Run `wandb online` or set WANDB_MODE=online to enable cloud syncing.
Epoch 1
losses_train/task:	1.3858619928359985
losses_train/concepts:	7.092729091644287
losses_train/precision:	0.05733148008584976
losses_train/total:	8.484320640563965
losses_test/task:	1.385166883468628
losses_test/concepts:	2.958740234375
losses_test/precision:	0.01641254499554634
losses_test/total:	4.345547676086426
calibration_test/ece:	0.004426610190421343
calibration_test/brier:	0.7494170665740967
accuracy_test/task:	26.5
accuracy_test/concepts:	95.29759216308594
map_test/concepts:	0.9500608510441251

Epoch 2
losses_train/task:	1.383490800857544
losses_train/concepts:	1.3963348865509033
losses_train/precision:	0.02200962044298649
losses_train/total:	2.782026529312134
losses_test/task:	1.3832330703735352
losses_test/concepts:	0.28880053758621216
losses_test/precision:	0.009759900160133839
losses_test/total:	1.6730090379714966
calibration_test/ece:	0.00290477741509676
calibration_test/brier:	0.7484709024429321
accuracy_test/task:	27.14
accuracy_test/concepts:	99.60482025146484
map_test/concepts:	0.9996892280048795

Epoch 3
losses_train/task:	1.382280945777893
losses_train/concepts:	0.3743164837360382
losses_train/precision:	0.014025411568582058
losses_train/total:	1.7580018043518066
losses_test/task:	1.3824325799942017
losses_test/concepts:	0.05337604135274887
losses_test/precision:	0.00774753000587225
losses_test/total:	1.4365826845169067
calibration_test/ece:	0.0035470030270516872
calibration_test/brier:	0.7480750679969788
accuracy_test/task:	27.686666666666667
accuracy_test/concepts:	99.98407745361328
map_test/concepts:	0.9996962348620096

Epoch 4
losses_train/task:	1.3813230991363525
losses_train/concepts:	0.050146736204624176
losses_train/precision:	0.007886501029133797
losses_train/total:	1.4322586059570312
losses_test/task:	1.3817216157913208
losses_test/concepts:	0.011330272071063519
losses_test/precision:	0.0062456210143864155
losses_test/total:	1.3936764001846313
calibration_test/ece:	0.004757418762892485
calibration_test/brier:	0.7477271556854248
accuracy_test/task:	28.25
accuracy_test/concepts:	100.0
map_test/concepts:	0.9996962348620096

Epoch 5
losses_train/task:	1.3806524276733398
losses_train/concepts:	0.09458396583795547
losses_train/precision:	0.00874379277229309
losses_train/total:	1.4761120080947876
losses_test/task:	1.381033182144165
losses_test/concepts:	0.02745269052684307
losses_test/precision:	0.008530288934707642
losses_test/total:	1.4093382358551025
calibration_test/ece:	0.004999831318855286
calibration_test/brier:	0.7473900318145752
accuracy_test/task:	28.43
accuracy_test/concepts:	99.99685668945312
map_test/concepts:	0.9996962348620096

Epoch 6
losses_train/task:	1.3800034523010254
losses_train/concepts:	0.017710532993078232
losses_train/precision:	0.007224017288535833
losses_train/total:	1.3984358310699463
losses_test/task:	1.380981683731079
losses_test/concepts:	0.005228436551988125
losses_test/precision:	0.00765070179477334
losses_test/total:	1.3869754076004028
calibration_test/ece:	0.0033533188980072737
calibration_test/brier:	0.7473663687705994
accuracy_test/task:	28.496666666666666
accuracy_test/concepts:	100.0
map_test/concepts:	0.9996962348620096

Epoch 7
losses_train/task:	1.379407525062561
losses_train/concepts:	0.013062352314591408
losses_train/precision:	0.006615802645683289
losses_train/total:	1.3931316137313843
losses_test/task:	1.3805336952209473
losses_test/concepts:	0.003378211287781596
losses_test/precision:	0.006694673094898462
losses_test/total:	1.3845807313919067
calibration_test/ece:	0.0014347584219649434
calibration_test/brier:	0.7471455931663513
accuracy_test/task:	28.34
accuracy_test/concepts:	100.0
map_test/concepts:	0.9996962348620096

Epoch 8
losses_train/task:	1.3788793087005615
losses_train/concepts:	0.021720638498663902
losses_train/precision:	0.00664122449234128
losses_train/total:	1.4012627601623535
losses_test/task:	1.379940390586853
losses_test/concepts:	0.003341660602018237
losses_test/precision:	0.006028900388628244
losses_test/total:	1.3838849067687988
calibration_test/ece:	0.002928570145741105
calibration_test/brier:	0.7468423247337341
accuracy_test/task:	28.216666666666665
accuracy_test/concepts:	100.0
map_test/concepts:	0.9996962348620096

Epoch 9
losses_train/task:	1.3782329559326172
losses_train/concepts:	0.007433711551129818
losses_train/precision:	0.006313318386673927
losses_train/total:	1.3862992525100708
losses_test/task:	1.3792728185653687
losses_test/concepts:	0.002281854161992669
losses_test/precision:	0.006146511062979698
losses_test/total:	1.3821693658828735
calibration_test/ece:	0.005551268346607685
calibration_test/brier:	0.7465105652809143
accuracy_test/task:	28.89
accuracy_test/concepts:	100.0
map_test/concepts:	0.9996962348620096

Epoch 10
losses_train/task:	1.3776345252990723
losses_train/concepts:	0.00612404802814126
losses_train/precision:	0.0058327107690274715
losses_train/total:	1.384340763092041
losses_test/task:	1.3786962032318115
losses_test/concepts:	0.0018794186180457473
losses_test/precision:	0.005654531065374613
losses_test/total:	1.381141185760498
calibration_train/ece:	0.011564391665160656
calibration_train/brier:	0.7453267574310303
accuracy_train/task:	29.527471550497868
calibration_test/ece:	0.009561451151967049
calibration_test/brier:	0.74622642993927
accuracy_test/task:	29.313333333333333
accuracy_train/concepts:	100.0
map_train/concepts:	0.9998987449540032
accuracy_test/concepts:	100.0
map_test/concepts:	0.9996962348620096
accuracy_test/nuisances_task:	26.769999787211418
accuracy_test/nuisances_nontask:	26.186665892601013
mutual_inf_test/nuisances_task:	0.21467210775814444
mutual_inf_test/nuisances_nontask:	0.30942935623301504

Epoch 11
losses_train/task:	1.3771061897277832
losses_train/concepts:	0.00502648064866662
losses_train/precision:	0.005474823527038097
losses_train/total:	1.3826805353164673
losses_test/task:	1.3781651258468628
losses_test/concepts:	0.0016808052314445376
losses_test/precision:	0.004831443075090647
losses_test/total:	1.3803298473358154
calibration_test/ece:	0.00849697832018137
calibration_test/brier:	0.745959997177124
accuracy_test/task:	29.26
accuracy_test/concepts:	100.0
map_test/concepts:	0.9996962348620096

Epoch 12
losses_train/task:	1.376455307006836
losses_train/concepts:	0.004586233291774988
losses_train/precision:	0.005582614801824093
losses_train/total:	1.3815999031066895
losses_test/task:	1.378090262413025
losses_test/concepts:	0.0014439845690503716
losses_test/precision:	0.005594885442405939
losses_test/total:	1.3800938129425049
calibration_test/ece:	0.005384557880461216
calibration_test/brier:	0.7459275126457214
accuracy_test/task:	29.133333333333333
accuracy_test/concepts:	100.0
map_test/concepts:	0.9996962348620096

Epoch 13
losses_train/task:	1.37599515914917
losses_train/concepts:	0.0036884720902889967
losses_train/precision:	0.005264236591756344
losses_train/total:	1.3802098035812378
losses_test/task:	1.3775216341018677
losses_test/concepts:	0.00128372258041054
losses_test/precision:	0.004626021720468998
losses_test/total:	1.3792670965194702
calibration_test/ece:	0.007370915729552507
calibration_test/brier:	0.7456465363502502
accuracy_test/task:	29.336666666666666
accuracy_test/concepts:	100.0
map_test/concepts:	0.9996962348620096

Epoch 14
losses_train/task:	1.3755183219909668
losses_train/concepts:	0.003464948618784547
losses_train/precision:	0.005090256221592426
losses_train/total:	1.3794924020767212
losses_test/task:	1.3769376277923584
losses_test/concepts:	0.001230308087542653
losses_test/precision:	0.004609053023159504
losses_test/total:	1.3786290884017944
calibration_test/ece:	0.011235757730901241
calibration_test/brier:	0.7453494668006897
accuracy_test/task:	29.55
accuracy_test/concepts:	100.0
map_test/concepts:	0.9996962348620096

Epoch 15
losses_train/task:	1.3749409914016724
losses_train/concepts:	0.0034247625153511763
losses_train/precision:	0.004893078003078699
losses_train/total:	1.3788553476333618
losses_test/task:	1.3767306804656982
losses_test/concepts:	0.001232894486747682
losses_test/precision:	0.0045906417071819305
losses_test/total:	1.3784222602844238
calibration_test/ece:	0.007823459804058075
calibration_test/brier:	0.7452512383460999
accuracy_test/task:	29.43
accuracy_test/concepts:	100.0
map_test/concepts:	0.9996962348620096

Epoch 16
losses_train/task:	1.3745568990707397
losses_train/concepts:	0.003103402443230152
losses_train/precision:	0.004708097781985998
losses_train/total:	1.3781307935714722
losses_test/task:	1.3765676021575928
losses_test/concepts:	0.0010205709841102362
losses_test/precision:	0.004938960541039705
losses_test/total:	1.378082275390625
calibration_test/ece:	0.009918607771396637
calibration_test/brier:	0.7451674938201904
accuracy_test/task:	29.78
accuracy_test/concepts:	100.0
map_test/concepts:	0.9996962348620096

Epoch 17
losses_train/task:	1.3742990493774414
losses_train/concepts:	0.003236530115827918
losses_train/precision:	0.004799946676939726
losses_train/total:	1.3780158758163452
losses_test/task:	1.3760871887207031
losses_test/concepts:	0.0010526899714022875
losses_test/precision:	0.005031905137002468
losses_test/total:	1.3776434659957886
calibration_test/ece:	0.009455827996134758
calibration_test/brier:	0.7449343204498291
accuracy_test/task:	29.686666666666667
accuracy_test/concepts:	100.0
map_test/concepts:	0.9996962348620096

Epoch 18
losses_train/task:	1.3738573789596558
losses_train/concepts:	0.002909467788413167
losses_train/precision:	0.00448601832613349
losses_train/total:	1.3772163391113281
losses_test/task:	1.3761332035064697
losses_test/concepts:	0.0009863886516541243
losses_test/precision:	0.004317774903029203
losses_test/total:	1.3775502443313599
calibration_test/ece:	0.009879587218165398
calibration_test/brier:	0.7449650764465332
accuracy_test/task:	29.913333333333334
accuracy_test/concepts:	100.0
map_test/concepts:	0.9996962348620096

Epoch 19
losses_train/task:	1.3735564947128296
losses_train/concepts:	0.00321585894562304
losses_train/precision:	0.0042684245854616165
losses_train/total:	1.377199649810791
losses_test/task:	1.3756728172302246
losses_test/concepts:	0.0012980119790881872
losses_test/precision:	0.003707991214469075
losses_test/total:	1.3773407936096191
calibration_test/ece:	0.0067160301841795444
calibration_test/brier:	0.7447423338890076
accuracy_test/task:	29.696666666666665
accuracy_test/concepts:	100.0
map_test/concepts:	0.9996962348620096

Epoch 20
losses_train/task:	1.3732506036758423
losses_train/concepts:	0.003027057508006692
losses_train/precision:	0.0043249172158539295
losses_train/total:	1.3767108917236328
losses_test/task:	1.3755855560302734
losses_test/concepts:	0.0009358700481243432
losses_test/precision:	0.004230379126966
losses_test/total:	1.376943588256836
calibration_train/ece:	0.00895470567047596
calibration_train/brier:	0.7432095408439636
accuracy_train/task:	30.09646159317212
calibration_test/ece:	0.0097638089209795
calibration_test/brier:	0.7446970343589783
accuracy_test/task:	30.05666666666667
accuracy_train/concepts:	100.0
map_train/concepts:	0.999898761510849
accuracy_test/concepts:	100.0
map_test/concepts:	0.9996962348620096
accuracy_test/nuisances_task:	26.223333179950714
accuracy_test/nuisances_nontask:	24.116667360067368
mutual_inf_test/nuisances_task:	0.210309318885452
mutual_inf_test/nuisances_nontask:	0.2931920053780863

Epoch 21
losses_train/task:	1.3725521564483643
losses_train/concepts:	0.002514840569347143
losses_train/precision:	0.00046641353401355445
losses_train/total:	1.3751142024993896
losses_test/task:	1.3755594491958618
losses_test/concepts:	0.0008519012480974197
losses_test/precision:	0.00042026492883451283
losses_test/total:	1.3764536380767822
calibration_test/ece:	0.006790890824049711
calibration_test/brier:	0.7446876764297485
accuracy_test/task:	29.793333333333333
accuracy_test/concepts:	100.0
map_test/concepts:	0.9996962348620096

Epoch 22
losses_train/task:	1.3725115060806274
losses_train/concepts:	0.0024852119386196136
losses_train/precision:	0.0004055298923049122
losses_train/total:	1.3750364780426025
losses_test/task:	1.3754185438156128
losses_test/concepts:	0.0008564251475036144
losses_test/precision:	0.00039343725075013936
losses_test/total:	1.3763141632080078
calibration_test/ece:	0.007329922169446945
calibration_test/brier:	0.7446171045303345
accuracy_test/task:	29.856666666666666
accuracy_test/concepts:	100.0
map_test/concepts:	0.9996962348620096

Epoch 23
losses_train/task:	1.3724596500396729
losses_train/concepts:	0.002599576488137245
losses_train/precision:	0.000394107133615762
losses_train/total:	1.3750988245010376
losses_test/task:	1.375410556793213
losses_test/concepts:	0.0008407181594520807
losses_test/precision:	0.00030582401086576283
losses_test/total:	1.3762824535369873
calibration_test/ece:	0.007106305565685034
calibration_test/brier:	0.7446160912513733
accuracy_test/task:	29.856666666666666
accuracy_test/concepts:	100.0
map_test/concepts:	0.9996962348620096

Epoch 24
losses_train/task:	1.372424840927124
losses_train/concepts:	0.0026650631334632635
losses_train/precision:	0.00040232925675809383
losses_train/total:	1.3751307725906372
losses_test/task:	1.375380039215088
losses_test/concepts:	0.0008832056191749871
losses_test/precision:	0.00036137484130449593
losses_test/total:	1.3762991428375244
calibration_test/ece:	0.00810950342565775
calibration_test/brier:	0.7445999979972839
accuracy_test/task:	29.856666666666666
accuracy_test/concepts:	100.0
map_test/concepts:	0.9996962348620096

Epoch 25
losses_train/task:	1.3723903894424438
losses_train/concepts:	0.002417630748823285
losses_train/precision:	0.00038324494380503893
losses_train/total:	1.37484610080719
losses_test/task:	1.3753560781478882
losses_test/concepts:	0.0008807900012470782
losses_test/precision:	0.0005051862099207938
losses_test/total:	1.376287579536438
calibration_test/ece:	0.007504626177251339
calibration_test/brier:	0.7445893287658691
accuracy_test/task:	29.966666666666665
accuracy_test/concepts:	100.0
map_test/concepts:	0.9996962348620096

Epoch 26
losses_train/task:	1.3723716735839844
losses_train/concepts:	0.002454110188409686
losses_train/precision:	0.00040727935265749693
losses_train/total:	1.3748676776885986
losses_test/task:	1.3753806352615356
losses_test/concepts:	0.0008379732607863843
losses_test/precision:	0.0003833642113022506
losses_test/total:	1.3762574195861816
calibration_test/ece:	0.006586042232811451
calibration_test/brier:	0.7446038126945496
accuracy_test/task:	29.893333333333334
accuracy_test/concepts:	100.0
map_test/concepts:	0.9996962348620096

Epoch 27
losses_train/task:	1.3723411560058594
losses_train/concepts:	0.002353365533053875
losses_train/precision:	0.00040492787957191467
losses_train/total:	1.3747345209121704
losses_test/task:	1.3753710985183716
losses_test/concepts:	0.0008619322907179594
losses_test/precision:	0.0004630481998901814
losses_test/total:	1.376279592514038
calibration_test/ece:	0.005746123846620321
calibration_test/brier:	0.7446002960205078
accuracy_test/task:	29.75
accuracy_test/concepts:	100.0
map_test/concepts:	0.9996962348620096

Epoch 28
losses_train/task:	1.3723121881484985
losses_train/concepts:	0.002415584633126855
losses_train/precision:	0.00037743677967227995
losses_train/total:	1.3747652769088745
losses_test/task:	1.375281572341919
losses_test/concepts:	0.0008563646115362644
losses_test/precision:	0.00032736590947024524
losses_test/total:	1.376171350479126
calibration_test/ece:	0.008473544381558895
calibration_test/brier:	0.7445514798164368
accuracy_test/task:	29.856666666666666
accuracy_test/concepts:	100.0
map_test/concepts:	0.9996962348620096

Epoch 29
losses_train/task:	1.3722940683364868
losses_train/concepts:	0.0025258527603000402
losses_train/precision:	0.00037133748992346227
losses_train/total:	1.3748573064804077
losses_test/task:	1.3753082752227783
losses_test/concepts:	0.0008316442836076021
losses_test/precision:	0.00038520985981449485
losses_test/total:	1.3761786222457886
calibration_test/ece:	0.006601864472031593
calibration_test/brier:	0.7445694208145142
accuracy_test/task:	29.863333333333333
accuracy_test/concepts:	100.0
map_test/concepts:	0.9996962348620096

Epoch 30
losses_train/task:	1.3722494840621948
losses_train/concepts:	0.0023630987852811813
losses_train/precision:	0.00040536318556405604
losses_train/total:	1.3746538162231445
losses_test/task:	1.3752524852752686
losses_test/concepts:	0.0008759298361837864
losses_test/precision:	0.00040316066588275135
losses_test/total:	1.3761687278747559
calibration_train/ece:	0.007887243293225765
calibration_train/brier:	0.7430067658424377
accuracy_train/task:	30.11424253200569
calibration_test/ece:	0.007789390627294779
calibration_test/brier:	0.7445386052131653
accuracy_test/task:	29.966666666666665
accuracy_train/concepts:	100.0
map_train/concepts:	0.9998987482653724
accuracy_test/concepts:	100.0
map_test/concepts:	0.9996962348620096
accuracy_test/nuisances_task:	27.763333544135094
accuracy_test/nuisances_nontask:	24.060000479221344
mutual_inf_test/nuisances_task:	0.22705025457323053
mutual_inf_test/nuisances_nontask:	0.27477493552816656

Epoch 31
losses_train/task:	1.3722288608551025
losses_train/concepts:	0.002549276687204838
losses_train/precision:	0.0003930758684873581
losses_train/total:	1.3748172521591187
losses_test/task:	1.3752459287643433
losses_test/concepts:	0.000832463032566011
losses_test/precision:	0.0004535759217105806
losses_test/total:	1.3761239051818848
calibration_test/ece:	0.006595582235604525
calibration_test/brier:	0.7445370554924011
accuracy_test/task:	29.856666666666666
accuracy_test/concepts:	100.0
map_test/concepts:	0.9996962348620096

Epoch 32
losses_train/task:	1.3722056150436401
losses_train/concepts:	0.002378372475504875
losses_train/precision:	0.00040425293263979256
losses_train/total:	1.3746236562728882
losses_test/task:	1.3752566576004028
losses_test/concepts:	0.0008154920069500804
losses_test/precision:	0.0003980249457526952
losses_test/total:	1.376112461090088
calibration_test/ece:	0.005315357353538275
calibration_test/brier:	0.7445423603057861
accuracy_test/task:	29.726666666666667
accuracy_test/concepts:	100.0
map_test/concepts:	0.9996962348620096

Epoch 33
losses_train/task:	1.3721950054168701
losses_train/concepts:	0.0024323705583810806
losses_train/precision:	0.00041135266656056046
losses_train/total:	1.374668002128601
losses_test/task:	1.3752392530441284
losses_test/concepts:	0.000792813953012228
losses_test/precision:	0.000454621302196756
losses_test/total:	1.3760771751403809
calibration_test/ece:	0.005784450098872185
calibration_test/brier:	0.7445362210273743
accuracy_test/task:	29.75
accuracy_test/concepts:	100.0
map_test/concepts:	0.9996962348620096

Epoch 34
losses_train/task:	1.3721554279327393
losses_train/concepts:	0.0023946049623191357
losses_train/precision:	0.000397783936932683
losses_train/total:	1.3745896816253662
losses_test/task:	1.375221610069275
losses_test/concepts:	0.0008029325981624424
losses_test/precision:	0.00044783990597352386
losses_test/total:	1.37606942653656
calibration_test/ece:	0.006491042207926512
calibration_test/brier:	0.7445254325866699
accuracy_test/task:	29.856666666666666
accuracy_test/concepts:	100.0
map_test/concepts:	0.9996962348620096

Epoch 35
losses_train/task:	1.3721294403076172
losses_train/concepts:	0.00225317501462996
losses_train/precision:	0.0003863456076942384
losses_train/total:	1.3744213581085205
losses_test/task:	1.375232458114624
losses_test/concepts:	0.0008151200017891824
losses_test/precision:	0.0003293603949714452
losses_test/total:	1.3760803937911987
calibration_test/ece:	0.0064958385191857815
calibration_test/brier:	0.7445350885391235
accuracy_test/task:	29.9
accuracy_test/concepts:	100.0
map_test/concepts:	0.9996962348620096

Epoch 36
losses_train/task:	1.3721230030059814
losses_train/concepts:	0.0022839924786239862
losses_train/precision:	0.00040146775427274406
losses_train/total:	1.3744479417800903
losses_test/task:	1.375241994857788
losses_test/concepts:	0.0008043054840527475
losses_test/precision:	0.00040321063715964556
losses_test/total:	1.3760863542556763
calibration_test/ece:	0.005144905764609575
calibration_test/brier:	0.7445397973060608
accuracy_test/task:	29.703333333333333
accuracy_test/concepts:	100.0
map_test/concepts:	0.9996962348620096

Epoch 37
losses_train/task:	1.3720991611480713
losses_train/concepts:	0.0022784557659178972
losses_train/precision:	0.00039514058153145015
losses_train/total:	1.3744176626205444
losses_test/task:	1.3752000331878662
losses_test/concepts:	0.0007845569052733481
losses_test/precision:	0.00039842480327934027
losses_test/total:	1.3760247230529785
calibration_test/ece:	0.0063994275406003
calibration_test/brier:	0.7445181012153625
accuracy_test/task:	29.833333333333332
accuracy_test/concepts:	100.0
map_test/concepts:	0.9996962348620096

Epoch 38
losses_train/task:	1.3720817565917969
losses_train/concepts:	0.0023954184725880623
losses_train/precision:	0.00040041099418886006
losses_train/total:	1.3745156526565552
losses_test/task:	1.3751689195632935
losses_test/concepts:	0.0008283552597276866
losses_test/precision:	0.00047596529475413263
losses_test/total:	1.3760453462600708
calibration_test/ece:	0.006181318312883377
calibration_test/brier:	0.7445024251937866
accuracy_test/task:	29.863333333333333
accuracy_test/concepts:	100.0
map_test/concepts:	0.9996962348620096

Epoch 39
losses_train/task:	1.372052788734436
losses_train/concepts:	0.002192314714193344
losses_train/precision:	0.0004079175996594131
losses_train/total:	1.3742866516113281
losses_test/task:	1.375135898590088
losses_test/concepts:	0.0008474179776385427
losses_test/precision:	0.00040670245653018355
losses_test/total:	1.3760234117507935
calibration_test/ece:	0.007336026523262262
calibration_test/brier:	0.7444868087768555
accuracy_test/task:	29.84
accuracy_test/concepts:	100.0
map_test/concepts:	0.9996962348620096

Epoch 40
losses_train/task:	1.3720407485961914
losses_train/concepts:	0.0022370866499841213
losses_train/precision:	0.00040339346742257476
losses_train/total:	1.3743188381195068
losses_test/task:	1.3751691579818726
losses_test/concepts:	0.0008316171006299555
losses_test/precision:	0.00035683740861713886
losses_test/total:	1.376036524772644
calibration_train/ece:	0.007375696673989296
calibration_train/brier:	0.7428971529006958
accuracy_train/task:	30.146470483641536
calibration_test/ece:	0.007422736845910549
calibration_test/brier:	0.7445056438446045
accuracy_test/task:	29.96
accuracy_train/concepts:	100.0
map_train/concepts:	0.9998987449540032
accuracy_test/concepts:	100.0
map_test/concepts:	0.9996962348620096
accuracy_test/nuisances_task:	27.263333648443222
accuracy_test/nuisances_nontask:	23.59333224594593
mutual_inf_test/nuisances_task:	0.22635843736783756
mutual_inf_test/nuisances_nontask:	0.2744688124805068

Epoch 41
losses_train/task:	1.3719457387924194
losses_train/concepts:	0.002457608235999942
losses_train/precision:	4.9844278692035004e-05
losses_train/total:	1.3744077682495117
losses_test/task:	1.3751603364944458
losses_test/concepts:	0.0007987581775523722
losses_test/precision:	4.742199234897271e-05
losses_test/total:	1.3759639263153076
calibration_test/ece:	0.007518060505390167
calibration_test/brier:	0.744500994682312
accuracy_test/task:	29.966666666666665
accuracy_test/concepts:	100.0
map_test/concepts:	0.9996962348620096

Epoch 42
losses_train/task:	1.3719245195388794
losses_train/concepts:	0.0022018274758011103
losses_train/precision:	4.135474227950908e-05
losses_train/total:	1.3741319179534912
losses_test/task:	1.375154733657837
losses_test/concepts:	0.0008237522561103106
losses_test/precision:	3.9493348594987765e-05
losses_test/total:	1.375982403755188
calibration_test/ece:	0.007295406423509121
calibration_test/brier:	0.7444978952407837
accuracy_test/task:	29.94333333333333
accuracy_test/concepts:	100.0
map_test/concepts:	0.9996962348620096

Epoch 43
losses_train/task:	1.3719464540481567
losses_train/concepts:	0.0023525136057287455
losses_train/precision:	3.8027017581043765e-05
losses_train/total:	1.3743020296096802
losses_test/task:	1.3751485347747803
losses_test/concepts:	0.0008004041737876832
losses_test/precision:	3.874541653203778e-05
losses_test/total:	1.3759535551071167
calibration_test/ece:	0.006261803209781647
calibration_test/brier:	0.7444948554039001
accuracy_test/task:	29.84
accuracy_test/concepts:	100.0
map_test/concepts:	0.9996962348620096

Epoch 44
losses_train/task:	1.3719263076782227
losses_train/concepts:	0.002359559992328286
losses_train/precision:	3.8098041841294616e-05
losses_train/total:	1.3742889165878296
losses_test/task:	1.375144600868225
losses_test/concepts:	0.0007962947129271924
losses_test/precision:	3.4207565477117896e-05
losses_test/total:	1.37594473361969
calibration_test/ece:	0.00625486858189106
calibration_test/brier:	0.7444925904273987
accuracy_test/task:	29.84
accuracy_test/concepts:	100.0
map_test/concepts:	0.9996962348620096

Epoch 45
losses_train/task:	1.3719301223754883
losses_train/concepts:	0.0022406631615012884
losses_train/precision:	3.92572874261532e-05
losses_train/total:	1.3741750717163086
losses_test/task:	1.375141978263855
losses_test/concepts:	0.0008135920506902039
losses_test/precision:	4.278438427718356e-05
losses_test/total:	1.3759597539901733
calibration_test/ece:	0.006253229454159737
calibration_test/brier:	0.7444911003112793
accuracy_test/task:	29.84
accuracy_test/concepts:	100.0
map_test/concepts:	0.9996962348620096

Epoch 46
losses_train/task:	1.371916651725769
losses_train/concepts:	0.0023956005461513996
losses_train/precision:	4.068308771820739e-05
losses_train/total:	1.374316930770874
losses_test/task:	1.3751379251480103
losses_test/concepts:	0.0008155502728186548
losses_test/precision:	3.680061854538508e-05
losses_test/total:	1.3759580850601196
calibration_test/ece:	0.006247555837035179
calibration_test/brier:	0.7444891929626465
accuracy_test/task:	29.84
accuracy_test/concepts:	100.0
map_test/concepts:	0.9996962348620096

Epoch 47
losses_train/task:	1.3719260692596436
losses_train/concepts:	0.002281438559293747
losses_train/precision:	3.794127405853942e-05
losses_train/total:	1.3742108345031738
losses_test/task:	1.3751389980316162
losses_test/concepts:	0.0007844014326110482
losses_test/precision:	4.3831696530105546e-05
losses_test/total:	1.3759275674819946
calibration_test/ece:	0.00624668737873435
calibration_test/brier:	0.7444894313812256
accuracy_test/task:	29.84
accuracy_test/concepts:	100.0
map_test/concepts:	0.9996962348620096

Epoch 48
losses_train/task:	1.3719308376312256
losses_train/concepts:	0.002370483009144664
losses_train/precision:	4.142049147048965e-05
losses_train/total:	1.3743066787719727
losses_test/task:	1.375135064125061
losses_test/concepts:	0.0007863693754188716
losses_test/precision:	3.929382364731282e-05
losses_test/total:	1.3759257793426514
calibration_test/ece:	0.006237039342522621
calibration_test/brier:	0.7444876432418823
accuracy_test/task:	29.84
accuracy_test/concepts:	100.0
map_test/concepts:	0.9996962348620096

Epoch 49
losses_train/task:	1.371902346611023
losses_train/concepts:	0.00234838854521513
losses_train/precision:	4.3538835598155856e-05
losses_train/total:	1.3742538690567017
losses_test/task:	1.375133991241455
losses_test/concepts:	0.0007953202002681792
losses_test/precision:	4.4280397560214624e-05
losses_test/total:	1.375933051109314
calibration_test/ece:	0.005999100860208273
calibration_test/brier:	0.7444868683815002
accuracy_test/task:	29.863333333333333
accuracy_test/concepts:	100.0
map_test/concepts:	0.9996962348620096

Epoch 50
losses_train/task:	1.3719061613082886
losses_train/concepts:	0.002257340122014284
losses_train/precision:	4.0777573303785175e-05
losses_train/total:	1.374169111251831
losses_test/task:	1.3751296997070312
losses_test/concepts:	0.0007737322594039142
losses_test/precision:	3.869551801471971e-05
losses_test/total:	1.3759078979492188
calibration_train/ece:	0.0075114271603524685
calibration_train/brier:	0.7428808808326721
accuracy_train/task:	30.164251422475107
calibration_test/ece:	0.005995810031890869
calibration_test/brier:	0.7444849014282227
accuracy_test/task:	29.863333333333333
accuracy_train/concepts:	100.0
map_train/concepts:	0.9998987350198958
accuracy_test/concepts:	100.0
map_test/concepts:	0.9996962348620096
accuracy_test/nuisances_task:	26.828333735466003
accuracy_test/nuisances_nontask:	23.383332416415215
mutual_inf_test/nuisances_task:	0.2172854508418966
mutual_inf_test/nuisances_nontask:	0.2592356289194103

epoch_50.pt
groups=0 err_lowconf=70.137 err_random=70.137
groups=1 err_lowconf=70.137 err_random=70.137
groups=2 err_lowconf=70.137 err_random=70.137
groups=3 err_lowconf=70.137 err_random=70.137
groups=4 err_lowconf=70.137 err_random=70.137
groups=5 err_lowconf=70.137 err_random=70.137
groups=6 err_lowconf=70.137 err_random=70.137
groups=7 err_lowconf=70.137 err_random=70.137
groups=8 err_lowconf=70.137 err_random=70.137
groups=9 err_lowconf=70.137 err_random=70.137
groups=10 err_lowconf=70.137 err_random=70.137
groups=11 err_lowconf=70.137 err_random=70.137
groups=12 err_lowconf=70.137 err_random=70.137
groups=13 err_lowconf=70.137 err_random=70.137
groups=14 err_lowconf=70.137 err_random=70.137
groups=15 err_lowconf=70.137 err_random=70.137
groups=16 err_lowconf=70.137 err_random=70.137
groups=17 err_lowconf=70.137 err_random=70.137
groups=18 err_lowconf=70.137 err_random=70.137
[1;34mwandb[0m:
[1;34mwandb[0m: You can sync this run to the cloud by running:
[1;34mwandb[0m: [1mwandb sync /research/hal-afsharim/minimal_cbm/results/shapes3d-shcbm/43/wandb/offline-run-20260725_185100-i1yvor7z[0m
[1;34mwandb[0m: Find logs at: [1;35mresults/shapes3d-shcbm/43/wandb/offline-run-20260725_185100-i1yvor7z/logs[0m
