
===== launch 2026-07-25 06:38:09.082459 gpu6 =====
wandb: Using wandb-core as the SDK backend.  Please refer to https://wandb.me/wandb-core for more information.
wandb: Tracking run with wandb version 0.19.0
wandb: W&B syncing is set to `offline` in this directory.  
wandb: Run `wandb online` or set WANDB_MODE=online to enable cloud syncing.

===== launch 2026-07-25 06:57:20.738431 gpu0 =====
wandb: Using wandb-core as the SDK backend.  Please refer to https://wandb.me/wandb-core for more information.
wandb: Tracking run with wandb version 0.19.0
wandb: W&B syncing is set to `offline` in this directory.  
wandb: Run `wandb online` or set WANDB_MODE=online to enable cloud syncing.

===== launch 2026-07-25 09:29:17.551653 gpu1 =====
wandb: Using wandb-core as the SDK backend.  Please refer to https://wandb.me/wandb-core for more information.
wandb: Tracking run with wandb version 0.19.0
wandb: W&B syncing is set to `offline` in this directory.  
wandb: Run `wandb online` or set WANDB_MODE=online to enable cloud syncing.

===== launch 2026-07-25 09:37:10.883169 gpu1 =====
wandb: Using wandb-core as the SDK backend.  Please refer to https://wandb.me/wandb-core for more information.
wandb: Tracking run with wandb version 0.19.0
wandb: W&B syncing is set to `offline` in this directory.  
wandb: Run `wandb online` or set WANDB_MODE=online to enable cloud syncing.

===== launch 2026-07-25 09:41:32.262694 gpu1 =====
wandb: Using wandb-core as the SDK backend.  Please refer to https://wandb.me/wandb-core for more information.
wandb: Tracking run with wandb version 0.19.0
wandb: W&B syncing is set to `offline` in this directory.  
wandb: Run `wandb online` or set WANDB_MODE=online to enable cloud syncing.

===== launch 2026-07-25 12:01:30.544628 gpu1 =====
wandb: Using wandb-core as the SDK backend.  Please refer to https://wandb.me/wandb-core for more information.
wandb: Tracking run with wandb version 0.19.0
wandb: W&B syncing is set to `offline` in this directory.  
wandb: Run `wandb online` or set WANDB_MODE=online to enable cloud syncing.
Epoch 1
losses_train/task:	1.3793364763259888
losses_train/concepts:	9.467448234558105
losses_train/total:	10.846780776977539
losses_test/task:	1.3863036632537842
losses_test/concepts:	4.97096586227417
losses_test/total:	6.357269287109375
calibration_test/ece:	0.01722797378897667
calibration_test/brier:	0.7500185966491699
accuracy_test/task:	25.02
accuracy_test/concepts:	93.91185760498047
map_test/concepts:	0.8517303996615939

Epoch 2
losses_train/task:	1.3841991424560547
losses_train/concepts:	1.8082735538482666
losses_train/total:	3.192472457885742
losses_test/task:	1.3858681917190552
losses_test/concepts:	35.50120162963867
losses_test/total:	36.887062072753906
calibration_test/ece:	0.006757625378668308
calibration_test/brier:	0.7498144507408142
accuracy_test/task:	26.45
accuracy_test/concepts:	92.13870239257812
map_test/concepts:	0.7442285575800471

Epoch 3
losses_train/task:	1.3835469484329224
losses_train/concepts:	0.43924248218536377
losses_train/total:	1.8227884769439697
losses_test/task:	1.3839672803878784
losses_test/concepts:	0.12246596813201904
losses_test/total:	1.5064328908920288
calibration_test/ece:	0.0024144104681909084
calibration_test/brier:	0.7488183975219727
accuracy_test/task:	27.123333333333335
accuracy_test/concepts:	99.93685150146484
map_test/concepts:	0.9996896154350705

Epoch 4
losses_train/task:	1.3828173875808716
losses_train/concepts:	0.10343872010707855
losses_train/total:	1.4862563610076904
losses_test/task:	1.3828301429748535
losses_test/concepts:	0.00811968557536602
losses_test/total:	1.3909504413604736
calibration_test/ece:	0.015203999355435371
calibration_test/brier:	0.7482409477233887
accuracy_test/task:	28.65
accuracy_test/concepts:	99.99981689453125
map_test/concepts:	0.999696198436949

Epoch 5
losses_train/task:	1.3821146488189697
losses_train/concepts:	0.012757471762597561
losses_train/total:	1.3948719501495361
losses_test/task:	1.3823306560516357
losses_test/concepts:	0.0028076982125639915
losses_test/total:	1.3851385116577148
calibration_test/ece:	0.009091146290302277
calibration_test/brier:	0.7479907274246216
accuracy_test/task:	28.163333333333334
accuracy_test/concepts:	100.0
map_test/concepts:	0.999696198436949

Epoch 6
losses_train/task:	1.381597638130188
losses_train/concepts:	0.006245814263820648
losses_train/total:	1.3878430128097534
losses_test/task:	1.3817148208618164
losses_test/concepts:	0.006636882200837135
losses_test/total:	1.388351559638977
calibration_test/ece:	0.007753987796604633
calibration_test/brier:	0.7476838827133179
accuracy_test/task:	27.94
accuracy_test/concepts:	99.99981689453125
map_test/concepts:	0.999696198436949

Epoch 7
losses_train/task:	1.3810701370239258
losses_train/concepts:	0.004234025254845619
losses_train/total:	1.3853039741516113
losses_test/task:	1.3817808628082275
losses_test/concepts:	0.0008723867940716445
losses_test/total:	1.382652759552002
calibration_test/ece:	0.007811401039361954
calibration_test/brier:	0.7477008700370789
accuracy_test/task:	28.39666666666667
accuracy_test/concepts:	100.0
map_test/concepts:	0.999696198436949

Epoch 8
losses_train/task:	1.3804651498794556
losses_train/concepts:	0.004399194847792387
losses_train/total:	1.3848646879196167
losses_test/task:	1.3807146549224854
losses_test/concepts:	0.001060329843312502
losses_test/total:	1.3817753791809082
calibration_test/ece:	0.013156073167920113
calibration_test/brier:	0.7471693754196167
accuracy_test/task:	29.113333333333333
accuracy_test/concepts:	100.0
map_test/concepts:	0.999696198436949

Epoch 9
losses_train/task:	1.3800021409988403
losses_train/concepts:	0.002797048771753907
losses_train/total:	1.382799506187439
losses_test/task:	1.3801798820495605
losses_test/concepts:	0.0005595507682301104
losses_test/total:	1.3807392120361328
calibration_test/ece:	0.008552559651434422
calibration_test/brier:	0.7469010353088379
accuracy_test/task:	28.766666666666666
accuracy_test/concepts:	100.0
map_test/concepts:	0.999696198436949

Epoch 10
losses_train/task:	1.3795247077941895
losses_train/concepts:	0.0025473199784755707
losses_train/total:	1.3820724487304688
losses_test/task:	1.3797647953033447
losses_test/concepts:	0.0006041245069354773
losses_test/total:	1.380368947982788
calibration_train/ece:	0.010860168375074863
calibration_train/brier:	0.7463201880455017
accuracy_train/task:	29.081836770981507
calibration_test/ece:	0.0102524533867836
calibration_test/brier:	0.7466977834701538
accuracy_test/task:	29.01
accuracy_train/concepts:	100.0
map_train/concepts:	0.999898741642634
accuracy_test/concepts:	100.0
map_test/concepts:	0.999696198436949
accuracy_test/nuisances_task:	23.331666737794876
accuracy_test/nuisances_nontask:	27.806666865944862
mutual_inf_test/nuisances_task:	0.1775136335237117
mutual_inf_test/nuisances_nontask:	0.35106502697266995

Epoch 11
losses_train/task:	1.379044532775879
losses_train/concepts:	0.0022907790262252092
losses_train/total:	1.381335973739624
losses_test/task:	1.379743218421936
losses_test/concepts:	0.00047895792522467673
losses_test/total:	1.380222201347351
calibration_test/ece:	0.010703508742153645
calibration_test/brier:	0.7466627359390259
accuracy_test/task:	28.893333333333334
accuracy_test/concepts:	100.0
map_test/concepts:	0.999696198436949

Epoch 12
losses_train/task:	1.3785295486450195
losses_train/concepts:	0.0016603542026132345
losses_train/total:	1.3801902532577515
losses_test/task:	1.3791639804840088
losses_test/concepts:	0.00043096960871480405
losses_test/total:	1.3795955181121826
calibration_test/ece:	0.013529473915696144
calibration_test/brier:	0.7463838458061218
accuracy_test/task:	29.303333333333335
accuracy_test/concepts:	100.0
map_test/concepts:	0.999696198436949

Epoch 13
losses_train/task:	1.3781180381774902
losses_train/concepts:	0.5429648160934448
losses_train/total:	1.921082854270935
losses_test/task:	1.378333330154419
losses_test/concepts:	0.014591281302273273
losses_test/total:	1.3929243087768555
calibration_test/ece:	0.010852653533220291
calibration_test/brier:	0.7459654211997986
accuracy_test/task:	29.36
accuracy_test/concepts:	100.0
map_test/concepts:	0.999696198436949

Epoch 14
losses_train/task:	1.3775479793548584
losses_train/concepts:	0.02450406551361084
losses_train/total:	1.4020510911941528
losses_test/task:	1.3787050247192383
losses_test/concepts:	0.32237866520881653
losses_test/total:	1.7010831832885742
calibration_test/ece:	0.0060266731306910515
calibration_test/brier:	0.7461564540863037
accuracy_test/task:	28.963333333333335
accuracy_test/concepts:	99.48629760742188
map_test/concepts:	0.9995816648006439

Epoch 15
losses_train/task:	1.3770664930343628
losses_train/concepts:	0.011699855327606201
losses_train/total:	1.3887656927108765
losses_test/task:	1.3775478601455688
losses_test/concepts:	0.0013757457491010427
losses_test/total:	1.3789241313934326
calibration_test/ece:	0.014252278953790665
calibration_test/brier:	0.7455633878707886
accuracy_test/task:	29.856666666666666
accuracy_test/concepts:	100.0
map_test/concepts:	0.999696198436949

Epoch 16
losses_train/task:	1.3766602277755737
losses_train/concepts:	0.004863623529672623
losses_train/total:	1.3815234899520874
losses_test/task:	1.3772047758102417
losses_test/concepts:	0.0010318130953237414
losses_test/total:	1.378236174583435
calibration_test/ece:	0.012331384234130383
calibration_test/brier:	0.745389997959137
accuracy_test/task:	29.75
accuracy_test/concepts:	100.0
map_test/concepts:	0.999696198436949

Epoch 17
losses_train/task:	1.3762824535369873
losses_train/concepts:	0.002878942061215639
losses_train/total:	1.3791629076004028
losses_test/task:	1.377009391784668
losses_test/concepts:	0.0007682495634071529
losses_test/total:	1.37777841091156
calibration_test/ece:	0.015727808699011803
calibration_test/brier:	0.7453048229217529
accuracy_test/task:	29.913333333333334
accuracy_test/concepts:	100.0
map_test/concepts:	0.999696198436949

Epoch 18
losses_train/task:	1.3759464025497437
losses_train/concepts:	0.003171193180605769
losses_train/total:	1.3791179656982422
losses_test/task:	1.3762459754943848
losses_test/concepts:	0.000607204157859087
losses_test/total:	1.376853108406067
calibration_test/ece:	0.010042914189398289
calibration_test/brier:	0.744911253452301
accuracy_test/task:	29.873333333333335
accuracy_test/concepts:	100.0
map_test/concepts:	0.999696198436949

Epoch 19
losses_train/task:	1.3756264448165894
losses_train/concepts:	0.0024627104867249727
losses_train/total:	1.3780888319015503
losses_test/task:	1.3762317895889282
losses_test/concepts:	0.0005343277589417994
losses_test/total:	1.3767671585083008
calibration_test/ece:	0.01347131934016943
calibration_test/brier:	0.744907021522522
accuracy_test/task:	29.99
accuracy_test/concepts:	100.0
map_test/concepts:	0.999696198436949

Epoch 20
losses_train/task:	1.375382661819458
losses_train/concepts:	0.003277163952589035
losses_train/total:	1.3786596059799194
losses_test/task:	1.375732421875
losses_test/concepts:	0.000598747341427952
losses_test/total:	1.3763309717178345
calibration_train/ece:	0.010326915420591831
calibration_train/brier:	0.7441991567611694
accuracy_train/task:	30.006445590327168
calibration_test/ece:	0.00932577159255743
calibration_test/brier:	0.7446495890617371
accuracy_test/task:	29.926666666666666
accuracy_train/concepts:	100.0
map_train/concepts:	0.9998987449540032
accuracy_test/concepts:	100.0
map_test/concepts:	0.999696198436949
accuracy_test/nuisances_task:	27.329999580979347
accuracy_test/nuisances_nontask:	28.173333406448364
mutual_inf_test/nuisances_task:	0.21297770959125556
mutual_inf_test/nuisances_nontask:	0.36952817000236704

Epoch 21
losses_train/task:	1.3746980428695679
losses_train/concepts:	0.001890463405288756
losses_train/total:	1.376586675643921
losses_test/task:	1.375540018081665
losses_test/concepts:	0.0005734706646762788
losses_test/total:	1.3761131763458252
calibration_test/ece:	0.00978793390095234
calibration_test/brier:	0.7445562481880188
accuracy_test/task:	30.0
accuracy_test/concepts:	100.0
map_test/concepts:	0.999696198436949

Epoch 22
losses_train/task:	1.3746296167373657
losses_train/concepts:	0.003542221849784255
losses_train/total:	1.3781720399856567
losses_test/task:	1.375474214553833
losses_test/concepts:	0.0005358734051696956
losses_test/total:	1.376009225845337
calibration_test/ece:	0.009573112241923809
calibration_test/brier:	0.7445236444473267
accuracy_test/task:	30.0
accuracy_test/concepts:	100.0
map_test/concepts:	0.999696198436949

Epoch 23
losses_train/task:	1.374586582183838
losses_train/concepts:	0.0017732311971485615
losses_train/total:	1.3763598203659058
losses_test/task:	1.375406265258789
losses_test/concepts:	0.0005462717381305993
losses_test/total:	1.3759524822235107
calibration_test/ece:	0.008965610526502132
calibration_test/brier:	0.7444894313812256
accuracy_test/task:	29.936666666666667
accuracy_test/concepts:	100.0
map_test/concepts:	0.999696198436949

Epoch 24
losses_train/task:	1.3745594024658203
losses_train/concepts:	0.0016362074529752135
losses_train/total:	1.3761961460113525
losses_test/task:	1.3753668069839478
losses_test/concepts:	0.0004711079236585647
losses_test/total:	1.3758376836776733
calibration_test/ece:	0.008724606595933437
calibration_test/brier:	0.7444693446159363
accuracy_test/task:	29.936666666666667
accuracy_test/concepts:	100.0
map_test/concepts:	0.999696198436949

Epoch 25
losses_train/task:	1.3745312690734863
losses_train/concepts:	0.0018503620522096753
losses_train/total:	1.3763800859451294
losses_test/task:	1.3753843307495117
losses_test/concepts:	0.0004652567149605602
losses_test/total:	1.3758502006530762
calibration_test/ece:	0.009345781989395618
calibration_test/brier:	0.7444780468940735
accuracy_test/task:	30.0
accuracy_test/concepts:	100.0
map_test/concepts:	0.999696198436949

Epoch 26
losses_train/task:	1.3744959831237793
losses_train/concepts:	0.001705373520962894
losses_train/total:	1.3762016296386719
losses_test/task:	1.3753474950790405
losses_test/concepts:	0.0004694062517955899
losses_test/total:	1.3758169412612915
calibration_test/ece:	0.010652631521224976
calibration_test/brier:	0.744459331035614
accuracy_test/task:	30.12
accuracy_test/concepts:	100.0
map_test/concepts:	0.999696198436949

Epoch 27
losses_train/task:	1.37446129322052
losses_train/concepts:	0.0014579492853954434
losses_train/total:	1.3759194612503052
losses_test/task:	1.3753111362457275
losses_test/concepts:	0.0005031948094256222
losses_test/total:	1.3758141994476318
calibration_test/ece:	0.009908362291753292
calibration_test/brier:	0.7444404363632202
accuracy_test/task:	30.05666666666667
accuracy_test/concepts:	100.0
map_test/concepts:	0.999696198436949

Epoch 28
losses_train/task:	1.3744536638259888
losses_train/concepts:	0.001690326607786119
losses_train/total:	1.376144289970398
losses_test/task:	1.3752604722976685
losses_test/concepts:	0.00046425245818682015
losses_test/total:	1.3757250308990479
calibration_test/ece:	0.009754195809364319
calibration_test/brier:	0.7444160580635071
accuracy_test/task:	30.05666666666667
accuracy_test/concepts:	100.0
map_test/concepts:	0.999696198436949

Epoch 29
losses_train/task:	1.3744182586669922
losses_train/concepts:	0.0016501478385180235
losses_train/total:	1.376068115234375
losses_test/task:	1.3752470016479492
losses_test/concepts:	0.00045010284520685673
losses_test/total:	1.3756974935531616
calibration_test/ece:	0.009742125868797302
calibration_test/brier:	0.7444089651107788
accuracy_test/task:	30.05666666666667
accuracy_test/concepts:	100.0
map_test/concepts:	0.999696198436949

Epoch 30
losses_train/task:	1.3743724822998047
losses_train/concepts:	0.001321315416134894
losses_train/total:	1.3756946325302124
losses_test/task:	1.3752152919769287
losses_test/concepts:	0.0004361731407698244
losses_test/total:	1.3756510019302368
calibration_train/ece:	0.01086483709514141
calibration_train/brier:	0.7439621090888977
accuracy_train/task:	30.11424253200569
calibration_test/ece:	0.009545744396746159
calibration_test/brier:	0.7443932890892029
accuracy_test/task:	30.05666666666667
accuracy_train/concepts:	100.0
map_train/concepts:	0.9998987350198958
accuracy_test/concepts:	100.0
map_test/concepts:	0.999696198436949
accuracy_test/nuisances_task:	26.996666938066483
accuracy_test/nuisances_nontask:	28.723333403468132
mutual_inf_test/nuisances_task:	0.20599229328971408
mutual_inf_test/nuisances_nontask:	0.3725362304120853

Epoch 31
losses_train/task:	1.3743572235107422
losses_train/concepts:	0.001753123477101326
losses_train/total:	1.3761100769042969
losses_test/task:	1.3752437829971313
losses_test/concepts:	0.00041953413165174425
losses_test/total:	1.3756626844406128
calibration_test/ece:	0.010220615193247795
calibration_test/brier:	0.744406521320343
accuracy_test/task:	30.12
accuracy_test/concepts:	100.0
map_test/concepts:	0.999696198436949

Epoch 32
losses_train/task:	1.3743250370025635
losses_train/concepts:	0.00147162564098835
losses_train/total:	1.3757964372634888
losses_test/task:	1.3752411603927612
losses_test/concepts:	0.0004087438865099102
losses_test/total:	1.3756496906280518
calibration_test/ece:	0.01004310604184866
calibration_test/brier:	0.7444064021110535
accuracy_test/task:	30.12
accuracy_test/concepts:	100.0
map_test/concepts:	0.999696198436949

Epoch 33
losses_train/task:	1.3742891550064087
losses_train/concepts:	0.0018705353140830994
losses_train/total:	1.3761603832244873
losses_test/task:	1.3752230405807495
losses_test/concepts:	0.00045479947584681213
losses_test/total:	1.3756781816482544
calibration_test/ece:	0.010859855450689793
calibration_test/brier:	0.7443979382514954
accuracy_test/task:	30.133333333333333
accuracy_test/concepts:	100.0
map_test/concepts:	0.999696198436949

Epoch 34
losses_train/task:	1.374286413192749
losses_train/concepts:	0.001365511678159237
losses_train/total:	1.3756513595581055
losses_test/task:	1.3751674890518188
losses_test/concepts:	0.0004137677897233516
losses_test/total:	1.3755807876586914
calibration_test/ece:	0.009213264100253582
calibration_test/brier:	0.7443687915802002
accuracy_test/task:	30.05666666666667
accuracy_test/concepts:	100.0
map_test/concepts:	0.999696198436949

Epoch 35
losses_train/task:	1.3742510080337524
losses_train/concepts:	0.001358965178951621
losses_train/total:	1.3756113052368164
losses_test/task:	1.3751071691513062
losses_test/concepts:	0.00040497008012607694
losses_test/total:	1.3755121231079102
calibration_test/ece:	0.008991838432848454
calibration_test/brier:	0.7443389296531677
accuracy_test/task:	30.05666666666667
accuracy_test/concepts:	100.0
map_test/concepts:	0.999696198436949

Epoch 36
losses_train/task:	1.3742319345474243
losses_train/concepts:	0.0013194759376347065
losses_train/total:	1.3755515813827515
losses_test/task:	1.3750759363174438
losses_test/concepts:	0.0004123707767575979
losses_test/total:	1.3754879236221313
calibration_test/ece:	0.008783017285168171
calibration_test/brier:	0.744323194026947
accuracy_test/task:	30.05666666666667
accuracy_test/concepts:	100.0
map_test/concepts:	0.999696198436949

Epoch 37
losses_train/task:	1.3742128610610962
losses_train/concepts:	0.0014623815659433603
losses_train/total:	1.3756756782531738
losses_test/task:	1.375088095664978
losses_test/concepts:	0.00037830547080375254
losses_test/total:	1.3754668235778809
calibration_test/ece:	0.008804074488580227
calibration_test/brier:	0.7443296313285828
accuracy_test/task:	30.05666666666667
accuracy_test/concepts:	100.0
map_test/concepts:	0.999696198436949

Epoch 38
losses_train/task:	1.3741832971572876
losses_train/concepts:	0.0011898751836270094
losses_train/total:	1.3753736019134521
losses_test/task:	1.3750859498977661
losses_test/concepts:	0.0003760539402719587
losses_test/total:	1.3754628896713257
calibration_test/ece:	0.008900569751858711
calibration_test/brier:	0.7443280816078186
accuracy_test/task:	30.05666666666667
accuracy_test/concepts:	100.0
map_test/concepts:	0.999696198436949

Epoch 39
losses_train/task:	1.3741631507873535
losses_train/concepts:	0.001264421851374209
losses_train/total:	1.3754273653030396
losses_test/task:	1.3750301599502563
losses_test/concepts:	0.0003860337601508945
losses_test/total:	1.3754162788391113
calibration_test/ece:	0.008619315922260284
calibration_test/brier:	0.7443009614944458
accuracy_test/task:	30.05666666666667
accuracy_test/concepts:	100.0
map_test/concepts:	0.999696198436949

Epoch 40
losses_train/task:	1.3741300106048584
losses_train/concepts:	0.00130180804990232
losses_train/total:	1.3754303455352783
losses_test/task:	1.3750232458114624
losses_test/concepts:	0.00037679303204640746
losses_test/total:	1.3754006624221802
calibration_train/ece:	0.010955137200653553
calibration_train/brier:	0.7438316941261292
accuracy_train/task:	30.117576458036986
calibration_test/ece:	0.008685695007443428
calibration_test/brier:	0.7442970871925354
accuracy_test/task:	30.05666666666667
accuracy_train/concepts:	100.0
map_train/concepts:	0.999898738331265
accuracy_test/concepts:	100.0
map_test/concepts:	0.999696198436949
accuracy_test/nuisances_task:	26.421666145324707
accuracy_test/nuisances_nontask:	28.5333339124918
mutual_inf_test/nuisances_task:	0.20551337034623268
mutual_inf_test/nuisances_nontask:	0.3680770886416007

Epoch 41
losses_train/task:	1.3740497827529907
losses_train/concepts:	0.0014164492022246122
losses_train/total:	1.3754674196243286
losses_test/task:	1.3750247955322266
losses_test/concepts:	0.00038758511072956026
losses_test/total:	1.3754119873046875
calibration_test/ece:	0.008651766926050186
calibration_test/brier:	0.744297206401825
accuracy_test/task:	30.05666666666667
accuracy_test/concepts:	100.0
map_test/concepts:	0.999696198436949

Epoch 42
losses_train/task:	1.37404465675354
losses_train/concepts:	0.0015051020309329033
losses_train/total:	1.3755501508712769
losses_test/task:	1.3750237226486206
losses_test/concepts:	0.0003717335930559784
losses_test/total:	1.3753957748413086
calibration_test/ece:	0.00861505139619112
calibration_test/brier:	0.7442970275878906
accuracy_test/task:	30.05666666666667
accuracy_test/concepts:	100.0
map_test/concepts:	0.999696198436949

Epoch 43
losses_train/task:	1.3740462064743042
losses_train/concepts:	0.0018263941165059805
losses_train/total:	1.3758714199066162
losses_test/task:	1.375023365020752
losses_test/concepts:	0.00040618926868773997
losses_test/total:	1.3754301071166992
calibration_test/ece:	0.00859502237290144
calibration_test/brier:	0.7442970871925354
accuracy_test/task:	30.05666666666667
accuracy_test/concepts:	100.0
map_test/concepts:	0.999696198436949

Epoch 44
losses_train/task:	1.3740310668945312
losses_train/concepts:	0.001225750893354416
losses_train/total:	1.3752572536468506
losses_test/task:	1.37502121925354
losses_test/concepts:	0.0003633325104601681
losses_test/total:	1.3753840923309326
calibration_test/ece:	0.008577218279242516
calibration_test/brier:	0.7442956566810608
accuracy_test/task:	30.05666666666667
accuracy_test/concepts:	100.0
map_test/concepts:	0.999696198436949

Epoch 45
losses_train/task:	1.3740345239639282
losses_train/concepts:	0.0014287917874753475
losses_train/total:	1.3754627704620361
losses_test/task:	1.3750207424163818
losses_test/concepts:	0.00037939622416161
losses_test/total:	1.3754007816314697
calibration_test/ece:	0.008566806092858315
calibration_test/brier:	0.7442956566810608
accuracy_test/task:	30.05666666666667
accuracy_test/concepts:	100.0
map_test/concepts:	0.999696198436949

Epoch 46
losses_train/task:	1.3740296363830566
losses_train/concepts:	0.0013426156947389245
losses_train/total:	1.3753715753555298
losses_test/task:	1.375017762184143
losses_test/concepts:	0.0003663616080302745
losses_test/total:	1.3753845691680908
calibration_test/ece:	0.008550300262868404
calibration_test/brier:	0.7442942261695862
accuracy_test/task:	30.05666666666667
accuracy_test/concepts:	100.0
map_test/concepts:	0.999696198436949

Epoch 47
losses_train/task:	1.3740366697311401
losses_train/concepts:	0.0012820535339415073
losses_train/total:	1.3753174543380737
losses_test/task:	1.3750172853469849
losses_test/concepts:	0.0003803909639827907
losses_test/total:	1.3753973245620728
calibration_test/ece:	0.008533024229109287
calibration_test/brier:	0.7442936301231384
accuracy_test/task:	30.05666666666667
accuracy_test/concepts:	100.0
map_test/concepts:	0.999696198436949

Epoch 48
losses_train/task:	1.374025821685791
losses_train/concepts:	0.0011673542903736234
losses_train/total:	1.3751927614212036
losses_test/task:	1.3750193119049072
losses_test/concepts:	0.00039734202437102795
losses_test/total:	1.3754169940948486
calibration_test/ece:	0.008531169965863228
calibration_test/brier:	0.7442947626113892
accuracy_test/task:	30.05666666666667
accuracy_test/concepts:	100.0
map_test/concepts:	0.999696198436949

Epoch 49
losses_train/task:	1.3740206956863403
losses_train/concepts:	0.0013612357433885336
losses_train/total:	1.375382423400879
losses_test/task:	1.3750170469284058
losses_test/concepts:	0.0003638863272499293
losses_test/total:	1.3753806352615356
calibration_test/ece:	0.00851352047175169
calibration_test/brier:	0.7442934513092041
accuracy_test/task:	30.05666666666667
accuracy_test/concepts:	100.0
map_test/concepts:	0.999696198436949

Epoch 50
losses_train/task:	1.3740160465240479
losses_train/concepts:	0.0013651065528392792
losses_train/total:	1.375381350517273
losses_test/task:	1.3750139474868774
losses_test/concepts:	0.0003766696900129318
losses_test/total:	1.3753905296325684
calibration_train/ece:	0.010763050988316536
calibration_train/brier:	0.7438237071037292
accuracy_train/task:	30.116465149359886
calibration_test/ece:	0.008498364128172398
calibration_test/brier:	0.7442920207977295
accuracy_test/task:	30.05666666666667
accuracy_train/concepts:	100.0
map_train/concepts:	0.9998987482653724
accuracy_test/concepts:	100.0
map_test/concepts:	0.999696198436949
accuracy_test/nuisances_task:	26.946668326854706
accuracy_test/nuisances_nontask:	27.94666588306427
mutual_inf_test/nuisances_task:	0.20662766160743867
mutual_inf_test/nuisances_nontask:	0.36964392188526285

epoch_50.pt
groups=0 err_lowconf=69.943 err_random=69.943
groups=1 err_lowconf=69.943 err_random=69.943
groups=2 err_lowconf=69.943 err_random=69.943
groups=3 err_lowconf=69.943 err_random=69.943
groups=4 err_lowconf=69.943 err_random=69.943
groups=5 err_lowconf=69.943 err_random=69.943
groups=6 err_lowconf=69.943 err_random=69.943
groups=7 err_lowconf=69.943 err_random=69.943
groups=8 err_lowconf=69.943 err_random=69.943
groups=9 err_lowconf=69.943 err_random=69.943
groups=10 err_lowconf=69.943 err_random=69.943
groups=11 err_lowconf=69.943 err_random=69.943
groups=12 err_lowconf=69.943 err_random=69.943
groups=13 err_lowconf=69.943 err_random=69.943
groups=14 err_lowconf=69.943 err_random=69.943
groups=15 err_lowconf=69.943 err_random=69.943
groups=16 err_lowconf=69.943 err_random=69.943
groups=17 err_lowconf=69.943 err_random=69.943
groups=18 err_lowconf=69.943 err_random=69.943
[1;34mwandb[0m:
[1;34mwandb[0m: You can sync this run to the cloud by running:
[1;34mwandb[0m: [1mwandb sync /research/hal-afsharim/minimal_cbm/results/shapes3d-arhcbm/42/wandb/offline-run-20260725_120135-g0vwhe41[0m
[1;34mwandb[0m: Find logs at: [1;35mresults/shapes3d-arhcbm/42/wandb/offline-run-20260725_120135-g0vwhe41/logs[0m
