
===== launch 2026-07-25 19:59:19.427875 gpu5 =====
wandb: Using wandb-core as the SDK backend.  Please refer to https://wandb.me/wandb-core for more information.
wandb: Tracking run with wandb version 0.19.0
wandb: W&B syncing is set to `offline` in this directory.  
wandb: Run `wandb online` or set WANDB_MODE=online to enable cloud syncing.
Epoch 1
losses_train/task:	1.395331621170044
losses_train/concepts:	11.421161651611328
losses_train/representations:	5.839254856109619
losses_train/total:	30.334253311157227
losses_test/task:	1.3824968338012695
losses_test/concepts:	5.268560886383057
losses_test/representations:	5.454135894775391
losses_test/total:	23.013465881347656
calibration_test/ece:	0.018076762557029724
calibration_test/brier:	0.7480866312980652
accuracy_test/task:	27.513333333333332
accuracy_test/concepts:	95.67462921142578
map_test/concepts:	0.8446153269873725

Epoch 2
losses_train/task:	1.3831894397735596
losses_train/concepts:	2.328953504562378
losses_train/representations:	0.6471118927001953
losses_train/total:	5.653480529785156
losses_test/task:	1.3782049417495728
losses_test/concepts:	1.4354474544525146
losses_test/representations:	0.104698047041893
losses_test/total:	3.127747058868408
calibration_test/ece:	0.005465077701956034
calibration_test/brier:	0.7459511756896973
accuracy_test/task:	29.14666666666667
accuracy_test/concepts:	99.44388580322266
map_test/concepts:	0.9496476087305281

Epoch 3
losses_train/task:	1.3811887502670288
losses_train/concepts:	1.5681711435317993
losses_train/representations:	0.1656266152858734
losses_train/total:	3.446239948272705
losses_test/task:	1.378800630569458
losses_test/concepts:	1.3507252931594849
losses_test/representations:	0.06395729631185532
losses_test/total:	2.9213974475860596
calibration_test/ece:	0.0037431162782013416
calibration_test/brier:	0.7462776303291321
accuracy_test/task:	28.666666666666668
accuracy_test/concepts:	95.00055694580078
map_test/concepts:	0.9496476087305281

Epoch 4
losses_train/task:	1.3795948028564453
losses_train/concepts:	1.4873355627059937
losses_train/representations:	0.11391188204288483
losses_train/total:	3.208667278289795
losses_test/task:	1.3776873350143433
losses_test/concepts:	1.318562388420105
losses_test/representations:	0.09501709043979645
losses_test/total:	2.9813003540039062
calibration_test/ece:	0.0036854196805506945
calibration_test/brier:	0.7457424402236938
accuracy_test/task:	29.066666666666666
accuracy_test/concepts:	99.44388580322266
map_test/concepts:	0.9496476087305281

Epoch 5
losses_train/task:	1.379083514213562
losses_train/concepts:	1.4528409242630005
losses_train/representations:	0.09401607513427734
losses_train/total:	3.113974094390869
losses_test/task:	1.3776973485946655
losses_test/concepts:	1.301893949508667
losses_test/representations:	0.03487325459718704
losses_test/total:	2.7842118740081787
calibration_test/ece:	0.008673586882650852
calibration_test/brier:	0.7457199096679688
accuracy_test/task:	29.393333333333334
accuracy_test/concepts:	95.00055694580078
map_test/concepts:	0.9496476087305281

Epoch 6
losses_train/task:	1.3785275220870972
losses_train/concepts:	1.4313639402389526
losses_train/representations:	0.07812315225601196
losses_train/total:	3.044260263442993
losses_test/task:	1.3764748573303223
losses_test/concepts:	1.293021559715271
losses_test/representations:	0.04404477775096893
losses_test/total:	2.8016302585601807
calibration_test/ece:	0.013007324188947678
calibration_test/brier:	0.7451297044754028
accuracy_test/task:	29.92
accuracy_test/concepts:	95.00055694580078
map_test/concepts:	0.9496476087305281

Epoch 7
losses_train/task:	1.377591609954834
losses_train/concepts:	1.417538046836853
losses_train/representations:	0.0657314881682396
losses_train/total:	2.9923224449157715
losses_test/task:	1.3758375644683838
losses_test/concepts:	1.2850165367126465
losses_test/representations:	0.034102924168109894
losses_test/total:	2.7631642818450928
calibration_test/ece:	0.010358288884162903
calibration_test/brier:	0.7448177337646484
accuracy_test/task:	29.993333333333332
accuracy_test/concepts:	99.44388580322266
map_test/concepts:	0.9496476087305281

Epoch 8
losses_train/task:	1.3777856826782227
losses_train/concepts:	1.4088820219039917
losses_train/representations:	0.05823899805545807
losses_train/total:	2.961385488510132
losses_test/task:	1.3752959966659546
losses_test/concepts:	1.2802187204360962
losses_test/representations:	0.028149088844656944
losses_test/total:	2.7399613857269287
calibration_test/ece:	0.011735726147890091
calibration_test/brier:	0.7445886135101318
accuracy_test/task:	29.846666666666668
accuracy_test/concepts:	95.00055694580078
map_test/concepts:	0.9496476087305281

Epoch 9
losses_train/task:	1.3772389888763428
losses_train/concepts:	1.3971245288848877
losses_train/representations:	0.05017249286174774
losses_train/total:	2.92488169670105
losses_test/task:	1.3760470151901245
losses_test/concepts:	1.2763348817825317
losses_test/representations:	0.021681208163499832
losses_test/total:	2.7174265384674072
calibration_test/ece:	0.008182540535926819
calibration_test/brier:	0.7449508905410767
accuracy_test/task:	29.656666666666666
accuracy_test/concepts:	95.00055694580078
map_test/concepts:	0.9496476087305281

Epoch 10
losses_train/task:	1.37615966796875
losses_train/concepts:	1.402319312095642
losses_train/representations:	0.050243739038705826
losses_train/total:	2.929208993911743
losses_test/task:	1.3747999668121338
losses_test/concepts:	1.2734756469726562
losses_test/representations:	0.024034028872847557
losses_test/total:	2.7203776836395264
calibration_train/ece:	0.013472523540258408
calibration_train/brier:	0.7431732416152954
accuracy_train/task:	30.172030583214795
calibration_test/ece:	0.013835570774972439
calibration_test/brier:	0.7443162798881531
accuracy_test/task:	30.06
accuracy_train/concepts:	99.44459533691406
map_train/concepts:	0.9498928081658151
accuracy_test/concepts:	99.44388580322266
map_test/concepts:	0.9496476087305281
accuracy_test/nuisances_task:	3.034999966621399
accuracy_test/nuisances_nontask:	0.14333315193653107
mutual_inf_test/nuisances_task:	0.016156067492268722
mutual_inf_test/nuisances_nontask:	-9.689498599030344e-06

Epoch 11
losses_train/task:	1.3761507272720337
losses_train/concepts:	1.3921436071395874
losses_train/representations:	0.04268716648221016
losses_train/total:	2.896354913711548
losses_test/task:	1.3748372793197632
losses_test/concepts:	1.2712239027023315
losses_test/representations:	0.024772416800260544
losses_test/total:	2.720378875732422
calibration_test/ece:	0.007023693528026342
calibration_test/brier:	0.7443317174911499
accuracy_test/task:	29.683333333333334
accuracy_test/concepts:	99.44388580322266
map_test/concepts:	0.9496476087305281

Epoch 12
losses_train/task:	1.3764070272445679
losses_train/concepts:	1.3888285160064697
losses_train/representations:	0.0424073301255703
losses_train/total:	2.892458915710449
losses_test/task:	1.374997615814209
losses_test/concepts:	1.2700450420379639
losses_test/representations:	0.03592098876833916
losses_test/total:	2.752805471420288
calibration_test/ece:	0.0044237663969397545
calibration_test/brier:	0.7444444298744202
accuracy_test/task:	29.573333333333334
accuracy_test/concepts:	99.44388580322266
map_test/concepts:	0.9496476087305281

Epoch 13
losses_train/task:	1.3764448165893555
losses_train/concepts:	2.0769295692443848
losses_train/representations:	0.39823469519615173
losses_train/total:	4.648076057434082
losses_test/task:	1.3750978708267212
losses_test/concepts:	1.2728859186172485
losses_test/representations:	0.038191571831703186
losses_test/total:	2.7625579833984375
calibration_test/ece:	0.007336728274822235
calibration_test/brier:	0.744531512260437
accuracy_test/task:	29.726666666666667
accuracy_test/concepts:	99.44388580322266
map_test/concepts:	0.9496476087305281

Epoch 14
losses_train/task:	1.3760603666305542
losses_train/concepts:	1.4201892614364624
losses_train/representations:	0.07158895581960678
losses_train/total:	3.0110161304473877
losses_test/task:	1.3751026391983032
losses_test/concepts:	1.2690774202346802
losses_test/representations:	0.025452302768826485
losses_test/total:	2.7205381393432617
calibration_test/ece:	0.0029766145162284374
calibration_test/brier:	0.7445056438446045
accuracy_test/task:	29.366666666666667
accuracy_test/concepts:	95.00055694580078
map_test/concepts:	0.9496476087305281

Epoch 15
losses_train/task:	1.3759069442749023
losses_train/concepts:	1.398659110069275
losses_train/representations:	0.05012791231274605
losses_train/total:	2.924950122833252
losses_test/task:	1.3757463693618774
losses_test/concepts:	1.2673866748809814
losses_test/representations:	0.02614462748169899
losses_test/total:	2.7215678691864014
calibration_test/ece:	0.004392355214804411
calibration_test/brier:	0.7448365092277527
accuracy_test/task:	29.453333333333333
accuracy_test/concepts:	95.00055694580078
map_test/concepts:	0.9496476087305281

Epoch 16
losses_train/task:	1.3756866455078125
losses_train/concepts:	1.3931034803390503
losses_train/representations:	0.04336715117096901
losses_train/total:	2.8988900184631348
losses_test/task:	1.3743326663970947
losses_test/concepts:	1.2657146453857422
losses_test/representations:	0.022480931133031845
losses_test/total:	2.707489490509033
calibration_test/ece:	0.008266796357929707
calibration_test/brier:	0.7440924644470215
accuracy_test/task:	30.13
accuracy_test/concepts:	99.44388580322266
map_test/concepts:	0.9496476087305281

Epoch 17
losses_train/task:	1.3752695322036743
losses_train/concepts:	1.3823572397232056
losses_train/representations:	0.03624967485666275
losses_train/total:	2.8663763999938965
losses_test/task:	1.374147653579712
losses_test/concepts:	1.2642710208892822
losses_test/representations:	0.03310834988951683
losses_test/total:	2.737743377685547
calibration_test/ece:	0.009775717742741108
calibration_test/brier:	0.744028627872467
accuracy_test/task:	30.04
accuracy_test/concepts:	99.44388580322266
map_test/concepts:	0.9496476087305281

Epoch 18
losses_train/task:	1.375501275062561
losses_train/concepts:	1.38197660446167
losses_train/representations:	0.03400339558720589
losses_train/total:	2.859490156173706
losses_test/task:	1.374659776687622
losses_test/concepts:	1.2631750106811523
losses_test/representations:	0.00983720924705267
losses_test/total:	2.6673460006713867
calibration_test/ece:	0.004371843300759792
calibration_test/brier:	0.7442731857299805
accuracy_test/task:	29.7
accuracy_test/concepts:	99.44388580322266
map_test/concepts:	0.9496476087305281

Epoch 19
losses_train/task:	1.3754844665527344
losses_train/concepts:	1.3752509355545044
losses_train/representations:	0.03159141540527344
losses_train/total:	2.845508575439453
losses_test/task:	1.3745170831680298
losses_test/concepts:	1.2623294591903687
losses_test/representations:	0.015092854388058186
losses_test/total:	2.682124614715576
calibration_test/ece:	0.008857110515236855
calibration_test/brier:	0.7442008852958679
accuracy_test/task:	30.026666666666667
accuracy_test/concepts:	95.00055694580078
map_test/concepts:	0.9496476087305281

Epoch 20
losses_train/task:	1.3749120235443115
losses_train/concepts:	1.373621940612793
losses_train/representations:	0.03080272302031517
losses_train/total:	2.840941905975342
losses_test/task:	1.3743517398834229
losses_test/concepts:	1.2615792751312256
losses_test/representations:	0.011965292505919933
losses_test/total:	2.671825885772705
calibration_train/ece:	0.011753255501389503
calibration_train/brier:	0.7425088882446289
accuracy_train/task:	30.26538051209104
calibration_test/ece:	0.008366593159735203
calibration_test/brier:	0.7441142797470093
accuracy_test/task:	29.863333333333333
accuracy_train/concepts:	94.99960327148438
map_train/concepts:	0.9499208687080277
accuracy_test/concepts:	95.00055694580078
map_test/concepts:	0.9496476087305281
accuracy_test/nuisances_task:	0.25833360850811005
accuracy_test/nuisances_nontask:	0.3199998289346695
mutual_inf_test/nuisances_task:	-2.9305955559388863e-05
mutual_inf_test/nuisances_nontask:	-4.392029830224686e-05

Epoch 21
losses_train/task:	1.3741024732589722
losses_train/concepts:	1.3681206703186035
losses_train/representations:	0.015930891036987305
losses_train/total:	2.7900161743164062
losses_test/task:	1.3741122484207153
losses_test/concepts:	1.2614035606384277
losses_test/representations:	0.006643908564001322
losses_test/total:	2.655447006225586
calibration_test/ece:	0.006793861743062735
calibration_test/brier:	0.7440065145492554
accuracy_test/task:	29.87
accuracy_test/concepts:	99.44388580322266
map_test/concepts:	0.9496476087305281

Epoch 22
losses_train/task:	1.373717188835144
losses_train/concepts:	1.3670928478240967
losses_train/representations:	0.015463529154658318
losses_train/total:	2.7872018814086914
losses_test/task:	1.3738245964050293
losses_test/concepts:	1.2613370418548584
losses_test/representations:	0.006110651884227991
losses_test/total:	2.6534929275512695
calibration_test/ece:	0.007671191357076168
calibration_test/brier:	0.7438585758209229
accuracy_test/task:	29.963333333333335
accuracy_test/concepts:	99.44388580322266
map_test/concepts:	0.9496476087305281

Epoch 23
losses_train/task:	1.3733842372894287
losses_train/concepts:	1.3622580766677856
losses_train/representations:	0.014603116549551487
losses_train/total:	2.779448986053467
losses_test/task:	1.3736920356750488
losses_test/concepts:	1.261267066001892
losses_test/representations:	0.005930242128670216
losses_test/total:	2.6527483463287354
calibration_test/ece:	0.006023130379617214
calibration_test/brier:	0.7437887787818909
accuracy_test/task:	29.83
accuracy_test/concepts:	99.44388580322266
map_test/concepts:	0.9496476087305281

Epoch 24
losses_train/task:	1.3734023571014404
losses_train/concepts:	1.3745158910751343
losses_train/representations:	0.01518166996538639
losses_train/total:	2.7934632301330566
losses_test/task:	1.3737021684646606
losses_test/concepts:	1.2612091302871704
losses_test/representations:	0.007239899132400751
losses_test/total:	2.656629800796509
calibration_test/ece:	0.006745044607669115
calibration_test/brier:	0.7437962889671326
accuracy_test/task:	29.973333333333333
accuracy_test/concepts:	99.44388580322266
map_test/concepts:	0.9496476087305281

Epoch 25
losses_train/task:	1.373677372932434
losses_train/concepts:	1.3701789379119873
losses_train/representations:	0.014726641587913036
losses_train/total:	2.788034439086914
losses_test/task:	1.3736385107040405
losses_test/concepts:	1.2611448764801025
losses_test/representations:	0.007394728250801563
losses_test/total:	2.656968593597412
calibration_test/ece:	0.0045911287888884544
calibration_test/brier:	0.7437697649002075
accuracy_test/task:	29.86
accuracy_test/concepts:	95.00055694580078
map_test/concepts:	0.9496476087305281

Epoch 26
losses_train/task:	1.3738495111465454
losses_train/concepts:	1.3683501482009888
losses_train/representations:	0.014478227123618126
losses_train/total:	2.7856338024139404
losses_test/task:	1.3735185861587524
losses_test/concepts:	1.2610708475112915
losses_test/representations:	0.00724495854228735
losses_test/total:	2.656322956085205
calibration_test/ece:	0.00821362342685461
calibration_test/brier:	0.7436956167221069
accuracy_test/task:	30.296666666666667
accuracy_test/concepts:	95.00055694580078
map_test/concepts:	0.9496476087305281

Epoch 27
losses_train/task:	1.3737802505493164
losses_train/concepts:	1.3710455894470215
losses_train/representations:	0.014825679361820221
losses_train/total:	2.7893013954162598
losses_test/task:	1.3735753297805786
losses_test/concepts:	1.261003017425537
losses_test/representations:	0.006381480023264885
losses_test/total:	2.6537222862243652
calibration_test/ece:	0.009829257614910603
calibration_test/brier:	0.7437379360198975
accuracy_test/task:	30.383333333333333
accuracy_test/concepts:	99.44388580322266
map_test/concepts:	0.9496476087305281

Epoch 28
losses_train/task:	1.3735154867172241
losses_train/concepts:	1.3711186647415161
losses_train/representations:	0.014307093806564808
losses_train/total:	2.7875545024871826
losses_test/task:	1.3735283613204956
losses_test/concepts:	1.2609376907348633
losses_test/representations:	0.005864010192453861
losses_test/total:	2.652056932449341
calibration_test/ece:	0.011514045298099518
calibration_test/brier:	0.7437036633491516
accuracy_test/task:	30.383333333333333
accuracy_test/concepts:	95.00055694580078
map_test/concepts:	0.9496476087305281

Epoch 29
losses_train/task:	1.3735944032669067
losses_train/concepts:	1.3608492612838745
losses_train/representations:	0.013830077834427357
losses_train/total:	2.7759335041046143
losses_test/task:	1.373591661453247
losses_test/concepts:	1.2608773708343506
losses_test/representations:	0.006205023732036352
losses_test/total:	2.653085470199585
calibration_test/ece:	0.007585207466036081
calibration_test/brier:	0.7437441349029541
accuracy_test/task:	29.97
accuracy_test/concepts:	95.00055694580078
map_test/concepts:	0.9496476087305281

Epoch 30
losses_train/task:	1.3738529682159424
losses_train/concepts:	1.367806315422058
losses_train/representations:	0.013903535902500153
losses_train/total:	2.7833683490753174
losses_test/task:	1.3735034465789795
losses_test/concepts:	1.2608165740966797
losses_test/representations:	0.007137036416679621
losses_test/total:	2.6557304859161377
calibration_train/ece:	0.010322070680558681
calibration_train/brier:	0.741887092590332
accuracy_train/task:	30.604329658605973
calibration_test/ece:	0.008107398636639118
calibration_test/brier:	0.7436996698379517
accuracy_test/task:	30.053333333333335
accuracy_train/concepts:	94.99978637695312
map_train/concepts:	0.9499860314859284
accuracy_test/concepts:	95.00055694580078
map_test/concepts:	0.9496476087305281
accuracy_test/nuisances_task:	-0.009999796748161316
accuracy_test/nuisances_nontask:	0.12999996542930603
mutual_inf_test/nuisances_task:	-3.5069430077361297e-05
mutual_inf_test/nuisances_nontask:	2.423335657919523e-05

Epoch 31
losses_train/task:	1.3735102415084839
losses_train/concepts:	1.366257667541504
losses_train/representations:	0.01359470747411251
losses_train/total:	2.7805521488189697
losses_test/task:	1.3736217021942139
losses_test/concepts:	1.2607518434524536
losses_test/representations:	0.007178464438766241
losses_test/total:	2.6559090614318848
calibration_test/ece:	0.0057491520419716835
calibration_test/brier:	0.7437694072723389
accuracy_test/task:	29.86
accuracy_test/concepts:	95.00055694580078
map_test/concepts:	0.9496476087305281

Epoch 32
losses_train/task:	1.3733657598495483
losses_train/concepts:	1.3644505739212036
losses_train/representations:	0.013782335445284843
losses_train/total:	2.779163360595703
losses_test/task:	1.3735053539276123
losses_test/concepts:	1.2606964111328125
losses_test/representations:	0.005445827264338732
losses_test/total:	2.6505393981933594
calibration_test/ece:	0.011064660735428333
calibration_test/brier:	0.7437073588371277
accuracy_test/task:	30.403333333333332
accuracy_test/concepts:	95.00055694580078
map_test/concepts:	0.9496476087305281

Epoch 33
losses_train/task:	1.3738888502120972
losses_train/concepts:	1.3710869550704956
losses_train/representations:	0.013994085602462292
losses_train/total:	2.7869582176208496
losses_test/task:	1.373609185218811
losses_test/concepts:	1.2606500387191772
losses_test/representations:	0.006841164082288742
losses_test/total:	2.654783010482788
calibration_test/ece:	0.009660454466938972
calibration_test/brier:	0.7437519431114197
accuracy_test/task:	30.486666666666668
accuracy_test/concepts:	99.44388580322266
map_test/concepts:	0.9496476087305281

Epoch 34
losses_train/task:	1.3732585906982422
losses_train/concepts:	1.3683308362960815
losses_train/representations:	0.013647905550897121
losses_train/total:	2.782533645629883
losses_test/task:	1.3735005855560303
losses_test/concepts:	1.2605924606323242
losses_test/representations:	0.006684124004095793
losses_test/total:	2.654144763946533
calibration_test/ece:	0.008699917234480381
calibration_test/brier:	0.7436997294425964
accuracy_test/task:	30.343333333333334
accuracy_test/concepts:	99.44388580322266
map_test/concepts:	0.9496476087305281

Epoch 35
losses_train/task:	1.3738296031951904
losses_train/concepts:	1.3734530210494995
losses_train/representations:	0.01386452279984951
losses_train/total:	2.788874864578247
losses_test/task:	1.373487114906311
losses_test/concepts:	1.2605323791503906
losses_test/representations:	0.006012065801769495
losses_test/total:	2.652055263519287
calibration_test/ece:	0.004734924528747797
calibration_test/brier:	0.7436931729316711
accuracy_test/task:	29.916666666666668
accuracy_test/concepts:	95.00055694580078
map_test/concepts:	0.9496476087305281

Epoch 36
losses_train/task:	1.3732844591140747
losses_train/concepts:	1.3663804531097412
losses_train/representations:	0.013610858470201492
losses_train/total:	2.7804980278015137
losses_test/task:	1.3735796213150024
losses_test/concepts:	1.26047682762146
losses_test/representations:	0.004670319613069296
losses_test/total:	2.648066520690918
calibration_test/ece:	0.00861241016536951
calibration_test/brier:	0.7437512278556824
accuracy_test/task:	30.403333333333332
accuracy_test/concepts:	95.00055694580078
map_test/concepts:	0.9496476087305281

Epoch 37
losses_train/task:	1.3735495805740356
losses_train/concepts:	1.3654484748840332
losses_train/representations:	0.013584454543888569
losses_train/total:	2.7797534465789795
losses_test/task:	1.3734463453292847
losses_test/concepts:	1.2604154348373413
losses_test/representations:	0.005769801326096058
losses_test/total:	2.651172399520874
calibration_test/ece:	0.010359062813222408
calibration_test/brier:	0.7436754107475281
accuracy_test/task:	30.433333333333334
accuracy_test/concepts:	99.44388580322266
map_test/concepts:	0.9496476087305281

Epoch 38
losses_train/task:	1.3737707138061523
losses_train/concepts:	1.3760682344436646
losses_train/representations:	0.013626251369714737
losses_train/total:	2.7907185554504395
losses_test/task:	1.3733457326889038
losses_test/concepts:	1.260358452796936
losses_test/representations:	0.006373479031026363
losses_test/total:	2.6528241634368896
calibration_test/ece:	0.005865599028766155
calibration_test/brier:	0.7436301708221436
accuracy_test/task:	29.903333333333332
accuracy_test/concepts:	99.44388580322266
map_test/concepts:	0.9496476087305281

Epoch 39
losses_train/task:	1.373302936553955
losses_train/concepts:	1.3694924116134644
losses_train/representations:	0.013466281816363335
losses_train/total:	2.7831943035125732
losses_test/task:	1.373223066329956
losses_test/concepts:	1.2603105306625366
losses_test/representations:	0.007692656945437193
losses_test/total:	2.656611919403076
calibration_test/ece:	0.010850382968783379
calibration_test/brier:	0.7435548901557922
accuracy_test/task:	30.59
accuracy_test/concepts:	95.00055694580078
map_test/concepts:	0.9496476087305281

Epoch 40
losses_train/task:	1.3735995292663574
losses_train/concepts:	1.3749102354049683
losses_train/representations:	0.01326693780720234
losses_train/total:	2.7883095741271973
losses_test/task:	1.3733845949172974
losses_test/concepts:	1.2602430582046509
losses_test/representations:	0.007082581520080566
losses_test/total:	2.6548755168914795
calibration_train/ece:	0.012666047550737858
calibration_train/brier:	0.741790235042572
accuracy_train/task:	30.911050853485065
calibration_test/ece:	0.009259715676307678
calibration_test/brier:	0.7436534762382507
accuracy_test/task:	30.463333333333335
accuracy_train/concepts:	94.99990844726562
map_train/concepts:	0.9499136333664259
accuracy_test/concepts:	95.00055694580078
map_test/concepts:	0.9496476087305281
accuracy_test/nuisances_task:	0.2366669476032257
accuracy_test/nuisances_nontask:	-0.03666691482067108
mutual_inf_test/nuisances_task:	-1.0830297631936325e-05
mutual_inf_test/nuisances_nontask:	-8.173431286240262e-05

Epoch 41
losses_train/task:	1.373134732246399
losses_train/concepts:	1.3682143688201904
losses_train/representations:	0.011956078931689262
losses_train/total:	2.7772181034088135
losses_test/task:	1.3733961582183838
losses_test/concepts:	1.2602390050888062
losses_test/representations:	0.005997206084430218
losses_test/total:	2.6516263484954834
calibration_test/ece:	0.009051091969013214
calibration_test/brier:	0.7436559796333313
accuracy_test/task:	30.436666666666667
accuracy_test/concepts:	95.00055694580078
map_test/concepts:	0.9496476087305281

Epoch 42
losses_train/task:	1.3728584051132202
losses_train/concepts:	1.3657453060150146
losses_train/representations:	0.011748976074159145
losses_train/total:	2.773850202560425
losses_test/task:	1.3733947277069092
losses_test/concepts:	1.2602370977401733
losses_test/representations:	0.004968228749930859
losses_test/total:	2.6485371589660645
calibration_test/ece:	0.012524548918008804
calibration_test/brier:	0.7436555624008179
accuracy_test/task:	30.77
accuracy_test/concepts:	95.00055694580078
map_test/concepts:	0.9496476087305281

Epoch 43
losses_train/task:	1.3729536533355713
losses_train/concepts:	1.3614758253097534
losses_train/representations:	0.011664723046123981
losses_train/total:	2.7694215774536133
losses_test/task:	1.373367428779602
losses_test/concepts:	1.2602308988571167
losses_test/representations:	0.006280246190726757
losses_test/total:	2.6524393558502197
calibration_test/ece:	0.010459549725055695
calibration_test/brier:	0.7436403632164001
accuracy_test/task:	30.586666666666666
accuracy_test/concepts:	95.00055694580078
map_test/concepts:	0.9496476087305281

Epoch 44
losses_train/task:	1.3734617233276367
losses_train/concepts:	1.359822154045105
losses_train/representations:	0.011437692679464817
losses_train/total:	2.7676000595092773
losses_test/task:	1.373389720916748
losses_test/concepts:	1.260225534439087
losses_test/representations:	0.00540318014100194
losses_test/total:	2.649824857711792
calibration_test/ece:	0.010294915176928043
calibration_test/brier:	0.7436511516571045
accuracy_test/task:	30.55666666666667
accuracy_test/concepts:	95.00055694580078
map_test/concepts:	0.9496476087305281

Epoch 45
losses_train/task:	1.3729543685913086
losses_train/concepts:	1.3652784824371338
losses_train/representations:	0.011781316250562668
losses_train/total:	2.773576021194458
losses_test/task:	1.3733694553375244
losses_test/concepts:	1.2602177858352661
losses_test/representations:	0.0060418108478188515
losses_test/total:	2.6517128944396973
calibration_test/ece:	0.011589378118515015
calibration_test/brier:	0.7436390519142151
accuracy_test/task:	30.69333333333333
accuracy_test/concepts:	95.00055694580078
map_test/concepts:	0.9496476087305281

Epoch 46
losses_train/task:	1.3732515573501587
losses_train/concepts:	1.3661261796951294
losses_train/representations:	0.011757741682231426
losses_train/total:	2.7746517658233643
losses_test/task:	1.3733690977096558
losses_test/concepts:	1.2602139711380005
losses_test/representations:	0.005733683239668608
losses_test/total:	2.650785207748413
calibration_test/ece:	0.008852062746882439
calibration_test/brier:	0.7436380982398987
accuracy_test/task:	30.416666666666668
accuracy_test/concepts:	95.00055694580078
map_test/concepts:	0.9496476087305281

Epoch 47
losses_train/task:	1.3736008405685425
losses_train/concepts:	1.367891550064087
losses_train/representations:	0.011831732466816902
losses_train/total:	2.7769875526428223
losses_test/task:	1.3733793497085571
losses_test/concepts:	1.2602075338363647
losses_test/representations:	0.005357055459171534
losses_test/total:	2.649657964706421
calibration_test/ece:	0.011189140379428864
calibration_test/brier:	0.7436448931694031
accuracy_test/task:	30.643333333333334
accuracy_test/concepts:	95.00055694580078
map_test/concepts:	0.9496476087305281

Epoch 48
losses_train/task:	1.3735016584396362
losses_train/concepts:	1.3674193620681763
losses_train/representations:	0.011820991523563862
losses_train/total:	2.776384115219116
losses_test/task:	1.3733437061309814
losses_test/concepts:	1.260202169418335
losses_test/representations:	0.005835861898958683
losses_test/total:	2.651052474975586
calibration_test/ece:	0.014070471748709679
calibration_test/brier:	0.743626058101654
accuracy_test/task:	30.933333333333334
accuracy_test/concepts:	95.00055694580078
map_test/concepts:	0.9496476087305281

Epoch 49
losses_train/task:	1.3737043142318726
losses_train/concepts:	1.3627712726593018
losses_train/representations:	0.011544570326805115
losses_train/total:	2.7711074352264404
losses_test/task:	1.373345136642456
losses_test/concepts:	1.2601970434188843
losses_test/representations:	0.005213091149926186
losses_test/total:	2.6491806507110596
calibration_test/ece:	0.010686129331588745
calibration_test/brier:	0.7436268329620361
accuracy_test/task:	30.6
accuracy_test/concepts:	95.00055694580078
map_test/concepts:	0.9496476087305281

Epoch 50
losses_train/task:	1.3738845586776733
losses_train/concepts:	1.3716671466827393
losses_train/representations:	0.012016872875392437
losses_train/total:	2.7816030979156494
losses_test/task:	1.373334527015686
losses_test/concepts:	1.2601921558380127
losses_test/representations:	0.00547859026119113
losses_test/total:	2.649963140487671
calibration_train/ece:	0.01302658673375845
calibration_train/brier:	0.7417582273483276
accuracy_train/task:	30.959948435277383
calibration_test/ece:	0.009497134946286678
calibration_test/brier:	0.7436245679855347
accuracy_test/task:	30.486666666666668
accuracy_train/concepts:	94.99984741210938
map_train/concepts:	0.9498371970322397
accuracy_test/concepts:	95.00055694580078
map_test/concepts:	0.9496476087305281
accuracy_test/nuisances_task:	0.07333382964134216
accuracy_test/nuisances_nontask:	0.12999996542930603
mutual_inf_test/nuisances_task:	-5.060496829267791e-05
mutual_inf_test/nuisances_nontask:	-3.6343257039384014e-05

epoch_50.pt
groups=0 err_lowconf=69.513 err_random=69.513
groups=1 err_lowconf=69.587 err_random=69.587
groups=2 err_lowconf=69.593 err_random=69.593
groups=3 err_lowconf=69.690 err_random=69.690
groups=4 err_lowconf=69.847 err_random=69.847
groups=5 err_lowconf=69.833 err_random=69.833
groups=6 err_lowconf=69.870 err_random=69.870
groups=7 err_lowconf=69.933 err_random=69.933
groups=8 err_lowconf=69.950 err_random=69.950
groups=9 err_lowconf=70.097 err_random=70.097
groups=10 err_lowconf=70.107 err_random=70.107
groups=11 err_lowconf=70.033 err_random=70.033
groups=12 err_lowconf=70.107 err_random=70.107
groups=13 err_lowconf=70.270 err_random=70.270
groups=14 err_lowconf=70.323 err_random=70.323
groups=15 err_lowconf=70.377 err_random=70.377
groups=16 err_lowconf=70.277 err_random=70.277
groups=17 err_lowconf=70.143 err_random=70.143
groups=18 err_lowconf=70.233 err_random=70.233
[1;34mwandb[0m:
[1;34mwandb[0m: You can sync this run to the cloud by running:
[1;34mwandb[0m: [1mwandb sync /research/hal-afsharim/minimal_cbm/results/shapes3d-mcbm-3/43/wandb/offline-run-20260725_195923-v1bw7132[0m
[1;34mwandb[0m: Find logs at: [1;35mresults/shapes3d-mcbm-3/43/wandb/offline-run-20260725_195923-v1bw7132/logs[0m
