
===== launch 2026-07-25 21:45:21.099176 gpu5 =====
wandb: Using wandb-core as the SDK backend.  Please refer to https://wandb.me/wandb-core for more information.
wandb: Tracking run with wandb version 0.19.0
wandb: W&B syncing is set to `offline` in this directory.  
wandb: Run `wandb online` or set WANDB_MODE=online to enable cloud syncing.
Epoch 1
losses_train/task:	1.3868865966796875
losses_train/concepts:	7.5525431632995605
losses_train/precision:	0.06950488686561584
losses_train/total:	8.94637680053711
losses_test/task:	1.3865439891815186
losses_test/concepts:	32.62897872924805
losses_test/precision:	0.019130177795886993
losses_test/total:	34.01743698120117
calibration_test/ece:	0.011286372318863869
calibration_test/brier:	0.7501333355903625
accuracy_test/task:	25.21
accuracy_test/concepts:	92.2575912475586
map_test/concepts:	0.7313926157852014

Epoch 2
losses_train/task:	1.3846793174743652
losses_train/concepts:	1.0431764125823975
losses_train/precision:	0.012137927114963531
losses_train/total:	2.429069757461548
losses_test/task:	1.3826603889465332
losses_test/concepts:	0.34403160214424133
losses_test/precision:	0.009367096237838268
losses_test/total:	1.7276283502578735
calibration_test/ece:	0.018839240074157715
calibration_test/brier:	0.7481680512428284
accuracy_test/task:	28.436666666666667
accuracy_test/concepts:	99.56277465820312
map_test/concepts:	0.9996926618946923

Epoch 3
losses_train/task:	1.3833261728286743
losses_train/concepts:	0.4980820417404175
losses_train/precision:	0.0128148403018713
losses_train/total:	1.8826888799667358
losses_test/task:	1.3828495740890503
losses_test/concepts:	0.14340631663799286
losses_test/precision:	0.008232953026890755
losses_test/total:	1.5270792245864868
calibration_test/ece:	0.01076735369861126
calibration_test/brier:	0.7482648491859436
accuracy_test/task:	27.963333333333335
accuracy_test/concepts:	99.96259307861328
map_test/concepts:	0.9996956719292535

Epoch 4
losses_train/task:	1.3823747634887695
losses_train/concepts:	0.08405596017837524
losses_train/precision:	0.0089815529063344
losses_train/total:	1.4673285484313965
losses_test/task:	1.3824759721755981
losses_test/concepts:	0.014180256985127926
losses_test/precision:	0.008758929558098316
losses_test/total:	1.3975322246551514
calibration_test/ece:	0.0032564648427069187
calibration_test/brier:	0.7480725646018982
accuracy_test/task:	27.583333333333332
accuracy_test/concepts:	100.0
map_test/concepts:	0.9996962679757012

Epoch 5
losses_train/task:	1.381600022315979
losses_train/concepts:	0.02108357846736908
losses_train/precision:	0.008056352846324444
losses_train/total:	1.403489112854004
losses_test/task:	1.3815337419509888
losses_test/concepts:	0.004920809529721737
losses_test/precision:	0.006575552746653557
losses_test/total:	1.387113094329834
calibration_test/ece:	0.01017119362950325
calibration_test/brier:	0.747602105140686
accuracy_test/task:	28.52
accuracy_test/concepts:	100.0
map_test/concepts:	0.9996962679757012

Epoch 6
losses_train/task:	1.380889892578125
losses_train/concepts:	0.011057407595217228
losses_train/precision:	0.007248968817293644
losses_train/total:	1.3926739692687988
losses_test/task:	1.3809089660644531
losses_test/concepts:	0.005214111879467964
losses_test/precision:	0.006782063748687506
losses_test/total:	1.3868017196655273
calibration_test/ece:	0.006005529779940844
calibration_test/brier:	0.7472798228263855
accuracy_test/task:	28.253333333333334
accuracy_test/concepts:	100.0
map_test/concepts:	0.9996962679757012

Epoch 7
losses_train/task:	1.380242109298706
losses_train/concepts:	0.036428265273571014
losses_train/precision:	0.007416573353111744
losses_train/total:	1.417412519454956
losses_test/task:	1.380563735961914
losses_test/concepts:	0.004620577674359083
losses_test/precision:	0.007454273756593466
losses_test/total:	1.3859302997589111
calibration_test/ece:	0.005978186149150133
calibration_test/brier:	0.747115433216095
accuracy_test/task:	28.413333333333334
accuracy_test/concepts:	100.0
map_test/concepts:	0.9996962679757012

Epoch 8
losses_train/task:	1.3796063661575317
losses_train/concepts:	0.011325487866997719
losses_train/precision:	0.006979646626859903
losses_train/total:	1.3916288614273071
losses_test/task:	1.3801655769348145
losses_test/concepts:	0.0022631636820733547
losses_test/precision:	0.007765414193272591
losses_test/total:	1.3832052946090698
calibration_test/ece:	0.009517807513475418
calibration_test/brier:	0.7469162940979004
accuracy_test/task:	28.236666666666668
accuracy_test/concepts:	100.0
map_test/concepts:	0.9996962679757012

Epoch 9
losses_train/task:	1.3790358304977417
losses_train/concepts:	0.0070608919486403465
losses_train/precision:	0.006500303279608488
losses_train/total:	1.3867467641830444
losses_test/task:	1.3795406818389893
losses_test/concepts:	0.002062999876216054
losses_test/precision:	0.006727465894073248
losses_test/total:	1.3822757005691528
calibration_test/ece:	0.009876132011413574
calibration_test/brier:	0.7466015815734863
accuracy_test/task:	28.346666666666668
accuracy_test/concepts:	100.0
map_test/concepts:	0.9996962679757012

Epoch 10
losses_train/task:	1.3784606456756592
losses_train/concepts:	0.006254296284168959
losses_train/precision:	0.00620115315541625
losses_train/total:	1.3853352069854736
losses_test/task:	1.3789178133010864
losses_test/concepts:	0.001585542457178235
losses_test/precision:	0.007151630241423845
losses_test/total:	1.3812187910079956
calibration_train/ece:	0.01612001098692417
calibration_train/brier:	0.7456560134887695
accuracy_train/task:	29.70083570412518
calibration_test/ece:	0.009224321693181992
calibration_test/brier:	0.7462935447692871
accuracy_test/task:	29.006666666666668
accuracy_train/concepts:	100.0
map_train/concepts:	0.999898738331265
accuracy_test/concepts:	100.0
map_test/concepts:	0.9996962679757012
accuracy_test/nuisances_task:	25.83666630089283
accuracy_test/nuisances_nontask:	27.886665612459183
mutual_inf_test/nuisances_task:	0.20569974224938153
mutual_inf_test/nuisances_nontask:	0.33358122456506545

Epoch 11
losses_train/task:	1.377846121788025
losses_train/concepts:	0.006481228396296501
losses_train/precision:	0.006091878283768892
losses_train/total:	1.3849365711212158
losses_test/task:	1.3784751892089844
losses_test/concepts:	0.0014718573074787855
losses_test/precision:	0.006160971708595753
losses_test/total:	1.380563735961914
calibration_test/ece:	0.0068480223417282104
calibration_test/brier:	0.7460758090019226
accuracy_test/task:	28.99
accuracy_test/concepts:	100.0
map_test/concepts:	0.9996962679757012

Epoch 12
losses_train/task:	1.377339482307434
losses_train/concepts:	0.0042215147987008095
losses_train/precision:	0.005612869281321764
losses_train/total:	1.3821229934692383
losses_test/task:	1.378205418586731
losses_test/concepts:	0.0012468051863834262
losses_test/precision:	0.005549706052988768
losses_test/total:	1.3800071477890015
calibration_test/ece:	0.008182115852832794
calibration_test/brier:	0.7459467053413391
accuracy_test/task:	28.933333333333334
accuracy_test/concepts:	100.0
map_test/concepts:	0.9996962679757012

Epoch 13
losses_train/task:	1.3767775297164917
losses_train/concepts:	0.004044473171234131
losses_train/precision:	0.005178399849683046
losses_train/total:	1.381340503692627
losses_test/task:	1.3778038024902344
losses_test/concepts:	0.001177094760350883
losses_test/precision:	0.0054235924035310745
losses_test/total:	1.3795228004455566
calibration_test/ece:	0.004799694754183292
calibration_test/brier:	0.7457464933395386
accuracy_test/task:	28.97
accuracy_test/concepts:	100.0
map_test/concepts:	0.9996962679757012

Epoch 14
losses_train/task:	1.3764129877090454
losses_train/concepts:	0.003803603583946824
losses_train/precision:	0.005224563647061586
losses_train/total:	1.3807399272918701
losses_test/task:	1.3774436712265015
losses_test/concepts:	0.0010861040791496634
losses_test/precision:	0.00535767013207078
losses_test/total:	1.3790652751922607
calibration_test/ece:	0.005455769598484039
calibration_test/brier:	0.7455834150314331
accuracy_test/task:	29.073333333333334
accuracy_test/concepts:	100.0
map_test/concepts:	0.9996962679757012

Epoch 15
losses_train/task:	1.3758982419967651
losses_train/concepts:	0.0037736722733825445
losses_train/precision:	0.0049909683875739574
losses_train/total:	1.3801708221435547
losses_test/task:	1.3768640756607056
losses_test/concepts:	0.007187075447291136
losses_test/precision:	0.0046118488535285
losses_test/total:	1.3845127820968628
calibration_test/ece:	0.004864211659878492
calibration_test/brier:	0.7452986240386963
accuracy_test/task:	29.17
accuracy_test/concepts:	99.99055480957031
map_test/concepts:	0.9996962679757012

Epoch 16
losses_train/task:	1.3754979372024536
losses_train/concepts:	0.003086859593167901
losses_train/precision:	0.0048062764108181
losses_train/total:	1.3790645599365234
losses_test/task:	1.3767555952072144
losses_test/concepts:	0.000882278720382601
losses_test/precision:	0.005855570547282696
losses_test/total:	1.3782241344451904
calibration_test/ece:	0.003095111809670925
calibration_test/brier:	0.7452502846717834
accuracy_test/task:	29.223333333333333
accuracy_test/concepts:	100.0
map_test/concepts:	0.9996962679757012

Epoch 17
losses_train/task:	1.3751839399337769
losses_train/concepts:	0.0032204503659158945
losses_train/precision:	0.004704992286860943
losses_train/total:	1.3788753747940063
losses_test/task:	1.3763312101364136
losses_test/concepts:	0.000926423177588731
losses_test/precision:	0.004566721618175507
losses_test/total:	1.3777151107788086
calibration_test/ece:	0.0022258504759520292
calibration_test/brier:	0.7450394630432129
accuracy_test/task:	29.13
accuracy_test/concepts:	100.0
map_test/concepts:	0.9996962679757012

Epoch 18
losses_train/task:	1.3748916387557983
losses_train/concepts:	0.0026455228216946125
losses_train/precision:	0.00465292576700449
losses_train/total:	1.3780031204223633
losses_test/task:	1.3764526844024658
losses_test/concepts:	0.0008101678686216474
losses_test/precision:	0.0052427020855247974
losses_test/total:	1.37778639793396
calibration_test/ece:	0.0014152505900710821
calibration_test/brier:	0.7451058030128479
accuracy_test/task:	29.166666666666668
accuracy_test/concepts:	100.0
map_test/concepts:	0.9996962679757012

Epoch 19
losses_train/task:	1.3745251893997192
losses_train/concepts:	0.00287212454713881
losses_train/precision:	0.004358997568488121
losses_train/total:	1.3778345584869385
losses_test/task:	1.3763117790222168
losses_test/concepts:	0.0007688355399295688
losses_test/precision:	0.0037938482128083706
losses_test/total:	1.3774605989456177
calibration_test/ece:	0.0017903493717312813
calibration_test/brier:	0.7450535297393799
accuracy_test/task:	29.183333333333334
accuracy_test/concepts:	100.0
map_test/concepts:	0.9996962679757012

Epoch 20
losses_train/task:	1.374312162399292
losses_train/concepts:	0.0030382955446839333
losses_train/precision:	0.004267921671271324
losses_train/total:	1.3777767419815063
losses_test/task:	1.3756715059280396
losses_test/concepts:	0.0007506798137910664
losses_test/precision:	0.003809021320194006
losses_test/total:	1.3768035173416138
calibration_train/ece:	0.008933424949645996
calibration_train/brier:	0.7436606884002686
accuracy_train/task:	30.21203769559033
calibration_test/ece:	0.0026369828265160322
calibration_test/brier:	0.7447319030761719
accuracy_test/task:	29.263333333333332
accuracy_train/concepts:	100.0
map_train/concepts:	0.9998987581994798
accuracy_test/concepts:	100.0
map_test/concepts:	0.9996962679757012
accuracy_test/nuisances_task:	25.65999999642372
accuracy_test/nuisances_nontask:	25.939998775720596
mutual_inf_test/nuisances_task:	0.19661708508063475
mutual_inf_test/nuisances_nontask:	0.3099779277751815

Epoch 21
losses_train/task:	1.3736391067504883
losses_train/concepts:	0.0022800283040851355
losses_train/precision:	0.0005145842442288995
losses_train/total:	1.3759701251983643
losses_test/task:	1.3755598068237305
losses_test/concepts:	0.0007493718876503408
losses_test/precision:	0.00039483405998907983
losses_test/total:	1.376348853111267
calibration_test/ece:	0.0017910614842548966
calibration_test/brier:	0.7446753978729248
accuracy_test/task:	29.34
accuracy_test/concepts:	100.0
map_test/concepts:	0.9996962679757012

Epoch 22
losses_train/task:	1.3735910654067993
losses_train/concepts:	0.0022144773975014687
losses_train/precision:	0.00043312719208188355
losses_train/total:	1.3758491277694702
losses_test/task:	1.3755521774291992
losses_test/concepts:	0.0007316960254684091
losses_test/precision:	0.0004148786247242242
losses_test/total:	1.3763253688812256
calibration_test/ece:	0.0007687814650125802
calibration_test/brier:	0.7446721792221069
accuracy_test/task:	29.34
accuracy_test/concepts:	100.0
map_test/concepts:	0.9996962679757012

Epoch 23
losses_train/task:	1.373551368713379
losses_train/concepts:	0.002199187409132719
losses_train/precision:	0.0004304746107663959
losses_train/total:	1.3757941722869873
losses_test/task:	1.375522494316101
losses_test/concepts:	0.0007348650833591819
losses_test/precision:	0.0004379170131869614
losses_test/total:	1.3763006925582886
calibration_test/ece:	0.002129756845533848
calibration_test/brier:	0.7446592450141907
accuracy_test/task:	29.313333333333333
accuracy_test/concepts:	100.0
map_test/concepts:	0.9996962679757012

Epoch 24
losses_train/task:	1.3735237121582031
losses_train/concepts:	0.0022604092955589294
losses_train/precision:	0.00042660124017857015
losses_train/total:	1.3758264780044556
losses_test/task:	1.3755353689193726
losses_test/concepts:	0.0007310322835110128
losses_test/precision:	0.00046988000394776464
losses_test/total:	1.37631356716156
calibration_test/ece:	0.0035765129141509533
calibration_test/brier:	0.7446666955947876
accuracy_test/task:	29.313333333333333
accuracy_test/concepts:	100.0
map_test/concepts:	0.9996962679757012

Epoch 25
losses_train/task:	1.3734962940216064
losses_train/concepts:	0.002127458108589053
losses_train/precision:	0.00043585861567407846
losses_train/total:	1.3756686449050903
losses_test/task:	1.3755148649215698
losses_test/concepts:	0.0007025456870906055
losses_test/precision:	0.0004958119243383408
losses_test/total:	1.3762671947479248
calibration_test/ece:	0.0026018372736871243
calibration_test/brier:	0.7446562051773071
accuracy_test/task:	29.28
accuracy_test/concepts:	100.0
map_test/concepts:	0.9996962679757012

Epoch 26
losses_train/task:	1.373462438583374
losses_train/concepts:	0.0022359387949109077
losses_train/precision:	0.0004166957805864513
losses_train/total:	1.375740885734558
losses_test/task:	1.3754795789718628
losses_test/concepts:	0.0007173189078457654
losses_test/precision:	0.00042305831448175013
losses_test/total:	1.3762381076812744
calibration_test/ece:	0.0038789906539022923
calibration_test/brier:	0.7446387410163879
accuracy_test/task:	29.34
accuracy_test/concepts:	100.0
map_test/concepts:	0.9996962679757012

Epoch 27
losses_train/task:	1.3734313249588013
losses_train/concepts:	0.0023256931453943253
losses_train/precision:	0.00042505975579842925
losses_train/total:	1.3757981061935425
losses_test/task:	1.3754682540893555
losses_test/concepts:	0.0007590784807689488
losses_test/precision:	0.0004583613481372595
losses_test/total:	1.3762729167938232
calibration_test/ece:	0.0023939525708556175
calibration_test/brier:	0.7446361780166626
accuracy_test/task:	29.3
accuracy_test/concepts:	100.0
map_test/concepts:	0.9996962679757012

Epoch 28
losses_train/task:	1.3733965158462524
losses_train/concepts:	0.0022094547748565674
losses_train/precision:	0.00041857644100673497
losses_train/total:	1.3756479024887085
losses_test/task:	1.3754246234893799
losses_test/concepts:	0.0006978028686717153
losses_test/precision:	0.000339183141477406
losses_test/total:	1.3761563301086426
calibration_test/ece:	0.0032974770292639732
calibration_test/brier:	0.744614839553833
accuracy_test/task:	29.326666666666668
accuracy_test/concepts:	100.0
map_test/concepts:	0.9996962679757012

Epoch 29
losses_train/task:	1.3733792304992676
losses_train/concepts:	0.002189059741795063
losses_train/precision:	0.00042241206392645836
losses_train/total:	1.375610589981079
losses_test/task:	1.3754087686538696
losses_test/concepts:	0.0007244623266160488
losses_test/precision:	0.00038680480793118477
losses_test/total:	1.3761717081069946
calibration_test/ece:	0.0029435681644827127
calibration_test/brier:	0.7446056008338928
accuracy_test/task:	29.326666666666668
accuracy_test/concepts:	100.0
map_test/concepts:	0.9996962679757012

Epoch 30
losses_train/task:	1.3733652830123901
losses_train/concepts:	0.0024634527508169413
losses_train/precision:	0.00041724261245690286
losses_train/total:	1.3758705854415894
losses_test/task:	1.3754032850265503
losses_test/concepts:	0.0007408529636450112
losses_test/precision:	0.00046374689554795623
losses_test/total:	1.3761906623840332
calibration_train/ece:	0.008656893856823444
calibration_train/brier:	0.7434936165809631
accuracy_train/task:	30.226484708392604
calibration_test/ece:	0.002372847869992256
calibration_test/brier:	0.7446051836013794
accuracy_test/task:	29.326666666666668
accuracy_train/concepts:	100.0
map_train/concepts:	0.9998987515767416
accuracy_test/concepts:	100.0
map_test/concepts:	0.9996962679757012
accuracy_test/nuisances_task:	26.47666595876217
accuracy_test/nuisances_nontask:	25.306668132543564
mutual_inf_test/nuisances_task:	0.20266430616201797
mutual_inf_test/nuisances_nontask:	0.306514013911832

Epoch 31
losses_train/task:	1.3733296394348145
losses_train/concepts:	0.002276037586852908
losses_train/precision:	0.0003987235249951482
losses_train/total:	1.3756462335586548
losses_test/task:	1.3753834962844849
losses_test/concepts:	0.0007223333814181387
losses_test/precision:	0.0003388351178728044
losses_test/total:	1.376139760017395
calibration_test/ece:	0.0024449496995657682
calibration_test/brier:	0.7445963025093079
accuracy_test/task:	29.223333333333333
accuracy_test/concepts:	100.0
map_test/concepts:	0.9996962679757012

Epoch 32
losses_train/task:	1.3733010292053223
losses_train/concepts:	0.0020611388608813286
losses_train/precision:	0.0003972560807596892
losses_train/total:	1.3754005432128906
losses_test/task:	1.375397801399231
losses_test/concepts:	0.0006901163724251091
losses_test/precision:	0.0003538435266818851
losses_test/total:	1.376123309135437
calibration_test/ece:	0.003562436206266284
calibration_test/brier:	0.7446047067642212
accuracy_test/task:	29.25
accuracy_test/concepts:	100.0
map_test/concepts:	0.9996962679757012

Epoch 33
losses_train/task:	1.373295545578003
losses_train/concepts:	0.0019737128168344498
losses_train/precision:	0.0004148935549892485
losses_train/total:	1.375311017036438
losses_test/task:	1.3753526210784912
losses_test/concepts:	0.0007169292075559497
losses_test/precision:	0.000393137481296435
losses_test/total:	1.3761094808578491
calibration_test/ece:	0.0038567217998206615
calibration_test/brier:	0.744583010673523
accuracy_test/task:	29.3
accuracy_test/concepts:	100.0
map_test/concepts:	0.9996962679757012

Epoch 34
losses_train/task:	1.3732575178146362
losses_train/concepts:	0.002272180514410138
losses_train/precision:	0.0004188641032669693
losses_train/total:	1.375571370124817
losses_test/task:	1.3753401041030884
losses_test/concepts:	0.000727775099221617
losses_test/precision:	0.0004193181812297553
losses_test/total:	1.3761091232299805
calibration_test/ece:	0.003609980456531048
calibration_test/brier:	0.744576632976532
accuracy_test/task:	29.34
accuracy_test/concepts:	100.0
map_test/concepts:	0.9996962679757012

Epoch 35
losses_train/task:	1.3732173442840576
losses_train/concepts:	0.0022523473016917706
losses_train/precision:	0.0004254364175722003
losses_train/total:	1.3755131959915161
losses_test/task:	1.375352382659912
losses_test/concepts:	0.000696773175150156
losses_test/precision:	0.00039338826900348067
losses_test/total:	1.3760887384414673
calibration_test/ece:	0.0013820045860484242
calibration_test/brier:	0.7445862889289856
accuracy_test/task:	29.28
accuracy_test/concepts:	100.0
map_test/concepts:	0.9996962679757012

Epoch 36
losses_train/task:	1.37322199344635
losses_train/concepts:	0.002012384356930852
losses_train/precision:	0.00039621730684302747
losses_train/total:	1.375273585319519
losses_test/task:	1.3753286600112915
losses_test/concepts:	0.0006722048856317997
losses_test/precision:	0.0004066521942149848
losses_test/total:	1.3760416507720947
calibration_test/ece:	0.0028379769064486027
calibration_test/brier:	0.744573175907135
accuracy_test/task:	29.223333333333333
accuracy_test/concepts:	100.0
map_test/concepts:	0.9996962679757012

Epoch 37
losses_train/task:	1.3731943368911743
losses_train/concepts:	0.002063959836959839
losses_train/precision:	0.00040534656727686524
losses_train/total:	1.3752994537353516
losses_test/task:	1.3753111362457275
losses_test/concepts:	0.0006980408215895295
losses_test/precision:	0.0004056041070725769
losses_test/total:	1.376049280166626
calibration_test/ece:	0.0031876424327492714
calibration_test/brier:	0.7445639371871948
accuracy_test/task:	29.28
accuracy_test/concepts:	100.0
map_test/concepts:	0.9996962679757012

Epoch 38
losses_train/task:	1.3731757402420044
losses_train/concepts:	0.0020594706293195486
losses_train/precision:	0.00040824327152222395
losses_train/total:	1.3752758502960205
losses_test/task:	1.37530517578125
losses_test/concepts:	0.0006811029161326587
losses_test/precision:	0.0003694019396789372
losses_test/total:	1.376023292541504
calibration_test/ece:	0.003247044514864683
calibration_test/brier:	0.7445631623268127
accuracy_test/task:	29.28
accuracy_test/concepts:	100.0
map_test/concepts:	0.9996962679757012

Epoch 39
losses_train/task:	1.3731696605682373
losses_train/concepts:	0.0021653983276337385
losses_train/precision:	0.00040137063479050994
losses_train/total:	1.3753752708435059
losses_test/task:	1.3752717971801758
losses_test/concepts:	0.0006848321645520627
losses_test/precision:	0.0003911429375875741
losses_test/total:	1.3759948015213013
calibration_test/ece:	0.003431623801589012
calibration_test/brier:	0.74454665184021
accuracy_test/task:	29.3
accuracy_test/concepts:	100.0
map_test/concepts:	0.9996962679757012

Epoch 40
losses_train/task:	1.3731240034103394
losses_train/concepts:	0.00205625151284039
losses_train/precision:	0.0003859393182210624
losses_train/total:	1.3752188682556152
losses_test/task:	1.3752436637878418
losses_test/concepts:	0.0007109236903488636
losses_test/precision:	0.00039832343463785946
losses_test/total:	1.3759944438934326
calibration_train/ece:	0.008188820444047451
calibration_train/brier:	0.7433939576148987
accuracy_train/task:	30.237597795163584
calibration_test/ece:	0.0036663953214883804
calibration_test/brier:	0.7445310354232788
accuracy_test/task:	29.34
accuracy_train/concepts:	100.0
map_train/concepts:	0.999898738331265
accuracy_test/concepts:	100.0
map_test/concepts:	0.9996962679757012
accuracy_test/nuisances_task:	26.786667853593826
accuracy_test/nuisances_nontask:	23.930000513792038
mutual_inf_test/nuisances_task:	0.20619397741792556
mutual_inf_test/nuisances_nontask:	0.2876987859217963

Epoch 41
losses_train/task:	1.3730441331863403
losses_train/concepts:	0.0020260217133909464
losses_train/precision:	4.5718119508819655e-05
losses_train/total:	1.3750745058059692
losses_test/task:	1.375243067741394
losses_test/concepts:	0.0007093664607964456
losses_test/precision:	4.14879250456579e-05
losses_test/total:	1.375956654548645
calibration_test/ece:	0.0027339374646544456
calibration_test/brier:	0.7445315718650818
accuracy_test/task:	29.313333333333333
accuracy_test/concepts:	100.0
map_test/concepts:	0.9996962679757012

Epoch 42
losses_train/task:	1.373054027557373
losses_train/concepts:	0.0020189096685498953
losses_train/precision:	3.921251845895313e-05
losses_train/total:	1.3750766515731812
losses_test/task:	1.3752433061599731
losses_test/concepts:	0.0007022357312962413
losses_test/precision:	4.921696745441295e-05
losses_test/total:	1.3759512901306152
calibration_test/ece:	0.002744968282058835
calibration_test/brier:	0.7445321679115295
accuracy_test/task:	29.313333333333333
accuracy_test/concepts:	100.0
map_test/concepts:	0.9996962679757012

Epoch 43
losses_train/task:	1.3730369806289673
losses_train/concepts:	0.0020205876789987087
losses_train/precision:	4.12687732023187e-05
losses_train/total:	1.3750619888305664
losses_test/task:	1.3752435445785522
losses_test/concepts:	0.0007802632171660662
losses_test/precision:	4.138825534028001e-05
losses_test/total:	1.376028060913086
calibration_test/ece:	0.002743126591667533
calibration_test/brier:	0.7445324063301086
accuracy_test/task:	29.313333333333333
accuracy_test/concepts:	100.0
map_test/concepts:	0.9996962679757012

Epoch 44
losses_train/task:	1.3730374574661255
losses_train/concepts:	0.0020168398041278124
losses_train/precision:	4.061854997416958e-05
losses_train/total:	1.3750572204589844
losses_test/task:	1.3752449750900269
losses_test/concepts:	0.0006734808557666838
losses_test/precision:	3.241238300688565e-05
losses_test/total:	1.375921607017517
calibration_test/ece:	0.002757022622972727
calibration_test/brier:	0.7445335388183594
accuracy_test/task:	29.313333333333333
accuracy_test/concepts:	100.0
map_test/concepts:	0.9996962679757012

Epoch 45
losses_train/task:	1.373048186302185
losses_train/concepts:	0.0020170556381344795
losses_train/precision:	3.890312655130401e-05
losses_train/total:	1.3750689029693604
losses_test/task:	1.3752440214157104
losses_test/concepts:	0.0006624619709327817
losses_test/precision:	3.814697265625e-05
losses_test/total:	1.3759104013442993
calibration_test/ece:	0.002757728798314929
calibration_test/brier:	0.7445332407951355
accuracy_test/task:	29.313333333333333
accuracy_test/concepts:	100.0
map_test/concepts:	0.9996962679757012

Epoch 46
losses_train/task:	1.3730226755142212
losses_train/concepts:	0.0022399199660867453
losses_train/precision:	3.960110552725382e-05
losses_train/total:	1.375266671180725
losses_test/task:	1.3752446174621582
losses_test/concepts:	0.000675950082950294
losses_test/precision:	3.869551801471971e-05
losses_test/total:	1.3759243488311768
calibration_test/ece:	0.0027655032463371754
calibration_test/brier:	0.7445338368415833
accuracy_test/task:	29.313333333333333
accuracy_test/concepts:	100.0
map_test/concepts:	0.9996962679757012

Epoch 47
losses_train/task:	1.373022437095642
losses_train/concepts:	0.002163706347346306
losses_train/precision:	3.965887663071044e-05
losses_train/total:	1.3751895427703857
losses_test/task:	1.3752449750900269
losses_test/concepts:	0.0006653572199866176
losses_test/precision:	3.610261046560481e-05
losses_test/total:	1.375913381576538
calibration_test/ece:	0.002774579683318734
calibration_test/brier:	0.7445339560508728
accuracy_test/task:	29.313333333333333
accuracy_test/concepts:	100.0
map_test/concepts:	0.9996962679757012

Epoch 48
losses_train/task:	1.373035192489624
losses_train/concepts:	0.002139239339157939
losses_train/precision:	3.9236361772054806e-05
losses_train/total:	1.3751791715621948
losses_test/task:	1.375243067741394
losses_test/concepts:	0.0006707945722155273
losses_test/precision:	4.702308069681749e-05
losses_test/total:	1.3759183883666992
calibration_test/ece:	0.0027718315832316875
calibration_test/brier:	0.744533360004425
accuracy_test/task:	29.313333333333333
accuracy_test/concepts:	100.0
map_test/concepts:	0.9996962679757012

Epoch 49
losses_train/task:	1.3730249404907227
losses_train/concepts:	0.002013248624280095
losses_train/precision:	3.966046642744914e-05
losses_train/total:	1.3750419616699219
losses_test/task:	1.375241756439209
losses_test/concepts:	0.0007437988533638418
losses_test/precision:	3.874541653203778e-05
losses_test/total:	1.375990390777588
calibration_test/ece:	0.0027770509477704763
calibration_test/brier:	0.7445329427719116
accuracy_test/task:	29.313333333333333
accuracy_test/concepts:	100.0
map_test/concepts:	0.9996962679757012

Epoch 50
losses_train/task:	1.3730192184448242
losses_train/concepts:	0.002103379461914301
losses_train/precision:	4.0353967051487416e-05
losses_train/total:	1.3751282691955566
losses_test/task:	1.3752408027648926
losses_test/concepts:	0.0006777423550374806
losses_test/precision:	4.278438427718356e-05
losses_test/total:	1.375922441482544
calibration_train/ece:	0.008316547609865665
calibration_train/brier:	0.7433793544769287
accuracy_train/task:	30.275382290184922
calibration_test/ece:	0.00277966377325356
calibration_test/brier:	0.7445322871208191
accuracy_test/task:	29.313333333333333
accuracy_train/concepts:	100.0
map_train/concepts:	0.999898738331265
accuracy_test/concepts:	100.0
map_test/concepts:	0.9996962679757012
accuracy_test/nuisances_task:	26.57666653394699
accuracy_test/nuisances_nontask:	25.006666034460068
mutual_inf_test/nuisances_task:	0.20337951458117554
mutual_inf_test/nuisances_nontask:	0.2930291907937921

epoch_50.pt
groups=0 err_lowconf=70.687 err_random=70.687
groups=1 err_lowconf=70.687 err_random=70.687
groups=2 err_lowconf=70.687 err_random=70.687
groups=3 err_lowconf=70.687 err_random=70.687
groups=4 err_lowconf=70.687 err_random=70.687
groups=5 err_lowconf=70.687 err_random=70.687
groups=6 err_lowconf=70.687 err_random=70.687
groups=7 err_lowconf=70.687 err_random=70.687
groups=8 err_lowconf=70.687 err_random=70.687
groups=9 err_lowconf=70.687 err_random=70.687
groups=10 err_lowconf=70.687 err_random=70.687
groups=11 err_lowconf=70.687 err_random=70.687
groups=12 err_lowconf=70.687 err_random=70.687
groups=13 err_lowconf=70.687 err_random=70.687
groups=14 err_lowconf=70.687 err_random=70.687
groups=15 err_lowconf=70.687 err_random=70.687
groups=16 err_lowconf=70.687 err_random=70.687
groups=17 err_lowconf=70.687 err_random=70.687
groups=18 err_lowconf=70.687 err_random=70.687
[1;34mwandb[0m:
[1;34mwandb[0m: You can sync this run to the cloud by running:
[1;34mwandb[0m: [1mwandb sync /research/hal-afsharim/minimal_cbm/results/shapes3d-shcbm/44/wandb/offline-run-20260725_214525-dal9o1cn[0m
[1;34mwandb[0m: Find logs at: [1;35mresults/shapes3d-shcbm/44/wandb/offline-run-20260725_214525-dal9o1cn/logs[0m
