
===== launch 2026-07-25 09:47:39.700875 gpu2 =====
wandb: Using wandb-core as the SDK backend.  Please refer to https://wandb.me/wandb-core for more information.
wandb: Tracking run with wandb version 0.19.0
wandb: W&B syncing is set to `offline` in this directory.  
wandb: Run `wandb online` or set WANDB_MODE=online to enable cloud syncing.

===== launch 2026-07-25 16:59:21.902287 gpu2 =====
wandb: Using wandb-core as the SDK backend.  Please refer to https://wandb.me/wandb-core for more information.
wandb: Tracking run with wandb version 0.19.0
wandb: W&B syncing is set to `offline` in this directory.  
wandb: Run `wandb online` or set WANDB_MODE=online to enable cloud syncing.
Epoch 1
losses_train/task:	0.5367087125778198
losses_train/total:	0.5367087125778198
losses_test/task:	0.017415117472410202
losses_test/total:	0.017415117472410202
calibration_test/ece:	0.009258897975087166
calibration_test/brier:	0.00710762944072485
accuracy_test/task:	99.61

Epoch 2
losses_train/task:	0.0016538079362362623
losses_train/total:	0.0016538079362362623
losses_test/task:	0.00045856970245949924
losses_test/total:	0.00045856970245949924
calibration_test/ece:	0.0004572597099468112
calibration_test/brier:	6.509784725494683e-06
accuracy_test/task:	100.0

Epoch 3
losses_train/task:	0.0007173857884481549
losses_train/total:	0.0007173857884481549
losses_test/task:	0.00030413983040489256
losses_test/total:	0.00030413983040489256
calibration_test/ece:	0.00030338752549141645
calibration_test/brier:	3.768835540540749e-06
accuracy_test/task:	100.0

Epoch 4
losses_train/task:	0.0004127634456381202
losses_train/total:	0.0004127634456381202
losses_test/task:	0.00026095076464116573
losses_test/total:	0.00026095076464116573
calibration_test/ece:	0.0002606511116027832
calibration_test/brier:	2.103968427036307e-06
accuracy_test/task:	100.0

Epoch 5
losses_train/task:	0.00028834387194365263
losses_train/total:	0.00028834387194365263
losses_test/task:	0.00016753526870161295
losses_test/total:	0.00016753526870161295
calibration_test/ece:	0.00016729696653783321
calibration_test/brier:	1.2176910786365625e-06
accuracy_test/task:	100.0

Epoch 6
losses_train/task:	0.00027866478194482625
losses_train/total:	0.00027866478194482625
losses_test/task:	0.0007578668300993741
losses_test/total:	0.0007578668300993741
calibration_test/ece:	0.0007325485930778086
calibration_test/brier:	8.463507401756942e-05
accuracy_test/task:	99.99666666666667

Epoch 7
losses_train/task:	0.00022396932763513178
losses_train/total:	0.00022396932763513178
losses_test/task:	0.0004653378273360431
losses_test/total:	0.0004653378273360431
calibration_test/ece:	0.00046289601596072316
calibration_test/brier:	1.137744402512908e-05
accuracy_test/task:	100.0

Epoch 8
losses_train/task:	0.00024484118330292404
losses_train/total:	0.00024484118330292404
losses_test/task:	7.951862062327564e-05
losses_test/total:	7.951862062327564e-05
calibration_test/ece:	7.957220077514648e-05
calibration_test/brier:	3.5313962598593207e-07
accuracy_test/task:	100.0

Epoch 9
losses_train/task:	0.00018334831111133099
losses_train/total:	0.00018334831111133099
losses_test/task:	0.00020264733757358044
losses_test/total:	0.00020264733757358044
calibration_test/ece:	0.00020123011199757457
calibration_test/brier:	6.1767436818627175e-06
accuracy_test/task:	100.0

Epoch 10
losses_train/task:	0.0001922337687574327
losses_train/total:	0.0001922337687574327
losses_test/task:	0.00010671508789528161
losses_test/total:	0.00010671508789528161
calibration_train/ece:	0.00010418891906738281
calibration_train/brier:	7.003552582318662e-07
accuracy_train/task:	100.0
calibration_test/ece:	0.00010657310485839844
calibration_test/brier:	7.438321745212306e-07
accuracy_test/task:	100.0
accuracy_test/nuisances_task:	54.72166799008846
accuracy_test/nuisances_nontask:	27.740001678466797
mutual_inf_test/nuisances_task:	0.5557168558539397
mutual_inf_test/nuisances_nontask:	0.360187815540155

Epoch 11
losses_train/task:	0.00017388357082381845
losses_train/total:	0.00017388357082381845
losses_test/task:	0.00017781431961338967
losses_test/total:	0.00017781431961338967
calibration_test/ece:	0.0001774201082298532
calibration_test/brier:	2.8401275358191924e-06
accuracy_test/task:	100.0

Epoch 12
losses_train/task:	0.00016866032092366368
losses_train/total:	0.00016866032092366368
losses_test/task:	8.309052645927295e-05
losses_test/total:	8.309052645927295e-05
calibration_test/ece:	8.302927017211914e-05
calibration_test/brier:	5.954782409389736e-07
accuracy_test/task:	100.0

Epoch 13
losses_train/task:	0.00014000415103510022
losses_train/total:	0.00014000415103510022
losses_test/task:	7.188598101492971e-05
losses_test/total:	7.188598101492971e-05
calibration_test/ece:	7.18235969543457e-05
calibration_test/brier:	4.0014981550484663e-07
accuracy_test/task:	100.0

Epoch 14
losses_train/task:	0.0001388112286804244
losses_train/total:	0.0001388112286804244
losses_test/task:	4.608631206792779e-05
losses_test/total:	4.608631206792779e-05
calibration_test/ece:	4.607439041137695e-05
calibration_test/brier:	9.672244516423234e-08
accuracy_test/task:	100.0

Epoch 15
losses_train/task:	0.0008051815675571561
losses_train/total:	0.0008051815675571561
losses_test/task:	7.086184632498771e-05
losses_test/total:	7.086184632498771e-05
calibration_test/ece:	7.086992263793945e-05
calibration_test/brier:	3.293077099897346e-07
accuracy_test/task:	100.0

Epoch 16
losses_train/task:	0.00011662115139188245
losses_train/total:	0.00011662115139188245
losses_test/task:	4.8904839786700904e-05
losses_test/total:	4.8904839786700904e-05
calibration_test/ece:	4.881620407104492e-05
calibration_test/brier:	1.2394984594266134e-07
accuracy_test/task:	100.0

Epoch 17
losses_train/task:	0.00013102267985232174
losses_train/total:	0.00013102267985232174
losses_test/task:	5.688581950380467e-05
losses_test/total:	5.688581950380467e-05
calibration_test/ece:	5.6862831115722656e-05
calibration_test/brier:	3.2095113056129776e-07
accuracy_test/task:	100.0

Epoch 18
losses_train/task:	0.00015528641233686358
losses_train/total:	0.00015528641233686358
losses_test/task:	0.015139918774366379
losses_test/total:	0.015139918774366379
calibration_test/ece:	0.004792000632733107
calibration_test/brier:	0.007464664056897163
accuracy_test/task:	99.52666666666667

Epoch 19
losses_train/task:	0.0002240923058707267
losses_train/total:	0.0002240923058707267
losses_test/task:	0.0002668316592462361
losses_test/total:	0.0002668316592462361
calibration_test/ece:	0.00025909102987498045
calibration_test/brier:	2.6137528038816527e-05
accuracy_test/task:	100.0

Epoch 20
losses_train/task:	9.089989907806739e-05
losses_train/total:	9.089989907806739e-05
losses_test/task:	4.9378242692910135e-05
losses_test/total:	4.9378242692910135e-05
calibration_train/ece:	4.76837158203125e-05
calibration_train/brier:	1.2627037904167082e-07
accuracy_train/task:	100.0
calibration_test/ece:	4.935264587402344e-05
calibration_test/brier:	1.9767483649957285e-07
accuracy_test/task:	100.0
accuracy_test/nuisances_task:	52.525000274181366
accuracy_test/nuisances_nontask:	24.27999898791313
mutual_inf_test/nuisances_task:	0.5307920650535431
mutual_inf_test/nuisances_nontask:	0.32577173818513416

Epoch 21
losses_train/task:	7.979427755344659e-05
losses_train/total:	7.979427755344659e-05
losses_test/task:	3.398708940949291e-05
losses_test/total:	3.398708940949291e-05
calibration_test/ece:	3.3974647521972656e-05
calibration_test/brier:	5.921920021023652e-08
accuracy_test/task:	100.0

Epoch 22
losses_train/task:	7.915290916571394e-05
losses_train/total:	7.915290916571394e-05
losses_test/task:	3.865918915835209e-05
losses_test/total:	3.865918915835209e-05
calibration_test/ece:	3.8683414459228516e-05
calibration_test/brier:	8.481939772764235e-08
accuracy_test/task:	100.0

Epoch 23
losses_train/task:	9.04823828022927e-05
losses_train/total:	9.04823828022927e-05
losses_test/task:	3.543209095369093e-05
losses_test/total:	3.543209095369093e-05
calibration_test/ece:	3.546476364135742e-05
calibration_test/brier:	7.967551596266276e-08
accuracy_test/task:	100.0

Epoch 24
losses_train/task:	8.107467147056013e-05
losses_train/total:	8.107467147056013e-05
losses_test/task:	3.462151289568283e-05
losses_test/total:	3.462151289568283e-05
calibration_test/ece:	3.463029861450195e-05
calibration_test/brier:	6.302595068063965e-08
accuracy_test/task:	100.0

Epoch 25
losses_train/task:	8.878197695594281e-05
losses_train/total:	8.878197695594281e-05
losses_test/task:	3.860242213704623e-05
losses_test/total:	3.860242213704623e-05
calibration_test/ece:	3.8623809814453125e-05
calibration_test/brier:	1.0209281953166283e-07
accuracy_test/task:	100.0

Epoch 26
losses_train/task:	8.568026532884687e-05
losses_train/total:	8.568026532884687e-05
losses_test/task:	3.6358054785523564e-05
losses_test/total:	3.6358054785523564e-05
calibration_test/ece:	3.629922866821289e-05
calibration_test/brier:	1.1425216683846884e-07
accuracy_test/task:	100.0

Epoch 27
losses_train/task:	8.656999852973968e-05
losses_train/total:	8.656999852973968e-05
losses_test/task:	3.473430115263909e-05
losses_test/total:	3.473430115263909e-05
calibration_test/ece:	3.4749507904052734e-05
calibration_test/brier:	5.7858230206875305e-08
accuracy_test/task:	100.0

Epoch 28
losses_train/task:	8.058093226281926e-05
losses_train/total:	8.058093226281926e-05
losses_test/task:	3.5600907722255215e-05
losses_test/total:	3.5600907722255215e-05
calibration_test/ece:	3.552436828613281e-05
calibration_test/brier:	6.318092005130893e-08
accuracy_test/task:	100.0

Epoch 29
losses_train/task:	8.323370275320485e-05
losses_train/total:	8.323370275320485e-05
losses_test/task:	3.502744220895693e-05
losses_test/total:	3.502744220895693e-05
calibration_test/ece:	3.504753112792969e-05
calibration_test/brier:	6.339748637174125e-08
accuracy_test/task:	100.0

Epoch 30
losses_train/task:	9.170353587251157e-05
losses_train/total:	9.170353587251157e-05
losses_test/task:	3.904999539372511e-05
losses_test/total:	3.904999539372511e-05
calibration_train/ece:	3.7670135498046875e-05
calibration_train/brier:	4.5526174830001764e-08
accuracy_train/task:	100.0
calibration_test/ece:	3.898143768310547e-05
calibration_test/brier:	8.666515327604429e-08
accuracy_test/task:	100.0
accuracy_test/nuisances_task:	53.50000075995922
accuracy_test/nuisances_nontask:	25.286667048931122
mutual_inf_test/nuisances_task:	0.542213189939918
mutual_inf_test/nuisances_nontask:	0.3321577816252418

Epoch 31
losses_train/task:	8.651769167045131e-05
losses_train/total:	8.651769167045131e-05
losses_test/task:	3.627851401688531e-05
losses_test/total:	3.627851401688531e-05
calibration_test/ece:	3.629922866821289e-05
calibration_test/brier:	5.457798479824305e-08
accuracy_test/task:	100.0

Epoch 32
losses_train/task:	8.579583663959056e-05
losses_train/total:	8.579583663959056e-05
losses_test/task:	3.914803528459743e-05
losses_test/total:	3.914803528459743e-05
calibration_test/ece:	3.921985626220703e-05
calibration_test/brier:	1.0545253559257617e-07
accuracy_test/task:	100.0

Epoch 33
losses_train/task:	9.449638309888542e-05
losses_train/total:	9.449638309888542e-05
losses_test/task:	3.87025938834995e-05
losses_test/total:	3.87025938834995e-05
calibration_test/ece:	3.8683414459228516e-05
calibration_test/brier:	7.135272284131133e-08
accuracy_test/task:	100.0

Epoch 34
losses_train/task:	8.681396866450086e-05
losses_train/total:	8.681396866450086e-05
losses_test/task:	3.7161782529437914e-05
losses_test/total:	3.7161782529437914e-05
calibration_test/ece:	3.713369369506836e-05
calibration_test/brier:	6.702343569031655e-08
accuracy_test/task:	100.0

Epoch 35
losses_train/task:	8.456596697214991e-05
losses_train/total:	8.456596697214991e-05
losses_test/task:	3.517284494591877e-05
losses_test/total:	3.517284494591877e-05
calibration_test/ece:	3.528594970703125e-05
calibration_test/brier:	6.28530969493113e-08
accuracy_test/task:	100.0

Epoch 36
losses_train/task:	9.093550033867359e-05
losses_train/total:	9.093550033867359e-05
losses_test/task:	3.717388608492911e-05
losses_test/total:	3.717388608492911e-05
calibration_test/ece:	3.713369369506836e-05
calibration_test/brier:	5.969206284817119e-08
accuracy_test/task:	100.0

Epoch 37
losses_train/task:	8.417674689553678e-05
losses_train/total:	8.417674689553678e-05
losses_test/task:	3.650281360023655e-05
losses_test/total:	3.650281360023655e-05
calibration_test/ece:	3.647804260253906e-05
calibration_test/brier:	7.039308513867581e-08
accuracy_test/task:	100.0

Epoch 38
losses_train/task:	9.550251706968993e-05
losses_train/total:	9.550251706968993e-05
losses_test/task:	3.557885065674782e-05
losses_test/total:	3.557885065674782e-05
calibration_test/ece:	3.552436828613281e-05
calibration_test/brier:	5.5305161339447295e-08
accuracy_test/task:	100.0

Epoch 39
losses_train/task:	8.681187318870798e-05
losses_train/total:	8.681187318870798e-05
losses_test/task:	3.395160092622973e-05
losses_test/total:	3.395160092622973e-05
calibration_test/ece:	3.3974647521972656e-05
calibration_test/brier:	5.1152706959101124e-08
accuracy_test/task:	100.0

Epoch 40
losses_train/task:	8.435554627794772e-05
losses_train/total:	8.435554627794772e-05
losses_test/task:	3.6017219827044755e-05
losses_test/total:	3.6017219827044755e-05
calibration_train/ece:	3.4749507904052734e-05
calibration_train/brier:	3.652029789691369e-08
accuracy_train/task:	100.0
calibration_test/ece:	3.600120544433594e-05
calibration_test/brier:	6.807049146573263e-08
accuracy_test/task:	100.0
accuracy_test/nuisances_task:	52.968334406614304
accuracy_test/nuisances_nontask:	25.510000064969063
mutual_inf_test/nuisances_task:	0.5288846709125743
mutual_inf_test/nuisances_nontask:	0.33531643127602306

Epoch 41
losses_train/task:	0.00010981239756802097
losses_train/total:	0.00010981239756802097
losses_test/task:	3.504816777422093e-05
losses_test/total:	3.504816777422093e-05
calibration_test/ece:	3.504753112792969e-05
calibration_test/brier:	7.030566706589525e-08
accuracy_test/task:	100.0

Epoch 42
losses_train/task:	7.89034238550812e-05
losses_train/total:	7.89034238550812e-05
losses_test/task:	3.5247427149442956e-05
losses_test/total:	3.5247427149442956e-05
calibration_test/ece:	3.522634506225586e-05
calibration_test/brier:	8.980234156297229e-08
accuracy_test/task:	100.0

Epoch 43
losses_train/task:	7.925862155389041e-05
losses_train/total:	7.925862155389041e-05
losses_test/task:	3.62723512807861e-05
losses_test/total:	3.62723512807861e-05
calibration_test/ece:	3.62396240234375e-05
calibration_test/brier:	5.895296695257457e-08
accuracy_test/task:	100.0

Epoch 44
losses_train/task:	9.672574378782883e-05
losses_train/total:	9.672574378782883e-05
losses_test/task:	3.786460729315877e-05
losses_test/total:	3.786460729315877e-05
calibration_test/ece:	3.790855407714844e-05
calibration_test/brier:	1.2407501515099284e-07
accuracy_test/task:	100.0

Epoch 45
losses_train/task:	8.92813695827499e-05
losses_train/total:	8.92813695827499e-05
losses_test/task:	3.6835645005339757e-05
losses_test/total:	3.6835645005339757e-05
calibration_test/ece:	3.6776065826416016e-05
calibration_test/brier:	1.3515551700038486e-07
accuracy_test/task:	100.0

Epoch 46
losses_train/task:	8.528115722583607e-05
losses_train/total:	8.528115722583607e-05
losses_test/task:	3.652884333860129e-05
losses_test/total:	3.652884333860129e-05
calibration_test/ece:	3.653764724731445e-05
calibration_test/brier:	8.372664694888954e-08
accuracy_test/task:	100.0

Epoch 47
losses_train/task:	9.423710434930399e-05
losses_train/total:	9.423710434930399e-05
losses_test/task:	3.650261714938097e-05
losses_test/total:	3.650261714938097e-05
calibration_test/ece:	3.6597251892089844e-05
calibration_test/brier:	7.586081807176015e-08
accuracy_test/task:	100.0

Epoch 48
losses_train/task:	9.135575237451121e-05
losses_train/total:	9.135575237451121e-05
losses_test/task:	3.517543518682942e-05
losses_test/total:	3.517543518682942e-05
calibration_test/ece:	3.516674041748047e-05
calibration_test/brier:	8.075237190041662e-08
accuracy_test/task:	100.0

Epoch 49
losses_train/task:	8.875079947756603e-05
losses_train/total:	8.875079947756603e-05
losses_test/task:	3.48779431078583e-05
losses_test/total:	3.48779431078583e-05
calibration_test/ece:	3.4809112548828125e-05
calibration_test/brier:	6.683865905188213e-08
accuracy_test/task:	100.0

Epoch 50
losses_train/task:	9.268703433917835e-05
losses_train/total:	9.268703433917835e-05
losses_test/task:	3.5536071663955227e-05
losses_test/total:	3.5536071663955227e-05
calibration_train/ece:	3.463029861450195e-05
calibration_train/brier:	4.314487611623008e-08
accuracy_train/task:	100.0
calibration_test/ece:	3.552436828613281e-05
calibration_test/brier:	6.580948763712513e-08
accuracy_test/task:	100.0
accuracy_test/nuisances_task:	53.316666185855865
accuracy_test/nuisances_nontask:	25.33666603267193
mutual_inf_test/nuisances_task:	0.5346405648530685
mutual_inf_test/nuisances_nontask:	0.3334077312964576

epoch_50.pt
Skipping interventions: model 'vanilla' is not intervenable
[1;34mwandb[0m:
[1;34mwandb[0m: You can sync this run to the cloud by running:
[1;34mwandb[0m: [1mwandb sync /research/hal-afsharim/minimal_cbm/results/shapes3d-vanilla/43/wandb/offline-run-20260725_165926-h7wt1x8d[0m
[1;34mwandb[0m: Find logs at: [1;35mresults/shapes3d-vanilla/43/wandb/offline-run-20260725_165926-h7wt1x8d/logs[0m
